[RUN_META] map=map1 experiment=E2 objective=OBJ-N method=EUC internal_mode=euclid scale=M10R K=1 seed=10 iters=8000
[RUN_META] case=./cases/charge_scheduler_M10R_K1_positions_from_M30_seed2026.yaml
[INFO] [launch]: All log files can be found below /root/.ros/log/2026-08-08-12-34-36-963285-YYYY-3773
[INFO] [launch]: Default logging verbosity is set to INFO
[INFO] [charge_scheduler-1]: process started with pid [3776]
[charge_scheduler-1] [INFO] [1786192477.097319015] [charge_scheduler]: [目标顺序] objective_order=Nlate,Tover,Ctotal
[charge_scheduler-1] [INFO] [1786192477.097790790] [charge_scheduler]: [Scheduler] 10辆车 | 电池800.0kWh(20%=160.0 80%=640.0) | 充电360kW效率97% | 行驶0.6kWh/km | 桩350kW
[charge_scheduler-1] [INFO] [1786192477.097820925] [charge_scheduler]: [Scheduler] 站端周转: 换电 10 min(换后满电) | 单趟可用 640 kWh
[charge_scheduler-1] [INFO] [1786192477.097829264] [charge_scheduler]:   车#0 [电动装载机282|light] 位置(-71.0,-19.0) 容量282kWh 剩余35% | α=6→6min/% τ=168min → 需130.8kWh(充21.2min)
[charge_scheduler-1] [INFO] [1786192477.097842532] [charge_scheduler]:   车#1 [重型叉车|light] 位置(-88.8,-37.1) 容量200kWh 剩余20% | α=6→6min/% τ=96min → 需123.7kWh(充20.0min)
[charge_scheduler-1] [INFO] [1786192477.097853242] [charge_scheduler]:   车#2 [电动装载机350|light] 位置(-100.0,-1.0) 容量350kWh 剩余50% | α=6→6min/% τ=288min → 需108.2kWh(充17.5min)
[charge_scheduler-1] [INFO] [1786192477.097864120] [charge_scheduler]:   车#3 [重型叉车|light] 位置(-43.8,-82.9) 容量200kWh 剩余10% | α=6→6min/% τ=32min → 需144.3kWh(充23.3min)
[charge_scheduler-1] [INFO] [1786192477.098767138] [charge_scheduler]:   车#4 [电动装载机282|heavy→降级] 位置(-31.1,-74.7) 容量282kWh 剩余60% | α=3→6min/% τ=212min → 需58.1kWh(充9.4min)
[charge_scheduler-1] [INFO] [1786192477.099134558] [charge_scheduler]:   车#5 [电动装载机350|light] 位置(-88.2,47.1) 容量350kWh 剩余25% | α=6→6min/% τ=128min → 需198.5kWh(充32.1min)
[charge_scheduler-1] [INFO] [1786192477.099443014] [charge_scheduler]:   车#6 [电动装载机350|heavy→降级] 位置(-71.4,16.3) 容量350kWh 剩余40% | α=4→6min/% τ=176min → 需144.3kWh(充23.3min)
[charge_scheduler-1] [INFO] [1786192477.099508641] [charge_scheduler]:   车#7 [重型叉车|light] 位置(-71.6,11.6) 容量200kWh 剩余15% | α=6→6min/% τ=64min → 需134.0kWh(充21.7min)
[charge_scheduler-1] [INFO] [1786192477.099590015] [charge_scheduler]:   车#8 [电动装载机282|heavy→降级] 位置(-90.4,60.5) 容量282kWh 剩余55% | α=3→6min/% τ=196min → 需72.7kWh(充11.8min)
[charge_scheduler-1] [INFO] [1786192477.099634028] [charge_scheduler]:   车#9 [电动装载机282|heavy→降级] 位置(-87.0,-36.6) 容量282kWh 剩余30% | α=3→6min/% τ=116min → 需145.4kWh(充23.5min)
[charge_scheduler-1] [INFO] [1786192477.109425907] [charge_scheduler]: [Scheduler] 闭环接口: threshold=2.0min | event_sim=off | policy=global | structured_feedback=optional (/task_planner/execution_event)
[charge_scheduler-1] [INFO] [1786192477.109462741] [charge_scheduler]: [Scheduler] 已启动, 等待地图...
[charge_scheduler-1] [INFO] [1786192477.109470570] [charge_scheduler]: [Scheduler] 充电车1接口: sequence/served/arrived_target/arrived_station/return_goal/task_complete 后缀=_1
[charge_scheduler-1] [INFO] [1786192477.327758740] [charge_scheduler]: [Scheduler] RoutingGraph 就绪
[charge_scheduler-1] [INFO] [1786192477.328190103] [charge_scheduler]: [Scheduler] 提取到 6 条虚线捷径
[charge_scheduler-1] [INFO] [1786192477.340957850] [charge_scheduler]: [Scheduler] 下层兼容增强图: 166 节点, 6 条虚线掉头边
[charge_scheduler-1] [INFO] [1786192478.150506054] [charge_scheduler]: [Scheduler] 距离矩阵完成 11x11, 809.5 ms | 模式=euclid | ECD不可达=0 DSP原始不可达=0 DSP虚线兜底=0 DSP最终不可达=0 抽象不可达=0 | 缺少对向投影节点=0 | 对向识别(ID/几何/法向)=0/0/0 | 单向驿站投影=0
[charge_scheduler-1] [INFO] [1786192478.150555111] [charge_scheduler]:   ✓ 比值自检：110 个 OD 满足 机动/直线≥1 | 均值=3.16 最大=23.07 (车#8→车#5)
[charge_scheduler-1] [INFO] [1786192478.150570364] [charge_scheduler]: [Scheduler] 地图就绪, 166 条 lanelet（与下层一致）
[charge_scheduler-1] [INFO] [1786192478.150616327] [charge_scheduler]: ======== 开始VRPTW调度 10 辆车 ========
[charge_scheduler-1] [INFO] [1786192478.150622244] [charge_scheduler]:   规模10>8 → 启发式(alns)
[charge_scheduler-1] [INFO] [1786192479.601768921] [charge_scheduler]: [ALNS] objective_order=Nlate,Tover,Ctotal seed=10 iters=8000 | N_late=2(成功率80.0%) T_overtime=197.9min C_total=906.0m | 趟数=3 makespan=326.4min
[charge_scheduler-1] [INFO] [1786192479.601813615] [charge_scheduler]:   求解耗时 1451.2 ms
[charge_scheduler-1] [INFO] [1786192479.601821115] [charge_scheduler]: ════════ 调度结果 ════════
[charge_scheduler-1] [INFO] [1786192479.601825236] [charge_scheduler]:   ★目标(字典序): objective_order=Nlate,Tover,Ctotal | N_late=2 辆 (按时成功率 8/10 = 80.0%)  T_overtime=197.9min  C_total=906.0m
[charge_scheduler-1] [INFO] [1786192479.601861276] [charge_scheduler]:   附: 趟数=3 | makespan=326.4min | 能量可行=是
[charge_scheduler-1] [INFO] [1786192479.601870986] [charge_scheduler]:   趟1: 站 → 车#8(到1.6/限196.0✓) → 车#4(到15.8/限212.0✓) → 车#3(到27.8/限32.0✓) → 车#9(到53.5/限116.0✓) → 车#1(到83.5/限96.0✓) → 站
[charge_scheduler-1] [INFO] [1786192479.601880421] [charge_scheduler]:   趟2: 站 → 车#5(到120.8/限128.0✓) → 车#0(到164.9/限168.0✓) → 车#7(到200.4/限64.0✗超时) → 站
[charge_scheduler-1] [INFO] [1786192479.601885060] [charge_scheduler]:   趟3: 站 → 车#6(到237.5/限176.0✗超时) → 车#2(到281.8/限288.0✓) → 站
[charge_scheduler-1] [INFO] [1786192479.601889183] [charge_scheduler]: ════════════════════════
[charge_scheduler-1] [WARN] [1786192479.601910668] [charge_scheduler]: ════ 耦合消融重放：欧氏距离定序 → 同K ECD执行口径 ════
[charge_scheduler-1] [WARN] [1786192479.601914575] [charge_scheduler]:   【欧氏距离仅生成顺序；K=1、能量、换电、分趟和并行时间线均按ECD执行一致机动距离重新解码】
[charge_scheduler-1] [WARN] [1786192479.601918283] [charge_scheduler]:   N_late=6 (按时率 4/10 = 40.0%)   T_overtime=260.2min   C_total=2010.7m   makespan=356.1min   能量违规=0   objective_order=Nlate,Tover,Ctotal
[charge_scheduler-1] [WARN] [1786192479.601924211] [charge_scheduler]:   逐辆到达时刻（ECD执行口径、同K解码）：
[charge_scheduler-1] [WARN] [1786192479.601927881] [charge_scheduler]:      车#0 到达 212.1 / 限 168.0 ✗超时
[charge_scheduler-1] [WARN] [1786192479.601932286] [charge_scheduler]:      车#1 到达 101.9 / 限 96.0 ✗超时
[charge_scheduler-1] [WARN] [1786192479.601936283] [charge_scheduler]:      车#2 到达 310.7 / 限 288.0 ✗超时
[charge_scheduler-1] [WARN] [1786192479.601940375] [charge_scheduler]:      车#3 到达 31.1 / 限 32.0 ✓
[charge_scheduler-1] [WARN] [1786192479.601944647] [charge_scheduler]:      车#4 到达 18.6 / 限 212.0 ✓
[charge_scheduler-1] [WARN] [1786192479.601948677] [charge_scheduler]:      车#5 到达 129.7 / 限 128.0 ✗超时
[charge_scheduler-1] [WARN] [1786192479.601952615] [charge_scheduler]:      车#6 到达 251.5 / 限 176.0 ✗超时
[charge_scheduler-1] [WARN] [1786192479.601956479] [charge_scheduler]:      车#7 到达 174.4 / 限 64.0 ✗超时
[charge_scheduler-1] [WARN] [1786192479.601960291] [charge_scheduler]:      车#8 到达 2.1 / 限 196.0 ✓
[charge_scheduler-1] [WARN] [1786192479.601964026] [charge_scheduler]:      车#9 到达 57.4 / 限 116.0 ✓
[charge_scheduler-1] [WARN] [1786192479.601969324] [charge_scheduler]:   欧氏距离生成的固定访问顺序 = #8 #4 #3 #9 #1 #5 #0 #7 #6 #2 
[charge_scheduler-1] [WARN] [1786192479.601972803] [charge_scheduler]: ════════════════════════════════════════
[charge_scheduler-1] [INFO] [1786192479.601978846] [charge_scheduler]:   ⏱ 任务计时开始 (t=0)
[charge_scheduler-1] [INFO] [1786192479.602156434] [charge_scheduler]:   → 趟1 第1辆: 车#8 [电动装载机282] (-90.40,60.50) 容量282.00kWh 剩余55% | 承诺完成=13.59min plan_v=0
