[INFO] [launch]: All log files can be found below /root/.ros/log/2026-08-08-11-48-43-518149-YYYY-14066
[INFO] [launch]: Default logging verbosity is set to INFO
[INFO] [charge_scheduler-1]: process started with pid [14069]
[charge_scheduler-1] [INFO] [1786189723.647228046] [charge_scheduler]: [目标顺序] objective_order=Nlate,Tover,Ctotal
[charge_scheduler-1] [INFO] [1786189723.647874491] [charge_scheduler]: [Scheduler] 20辆车 | 电池800.0kWh(20%=160.0 80%=640.0) | 充电360kW效率97% | 行驶0.6kWh/km | 桩350kW
[charge_scheduler-1] [INFO] [1786189723.647906688] [charge_scheduler]: [Scheduler] 站端周转: 换电 10 min(换后满电) | 单趟可用 640 kWh
[charge_scheduler-1] [INFO] [1786189723.647915305] [charge_scheduler]:   车#0 [电动装载机282|light] 位置(-47.3,-2.6) 容量282kWh 剩余35% | α=6→6min/% τ=168min → 需130.8kWh(充21.2min)
[charge_scheduler-1] [INFO] [1786189723.647929013] [charge_scheduler]:   车#1 [重型叉车|light] 位置(-44.0,-64.1) 容量200kWh 剩余20% | α=6→6min/% τ=96min → 需123.7kWh(充20.0min)
[charge_scheduler-1] [INFO] [1786189723.647940910] [charge_scheduler]:   车#2 [电动装载机350|light] 位置(-51.1,-38.8) 容量350kWh 剩余50% | α=6→6min/% τ=288min → 需108.2kWh(充17.5min)
[charge_scheduler-1] [INFO] [1786189723.647952026] [charge_scheduler]:   车#3 [重型叉车|light] 位置(-71.0,-19.0) 容量200kWh 剩余10% | α=6→6min/% τ=32min → 需144.3kWh(充23.3min)
[charge_scheduler-1] [INFO] [1786189723.647962137] [charge_scheduler]:   车#4 [电动装载机282|heavy→降级] 位置(-93.3,6.6) 容量282kWh 剩余60% | α=3→6min/% τ=212min → 需58.1kWh(充9.4min)
[charge_scheduler-1] [INFO] [1786189723.647972729] [charge_scheduler]:   车#5 [电动装载机350|light] 位置(-104.4,47.7) 容量350kWh 剩余25% | α=6→6min/% τ=128min → 需198.5kWh(充32.1min)
[charge_scheduler-1] [INFO] [1786189723.647983849] [charge_scheduler]:   车#6 [电动装载机350|heavy→降级] 位置(-37.0,-75.1) 容量350kWh 剩余40% | α=4→6min/% τ=176min → 需144.3kWh(充23.3min)
[charge_scheduler-1] [INFO] [1786189723.647997048] [charge_scheduler]:   车#7 [重型叉车|light] 位置(-88.8,-37.1) 容量200kWh 剩余15% | α=6→6min/% τ=64min → 需134.0kWh(充21.7min)
[charge_scheduler-1] [INFO] [1786189723.648007814] [charge_scheduler]:   车#8 [电动装载机282|heavy→降级] 位置(-70.9,27.7) 容量282kWh 剩余55% | α=3→6min/% τ=196min → 需72.7kWh(充11.8min)
[charge_scheduler-1] [INFO] [1786189723.648019510] [charge_scheduler]:   车#9 [电动装载机282|heavy→降级] 位置(-35.4,-47.4) 容量282kWh 剩余30% | α=3→6min/% τ=116min → 需145.4kWh(充23.5min)
[charge_scheduler-1] [INFO] [1786189723.648030584] [charge_scheduler]:   车#10 [电动装载机282|light] 位置(-100.0,-1.0) 容量282kWh 剩余45% | α=6→6min/% τ=224min → 需101.8kWh(充16.4min)
[charge_scheduler-1] [INFO] [1786189723.648041635] [charge_scheduler]:   车#11 [电动装载机350|light] 位置(-72.8,-15.6) 容量350kWh 剩余18% | α=6→6min/% τ=83min → 需223.7kWh(充36.2min)
[charge_scheduler-1] [INFO] [1786189723.648052786] [charge_scheduler]:   车#12 [重型叉车|heavy→降级] 位置(-61.7,-20.7) 容量200kWh 剩余62% | α=3→6min/% τ=230min → 需37.1kWh(充6.0min)
[charge_scheduler-1] [INFO] [1786189723.648066655] [charge_scheduler]:   车#13 [电动装载机282|light] 位置(-133.0,-25.3) 容量282kWh 剩余28% | α=6→6min/% τ=129min → 需151.2kWh(充24.4min)
[charge_scheduler-1] [INFO] [1786189723.648077935] [charge_scheduler]:   车#14 [电动装载机350|light] 位置(-132.0,-8.9) 容量350kWh 剩余52% | α=6→6min/% τ=301min → 需101.0kWh(充16.3min)
[charge_scheduler-1] [INFO] [1786189723.648088545] [charge_scheduler]:   车#15 [重型叉车|light] 位置(-120.0,7.9) 容量200kWh 剩余12% | α=6→6min/% τ=45min → 需140.2kWh(充22.7min)
[charge_scheduler-1] [INFO] [1786189723.648100286] [charge_scheduler]:   车#16 [电动装载机282|light] 位置(-43.8,-82.9) 容量282kWh 剩余38% | α=6→6min/% τ=185min → 需122.1kWh(充19.7min)
[charge_scheduler-1] [INFO] [1786189723.648110872] [charge_scheduler]:   车#17 [电动装载机350|light] 位置(-31.1,-74.7) 容量350kWh 剩余58% | α=6→6min/% τ=339min → 需79.4kWh(充12.8min)
[charge_scheduler-1] [INFO] [1786189723.648122353] [charge_scheduler]:   车#18 [重型叉车|heavy→降级] 位置(-75.4,-68.2) 容量200kWh 剩余22% | α=3→6min/% τ=102min → 需119.6kWh(充19.3min)
[charge_scheduler-1] [INFO] [1786189723.648133822] [charge_scheduler]:   车#19 [电动装载机282|light] 位置(-88.2,47.1) 容量282kWh 剩余48% | α=6→6min/% τ=241min → 需93.0kWh(充15.0min)
[charge_scheduler-1] [INFO] [1786189723.659432241] [charge_scheduler]: [Scheduler] 闭环接口: threshold=10.0min | event_sim=off | policy=global | structured_feedback=optional (/task_planner/execution_event)
[charge_scheduler-1] [INFO] [1786189723.659527844] [charge_scheduler]: [Scheduler] 已启动, 等待地图...
[charge_scheduler-1] [INFO] [1786189723.659543917] [charge_scheduler]: [Scheduler] 充电车1接口: sequence/served/arrived_target/arrived_station/return_goal/task_complete 后缀=_1
[charge_scheduler-1] [INFO] [1786189723.659560867] [charge_scheduler]: [Scheduler] 充电车2接口: sequence/served/arrived_target/arrived_station/return_goal/task_complete 后缀=_2
[charge_scheduler-1] [INFO] [1786189723.690989974] [charge_scheduler]: [Scheduler] RoutingGraph 就绪
[charge_scheduler-1] [INFO] [1786189723.691372784] [charge_scheduler]: [Scheduler] 提取到 6 条虚线捷径
[charge_scheduler-1] [INFO] [1786189723.704947325] [charge_scheduler]: [Scheduler] 下层兼容增强图: 166 节点, 6 条虚线掉头边
[charge_scheduler-1] [INFO] [1786189729.652664877] [charge_scheduler]: [Scheduler] 距离矩阵完成 21x21, 5947.6 ms | 模式=dsp | ECD不可达=0 DSP原始不可达=39 DSP虚线兜底=39 DSP最终不可达=0 抽象不可达=0 | 缺少对向投影节点=0 | 对向识别(ID/几何/法向)=0/0/0 | 单向驿站投影=0
[charge_scheduler-1] [INFO] [1786189729.652744668] [charge_scheduler]:   ✓ 比值自检：420 个 OD 满足 机动/直线≥1 | 均值=2.70 最大=41.42 (车#4→车#10)
[charge_scheduler-1] [INFO] [1786189729.652763573] [charge_scheduler]:   [DSP诊断] 有限OD=420 | following-only不可达=39 | 虚线兜底=39 | 最终不可达=0 | DSP<ECD=0 | DSP/ECD均值=1.675 最大=38.068 | 最大非对称差=579.766m
[charge_scheduler-1] [INFO] [1786189729.652776212] [charge_scheduler]: [Scheduler] 地图就绪, 166 条 lanelet（与下层一致）
[charge_scheduler-1] [INFO] [1786189729.652861889] [charge_scheduler]: ======== 开始VRPTW调度 20 辆车 ========
[charge_scheduler-1] [INFO] [1786189729.652867864] [charge_scheduler]:   规模20>8 → 启发式(alns)
[charge_scheduler-1] [INFO] [1786189740.774691282] [charge_scheduler]: [ALNS] objective_order=Nlate,Tover,Ctotal seed=1 iters=15000 | N_late=1(成功率95.0%) T_overtime=232.4min C_total=4492.1m | 趟数=8 makespan=382.8min
[charge_scheduler-1] [INFO] [1786189740.774739913] [charge_scheduler]:   求解耗时 11121.9 ms
[charge_scheduler-1] [INFO] [1786189740.774747923] [charge_scheduler]: ════════ 调度结果 ════════
[charge_scheduler-1] [INFO] [1786189740.774752789] [charge_scheduler]:   ★目标(字典序): objective_order=Nlate,Tover,Ctotal | N_late=1 辆 (按时成功率 19/20 = 95.0%)  T_overtime=232.4min  C_total=4492.1m
[charge_scheduler-1] [INFO] [1786189740.774758925] [charge_scheduler]:   附: 趟数=8 | makespan=382.8min | 能量可行=是
[charge_scheduler-1] [INFO] [1786189740.774768596] [charge_scheduler]:   [充电车2] 趟1: 站 → 车#15(到1.9/限44.8✓) → 车#1(到27.3/限96.0✓) → 车#7(到50.5/限64.0✓) → 车#13(到75.8/限128.8✓) → 站
[charge_scheduler-1] [INFO] [1786189740.774775576] [charge_scheduler]:   [充电车1] 趟2: 站 → 车#4(到1.4/限212.0✓) → 车#8(到13.7/限196.0✓) → 车#3(到28.2/限32.0✓) → 车#9(到54.0/限116.0✓) → 车#18(到85.4/限102.4✓) → 站
[charge_scheduler-1] [INFO] [1786189740.774780667] [charge_scheduler]:   [充电车1] 趟3: 站 → 车#5(到125.5/限128.0✓) → 车#16(到171.9/限184.8✓) → 站
[charge_scheduler-1] [INFO] [1786189740.774786485] [charge_scheduler]:   [充电车2] 趟4: 站 → 车#6(到123.7/限176.0✓) → 车#0(到164.6/限168.0✓) → 车#12(到201.3/限230.4✓) → 站
[charge_scheduler-1] [INFO] [1786189740.774791946] [charge_scheduler]:   [充电车1] 趟5: 站 → 车#10(到223.0/限224.0✓) → 车#2(到261.1/限288.0✓) → 站
[charge_scheduler-1] [INFO] [1786189740.774796729] [charge_scheduler]:   [充电车2] 趟6: 站 → 车#19(到239.7/限240.8✓) → 车#14(到278.0/限300.8✓) → 站
[charge_scheduler-1] [INFO] [1786189740.774800829] [charge_scheduler]:   [充电车1] 趟7: 站 → 车#11(到315.6/限83.2✗超时) → 站
[charge_scheduler-1] [INFO] [1786189740.774804928] [charge_scheduler]:   [充电车2] 趟8: 站 → 车#17(到336.5/限339.2✓) → 站
[charge_scheduler-1] [INFO] [1786189740.774808260] [charge_scheduler]: ════════════════════════
[charge_scheduler-1] [WARN] [1786189740.774828625] [charge_scheduler]: ════ 耦合消融重放：DSP有向路网定序 → 同K ECD执行口径 ════
[charge_scheduler-1] [WARN] [1786189740.774832793] [charge_scheduler]:   【DSP有向路网仅生成顺序；K=2、能量、换电、分趟和并行时间线均按ECD执行一致机动距离重新解码】
[charge_scheduler-1] [WARN] [1786189740.774860988] [charge_scheduler]:   N_late=1 (按时率 19/20 = 95.0%)   T_overtime=230.5min   C_total=4298.2m   makespan=380.8min   能量违规=0   objective_order=Nlate,Tover,Ctotal
[charge_scheduler-1] [WARN] [1786189740.774867911] [charge_scheduler]:   逐辆到达时刻（ECD执行口径、同K解码）：
[charge_scheduler-1] [WARN] [1786189740.774871607] [charge_scheduler]:      车#0 到达 163.3 / 限 168.0 ✓
[charge_scheduler-1] [WARN] [1786189740.774876482] [charge_scheduler]:      车#1 到达 27.3 / 限 96.0 ✓
[charge_scheduler-1] [WARN] [1786189740.774880704] [charge_scheduler]:      车#2 到达 259.3 / 限 288.0 ✓
[charge_scheduler-1] [WARN] [1786189740.774885777] [charge_scheduler]:      车#3 到达 28.2 / 限 32.0 ✓
[charge_scheduler-1] [WARN] [1786189740.774889984] [charge_scheduler]:      车#4 到达 1.4 / 限 212.0 ✓
[charge_scheduler-1] [WARN] [1786189740.774894000] [charge_scheduler]:      车#5 到达 125.2 / 限 128.0 ✓
[charge_scheduler-1] [WARN] [1786189740.774898301] [charge_scheduler]:      车#6 到达 122.5 / 限 176.0 ✓
[charge_scheduler-1] [WARN] [1786189740.774902332] [charge_scheduler]:      车#7 到达 49.8 / 限 64.0 ✓
[charge_scheduler-1] [WARN] [1786189740.774906476] [charge_scheduler]:      车#8 到达 13.7 / 限 196.0 ✓
[charge_scheduler-1] [WARN] [1786189740.774910618] [charge_scheduler]:      车#9 到达 54.0 / 限 116.0 ✓
[charge_scheduler-1] [WARN] [1786189740.774914801] [charge_scheduler]:      车#10 到达 222.6 / 限 224.0 ✓
[charge_scheduler-1] [WARN] [1786189740.774919796] [charge_scheduler]:      车#11 到达 313.7 / 限 83.2 ✗超时
[charge_scheduler-1] [WARN] [1786189740.774924113] [charge_scheduler]:      车#12 到达 200.0 / 限 230.4 ✓
[charge_scheduler-1] [WARN] [1786189740.774928370] [charge_scheduler]:      车#13 到达 75.0 / 限 128.8 ✓
[charge_scheduler-1] [WARN] [1786189740.774932515] [charge_scheduler]:      车#14 到达 276.4 / 限 300.8 ✓
[charge_scheduler-1] [WARN] [1786189740.774936760] [charge_scheduler]:      车#15 到达 1.9 / 限 44.8 ✓
[charge_scheduler-1] [WARN] [1786189740.774940715] [charge_scheduler]:      车#16 到达 171.6 / 限 184.8 ✓
[charge_scheduler-1] [WARN] [1786189740.774944983] [charge_scheduler]:      车#17 到达 334.6 / 限 339.2 ✓
[charge_scheduler-1] [WARN] [1786189740.774949113] [charge_scheduler]:      车#18 到达 85.1 / 限 102.4 ✓
[charge_scheduler-1] [WARN] [1786189740.774953332] [charge_scheduler]:      车#19 到达 238.3 / 限 240.8 ✓
[charge_scheduler-1] [WARN] [1786189740.774959854] [charge_scheduler]:   DSP有向路网生成的固定访问顺序 = #4 #15 #8 #1 #3 #7 #9 #13 #18 #6 #5 #0 #16 #12 #10 #19 #2 #14 #11 #17 
[charge_scheduler-1] [WARN] [1786189740.774963886] [charge_scheduler]: ════════════════════════════════════════
[charge_scheduler-1] [INFO] [1786189740.774971380] [charge_scheduler]:   ⏱ 任务计时开始 (t=0)
[charge_scheduler-1] [INFO] [1786189740.775208261] [charge_scheduler]: [多车派发] 充电车1分配4趟、10辆目标车，开始独立逐任务派发
[charge_scheduler-1] [INFO] [1786189740.775261636] [charge_scheduler]:   → [充电车1] 第1/4趟 第1/5辆: 车#4 (-93.30,6.61) | topic后缀=_1 | 承诺完成=11.04min
[charge_scheduler-1] [INFO] [1786189740.775475156] [charge_scheduler]: [多车派发] 充电车2分配4趟、10辆目标车，开始独立逐任务派发
[charge_scheduler-1] [INFO] [1786189740.775490573] [charge_scheduler]:   → [充电车2] 第1/4趟 第1/4辆: 车#15 (-120.00,7.86) | topic后缀=_2 | 承诺完成=24.62min
