[INFO] [launch]: All log files can be found below /root/.ros/log/2026-08-08-11-48-33-212018-YYYY-14008
[INFO] [launch]: Default logging verbosity is set to INFO
[INFO] [charge_scheduler-1]: process started with pid [14011]
[charge_scheduler-1] [INFO] [1786189713.338790367] [charge_scheduler]: [目标顺序] objective_order=Nlate,Tover,Ctotal
[charge_scheduler-1] [INFO] [1786189713.339378272] [charge_scheduler]: [Scheduler] 10辆车 | 电池800.0kWh(20%=160.0 80%=640.0) | 充电360kW效率97% | 行驶0.6kWh/km | 桩350kW
[charge_scheduler-1] [INFO] [1786189713.339411898] [charge_scheduler]: [Scheduler] 站端周转: 换电 10 min(换后满电) | 单趟可用 640 kWh
[charge_scheduler-1] [INFO] [1786189713.339425733] [charge_scheduler]:   车#0 [电动装载机282|light] 位置(-71.0,-19.0) 容量282kWh 剩余35% | α=6→6min/% τ=168min → 需130.8kWh(充21.2min)
[charge_scheduler-1] [INFO] [1786189713.339443789] [charge_scheduler]:   车#1 [重型叉车|light] 位置(-88.8,-37.1) 容量200kWh 剩余20% | α=6→6min/% τ=96min → 需123.7kWh(充20.0min)
[charge_scheduler-1] [INFO] [1786189713.339459143] [charge_scheduler]:   车#2 [电动装载机350|light] 位置(-100.0,-1.0) 容量350kWh 剩余50% | α=6→6min/% τ=288min → 需108.2kWh(充17.5min)
[charge_scheduler-1] [INFO] [1786189713.339473874] [charge_scheduler]:   车#3 [重型叉车|light] 位置(-43.8,-82.9) 容量200kWh 剩余10% | α=6→6min/% τ=32min → 需144.3kWh(充23.3min)
[charge_scheduler-1] [INFO] [1786189713.339488292] [charge_scheduler]:   车#4 [电动装载机282|heavy→降级] 位置(-31.1,-74.7) 容量282kWh 剩余60% | α=3→6min/% τ=212min → 需58.1kWh(充9.4min)
[charge_scheduler-1] [INFO] [1786189713.339504310] [charge_scheduler]:   车#5 [电动装载机350|light] 位置(-88.2,47.1) 容量350kWh 剩余25% | α=6→6min/% τ=128min → 需198.5kWh(充32.1min)
[charge_scheduler-1] [INFO] [1786189713.339523591] [charge_scheduler]:   车#6 [电动装载机350|heavy→降级] 位置(-71.4,16.3) 容量350kWh 剩余40% | α=4→6min/% τ=176min → 需144.3kWh(充23.3min)
[charge_scheduler-1] [INFO] [1786189713.339537813] [charge_scheduler]:   车#7 [重型叉车|light] 位置(-71.6,11.6) 容量200kWh 剩余15% | α=6→6min/% τ=64min → 需134.0kWh(充21.7min)
[charge_scheduler-1] [INFO] [1786189713.339551900] [charge_scheduler]:   车#8 [电动装载机282|heavy→降级] 位置(-90.4,60.5) 容量282kWh 剩余55% | α=3→6min/% τ=196min → 需72.7kWh(充11.8min)
[charge_scheduler-1] [INFO] [1786189713.339565606] [charge_scheduler]:   车#9 [电动装载机282|heavy→降级] 位置(-87.0,-36.6) 容量282kWh 剩余30% | α=3→6min/% τ=116min → 需145.4kWh(充23.5min)
[charge_scheduler-1] [INFO] [1786189713.347779521] [charge_scheduler]: [Scheduler] 闭环接口: threshold=10.0min | event_sim=off | policy=global | structured_feedback=optional (/task_planner/execution_event)
[charge_scheduler-1] [INFO] [1786189713.347822429] [charge_scheduler]: [Scheduler] 已启动, 等待地图...
[charge_scheduler-1] [INFO] [1786189713.347835140] [charge_scheduler]: [Scheduler] 充电车1接口: sequence/served/arrived_target/arrived_station/return_goal/task_complete 后缀=_1
[charge_scheduler-1] [INFO] [1786189713.391295600] [charge_scheduler]: [Scheduler] RoutingGraph 就绪
[charge_scheduler-1] [INFO] [1786189713.391575427] [charge_scheduler]: [Scheduler] 提取到 6 条虚线捷径
[charge_scheduler-1] [INFO] [1786189713.406504394] [charge_scheduler]: [Scheduler] 下层兼容增强图: 166 节点, 6 条虚线掉头边
[charge_scheduler-1] [INFO] [1786189714.984823509] [charge_scheduler]: [Scheduler] 距离矩阵完成 11x11, 1578.3 ms | 模式=dsp | ECD不可达=0 DSP原始不可达=10 DSP虚线兜底=10 DSP最终不可达=0 抽象不可达=0 | 缺少对向投影节点=0 | 对向识别(ID/几何/法向)=0/0/0 | 单向驿站投影=0
[charge_scheduler-1] [INFO] [1786189714.984890831] [charge_scheduler]:   ✓ 比值自检：110 个 OD 满足 机动/直线≥1 | 均值=3.16 最大=23.07 (车#8→车#5)
[charge_scheduler-1] [INFO] [1786189714.984902798] [charge_scheduler]:   [DSP诊断] 有限OD=110 | following-only不可达=10 | 虚线兜底=10 | 最终不可达=0 | DSP<ECD=0 | DSP/ECD均值=2.060 最大=44.401 | 最大非对称差=583.720m
[charge_scheduler-1] [INFO] [1786189714.984916274] [charge_scheduler]: [Scheduler] 地图就绪, 166 条 lanelet（与下层一致）
[charge_scheduler-1] [INFO] [1786189714.984981387] [charge_scheduler]: ======== 开始VRPTW调度 10 辆车 ========
[charge_scheduler-1] [INFO] [1786189714.984987137] [charge_scheduler]:   规模10>8 → 启发式(alns)
[charge_scheduler-1] [INFO] [1786189716.334405112] [charge_scheduler]: [ALNS] objective_order=Nlate,Tover,Ctotal seed=9 iters=8000 | N_late=2(成功率80.0%) T_overtime=277.1min C_total=2923.9m | 趟数=4 makespan=391.0min
[charge_scheduler-1] [INFO] [1786189716.334510153] [charge_scheduler]:   求解耗时 1349.5 ms
[charge_scheduler-1] [INFO] [1786189716.334518172] [charge_scheduler]: ════════ 调度结果 ════════
[charge_scheduler-1] [INFO] [1786189716.334522733] [charge_scheduler]:   ★目标(字典序): objective_order=Nlate,Tover,Ctotal | N_late=2 辆 (按时成功率 8/10 = 80.0%)  T_overtime=277.1min  C_total=2923.9m
[charge_scheduler-1] [INFO] [1786189716.334528354] [charge_scheduler]:   附: 趟数=4 | makespan=391.0min | 能量可行=是
[charge_scheduler-1] [INFO] [1786189716.334538675] [charge_scheduler]:   趟1: 站 → 车#8(到2.1/限196.0✓) → 车#3(到18.3/限32.0✓) → 车#7(到48.2/限64.0✓) → 车#1(到73.5/限96.0✓) → 站
[charge_scheduler-1] [INFO] [1786189716.334544892] [charge_scheduler]:   趟2: 站 → 车#9(到111.4/限116.0✓) → 车#0(到150.4/限168.0✓) → 车#4(到186.0/限212.0✓) → 站
[charge_scheduler-1] [INFO] [1786189716.334549546] [charge_scheduler]:   趟3: 站 → 车#6(到236.0/限176.0✗超时) → 车#2(到286.4/限288.0✓) → 站
[charge_scheduler-1] [INFO] [1786189716.334556337] [charge_scheduler]:   趟4: 站 → 车#5(到345.0/限128.0✗超时) → 站
[charge_scheduler-1] [INFO] [1786189716.334559656] [charge_scheduler]: ════════════════════════
[charge_scheduler-1] [WARN] [1786189716.334578788] [charge_scheduler]: ════ 耦合消融重放：DSP有向路网定序 → 同K ECD执行口径 ════
[charge_scheduler-1] [WARN] [1786189716.334582894] [charge_scheduler]:   【DSP有向路网仅生成顺序；K=1、能量、换电、分趟和并行时间线均按ECD执行一致机动距离重新解码】
[charge_scheduler-1] [WARN] [1786189716.334586686] [charge_scheduler]:   N_late=2 (按时率 8/10 = 80.0%)   T_overtime=266.1min   C_total=2530.6m   makespan=383.8min   能量违规=0   objective_order=Nlate,Tover,Ctotal
[charge_scheduler-1] [WARN] [1786189716.334592592] [charge_scheduler]:   逐辆到达时刻（ECD执行口径、同K解码）：
[charge_scheduler-1] [WARN] [1786189716.334596124] [charge_scheduler]:      车#0 到达 147.3 / 限 168.0 ✓
[charge_scheduler-1] [WARN] [1786189716.334600497] [charge_scheduler]:      车#1 到达 72.8 / 限 96.0 ✓
[charge_scheduler-1] [WARN] [1786189716.334604671] [charge_scheduler]:      车#2 到达 279.8 / 限 288.0 ✓
[charge_scheduler-1] [WARN] [1786189716.334608760] [charge_scheduler]:      车#3 到达 18.3 / 限 32.0 ✓
[charge_scheduler-1] [WARN] [1786189716.334612674] [charge_scheduler]:      车#4 到达 182.5 / 限 212.0 ✓
[charge_scheduler-1] [WARN] [1786189716.334616849] [charge_scheduler]:      车#5 到达 337.9 / 限 128.0 ✗超时
[charge_scheduler-1] [WARN] [1786189716.334620955] [charge_scheduler]:      车#6 到达 232.2 / 限 176.0 ✗超时
[charge_scheduler-1] [WARN] [1786189716.334624929] [charge_scheduler]:      车#7 到达 47.5 / 限 64.0 ✓
[charge_scheduler-1] [WARN] [1786189716.334628815] [charge_scheduler]:      车#8 到达 2.1 / 限 196.0 ✓
[charge_scheduler-1] [WARN] [1786189716.334632556] [charge_scheduler]:      车#9 到达 110.7 / 限 116.0 ✓
[charge_scheduler-1] [WARN] [1786189716.334637964] [charge_scheduler]:   DSP有向路网生成的固定访问顺序 = #8 #3 #7 #1 #9 #0 #4 #6 #2 #5 
[charge_scheduler-1] [WARN] [1786189716.334641775] [charge_scheduler]: ════════════════════════════════════════
[charge_scheduler-1] [INFO] [1786189716.334648512] [charge_scheduler]:   ⏱ 任务计时开始 (t=0)
[charge_scheduler-1] [INFO] [1786189716.334858348] [charge_scheduler]:   → 趟1 第1辆: 车#8 [电动装载机282] (-90.40,60.50) 容量282.00kWh 剩余55% | 承诺完成=14.20min plan_v=0
