[RUN_META] map=map1 experiment=E2 objective=OBJ-N method=ECD internal_mode=maneuver scale=M10 K=1 seed=6 iters=8000
[RUN_META] case=./cases/charge_scheduler_M10_K1.param.yaml
[INFO] [launch]: All log files can be found below /root/.ros/log/2026-08-08-12-29-09-854785-YYYY-1301
[INFO] [launch]: Default logging verbosity is set to INFO
[INFO] [charge_scheduler-1]: process started with pid [1304]
[charge_scheduler-1] [INFO] [1786192149.999915299] [charge_scheduler]: [目标顺序] objective_order=Nlate,Tover,Ctotal
[charge_scheduler-1] [INFO] [1786192150.000512323] [charge_scheduler]: [Scheduler] 10辆车 | 电池800.0kWh(20%=160.0 80%=640.0) | 充电360kW效率97% | 行驶0.6kWh/km | 桩350kW
[charge_scheduler-1] [INFO] [1786192150.000556015] [charge_scheduler]: [Scheduler] 站端周转: 换电 10 min(换后满电) | 单趟可用 640 kWh
[charge_scheduler-1] [INFO] [1786192150.000567153] [charge_scheduler]:   车#0 [电动装载机282|light] 位置(-47.3,-2.6) 容量282kWh 剩余35% | α=6→6min/% τ=168min → 需130.8kWh(充21.2min)
[charge_scheduler-1] [INFO] [1786192150.000585947] [charge_scheduler]:   车#1 [重型叉车|light] 位置(-44.0,-64.1) 容量200kWh 剩余20% | α=6→6min/% τ=96min → 需123.7kWh(充20.0min)
[charge_scheduler-1] [INFO] [1786192150.000602968] [charge_scheduler]:   车#2 [电动装载机350|light] 位置(-51.1,-38.8) 容量350kWh 剩余50% | α=6→6min/% τ=288min → 需108.2kWh(充17.5min)
[charge_scheduler-1] [INFO] [1786192150.000619399] [charge_scheduler]:   车#3 [重型叉车|light] 位置(-71.0,-19.0) 容量200kWh 剩余10% | α=6→6min/% τ=32min → 需144.3kWh(充23.3min)
[charge_scheduler-1] [INFO] [1786192150.000634207] [charge_scheduler]:   车#4 [电动装载机282|heavy→降级] 位置(-93.3,6.6) 容量282kWh 剩余60% | α=3→6min/% τ=212min → 需58.1kWh(充9.4min)
[charge_scheduler-1] [INFO] [1786192150.000652344] [charge_scheduler]:   车#5 [电动装载机350|light] 位置(-104.4,47.7) 容量350kWh 剩余25% | α=6→6min/% τ=128min → 需198.5kWh(充32.1min)
[charge_scheduler-1] [INFO] [1786192150.000668674] [charge_scheduler]:   车#6 [电动装载机350|heavy→降级] 位置(-37.0,-75.1) 容量350kWh 剩余40% | α=4→6min/% τ=176min → 需144.3kWh(充23.3min)
[charge_scheduler-1] [INFO] [1786192150.000683520] [charge_scheduler]:   车#7 [重型叉车|light] 位置(-88.8,-37.1) 容量200kWh 剩余15% | α=6→6min/% τ=64min → 需134.0kWh(充21.7min)
[charge_scheduler-1] [INFO] [1786192150.000700104] [charge_scheduler]:   车#8 [电动装载机282|heavy→降级] 位置(-70.9,27.7) 容量282kWh 剩余55% | α=3→6min/% τ=196min → 需72.7kWh(充11.8min)
[charge_scheduler-1] [INFO] [1786192150.000715457] [charge_scheduler]:   车#9 [电动装载机282|heavy→降级] 位置(-35.4,-47.4) 容量282kWh 剩余30% | α=3→6min/% τ=116min → 需145.4kWh(充23.5min)
[charge_scheduler-1] [INFO] [1786192150.009908710] [charge_scheduler]: [Scheduler] 闭环接口: threshold=2.0min | event_sim=off | policy=global | structured_feedback=optional (/task_planner/execution_event)
[charge_scheduler-1] [INFO] [1786192150.009954691] [charge_scheduler]: [Scheduler] 已启动, 等待地图...
[charge_scheduler-1] [INFO] [1786192150.009963462] [charge_scheduler]: [Scheduler] 充电车1接口: sequence/served/arrived_target/arrived_station/return_goal/task_complete 后缀=_1
[charge_scheduler-1] [INFO] [1786192150.071349762] [charge_scheduler]: [Scheduler] RoutingGraph 就绪
[charge_scheduler-1] [INFO] [1786192150.071625149] [charge_scheduler]: [Scheduler] 提取到 6 条虚线捷径
[charge_scheduler-1] [INFO] [1786192150.083558040] [charge_scheduler]: [Scheduler] 下层兼容增强图: 166 节点, 6 条虚线掉头边
[charge_scheduler-1] [INFO] [1786192150.877159630] [charge_scheduler]: [Scheduler] 距离矩阵完成 11x11, 793.5 ms | 模式=maneuver | ECD不可达=0 DSP原始不可达=0 DSP虚线兜底=0 DSP最终不可达=0 抽象不可达=0 | 缺少对向投影节点=0 | 对向识别(ID/几何/法向)=0/0/0 | 单向驿站投影=0
[charge_scheduler-1] [INFO] [1786192150.877202074] [charge_scheduler]:   ✓ 比值自检：110 个 OD 满足 机动/直线≥1 | 均值=2.33 最大=6.58 (车#4→车#3)
[charge_scheduler-1] [INFO] [1786192150.877219297] [charge_scheduler]: [Scheduler] 地图就绪, 166 条 lanelet（与下层一致）
[charge_scheduler-1] [INFO] [1786192150.877259233] [charge_scheduler]: ======== 开始VRPTW调度 10 辆车 ========
[charge_scheduler-1] [INFO] [1786192150.877264330] [charge_scheduler]:   规模10>8 → 启发式(alns)
[charge_scheduler-1] [INFO] [1786192152.235872032] [charge_scheduler]: [ALNS] objective_order=Nlate,Tover,Ctotal seed=6 iters=8000 | N_late=2(成功率80.0%) T_overtime=221.4min C_total=1652.8m | 趟数=4 makespan=348.4min
[charge_scheduler-1] [INFO] [1786192152.235966481] [charge_scheduler]:   求解耗时 1358.7 ms
[charge_scheduler-1] [INFO] [1786192152.235975403] [charge_scheduler]: ════════ 调度结果 ════════
[charge_scheduler-1] [INFO] [1786192152.235980977] [charge_scheduler]:   ★目标(字典序): objective_order=Nlate,Tover,Ctotal | N_late=2 辆 (按时成功率 8/10 = 80.0%)  T_overtime=221.4min  C_total=1652.8m
[charge_scheduler-1] [INFO] [1786192152.236029434] [charge_scheduler]:   附: 趟数=4 | makespan=348.4min | 能量可行=是
[charge_scheduler-1] [INFO] [1786192152.236043149] [charge_scheduler]:   趟1: 站 → 车#4(到1.4/限212.0✓) → 车#8(到13.7/限196.0✓) → 车#3(到28.2/限32.0✓) → 车#7(到53.7/限64.0✓) → 车#1(到79.3/限96.0✓) → 站
[charge_scheduler-1] [INFO] [1786192152.236052397] [charge_scheduler]:   趟2: 站 → 车#5(到119.0/限128.0✓) → 车#0(到163.6/限168.0✓) → 站
[charge_scheduler-1] [INFO] [1786192152.236060209] [charge_scheduler]:   趟3: 站 → 车#9(到211.5/限116.0✗超时) → 车#2(到247.2/限288.0✓) → 站
[charge_scheduler-1] [INFO] [1786192152.236065900] [charge_scheduler]:   趟4: 站 → 车#6(到301.9/限176.0✗超时) → 站
[charge_scheduler-1] [INFO] [1786192152.236073189] [charge_scheduler]: ════════════════════════
[charge_scheduler-1] [INFO] [1786192152.236080212] [charge_scheduler]:   ⏱ 任务计时开始 (t=0)
[charge_scheduler-1] [INFO] [1786192152.236381645] [charge_scheduler]:   → 趟1 第1辆: 车#4 [电动装载机282] (-93.30,6.61) 容量282.00kWh 剩余60% | 承诺完成=11.04min plan_v=0
