[RUN_META] map=map2 experiment=E2 objective=OBJ-N method=ABS internal_mode=abstract scale=M30 K=3 seed=7 iters=15000
[RUN_META] case=./cases_map2/charge_scheduler_M30_K3_param.yaml
[INFO] [launch]: All log files can be found below /root/.ros/log/2026-08-08-14-32-16-531002-YYYY-12892
[INFO] [launch]: Default logging verbosity is set to INFO
[INFO] [charge_scheduler-1]: process started with pid [12895]
[charge_scheduler-1] [INFO] [1786199536.716110360] [charge_scheduler]: [目标顺序] objective_order=Nlate,Tover,Ctotal
[charge_scheduler-1] [INFO] [1786199536.716639962] [charge_scheduler]: [Scheduler] 30辆车 | 电池800.0kWh(20%=160.0 80%=640.0) | 充电360kW效率97% | 行驶0.6kWh/km | 桩350kW
[charge_scheduler-1] [INFO] [1786199536.716677290] [charge_scheduler]: [Scheduler] 站端周转: 换电 10 min(换后满电) | 单趟可用 640 kWh
[charge_scheduler-1] [INFO] [1786199536.716687106] [charge_scheduler]:   车#0 [电动装载机282|light] 位置(3889.6,73764.7) 容量282kWh 剩余35% | α=6→6min/% τ=168min → 需130.8kWh(充21.2min)
[charge_scheduler-1] [INFO] [1786199536.716703428] [charge_scheduler]:   车#1 [重型叉车|light] 位置(3778.9,73807.0) 容量200kWh 剩余20% | α=6→6min/% τ=96min → 需123.7kWh(充20.0min)
[charge_scheduler-1] [INFO] [1786199536.716716202] [charge_scheduler]:   车#2 [电动装载机350|light] 位置(3794.9,73804.6) 容量350kWh 剩余50% | α=6→6min/% τ=288min → 需108.2kWh(充17.5min)
[charge_scheduler-1] [INFO] [1786199536.716728544] [charge_scheduler]:   车#3 [重型叉车|light] 位置(3806.9,73760.3) 容量200kWh 剩余10% | α=6→6min/% τ=32min → 需144.3kWh(充23.3min)
[charge_scheduler-1] [INFO] [1786199536.716740818] [charge_scheduler]:   车#4 [电动装载机282|heavy→降级] 位置(3705.1,73758.2) 容量282kWh 剩余60% | α=3→6min/% τ=212min → 需58.1kWh(充9.4min)
[charge_scheduler-1] [INFO] [1786199536.716753798] [charge_scheduler]:   车#5 [电动装载机350|light] 位置(3756.5,73770.2) 容量350kWh 剩余25% | α=6→6min/% τ=128min → 需198.5kWh(充32.1min)
[charge_scheduler-1] [INFO] [1786199536.716767813] [charge_scheduler]:   车#6 [电动装载机350|heavy→降级] 位置(3887.4,73809.4) 容量350kWh 剩余40% | α=4→6min/% τ=176min → 需144.3kWh(充23.3min)
[charge_scheduler-1] [INFO] [1786199536.716779821] [charge_scheduler]:   车#7 [重型叉车|light] 位置(3899.0,73786.6) 容量200kWh 剩余15% | α=6→6min/% τ=64min → 需134.0kWh(充21.7min)
[charge_scheduler-1] [INFO] [1786199536.716792011] [charge_scheduler]:   车#8 [电动装载机282|heavy→降级] 位置(3689.7,73663.1) 容量282kWh 剩余55% | α=3→6min/% τ=196min → 需72.7kWh(充11.8min)
[charge_scheduler-1] [INFO] [1786199536.716804426] [charge_scheduler]:   车#9 [电动装载机282|heavy→降级] 位置(3748.4,73767.2) 容量282kWh 剩余30% | α=3→6min/% τ=116min → 需145.4kWh(充23.5min)
[charge_scheduler-1] [INFO] [1786199536.716816780] [charge_scheduler]:   车#10 [电动装载机282|light] 位置(3865.2,73751.0) 容量282kWh 剩余45% | α=6→6min/% τ=224min → 需101.8kWh(充16.4min)
[charge_scheduler-1] [INFO] [1786199536.716828781] [charge_scheduler]:   车#11 [电动装载机350|light] 位置(3785.0,73749.2) 容量350kWh 剩余18% | α=6→6min/% τ=83min → 需223.7kWh(充36.2min)
[charge_scheduler-1] [INFO] [1786199536.716846169] [charge_scheduler]:   车#12 [重型叉车|heavy→降级] 位置(3811.5,73799.9) 容量200kWh 剩余62% | α=3→6min/% τ=230min → 需37.1kWh(充6.0min)
[charge_scheduler-1] [INFO] [1786199536.716858805] [charge_scheduler]:   车#13 [电动装载机282|light] 位置(3810.8,73773.1) 容量282kWh 剩余28% | α=6→6min/% τ=129min → 需151.2kWh(充24.4min)
[charge_scheduler-1] [INFO] [1786199536.716872513] [charge_scheduler]:   车#14 [电动装载机350|light] 位置(3905.0,73793.5) 容量350kWh 剩余52% | α=6→6min/% τ=301min → 需101.0kWh(充16.3min)
[charge_scheduler-1] [INFO] [1786199536.716889178] [charge_scheduler]:   车#15 [重型叉车|light] 位置(3894.3,73756.9) 容量200kWh 剩余12% | α=6→6min/% τ=45min → 需140.2kWh(充22.7min)
[charge_scheduler-1] [INFO] [1786199536.716900882] [charge_scheduler]:   车#16 [电动装载机282|light] 位置(3818.5,73716.2) 容量282kWh 剩余38% | α=6→6min/% τ=185min → 需122.1kWh(充19.7min)
[charge_scheduler-1] [INFO] [1786199536.716911662] [charge_scheduler]:   车#17 [电动装载机350|light] 位置(3733.2,73772.4) 容量350kWh 剩余58% | α=6→6min/% τ=339min → 需79.4kWh(充12.8min)
[charge_scheduler-1] [INFO] [1786199536.716922928] [charge_scheduler]:   车#18 [重型叉车|heavy→降级] 位置(3764.7,73699.0) 容量200kWh 剩余22% | α=3→6min/% τ=102min → 需119.6kWh(充19.3min)
[charge_scheduler-1] [INFO] [1786199536.716936295] [charge_scheduler]:   车#19 [电动装载机282|light] 位置(3878.4,73747.9) 容量282kWh 剩余48% | α=6→6min/% τ=241min → 需93.0kWh(充15.0min)
[charge_scheduler-1] [INFO] [1786199536.717010528] [charge_scheduler]:   车#20 [电动装载机350|light] 位置(3740.3,73686.9) 容量350kWh 剩余33% | α=6→6min/% τ=179min → 需169.6kWh(充27.4min)
[charge_scheduler-1] [INFO] [1786199536.717024765] [charge_scheduler]:   车#21 [重型叉车|heavy→降级] 位置(3895.4,73811.9) 容量200kWh 剩余65% | α=3→6min/% τ=240min → 需30.9kWh(充5.0min)
[charge_scheduler-1] [INFO] [1786199536.717037545] [charge_scheduler]:   车#22 [电动装载机282|light] 位置(3876.0,73830.2) 容量282kWh 剩余16% | α=6→6min/% τ=62min → 需186.1kWh(充30.1min)
[charge_scheduler-1] [INFO] [1786199536.717050571] [charge_scheduler]:   车#23 [电动装载机350|light] 位置(3765.9,73790.3) 容量350kWh 剩余42% | α=6→6min/% τ=237min → 需137.1kWh(充22.2min)
[charge_scheduler-1] [INFO] [1786199536.717063569] [charge_scheduler]:   车#24 [重型叉车|heavy→降级] 位置(3637.1,73698.1) 容量200kWh 剩余25% | α=3→6min/% τ=112min → 需113.4kWh(充18.3min)
[charge_scheduler-1] [INFO] [1786199536.717078443] [charge_scheduler]:   车#25 [电动装载机282|light] 位置(3884.5,73833.1) 容量282kWh 剩余55% | α=6→6min/% τ=280min → 需72.7kWh(充11.8min)
[charge_scheduler-1] [INFO] [1786199536.717091410] [charge_scheduler]:   车#26 [电动装载机350|light] 位置(3699.3,73765.4) 容量350kWh 剩余30% | α=6→6min/% τ=160min → 需180.4kWh(充29.2min)
[charge_scheduler-1] [INFO] [1786199536.717104194] [charge_scheduler]:   车#27 [重型叉车|heavy→降级] 位置(3800.8,73717.7) 容量200kWh 剩余68% | α=3→6min/% τ=250min → 需24.7kWh(充4.0min)
[charge_scheduler-1] [INFO] [1786199536.717115990] [charge_scheduler]:   车#28 [电动装载机282|light] 位置(3825.0,73792.7) 容量282kWh 剩余20% | α=6→6min/% τ=84min → 需174.4kWh(充28.2min)
[charge_scheduler-1] [INFO] [1786199536.717128857] [charge_scheduler]:   车#29 [电动装载机350|light] 位置(3784.3,73759.0) 容量350kWh 剩余36% | α=6→6min/% τ=198min → 需158.8kWh(充25.7min)
[charge_scheduler-1] [INFO] [1786199536.791954159] [charge_scheduler]: [Scheduler] 闭环接口: threshold=10.0min | event_sim=off | policy=all | structured_feedback=optional (/task_planner/execution_event)
[charge_scheduler-1] [INFO] [1786199536.792016940] [charge_scheduler]: [Scheduler] 已启动, 等待地图...
[charge_scheduler-1] [INFO] [1786199536.792027638] [charge_scheduler]: [Scheduler] 充电车1接口: sequence/served/arrived_target/arrived_station/return_goal/task_complete 后缀=_1
[charge_scheduler-1] [INFO] [1786199536.792035497] [charge_scheduler]: [Scheduler] 充电车2接口: sequence/served/arrived_target/arrived_station/return_goal/task_complete 后缀=_2
[charge_scheduler-1] [INFO] [1786199536.792042202] [charge_scheduler]: [Scheduler] 充电车3接口: sequence/served/arrived_target/arrived_station/return_goal/task_complete 后缀=_3
[charge_scheduler-1] [INFO] [1786199537.143616040] [charge_scheduler]: [Scheduler] RoutingGraph 就绪
[charge_scheduler-1] [INFO] [1786199537.144047508] [charge_scheduler]: [Scheduler] 提取到 0 条虚线捷径
[charge_scheduler-1] [INFO] [1786199537.171208824] [charge_scheduler]: [Scheduler] 下层兼容增强图: 190 节点, 0 条虚线掉头边
[charge_scheduler-1] [INFO] [1786199537.171276711] [charge_scheduler]:   [Abstract参数] opposite_angle=25.0deg normal_angle=30.0deg search_radius=15.00m lateral=[1.00,12.00]m longitudinal<=3.00m parallel_span=4.00m boundary_gap<=0.500m
[charge_scheduler-1] [INFO] [1786199537.183953818] [charge_scheduler]:   [Abstract] 站 → lanelet(9262) method=station_single_lane | 单向驿站保留1个主投影
[charge_scheduler-1] [INFO] [1786199537.195654387] [charge_scheduler]:   [Abstract] 车#0 → lanelet(134, 133) method=geometric_boundary | lateral=2.984m longitudinal=0.005m distance=2.984m dot=-1.0000 normal=1.0000 boundary_gap=0.0000m parallel_samples=3
[charge_scheduler-1] [INFO] [1786199537.206730722] [charge_scheduler]:   [Abstract] 车#1 → lanelet(121, 120) method=shared_boundary_id | lateral=2.931m longitudinal=0.037m distance=2.931m dot=-1.0000 normal=0.9999 boundary_gap=-1.0000m parallel_samples=3
[charge_scheduler-1] [INFO] [1786199537.217234422] [charge_scheduler]:   [Abstract] 车#2 → lanelet(120, 121) method=shared_boundary_id | lateral=2.933m longitudinal=0.049m distance=2.934m dot=-1.0000 normal=0.9999 boundary_gap=-1.0000m parallel_samples=3
[charge_scheduler-1] [INFO] [1786199537.232035376] [charge_scheduler]:   [Abstract] 车#3 → lanelet(125, 124) method=shared_boundary_id | lateral=2.970m longitudinal=0.020m distance=2.970m dot=-1.0000 normal=1.0000 boundary_gap=-1.0000m parallel_samples=3
[charge_scheduler-1] [INFO] [1786199537.242296005] [charge_scheduler]:   [Abstract] 车#4 → lanelet(118, 119) method=shared_boundary_id | lateral=2.918m longitudinal=0.008m distance=2.918m dot=-1.0000 normal=1.0000 boundary_gap=-1.0000m parallel_samples=3
[charge_scheduler-1] [INFO] [1786199537.253217050] [charge_scheduler]:   [Abstract] 车#5 → lanelet(123, 122) method=shared_boundary_id | lateral=2.978m longitudinal=0.036m distance=2.979m dot=-1.0000 normal=0.9999 boundary_gap=-1.0000m parallel_samples=3
[charge_scheduler-1] [INFO] [1786199537.264376073] [charge_scheduler]:   [Abstract] 车#6 → lanelet(136, 135) method=geometric_boundary | lateral=3.100m longitudinal=0.048m distance=3.100m dot=-1.0000 normal=0.9999 boundary_gap=0.0000m parallel_samples=3
[charge_scheduler-1] [INFO] [1786199537.277142129] [charge_scheduler]:   [Abstract] 车#7 → lanelet(136, 135) method=geometric_boundary | lateral=3.099m longitudinal=0.049m distance=3.099m dot=-1.0000 normal=0.9999 boundary_gap=0.0000m parallel_samples=3
[charge_scheduler-1] [INFO] [1786199537.287807305] [charge_scheduler]:   [Abstract] 车#8 → lanelet(106, 137) method=geometric_boundary | lateral=2.989m longitudinal=0.010m distance=2.989m dot=-1.0000 normal=1.0000 boundary_gap=0.0000m parallel_samples=3
[charge_scheduler-1] [INFO] [1786199537.299113555] [charge_scheduler]:   [Abstract] 车#9 → lanelet(122, 123) method=shared_boundary_id | lateral=2.977m longitudinal=0.033m distance=2.977m dot=-1.0000 normal=0.9999 boundary_gap=-1.0000m parallel_samples=3
[charge_scheduler-1] [INFO] [1786199537.310487529] [charge_scheduler]:   [Abstract] 车#10 → lanelet(134, 133) method=geometric_boundary | lateral=2.987m longitudinal=0.007m distance=2.987m dot=-1.0000 normal=1.0000 boundary_gap=0.0000m parallel_samples=3
[charge_scheduler-1] [INFO] [1786199537.322942974] [charge_scheduler]:   [Abstract] 车#11 → lanelet(125, 124) method=shared_boundary_id | lateral=2.974m longitudinal=0.019m distance=2.974m dot=-1.0000 normal=1.0000 boundary_gap=-1.0000m parallel_samples=3
[charge_scheduler-1] [INFO] [1786199537.333458466] [charge_scheduler]:   [Abstract] 车#12 → lanelet(130, 129) method=shared_boundary_id | lateral=2.976m longitudinal=0.020m distance=2.976m dot=-1.0000 normal=1.0000 boundary_gap=-1.0000m parallel_samples=3
[charge_scheduler-1] [INFO] [1786199537.344282241] [charge_scheduler]:   [Abstract] 车#13 → lanelet(124, 125) method=shared_boundary_id | lateral=2.969m longitudinal=0.019m distance=2.969m dot=-1.0000 normal=1.0000 boundary_gap=-1.0000m parallel_samples=3
[charge_scheduler-1] [INFO] [1786199537.355486887] [charge_scheduler]:   [Abstract] 车#14 → lanelet(135, 136) method=geometric_boundary | lateral=3.099m longitudinal=0.049m distance=3.100m dot=-1.0000 normal=0.9999 boundary_gap=0.0000m parallel_samples=3
[charge_scheduler-1] [INFO] [1786199537.366610189] [charge_scheduler]:   [Abstract] 车#15 → lanelet(133, 134) method=geometric_boundary | lateral=2.983m longitudinal=0.005m distance=2.983m dot=-1.0000 normal=1.0000 boundary_gap=0.0000m parallel_samples=3
[charge_scheduler-1] [INFO] [1786199537.378434296] [charge_scheduler]:   [Abstract] 车#16 → lanelet(115, 114) method=shared_boundary_id | lateral=2.989m longitudinal=0.010m distance=2.989m dot=-1.0000 normal=1.0000 boundary_gap=-1.0000m parallel_samples=3
[charge_scheduler-1] [INFO] [1786199537.388831675] [charge_scheduler]:   [Abstract] 车#17 → lanelet(118, 119) method=shared_boundary_id | lateral=2.926m longitudinal=0.024m distance=2.926m dot=-1.0000 normal=1.0000 boundary_gap=-1.0000m parallel_samples=3
[charge_scheduler-1] [INFO] [1786199537.400150454] [charge_scheduler]:   [Abstract] 车#18 → lanelet(9285, 9232) method=geometric_boundary | lateral=2.989m longitudinal=0.203m distance=2.996m dot=-1.0000 normal=0.9977 boundary_gap=0.0000m parallel_samples=3
[charge_scheduler-1] [INFO] [1786199537.411304268] [charge_scheduler]:   [Abstract] 车#19 → lanelet(133, 134) method=geometric_boundary | lateral=2.987m longitudinal=0.006m distance=2.987m dot=-1.0000 normal=1.0000 boundary_gap=0.0000m parallel_samples=3
[charge_scheduler-1] [INFO] [1786199537.423823556] [charge_scheduler]:   [Abstract] 车#20 → lanelet(9286, 9232) method=geometric_boundary | lateral=2.990m longitudinal=0.131m distance=2.993m dot=-1.0000 normal=0.9990 boundary_gap=0.0000m parallel_samples=3
[charge_scheduler-1] [INFO] [1786199537.434973805] [charge_scheduler]:   [Abstract] 车#21 → lanelet(135, 136) method=geometric_boundary | lateral=3.100m longitudinal=0.047m distance=3.100m dot=-1.0000 normal=0.9999 boundary_gap=0.0000m parallel_samples=3
[charge_scheduler-1] [INFO] [1786199537.446895234] [charge_scheduler]:   [Abstract] 车#22 → lanelet(136, 135) method=geometric_boundary | lateral=3.099m longitudinal=0.045m distance=3.099m dot=-1.0000 normal=0.9999 boundary_gap=0.0000m parallel_samples=3
[charge_scheduler-1] [INFO] [1786199537.461188870] [charge_scheduler]:   [Abstract] 车#23 → lanelet(120, 121) method=shared_boundary_id | lateral=2.930m longitudinal=0.023m distance=2.930m dot=-1.0000 normal=1.0000 boundary_gap=-1.0000m parallel_samples=3
[charge_scheduler-1] [INFO] [1786199537.477406479] [charge_scheduler]:   [Abstract] 车#24 → lanelet(146, 147) method=geometric_boundary | lateral=2.983m longitudinal=0.224m distance=2.991m dot=-1.0000 normal=0.9972 boundary_gap=0.0000m parallel_samples=3
[charge_scheduler-1] [INFO] [1786199537.488341797] [charge_scheduler]:   [Abstract] 车#25 → lanelet(135, 136) method=geometric_boundary | lateral=3.099m longitudinal=0.045m distance=3.099m dot=-1.0000 normal=0.9999 boundary_gap=0.0000m parallel_samples=3
[charge_scheduler-1] [INFO] [1786199537.500045639] [charge_scheduler]:   [Abstract] 车#26 → lanelet(119, 118) method=shared_boundary_id | lateral=2.917m longitudinal=0.007m distance=2.917m dot=-1.0000 normal=1.0000 boundary_gap=-1.0000m parallel_samples=3
[charge_scheduler-1] [INFO] [1786199537.521827121] [charge_scheduler]:   [Abstract] 车#27 → lanelet(114, 115) method=shared_boundary_id | lateral=2.989m longitudinal=0.003m distance=2.989m dot=-1.0000 normal=1.0000 boundary_gap=-1.0000m parallel_samples=3
[charge_scheduler-1] [INFO] [1786199537.536776357] [charge_scheduler]:   [Abstract] 车#28 → lanelet(129, 130) method=shared_boundary_id | lateral=2.968m longitudinal=0.003m distance=2.968m dot=-1.0000 normal=1.0000 boundary_gap=-1.0000m parallel_samples=3
[charge_scheduler-1] [INFO] [1786199537.546815763] [charge_scheduler]:   [Abstract] 车#29 → lanelet(124, 125) method=shared_boundary_id | lateral=2.973m longitudinal=0.021m distance=2.973m dot=-1.0000 normal=1.0000 boundary_gap=-1.0000m parallel_samples=3
[charge_scheduler-1] [INFO] [1786199537.546849323] [charge_scheduler]:   [Abstract投影汇总] shared_boundary_id=16 geometric_boundary=14 normal_direction_fallback=0 station_single_lane=1 not_found=0
[charge_scheduler-1] [INFO] [1786199560.960713437] [charge_scheduler]: [Scheduler] 距离矩阵完成 31x31, 23789.4 ms | 模式=abstract | ECD不可达=0 DSP原始不可达=0 DSP虚线兜底=0 DSP最终不可达=0 抽象不可达=0 | 缺少对向投影节点=0 | 对向识别(ID/几何/法向)=16/14/0 | 单向驿站投影=1
[charge_scheduler-1] [INFO] [1786199560.960799192] [charge_scheduler]:   ✓ 比值自检：930 个 OD 满足 机动/直线≥1 | 均值=4.11 最大=62.63 (车#0→车#15)
[charge_scheduler-1] [INFO] [1786199560.960833060] [charge_scheduler]:   [Abstract诊断] 有限OD=930 | ABS<MAN=930 | ABS/MAN均值=0.598 最大=0.991 | 最大非对称差=163.219m
[charge_scheduler-1] [INFO] [1786199560.960846417] [charge_scheduler]: [Scheduler] 地图就绪, 190 条 lanelet（与下层一致）
[charge_scheduler-1] [INFO] [1786199560.960908215] [charge_scheduler]: ======== 开始VRPTW调度 30 辆车 ========
[charge_scheduler-1] [INFO] [1786199560.960914184] [charge_scheduler]:   规模30>8 → 启发式(alns)
[charge_scheduler-1] [INFO] [1786199611.762825240] [charge_scheduler]: [ALNS] objective_order=Nlate,Tover,Ctotal seed=7 iters=15000 | N_late=2(成功率93.3%) T_overtime=256.4min C_total=5511.6m | 趟数=12 makespan=384.4min
[charge_scheduler-1] [INFO] [1786199611.762875559] [charge_scheduler]:   求解耗时 50802.0 ms
[charge_scheduler-1] [INFO] [1786199611.762886136] [charge_scheduler]: ════════ 调度结果 ════════
[charge_scheduler-1] [INFO] [1786199611.762891078] [charge_scheduler]:   ★目标(字典序): objective_order=Nlate,Tover,Ctotal | N_late=2 辆 (按时成功率 28/30 = 93.3%)  T_overtime=256.4min  C_total=5511.6m
[charge_scheduler-1] [INFO] [1786199611.762897182] [charge_scheduler]:   附: 趟数=12 | makespan=384.4min | 能量可行=是
[charge_scheduler-1] [INFO] [1786199611.762907790] [charge_scheduler]:   [充电车1] 趟1: 站 → 车#27(到1.7/限249.6✓) → 车#0(到7.3/限168.0✓) → 车#15(到29.1/限44.8✓) → 车#11(到55.4/限83.2✓) → 站
[charge_scheduler-1] [INFO] [1786199611.762941288] [charge_scheduler]:   [充电车3] 趟2: 站 → 车#12(到2.2/限230.4✓) → 车#4(到11.2/限212.0✓) → 车#3(到24.2/限32.0✓) → 车#1(到50.7/限96.0✓) → 车#18(到75.5/限102.4✓) → 站
[charge_scheduler-1] [INFO] [1786199611.762947945] [charge_scheduler]:   [充电车2] 趟3: 站 → 车#21(到4.1/限240.0✓) → 车#22(到9.9/限61.6✓) → 车#7(到41.5/限64.0✓) → 车#28(到67.6/限84.0✓) → 站
[charge_scheduler-1] [INFO] [1786199611.762953169] [charge_scheduler]:   [充电车1] 趟4: 站 → 车#24(到111.0/限112.0✓) → 车#26(到137.4/限160.0✓) → 站
[charge_scheduler-1] [INFO] [1786199611.762957883] [charge_scheduler]:   [充电车3] 趟5: 站 → 车#9(到112.2/限116.0✓) → 车#20(到148.9/限179.2✓) → 站
[charge_scheduler-1] [INFO] [1786199611.762963019] [charge_scheduler]:   [充电车2] 趟6: 站 → 车#13(到115.5/限128.8✓) → 车#16(到151.1/限184.8✓) → 车#8(到185.6/限196.0✓) → 站
[charge_scheduler-1] [INFO] [1786199611.762967628] [charge_scheduler]:   [充电车1] 趟7: 站 → 车#29(到191.7/限198.4✓) → 车#23(到236.2/限236.8✓) → 站
[charge_scheduler-1] [INFO] [1786199611.762972662] [charge_scheduler]:   [充电车3] 趟8: 站 → 车#10(到204.2/限224.0✓) → 车#19(到238.0/限240.8✓) → 车#25(到274.5/限280.0✓) → 站
[charge_scheduler-1] [INFO] [1786199611.762977468] [charge_scheduler]:   [充电车2] 趟9: 站 → 车#6(到235.8/限176.0✗超时) → 车#2(到281.5/限288.0✓) → 站
[charge_scheduler-1] [INFO] [1786199611.762981720] [charge_scheduler]:   [充电车1] 趟10: 站 → 车#14(到295.7/限300.8✓) → 站
[charge_scheduler-1] [INFO] [1786199611.762985868] [charge_scheduler]:   [充电车2] 趟11: 站 → 车#17(到338.8/限339.2✓) → 站
[charge_scheduler-1] [INFO] [1786199611.762989898] [charge_scheduler]:   [充电车3] 趟12: 站 → 车#5(到324.6/限128.0✗超时) → 站
[charge_scheduler-1] [INFO] [1786199611.762993247] [charge_scheduler]: ════════════════════════
[charge_scheduler-1] [WARN] [1786199611.763024457] [charge_scheduler]: ════ 耦合消融重放：抽象路网定序 → 同K ECD执行口径 ════
[charge_scheduler-1] [WARN] [1786199611.763028527] [charge_scheduler]:   【抽象路网仅生成顺序；K=3、能量、换电、分趟和并行时间线均按ECD执行一致机动距离重新解码】
[charge_scheduler-1] [WARN] [1786199611.763032673] [charge_scheduler]:   N_late=12 (按时率 18/30 = 60.0%)   T_overtime=465.2min   C_total=9197.4m   makespan=407.1min   能量违规=0   objective_order=Nlate,Tover,Ctotal
[charge_scheduler-1] [WARN] [1786199611.763038851] [charge_scheduler]:   逐辆到达时刻（ECD执行口径、同K解码）：
[charge_scheduler-1] [WARN] [1786199611.763042428] [charge_scheduler]:      车#0 到达 7.5 / 限 168.0 ✓
[charge_scheduler-1] [WARN] [1786199611.763046890] [charge_scheduler]:      车#1 到达 57.3 / 限 96.0 ✓
[charge_scheduler-1] [WARN] [1786199611.763050981] [charge_scheduler]:      车#2 到达 316.5 / 限 288.0 ✗超时
[charge_scheduler-1] [WARN] [1786199611.763055137] [charge_scheduler]:      车#3 到达 30.3 / 限 32.0 ✓
[charge_scheduler-1] [WARN] [1786199611.763059850] [charge_scheduler]:      车#4 到达 14.4 / 限 212.0 ✓
[charge_scheduler-1] [WARN] [1786199611.763063901] [charge_scheduler]:      车#5 到达 349.6 / 限 128.0 ✗超时
[charge_scheduler-1] [WARN] [1786199611.763068393] [charge_scheduler]:      车#6 到达 252.2 / 限 176.0 ✗超时
[charge_scheduler-1] [WARN] [1786199611.763072465] [charge_scheduler]:      车#7 到达 49.8 / 限 64.0 ✓
[charge_scheduler-1] [WARN] [1786199611.763076449] [charge_scheduler]:      车#8 到达 212.5 / 限 196.0 ✗超时
[charge_scheduler-1] [WARN] [1786199611.763080425] [charge_scheduler]:      车#9 到达 122.0 / 限 116.0 ✗超时
[charge_scheduler-1] [WARN] [1786199611.763084465] [charge_scheduler]:      车#10 到达 217.3 / 限 224.0 ✓
[charge_scheduler-1] [WARN] [1786199611.763088475] [charge_scheduler]:      车#11 到达 64.7 / 限 83.2 ✓
[charge_scheduler-1] [WARN] [1786199611.763092798] [charge_scheduler]:      车#12 到达 2.3 / 限 230.4 ✓
[charge_scheduler-1] [WARN] [1786199611.763096658] [charge_scheduler]:      车#13 到达 125.4 / 限 128.8 ✓
[charge_scheduler-1] [WARN] [1786199611.763100775] [charge_scheduler]:      车#14 到达 316.2 / 限 300.8 ✗超时
[charge_scheduler-1] [WARN] [1786199611.763104794] [charge_scheduler]:      车#15 到达 37.9 / 限 44.8 ✓
[charge_scheduler-1] [WARN] [1786199611.763108751] [charge_scheduler]:      车#16 到达 161.9 / 限 184.8 ✓
[charge_scheduler-1] [WARN] [1786199611.763114887] [charge_scheduler]:      车#17 到达 361.4 / 限 339.2 ✗超时
[charge_scheduler-1] [WARN] [1786199611.763119020] [charge_scheduler]:      车#18 到达 84.7 / 限 102.4 ✓
[charge_scheduler-1] [WARN] [1786199611.763123121] [charge_scheduler]:      车#19 到达 255.2 / 限 240.8 ✗超时
[charge_scheduler-1] [WARN] [1786199611.763127838] [charge_scheduler]:      车#20 到达 160.0 / 限 179.2 ✓
[charge_scheduler-1] [WARN] [1786199611.763131886] [charge_scheduler]:      车#21 到达 4.2 / 限 240.0 ✓
[charge_scheduler-1] [WARN] [1786199611.763135701] [charge_scheduler]:      车#22 到达 17.5 / 限 61.6 ✓
[charge_scheduler-1] [WARN] [1786199611.763139521] [charge_scheduler]:      车#23 到达 255.8 / 限 236.8 ✗超时
[charge_scheduler-1] [WARN] [1786199611.763143468] [charge_scheduler]:      车#24 到达 121.3 / 限 112.0 ✗超时
[charge_scheduler-1] [WARN] [1786199611.763147461] [charge_scheduler]:      车#25 到达 307.6 / 限 280.0 ✗超时
[charge_scheduler-1] [WARN] [1786199611.763151447] [charge_scheduler]:      车#26 到达 150.3 / 限 160.0 ✓
[charge_scheduler-1] [WARN] [1786199611.763155391] [charge_scheduler]:      车#27 到达 1.7 / 限 249.6 ✓
[charge_scheduler-1] [WARN] [1786199611.763159393] [charge_scheduler]:      车#28 到达 76.6 / 限 84.0 ✓
[charge_scheduler-1] [WARN] [1786199611.763163364] [charge_scheduler]:      车#29 到达 207.1 / 限 198.4 ✗超时
[charge_scheduler-1] [WARN] [1786199611.763170306] [charge_scheduler]:   抽象路网生成的固定访问顺序 = #27 #21 #12 #0 #4 #22 #3 #15 #7 #1 #11 #28 #18 #24 #9 #13 #26 #20 #16 #29 #8 #10 #6 #23 #19 #25 #2 #14 #5 #17 
[charge_scheduler-1] [WARN] [1786199611.763173964] [charge_scheduler]: ════════════════════════════════════════
[charge_scheduler-1] [INFO] [1786199611.763181708] [charge_scheduler]:   ⏱ 任务计时开始 (t=0)
[charge_scheduler-1] [INFO] [1786199611.763494240] [charge_scheduler]: [多车派发] 充电车1分配4趟、9辆目标车，开始独立逐任务派发
[charge_scheduler-1] [INFO] [1786199611.763543975] [charge_scheduler]:   → [充电车1] 第1/4趟 第1/4辆: 车#27 (3800.80,73717.69) | topic后缀=_1 | 承诺完成=5.84min
[charge_scheduler-1] [INFO] [1786199611.763833209] [charge_scheduler]: [多车派发] 充电车2分配4趟、10辆目标车，开始独立逐任务派发
[charge_scheduler-1] [INFO] [1786199611.763847784] [charge_scheduler]:   → [充电车2] 第1/4趟 第1/4辆: 车#21 (3895.44,73811.86) | topic后缀=_2 | 承诺完成=9.51min
[charge_scheduler-1] [INFO] [1786199611.764141715] [charge_scheduler]: [多车派发] 充电车3分配4趟、11辆目标车，开始独立逐任务派发
[charge_scheduler-1] [INFO] [1786199611.764155338] [charge_scheduler]:   → [充电车3] 第1/4趟 第1/5辆: 车#12 (3811.54,73799.88) | topic后缀=_3 | 承诺完成=8.44min
