[RUN_META] map=map2 experiment=E2 objective=OBJ-N method=EUC internal_mode=euclid scale=M10R K=1 seed=4 iters=8000
[RUN_META] case=./cases_map2/charge_scheduler_M10R_K1_param.yaml
[INFO] [launch]: All log files can be found below /root/.ros/log/2026-08-08-13-57-29-904175-YYYY-7075
[INFO] [launch]: Default logging verbosity is set to INFO
[INFO] [charge_scheduler-1]: process started with pid [7078]
[charge_scheduler-1] [INFO] [1786197450.052927206] [charge_scheduler]: [目标顺序] objective_order=Nlate,Tover,Ctotal
[charge_scheduler-1] [INFO] [1786197450.054374986] [charge_scheduler]: [Scheduler] 10辆车 | 电池800.0kWh(20%=160.0 80%=640.0) | 充电360kW效率97% | 行驶0.6kWh/km | 桩350kW
[charge_scheduler-1] [INFO] [1786197450.054418009] [charge_scheduler]: [Scheduler] 站端周转: 换电 10 min(换后满电) | 单趟可用 640 kWh
[charge_scheduler-1] [INFO] [1786197450.054427424] [charge_scheduler]:   车#0 [电动装载机282|light] 位置(3806.9,73760.3) 容量282kWh 剩余35% | α=6→6min/% τ=168min → 需130.8kWh(充21.2min)
[charge_scheduler-1] [INFO] [1786197450.054444644] [charge_scheduler]:   车#1 [重型叉车|light] 位置(3905.0,73793.5) 容量200kWh 剩余20% | α=6→6min/% τ=96min → 需123.7kWh(充20.0min)
[charge_scheduler-1] [INFO] [1786197450.054458170] [charge_scheduler]:   车#2 [电动装载机350|light] 位置(3794.9,73804.6) 容量350kWh 剩余50% | α=6→6min/% τ=288min → 需108.2kWh(充17.5min)
[charge_scheduler-1] [INFO] [1786197450.054470786] [charge_scheduler]:   车#3 [重型叉车|light] 位置(3889.6,73764.7) 容量200kWh 剩余10% | α=6→6min/% τ=32min → 需144.3kWh(充23.3min)
[charge_scheduler-1] [INFO] [1786197450.054482955] [charge_scheduler]:   车#4 [电动装载机282|heavy→降级] 位置(3740.3,73686.9) 容量282kWh 剩余60% | α=3→6min/% τ=212min → 需58.1kWh(充9.4min)
[charge_scheduler-1] [INFO] [1786197450.054495026] [charge_scheduler]:   车#5 [电动装载机350|light] 位置(3865.2,73751.0) 容量350kWh 剩余25% | α=6→6min/% τ=128min → 需198.5kWh(充32.1min)
[charge_scheduler-1] [INFO] [1786197450.054507407] [charge_scheduler]:   车#6 [电动装载机350|heavy→降级] 位置(3811.5,73799.9) 容量350kWh 剩余40% | α=4→6min/% τ=176min → 需144.3kWh(充23.3min)
[charge_scheduler-1] [INFO] [1786197450.054521386] [charge_scheduler]:   车#7 [重型叉车|light] 位置(3884.5,73833.1) 容量200kWh 剩余15% | α=6→6min/% τ=64min → 需134.0kWh(充21.7min)
[charge_scheduler-1] [INFO] [1786197450.054532865] [charge_scheduler]:   车#8 [电动装载机282|heavy→降级] 位置(3756.5,73770.2) 容量282kWh 剩余55% | α=3→6min/% τ=196min → 需72.7kWh(充11.8min)
[charge_scheduler-1] [INFO] [1786197450.054545116] [charge_scheduler]:   车#9 [电动装载机282|heavy→降级] 位置(3765.9,73790.3) 容量282kWh 剩余30% | α=3→6min/% τ=116min → 需145.4kWh(充23.5min)
[charge_scheduler-1] [INFO] [1786197450.083432054] [charge_scheduler]: [Scheduler] 闭环接口: threshold=10.0min | event_sim=off | policy=all | structured_feedback=optional (/task_planner/execution_event)
[charge_scheduler-1] [INFO] [1786197450.083488415] [charge_scheduler]: [Scheduler] 已启动, 等待地图...
[charge_scheduler-1] [INFO] [1786197450.083504087] [charge_scheduler]: [Scheduler] 充电车1接口: sequence/served/arrived_target/arrived_station/return_goal/task_complete 后缀=_1
[charge_scheduler-1] [INFO] [1786197450.258241517] [charge_scheduler]: [Scheduler] RoutingGraph 就绪
[charge_scheduler-1] [INFO] [1786197450.258642937] [charge_scheduler]: [Scheduler] 提取到 0 条虚线捷径
[charge_scheduler-1] [INFO] [1786197450.284885625] [charge_scheduler]: [Scheduler] 下层兼容增强图: 190 节点, 0 条虚线掉头边
[charge_scheduler-1] [INFO] [1786197452.748352301] [charge_scheduler]: [Scheduler] 距离矩阵完成 11x11, 2463.4 ms | 模式=euclid | ECD不可达=0 DSP原始不可达=0 DSP虚线兜底=0 DSP最终不可达=0 抽象不可达=0 | 缺少对向投影节点=0 | 对向识别(ID/几何/法向)=0/0/0 | 单向驿站投影=0
[charge_scheduler-1] [INFO] [1786197452.748400564] [charge_scheduler]:   ✓ 比值自检：110 个 OD 满足 机动/直线≥1 | 均值=3.98 最大=40.56 (车#6→车#2)
[charge_scheduler-1] [INFO] [1786197452.748411403] [charge_scheduler]: [Scheduler] 地图就绪, 190 条 lanelet（与下层一致）
[charge_scheduler-1] [INFO] [1786197452.748450400] [charge_scheduler]: ======== 开始VRPTW调度 10 辆车 ========
[charge_scheduler-1] [INFO] [1786197452.748455691] [charge_scheduler]:   规模10>8 → 启发式(alns)
[charge_scheduler-1] [INFO] [1786197454.266051029] [charge_scheduler]: [ALNS] objective_order=Nlate,Tover,Ctotal seed=4 iters=8000 | N_late=2(成功率80.0%) T_overtime=190.8min C_total=1296.5m | 趟数=4 makespan=341.9min
[charge_scheduler-1] [INFO] [1786197454.266101599] [charge_scheduler]:   求解耗时 1517.6 ms
[charge_scheduler-1] [INFO] [1786197454.266110731] [charge_scheduler]: ════════ 调度结果 ════════
[charge_scheduler-1] [INFO] [1786197454.266148201] [charge_scheduler]:   ★目标(字典序): objective_order=Nlate,Tover,Ctotal | N_late=2 辆 (按时成功率 8/10 = 80.0%)  T_overtime=190.8min  C_total=1296.5m
[charge_scheduler-1] [INFO] [1786197454.266154758] [charge_scheduler]:   附: 趟数=4 | makespan=341.9min | 能量可行=是
[charge_scheduler-1] [INFO] [1786197454.266165246] [charge_scheduler]:   趟1: 站 → 车#4(到0.9/限212.0✓) → 车#8(到11.7/限196.0✓) → 车#3(到27.2/限32.0✓) → 车#7(到52.9/限64.0✓) → 车#1(到78.0/限96.0✓) → 站
[charge_scheduler-1] [INFO] [1786197454.266171052] [charge_scheduler]:   趟2: 站 → 车#9(到115.9/限116.0✓) → 车#0(到151.9/限168.0✓) → 站
[charge_scheduler-1] [INFO] [1786197454.266175941] [charge_scheduler]:   趟3: 站 → 车#6(到198.8/限176.0✗超时) → 车#2(到242.8/限288.0✓) → 站
[charge_scheduler-1] [INFO] [1786197454.266180139] [charge_scheduler]:   趟4: 站 → 车#5(到296.0/限128.0✗超时) → 站
[charge_scheduler-1] [INFO] [1786197454.266185727] [charge_scheduler]: ════════════════════════
[charge_scheduler-1] [WARN] [1786197454.266206113] [charge_scheduler]: ════ 耦合消融重放：欧氏距离定序 → 同K ECD执行口径 ════
[charge_scheduler-1] [WARN] [1786197454.266210345] [charge_scheduler]:   【欧氏距离仅生成顺序；K=1、能量、换电、分趟和并行时间线均按ECD执行一致机动距离重新解码】
[charge_scheduler-1] [WARN] [1786197454.266214207] [charge_scheduler]:   N_late=6 (按时率 4/10 = 40.0%)   T_overtime=287.7min   C_total=3832.8m   makespan=386.9min   能量违规=0   objective_order=Nlate,Tover,Ctotal
[charge_scheduler-1] [WARN] [1786197454.266220378] [charge_scheduler]:   逐辆到达时刻（ECD执行口径、同K解码）：
[charge_scheduler-1] [WARN] [1786197454.266224443] [charge_scheduler]:      车#0 到达 175.2 / 限 168.0 ✗超时
[charge_scheduler-1] [WARN] [1786197454.266228947] [charge_scheduler]:      车#1 到达 90.9 / 限 96.0 ✓
[charge_scheduler-1] [WARN] [1786197454.266233203] [charge_scheduler]:      车#2 到达 278.9 / 限 288.0 ✓
[charge_scheduler-1] [WARN] [1786197454.266237277] [charge_scheduler]:      车#3 到达 32.9 / 限 32.0 ✗超时
[charge_scheduler-1] [WARN] [1786197454.266241370] [charge_scheduler]:      车#4 到达 2.1 / 限 212.0 ✓
[charge_scheduler-1] [WARN] [1786197454.266245287] [charge_scheduler]:      车#5 到达 337.3 / 限 128.0 ✗超时
[charge_scheduler-1] [WARN] [1786197454.266249446] [charge_scheduler]:      车#6 到达 224.7 / 限 176.0 ✗超时
[charge_scheduler-1] [WARN] [1786197454.266253453] [charge_scheduler]:      车#7 到达 65.1 / 限 64.0 ✗超时
[charge_scheduler-1] [WARN] [1786197454.266257510] [charge_scheduler]:      车#8 到达 16.0 / 限 196.0 ✓
[charge_scheduler-1] [WARN] [1786197454.266261474] [charge_scheduler]:      车#9 到达 136.4 / 限 116.0 ✗超时
[charge_scheduler-1] [WARN] [1786197454.266267027] [charge_scheduler]:   欧氏距离生成的固定访问顺序 = #4 #8 #3 #7 #1 #9 #0 #6 #2 #5 
[charge_scheduler-1] [WARN] [1786197454.266270476] [charge_scheduler]: ════════════════════════════════════════
[charge_scheduler-1] [INFO] [1786197454.266276583] [charge_scheduler]:   ⏱ 任务计时开始 (t=0)
[charge_scheduler-1] [INFO] [1786197454.266745692] [charge_scheduler]:   → 趟1 第1辆: 车#4 [电动装载机282] (3740.35,73686.88) 容量282.00kWh 剩余60% | 承诺完成=10.42min plan_v=0
