[RUN_META] map=map2 experiment=E2 objective=OBJ-N method=ECD internal_mode=maneuver scale=M30 K=3 seed=5 iters=15000
[RUN_META] case=./cases_map2/charge_scheduler_M30_K3_param.yaml
[INFO] [launch]: All log files can be found below /root/.ros/log/2026-08-08-14-16-39-202827-YYYY-10661
[INFO] [launch]: Default logging verbosity is set to INFO
[INFO] [charge_scheduler-1]: process started with pid [10664]
[charge_scheduler-1] [INFO] [1786198599.376818445] [charge_scheduler]: [目标顺序] objective_order=Nlate,Tover,Ctotal
[charge_scheduler-1] [INFO] [1786198599.377530300] [charge_scheduler]: [Scheduler] 30辆车 | 电池800.0kWh(20%=160.0 80%=640.0) | 充电360kW效率97% | 行驶0.6kWh/km | 桩350kW
[charge_scheduler-1] [INFO] [1786198599.377559841] [charge_scheduler]: [Scheduler] 站端周转: 换电 10 min(换后满电) | 单趟可用 640 kWh
[charge_scheduler-1] [INFO] [1786198599.377568971] [charge_scheduler]:   车#0 [电动装载机282|light] 位置(3889.6,73764.7) 容量282kWh 剩余35% | α=6→6min/% τ=168min → 需130.8kWh(充21.2min)
[charge_scheduler-1] [INFO] [1786198599.377583329] [charge_scheduler]:   车#1 [重型叉车|light] 位置(3778.9,73807.0) 容量200kWh 剩余20% | α=6→6min/% τ=96min → 需123.7kWh(充20.0min)
[charge_scheduler-1] [INFO] [1786198599.377595174] [charge_scheduler]:   车#2 [电动装载机350|light] 位置(3794.9,73804.6) 容量350kWh 剩余50% | α=6→6min/% τ=288min → 需108.2kWh(充17.5min)
[charge_scheduler-1] [INFO] [1786198599.377606648] [charge_scheduler]:   车#3 [重型叉车|light] 位置(3806.9,73760.3) 容量200kWh 剩余10% | α=6→6min/% τ=32min → 需144.3kWh(充23.3min)
[charge_scheduler-1] [INFO] [1786198599.377618293] [charge_scheduler]:   车#4 [电动装载机282|heavy→降级] 位置(3705.1,73758.2) 容量282kWh 剩余60% | α=3→6min/% τ=212min → 需58.1kWh(充9.4min)
[charge_scheduler-1] [INFO] [1786198599.377630542] [charge_scheduler]:   车#5 [电动装载机350|light] 位置(3756.5,73770.2) 容量350kWh 剩余25% | α=6→6min/% τ=128min → 需198.5kWh(充32.1min)
[charge_scheduler-1] [INFO] [1786198599.377642233] [charge_scheduler]:   车#6 [电动装载机350|heavy→降级] 位置(3887.4,73809.4) 容量350kWh 剩余40% | α=4→6min/% τ=176min → 需144.3kWh(充23.3min)
[charge_scheduler-1] [INFO] [1786198599.377653456] [charge_scheduler]:   车#7 [重型叉车|light] 位置(3899.0,73786.6) 容量200kWh 剩余15% | α=6→6min/% τ=64min → 需134.0kWh(充21.7min)
[charge_scheduler-1] [INFO] [1786198599.377666866] [charge_scheduler]:   车#8 [电动装载机282|heavy→降级] 位置(3689.7,73663.1) 容量282kWh 剩余55% | α=3→6min/% τ=196min → 需72.7kWh(充11.8min)
[charge_scheduler-1] [INFO] [1786198599.377678859] [charge_scheduler]:   车#9 [电动装载机282|heavy→降级] 位置(3748.4,73767.2) 容量282kWh 剩余30% | α=3→6min/% τ=116min → 需145.4kWh(充23.5min)
[charge_scheduler-1] [INFO] [1786198599.377691494] [charge_scheduler]:   车#10 [电动装载机282|light] 位置(3865.2,73751.0) 容量282kWh 剩余45% | α=6→6min/% τ=224min → 需101.8kWh(充16.4min)
[charge_scheduler-1] [INFO] [1786198599.377703513] [charge_scheduler]:   车#11 [电动装载机350|light] 位置(3785.0,73749.2) 容量350kWh 剩余18% | α=6→6min/% τ=83min → 需223.7kWh(充36.2min)
[charge_scheduler-1] [INFO] [1786198599.377715093] [charge_scheduler]:   车#12 [重型叉车|heavy→降级] 位置(3811.5,73799.9) 容量200kWh 剩余62% | α=3→6min/% τ=230min → 需37.1kWh(充6.0min)
[charge_scheduler-1] [INFO] [1786198599.377727118] [charge_scheduler]:   车#13 [电动装载机282|light] 位置(3810.8,73773.1) 容量282kWh 剩余28% | α=6→6min/% τ=129min → 需151.2kWh(充24.4min)
[charge_scheduler-1] [INFO] [1786198599.377740267] [charge_scheduler]:   车#14 [电动装载机350|light] 位置(3905.0,73793.5) 容量350kWh 剩余52% | α=6→6min/% τ=301min → 需101.0kWh(充16.3min)
[charge_scheduler-1] [INFO] [1786198599.377751537] [charge_scheduler]:   车#15 [重型叉车|light] 位置(3894.3,73756.9) 容量200kWh 剩余12% | α=6→6min/% τ=45min → 需140.2kWh(充22.7min)
[charge_scheduler-1] [INFO] [1786198599.377762985] [charge_scheduler]:   车#16 [电动装载机282|light] 位置(3818.5,73716.2) 容量282kWh 剩余38% | α=6→6min/% τ=185min → 需122.1kWh(充19.7min)
[charge_scheduler-1] [INFO] [1786198599.377774398] [charge_scheduler]:   车#17 [电动装载机350|light] 位置(3733.2,73772.4) 容量350kWh 剩余58% | α=6→6min/% τ=339min → 需79.4kWh(充12.8min)
[charge_scheduler-1] [INFO] [1786198599.377786111] [charge_scheduler]:   车#18 [重型叉车|heavy→降级] 位置(3764.7,73699.0) 容量200kWh 剩余22% | α=3→6min/% τ=102min → 需119.6kWh(充19.3min)
[charge_scheduler-1] [INFO] [1786198599.377797939] [charge_scheduler]:   车#19 [电动装载机282|light] 位置(3878.4,73747.9) 容量282kWh 剩余48% | α=6→6min/% τ=241min → 需93.0kWh(充15.0min)
[charge_scheduler-1] [INFO] [1786198599.377836567] [charge_scheduler]:   车#20 [电动装载机350|light] 位置(3740.3,73686.9) 容量350kWh 剩余33% | α=6→6min/% τ=179min → 需169.6kWh(充27.4min)
[charge_scheduler-1] [INFO] [1786198599.377922957] [charge_scheduler]:   车#21 [重型叉车|heavy→降级] 位置(3895.4,73811.9) 容量200kWh 剩余65% | α=3→6min/% τ=240min → 需30.9kWh(充5.0min)
[charge_scheduler-1] [INFO] [1786198599.377944068] [charge_scheduler]:   车#22 [电动装载机282|light] 位置(3876.0,73830.2) 容量282kWh 剩余16% | α=6→6min/% τ=62min → 需186.1kWh(充30.1min)
[charge_scheduler-1] [INFO] [1786198599.377955984] [charge_scheduler]:   车#23 [电动装载机350|light] 位置(3765.9,73790.3) 容量350kWh 剩余42% | α=6→6min/% τ=237min → 需137.1kWh(充22.2min)
[charge_scheduler-1] [INFO] [1786198599.377967325] [charge_scheduler]:   车#24 [重型叉车|heavy→降级] 位置(3637.1,73698.1) 容量200kWh 剩余25% | α=3→6min/% τ=112min → 需113.4kWh(充18.3min)
[charge_scheduler-1] [INFO] [1786198599.377978863] [charge_scheduler]:   车#25 [电动装载机282|light] 位置(3884.5,73833.1) 容量282kWh 剩余55% | α=6→6min/% τ=280min → 需72.7kWh(充11.8min)
[charge_scheduler-1] [INFO] [1786198599.377990164] [charge_scheduler]:   车#26 [电动装载机350|light] 位置(3699.3,73765.4) 容量350kWh 剩余30% | α=6→6min/% τ=160min → 需180.4kWh(充29.2min)
[charge_scheduler-1] [INFO] [1786198599.378001642] [charge_scheduler]:   车#27 [重型叉车|heavy→降级] 位置(3800.8,73717.7) 容量200kWh 剩余68% | α=3→6min/% τ=250min → 需24.7kWh(充4.0min)
[charge_scheduler-1] [INFO] [1786198599.378014319] [charge_scheduler]:   车#28 [电动装载机282|light] 位置(3825.0,73792.7) 容量282kWh 剩余20% | α=6→6min/% τ=84min → 需174.4kWh(充28.2min)
[charge_scheduler-1] [INFO] [1786198599.378025731] [charge_scheduler]:   车#29 [电动装载机350|light] 位置(3784.3,73759.0) 容量350kWh 剩余36% | α=6→6min/% τ=198min → 需158.8kWh(充25.7min)
[charge_scheduler-1] [INFO] [1786198599.431472671] [charge_scheduler]: [Scheduler] 闭环接口: threshold=10.0min | event_sim=off | policy=all | structured_feedback=optional (/task_planner/execution_event)
[charge_scheduler-1] [INFO] [1786198599.431519355] [charge_scheduler]: [Scheduler] 已启动, 等待地图...
[charge_scheduler-1] [INFO] [1786198599.431526805] [charge_scheduler]: [Scheduler] 充电车1接口: sequence/served/arrived_target/arrived_station/return_goal/task_complete 后缀=_1
[charge_scheduler-1] [INFO] [1786198599.431533524] [charge_scheduler]: [Scheduler] 充电车2接口: sequence/served/arrived_target/arrived_station/return_goal/task_complete 后缀=_2
[charge_scheduler-1] [INFO] [1786198599.431539067] [charge_scheduler]: [Scheduler] 充电车3接口: sequence/served/arrived_target/arrived_station/return_goal/task_complete 后缀=_3
[charge_scheduler-1] [INFO] [1786198599.699254670] [charge_scheduler]: [Scheduler] RoutingGraph 就绪
[charge_scheduler-1] [INFO] [1786198599.699778521] [charge_scheduler]: [Scheduler] 提取到 0 条虚线捷径
[charge_scheduler-1] [INFO] [1786198599.748712954] [charge_scheduler]: [Scheduler] 下层兼容增强图: 190 节点, 0 条虚线掉头边
[charge_scheduler-1] [INFO] [1786198622.202610535] [charge_scheduler]: [Scheduler] 距离矩阵完成 31x31, 22453.8 ms | 模式=maneuver | ECD不可达=0 DSP原始不可达=0 DSP虚线兜底=0 DSP最终不可达=0 抽象不可达=0 | 缺少对向投影节点=0 | 对向识别(ID/几何/法向)=0/0/0 | 单向驿站投影=0
[charge_scheduler-1] [INFO] [1786198622.202685474] [charge_scheduler]:   ✓ 比值自检：930 个 OD 满足 机动/直线≥1 | 均值=4.11 最大=62.63 (车#0→车#15)
[charge_scheduler-1] [INFO] [1786198622.202701576] [charge_scheduler]: [Scheduler] 地图就绪, 190 条 lanelet（与下层一致）
[charge_scheduler-1] [INFO] [1786198622.202760796] [charge_scheduler]: ======== 开始VRPTW调度 30 辆车 ========
[charge_scheduler-1] [INFO] [1786198622.202769047] [charge_scheduler]:   规模30>8 → 启发式(alns)
[charge_scheduler-1] [INFO] [1786198671.830003167] [charge_scheduler]: [ALNS] objective_order=Nlate,Tover,Ctotal seed=5 iters=15000 | N_late=3(成功率90.0%) T_overtime=333.0min C_total=7585.4m | 趟数=12 makespan=379.8min
[charge_scheduler-1] [INFO] [1786198671.830054340] [charge_scheduler]:   求解耗时 49627.3 ms
[charge_scheduler-1] [INFO] [1786198671.830062655] [charge_scheduler]: ════════ 调度结果 ════════
[charge_scheduler-1] [INFO] [1786198671.830073336] [charge_scheduler]:   ★目标(字典序): objective_order=Nlate,Tover,Ctotal | N_late=3 辆 (按时成功率 27/30 = 90.0%)  T_overtime=333.0min  C_total=7585.4m
[charge_scheduler-1] [INFO] [1786198671.830102459] [charge_scheduler]:   附: 趟数=12 | makespan=379.8min | 能量可行=是
[charge_scheduler-1] [INFO] [1786198671.830112812] [charge_scheduler]:   [充电车2] 趟1: 站 → 车#4(到2.1/限212.0✓) → 车#18(到14.0/限102.4✓) → 车#7(到37.2/限64.0✓) → 车#22(到61.6/限61.6✓) → 站
[charge_scheduler-1] [INFO] [1786198671.830119433] [charge_scheduler]:   [充电车1] 趟2: 站 → 车#12(到2.3/限230.4✓) → 车#21(到10.6/限240.0✓) → 车#15(到17.7/限44.8✓) → 车#11(到43.5/限83.2✓) → 车#24(到86.7/限112.0✓) → 站
[charge_scheduler-1] [INFO] [1786198671.830125285] [charge_scheduler]:   [充电车3] 趟3: 站 → 车#8(到5.0/限196.0✓) → 车#27(到19.4/限249.6✓) → 车#3(到27.2/限32.0✓) → 车#1(到54.0/限96.0✓) → 车#28(到77.8/限84.0✓) → 站
[charge_scheduler-1] [INFO] [1786198671.830130252] [charge_scheduler]:   [充电车1] 趟4: 站 → 车#5(到127.3/限128.0✓) → 车#16(到173.6/限184.8✓) → 站
[charge_scheduler-1] [INFO] [1786198671.830135648] [charge_scheduler]:   [充电车3] 趟5: 站 → 车#13(到126.7/限128.8✓) → 车#6(到164.4/限176.0✓) → 站
[charge_scheduler-1] [INFO] [1786198671.830140661] [charge_scheduler]:   [充电车2] 趟6: 站 → 车#9(到112.2/限116.0✓) → 车#0(到150.5/限168.0✓) → 车#10(到184.8/限224.0✓) → 站
[charge_scheduler-1] [INFO] [1786198671.830145434] [charge_scheduler]:   [充电车3] 趟7: 站 → 车#29(到222.8/限198.4✗超时) → 车#25(到269.3/限280.0✓) → 站
[charge_scheduler-1] [INFO] [1786198671.830149856] [charge_scheduler]:   [充电车1] 趟8: 站 → 车#23(到226.8/限236.8✓) → 车#2(到270.2/限288.0✓) → 站
[charge_scheduler-1] [INFO] [1786198671.830154104] [charge_scheduler]:   [充电车2] 趟9: 站 → 车#19(到238.1/限240.8✓) → 车#14(到277.1/限300.8✓) → 站
[charge_scheduler-1] [INFO] [1786198671.830158201] [charge_scheduler]:   [充电车1] 趟10: 站 → 车#20(到327.0/限179.2✗超时) → 站
[charge_scheduler-1] [INFO] [1786198671.830162624] [charge_scheduler]:   [充电车2] 趟11: 站 → 车#17(到334.5/限339.2✓) → 站
[charge_scheduler-1] [INFO] [1786198671.830166588] [charge_scheduler]:   [充电车3] 趟12: 站 → 车#26(到320.8/限160.0✗超时) → 站
[charge_scheduler-1] [INFO] [1786198671.830169791] [charge_scheduler]: ════════════════════════
[charge_scheduler-1] [INFO] [1786198671.830174865] [charge_scheduler]:   ⏱ 任务计时开始 (t=0)
[charge_scheduler-1] [INFO] [1786198671.830489071] [charge_scheduler]: [多车派发] 充电车1分配4趟、10辆目标车，开始独立逐任务派发
[charge_scheduler-1] [INFO] [1786198671.830540752] [charge_scheduler]:   → [充电车1] 第1/4趟 第1/5辆: 车#12 (3811.54,73799.88) | topic后缀=_1 | 承诺完成=8.50min
[charge_scheduler-1] [INFO] [1786198671.830832012] [charge_scheduler]: [多车派发] 充电车2分配4趟、10辆目标车，开始独立逐任务派发
[charge_scheduler-1] [INFO] [1786198671.830846792] [charge_scheduler]:   → [充电车2] 第1/4趟 第1/4辆: 车#4 (3705.05,73758.23) | topic后缀=_2 | 承诺完成=11.77min
[charge_scheduler-1] [INFO] [1786198671.831135449] [charge_scheduler]: [多车派发] 充电车3分配4趟、10辆目标车，开始独立逐任务派发
[charge_scheduler-1] [INFO] [1786198671.831148538] [charge_scheduler]:   → [充电车3] 第1/4趟 第1/5辆: 车#8 (3689.66,73663.13) | topic后缀=_3 | 承诺完成=17.45min
