[RUN_META] map=map1 experiment=E2 objective=OBJ-N method=ABS internal_mode=abstract scale=M10 K=1 seed=2 iters=8000
[RUN_META] case=./cases/charge_scheduler_M10_K1.param.yaml
[INFO] [launch]: All log files can be found below /root/.ros/log/2026-08-08-12-29-44-778042-YYYY-1561
[INFO] [launch]: Default logging verbosity is set to INFO
[INFO] [charge_scheduler-1]: process started with pid [1564]
[charge_scheduler-1] [INFO] [1786192184.915278765] [charge_scheduler]: [目标顺序] objective_order=Nlate,Tover,Ctotal
[charge_scheduler-1] [INFO] [1786192184.916073205] [charge_scheduler]: [Scheduler] 10辆车 | 电池800.0kWh(20%=160.0 80%=640.0) | 充电360kW效率97% | 行驶0.6kWh/km | 桩350kW
[charge_scheduler-1] [INFO] [1786192184.916136157] [charge_scheduler]: [Scheduler] 站端周转: 换电 10 min(换后满电) | 单趟可用 640 kWh
[charge_scheduler-1] [INFO] [1786192184.916156873] [charge_scheduler]:   车#0 [电动装载机282|light] 位置(-47.3,-2.6) 容量282kWh 剩余35% | α=6→6min/% τ=168min → 需130.8kWh(充21.2min)
[charge_scheduler-1] [INFO] [1786192184.916181520] [charge_scheduler]:   车#1 [重型叉车|light] 位置(-44.0,-64.1) 容量200kWh 剩余20% | α=6→6min/% τ=96min → 需123.7kWh(充20.0min)
[charge_scheduler-1] [INFO] [1786192184.916203271] [charge_scheduler]:   车#2 [电动装载机350|light] 位置(-51.1,-38.8) 容量350kWh 剩余50% | α=6→6min/% τ=288min → 需108.2kWh(充17.5min)
[charge_scheduler-1] [INFO] [1786192184.916228744] [charge_scheduler]:   车#3 [重型叉车|light] 位置(-71.0,-19.0) 容量200kWh 剩余10% | α=6→6min/% τ=32min → 需144.3kWh(充23.3min)
[charge_scheduler-1] [INFO] [1786192184.916249358] [charge_scheduler]:   车#4 [电动装载机282|heavy→降级] 位置(-93.3,6.6) 容量282kWh 剩余60% | α=3→6min/% τ=212min → 需58.1kWh(充9.4min)
[charge_scheduler-1] [INFO] [1786192184.916268993] [charge_scheduler]:   车#5 [电动装载机350|light] 位置(-104.4,47.7) 容量350kWh 剩余25% | α=6→6min/% τ=128min → 需198.5kWh(充32.1min)
[charge_scheduler-1] [INFO] [1786192184.916288648] [charge_scheduler]:   车#6 [电动装载机350|heavy→降级] 位置(-37.0,-75.1) 容量350kWh 剩余40% | α=4→6min/% τ=176min → 需144.3kWh(充23.3min)
[charge_scheduler-1] [INFO] [1786192184.916307030] [charge_scheduler]:   车#7 [重型叉车|light] 位置(-88.8,-37.1) 容量200kWh 剩余15% | α=6→6min/% τ=64min → 需134.0kWh(充21.7min)
[charge_scheduler-1] [INFO] [1786192184.916325630] [charge_scheduler]:   车#8 [电动装载机282|heavy→降级] 位置(-70.9,27.7) 容量282kWh 剩余55% | α=3→6min/% τ=196min → 需72.7kWh(充11.8min)
[charge_scheduler-1] [INFO] [1786192184.916348604] [charge_scheduler]:   车#9 [电动装载机282|heavy→降级] 位置(-35.4,-47.4) 容量282kWh 剩余30% | α=3→6min/% τ=116min → 需145.4kWh(充23.5min)
[charge_scheduler-1] [INFO] [1786192184.923694062] [charge_scheduler]: [Scheduler] 闭环接口: threshold=2.0min | event_sim=off | policy=global | structured_feedback=optional (/task_planner/execution_event)
[charge_scheduler-1] [INFO] [1786192184.923747658] [charge_scheduler]: [Scheduler] 已启动, 等待地图...
[charge_scheduler-1] [INFO] [1786192184.923755320] [charge_scheduler]: [Scheduler] 充电车1接口: sequence/served/arrived_target/arrived_station/return_goal/task_complete 后缀=_1
[charge_scheduler-1] [INFO] [1786192184.989538602] [charge_scheduler]: [Scheduler] RoutingGraph 就绪
[charge_scheduler-1] [INFO] [1786192184.989790395] [charge_scheduler]: [Scheduler] 提取到 6 条虚线捷径
[charge_scheduler-1] [INFO] [1786192185.001362500] [charge_scheduler]: [Scheduler] 下层兼容增强图: 166 节点, 6 条虚线掉头边
[charge_scheduler-1] [INFO] [1786192185.001422960] [charge_scheduler]:   [Abstract参数] opposite_angle=25.0deg normal_angle=30.0deg search_radius=15.00m lateral=[1.00,12.00]m longitudinal<=3.00m parallel_span=4.00m boundary_gap<=0.500m
[charge_scheduler-1] [INFO] [1786192185.005920948] [charge_scheduler]:   [Abstract] 站 → lanelet(14, 29) method=shared_boundary_id | lateral=2.742m longitudinal=0.031m distance=2.742m dot=-1.0000 normal=0.9999 boundary_gap=-1.0000m parallel_samples=3
[charge_scheduler-1] [INFO] [1786192185.009835711] [charge_scheduler]:   [Abstract] 车#0 → lanelet(29, 14) method=shared_boundary_id | lateral=2.702m longitudinal=0.036m distance=2.702m dot=-1.0000 normal=0.9999 boundary_gap=-1.0000m parallel_samples=3
[charge_scheduler-1] [INFO] [1786192185.013344068] [charge_scheduler]:   [Abstract] 车#1 → lanelet(65, 66) method=shared_boundary_id | lateral=2.759m longitudinal=0.040m distance=2.760m dot=-1.0000 normal=0.9999 boundary_gap=-1.0000m parallel_samples=3
[charge_scheduler-1] [INFO] [1786192185.016401803] [charge_scheduler]:   [Abstract] 车#2 → lanelet(43, 44) method=shared_boundary_id | lateral=2.679m longitudinal=0.250m distance=2.691m dot=-1.0000 normal=0.9957 boundary_gap=-1.0000m parallel_samples=3
[charge_scheduler-1] [INFO] [1786192185.020050911] [charge_scheduler]:   [Abstract] 车#3 → lanelet(218, 219) method=shared_boundary_id | lateral=2.715m longitudinal=0.098m distance=2.717m dot=-1.0000 normal=0.9994 boundary_gap=-1.0000m parallel_samples=3
[charge_scheduler-1] [INFO] [1786192185.028329434] [charge_scheduler]:   [Abstract] 车#4 → lanelet(98, 99) method=shared_boundary_id | lateral=2.803m longitudinal=0.148m distance=2.807m dot=-1.0000 normal=0.9986 boundary_gap=-1.0000m parallel_samples=3
[charge_scheduler-1] [INFO] [1786192185.031820869] [charge_scheduler]:   [Abstract] 车#5 → lanelet(114, 106) method=shared_boundary_id | lateral=4.623m longitudinal=0.021m distance=4.623m dot=-1.0000 normal=1.0000 boundary_gap=-1.0000m parallel_samples=3
[charge_scheduler-1] [INFO] [1786192185.036131290] [charge_scheduler]:   [Abstract] 车#6 → lanelet(76, 77) method=shared_boundary_id | lateral=2.702m longitudinal=0.017m distance=2.702m dot=-1.0000 normal=1.0000 boundary_gap=-1.0000m parallel_samples=3
[charge_scheduler-1] [INFO] [1786192185.040360996] [charge_scheduler]:   [Abstract] 车#7 → lanelet(87, 88) method=shared_boundary_id | lateral=3.006m longitudinal=0.014m distance=3.006m dot=-1.0000 normal=1.0000 boundary_gap=-1.0000m parallel_samples=3
[charge_scheduler-1] [INFO] [1786192185.044249673] [charge_scheduler]:   [Abstract] 车#8 → lanelet(216, 217) method=shared_boundary_id | lateral=3.031m longitudinal=0.391m distance=3.056m dot=-1.0000 normal=0.9918 boundary_gap=-1.0000m parallel_samples=3
[charge_scheduler-1] [INFO] [1786192185.047538961] [charge_scheduler]:   [Abstract] 车#9 → lanelet(44, 43) method=shared_boundary_id | lateral=2.685m longitudinal=0.081m distance=2.686m dot=-1.0000 normal=0.9995 boundary_gap=-1.0000m parallel_samples=3
[charge_scheduler-1] [INFO] [1786192185.047553120] [charge_scheduler]:   [Abstract投影汇总] shared_boundary_id=11 geometric_boundary=0 normal_direction_fallback=0 station_single_lane=0 not_found=0
[charge_scheduler-1] [INFO] [1786192185.898677679] [charge_scheduler]: [Scheduler] 距离矩阵完成 11x11, 897.3 ms | 模式=abstract | ECD不可达=0 DSP原始不可达=0 DSP虚线兜底=0 DSP最终不可达=0 抽象不可达=0 | 缺少对向投影节点=0 | 对向识别(ID/几何/法向)=11/0/0 | 单向驿站投影=0
[charge_scheduler-1] [INFO] [1786192185.898769372] [charge_scheduler]:   ✓ 比值自检：110 个 OD 满足 机动/直线≥1 | 均值=2.33 最大=6.58 (车#4→车#3)
[charge_scheduler-1] [INFO] [1786192185.898789779] [charge_scheduler]:   [Abstract诊断] 有限OD=110 | ABS<MAN=110 | ABS/MAN均值=0.743 最大=0.982 | 最大非对称差=12.714m
[charge_scheduler-1] [INFO] [1786192185.898807989] [charge_scheduler]: [Scheduler] 地图就绪, 166 条 lanelet（与下层一致）
[charge_scheduler-1] [INFO] [1786192185.898882290] [charge_scheduler]: ======== 开始VRPTW调度 10 辆车 ========
[charge_scheduler-1] [INFO] [1786192185.898917632] [charge_scheduler]:   规模10>8 → 启发式(alns)
[charge_scheduler-1] [INFO] [1786192187.340483686] [charge_scheduler]: [ALNS] objective_order=Nlate,Tover,Ctotal seed=2 iters=8000 | N_late=2(成功率80.0%) T_overtime=191.2min C_total=1377.0m | 趟数=4 makespan=342.9min
[charge_scheduler-1] [INFO] [1786192187.340555276] [charge_scheduler]:   求解耗时 1441.6 ms
[charge_scheduler-1] [INFO] [1786192187.340564128] [charge_scheduler]: ════════ 调度结果 ════════
[charge_scheduler-1] [INFO] [1786192187.340570627] [charge_scheduler]:   ★目标(字典序): objective_order=Nlate,Tover,Ctotal | N_late=2 辆 (按时成功率 8/10 = 80.0%)  T_overtime=191.2min  C_total=1377.0m
[charge_scheduler-1] [INFO] [1786192187.340578689] [charge_scheduler]:   附: 趟数=4 | makespan=342.9min | 能量可行=是
[charge_scheduler-1] [INFO] [1786192187.340596399] [charge_scheduler]:   趟1: 站 → 车#4(到1.4/限212.0✓) → 车#8(到11.8/限196.0✓) → 车#3(到26.0/限32.0✓) → 车#7(到51.2/限64.0✓) → 车#1(到76.4/限96.0✓) → 站
[charge_scheduler-1] [INFO] [1786192187.340603571] [charge_scheduler]:   趟2: 站 → 车#9(到114.7/限116.0✓) → 车#0(到151.1/限168.0✓) → 站
[charge_scheduler-1] [INFO] [1786192187.340610177] [charge_scheduler]:   趟3: 站 → 车#6(到198.3/限176.0✗超时) → 车#2(到243.2/限288.0✓) → 站
[charge_scheduler-1] [INFO] [1786192187.340615904] [charge_scheduler]:   趟4: 站 → 车#5(到296.9/限128.0✗超时) → 站
[charge_scheduler-1] [INFO] [1786192187.340620480] [charge_scheduler]: ════════════════════════
[charge_scheduler-1] [WARN] [1786192187.340683891] [charge_scheduler]: ════ 耦合消融重放：抽象路网定序 → 同K ECD执行口径 ════
[charge_scheduler-1] [WARN] [1786192187.340693107] [charge_scheduler]:   【抽象路网仅生成顺序；K=1、能量、换电、分趟和并行时间线均按ECD执行一致机动距离重新解码】
[charge_scheduler-1] [WARN] [1786192187.340697300] [charge_scheduler]:   N_late=3 (按时率 7/10 = 70.0%)   T_overtime=203.3min   C_total=1684.2m   makespan=349.0min   能量违规=0   objective_order=Nlate,Tover,Ctotal
[charge_scheduler-1] [WARN] [1786192187.340703954] [charge_scheduler]:   逐辆到达时刻（ECD执行口径、同K解码）：
[charge_scheduler-1] [WARN] [1786192187.340707703] [charge_scheduler]:      车#0 到达 154.7 / 限 168.0 ✓
[charge_scheduler-1] [WARN] [1786192187.340712429] [charge_scheduler]:      车#1 到达 79.3 / 限 96.0 ✓
[charge_scheduler-1] [WARN] [1786192187.340716752] [charge_scheduler]:      车#2 到达 247.6 / 限 288.0 ✓
[charge_scheduler-1] [WARN] [1786192187.340722646] [charge_scheduler]:      车#3 到达 28.2 / 限 32.0 ✓
[charge_scheduler-1] [WARN] [1786192187.340727152] [charge_scheduler]:      车#4 到达 1.4 / 限 212.0 ✓
[charge_scheduler-1] [WARN] [1786192187.340731470] [charge_scheduler]:      车#5 到达 302.8 / 限 128.0 ✗超时
[charge_scheduler-1] [WARN] [1786192187.340736089] [charge_scheduler]:      车#6 到达 202.5 / 限 176.0 ✗超时
[charge_scheduler-1] [WARN] [1786192187.340740437] [charge_scheduler]:      车#7 到达 53.7 / 限 64.0 ✓
[charge_scheduler-1] [WARN] [1786192187.340744801] [charge_scheduler]:      车#8 到达 13.7 / 限 196.0 ✓
[charge_scheduler-1] [WARN] [1786192187.340749212] [charge_scheduler]:      车#9 到达 118.0 / 限 116.0 ✗超时
[charge_scheduler-1] [WARN] [1786192187.340755464] [charge_scheduler]:   抽象路网生成的固定访问顺序 = #4 #8 #3 #7 #9 #1 #0 #6 #2 #5 
[charge_scheduler-1] [WARN] [1786192187.340762823] [charge_scheduler]: ════════════════════════════════════════
[charge_scheduler-1] [INFO] [1786192187.340770651] [charge_scheduler]:   ⏱ 任务计时开始 (t=0)
[charge_scheduler-1] [INFO] [1786192187.341002194] [charge_scheduler]:   → 趟1 第1辆: 车#4 [电动装载机282] (-93.30,6.61) 容量282.00kWh 剩余60% | 承诺完成=10.99min plan_v=0
