[INFO] [launch]: All log files can be found below /root/.ros/log/2026-07-29-10-13-14-768651-YYYY-20335
[INFO] [launch]: Default logging verbosity is set to INFO
[INFO] [charge_scheduler-1]: process started with pid [20337]
[charge_scheduler-1] [INFO] [1785319994.941221148] [charge_scheduler]: [目标顺序] objective_order=Nlate,Tover,Ctotal
[charge_scheduler-1] [INFO] [1785319994.942043101] [charge_scheduler]: [Scheduler] 20辆车 | 电池800.0kWh(20%=160.0 80%=640.0) | 充电360kW效率97% | 行驶0.6kWh/km | 桩350kW
[charge_scheduler-1] [INFO] [1785319994.942089342] [charge_scheduler]: [Scheduler] 站端周转: 换电 10 min(换后满电) | 单趟可用 640 kWh
[charge_scheduler-1] [INFO] [1785319994.942101045] [charge_scheduler]:   车#0 [电动装载机282|light] 位置(-47.3,-2.6) 容量282kWh 剩余35% | α=6→6min/% τ=168min → 需130.8kWh(充21.2min)
[charge_scheduler-1] [INFO] [1785319994.942118458] [charge_scheduler]:   车#1 [重型叉车|light] 位置(-44.0,-64.1) 容量200kWh 剩余20% | α=6→6min/% τ=96min → 需123.7kWh(充20.0min)
[charge_scheduler-1] [INFO] [1785319994.942133113] [charge_scheduler]:   车#2 [电动装载机350|light] 位置(-51.1,-38.8) 容量350kWh 剩余50% | α=6→6min/% τ=288min → 需108.2kWh(充17.5min)
[charge_scheduler-1] [INFO] [1785319994.942147094] [charge_scheduler]:   车#3 [重型叉车|light] 位置(-71.0,-19.0) 容量200kWh 剩余10% | α=6→6min/% τ=32min → 需144.3kWh(充23.3min)
[charge_scheduler-1] [INFO] [1785319994.942160375] [charge_scheduler]:   车#4 [电动装载机282|heavy→降级] 位置(-93.3,6.6) 容量282kWh 剩余60% | α=3→6min/% τ=212min → 需58.1kWh(充9.4min)
[charge_scheduler-1] [INFO] [1785319994.942220906] [charge_scheduler]:   车#5 [电动装载机350|light] 位置(-104.4,47.7) 容量350kWh 剩余25% | α=6→6min/% τ=128min → 需198.5kWh(充32.1min)
[charge_scheduler-1] [INFO] [1785319994.942249015] [charge_scheduler]:   车#6 [电动装载机350|heavy→降级] 位置(-37.0,-75.1) 容量350kWh 剩余40% | α=4→6min/% τ=176min → 需144.3kWh(充23.3min)
[charge_scheduler-1] [INFO] [1785319994.942265440] [charge_scheduler]:   车#7 [重型叉车|light] 位置(-88.8,-37.1) 容量200kWh 剩余15% | α=6→6min/% τ=64min → 需134.0kWh(充21.7min)
[charge_scheduler-1] [INFO] [1785319994.942278875] [charge_scheduler]:   车#8 [电动装载机282|heavy→降级] 位置(-70.9,27.7) 容量282kWh 剩余55% | α=3→6min/% τ=196min → 需72.7kWh(充11.8min)
[charge_scheduler-1] [INFO] [1785319994.942292724] [charge_scheduler]:   车#9 [电动装载机282|heavy→降级] 位置(-35.4,-47.4) 容量282kWh 剩余30% | α=3→6min/% τ=116min → 需145.4kWh(充23.5min)
[charge_scheduler-1] [INFO] [1785319994.942308625] [charge_scheduler]:   车#10 [电动装载机282|light] 位置(-100.0,-1.0) 容量282kWh 剩余45% | α=6→6min/% τ=224min → 需101.8kWh(充16.4min)
[charge_scheduler-1] [INFO] [1785319994.942322461] [charge_scheduler]:   车#11 [电动装载机350|light] 位置(-72.8,-15.6) 容量350kWh 剩余18% | α=6→6min/% τ=83min → 需223.7kWh(充36.2min)
[charge_scheduler-1] [INFO] [1785319994.942341266] [charge_scheduler]:   车#12 [重型叉车|heavy→降级] 位置(-61.7,-20.7) 容量200kWh 剩余62% | α=3→6min/% τ=230min → 需37.1kWh(充6.0min)
[charge_scheduler-1] [INFO] [1785319994.942354585] [charge_scheduler]:   车#13 [电动装载机282|light] 位置(-133.0,-25.3) 容量282kWh 剩余28% | α=6→6min/% τ=129min → 需151.2kWh(充24.4min)
[charge_scheduler-1] [INFO] [1785319994.942370342] [charge_scheduler]:   车#14 [电动装载机350|light] 位置(-132.0,-8.9) 容量350kWh 剩余52% | α=6→6min/% τ=301min → 需101.0kWh(充16.3min)
[charge_scheduler-1] [INFO] [1785319994.942385527] [charge_scheduler]:   车#15 [重型叉车|light] 位置(-120.0,7.9) 容量200kWh 剩余12% | α=6→6min/% τ=45min → 需140.2kWh(充22.7min)
[charge_scheduler-1] [INFO] [1785319994.942399995] [charge_scheduler]:   车#16 [电动装载机282|light] 位置(-43.8,-82.9) 容量282kWh 剩余38% | α=6→6min/% τ=185min → 需122.1kWh(充19.7min)
[charge_scheduler-1] [INFO] [1785319994.942411497] [charge_scheduler]:   车#17 [电动装载机350|light] 位置(-31.1,-74.7) 容量350kWh 剩余58% | α=6→6min/% τ=339min → 需79.4kWh(充12.8min)
[charge_scheduler-1] [INFO] [1785319994.942420512] [charge_scheduler]:   车#18 [重型叉车|heavy→降级] 位置(-75.4,-68.2) 容量200kWh 剩余22% | α=3→6min/% τ=102min → 需119.6kWh(充19.3min)
[charge_scheduler-1] [INFO] [1785319994.942432168] [charge_scheduler]:   车#19 [电动装载机282|light] 位置(-88.2,47.1) 容量282kWh 剩余48% | α=6→6min/% τ=241min → 需93.0kWh(充15.0min)
[charge_scheduler-1] [INFO] [1785319994.952764929] [charge_scheduler]: [Scheduler] 闭环接口: threshold=10.0min | event_sim=on | policy=fixed | structured_feedback=optional (/task_planner/execution_event)
[charge_scheduler-1] [INFO] [1785319994.952867960] [charge_scheduler]: [Scheduler] 已启动, 等待地图...
[charge_scheduler-1] [INFO] [1785319995.097039413] [charge_scheduler]: [Scheduler] RoutingGraph 就绪
[charge_scheduler-1] [INFO] [1785319995.097432117] [charge_scheduler]: [Scheduler] 提取到 6 条虚线捷径
[charge_scheduler-1] [INFO] [1785319995.111669286] [charge_scheduler]: [Scheduler] 下层兼容增强图: 166 节点, 6 条虚线掉头边
[charge_scheduler-1] [INFO] [1785319998.847992014] [charge_scheduler]: [Scheduler] 距离矩阵完成 21x21, 3736.3 ms | 模式=maneuver | 真实不可达=0 抽象不可达=0 | 缺少对向投影节点=0
[charge_scheduler-1] [INFO] [1785319998.848071702] [charge_scheduler]:   ✓ 比值自检：420 个 OD 满足 机动/直线≥1 | 均值=2.70 最大=41.42 (车#4→车#10)
[charge_scheduler-1] [INFO] [1785319998.848087050] [charge_scheduler]: [Scheduler] 地图就绪, 166 条 lanelet（与下层一致）
[charge_scheduler-1] [INFO] [1785319998.848146006] [charge_scheduler]: ======== 开始VRPTW调度 20 辆车 ========
[charge_scheduler-1] [INFO] [1785319998.848153485] [charge_scheduler]:   规模20>8 → 启发式(alns)
[charge_scheduler-1] [INFO] [1785320012.799419012] [charge_scheduler]: [ALNS] objective_order=Nlate,Tover,Ctotal seed=8 iters=15000 | N_late=2(成功率90.0%) T_overtime=135.1min C_total=3720.9m | 趟数=7 makespan=376.4min
[charge_scheduler-1] [INFO] [1785320012.799494107] [charge_scheduler]:   求解耗时 13951.3 ms
[charge_scheduler-1] [INFO] [1785320012.799504160] [charge_scheduler]: ════════ 调度结果 ════════
[charge_scheduler-1] [INFO] [1785320012.799510458] [charge_scheduler]:   ★目标(字典序): objective_order=Nlate,Tover,Ctotal | N_late=2 辆 (按时成功率 18/20 = 90.0%)  T_overtime=135.1min  C_total=3720.9m
[charge_scheduler-1] [INFO] [1785320012.799518767] [charge_scheduler]:   附: 趟数=7 | makespan=376.4min | 能量可行=是
[charge_scheduler-1] [INFO] [1785320012.799532496] [charge_scheduler]:   [充电车2] 趟1: 站 → 车#4(到1.4/限212.0✓) → 车#8(到13.7/限196.0✓) → 车#3(到28.2/限32.0✓) → 车#11(到53.2/限83.2✓) → 站
[charge_scheduler-1] [INFO] [1785320012.799541375] [charge_scheduler]:   [充电车1] 趟2: 站 → 车#12(到2.3/限230.4✓) → 车#15(到9.8/限44.8✓) → 车#7(到34.9/限64.0✓) → 车#18(到59.3/限102.4✓) → 车#1(到83.2/限96.0✓) → 站
[charge_scheduler-1] [INFO] [1785320012.799547879] [charge_scheduler]:   [充电车2] 趟3: 站 → 车#9(到108.8/限116.0✓) → 车#16(到144.7/限184.8✓) → 站
[charge_scheduler-1] [INFO] [1785320012.799555271] [charge_scheduler]:   [充电车1] 趟4: 站 → 车#13(到122.8/限128.8✓) → 车#0(到160.7/限168.0✓) → 车#10(到199.0/限224.0✓) → 站
[charge_scheduler-1] [INFO] [1785320012.799561963] [charge_scheduler]:   [充电车2] 趟5: 站 → 车#5(到192.5/限128.0✗超时) → 车#19(到236.6/限240.8✓) → 站
[charge_scheduler-1] [INFO] [1785320012.799568060] [charge_scheduler]:   [充电车1] 趟6: 站 → 车#6(到246.6/限176.0✗超时) → 车#14(到292.8/限300.8✓) → 站
[charge_scheduler-1] [INFO] [1785320012.799573869] [charge_scheduler]:   [充电车2] 趟7: 站 → 车#2(到285.8/限288.0✓) → 车#17(到330.6/限339.2✓) → 站
[charge_scheduler-1] [INFO] [1785320012.799578064] [charge_scheduler]: ════════════════════════
[charge_scheduler-1] [INFO] [1785320012.799638716] [charge_scheduler]: [扰动清单] type=station delay=60.0min targets={} station={C1-S1,C2-S1,}
[charge_scheduler-1] [INFO] [1785320012.799659848] [charge_scheduler]: [执行事件] loop=open plan_v=0 C1 type=target_service target=12 station_ord=0 planned_finish=8.58 actual_finish=8.58 dev=+0.00 injected=0.0
[charge_scheduler-1] [INFO] [1785320012.799667517] [charge_scheduler]: [执行事件] loop=open plan_v=0 C2 type=target_service target=4 station_ord=0 planned_finish=11.04 actual_finish=11.04 dev=+0.00 injected=0.0
[charge_scheduler-1] [INFO] [1785320012.799674209] [charge_scheduler]: [执行事件] loop=open plan_v=0 C2 type=target_service target=8 station_ord=0 planned_finish=27.46 actual_finish=27.46 dev=+0.00 injected=0.0
[charge_scheduler-1] [INFO] [1785320012.799680508] [charge_scheduler]: [执行事件] loop=open plan_v=0 C1 type=target_service target=15 station_ord=0 planned_finish=33.02 actual_finish=33.02 dev=+0.00 injected=0.0
[charge_scheduler-1] [INFO] [1785320012.799687180] [charge_scheduler]: [执行事件] loop=open plan_v=0 C2 type=target_service target=3 station_ord=0 planned_finish=53.05 actual_finish=53.05 dev=+0.00 injected=0.0
[charge_scheduler-1] [INFO] [1785320012.799727156] [charge_scheduler]: [执行事件] loop=open plan_v=0 C1 type=target_service target=7 station_ord=0 planned_finish=58.39 actual_finish=58.39 dev=+0.00 injected=0.0
[charge_scheduler-1] [INFO] [1785320012.799734310] [charge_scheduler]: [执行事件] loop=open plan_v=0 C1 type=target_service target=18 station_ord=0 planned_finish=82.05 actual_finish=82.05 dev=+0.00 injected=0.0
[charge_scheduler-1] [INFO] [1785320012.799741086] [charge_scheduler]: [执行事件] loop=open plan_v=0 C2 type=target_service target=11 station_ord=0 planned_finish=94.18 actual_finish=94.18 dev=+0.00 injected=0.0
[charge_scheduler-1] [INFO] [1785320012.799748921] [charge_scheduler]: [执行事件] loop=open plan_v=0 C1 type=target_service target=1 station_ord=0 planned_finish=107.54 actual_finish=107.54 dev=+0.00 injected=0.0
[charge_scheduler-1] [INFO] [1785320012.799756775] [charge_scheduler]: [执行事件] loop=open plan_v=0 C2 type=station_turnaround target=-1 station_ord=1 planned_finish=106.67 actual_finish=166.67 dev=+60.00 injected=60.0
[charge_scheduler-1] [INFO] [1785320012.799764313] [charge_scheduler]: [执行事件] loop=open plan_v=0 C1 type=station_turnaround target=-1 station_ord=1 planned_finish=119.97 actual_finish=179.97 dev=+60.00 injected=60.0
[charge_scheduler-1] [INFO] [1785320012.799771516] [charge_scheduler]: [执行事件] loop=open plan_v=0 C2 type=target_service target=9 station_ord=0 planned_finish=143.49 actual_finish=204.09 dev=+60.60 injected=0.0
[charge_scheduler-1] [INFO] [1785320012.799778598] [charge_scheduler]: [执行事件] loop=open plan_v=0 C1 type=target_service target=13 station_ord=0 planned_finish=157.50 actual_finish=218.01 dev=+60.51 injected=0.0
[charge_scheduler-1] [INFO] [1785320012.799785658] [charge_scheduler]: [执行事件] loop=open plan_v=0 C2 type=target_service target=16 station_ord=0 planned_finish=176.61 actual_finish=240.58 dev=+63.96 injected=0.0
[charge_scheduler-1] [INFO] [1785320012.799792690] [charge_scheduler]: [执行事件] loop=open plan_v=0 C2 type=station_turnaround target=-1 station_ord=2 planned_finish=189.33 actual_finish=253.30 dev=+63.96 injected=0.0
[charge_scheduler-1] [INFO] [1785320012.799799480] [charge_scheduler]: [执行事件] loop=open plan_v=0 C1 type=target_service target=0 station_ord=0 planned_finish=195.36 actual_finish=256.48 dev=+61.12 injected=0.0
[charge_scheduler-1] [INFO] [1785320012.799806632] [charge_scheduler]: [执行事件] loop=open plan_v=0 C1 type=target_service target=10 station_ord=0 planned_finish=232.10 actual_finish=295.32 dev=+63.22 injected=0.0
[charge_scheduler-1] [INFO] [1785320012.799814490] [charge_scheduler]: [执行事件] loop=open plan_v=0 C2 type=target_service target=5 station_ord=0 planned_finish=236.26 actual_finish=300.22 dev=+63.96 injected=0.0
[charge_scheduler-1] [INFO] [1785320012.799821048] [charge_scheduler]: [执行事件] loop=open plan_v=0 C1 type=station_turnaround target=-1 station_ord=2 planned_finish=243.75 actual_finish=306.97 dev=+63.22 injected=0.0
[charge_scheduler-1] [INFO] [1785320012.799829069] [charge_scheduler]: [执行事件] loop=open plan_v=0 C2 type=target_service target=19 station_ord=0 planned_finish=271.52 actual_finish=335.83 dev=+64.31 injected=0.0
[charge_scheduler-1] [INFO] [1785320012.799835877] [charge_scheduler]: [执行事件] loop=open plan_v=0 C2 type=station_turnaround target=-1 station_ord=3 planned_finish=283.72 actual_finish=348.03 dev=+64.31 injected=0.0
[charge_scheduler-1] [INFO] [1785320012.799842654] [charge_scheduler]: [执行事件] loop=open plan_v=0 C1 type=target_service target=6 station_ord=0 planned_finish=290.31 actual_finish=353.53 dev=+63.22 injected=0.0
[charge_scheduler-1] [INFO] [1785320012.799849331] [charge_scheduler]: [执行事件] loop=open plan_v=0 C2 type=target_service target=2 station_ord=0 planned_finish=329.30 actual_finish=393.82 dev=+64.52 injected=0.0
[charge_scheduler-1] [INFO] [1785320012.799856788] [charge_scheduler]: [执行事件] loop=open plan_v=0 C1 type=target_service target=14 station_ord=0 planned_finish=335.82 actual_finish=399.77 dev=+63.95 injected=0.0
[charge_scheduler-1] [INFO] [1785320012.799863046] [charge_scheduler]: [执行事件] loop=open plan_v=0 C1 type=final_return target=-1 station_ord=0 planned_finish=339.58 actual_finish=403.53 dev=+63.95 injected=0.0
[charge_scheduler-1] [INFO] [1785320012.799871768] [charge_scheduler]: [执行事件] loop=open plan_v=0 C2 type=target_service target=17 station_ord=0 planned_finish=373.60 actual_finish=438.90 dev=+65.30 injected=0.0
[charge_scheduler-1] [INFO] [1785320012.799878046] [charge_scheduler]: [执行事件] loop=open plan_v=0 C2 type=final_return target=-1 station_ord=0 planned_finish=376.39 actual_finish=441.69 dev=+65.30 injected=0.0
[charge_scheduler-1] [INFO] [1785320012.799892199] [charge_scheduler]: [执行事件] loop=fixed plan_v=0 C1 type=target_service target=12 station_ord=0 planned_finish=8.58 actual_finish=8.58 dev=+0.00 injected=0.0
[charge_scheduler-1] [INFO] [1785320012.799898656] [charge_scheduler]: [执行事件] loop=fixed plan_v=0 C2 type=target_service target=4 station_ord=0 planned_finish=11.04 actual_finish=11.04 dev=+0.00 injected=0.0
[charge_scheduler-1] [INFO] [1785320012.799905150] [charge_scheduler]: [执行事件] loop=fixed plan_v=0 C2 type=target_service target=8 station_ord=0 planned_finish=27.46 actual_finish=27.46 dev=+0.00 injected=0.0
[charge_scheduler-1] [INFO] [1785320012.799911570] [charge_scheduler]: [执行事件] loop=fixed plan_v=0 C1 type=target_service target=15 station_ord=0 planned_finish=33.02 actual_finish=33.02 dev=+0.00 injected=0.0
[charge_scheduler-1] [INFO] [1785320012.799917964] [charge_scheduler]: [执行事件] loop=fixed plan_v=0 C2 type=target_service target=3 station_ord=0 planned_finish=53.05 actual_finish=53.05 dev=+0.00 injected=0.0
[charge_scheduler-1] [INFO] [1785320012.799924275] [charge_scheduler]: [执行事件] loop=fixed plan_v=0 C1 type=target_service target=7 station_ord=0 planned_finish=58.39 actual_finish=58.39 dev=+0.00 injected=0.0
[charge_scheduler-1] [INFO] [1785320012.799930754] [charge_scheduler]: [执行事件] loop=fixed plan_v=0 C1 type=target_service target=18 station_ord=0 planned_finish=82.05 actual_finish=82.05 dev=+0.00 injected=0.0
[charge_scheduler-1] [INFO] [1785320012.799937177] [charge_scheduler]: [执行事件] loop=fixed plan_v=0 C2 type=target_service target=11 station_ord=0 planned_finish=94.18 actual_finish=94.18 dev=+0.00 injected=0.0
[charge_scheduler-1] [INFO] [1785320012.799943784] [charge_scheduler]: [执行事件] loop=fixed plan_v=0 C1 type=target_service target=1 station_ord=0 planned_finish=107.54 actual_finish=107.54 dev=+0.00 injected=0.0
[charge_scheduler-1] [INFO] [1785320012.799950673] [charge_scheduler]: [执行事件] loop=fixed plan_v=0 C2 type=station_turnaround target=-1 station_ord=1 planned_finish=106.67 actual_finish=166.67 dev=+60.00 injected=60.0
[charge_scheduler-1] [WARN] [1785320013.058130977] [charge_scheduler]: [重调度事件] policy=fixed #1 t=166.67min trigger=C2/station_turnaround dev=+60.00 pool=11 committed=0 plan_v=1 solve_ms=258.1 changed_assign=0 changed_order=10
[charge_scheduler-1] [INFO] [1785320013.058206188] [charge_scheduler]: [执行事件] loop=fixed plan_v=0 C1 type=station_turnaround target=-1 station_ord=1 planned_finish=119.97 actual_finish=179.97 dev=+60.00 injected=60.0
[charge_scheduler-1] [WARN] [1785320013.317995233] [charge_scheduler]: [重调度事件] policy=fixed #2 t=179.97min trigger=C1/station_turnaround dev=+60.00 pool=10 committed=1 plan_v=2 solve_ms=259.7 changed_assign=0 changed_order=8
[charge_scheduler-1] [INFO] [1785320013.318055393] [charge_scheduler]: [执行事件] loop=fixed plan_v=1 C2 type=target_service target=9 station_ord=0 planned_finish=204.09 actual_finish=204.09 dev=+0.00 injected=0.0
[charge_scheduler-1] [INFO] [1785320013.318067493] [charge_scheduler]: [执行事件] loop=fixed plan_v=2 C1 type=target_service target=0 station_ord=0 planned_finish=216.05 actual_finish=216.05 dev=+0.00 injected=0.0
[charge_scheduler-1] [INFO] [1785320013.318078437] [charge_scheduler]: [执行事件] loop=fixed plan_v=2 C2 type=target_service target=16 station_ord=0 planned_finish=240.58 actual_finish=240.58 dev=+0.00 injected=0.0
[charge_scheduler-1] [INFO] [1785320013.318087706] [charge_scheduler]: [执行事件] loop=fixed plan_v=2 C2 type=station_turnaround target=-1 station_ord=2 planned_finish=253.30 actual_finish=253.30 dev=+0.00 injected=0.0
[charge_scheduler-1] [INFO] [1785320013.318096181] [charge_scheduler]: [执行事件] loop=fixed plan_v=2 C1 type=target_service target=10 station_ord=0 planned_finish=254.52 actual_finish=254.52 dev=+0.00 injected=0.0
[charge_scheduler-1] [INFO] [1785320013.318103794] [charge_scheduler]: [执行事件] loop=fixed plan_v=2 C1 type=station_turnaround target=-1 station_ord=2 planned_finish=266.17 actual_finish=266.17 dev=+0.00 injected=0.0
[charge_scheduler-1] [INFO] [1785320013.318153102] [charge_scheduler]: [执行事件] loop=fixed plan_v=2 C2 type=target_service target=19 station_ord=0 planned_finish=291.96 actual_finish=291.96 dev=+0.00 injected=0.0
[charge_scheduler-1] [INFO] [1785320013.318161028] [charge_scheduler]: [执行事件] loop=fixed plan_v=2 C1 type=target_service target=13 station_ord=0 planned_finish=304.22 actual_finish=304.22 dev=+0.00 injected=0.0
[charge_scheduler-1] [INFO] [1785320013.318168822] [charge_scheduler]: [执行事件] loop=fixed plan_v=2 C2 type=target_service target=5 station_ord=0 planned_finish=336.02 actual_finish=336.02 dev=+0.00 injected=0.0
[charge_scheduler-1] [INFO] [1785320013.318176271] [charge_scheduler]: [执行事件] loop=fixed plan_v=2 C1 type=target_service target=14 station_ord=0 planned_finish=348.31 actual_finish=348.31 dev=+0.00 injected=0.0
[charge_scheduler-1] [INFO] [1785320013.318183814] [charge_scheduler]: [执行事件] loop=fixed plan_v=2 C2 type=station_turnaround target=-1 station_ord=3 planned_finish=348.45 actual_finish=348.45 dev=+0.00 injected=0.0
[charge_scheduler-1] [INFO] [1785320013.318194868] [charge_scheduler]: [执行事件] loop=fixed plan_v=2 C1 type=station_turnaround target=-1 station_ord=3 planned_finish=362.08 actual_finish=362.08 dev=+0.00 injected=0.0
[charge_scheduler-1] [INFO] [1785320013.318202721] [charge_scheduler]: [执行事件] loop=fixed plan_v=2 C2 type=target_service target=2 station_ord=0 planned_finish=394.24 actual_finish=394.24 dev=+0.00 injected=0.0
[charge_scheduler-1] [INFO] [1785320013.318210211] [charge_scheduler]: [执行事件] loop=fixed plan_v=2 C1 type=target_service target=6 station_ord=0 planned_finish=408.64 actual_finish=408.64 dev=+0.00 injected=0.0
[charge_scheduler-1] [INFO] [1785320013.318217379] [charge_scheduler]: [执行事件] loop=fixed plan_v=2 C1 type=final_return target=-1 station_ord=0 planned_finish=411.33 actual_finish=411.33 dev=+0.00 injected=0.0
[charge_scheduler-1] [INFO] [1785320013.318224519] [charge_scheduler]: [执行事件] loop=fixed plan_v=2 C2 type=target_service target=17 station_ord=0 planned_finish=439.32 actual_finish=439.32 dev=+0.00 injected=0.0
[charge_scheduler-1] [INFO] [1785320013.318231460] [charge_scheduler]: [执行事件] loop=fixed plan_v=2 C2 type=final_return target=-1 station_ord=0 planned_finish=442.11 actual_finish=442.11 dev=+0.00 injected=0.0
[charge_scheduler-1] [INFO] [1785320013.318252028] [charge_scheduler]: ★闭环实验结果 mode=open M=20 K=2 disturbance=station delay=60.0 seed=8 N_late=11 T_overtime=711.915 C_total=3720.913 makespan=441.689 served=20 energy_viol=2 reschedules=0 reschedule_ms=0.000 changed_assign=0 changed_order=0 applied_target=0 applied_station=2 initial_solve_ms=13951.340 objective_order=Nlate,Tover,Ctotal
[charge_scheduler-1] [INFO] [1785320013.318267534] [charge_scheduler]: ★闭环实验结果 mode=fixed M=20 K=2 disturbance=station delay=60.0 seed=8 N_late=10 T_overtime=718.028 C_total=3626.803 makespan=442.111 served=20 energy_viol=0 reschedules=2 reschedule_ms=517.851 changed_assign=0 changed_order=18 applied_target=0 applied_station=2 initial_solve_ms=13951.340 objective_order=Nlate,Tover,Ctotal
[charge_scheduler-1] [INFO] [1785320013.318277961] [charge_scheduler]: ★闭环实验收益 policy=fixed M=20 K=2 disturbance=station delay=60.0 seed=8 recovered_late=1 overtime_reduction=-6.113 distance_delta=-94.110 makespan_reduction=-0.421
