[INFO] [launch]: All log files can be found below /root/.ros/log/2026-07-29-10-08-20-169970-YYYY-19428
[INFO] [launch]: Default logging verbosity is set to INFO
[INFO] [charge_scheduler-1]: process started with pid [19429]
[charge_scheduler-1] [INFO] [1785319700.323583067] [charge_scheduler]: [目标顺序] objective_order=Nlate,Tover,Ctotal
[charge_scheduler-1] [INFO] [1785319700.324066730] [charge_scheduler]: [Scheduler] 20辆车 | 电池800.0kWh(20%=160.0 80%=640.0) | 充电360kW效率97% | 行驶0.6kWh/km | 桩350kW
[charge_scheduler-1] [INFO] [1785319700.324099651] [charge_scheduler]: [Scheduler] 站端周转: 换电 10 min(换后满电) | 单趟可用 640 kWh
[charge_scheduler-1] [INFO] [1785319700.324109201] [charge_scheduler]:   车#0 [电动装载机282|light] 位置(-47.3,-2.6) 容量282kWh 剩余35% | α=6→6min/% τ=168min → 需130.8kWh(充21.2min)
[charge_scheduler-1] [INFO] [1785319700.324124282] [charge_scheduler]:   车#1 [重型叉车|light] 位置(-44.0,-64.1) 容量200kWh 剩余20% | α=6→6min/% τ=96min → 需123.7kWh(充20.0min)
[charge_scheduler-1] [INFO] [1785319700.324136461] [charge_scheduler]:   车#2 [电动装载机350|light] 位置(-51.1,-38.8) 容量350kWh 剩余50% | α=6→6min/% τ=288min → 需108.2kWh(充17.5min)
[charge_scheduler-1] [INFO] [1785319700.324147896] [charge_scheduler]:   车#3 [重型叉车|light] 位置(-71.0,-19.0) 容量200kWh 剩余10% | α=6→6min/% τ=32min → 需144.3kWh(充23.3min)
[charge_scheduler-1] [INFO] [1785319700.324159426] [charge_scheduler]:   车#4 [电动装载机282|heavy→降级] 位置(-93.3,6.6) 容量282kWh 剩余60% | α=3→6min/% τ=212min → 需58.1kWh(充9.4min)
[charge_scheduler-1] [INFO] [1785319700.324170938] [charge_scheduler]:   车#5 [电动装载机350|light] 位置(-104.4,47.7) 容量350kWh 剩余25% | α=6→6min/% τ=128min → 需198.5kWh(充32.1min)
[charge_scheduler-1] [INFO] [1785319700.324182523] [charge_scheduler]:   车#6 [电动装载机350|heavy→降级] 位置(-37.0,-75.1) 容量350kWh 剩余40% | α=4→6min/% τ=176min → 需144.3kWh(充23.3min)
[charge_scheduler-1] [INFO] [1785319700.324194058] [charge_scheduler]:   车#7 [重型叉车|light] 位置(-88.8,-37.1) 容量200kWh 剩余15% | α=6→6min/% τ=64min → 需134.0kWh(充21.7min)
[charge_scheduler-1] [INFO] [1785319700.324205208] [charge_scheduler]:   车#8 [电动装载机282|heavy→降级] 位置(-70.9,27.7) 容量282kWh 剩余55% | α=3→6min/% τ=196min → 需72.7kWh(充11.8min)
[charge_scheduler-1] [INFO] [1785319700.324221841] [charge_scheduler]:   车#9 [电动装载机282|heavy→降级] 位置(-35.4,-47.4) 容量282kWh 剩余30% | α=3→6min/% τ=116min → 需145.4kWh(充23.5min)
[charge_scheduler-1] [INFO] [1785319700.324233216] [charge_scheduler]:   车#10 [电动装载机282|light] 位置(-100.0,-1.0) 容量282kWh 剩余45% | α=6→6min/% τ=224min → 需101.8kWh(充16.4min)
[charge_scheduler-1] [INFO] [1785319700.324260751] [charge_scheduler]:   车#11 [电动装载机350|light] 位置(-72.8,-15.6) 容量350kWh 剩余18% | α=6→6min/% τ=83min → 需223.7kWh(充36.2min)
[charge_scheduler-1] [INFO] [1785319700.324272424] [charge_scheduler]:   车#12 [重型叉车|heavy→降级] 位置(-61.7,-20.7) 容量200kWh 剩余62% | α=3→6min/% τ=230min → 需37.1kWh(充6.0min)
[charge_scheduler-1] [INFO] [1785319700.324283698] [charge_scheduler]:   车#13 [电动装载机282|light] 位置(-133.0,-25.3) 容量282kWh 剩余28% | α=6→6min/% τ=129min → 需151.2kWh(充24.4min)
[charge_scheduler-1] [INFO] [1785319700.324294849] [charge_scheduler]:   车#14 [电动装载机350|light] 位置(-132.0,-8.9) 容量350kWh 剩余52% | α=6→6min/% τ=301min → 需101.0kWh(充16.3min)
[charge_scheduler-1] [INFO] [1785319700.324305440] [charge_scheduler]:   车#15 [重型叉车|light] 位置(-120.0,7.9) 容量200kWh 剩余12% | α=6→6min/% τ=45min → 需140.2kWh(充22.7min)
[charge_scheduler-1] [INFO] [1785319700.324318101] [charge_scheduler]:   车#16 [电动装载机282|light] 位置(-43.8,-82.9) 容量282kWh 剩余38% | α=6→6min/% τ=185min → 需122.1kWh(充19.7min)
[charge_scheduler-1] [INFO] [1785319700.324328943] [charge_scheduler]:   车#17 [电动装载机350|light] 位置(-31.1,-74.7) 容量350kWh 剩余58% | α=6→6min/% τ=339min → 需79.4kWh(充12.8min)
[charge_scheduler-1] [INFO] [1785319700.324339694] [charge_scheduler]:   车#18 [重型叉车|heavy→降级] 位置(-75.4,-68.2) 容量200kWh 剩余22% | α=3→6min/% τ=102min → 需119.6kWh(充19.3min)
[charge_scheduler-1] [INFO] [1785319700.324350366] [charge_scheduler]:   车#19 [电动装载机282|light] 位置(-88.2,47.1) 容量282kWh 剩余48% | α=6→6min/% τ=241min → 需93.0kWh(充15.0min)
[charge_scheduler-1] [INFO] [1785319700.331271584] [charge_scheduler]: [Scheduler] 闭环接口: threshold=10.0min | event_sim=on | policy=fixed | structured_feedback=optional (/task_planner/execution_event)
[charge_scheduler-1] [INFO] [1785319700.331350507] [charge_scheduler]: [Scheduler] 已启动, 等待地图...
[charge_scheduler-1] [INFO] [1785319700.466524307] [charge_scheduler]: [Scheduler] RoutingGraph 就绪
[charge_scheduler-1] [INFO] [1785319700.467210344] [charge_scheduler]: [Scheduler] 提取到 6 条虚线捷径
[charge_scheduler-1] [INFO] [1785319700.484356351] [charge_scheduler]: [Scheduler] 下层兼容增强图: 166 节点, 6 条虚线掉头边
[charge_scheduler-1] [INFO] [1785319703.860119588] [charge_scheduler]: [Scheduler] 距离矩阵完成 21x21, 3375.7 ms | 模式=maneuver | 真实不可达=0 抽象不可达=0 | 缺少对向投影节点=0
[charge_scheduler-1] [INFO] [1785319703.860177790] [charge_scheduler]:   ✓ 比值自检：420 个 OD 满足 机动/直线≥1 | 均值=2.70 最大=41.42 (车#4→车#10)
[charge_scheduler-1] [INFO] [1785319703.860187678] [charge_scheduler]: [Scheduler] 地图就绪, 166 条 lanelet（与下层一致）
[charge_scheduler-1] [INFO] [1785319703.860232358] [charge_scheduler]: ======== 开始VRPTW调度 20 辆车 ========
[charge_scheduler-1] [INFO] [1785319703.860237453] [charge_scheduler]:   规模20>8 → 启发式(alns)
[charge_scheduler-1] [INFO] [1785319716.745591772] [charge_scheduler]: [ALNS] objective_order=Nlate,Tover,Ctotal seed=3 iters=15000 | N_late=2(成功率90.0%) T_overtime=133.4min C_total=3956.8m | 趟数=7 makespan=375.2min
[charge_scheduler-1] [INFO] [1785319716.745665027] [charge_scheduler]:   求解耗时 12885.4 ms
[charge_scheduler-1] [INFO] [1785319716.745673297] [charge_scheduler]: ════════ 调度结果 ════════
[charge_scheduler-1] [INFO] [1785319716.745678916] [charge_scheduler]:   ★目标(字典序): objective_order=Nlate,Tover,Ctotal | N_late=2 辆 (按时成功率 18/20 = 90.0%)  T_overtime=133.4min  C_total=3956.8m
[charge_scheduler-1] [INFO] [1785319716.745685608] [charge_scheduler]:   附: 趟数=7 | makespan=375.2min | 能量可行=是
[charge_scheduler-1] [INFO] [1785319716.745696514] [charge_scheduler]:   [充电车1] 趟1: 站 → 车#4(到1.4/限212.0✓) → 车#8(到13.7/限196.0✓) → 车#3(到28.2/限32.0✓) → 车#7(到53.7/限64.0✓) → 车#1(到79.3/限96.0✓) → 站
[charge_scheduler-1] [INFO] [1785319716.745703595] [charge_scheduler]:   [充电车2] 趟2: 站 → 车#9(到2.2/限116.0✓) → 车#12(到27.0/限230.4✓) → 车#15(到37.0/限44.8✓) → 车#11(到64.5/限83.2✓) → 站
[charge_scheduler-1] [INFO] [1785319716.745709706] [charge_scheduler]:   [充电车1] 趟3: 站 → 车#18(到117.9/限102.4✗超时) → 车#16(到143.6/限184.8✓) → 车#6(到175.6/限176.0✓) → 站
[charge_scheduler-1] [INFO] [1785319716.745715497] [charge_scheduler]:   [充电车2] 趟4: 站 → 车#13(到121.9/限128.8✓) → 车#0(到159.8/限168.0✓) → 车#10(到197.9/限224.0✓) → 站
[charge_scheduler-1] [INFO] [1785319716.745720285] [charge_scheduler]:   [充电车1] 趟5: 站 → 车#19(到235.5/限240.8✓) → 车#2(到272.4/限288.0✓) → 站
[charge_scheduler-1] [INFO] [1785319716.745724666] [charge_scheduler]:   [充电车1] 趟6: 站 → 车#17(到329.5/限339.2✓) → 站
[charge_scheduler-1] [INFO] [1785319716.745729477] [charge_scheduler]:   [充电车2] 趟7: 站 → 车#5(到245.8/限128.0✗超时) → 车#14(到292.9/限300.8✓) → 站
[charge_scheduler-1] [INFO] [1785319716.745733360] [charge_scheduler]: ════════════════════════
[charge_scheduler-1] [INFO] [1785319716.745779394] [charge_scheduler]: [扰动清单] type=station delay=15.0min targets={} station={C1-S1,C2-S1,}
[charge_scheduler-1] [INFO] [1785319716.745793716] [charge_scheduler]: [执行事件] loop=open plan_v=0 C1 type=target_service target=4 station_ord=0 planned_finish=11.04 actual_finish=11.04 dev=+0.00 injected=0.0
[charge_scheduler-1] [INFO] [1785319716.745801728] [charge_scheduler]: [执行事件] loop=open plan_v=0 C2 type=target_service target=9 station_ord=0 planned_finish=25.99 actual_finish=25.99 dev=+0.00 injected=0.0
[charge_scheduler-1] [INFO] [1785319716.745807887] [charge_scheduler]: [执行事件] loop=open plan_v=0 C1 type=target_service target=8 station_ord=0 planned_finish=27.46 actual_finish=27.46 dev=+0.00 injected=0.0
[charge_scheduler-1] [INFO] [1785319716.745813713] [charge_scheduler]: [执行事件] loop=open plan_v=0 C2 type=target_service target=12 station_ord=0 planned_finish=35.76 actual_finish=35.76 dev=+0.00 injected=0.0
[charge_scheduler-1] [INFO] [1785319716.745819760] [charge_scheduler]: [执行事件] loop=open plan_v=0 C1 type=target_service target=3 station_ord=0 planned_finish=53.05 actual_finish=53.05 dev=+0.00 injected=0.0
[charge_scheduler-1] [INFO] [1785319716.745850668] [charge_scheduler]: [执行事件] loop=open plan_v=0 C2 type=target_service target=15 station_ord=0 planned_finish=61.62 actual_finish=61.62 dev=+0.00 injected=0.0
[charge_scheduler-1] [INFO] [1785319716.745856712] [charge_scheduler]: [执行事件] loop=open plan_v=0 C1 type=target_service target=7 station_ord=0 planned_finish=78.18 actual_finish=78.18 dev=+0.00 injected=0.0
[charge_scheduler-1] [INFO] [1785319716.745862547] [charge_scheduler]: [执行事件] loop=open plan_v=0 C1 type=target_service target=1 station_ord=0 planned_finish=103.39 actual_finish=103.39 dev=+0.00 injected=0.0
[charge_scheduler-1] [INFO] [1785319716.745869332] [charge_scheduler]: [执行事件] loop=open plan_v=0 C2 type=target_service target=11 station_ord=0 planned_finish=106.60 actual_finish=106.60 dev=+0.00 injected=0.0
[charge_scheduler-1] [INFO] [1785319716.745875818] [charge_scheduler]: [执行事件] loop=open plan_v=0 C1 type=station_turnaround target=-1 station_ord=1 planned_finish=115.81 actual_finish=130.81 dev=+15.00 injected=15.0
[charge_scheduler-1] [INFO] [1785319716.745882472] [charge_scheduler]: [执行事件] loop=open plan_v=0 C2 type=station_turnaround target=-1 station_ord=1 planned_finish=119.08 actual_finish=134.08 dev=+15.00 injected=15.0
[charge_scheduler-1] [INFO] [1785319716.745888809] [charge_scheduler]: [执行事件] loop=open plan_v=0 C1 type=target_service target=18 station_ord=0 planned_finish=142.94 actual_finish=157.94 dev=+15.00 injected=0.0
[charge_scheduler-1] [INFO] [1785319716.745895113] [charge_scheduler]: [执行事件] loop=open plan_v=0 C2 type=target_service target=13 station_ord=0 planned_finish=156.55 actual_finish=172.13 dev=+15.58 injected=0.0
[charge_scheduler-1] [INFO] [1785319716.745901422] [charge_scheduler]: [执行事件] loop=open plan_v=0 C1 type=target_service target=16 station_ord=0 planned_finish=175.37 actual_finish=191.63 dev=+16.26 injected=0.0
[charge_scheduler-1] [INFO] [1785319716.745907530] [charge_scheduler]: [执行事件] loop=open plan_v=0 C2 type=target_service target=0 station_ord=0 planned_finish=194.33 actual_finish=210.60 dev=+16.27 injected=0.0
[charge_scheduler-1] [INFO] [1785319716.745913842] [charge_scheduler]: [执行事件] loop=open plan_v=0 C1 type=target_service target=6 station_ord=0 planned_finish=219.34 actual_finish=235.63 dev=+16.29 injected=0.0
[charge_scheduler-1] [INFO] [1785319716.745920201] [charge_scheduler]: [执行事件] loop=open plan_v=0 C1 type=station_turnaround target=-1 station_ord=2 planned_finish=232.04 actual_finish=248.33 dev=+16.29 injected=0.0
[charge_scheduler-1] [INFO] [1785319716.745926300] [charge_scheduler]: [执行事件] loop=open plan_v=0 C2 type=target_service target=10 station_ord=0 planned_finish=230.98 actual_finish=248.62 dev=+17.64 injected=0.0
[charge_scheduler-1] [INFO] [1785319716.745932464] [charge_scheduler]: [执行事件] loop=open plan_v=0 C2 type=station_turnaround target=-1 station_ord=2 planned_finish=242.63 actual_finish=260.27 dev=+17.64 injected=0.0
[charge_scheduler-1] [INFO] [1785319716.745939551] [charge_scheduler]: [执行事件] loop=open plan_v=0 C1 type=target_service target=19 station_ord=0 planned_finish=270.25 actual_finish=287.00 dev=+16.74 injected=0.0
[charge_scheduler-1] [INFO] [1785319716.745945755] [charge_scheduler]: [执行事件] loop=open plan_v=0 C2 type=target_service target=5 station_ord=0 planned_finish=289.56 actual_finish=307.20 dev=+17.64 injected=0.0
[charge_scheduler-1] [INFO] [1785319716.745951760] [charge_scheduler]: [执行事件] loop=open plan_v=0 C1 type=target_service target=2 station_ord=0 planned_finish=314.71 actual_finish=332.88 dev=+18.17 injected=0.0
[charge_scheduler-1] [INFO] [1785319716.745957683] [charge_scheduler]: [执行事件] loop=open plan_v=0 C1 type=station_turnaround target=-1 station_ord=3 planned_finish=326.64 actual_finish=344.80 dev=+18.17 injected=0.0
[charge_scheduler-1] [INFO] [1785319716.745964740] [charge_scheduler]: [执行事件] loop=open plan_v=0 C2 type=target_service target=14 station_ord=0 planned_finish=335.97 actual_finish=354.32 dev=+18.35 injected=0.0
[charge_scheduler-1] [INFO] [1785319716.745970749] [charge_scheduler]: [执行事件] loop=open plan_v=0 C2 type=final_return target=-1 station_ord=0 planned_finish=339.73 actual_finish=358.09 dev=+18.35 injected=0.0
[charge_scheduler-1] [INFO] [1785319716.745979617] [charge_scheduler]: [执行事件] loop=open plan_v=0 C1 type=target_service target=17 station_ord=0 planned_finish=372.41 actual_finish=391.46 dev=+19.05 injected=0.0
[charge_scheduler-1] [INFO] [1785319716.745985537] [charge_scheduler]: [执行事件] loop=open plan_v=0 C1 type=final_return target=-1 station_ord=0 planned_finish=375.21 actual_finish=394.25 dev=+19.05 injected=0.0
[charge_scheduler-1] [INFO] [1785319716.745998022] [charge_scheduler]: [执行事件] loop=fixed plan_v=0 C1 type=target_service target=4 station_ord=0 planned_finish=11.04 actual_finish=11.04 dev=+0.00 injected=0.0
[charge_scheduler-1] [INFO] [1785319716.746004064] [charge_scheduler]: [执行事件] loop=fixed plan_v=0 C2 type=target_service target=9 station_ord=0 planned_finish=25.99 actual_finish=25.99 dev=+0.00 injected=0.0
[charge_scheduler-1] [INFO] [1785319716.746010137] [charge_scheduler]: [执行事件] loop=fixed plan_v=0 C1 type=target_service target=8 station_ord=0 planned_finish=27.46 actual_finish=27.46 dev=+0.00 injected=0.0
[charge_scheduler-1] [INFO] [1785319716.746015878] [charge_scheduler]: [执行事件] loop=fixed plan_v=0 C2 type=target_service target=12 station_ord=0 planned_finish=35.76 actual_finish=35.76 dev=+0.00 injected=0.0
[charge_scheduler-1] [INFO] [1785319716.746021584] [charge_scheduler]: [执行事件] loop=fixed plan_v=0 C1 type=target_service target=3 station_ord=0 planned_finish=53.05 actual_finish=53.05 dev=+0.00 injected=0.0
[charge_scheduler-1] [INFO] [1785319716.746028169] [charge_scheduler]: [执行事件] loop=fixed plan_v=0 C2 type=target_service target=15 station_ord=0 planned_finish=61.62 actual_finish=61.62 dev=+0.00 injected=0.0
[charge_scheduler-1] [INFO] [1785319716.746033647] [charge_scheduler]: [执行事件] loop=fixed plan_v=0 C1 type=target_service target=7 station_ord=0 planned_finish=78.18 actual_finish=78.18 dev=+0.00 injected=0.0
[charge_scheduler-1] [INFO] [1785319716.746039257] [charge_scheduler]: [执行事件] loop=fixed plan_v=0 C1 type=target_service target=1 station_ord=0 planned_finish=103.39 actual_finish=103.39 dev=+0.00 injected=0.0
[charge_scheduler-1] [INFO] [1785319716.746044952] [charge_scheduler]: [执行事件] loop=fixed plan_v=0 C2 type=target_service target=11 station_ord=0 planned_finish=106.60 actual_finish=106.60 dev=+0.00 injected=0.0
[charge_scheduler-1] [INFO] [1785319716.746050695] [charge_scheduler]: [执行事件] loop=fixed plan_v=0 C1 type=station_turnaround target=-1 station_ord=1 planned_finish=115.81 actual_finish=130.81 dev=+15.00 injected=15.0
[charge_scheduler-1] [WARN] [1785319717.003375920] [charge_scheduler]: [重调度事件] policy=fixed #1 t=130.81min trigger=C1/station_turnaround dev=+15.00 pool=11 committed=0 plan_v=1 solve_ms=257.3 changed_assign=0 changed_order=2
[charge_scheduler-1] [INFO] [1785319717.003439235] [charge_scheduler]: [执行事件] loop=fixed plan_v=0 C2 type=station_turnaround target=-1 station_ord=1 planned_finish=119.08 actual_finish=134.08 dev=+15.00 injected=15.0
[charge_scheduler-1] [WARN] [1785319717.214192009] [charge_scheduler]: [重调度事件] policy=fixed #2 t=134.08min trigger=C2/station_turnaround dev=+15.00 pool=10 committed=1 plan_v=2 solve_ms=210.7 changed_assign=0 changed_order=0
[charge_scheduler-1] [INFO] [1785319717.214262544] [charge_scheduler]: [执行事件] loop=fixed plan_v=1 C1 type=target_service target=18 station_ord=0 planned_finish=157.94 actual_finish=157.94 dev=+0.00 injected=0.0
[charge_scheduler-1] [INFO] [1785319717.214276469] [charge_scheduler]: [执行事件] loop=fixed plan_v=2 C2 type=target_service target=0 station_ord=0 planned_finish=167.39 actual_finish=167.39 dev=+0.00 injected=0.0
[charge_scheduler-1] [INFO] [1785319717.214284969] [charge_scheduler]: [执行事件] loop=fixed plan_v=2 C1 type=target_service target=16 station_ord=0 planned_finish=191.63 actual_finish=191.63 dev=+0.00 injected=0.0
[charge_scheduler-1] [INFO] [1785319717.214293413] [charge_scheduler]: [执行事件] loop=fixed plan_v=2 C2 type=target_service target=13 station_ord=0 planned_finish=204.89 actual_finish=204.89 dev=+0.00 injected=0.0
[charge_scheduler-1] [INFO] [1785319717.214301228] [charge_scheduler]: [执行事件] loop=fixed plan_v=2 C1 type=target_service target=6 station_ord=0 planned_finish=235.63 actual_finish=235.63 dev=+0.00 injected=0.0
[charge_scheduler-1] [INFO] [1785319717.214310464] [charge_scheduler]: [执行事件] loop=fixed plan_v=2 C2 type=target_service target=10 station_ord=0 planned_finish=245.51 actual_finish=245.51 dev=+0.00 injected=0.0
[charge_scheduler-1] [INFO] [1785319717.214352021] [charge_scheduler]: [执行事件] loop=fixed plan_v=2 C1 type=station_turnaround target=-1 station_ord=2 planned_finish=248.33 actual_finish=248.33 dev=+0.00 injected=0.0
[charge_scheduler-1] [INFO] [1785319717.214360684] [charge_scheduler]: [执行事件] loop=fixed plan_v=2 C2 type=station_turnaround target=-1 station_ord=2 planned_finish=257.16 actual_finish=257.16 dev=+0.00 injected=0.0
[charge_scheduler-1] [INFO] [1785319717.214368951] [charge_scheduler]: [执行事件] loop=fixed plan_v=2 C1 type=target_service target=19 station_ord=0 planned_finish=287.00 actual_finish=287.00 dev=+0.00 injected=0.0
[charge_scheduler-1] [INFO] [1785319717.214377362] [charge_scheduler]: [执行事件] loop=fixed plan_v=2 C2 type=target_service target=5 station_ord=0 planned_finish=304.09 actual_finish=304.09 dev=+0.00 injected=0.0
[charge_scheduler-1] [INFO] [1785319717.214385534] [charge_scheduler]: [执行事件] loop=fixed plan_v=2 C1 type=target_service target=2 station_ord=0 planned_finish=332.88 actual_finish=332.88 dev=+0.00 injected=0.0
[charge_scheduler-1] [INFO] [1785319717.214397770] [charge_scheduler]: [执行事件] loop=fixed plan_v=2 C1 type=station_turnaround target=-1 station_ord=3 planned_finish=344.80 actual_finish=344.80 dev=+0.00 injected=0.0
[charge_scheduler-1] [INFO] [1785319717.214405790] [charge_scheduler]: [执行事件] loop=fixed plan_v=2 C2 type=target_service target=14 station_ord=0 planned_finish=351.21 actual_finish=351.21 dev=+0.00 injected=0.0
[charge_scheduler-1] [INFO] [1785319717.214413687] [charge_scheduler]: [执行事件] loop=fixed plan_v=2 C2 type=final_return target=-1 station_ord=0 planned_finish=354.98 actual_finish=354.98 dev=+0.00 injected=0.0
[charge_scheduler-1] [INFO] [1785319717.214421490] [charge_scheduler]: [执行事件] loop=fixed plan_v=2 C1 type=target_service target=17 station_ord=0 planned_finish=391.46 actual_finish=391.46 dev=+0.00 injected=0.0
[charge_scheduler-1] [INFO] [1785319717.214428889] [charge_scheduler]: [执行事件] loop=fixed plan_v=2 C1 type=final_return target=-1 station_ord=0 planned_finish=394.25 actual_finish=394.25 dev=+0.00 injected=0.0
[charge_scheduler-1] [INFO] [1785319717.214446964] [charge_scheduler]: ★闭环实验结果 mode=open M=20 K=2 disturbance=station delay=15.0 seed=3 N_late=9 T_overtime=227.658 C_total=3956.754 makespan=394.251 served=20 energy_viol=2 reschedules=0 reschedule_ms=0.000 changed_assign=0 changed_order=0 applied_target=0 applied_station=2 initial_solve_ms=12885.426 objective_order=Nlate,Tover,Ctotal
[charge_scheduler-1] [INFO] [1785319717.214461741] [charge_scheduler]: ★闭环实验结果 mode=fixed M=20 K=2 disturbance=station delay=15.0 seed=3 N_late=8 T_overtime=246.849 C_total=3950.586 makespan=394.251 served=20 energy_viol=0 reschedules=2 reschedule_ms=467.978 changed_assign=0 changed_order=2 applied_target=0 applied_station=2 initial_solve_ms=12885.426 objective_order=Nlate,Tover,Ctotal
[charge_scheduler-1] [INFO] [1785319717.214472230] [charge_scheduler]: ★闭环实验收益 policy=fixed M=20 K=2 disturbance=station delay=15.0 seed=3 recovered_late=1 overtime_reduction=-19.192 distance_delta=-6.168 makespan_reduction=0.000
