[INFO] [launch]: All log files can be found below /root/.ros/log/2026-07-29-10-55-54-366674-YYYY-26445
[INFO] [launch]: Default logging verbosity is set to INFO
[INFO] [charge_scheduler-1]: process started with pid [26447]
[charge_scheduler-1] [INFO] [1785322554.509641457] [charge_scheduler]: [目标顺序] objective_order=Nlate,Tover,Ctotal
[charge_scheduler-1] [INFO] [1785322554.510163276] [charge_scheduler]: [Scheduler] 30辆车 | 电池800.0kWh(20%=160.0 80%=640.0) | 充电360kW效率97% | 行驶0.6kWh/km | 桩350kW
[charge_scheduler-1] [INFO] [1785322554.510191909] [charge_scheduler]: [Scheduler] 站端周转: 换电 10 min(换后满电) | 单趟可用 640 kWh
[charge_scheduler-1] [INFO] [1785322554.510205317] [charge_scheduler]:   车#0 [电动装载机282|light] 位置(-47.3,-2.6) 容量282kWh 剩余35% | α=6→6min/% τ=168min → 需130.8kWh(充21.2min)
[charge_scheduler-1] [INFO] [1785322554.510220100] [charge_scheduler]:   车#1 [重型叉车|light] 位置(-44.0,-64.1) 容量200kWh 剩余20% | α=6→6min/% τ=96min → 需123.7kWh(充20.0min)
[charge_scheduler-1] [INFO] [1785322554.510233108] [charge_scheduler]:   车#2 [电动装载机350|light] 位置(-51.1,-38.8) 容量350kWh 剩余50% | α=6→6min/% τ=288min → 需108.2kWh(充17.5min)
[charge_scheduler-1] [INFO] [1785322554.510249885] [charge_scheduler]:   车#3 [重型叉车|light] 位置(-71.0,-19.0) 容量200kWh 剩余10% | α=6→6min/% τ=32min → 需144.3kWh(充23.3min)
[charge_scheduler-1] [INFO] [1785322554.510262863] [charge_scheduler]:   车#4 [电动装载机282|heavy→降级] 位置(-93.3,6.6) 容量282kWh 剩余60% | α=3→6min/% τ=212min → 需58.1kWh(充9.4min)
[charge_scheduler-1] [INFO] [1785322554.510275966] [charge_scheduler]:   车#5 [电动装载机350|light] 位置(-104.4,47.7) 容量350kWh 剩余25% | α=6→6min/% τ=128min → 需198.5kWh(充32.1min)
[charge_scheduler-1] [INFO] [1785322554.510288947] [charge_scheduler]:   车#6 [电动装载机350|heavy→降级] 位置(-37.0,-75.1) 容量350kWh 剩余40% | α=4→6min/% τ=176min → 需144.3kWh(充23.3min)
[charge_scheduler-1] [INFO] [1785322554.510301125] [charge_scheduler]:   车#7 [重型叉车|light] 位置(-88.8,-37.1) 容量200kWh 剩余15% | α=6→6min/% τ=64min → 需134.0kWh(充21.7min)
[charge_scheduler-1] [INFO] [1785322554.510314787] [charge_scheduler]:   车#8 [电动装载机282|heavy→降级] 位置(-70.9,27.7) 容量282kWh 剩余55% | α=3→6min/% τ=196min → 需72.7kWh(充11.8min)
[charge_scheduler-1] [INFO] [1785322554.510327357] [charge_scheduler]:   车#9 [电动装载机282|heavy→降级] 位置(-35.4,-47.4) 容量282kWh 剩余30% | α=3→6min/% τ=116min → 需145.4kWh(充23.5min)
[charge_scheduler-1] [INFO] [1785322554.510339690] [charge_scheduler]:   车#10 [电动装载机282|light] 位置(-100.0,-1.0) 容量282kWh 剩余45% | α=6→6min/% τ=224min → 需101.8kWh(充16.4min)
[charge_scheduler-1] [INFO] [1785322554.510352363] [charge_scheduler]:   车#11 [电动装载机350|light] 位置(-72.8,-15.6) 容量350kWh 剩余18% | α=6→6min/% τ=83min → 需223.7kWh(充36.2min)
[charge_scheduler-1] [INFO] [1785322554.510364924] [charge_scheduler]:   车#12 [重型叉车|heavy→降级] 位置(-61.7,-20.7) 容量200kWh 剩余62% | α=3→6min/% τ=230min → 需37.1kWh(充6.0min)
[charge_scheduler-1] [INFO] [1785322554.510377805] [charge_scheduler]:   车#13 [电动装载机282|light] 位置(-133.0,-25.3) 容量282kWh 剩余28% | α=6→6min/% τ=129min → 需151.2kWh(充24.4min)
[charge_scheduler-1] [INFO] [1785322554.510396872] [charge_scheduler]:   车#14 [电动装载机350|light] 位置(-132.0,-8.9) 容量350kWh 剩余52% | α=6→6min/% τ=301min → 需101.0kWh(充16.3min)
[charge_scheduler-1] [INFO] [1785322554.510408736] [charge_scheduler]:   车#15 [重型叉车|light] 位置(-120.0,7.9) 容量200kWh 剩余12% | α=6→6min/% τ=45min → 需140.2kWh(充22.7min)
[charge_scheduler-1] [INFO] [1785322554.510420903] [charge_scheduler]:   车#16 [电动装载机282|light] 位置(-43.8,-82.9) 容量282kWh 剩余38% | α=6→6min/% τ=185min → 需122.1kWh(充19.7min)
[charge_scheduler-1] [INFO] [1785322554.510433162] [charge_scheduler]:   车#17 [电动装载机350|light] 位置(-31.1,-74.7) 容量350kWh 剩余58% | α=6→6min/% τ=339min → 需79.4kWh(充12.8min)
[charge_scheduler-1] [INFO] [1785322554.510445221] [charge_scheduler]:   车#18 [重型叉车|heavy→降级] 位置(-75.4,-68.2) 容量200kWh 剩余22% | α=3→6min/% τ=102min → 需119.6kWh(充19.3min)
[charge_scheduler-1] [INFO] [1785322554.510457850] [charge_scheduler]:   车#19 [电动装载机282|light] 位置(-88.2,47.1) 容量282kWh 剩余48% | α=6→6min/% τ=241min → 需93.0kWh(充15.0min)
[charge_scheduler-1] [INFO] [1785322554.510470291] [charge_scheduler]:   车#20 [电动装载机350|light] 位置(-71.4,16.3) 容量350kWh 剩余33% | α=6→6min/% τ=179min → 需169.6kWh(充27.4min)
[charge_scheduler-1] [INFO] [1785322554.510516922] [charge_scheduler]:   车#21 [重型叉车|heavy→降级] 位置(-122.0,-0.6) 容量200kWh 剩余65% | α=3→6min/% τ=240min → 需30.9kWh(充5.0min)
[charge_scheduler-1] [INFO] [1785322554.510529768] [charge_scheduler]:   车#22 [电动装载机282|light] 位置(-71.6,11.6) 容量282kWh 剩余16% | α=6→6min/% τ=62min → 需186.1kWh(充30.1min)
[charge_scheduler-1] [INFO] [1785322554.510542727] [charge_scheduler]:   车#23 [电动装载机350|light] 位置(-131.0,37.2) 容量350kWh 剩余42% | α=6→6min/% τ=237min → 需137.1kWh(充22.2min)
[charge_scheduler-1] [INFO] [1785322554.510554694] [charge_scheduler]:   车#24 [重型叉车|heavy→降级] 位置(-51.3,5.9) 容量200kWh 剩余25% | α=3→6min/% τ=112min → 需113.4kWh(充18.3min)
[charge_scheduler-1] [INFO] [1785322554.510566355] [charge_scheduler]:   车#25 [电动装载机282|light] 位置(-62.2,-10.7) 容量282kWh 剩余55% | α=6→6min/% τ=280min → 需72.7kWh(充11.8min)
[charge_scheduler-1] [INFO] [1785322554.510579288] [charge_scheduler]:   车#26 [电动装载机350|light] 位置(-116.0,60.4) 容量350kWh 剩余30% | α=6→6min/% τ=160min → 需180.4kWh(充29.2min)
[charge_scheduler-1] [INFO] [1785322554.510592049] [charge_scheduler]:   车#27 [重型叉车|heavy→降级] 位置(-90.4,60.5) 容量200kWh 剩余68% | α=3→6min/% τ=250min → 需24.7kWh(充4.0min)
[charge_scheduler-1] [INFO] [1785322554.510606589] [charge_scheduler]:   车#28 [电动装载机282|light] 位置(-85.5,-46.0) 容量282kWh 剩余20% | α=6→6min/% τ=84min → 需174.4kWh(充28.2min)
[charge_scheduler-1] [INFO] [1785322554.510619083] [charge_scheduler]:   车#29 [电动装载机350|light] 位置(-87.0,-36.6) 容量350kWh 剩余36% | α=6→6min/% τ=198min → 需158.8kWh(充25.7min)
[charge_scheduler-1] [INFO] [1785322554.523311300] [charge_scheduler]: [Scheduler] 闭环接口: threshold=10.0min | event_sim=on | policy=fixed | structured_feedback=optional (/task_planner/execution_event)
[charge_scheduler-1] [INFO] [1785322554.523356626] [charge_scheduler]: [Scheduler] 已启动, 等待地图...
[charge_scheduler-1] [INFO] [1785322554.578958845] [charge_scheduler]: [Scheduler] RoutingGraph 就绪
[charge_scheduler-1] [INFO] [1785322554.579275023] [charge_scheduler]: [Scheduler] 提取到 6 条虚线捷径
[charge_scheduler-1] [INFO] [1785322554.592651843] [charge_scheduler]: [Scheduler] 下层兼容增强图: 166 节点, 6 条虚线掉头边
[charge_scheduler-1] [INFO] [1785322562.192678928] [charge_scheduler]: [Scheduler] 距离矩阵完成 31x31, 7600.0 ms | 模式=maneuver | 真实不可达=0 抽象不可达=0 | 缺少对向投影节点=0
[charge_scheduler-1] [INFO] [1785322562.192749224] [charge_scheduler]:   ✓ 比值自检：930 个 OD 满足 机动/直线≥1 | 均值=2.97 最大=42.81 (车#15→车#21)
[charge_scheduler-1] [INFO] [1785322562.192759077] [charge_scheduler]: [Scheduler] 地图就绪, 166 条 lanelet（与下层一致）
[charge_scheduler-1] [INFO] [1785322562.192806370] [charge_scheduler]: ======== 开始VRPTW调度 30 辆车 ========
[charge_scheduler-1] [INFO] [1785322562.192811788] [charge_scheduler]:   规模30>8 → 启发式(alns)
[charge_scheduler-1] [INFO] [1785322613.977223401] [charge_scheduler]: [ALNS] objective_order=Nlate,Tover,Ctotal seed=6 iters=15000 | N_late=3(成功率90.0%) T_overtime=176.6min C_total=5671.3m | 趟数=11 makespan=376.5min
[charge_scheduler-1] [INFO] [1785322613.977299228] [charge_scheduler]:   求解耗时 51784.5 ms
[charge_scheduler-1] [INFO] [1785322613.977316347] [charge_scheduler]: ════════ 调度结果 ════════
[charge_scheduler-1] [INFO] [1785322613.977322710] [charge_scheduler]:   ★目标(字典序): objective_order=Nlate,Tover,Ctotal | N_late=3 辆 (按时成功率 27/30 = 90.0%)  T_overtime=176.6min  C_total=5671.3m
[charge_scheduler-1] [INFO] [1785322613.977331684] [charge_scheduler]:   附: 趟数=11 | makespan=376.5min | 能量可行=是
[charge_scheduler-1] [INFO] [1785322613.977346459] [charge_scheduler]:   [充电车3] 趟1: 站 → 车#3(到1.3/限32.0✓) → 车#11(到24.9/限83.2✓) → 车#28(到64.1/限84.0✓) → 站
[charge_scheduler-1] [INFO] [1785322613.977356760] [charge_scheduler]:   [充电车1] 趟2: 站 → 车#27(到2.1/限249.6✓) → 车#21(到8.2/限240.0✓) → 车#12(到16.2/限230.4✓) → 车#15(到25.1/限44.8✓) → 车#7(到50.9/限64.0✓) → 车#9(到76.3/限116.0✓) → 站
[charge_scheduler-1] [INFO] [1785322613.977402682] [charge_scheduler]:   [充电车2] 趟3: 站 → 车#4(到1.4/限212.0✓) → 车#8(到13.7/限196.0✓) → 车#22(到27.8/限61.6✓) → 车#18(到61.6/限102.4✓) → 车#1(到85.6/限96.0✓) → 站
[charge_scheduler-1] [INFO] [1785322613.977410028] [charge_scheduler]:   [充电车1] 趟4: 站 → 车#5(到123.7/限128.0✓) → 车#20(到168.2/限179.2✓) → 站
[charge_scheduler-1] [INFO] [1785322613.977419053] [charge_scheduler]:   [充电车3] 趟5: 站 → 车#24(到110.5/限112.0✓) → 车#26(到137.2/限160.0✓) → 车#16(到182.6/限184.8✓) → 站
[charge_scheduler-1] [INFO] [1785322613.977426370] [charge_scheduler]:   [充电车2] 趟6: 站 → 车#13(到125.3/限128.8✓) → 车#0(到163.4/限168.0✓) → 车#10(到201.9/限224.0✓) → 站
[charge_scheduler-1] [INFO] [1785322613.977432499] [charge_scheduler]:   [充电车1] 趟7: 站 → 车#23(到224.8/限236.8✓) → 车#25(到270.9/限280.0✓) → 站
[charge_scheduler-1] [INFO] [1785322613.977439096] [charge_scheduler]:   [充电车3] 趟8: 站 → 车#19(到233.8/限240.8✓) → 车#6(到271.4/限176.0✗超时) → 站
[charge_scheduler-1] [INFO] [1785322613.977445120] [charge_scheduler]:   [充电车1] 趟9: 站 → 车#2(到318.7/限288.0✗超时) → 站
[charge_scheduler-1] [INFO] [1785322613.977452106] [charge_scheduler]:   [充电车2] 趟10: 站 → 车#29(到248.8/限198.4✗超时) → 车#14(到293.9/限300.8✓) → 站
[charge_scheduler-1] [INFO] [1785322613.977457864] [charge_scheduler]:   [充电车3] 趟11: 站 → 车#17(到330.7/限339.2✓) → 站
[charge_scheduler-1] [INFO] [1785322613.977462949] [charge_scheduler]: ════════════════════════
[charge_scheduler-1] [INFO] [1785322613.977538822] [charge_scheduler]: [扰动清单] type=station delay=15.0min targets={} station={C1-S1,C3-S1,}
[charge_scheduler-1] [INFO] [1785322613.977559543] [charge_scheduler]: [执行事件] loop=open plan_v=0 C1 type=target_service target=27 station_ord=0 planned_finish=6.36 actual_finish=6.36 dev=+0.00 injected=0.0
[charge_scheduler-1] [INFO] [1785322613.977569348] [charge_scheduler]: [执行事件] loop=open plan_v=0 C2 type=target_service target=4 station_ord=0 planned_finish=11.04 actual_finish=11.04 dev=+0.00 injected=0.0
[charge_scheduler-1] [INFO] [1785322613.977578075] [charge_scheduler]: [执行事件] loop=open plan_v=0 C1 type=target_service target=21 station_ord=0 planned_finish=14.00 actual_finish=14.00 dev=+0.00 injected=0.0
[charge_scheduler-1] [INFO] [1785322613.977586208] [charge_scheduler]: [执行事件] loop=open plan_v=0 C1 type=target_service target=12 station_ord=0 planned_finish=23.83 actual_finish=23.83 dev=+0.00 injected=0.0
[charge_scheduler-1] [INFO] [1785322613.977594472] [charge_scheduler]: [执行事件] loop=open plan_v=0 C3 type=target_service target=3 station_ord=0 planned_finish=24.73 actual_finish=24.73 dev=+0.00 injected=0.0
[charge_scheduler-1] [INFO] [1785322613.977606673] [charge_scheduler]: [执行事件] loop=open plan_v=0 C2 type=target_service target=8 station_ord=0 planned_finish=27.46 actual_finish=27.46 dev=+0.00 injected=0.0
[charge_scheduler-1] [INFO] [1785322613.977613030] [charge_scheduler]: [执行事件] loop=open plan_v=0 C1 type=target_service target=15 station_ord=0 planned_finish=49.07 actual_finish=49.07 dev=+0.00 injected=0.0
[charge_scheduler-1] [INFO] [1785322613.977619811] [charge_scheduler]: [执行事件] loop=open plan_v=0 C2 type=target_service target=22 station_ord=0 planned_finish=60.21 actual_finish=60.21 dev=+0.00 injected=0.0
[charge_scheduler-1] [INFO] [1785322613.977636079] [charge_scheduler]: [执行事件] loop=open plan_v=0 C3 type=target_service target=11 station_ord=0 planned_finish=63.29 actual_finish=63.29 dev=+0.00 injected=0.0
[charge_scheduler-1] [INFO] [1785322613.977645294] [charge_scheduler]: [执行事件] loop=open plan_v=0 C1 type=target_service target=7 station_ord=0 planned_finish=75.27 actual_finish=75.27 dev=+0.00 injected=0.0
[charge_scheduler-1] [INFO] [1785322613.977655421] [charge_scheduler]: [执行事件] loop=open plan_v=0 C2 type=target_service target=18 station_ord=0 planned_finish=84.42 actual_finish=84.42 dev=+0.00 injected=0.0
[charge_scheduler-1] [INFO] [1785322613.977666225] [charge_scheduler]: [执行事件] loop=open plan_v=0 C3 type=target_service target=28 station_ord=0 planned_finish=97.67 actual_finish=97.67 dev=+0.00 injected=0.0
[charge_scheduler-1] [INFO] [1785322613.977674631] [charge_scheduler]: [执行事件] loop=open plan_v=0 C1 type=target_service target=9 station_ord=0 planned_finish=108.21 actual_finish=108.21 dev=+0.00 injected=0.0
[charge_scheduler-1] [INFO] [1785322613.977690705] [charge_scheduler]: [执行事件] loop=open plan_v=0 C2 type=target_service target=1 station_ord=0 planned_finish=110.04 actual_finish=110.04 dev=+0.00 injected=0.0
[charge_scheduler-1] [INFO] [1785322613.977698543] [charge_scheduler]: [执行事件] loop=open plan_v=0 C2 type=station_turnaround target=-1 station_ord=1 planned_finish=122.47 actual_finish=122.47 dev=+0.00 injected=0.0
[charge_scheduler-1] [INFO] [1785322613.977709334] [charge_scheduler]: [执行事件] loop=open plan_v=0 C3 type=station_turnaround target=-1 station_ord=1 planned_finish=109.71 actual_finish=124.71 dev=+15.00 injected=15.0
[charge_scheduler-1] [INFO] [1785322613.977720601] [charge_scheduler]: [执行事件] loop=open plan_v=0 C1 type=station_turnaround target=-1 station_ord=1 planned_finish=120.49 actual_finish=135.49 dev=+15.00 injected=15.0
[charge_scheduler-1] [INFO] [1785322613.977731395] [charge_scheduler]: [执行事件] loop=open plan_v=0 C3 type=target_service target=24 station_ord=0 planned_finish=135.45 actual_finish=150.53 dev=+15.08 injected=0.0
[charge_scheduler-1] [INFO] [1785322613.977742177] [charge_scheduler]: [执行事件] loop=open plan_v=0 C2 type=target_service target=13 station_ord=0 planned_finish=160.22 actual_finish=160.22 dev=+0.00 injected=0.0
[charge_scheduler-1] [INFO] [1785322613.977753271] [charge_scheduler]: [执行事件] loop=open plan_v=0 C1 type=target_service target=5 station_ord=0 planned_finish=167.03 actual_finish=182.42 dev=+15.39 injected=0.0
[charge_scheduler-1] [INFO] [1785322613.977762511] [charge_scheduler]: [执行事件] loop=open plan_v=0 C3 type=target_service target=26 station_ord=0 planned_finish=178.92 actual_finish=195.37 dev=+16.45 injected=0.0
[charge_scheduler-1] [INFO] [1785322613.977771047] [charge_scheduler]: [执行事件] loop=open plan_v=0 C2 type=target_service target=0 station_ord=0 planned_finish=198.30 actual_finish=198.30 dev=+0.00 injected=0.0
[charge_scheduler-1] [INFO] [1785322613.977783391] [charge_scheduler]: [执行事件] loop=open plan_v=0 C1 type=target_service target=20 station_ord=0 planned_finish=210.90 actual_finish=227.30 dev=+16.40 injected=0.0
[charge_scheduler-1] [INFO] [1785322613.977792065] [charge_scheduler]: [执行事件] loop=open plan_v=0 C3 type=target_service target=16 station_ord=0 planned_finish=217.69 actual_finish=234.32 dev=+16.63 injected=0.0
[charge_scheduler-1] [INFO] [1785322613.977799523] [charge_scheduler]: [执行事件] loop=open plan_v=0 C2 type=target_service target=10 station_ord=0 planned_finish=235.29 actual_finish=235.29 dev=+0.00 injected=0.0
[charge_scheduler-1] [INFO] [1785322613.977806822] [charge_scheduler]: [执行事件] loop=open plan_v=0 C1 type=station_turnaround target=-1 station_ord=2 planned_finish=222.30 actual_finish=238.70 dev=+16.40 injected=0.0
[charge_scheduler-1] [INFO] [1785322613.977814280] [charge_scheduler]: [执行事件] loop=open plan_v=0 C2 type=station_turnaround target=-1 station_ord=2 planned_finish=246.94 actual_finish=246.94 dev=+0.00 injected=0.0
[charge_scheduler-1] [INFO] [1785322613.977824303] [charge_scheduler]: [执行事件] loop=open plan_v=0 C3 type=station_turnaround target=-1 station_ord=2 planned_finish=230.41 actual_finish=247.04 dev=+16.63 injected=0.0
[charge_scheduler-1] [INFO] [1785322613.977835616] [charge_scheduler]: [执行事件] loop=open plan_v=0 C1 type=target_service target=23 station_ord=0 planned_finish=267.49 actual_finish=284.98 dev=+17.49 injected=0.0
[charge_scheduler-1] [INFO] [1785322613.977843611] [charge_scheduler]: [执行事件] loop=open plan_v=0 C3 type=target_service target=19 station_ord=0 planned_finish=268.49 actual_finish=285.71 dev=+17.22 injected=0.0
[charge_scheduler-1] [INFO] [1785322613.977851284] [charge_scheduler]: [执行事件] loop=open plan_v=0 C2 type=target_service target=29 station_ord=0 planned_finish=292.59 actual_finish=292.59 dev=+0.00 injected=0.0
[charge_scheduler-1] [INFO] [1785322613.977858598] [charge_scheduler]: [执行事件] loop=open plan_v=0 C1 type=target_service target=25 station_ord=0 planned_finish=305.42 actual_finish=323.68 dev=+18.25 injected=0.0
[charge_scheduler-1] [INFO] [1785322613.977868639] [charge_scheduler]: [执行事件] loop=open plan_v=0 C3 type=target_service target=6 station_ord=0 planned_finish=315.14 actual_finish=332.36 dev=+17.22 injected=0.0
[charge_scheduler-1] [INFO] [1785322613.977879707] [charge_scheduler]: [执行事件] loop=open plan_v=0 C1 type=station_turnaround target=-1 station_ord=3 planned_finish=316.70 actual_finish=334.95 dev=+18.25 injected=0.0
[charge_scheduler-1] [INFO] [1785322613.977887173] [charge_scheduler]: [执行事件] loop=open plan_v=0 C2 type=target_service target=14 station_ord=0 planned_finish=336.97 actual_finish=336.97 dev=+0.00 injected=0.0
[charge_scheduler-1] [INFO] [1785322613.977894405] [charge_scheduler]: [执行事件] loop=open plan_v=0 C2 type=final_return target=-1 station_ord=0 planned_finish=340.73 actual_finish=340.73 dev=+0.00 injected=0.0
[charge_scheduler-1] [INFO] [1785322613.977901303] [charge_scheduler]: [执行事件] loop=open plan_v=0 C3 type=station_turnaround target=-1 station_ord=3 planned_finish=327.83 actual_finish=345.05 dev=+17.22 injected=0.0
[charge_scheduler-1] [INFO] [1785322613.977908758] [charge_scheduler]: [执行事件] loop=open plan_v=0 C1 type=target_service target=2 station_ord=0 planned_finish=362.49 actual_finish=380.74 dev=+18.25 injected=0.0
[charge_scheduler-1] [INFO] [1785322613.977915895] [charge_scheduler]: [执行事件] loop=open plan_v=0 C1 type=final_return target=-1 station_ord=0 planned_finish=364.42 actual_finish=382.67 dev=+18.25 injected=0.0
[charge_scheduler-1] [INFO] [1785322613.977922954] [charge_scheduler]: [执行事件] loop=open plan_v=0 C3 type=target_service target=17 station_ord=0 planned_finish=373.72 actual_finish=391.71 dev=+17.99 injected=0.0
[charge_scheduler-1] [INFO] [1785322613.977930006] [charge_scheduler]: [执行事件] loop=open plan_v=0 C3 type=final_return target=-1 station_ord=0 planned_finish=376.51 actual_finish=394.50 dev=+17.99 injected=0.0
[charge_scheduler-1] [INFO] [1785322613.977948044] [charge_scheduler]: [执行事件] loop=fixed plan_v=0 C1 type=target_service target=27 station_ord=0 planned_finish=6.36 actual_finish=6.36 dev=+0.00 injected=0.0
[charge_scheduler-1] [INFO] [1785322613.977955592] [charge_scheduler]: [执行事件] loop=fixed plan_v=0 C2 type=target_service target=4 station_ord=0 planned_finish=11.04 actual_finish=11.04 dev=+0.00 injected=0.0
[charge_scheduler-1] [INFO] [1785322613.977962834] [charge_scheduler]: [执行事件] loop=fixed plan_v=0 C1 type=target_service target=21 station_ord=0 planned_finish=14.00 actual_finish=14.00 dev=+0.00 injected=0.0
[charge_scheduler-1] [INFO] [1785322613.977970191] [charge_scheduler]: [执行事件] loop=fixed plan_v=0 C1 type=target_service target=12 station_ord=0 planned_finish=23.83 actual_finish=23.83 dev=+0.00 injected=0.0
[charge_scheduler-1] [INFO] [1785322613.977977271] [charge_scheduler]: [执行事件] loop=fixed plan_v=0 C3 type=target_service target=3 station_ord=0 planned_finish=24.73 actual_finish=24.73 dev=+0.00 injected=0.0
[charge_scheduler-1] [INFO] [1785322613.977984496] [charge_scheduler]: [执行事件] loop=fixed plan_v=0 C2 type=target_service target=8 station_ord=0 planned_finish=27.46 actual_finish=27.46 dev=+0.00 injected=0.0
[charge_scheduler-1] [INFO] [1785322613.977993653] [charge_scheduler]: [执行事件] loop=fixed plan_v=0 C1 type=target_service target=15 station_ord=0 planned_finish=49.07 actual_finish=49.07 dev=+0.00 injected=0.0
[charge_scheduler-1] [INFO] [1785322613.978001429] [charge_scheduler]: [执行事件] loop=fixed plan_v=0 C2 type=target_service target=22 station_ord=0 planned_finish=60.21 actual_finish=60.21 dev=+0.00 injected=0.0
[charge_scheduler-1] [INFO] [1785322613.978008448] [charge_scheduler]: [执行事件] loop=fixed plan_v=0 C3 type=target_service target=11 station_ord=0 planned_finish=63.29 actual_finish=63.29 dev=+0.00 injected=0.0
[charge_scheduler-1] [INFO] [1785322613.978015464] [charge_scheduler]: [执行事件] loop=fixed plan_v=0 C1 type=target_service target=7 station_ord=0 planned_finish=75.27 actual_finish=75.27 dev=+0.00 injected=0.0
[charge_scheduler-1] [INFO] [1785322613.978022805] [charge_scheduler]: [执行事件] loop=fixed plan_v=0 C2 type=target_service target=18 station_ord=0 planned_finish=84.42 actual_finish=84.42 dev=+0.00 injected=0.0
[charge_scheduler-1] [INFO] [1785322613.978029868] [charge_scheduler]: [执行事件] loop=fixed plan_v=0 C3 type=target_service target=28 station_ord=0 planned_finish=97.67 actual_finish=97.67 dev=+0.00 injected=0.0
[charge_scheduler-1] [INFO] [1785322613.978038576] [charge_scheduler]: [执行事件] loop=fixed plan_v=0 C1 type=target_service target=9 station_ord=0 planned_finish=108.21 actual_finish=108.21 dev=+0.00 injected=0.0
[charge_scheduler-1] [INFO] [1785322613.978051806] [charge_scheduler]: [执行事件] loop=fixed plan_v=0 C2 type=target_service target=1 station_ord=0 planned_finish=110.04 actual_finish=110.04 dev=+0.00 injected=0.0
[charge_scheduler-1] [INFO] [1785322613.978059586] [charge_scheduler]: [执行事件] loop=fixed plan_v=0 C2 type=station_turnaround target=-1 station_ord=1 planned_finish=122.47 actual_finish=122.47 dev=+0.00 injected=0.0
[charge_scheduler-1] [INFO] [1785322613.978067616] [charge_scheduler]: [执行事件] loop=fixed plan_v=0 C3 type=station_turnaround target=-1 station_ord=1 planned_finish=109.71 actual_finish=124.71 dev=+15.00 injected=15.0
[charge_scheduler-1] [WARN] [1785322614.724768272] [charge_scheduler]: [重调度事件] policy=fixed #1 t=124.71min trigger=C3/station_turnaround dev=+15.00 pool=15 committed=1 plan_v=1 solve_ms=746.6 changed_assign=0 changed_order=3
[charge_scheduler-1] [INFO] [1785322614.724831118] [charge_scheduler]: [执行事件] loop=fixed plan_v=0 C1 type=station_turnaround target=-1 station_ord=1 planned_finish=120.49 actual_finish=135.49 dev=+15.00 injected=15.0
[charge_scheduler-1] [WARN] [1785322615.343834090] [charge_scheduler]: [重调度事件] policy=fixed #2 t=135.49min trigger=C1/station_turnaround dev=+15.00 pool=14 committed=2 plan_v=2 solve_ms=618.9 changed_assign=0 changed_order=6
[charge_scheduler-1] [INFO] [1785322615.343881478] [charge_scheduler]: [执行事件] loop=fixed plan_v=1 C3 type=target_service target=24 station_ord=0 planned_finish=150.53 actual_finish=150.53 dev=+0.00 injected=0.0
[charge_scheduler-1] [INFO] [1785322615.343891523] [charge_scheduler]: [执行事件] loop=fixed plan_v=0 C2 type=target_service target=13 station_ord=0 planned_finish=160.22 actual_finish=160.22 dev=+0.00 injected=0.0
[charge_scheduler-1] [INFO] [1785322615.343897855] [charge_scheduler]: [执行事件] loop=fixed plan_v=2 C1 type=target_service target=5 station_ord=0 planned_finish=182.42 actual_finish=182.42 dev=+0.00 injected=0.0
[charge_scheduler-1] [INFO] [1785322615.343904159] [charge_scheduler]: [执行事件] loop=fixed plan_v=2 C3 type=target_service target=26 station_ord=0 planned_finish=195.37 actual_finish=195.37 dev=+0.00 injected=0.0
[charge_scheduler-1] [INFO] [1785322615.343914035] [charge_scheduler]: [执行事件] loop=fixed plan_v=2 C2 type=target_service target=0 station_ord=0 planned_finish=198.30 actual_finish=198.30 dev=+0.00 injected=0.0
[charge_scheduler-1] [INFO] [1785322615.343920345] [charge_scheduler]: [执行事件] loop=fixed plan_v=2 C1 type=target_service target=20 station_ord=0 planned_finish=227.30 actual_finish=227.30 dev=+0.00 injected=0.0
[charge_scheduler-1] [INFO] [1785322615.343927281] [charge_scheduler]: [执行事件] loop=fixed plan_v=2 C3 type=target_service target=19 station_ord=0 planned_finish=231.46 actual_finish=231.46 dev=+0.00 injected=0.0
[charge_scheduler-1] [INFO] [1785322615.343933251] [charge_scheduler]: [执行事件] loop=fixed plan_v=2 C2 type=target_service target=10 station_ord=0 planned_finish=235.29 actual_finish=235.29 dev=+0.00 injected=0.0
[charge_scheduler-1] [INFO] [1785322615.343939339] [charge_scheduler]: [执行事件] loop=fixed plan_v=2 C1 type=station_turnaround target=-1 station_ord=2 planned_finish=238.70 actual_finish=238.70 dev=+0.00 injected=0.0
[charge_scheduler-1] [INFO] [1785322615.343945723] [charge_scheduler]: [执行事件] loop=fixed plan_v=2 C3 type=station_turnaround target=-1 station_ord=2 planned_finish=243.66 actual_finish=243.66 dev=+0.00 injected=0.0
[charge_scheduler-1] [INFO] [1785322615.343951613] [charge_scheduler]: [执行事件] loop=fixed plan_v=2 C2 type=station_turnaround target=-1 station_ord=2 planned_finish=246.94 actual_finish=246.94 dev=+0.00 injected=0.0
[charge_scheduler-1] [INFO] [1785322615.343957797] [charge_scheduler]: [执行事件] loop=fixed plan_v=2 C1 type=target_service target=23 station_ord=0 planned_finish=284.98 actual_finish=284.98 dev=+0.00 injected=0.0
[charge_scheduler-1] [INFO] [1785322615.343964042] [charge_scheduler]: [执行事件] loop=fixed plan_v=2 C3 type=target_service target=6 station_ord=0 planned_finish=290.22 actual_finish=290.22 dev=+0.00 injected=0.0
[charge_scheduler-1] [INFO] [1785322615.343970178] [charge_scheduler]: [执行事件] loop=fixed plan_v=2 C2 type=target_service target=29 station_ord=0 planned_finish=292.59 actual_finish=292.59 dev=+0.00 injected=0.0
[charge_scheduler-1] [INFO] [1785322615.343976475] [charge_scheduler]: [执行事件] loop=fixed plan_v=2 C3 type=target_service target=16 station_ord=0 planned_finish=325.73 actual_finish=325.73 dev=+0.00 injected=0.0
[charge_scheduler-1] [INFO] [1785322615.344001544] [charge_scheduler]: [执行事件] loop=fixed plan_v=2 C1 type=target_service target=2 station_ord=0 planned_finish=331.73 actual_finish=331.73 dev=+0.00 injected=0.0
[charge_scheduler-1] [INFO] [1785322615.344011221] [charge_scheduler]: [执行事件] loop=fixed plan_v=2 C2 type=target_service target=14 station_ord=0 planned_finish=336.97 actual_finish=336.97 dev=+0.00 injected=0.0
[charge_scheduler-1] [INFO] [1785322615.344016695] [charge_scheduler]: [执行事件] loop=fixed plan_v=2 C3 type=station_turnaround target=-1 station_ord=3 planned_finish=338.45 actual_finish=338.45 dev=+0.00 injected=0.0
[charge_scheduler-1] [INFO] [1785322615.344022390] [charge_scheduler]: [执行事件] loop=fixed plan_v=2 C2 type=final_return target=-1 station_ord=0 planned_finish=340.73 actual_finish=340.73 dev=+0.00 injected=0.0
[charge_scheduler-1] [INFO] [1785322615.344027805] [charge_scheduler]: [执行事件] loop=fixed plan_v=2 C1 type=station_turnaround target=-1 station_ord=3 planned_finish=343.65 actual_finish=343.65 dev=+0.00 injected=0.0
[charge_scheduler-1] [INFO] [1785322615.344033533] [charge_scheduler]: [执行事件] loop=fixed plan_v=2 C1 type=target_service target=25 station_ord=0 planned_finish=381.39 actual_finish=381.39 dev=+0.00 injected=0.0
[charge_scheduler-1] [INFO] [1785322615.344038869] [charge_scheduler]: [执行事件] loop=fixed plan_v=2 C1 type=final_return target=-1 station_ord=0 planned_finish=382.67 actual_finish=382.67 dev=+0.00 injected=0.0
[charge_scheduler-1] [INFO] [1785322615.344044275] [charge_scheduler]: [执行事件] loop=fixed plan_v=2 C3 type=target_service target=17 station_ord=0 planned_finish=385.11 actual_finish=385.11 dev=+0.00 injected=0.0
[charge_scheduler-1] [INFO] [1785322615.344049586] [charge_scheduler]: [执行事件] loop=fixed plan_v=2 C3 type=final_return target=-1 station_ord=0 planned_finish=387.90 actual_finish=387.90 dev=+0.00 injected=0.0
[charge_scheduler-1] [INFO] [1785322615.344062912] [charge_scheduler]: ★闭环实验结果 mode=open M=30 K=3 disturbance=station delay=15.0 seed=6 N_late=11 T_overtime=286.130 C_total=5671.293 makespan=394.499 served=30 energy_viol=0 reschedules=0 reschedule_ms=0.000 changed_assign=0 changed_order=0 applied_target=0 applied_station=2 initial_solve_ms=51784.487 objective_order=Nlate,Tover,Ctotal
[charge_scheduler-1] [INFO] [1785322615.344073558] [charge_scheduler]: ★闭环实验结果 mode=fixed M=30 K=3 disturbance=station delay=15.0 seed=6 N_late=9 T_overtime=327.868 C_total=5461.351 makespan=387.899 served=30 energy_viol=0 reschedules=2 reschedule_ms=1365.556 changed_assign=0 changed_order=9 applied_target=0 applied_station=2 initial_solve_ms=51784.487 objective_order=Nlate,Tover,Ctotal
[charge_scheduler-1] [INFO] [1785322615.344081996] [charge_scheduler]: ★闭环实验收益 policy=fixed M=30 K=3 disturbance=station delay=15.0 seed=6 recovered_late=2 overtime_reduction=-41.738 distance_delta=-209.943 makespan_reduction=6.600
