[INFO] [launch]: All log files can be found below /root/.ros/log/2026-07-29-10-14-57-236069-YYYY-20648
[INFO] [launch]: Default logging verbosity is set to INFO
[INFO] [charge_scheduler-1]: process started with pid [20649]
[charge_scheduler-1] [INFO] [1785320097.396111341] [charge_scheduler]: [目标顺序] objective_order=Nlate,Tover,Ctotal
[charge_scheduler-1] [INFO] [1785320097.396726321] [charge_scheduler]: [Scheduler] 20辆车 | 电池800.0kWh(20%=160.0 80%=640.0) | 充电360kW效率97% | 行驶0.6kWh/km | 桩350kW
[charge_scheduler-1] [INFO] [1785320097.396765300] [charge_scheduler]: [Scheduler] 站端周转: 换电 10 min(换后满电) | 单趟可用 640 kWh
[charge_scheduler-1] [INFO] [1785320097.396775681] [charge_scheduler]:   车#0 [电动装载机282|light] 位置(-47.3,-2.6) 容量282kWh 剩余35% | α=6→6min/% τ=168min → 需130.8kWh(充21.2min)
[charge_scheduler-1] [INFO] [1785320097.396790847] [charge_scheduler]:   车#1 [重型叉车|light] 位置(-44.0,-64.1) 容量200kWh 剩余20% | α=6→6min/% τ=96min → 需123.7kWh(充20.0min)
[charge_scheduler-1] [INFO] [1785320097.396802640] [charge_scheduler]:   车#2 [电动装载机350|light] 位置(-51.1,-38.8) 容量350kWh 剩余50% | α=6→6min/% τ=288min → 需108.2kWh(充17.5min)
[charge_scheduler-1] [INFO] [1785320097.396815797] [charge_scheduler]:   车#3 [重型叉车|light] 位置(-71.0,-19.0) 容量200kWh 剩余10% | α=6→6min/% τ=32min → 需144.3kWh(充23.3min)
[charge_scheduler-1] [INFO] [1785320097.396830613] [charge_scheduler]:   车#4 [电动装载机282|heavy→降级] 位置(-93.3,6.6) 容量282kWh 剩余60% | α=3→6min/% τ=212min → 需58.1kWh(充9.4min)
[charge_scheduler-1] [INFO] [1785320097.396842301] [charge_scheduler]:   车#5 [电动装载机350|light] 位置(-104.4,47.7) 容量350kWh 剩余25% | α=6→6min/% τ=128min → 需198.5kWh(充32.1min)
[charge_scheduler-1] [INFO] [1785320097.396854049] [charge_scheduler]:   车#6 [电动装载机350|heavy→降级] 位置(-37.0,-75.1) 容量350kWh 剩余40% | α=4→6min/% τ=176min → 需144.3kWh(充23.3min)
[charge_scheduler-1] [INFO] [1785320097.396865351] [charge_scheduler]:   车#7 [重型叉车|light] 位置(-88.8,-37.1) 容量200kWh 剩余15% | α=6→6min/% τ=64min → 需134.0kWh(充21.7min)
[charge_scheduler-1] [INFO] [1785320097.396876629] [charge_scheduler]:   车#8 [电动装载机282|heavy→降级] 位置(-70.9,27.7) 容量282kWh 剩余55% | α=3→6min/% τ=196min → 需72.7kWh(充11.8min)
[charge_scheduler-1] [INFO] [1785320097.396887859] [charge_scheduler]:   车#9 [电动装载机282|heavy→降级] 位置(-35.4,-47.4) 容量282kWh 剩余30% | α=3→6min/% τ=116min → 需145.4kWh(充23.5min)
[charge_scheduler-1] [INFO] [1785320097.396902271] [charge_scheduler]:   车#10 [电动装载机282|light] 位置(-100.0,-1.0) 容量282kWh 剩余45% | α=6→6min/% τ=224min → 需101.8kWh(充16.4min)
[charge_scheduler-1] [INFO] [1785320097.396915254] [charge_scheduler]:   车#11 [电动装载机350|light] 位置(-72.8,-15.6) 容量350kWh 剩余18% | α=6→6min/% τ=83min → 需223.7kWh(充36.2min)
[charge_scheduler-1] [INFO] [1785320097.396927460] [charge_scheduler]:   车#12 [重型叉车|heavy→降级] 位置(-61.7,-20.7) 容量200kWh 剩余62% | α=3→6min/% τ=230min → 需37.1kWh(充6.0min)
[charge_scheduler-1] [INFO] [1785320097.396939272] [charge_scheduler]:   车#13 [电动装载机282|light] 位置(-133.0,-25.3) 容量282kWh 剩余28% | α=6→6min/% τ=129min → 需151.2kWh(充24.4min)
[charge_scheduler-1] [INFO] [1785320097.396951274] [charge_scheduler]:   车#14 [电动装载机350|light] 位置(-132.0,-8.9) 容量350kWh 剩余52% | α=6→6min/% τ=301min → 需101.0kWh(充16.3min)
[charge_scheduler-1] [INFO] [1785320097.396963745] [charge_scheduler]:   车#15 [重型叉车|light] 位置(-120.0,7.9) 容量200kWh 剩余12% | α=6→6min/% τ=45min → 需140.2kWh(充22.7min)
[charge_scheduler-1] [INFO] [1785320097.396974869] [charge_scheduler]:   车#16 [电动装载机282|light] 位置(-43.8,-82.9) 容量282kWh 剩余38% | α=6→6min/% τ=185min → 需122.1kWh(充19.7min)
[charge_scheduler-1] [INFO] [1785320097.396989902] [charge_scheduler]:   车#17 [电动装载机350|light] 位置(-31.1,-74.7) 容量350kWh 剩余58% | α=6→6min/% τ=339min → 需79.4kWh(充12.8min)
[charge_scheduler-1] [INFO] [1785320097.397000617] [charge_scheduler]:   车#18 [重型叉车|heavy→降级] 位置(-75.4,-68.2) 容量200kWh 剩余22% | α=3→6min/% τ=102min → 需119.6kWh(充19.3min)
[charge_scheduler-1] [INFO] [1785320097.397011536] [charge_scheduler]:   车#19 [电动装载机282|light] 位置(-88.2,47.1) 容量282kWh 剩余48% | α=6→6min/% τ=241min → 需93.0kWh(充15.0min)
[charge_scheduler-1] [INFO] [1785320097.408580058] [charge_scheduler]: [Scheduler] 闭环接口: threshold=10.0min | event_sim=on | policy=fixed | structured_feedback=optional (/task_planner/execution_event)
[charge_scheduler-1] [INFO] [1785320097.408694831] [charge_scheduler]: [Scheduler] 已启动, 等待地图...
[charge_scheduler-1] [INFO] [1785320097.482264237] [charge_scheduler]: [Scheduler] RoutingGraph 就绪
[charge_scheduler-1] [INFO] [1785320097.482626674] [charge_scheduler]: [Scheduler] 提取到 6 条虚线捷径
[charge_scheduler-1] [INFO] [1785320097.498774413] [charge_scheduler]: [Scheduler] 下层兼容增强图: 166 节点, 6 条虚线掉头边
[charge_scheduler-1] [INFO] [1785320101.290338396] [charge_scheduler]: [Scheduler] 距离矩阵完成 21x21, 3791.5 ms | 模式=maneuver | 真实不可达=0 抽象不可达=0 | 缺少对向投影节点=0
[charge_scheduler-1] [INFO] [1785320101.290422688] [charge_scheduler]:   ✓ 比值自检：420 个 OD 满足 机动/直线≥1 | 均值=2.70 最大=41.42 (车#4→车#10)
[charge_scheduler-1] [INFO] [1785320101.290439839] [charge_scheduler]: [Scheduler] 地图就绪, 166 条 lanelet（与下层一致）
[charge_scheduler-1] [INFO] [1785320101.290501440] [charge_scheduler]: ======== 开始VRPTW调度 20 辆车 ========
[charge_scheduler-1] [INFO] [1785320101.290511988] [charge_scheduler]:   规模20>8 → 启发式(alns)
[charge_scheduler-1] [INFO] [1785320115.474620018] [charge_scheduler]: [ALNS] objective_order=Nlate,Tover,Ctotal seed=3 iters=15000 | N_late=2(成功率90.0%) T_overtime=133.4min C_total=3956.8m | 趟数=7 makespan=375.2min
[charge_scheduler-1] [INFO] [1785320115.474696683] [charge_scheduler]:   求解耗时 14184.2 ms
[charge_scheduler-1] [INFO] [1785320115.474707463] [charge_scheduler]: ════════ 调度结果 ════════
[charge_scheduler-1] [INFO] [1785320115.474714380] [charge_scheduler]:   ★目标(字典序): objective_order=Nlate,Tover,Ctotal | N_late=2 辆 (按时成功率 18/20 = 90.0%)  T_overtime=133.4min  C_total=3956.8m
[charge_scheduler-1] [INFO] [1785320115.474723016] [charge_scheduler]:   附: 趟数=7 | makespan=375.2min | 能量可行=是
[charge_scheduler-1] [INFO] [1785320115.474737883] [charge_scheduler]:   [充电车1] 趟1: 站 → 车#4(到1.4/限212.0✓) → 车#8(到13.7/限196.0✓) → 车#3(到28.2/限32.0✓) → 车#7(到53.7/限64.0✓) → 车#1(到79.3/限96.0✓) → 站
[charge_scheduler-1] [INFO] [1785320115.474747210] [charge_scheduler]:   [充电车2] 趟2: 站 → 车#9(到2.2/限116.0✓) → 车#12(到27.0/限230.4✓) → 车#15(到37.0/限44.8✓) → 车#11(到64.5/限83.2✓) → 站
[charge_scheduler-1] [INFO] [1785320115.474754953] [charge_scheduler]:   [充电车1] 趟3: 站 → 车#18(到117.9/限102.4✗超时) → 车#16(到143.6/限184.8✓) → 车#6(到175.6/限176.0✓) → 站
[charge_scheduler-1] [INFO] [1785320115.474762299] [charge_scheduler]:   [充电车2] 趟4: 站 → 车#13(到121.9/限128.8✓) → 车#0(到159.8/限168.0✓) → 车#10(到197.9/限224.0✓) → 站
[charge_scheduler-1] [INFO] [1785320115.474768575] [charge_scheduler]:   [充电车1] 趟5: 站 → 车#19(到235.5/限240.8✓) → 车#2(到272.4/限288.0✓) → 站
[charge_scheduler-1] [INFO] [1785320115.474774798] [charge_scheduler]:   [充电车1] 趟6: 站 → 车#17(到329.5/限339.2✓) → 站
[charge_scheduler-1] [INFO] [1785320115.474781271] [charge_scheduler]:   [充电车2] 趟7: 站 → 车#5(到245.8/限128.0✗超时) → 车#14(到292.9/限300.8✓) → 站
[charge_scheduler-1] [INFO] [1785320115.474785917] [charge_scheduler]: ════════════════════════
[charge_scheduler-1] [INFO] [1785320115.474850757] [charge_scheduler]: [扰动清单] type=combined delay=60.0min targets={13,15,} station={C1-S1,C2-S1,}
[charge_scheduler-1] [INFO] [1785320115.474869143] [charge_scheduler]: [执行事件] loop=open plan_v=0 C1 type=target_service target=4 station_ord=0 planned_finish=11.04 actual_finish=11.04 dev=+0.00 injected=0.0
[charge_scheduler-1] [INFO] [1785320115.474879260] [charge_scheduler]: [执行事件] loop=open plan_v=0 C2 type=target_service target=9 station_ord=0 planned_finish=25.99 actual_finish=25.99 dev=+0.00 injected=0.0
[charge_scheduler-1] [INFO] [1785320115.474887170] [charge_scheduler]: [执行事件] loop=open plan_v=0 C1 type=target_service target=8 station_ord=0 planned_finish=27.46 actual_finish=27.46 dev=+0.00 injected=0.0
[charge_scheduler-1] [INFO] [1785320115.474894773] [charge_scheduler]: [执行事件] loop=open plan_v=0 C2 type=target_service target=12 station_ord=0 planned_finish=35.76 actual_finish=35.76 dev=+0.00 injected=0.0
[charge_scheduler-1] [INFO] [1785320115.474903157] [charge_scheduler]: [执行事件] loop=open plan_v=0 C1 type=target_service target=3 station_ord=0 planned_finish=53.05 actual_finish=53.05 dev=+0.00 injected=0.0
[charge_scheduler-1] [INFO] [1785320115.474945663] [charge_scheduler]: [执行事件] loop=open plan_v=0 C1 type=target_service target=7 station_ord=0 planned_finish=78.18 actual_finish=78.18 dev=+0.00 injected=0.0
[charge_scheduler-1] [INFO] [1785320115.474954638] [charge_scheduler]: [执行事件] loop=open plan_v=0 C1 type=target_service target=1 station_ord=0 planned_finish=103.39 actual_finish=103.39 dev=+0.00 injected=0.0
[charge_scheduler-1] [INFO] [1785320115.474967246] [charge_scheduler]: [执行事件] loop=open plan_v=0 C2 type=target_service target=15 station_ord=0 planned_finish=61.62 actual_finish=121.62 dev=+60.00 injected=60.0
[charge_scheduler-1] [INFO] [1785320115.474979525] [charge_scheduler]: [执行事件] loop=open plan_v=0 C2 type=target_service target=11 station_ord=0 planned_finish=106.60 actual_finish=168.30 dev=+61.70 injected=0.0
[charge_scheduler-1] [INFO] [1785320115.474991777] [charge_scheduler]: [执行事件] loop=open plan_v=0 C1 type=station_turnaround target=-1 station_ord=1 planned_finish=115.81 actual_finish=175.81 dev=+60.00 injected=60.0
[charge_scheduler-1] [INFO] [1785320115.475005617] [charge_scheduler]: [执行事件] loop=open plan_v=0 C1 type=target_service target=18 station_ord=0 planned_finish=142.94 actual_finish=202.94 dev=+60.00 injected=0.0
[charge_scheduler-1] [INFO] [1785320115.475016481] [charge_scheduler]: [执行事件] loop=open plan_v=0 C1 type=target_service target=16 station_ord=0 planned_finish=175.37 actual_finish=238.83 dev=+63.46 injected=0.0
[charge_scheduler-1] [INFO] [1785320115.475028842] [charge_scheduler]: [执行事件] loop=open plan_v=0 C2 type=station_turnaround target=-1 station_ord=1 planned_finish=119.08 actual_finish=240.78 dev=+121.70 injected=60.0
[charge_scheduler-1] [INFO] [1785320115.475041231] [charge_scheduler]: [执行事件] loop=open plan_v=0 C1 type=target_service target=6 station_ord=0 planned_finish=219.34 actual_finish=282.84 dev=+63.49 injected=0.0
[charge_scheduler-1] [INFO] [1785320115.475048685] [charge_scheduler]: [执行事件] loop=open plan_v=0 C1 type=station_turnaround target=-1 station_ord=2 planned_finish=232.04 actual_finish=295.53 dev=+63.49 injected=0.0
[charge_scheduler-1] [INFO] [1785320115.475056163] [charge_scheduler]: [执行事件] loop=open plan_v=0 C1 type=target_service target=19 station_ord=0 planned_finish=270.25 actual_finish=334.20 dev=+63.94 injected=0.0
[charge_scheduler-1] [INFO] [1785320115.475063592] [charge_scheduler]: [执行事件] loop=open plan_v=0 C2 type=target_service target=13 station_ord=0 planned_finish=156.55 actual_finish=338.83 dev=+182.28 injected=60.0
[charge_scheduler-1] [INFO] [1785320115.475074661] [charge_scheduler]: [执行事件] loop=open plan_v=0 C2 type=target_service target=0 station_ord=0 planned_finish=194.33 actual_finish=377.30 dev=+182.97 injected=0.0
[charge_scheduler-1] [INFO] [1785320115.475082553] [charge_scheduler]: [执行事件] loop=open plan_v=0 C1 type=target_service target=2 station_ord=0 planned_finish=314.71 actual_finish=380.08 dev=+65.37 injected=0.0
[charge_scheduler-1] [INFO] [1785320115.475089737] [charge_scheduler]: [执行事件] loop=open plan_v=0 C1 type=station_turnaround target=-1 station_ord=3 planned_finish=326.64 actual_finish=392.00 dev=+65.37 injected=0.0
[charge_scheduler-1] [INFO] [1785320115.475096748] [charge_scheduler]: [执行事件] loop=open plan_v=0 C2 type=target_service target=10 station_ord=0 planned_finish=230.98 actual_finish=416.14 dev=+185.16 injected=0.0
[charge_scheduler-1] [INFO] [1785320115.475108197] [charge_scheduler]: [执行事件] loop=open plan_v=0 C2 type=station_turnaround target=-1 station_ord=2 planned_finish=242.63 actual_finish=427.79 dev=+185.16 injected=0.0
[charge_scheduler-1] [INFO] [1785320115.475115716] [charge_scheduler]: [执行事件] loop=open plan_v=0 C1 type=target_service target=17 station_ord=0 planned_finish=372.41 actual_finish=438.66 dev=+66.25 injected=0.0
[charge_scheduler-1] [INFO] [1785320115.475122705] [charge_scheduler]: [执行事件] loop=open plan_v=0 C1 type=final_return target=-1 station_ord=0 planned_finish=375.21 actual_finish=441.45 dev=+66.25 injected=0.0
[charge_scheduler-1] [INFO] [1785320115.475129793] [charge_scheduler]: [执行事件] loop=open plan_v=0 C2 type=target_service target=5 station_ord=0 planned_finish=289.56 actual_finish=474.72 dev=+185.16 injected=0.0
[charge_scheduler-1] [INFO] [1785320115.475141767] [charge_scheduler]: [执行事件] loop=open plan_v=0 C2 type=target_service target=14 station_ord=0 planned_finish=335.97 actual_finish=521.85 dev=+185.88 injected=0.0
[charge_scheduler-1] [INFO] [1785320115.475153340] [charge_scheduler]: [执行事件] loop=open plan_v=0 C2 type=final_return target=-1 station_ord=0 planned_finish=339.73 actual_finish=525.61 dev=+185.88 injected=0.0
[charge_scheduler-1] [INFO] [1785320115.475169933] [charge_scheduler]: [执行事件] loop=fixed plan_v=0 C1 type=target_service target=4 station_ord=0 planned_finish=11.04 actual_finish=11.04 dev=+0.00 injected=0.0
[charge_scheduler-1] [INFO] [1785320115.475177723] [charge_scheduler]: [执行事件] loop=fixed plan_v=0 C2 type=target_service target=9 station_ord=0 planned_finish=25.99 actual_finish=25.99 dev=+0.00 injected=0.0
[charge_scheduler-1] [INFO] [1785320115.475186431] [charge_scheduler]: [执行事件] loop=fixed plan_v=0 C1 type=target_service target=8 station_ord=0 planned_finish=27.46 actual_finish=27.46 dev=+0.00 injected=0.0
[charge_scheduler-1] [INFO] [1785320115.475193915] [charge_scheduler]: [执行事件] loop=fixed plan_v=0 C2 type=target_service target=12 station_ord=0 planned_finish=35.76 actual_finish=35.76 dev=+0.00 injected=0.0
[charge_scheduler-1] [INFO] [1785320115.475201724] [charge_scheduler]: [执行事件] loop=fixed plan_v=0 C1 type=target_service target=3 station_ord=0 planned_finish=53.05 actual_finish=53.05 dev=+0.00 injected=0.0
[charge_scheduler-1] [INFO] [1785320115.475209259] [charge_scheduler]: [执行事件] loop=fixed plan_v=0 C1 type=target_service target=7 station_ord=0 planned_finish=78.18 actual_finish=78.18 dev=+0.00 injected=0.0
[charge_scheduler-1] [INFO] [1785320115.475216592] [charge_scheduler]: [执行事件] loop=fixed plan_v=0 C1 type=target_service target=1 station_ord=0 planned_finish=103.39 actual_finish=103.39 dev=+0.00 injected=0.0
[charge_scheduler-1] [INFO] [1785320115.475224624] [charge_scheduler]: [执行事件] loop=fixed plan_v=0 C2 type=target_service target=15 station_ord=0 planned_finish=61.62 actual_finish=121.62 dev=+60.00 injected=60.0
[charge_scheduler-1] [WARN] [1785320115.789220253] [charge_scheduler]: [重调度事件] policy=fixed #1 t=121.62min trigger=C2/target_service dev=+60.00 pool=12 committed=0 plan_v=1 solve_ms=313.9 changed_assign=0 changed_order=12
[charge_scheduler-1] [INFO] [1785320115.789271422] [charge_scheduler]: [执行事件] loop=fixed plan_v=1 C2 type=target_service target=5 station_ord=0 planned_finish=166.33 actual_finish=166.33 dev=+0.00 injected=0.0
[charge_scheduler-1] [INFO] [1785320115.789282695] [charge_scheduler]: [执行事件] loop=fixed plan_v=0 C1 type=station_turnaround target=-1 station_ord=1 planned_finish=115.81 actual_finish=175.81 dev=+60.00 injected=60.0
[charge_scheduler-1] [WARN] [1785320116.059568595] [charge_scheduler]: [重调度事件] policy=fixed #2 t=175.81min trigger=C1/station_turnaround dev=+60.00 pool=11 committed=0 plan_v=2 solve_ms=270.2 changed_assign=0 changed_order=10
[charge_scheduler-1] [INFO] [1785320116.059646723] [charge_scheduler]: [执行事件] loop=fixed plan_v=2 C1 type=target_service target=18 station_ord=0 planned_finish=202.94 actual_finish=202.94 dev=+0.00 injected=0.0
[charge_scheduler-1] [INFO] [1785320116.059658663] [charge_scheduler]: [执行事件] loop=fixed plan_v=1 C2 type=station_turnaround target=-1 station_ord=1 planned_finish=178.76 actual_finish=238.76 dev=+60.00 injected=60.0
[charge_scheduler-1] [WARN] [1785320116.258935911] [charge_scheduler]: [重调度事件] policy=fixed #3 t=238.76min trigger=C2/station_turnaround dev=+60.00 pool=9 committed=1 plan_v=3 solve_ms=199.2 changed_assign=0 changed_order=8
[charge_scheduler-1] [INFO] [1785320116.258992241] [charge_scheduler]: [执行事件] loop=fixed plan_v=2 C1 type=target_service target=16 station_ord=0 planned_finish=238.83 actual_finish=238.83 dev=+0.00 injected=0.0
[charge_scheduler-1] [INFO] [1785320116.259001336] [charge_scheduler]: [执行事件] loop=fixed plan_v=3 C2 type=target_service target=0 station_ord=0 planned_finish=274.84 actual_finish=274.84 dev=+0.00 injected=0.0
[charge_scheduler-1] [INFO] [1785320116.259007384] [charge_scheduler]: [执行事件] loop=fixed plan_v=3 C1 type=target_service target=19 station_ord=0 planned_finish=278.16 actual_finish=278.16 dev=+0.00 injected=0.0
[charge_scheduler-1] [INFO] [1785320116.259014178] [charge_scheduler]: [执行事件] loop=fixed plan_v=3 C1 type=station_turnaround target=-1 station_ord=2 planned_finish=290.37 actual_finish=290.37 dev=+0.00 injected=0.0
[charge_scheduler-1] [INFO] [1785320116.259045804] [charge_scheduler]: [执行事件] loop=fixed plan_v=3 C2 type=target_service target=10 station_ord=0 planned_finish=313.68 actual_finish=313.68 dev=+0.00 injected=0.0
[charge_scheduler-1] [INFO] [1785320116.259051636] [charge_scheduler]: [执行事件] loop=fixed plan_v=3 C2 type=station_turnaround target=-1 station_ord=2 planned_finish=325.34 actual_finish=325.34 dev=+0.00 injected=0.0
[charge_scheduler-1] [INFO] [1785320116.259058441] [charge_scheduler]: [执行事件] loop=fixed plan_v=3 C1 type=target_service target=2 station_ord=0 planned_finish=336.16 actual_finish=336.16 dev=+0.00 injected=0.0
[charge_scheduler-1] [INFO] [1785320116.259064725] [charge_scheduler]: [执行事件] loop=fixed plan_v=3 C1 type=target_service target=17 station_ord=0 planned_finish=381.07 actual_finish=381.07 dev=+0.00 injected=0.0
[charge_scheduler-1] [INFO] [1785320116.259070385] [charge_scheduler]: [执行事件] loop=fixed plan_v=3 C1 type=station_turnaround target=-1 station_ord=3 planned_finish=393.86 actual_finish=393.86 dev=+0.00 injected=0.0
[charge_scheduler-1] [INFO] [1785320116.259154163] [charge_scheduler]: [执行事件] loop=fixed plan_v=3 C2 type=target_service target=13 station_ord=0 planned_finish=363.38 actual_finish=423.38 dev=+60.00 injected=60.0
[charge_scheduler-1] [WARN] [1785320116.305973375] [charge_scheduler]: [重调度事件] policy=fixed #4 t=423.38min trigger=C2/target_service dev=+60.00 pool=2 committed=1 plan_v=4 solve_ms=46.8 changed_assign=0 changed_order=0
[charge_scheduler-1] [INFO] [1785320116.306047052] [charge_scheduler]: [执行事件] loop=fixed plan_v=3 C1 type=target_service target=6 station_ord=0 planned_finish=440.42 actual_finish=440.42 dev=+0.00 injected=0.0
[charge_scheduler-1] [INFO] [1785320116.306070204] [charge_scheduler]: [执行事件] loop=fixed plan_v=4 C1 type=final_return target=-1 station_ord=0 planned_finish=443.12 actual_finish=443.12 dev=+0.00 injected=0.0
[charge_scheduler-1] [INFO] [1785320116.306077294] [charge_scheduler]: [执行事件] loop=fixed plan_v=4 C2 type=target_service target=14 station_ord=0 planned_finish=467.48 actual_finish=467.48 dev=+0.00 injected=0.0
[charge_scheduler-1] [INFO] [1785320116.306085220] [charge_scheduler]: [执行事件] loop=fixed plan_v=4 C2 type=station_turnaround target=-1 station_ord=3 planned_finish=481.24 actual_finish=481.24 dev=+0.00 injected=0.0
[charge_scheduler-1] [INFO] [1785320116.306092511] [charge_scheduler]: [执行事件] loop=fixed plan_v=4 C2 type=target_service target=11 station_ord=0 planned_finish=526.31 actual_finish=526.31 dev=+0.00 injected=0.0
[charge_scheduler-1] [INFO] [1785320116.306101825] [charge_scheduler]: [执行事件] loop=fixed plan_v=4 C2 type=final_return target=-1 station_ord=0 planned_finish=528.79 actual_finish=528.79 dev=+0.00 injected=0.0
[charge_scheduler-1] [INFO] [1785320116.306117458] [charge_scheduler]: ★闭环实验结果 mode=open M=20 K=2 disturbance=combined delay=60.0 seed=3 N_late=12 T_overtime=1286.926 C_total=3956.754 makespan=525.611 served=20 energy_viol=4 reschedules=0 reschedule_ms=0.000 changed_assign=0 changed_order=0 applied_target=2 applied_station=2 initial_solve_ms=14184.184 objective_order=Nlate,Tover,Ctotal
[charge_scheduler-1] [INFO] [1785320116.306130275] [charge_scheduler]: ★闭环实验结果 mode=fixed M=20 K=2 disturbance=combined delay=60.0 seed=3 N_late=10 T_overtime=1169.152 C_total=3653.879 makespan=528.791 served=20 energy_viol=0 reschedules=4 reschedule_ms=830.163 changed_assign=0 changed_order=30 applied_target=2 applied_station=2 initial_solve_ms=14184.184 objective_order=Nlate,Tover,Ctotal
[charge_scheduler-1] [INFO] [1785320116.306140444] [charge_scheduler]: ★闭环实验收益 policy=fixed M=20 K=2 disturbance=combined delay=60.0 seed=3 recovered_late=2 overtime_reduction=117.774 distance_delta=-302.875 makespan_reduction=-3.180
