[INFO] [launch]: All log files can be found below /root/.ros/log/2026-07-29-10-51-43-141246-YYYY-25863
[INFO] [launch]: Default logging verbosity is set to INFO
[INFO] [charge_scheduler-1]: process started with pid [25865]
[charge_scheduler-1] [INFO] [1785322303.286857343] [charge_scheduler]: [目标顺序] objective_order=Nlate,Tover,Ctotal
[charge_scheduler-1] [INFO] [1785322303.287705947] [charge_scheduler]: [Scheduler] 30辆车 | 电池800.0kWh(20%=160.0 80%=640.0) | 充电360kW效率97% | 行驶0.6kWh/km | 桩350kW
[charge_scheduler-1] [INFO] [1785322303.287757301] [charge_scheduler]: [Scheduler] 站端周转: 换电 10 min(换后满电) | 单趟可用 640 kWh
[charge_scheduler-1] [INFO] [1785322303.287775947] [charge_scheduler]:   车#0 [电动装载机282|light] 位置(-47.3,-2.6) 容量282kWh 剩余35% | α=6→6min/% τ=168min → 需130.8kWh(充21.2min)
[charge_scheduler-1] [INFO] [1785322303.287800845] [charge_scheduler]:   车#1 [重型叉车|light] 位置(-44.0,-64.1) 容量200kWh 剩余20% | α=6→6min/% τ=96min → 需123.7kWh(充20.0min)
[charge_scheduler-1] [INFO] [1785322303.287822944] [charge_scheduler]:   车#2 [电动装载机350|light] 位置(-51.1,-38.8) 容量350kWh 剩余50% | α=6→6min/% τ=288min → 需108.2kWh(充17.5min)
[charge_scheduler-1] [INFO] [1785322303.287842848] [charge_scheduler]:   车#3 [重型叉车|light] 位置(-71.0,-19.0) 容量200kWh 剩余10% | α=6→6min/% τ=32min → 需144.3kWh(充23.3min)
[charge_scheduler-1] [INFO] [1785322303.287862301] [charge_scheduler]:   车#4 [电动装载机282|heavy→降级] 位置(-93.3,6.6) 容量282kWh 剩余60% | α=3→6min/% τ=212min → 需58.1kWh(充9.4min)
[charge_scheduler-1] [INFO] [1785322303.287881725] [charge_scheduler]:   车#5 [电动装载机350|light] 位置(-104.4,47.7) 容量350kWh 剩余25% | α=6→6min/% τ=128min → 需198.5kWh(充32.1min)
[charge_scheduler-1] [INFO] [1785322303.287900955] [charge_scheduler]:   车#6 [电动装载机350|heavy→降级] 位置(-37.0,-75.1) 容量350kWh 剩余40% | α=4→6min/% τ=176min → 需144.3kWh(充23.3min)
[charge_scheduler-1] [INFO] [1785322303.287926023] [charge_scheduler]:   车#7 [重型叉车|light] 位置(-88.8,-37.1) 容量200kWh 剩余15% | α=6→6min/% τ=64min → 需134.0kWh(充21.7min)
[charge_scheduler-1] [INFO] [1785322303.287948803] [charge_scheduler]:   车#8 [电动装载机282|heavy→降级] 位置(-70.9,27.7) 容量282kWh 剩余55% | α=3→6min/% τ=196min → 需72.7kWh(充11.8min)
[charge_scheduler-1] [INFO] [1785322303.287970015] [charge_scheduler]:   车#9 [电动装载机282|heavy→降级] 位置(-35.4,-47.4) 容量282kWh 剩余30% | α=3→6min/% τ=116min → 需145.4kWh(充23.5min)
[charge_scheduler-1] [INFO] [1785322303.287990693] [charge_scheduler]:   车#10 [电动装载机282|light] 位置(-100.0,-1.0) 容量282kWh 剩余45% | α=6→6min/% τ=224min → 需101.8kWh(充16.4min)
[charge_scheduler-1] [INFO] [1785322303.288010990] [charge_scheduler]:   车#11 [电动装载机350|light] 位置(-72.8,-15.6) 容量350kWh 剩余18% | α=6→6min/% τ=83min → 需223.7kWh(充36.2min)
[charge_scheduler-1] [INFO] [1785322303.288031958] [charge_scheduler]:   车#12 [重型叉车|heavy→降级] 位置(-61.7,-20.7) 容量200kWh 剩余62% | α=3→6min/% τ=230min → 需37.1kWh(充6.0min)
[charge_scheduler-1] [INFO] [1785322303.288052657] [charge_scheduler]:   车#13 [电动装载机282|light] 位置(-133.0,-25.3) 容量282kWh 剩余28% | α=6→6min/% τ=129min → 需151.2kWh(充24.4min)
[charge_scheduler-1] [INFO] [1785322303.288080283] [charge_scheduler]:   车#14 [电动装载机350|light] 位置(-132.0,-8.9) 容量350kWh 剩余52% | α=6→6min/% τ=301min → 需101.0kWh(充16.3min)
[charge_scheduler-1] [INFO] [1785322303.288102258] [charge_scheduler]:   车#15 [重型叉车|light] 位置(-120.0,7.9) 容量200kWh 剩余12% | α=6→6min/% τ=45min → 需140.2kWh(充22.7min)
[charge_scheduler-1] [INFO] [1785322303.288123885] [charge_scheduler]:   车#16 [电动装载机282|light] 位置(-43.8,-82.9) 容量282kWh 剩余38% | α=6→6min/% τ=185min → 需122.1kWh(充19.7min)
[charge_scheduler-1] [INFO] [1785322303.288144574] [charge_scheduler]:   车#17 [电动装载机350|light] 位置(-31.1,-74.7) 容量350kWh 剩余58% | α=6→6min/% τ=339min → 需79.4kWh(充12.8min)
[charge_scheduler-1] [INFO] [1785322303.288165822] [charge_scheduler]:   车#18 [重型叉车|heavy→降级] 位置(-75.4,-68.2) 容量200kWh 剩余22% | α=3→6min/% τ=102min → 需119.6kWh(充19.3min)
[charge_scheduler-1] [INFO] [1785322303.288187062] [charge_scheduler]:   车#19 [电动装载机282|light] 位置(-88.2,47.1) 容量282kWh 剩余48% | α=6→6min/% τ=241min → 需93.0kWh(充15.0min)
[charge_scheduler-1] [INFO] [1785322303.288208324] [charge_scheduler]:   车#20 [电动装载机350|light] 位置(-71.4,16.3) 容量350kWh 剩余33% | α=6→6min/% τ=179min → 需169.6kWh(充27.4min)
[charge_scheduler-1] [INFO] [1785322303.288294625] [charge_scheduler]:   车#21 [重型叉车|heavy→降级] 位置(-122.0,-0.6) 容量200kWh 剩余65% | α=3→6min/% τ=240min → 需30.9kWh(充5.0min)
[charge_scheduler-1] [INFO] [1785322303.288326653] [charge_scheduler]:   车#22 [电动装载机282|light] 位置(-71.6,11.6) 容量282kWh 剩余16% | α=6→6min/% τ=62min → 需186.1kWh(充30.1min)
[charge_scheduler-1] [INFO] [1785322303.288346597] [charge_scheduler]:   车#23 [电动装载机350|light] 位置(-131.0,37.2) 容量350kWh 剩余42% | α=6→6min/% τ=237min → 需137.1kWh(充22.2min)
[charge_scheduler-1] [INFO] [1785322303.288365895] [charge_scheduler]:   车#24 [重型叉车|heavy→降级] 位置(-51.3,5.9) 容量200kWh 剩余25% | α=3→6min/% τ=112min → 需113.4kWh(充18.3min)
[charge_scheduler-1] [INFO] [1785322303.288384661] [charge_scheduler]:   车#25 [电动装载机282|light] 位置(-62.2,-10.7) 容量282kWh 剩余55% | α=6→6min/% τ=280min → 需72.7kWh(充11.8min)
[charge_scheduler-1] [INFO] [1785322303.288404250] [charge_scheduler]:   车#26 [电动装载机350|light] 位置(-116.0,60.4) 容量350kWh 剩余30% | α=6→6min/% τ=160min → 需180.4kWh(充29.2min)
[charge_scheduler-1] [INFO] [1785322303.288423702] [charge_scheduler]:   车#27 [重型叉车|heavy→降级] 位置(-90.4,60.5) 容量200kWh 剩余68% | α=3→6min/% τ=250min → 需24.7kWh(充4.0min)
[charge_scheduler-1] [INFO] [1785322303.288459949] [charge_scheduler]:   车#28 [电动装载机282|light] 位置(-85.5,-46.0) 容量282kWh 剩余20% | α=6→6min/% τ=84min → 需174.4kWh(充28.2min)
[charge_scheduler-1] [INFO] [1785322303.288480420] [charge_scheduler]:   车#29 [电动装载机350|light] 位置(-87.0,-36.6) 容量350kWh 剩余36% | α=6→6min/% τ=198min → 需158.8kWh(充25.7min)
[charge_scheduler-1] [INFO] [1785322303.297629240] [charge_scheduler]: [Scheduler] 闭环接口: threshold=10.0min | event_sim=on | policy=fixed | structured_feedback=optional (/task_planner/execution_event)
[charge_scheduler-1] [INFO] [1785322303.297714575] [charge_scheduler]: [Scheduler] 已启动, 等待地图...
[charge_scheduler-1] [INFO] [1785322303.356163645] [charge_scheduler]: [Scheduler] RoutingGraph 就绪
[charge_scheduler-1] [INFO] [1785322303.356632797] [charge_scheduler]: [Scheduler] 提取到 6 条虚线捷径
[charge_scheduler-1] [INFO] [1785322303.377616420] [charge_scheduler]: [Scheduler] 下层兼容增强图: 166 节点, 6 条虚线掉头边
[charge_scheduler-1] [INFO] [1785322311.084790162] [charge_scheduler]: [Scheduler] 距离矩阵完成 31x31, 7707.1 ms | 模式=maneuver | 真实不可达=0 抽象不可达=0 | 缺少对向投影节点=0
[charge_scheduler-1] [INFO] [1785322311.084873244] [charge_scheduler]:   ✓ 比值自检：930 个 OD 满足 机动/直线≥1 | 均值=2.97 最大=42.81 (车#15→车#21)
[charge_scheduler-1] [INFO] [1785322311.084885335] [charge_scheduler]: [Scheduler] 地图就绪, 166 条 lanelet（与下层一致）
[charge_scheduler-1] [INFO] [1785322311.084938432] [charge_scheduler]: ======== 开始VRPTW调度 30 辆车 ========
[charge_scheduler-1] [INFO] [1785322311.084944513] [charge_scheduler]:   规模30>8 → 启发式(alns)
[charge_scheduler-1] [INFO] [1785322362.862323073] [charge_scheduler]: [ALNS] objective_order=Nlate,Tover,Ctotal seed=2 iters=15000 | N_late=3(成功率90.0%) T_overtime=187.2min C_total=5642.2m | 趟数=11 makespan=375.2min
[charge_scheduler-1] [INFO] [1785322362.862398053] [charge_scheduler]:   求解耗时 51777.5 ms
[charge_scheduler-1] [INFO] [1785322362.862410449] [charge_scheduler]: ════════ 调度结果 ════════
[charge_scheduler-1] [INFO] [1785322362.862418281] [charge_scheduler]:   ★目标(字典序): objective_order=Nlate,Tover,Ctotal | N_late=3 辆 (按时成功率 27/30 = 90.0%)  T_overtime=187.2min  C_total=5642.2m
[charge_scheduler-1] [INFO] [1785322362.862427724] [charge_scheduler]:   附: 趟数=11 | makespan=375.2min | 能量可行=是
[charge_scheduler-1] [INFO] [1785322362.862441653] [charge_scheduler]:   [充电车2] 趟1: 站 → 车#3(到1.3/限32.0✓) → 车#11(到24.9/限83.2✓) → 车#9(到64.3/限116.0✓) → 站
[charge_scheduler-1] [INFO] [1785322362.862458900] [charge_scheduler]:   [充电车3] 趟2: 站 → 车#27(到2.1/限249.6✓) → 车#21(到8.2/限240.0✓) → 车#12(到16.2/限230.4✓) → 车#15(到25.1/限44.8✓) → 车#7(到50.9/限64.0✓) → 车#28(到75.5/限84.0✓) → 站
[charge_scheduler-1] [INFO] [1785322362.862499384] [charge_scheduler]:   [充电车1] 趟3: 站 → 车#4(到1.4/限212.0✓) → 车#8(到13.7/限196.0✓) → 车#22(到27.8/限61.6✓) → 车#1(到61.7/限96.0✓) → 车#18(到85.7/限102.4✓) → 站
[charge_scheduler-1] [INFO] [1785322362.862505235] [charge_scheduler]:   [充电车1] 趟4: 站 → 车#5(到125.8/限128.0✓) → 车#20(到170.5/限179.2✓) → 站
[charge_scheduler-1] [INFO] [1785322362.862512932] [charge_scheduler]:   [充电车2] 趟5: 站 → 车#24(到108.3/限112.0✓) → 车#26(到134.9/限160.0✓) → 车#16(到180.1/限184.8✓) → 站
[charge_scheduler-1] [INFO] [1785322362.862519784] [charge_scheduler]:   [充电车3] 趟6: 站 → 车#13(到124.9/限128.8✓) → 车#0(到163.0/限168.0✓) → 车#10(到201.5/限224.0✓) → 站
[charge_scheduler-1] [INFO] [1785322362.862524701] [charge_scheduler]:   [充电车2] 趟7: 站 → 车#23(到230.2/限236.8✓) → 车#25(到276.8/限280.0✓) → 站
[charge_scheduler-1] [INFO] [1785322362.862529926] [charge_scheduler]:   [充电车1] 趟8: 站 → 车#29(到226.7/限198.4✗超时) → 车#14(到271.8/限300.8✓) → 站
[charge_scheduler-1] [INFO] [1785322362.862534521] [charge_scheduler]:   [充电车1] 趟9: 站 → 车#17(到329.5/限339.2✓) → 站
[charge_scheduler-1] [INFO] [1785322362.862539666] [charge_scheduler]:   [充电车2] 趟10: 站 → 车#6(到325.8/限176.0✗超时) → 站
[charge_scheduler-1] [INFO] [1785322362.862544547] [charge_scheduler]:   [充电车3] 趟11: 站 → 车#19(到249.9/限240.8✗超时) → 车#2(到287.3/限288.0✓) → 站
[charge_scheduler-1] [INFO] [1785322362.862548231] [charge_scheduler]: ════════════════════════
[charge_scheduler-1] [INFO] [1785322362.862619928] [charge_scheduler]: [扰动清单] type=station delay=15.0min targets={} station={C2-S1,C3-S1,}
[charge_scheduler-1] [INFO] [1785322362.862648096] [charge_scheduler]: [执行事件] loop=open plan_v=0 C3 type=target_service target=27 station_ord=0 planned_finish=6.36 actual_finish=6.36 dev=+0.00 injected=0.0
[charge_scheduler-1] [INFO] [1785322362.862658981] [charge_scheduler]: [执行事件] loop=open plan_v=0 C1 type=target_service target=4 station_ord=0 planned_finish=11.04 actual_finish=11.04 dev=+0.00 injected=0.0
[charge_scheduler-1] [INFO] [1785322362.862668776] [charge_scheduler]: [执行事件] loop=open plan_v=0 C3 type=target_service target=21 station_ord=0 planned_finish=14.00 actual_finish=14.00 dev=+0.00 injected=0.0
[charge_scheduler-1] [INFO] [1785322362.862678499] [charge_scheduler]: [执行事件] loop=open plan_v=0 C3 type=target_service target=12 station_ord=0 planned_finish=23.83 actual_finish=23.83 dev=+0.00 injected=0.0
[charge_scheduler-1] [INFO] [1785322362.862687778] [charge_scheduler]: [执行事件] loop=open plan_v=0 C2 type=target_service target=3 station_ord=0 planned_finish=24.73 actual_finish=24.73 dev=+0.00 injected=0.0
[charge_scheduler-1] [INFO] [1785322362.862696752] [charge_scheduler]: [执行事件] loop=open plan_v=0 C1 type=target_service target=8 station_ord=0 planned_finish=27.46 actual_finish=27.46 dev=+0.00 injected=0.0
[charge_scheduler-1] [INFO] [1785322362.862706398] [charge_scheduler]: [执行事件] loop=open plan_v=0 C3 type=target_service target=15 station_ord=0 planned_finish=49.07 actual_finish=49.07 dev=+0.00 injected=0.0
[charge_scheduler-1] [INFO] [1785322362.862714996] [charge_scheduler]: [执行事件] loop=open plan_v=0 C1 type=target_service target=22 station_ord=0 planned_finish=60.21 actual_finish=60.21 dev=+0.00 injected=0.0
[charge_scheduler-1] [INFO] [1785322362.862723427] [charge_scheduler]: [执行事件] loop=open plan_v=0 C2 type=target_service target=11 station_ord=0 planned_finish=63.29 actual_finish=63.29 dev=+0.00 injected=0.0
[charge_scheduler-1] [INFO] [1785322362.862732668] [charge_scheduler]: [执行事件] loop=open plan_v=0 C3 type=target_service target=7 station_ord=0 planned_finish=75.27 actual_finish=75.27 dev=+0.00 injected=0.0
[charge_scheduler-1] [INFO] [1785322362.862742440] [charge_scheduler]: [执行事件] loop=open plan_v=0 C1 type=target_service target=1 station_ord=0 planned_finish=84.95 actual_finish=84.95 dev=+0.00 injected=0.0
[charge_scheduler-1] [INFO] [1785322362.862752475] [charge_scheduler]: [执行事件] loop=open plan_v=0 C2 type=target_service target=9 station_ord=0 planned_finish=95.19 actual_finish=95.19 dev=+0.00 injected=0.0
[charge_scheduler-1] [INFO] [1785322362.862763011] [charge_scheduler]: [执行事件] loop=open plan_v=0 C1 type=target_service target=18 station_ord=0 planned_finish=109.82 actual_finish=109.82 dev=+0.00 injected=0.0
[charge_scheduler-1] [INFO] [1785322362.862782389] [charge_scheduler]: [执行事件] loop=open plan_v=0 C3 type=target_service target=28 station_ord=0 planned_finish=110.06 actual_finish=110.06 dev=+0.00 injected=0.0
[charge_scheduler-1] [INFO] [1785322362.862793836] [charge_scheduler]: [执行事件] loop=open plan_v=0 C2 type=station_turnaround target=-1 station_ord=1 planned_finish=107.48 actual_finish=122.48 dev=+15.00 injected=15.0
[charge_scheduler-1] [INFO] [1785322362.862805287] [charge_scheduler]: [执行事件] loop=open plan_v=0 C1 type=station_turnaround target=-1 station_ord=1 planned_finish=122.63 actual_finish=122.63 dev=+0.00 injected=0.0
[charge_scheduler-1] [INFO] [1785322362.862814588] [charge_scheduler]: [执行事件] loop=open plan_v=0 C3 type=station_turnaround target=-1 station_ord=1 planned_finish=122.09 actual_finish=137.09 dev=+15.00 injected=15.0
[charge_scheduler-1] [INFO] [1785322362.862825568] [charge_scheduler]: [执行事件] loop=open plan_v=0 C2 type=target_service target=24 station_ord=0 planned_finish=133.10 actual_finish=148.30 dev=+15.19 injected=0.0
[charge_scheduler-1] [INFO] [1785322362.862835751] [charge_scheduler]: [执行事件] loop=open plan_v=0 C1 type=target_service target=5 station_ord=0 planned_finish=169.36 actual_finish=169.36 dev=+0.00 injected=0.0
[charge_scheduler-1] [INFO] [1785322362.862842788] [charge_scheduler]: [执行事件] loop=open plan_v=0 C3 type=target_service target=13 station_ord=0 planned_finish=159.81 actual_finish=175.14 dev=+15.33 injected=0.0
[charge_scheduler-1] [INFO] [1785322362.862849765] [charge_scheduler]: [执行事件] loop=open plan_v=0 C2 type=target_service target=26 station_ord=0 planned_finish=176.36 actual_finish=192.94 dev=+16.58 injected=0.0
[charge_scheduler-1] [INFO] [1785322362.862856107] [charge_scheduler]: [执行事件] loop=open plan_v=0 C1 type=target_service target=20 station_ord=0 planned_finish=213.44 actual_finish=213.44 dev=+0.00 injected=0.0
[charge_scheduler-1] [INFO] [1785322362.862862473] [charge_scheduler]: [执行事件] loop=open plan_v=0 C3 type=target_service target=0 station_ord=0 planned_finish=197.86 actual_finish=213.61 dev=+15.75 injected=0.0
[charge_scheduler-1] [INFO] [1785322362.862869271] [charge_scheduler]: [执行事件] loop=open plan_v=0 C1 type=station_turnaround target=-1 station_ord=2 planned_finish=224.84 actual_finish=224.84 dev=+0.00 injected=0.0
[charge_scheduler-1] [INFO] [1785322362.862875668] [charge_scheduler]: [执行事件] loop=open plan_v=0 C2 type=target_service target=16 station_ord=0 planned_finish=214.91 actual_finish=231.89 dev=+16.98 injected=0.0
[charge_scheduler-1] [INFO] [1785322362.862884231] [charge_scheduler]: [执行事件] loop=open plan_v=0 C2 type=station_turnaround target=-1 station_ord=2 planned_finish=227.63 actual_finish=244.61 dev=+16.98 injected=0.0
[charge_scheduler-1] [INFO] [1785322362.862899138] [charge_scheduler]: [执行事件] loop=open plan_v=0 C3 type=target_service target=10 station_ord=0 planned_finish=234.81 actual_finish=251.88 dev=+17.07 injected=0.0
[charge_scheduler-1] [INFO] [1785322362.862909951] [charge_scheduler]: [执行事件] loop=open plan_v=0 C3 type=station_turnaround target=-1 station_ord=2 planned_finish=246.46 actual_finish=263.53 dev=+17.07 injected=0.0
[charge_scheduler-1] [INFO] [1785322362.862919885] [charge_scheduler]: [执行事件] loop=open plan_v=0 C1 type=target_service target=29 station_ord=0 planned_finish=270.49 actual_finish=270.49 dev=+0.00 injected=0.0
[charge_scheduler-1] [INFO] [1785322362.862929372] [charge_scheduler]: [执行事件] loop=open plan_v=0 C2 type=target_service target=23 station_ord=0 planned_finish=273.31 actual_finish=290.89 dev=+17.58 injected=0.0
[charge_scheduler-1] [INFO] [1785322362.862943909] [charge_scheduler]: [执行事件] loop=open plan_v=0 C3 type=target_service target=19 station_ord=0 planned_finish=285.13 actual_finish=302.19 dev=+17.07 injected=0.0
[charge_scheduler-1] [INFO] [1785322362.862954037] [charge_scheduler]: [执行事件] loop=open plan_v=0 C1 type=target_service target=14 station_ord=0 planned_finish=312.85 actual_finish=312.85 dev=+0.00 injected=0.0
[charge_scheduler-1] [INFO] [1785322362.862963121] [charge_scheduler]: [执行事件] loop=open plan_v=0 C1 type=station_turnaround target=-1 station_ord=3 planned_finish=326.62 actual_finish=326.62 dev=+0.00 injected=0.0
[charge_scheduler-1] [INFO] [1785322362.862980806] [charge_scheduler]: [执行事件] loop=open plan_v=0 C2 type=target_service target=25 station_ord=0 planned_finish=311.73 actual_finish=329.58 dev=+17.85 injected=0.0
[charge_scheduler-1] [INFO] [1785322362.862990671] [charge_scheduler]: [执行事件] loop=open plan_v=0 C2 type=station_turnaround target=-1 station_ord=3 planned_finish=323.01 actual_finish=340.86 dev=+17.85 injected=0.0
[charge_scheduler-1] [INFO] [1785322362.863002036] [charge_scheduler]: [执行事件] loop=open plan_v=0 C3 type=target_service target=2 station_ord=0 planned_finish=330.94 actual_finish=348.08 dev=+17.13 injected=0.0
[charge_scheduler-1] [INFO] [1785322362.863011475] [charge_scheduler]: [执行事件] loop=open plan_v=0 C3 type=final_return target=-1 station_ord=0 planned_finish=332.87 actual_finish=350.00 dev=+17.13 injected=0.0
[charge_scheduler-1] [INFO] [1785322362.863021357] [charge_scheduler]: [执行事件] loop=open plan_v=0 C1 type=target_service target=17 station_ord=0 planned_finish=372.39 actual_finish=372.39 dev=+0.00 injected=0.0
[charge_scheduler-1] [INFO] [1785322362.863032617] [charge_scheduler]: [执行事件] loop=open plan_v=0 C1 type=final_return target=-1 station_ord=0 planned_finish=375.18 actual_finish=375.18 dev=+0.00 injected=0.0
[charge_scheduler-1] [INFO] [1785322362.863042241] [charge_scheduler]: [执行事件] loop=open plan_v=0 C2 type=target_service target=6 station_ord=0 planned_finish=369.57 actual_finish=387.42 dev=+17.85 injected=0.0
[charge_scheduler-1] [INFO] [1785322362.863052082] [charge_scheduler]: [执行事件] loop=open plan_v=0 C2 type=final_return target=-1 station_ord=0 planned_finish=372.27 actual_finish=390.12 dev=+17.85 injected=0.0
[charge_scheduler-1] [INFO] [1785322362.863078671] [charge_scheduler]: [执行事件] loop=fixed plan_v=0 C3 type=target_service target=27 station_ord=0 planned_finish=6.36 actual_finish=6.36 dev=+0.00 injected=0.0
[charge_scheduler-1] [INFO] [1785322362.863085802] [charge_scheduler]: [执行事件] loop=fixed plan_v=0 C1 type=target_service target=4 station_ord=0 planned_finish=11.04 actual_finish=11.04 dev=+0.00 injected=0.0
[charge_scheduler-1] [INFO] [1785322362.863095089] [charge_scheduler]: [执行事件] loop=fixed plan_v=0 C3 type=target_service target=21 station_ord=0 planned_finish=14.00 actual_finish=14.00 dev=+0.00 injected=0.0
[charge_scheduler-1] [INFO] [1785322362.863101998] [charge_scheduler]: [执行事件] loop=fixed plan_v=0 C3 type=target_service target=12 station_ord=0 planned_finish=23.83 actual_finish=23.83 dev=+0.00 injected=0.0
[charge_scheduler-1] [INFO] [1785322362.863108249] [charge_scheduler]: [执行事件] loop=fixed plan_v=0 C2 type=target_service target=3 station_ord=0 planned_finish=24.73 actual_finish=24.73 dev=+0.00 injected=0.0
[charge_scheduler-1] [INFO] [1785322362.863114683] [charge_scheduler]: [执行事件] loop=fixed plan_v=0 C1 type=target_service target=8 station_ord=0 planned_finish=27.46 actual_finish=27.46 dev=+0.00 injected=0.0
[charge_scheduler-1] [INFO] [1785322362.863123771] [charge_scheduler]: [执行事件] loop=fixed plan_v=0 C3 type=target_service target=15 station_ord=0 planned_finish=49.07 actual_finish=49.07 dev=+0.00 injected=0.0
[charge_scheduler-1] [INFO] [1785322362.863133180] [charge_scheduler]: [执行事件] loop=fixed plan_v=0 C1 type=target_service target=22 station_ord=0 planned_finish=60.21 actual_finish=60.21 dev=+0.00 injected=0.0
[charge_scheduler-1] [INFO] [1785322362.863142822] [charge_scheduler]: [执行事件] loop=fixed plan_v=0 C2 type=target_service target=11 station_ord=0 planned_finish=63.29 actual_finish=63.29 dev=+0.00 injected=0.0
[charge_scheduler-1] [INFO] [1785322362.863152596] [charge_scheduler]: [执行事件] loop=fixed plan_v=0 C3 type=target_service target=7 station_ord=0 planned_finish=75.27 actual_finish=75.27 dev=+0.00 injected=0.0
[charge_scheduler-1] [INFO] [1785322362.863162820] [charge_scheduler]: [执行事件] loop=fixed plan_v=0 C1 type=target_service target=1 station_ord=0 planned_finish=84.95 actual_finish=84.95 dev=+0.00 injected=0.0
[charge_scheduler-1] [INFO] [1785322362.863173431] [charge_scheduler]: [执行事件] loop=fixed plan_v=0 C2 type=target_service target=9 station_ord=0 planned_finish=95.19 actual_finish=95.19 dev=+0.00 injected=0.0
[charge_scheduler-1] [INFO] [1785322362.863183494] [charge_scheduler]: [执行事件] loop=fixed plan_v=0 C1 type=target_service target=18 station_ord=0 planned_finish=109.82 actual_finish=109.82 dev=+0.00 injected=0.0
[charge_scheduler-1] [INFO] [1785322362.863200599] [charge_scheduler]: [执行事件] loop=fixed plan_v=0 C3 type=target_service target=28 station_ord=0 planned_finish=110.06 actual_finish=110.06 dev=+0.00 injected=0.0
[charge_scheduler-1] [INFO] [1785322362.863210957] [charge_scheduler]: [执行事件] loop=fixed plan_v=0 C2 type=station_turnaround target=-1 station_ord=1 planned_finish=107.48 actual_finish=122.48 dev=+15.00 injected=15.0
[charge_scheduler-1] [WARN] [1785322363.576958856] [charge_scheduler]: [重调度事件] policy=fixed #1 t=122.48min trigger=C2/station_turnaround dev=+15.00 pool=16 committed=0 plan_v=1 solve_ms=713.7 changed_assign=0 changed_order=7
[charge_scheduler-1] [INFO] [1785322363.577045687] [charge_scheduler]: [执行事件] loop=fixed plan_v=0 C1 type=station_turnaround target=-1 station_ord=1 planned_finish=122.63 actual_finish=122.63 dev=+0.00 injected=0.0
[charge_scheduler-1] [INFO] [1785322363.577067674] [charge_scheduler]: [执行事件] loop=fixed plan_v=0 C3 type=station_turnaround target=-1 station_ord=1 planned_finish=122.09 actual_finish=137.09 dev=+15.00 injected=15.0
[charge_scheduler-1] [WARN] [1785322364.203843424] [charge_scheduler]: [重调度事件] policy=fixed #2 t=137.09min trigger=C3/station_turnaround dev=+15.00 pool=14 committed=2 plan_v=2 solve_ms=626.7 changed_assign=0 changed_order=6
[charge_scheduler-1] [INFO] [1785322364.203891524] [charge_scheduler]: [执行事件] loop=fixed plan_v=1 C2 type=target_service target=24 station_ord=0 planned_finish=148.30 actual_finish=148.30 dev=+0.00 injected=0.0
[charge_scheduler-1] [INFO] [1785322364.203900400] [charge_scheduler]: [执行事件] loop=fixed plan_v=1 C1 type=target_service target=5 station_ord=0 planned_finish=169.36 actual_finish=169.36 dev=+0.00 injected=0.0
[charge_scheduler-1] [INFO] [1785322364.203906660] [charge_scheduler]: [执行事件] loop=fixed plan_v=2 C3 type=target_service target=0 station_ord=0 planned_finish=170.65 actual_finish=170.65 dev=+0.00 injected=0.0
[charge_scheduler-1] [INFO] [1785322364.203912618] [charge_scheduler]: [执行事件] loop=fixed plan_v=2 C2 type=target_service target=26 station_ord=0 planned_finish=192.94 actual_finish=192.94 dev=+0.00 injected=0.0
[charge_scheduler-1] [INFO] [1785322364.203918402] [charge_scheduler]: [执行事件] loop=fixed plan_v=2 C3 type=target_service target=13 station_ord=0 planned_finish=208.15 actual_finish=208.15 dev=+0.00 injected=0.0
[charge_scheduler-1] [INFO] [1785322364.203923796] [charge_scheduler]: [执行事件] loop=fixed plan_v=2 C1 type=target_service target=20 station_ord=0 planned_finish=213.44 actual_finish=213.44 dev=+0.00 injected=0.0
[charge_scheduler-1] [INFO] [1785322364.203930099] [charge_scheduler]: [执行事件] loop=fixed plan_v=2 C1 type=station_turnaround target=-1 station_ord=2 planned_finish=224.84 actual_finish=224.84 dev=+0.00 injected=0.0
[charge_scheduler-1] [INFO] [1785322364.203935759] [charge_scheduler]: [执行事件] loop=fixed plan_v=2 C2 type=target_service target=16 station_ord=0 planned_finish=231.89 actual_finish=231.89 dev=+0.00 injected=0.0
[charge_scheduler-1] [INFO] [1785322364.203941232] [charge_scheduler]: [执行事件] loop=fixed plan_v=2 C2 type=station_turnaround target=-1 station_ord=2 planned_finish=244.61 actual_finish=244.61 dev=+0.00 injected=0.0
[charge_scheduler-1] [INFO] [1785322364.203946704] [charge_scheduler]: [执行事件] loop=fixed plan_v=2 C3 type=target_service target=10 station_ord=0 planned_finish=249.04 actual_finish=249.04 dev=+0.00 injected=0.0
[charge_scheduler-1] [INFO] [1785322364.203952020] [charge_scheduler]: [执行事件] loop=fixed plan_v=2 C3 type=station_turnaround target=-1 station_ord=2 planned_finish=260.69 actual_finish=260.69 dev=+0.00 injected=0.0
[charge_scheduler-1] [INFO] [1785322364.203957881] [charge_scheduler]: [执行事件] loop=fixed plan_v=2 C1 type=target_service target=29 station_ord=0 planned_finish=270.49 actual_finish=270.49 dev=+0.00 injected=0.0
[charge_scheduler-1] [INFO] [1785322364.203963472] [charge_scheduler]: [执行事件] loop=fixed plan_v=2 C2 type=target_service target=23 station_ord=0 planned_finish=290.89 actual_finish=290.89 dev=+0.00 injected=0.0
[charge_scheduler-1] [INFO] [1785322364.203968850] [charge_scheduler]: [执行事件] loop=fixed plan_v=2 C3 type=target_service target=19 station_ord=0 planned_finish=299.36 actual_finish=299.36 dev=+0.00 injected=0.0
[charge_scheduler-1] [INFO] [1785322364.203974359] [charge_scheduler]: [执行事件] loop=fixed plan_v=2 C1 type=target_service target=14 station_ord=0 planned_finish=312.85 actual_finish=312.85 dev=+0.00 injected=0.0
[charge_scheduler-1] [INFO] [1785322364.204000381] [charge_scheduler]: [执行事件] loop=fixed plan_v=2 C1 type=station_turnaround target=-1 station_ord=3 planned_finish=326.62 actual_finish=326.62 dev=+0.00 injected=0.0
[charge_scheduler-1] [INFO] [1785322364.204006574] [charge_scheduler]: [执行事件] loop=fixed plan_v=2 C2 type=target_service target=25 station_ord=0 planned_finish=329.58 actual_finish=329.58 dev=+0.00 injected=0.0
[charge_scheduler-1] [INFO] [1785322364.204011995] [charge_scheduler]: [执行事件] loop=fixed plan_v=2 C2 type=station_turnaround target=-1 station_ord=3 planned_finish=340.86 actual_finish=340.86 dev=+0.00 injected=0.0
[charge_scheduler-1] [INFO] [1785322364.204017744] [charge_scheduler]: [执行事件] loop=fixed plan_v=2 C3 type=target_service target=2 station_ord=0 planned_finish=345.24 actual_finish=345.24 dev=+0.00 injected=0.0
[charge_scheduler-1] [INFO] [1785322364.204023219] [charge_scheduler]: [执行事件] loop=fixed plan_v=2 C3 type=final_return target=-1 station_ord=0 planned_finish=347.17 actual_finish=347.17 dev=+0.00 injected=0.0
[charge_scheduler-1] [INFO] [1785322364.204028653] [charge_scheduler]: [执行事件] loop=fixed plan_v=2 C1 type=target_service target=17 station_ord=0 planned_finish=372.39 actual_finish=372.39 dev=+0.00 injected=0.0
[charge_scheduler-1] [INFO] [1785322364.204033965] [charge_scheduler]: [执行事件] loop=fixed plan_v=2 C1 type=final_return target=-1 station_ord=0 planned_finish=375.18 actual_finish=375.18 dev=+0.00 injected=0.0
[charge_scheduler-1] [INFO] [1785322364.204039268] [charge_scheduler]: [执行事件] loop=fixed plan_v=2 C2 type=target_service target=6 station_ord=0 planned_finish=387.42 actual_finish=387.42 dev=+0.00 injected=0.0
[charge_scheduler-1] [INFO] [1785322364.204044427] [charge_scheduler]: [执行事件] loop=fixed plan_v=2 C2 type=final_return target=-1 station_ord=0 planned_finish=390.12 actual_finish=390.12 dev=+0.00 injected=0.0
[charge_scheduler-1] [INFO] [1785322364.204058768] [charge_scheduler]: ★闭环实验结果 mode=open M=30 K=3 disturbance=station delay=15.0 seed=2 N_late=10 T_overtime=307.737 C_total=5642.213 makespan=390.118 served=30 energy_viol=2 reschedules=0 reschedule_ms=0.000 changed_assign=0 changed_order=0 applied_target=0 applied_station=2 initial_solve_ms=51777.452 objective_order=Nlate,Tover,Ctotal
[charge_scheduler-1] [INFO] [1785322364.204070257] [charge_scheduler]: ★闭环实验结果 mode=fixed M=30 K=3 disturbance=station delay=15.0 seed=2 N_late=9 T_overtime=324.721 C_total=5636.044 makespan=390.118 served=30 energy_viol=0 reschedules=2 reschedule_ms=1340.362 changed_assign=0 changed_order=13 applied_target=0 applied_station=2 initial_solve_ms=51777.452 objective_order=Nlate,Tover,Ctotal
[charge_scheduler-1] [INFO] [1785322364.204077916] [charge_scheduler]: ★闭环实验收益 policy=fixed M=30 K=3 disturbance=station delay=15.0 seed=2 recovered_late=1 overtime_reduction=-16.984 distance_delta=-6.168 makespan_reduction=0.000
