[INFO] [launch]: All log files can be found below /root/.ros/log/2026-07-29-10-03-14-067715-YYYY-18473
[INFO] [launch]: Default logging verbosity is set to INFO
[INFO] [charge_scheduler-1]: process started with pid [18475]
[charge_scheduler-1] [INFO] [1785319394.214745419] [charge_scheduler]: [目标顺序] objective_order=Nlate,Tover,Ctotal
[charge_scheduler-1] [INFO] [1785319394.215407247] [charge_scheduler]: [Scheduler] 20辆车 | 电池800.0kWh(20%=160.0 80%=640.0) | 充电360kW效率97% | 行驶0.6kWh/km | 桩350kW
[charge_scheduler-1] [INFO] [1785319394.215451900] [charge_scheduler]: [Scheduler] 站端周转: 换电 10 min(换后满电) | 单趟可用 640 kWh
[charge_scheduler-1] [INFO] [1785319394.215464058] [charge_scheduler]:   车#0 [电动装载机282|light] 位置(-47.3,-2.6) 容量282kWh 剩余35% | α=6→6min/% τ=168min → 需130.8kWh(充21.2min)
[charge_scheduler-1] [INFO] [1785319394.215486659] [charge_scheduler]:   车#1 [重型叉车|light] 位置(-44.0,-64.1) 容量200kWh 剩余20% | α=6→6min/% τ=96min → 需123.7kWh(充20.0min)
[charge_scheduler-1] [INFO] [1785319394.215503251] [charge_scheduler]:   车#2 [电动装载机350|light] 位置(-51.1,-38.8) 容量350kWh 剩余50% | α=6→6min/% τ=288min → 需108.2kWh(充17.5min)
[charge_scheduler-1] [INFO] [1785319394.215518038] [charge_scheduler]:   车#3 [重型叉车|light] 位置(-71.0,-19.0) 容量200kWh 剩余10% | α=6→6min/% τ=32min → 需144.3kWh(充23.3min)
[charge_scheduler-1] [INFO] [1785319394.215533675] [charge_scheduler]:   车#4 [电动装载机282|heavy→降级] 位置(-93.3,6.6) 容量282kWh 剩余60% | α=3→6min/% τ=212min → 需58.1kWh(充9.4min)
[charge_scheduler-1] [INFO] [1785319394.215549368] [charge_scheduler]:   车#5 [电动装载机350|light] 位置(-104.4,47.7) 容量350kWh 剩余25% | α=6→6min/% τ=128min → 需198.5kWh(充32.1min)
[charge_scheduler-1] [INFO] [1785319394.215568299] [charge_scheduler]:   车#6 [电动装载机350|heavy→降级] 位置(-37.0,-75.1) 容量350kWh 剩余40% | α=4→6min/% τ=176min → 需144.3kWh(充23.3min)
[charge_scheduler-1] [INFO] [1785319394.215583408] [charge_scheduler]:   车#7 [重型叉车|light] 位置(-88.8,-37.1) 容量200kWh 剩余15% | α=6→6min/% τ=64min → 需134.0kWh(充21.7min)
[charge_scheduler-1] [INFO] [1785319394.215598475] [charge_scheduler]:   车#8 [电动装载机282|heavy→降级] 位置(-70.9,27.7) 容量282kWh 剩余55% | α=3→6min/% τ=196min → 需72.7kWh(充11.8min)
[charge_scheduler-1] [INFO] [1785319394.215614313] [charge_scheduler]:   车#9 [电动装载机282|heavy→降级] 位置(-35.4,-47.4) 容量282kWh 剩余30% | α=3→6min/% τ=116min → 需145.4kWh(充23.5min)
[charge_scheduler-1] [INFO] [1785319394.215629733] [charge_scheduler]:   车#10 [电动装载机282|light] 位置(-100.0,-1.0) 容量282kWh 剩余45% | α=6→6min/% τ=224min → 需101.8kWh(充16.4min)
[charge_scheduler-1] [INFO] [1785319394.215644992] [charge_scheduler]:   车#11 [电动装载机350|light] 位置(-72.8,-15.6) 容量350kWh 剩余18% | α=6→6min/% τ=83min → 需223.7kWh(充36.2min)
[charge_scheduler-1] [INFO] [1785319394.215669154] [charge_scheduler]:   车#12 [重型叉车|heavy→降级] 位置(-61.7,-20.7) 容量200kWh 剩余62% | α=3→6min/% τ=230min → 需37.1kWh(充6.0min)
[charge_scheduler-1] [INFO] [1785319394.215688168] [charge_scheduler]:   车#13 [电动装载机282|light] 位置(-133.0,-25.3) 容量282kWh 剩余28% | α=6→6min/% τ=129min → 需151.2kWh(充24.4min)
[charge_scheduler-1] [INFO] [1785319394.215703069] [charge_scheduler]:   车#14 [电动装载机350|light] 位置(-132.0,-8.9) 容量350kWh 剩余52% | α=6→6min/% τ=301min → 需101.0kWh(充16.3min)
[charge_scheduler-1] [INFO] [1785319394.215717890] [charge_scheduler]:   车#15 [重型叉车|light] 位置(-120.0,7.9) 容量200kWh 剩余12% | α=6→6min/% τ=45min → 需140.2kWh(充22.7min)
[charge_scheduler-1] [INFO] [1785319394.215732682] [charge_scheduler]:   车#16 [电动装载机282|light] 位置(-43.8,-82.9) 容量282kWh 剩余38% | α=6→6min/% τ=185min → 需122.1kWh(充19.7min)
[charge_scheduler-1] [INFO] [1785319394.215747141] [charge_scheduler]:   车#17 [电动装载机350|light] 位置(-31.1,-74.7) 容量350kWh 剩余58% | α=6→6min/% τ=339min → 需79.4kWh(充12.8min)
[charge_scheduler-1] [INFO] [1785319394.215761994] [charge_scheduler]:   车#18 [重型叉车|heavy→降级] 位置(-75.4,-68.2) 容量200kWh 剩余22% | α=3→6min/% τ=102min → 需119.6kWh(充19.3min)
[charge_scheduler-1] [INFO] [1785319394.215778792] [charge_scheduler]:   车#19 [电动装载机282|light] 位置(-88.2,47.1) 容量282kWh 剩余48% | α=6→6min/% τ=241min → 需93.0kWh(充15.0min)
[charge_scheduler-1] [INFO] [1785319394.223920351] [charge_scheduler]: [Scheduler] 闭环接口: threshold=10.0min | event_sim=on | policy=fixed | structured_feedback=optional (/task_planner/execution_event)
[charge_scheduler-1] [INFO] [1785319394.223991868] [charge_scheduler]: [Scheduler] 已启动, 等待地图...
[charge_scheduler-1] [INFO] [1785319394.280346842] [charge_scheduler]: [Scheduler] RoutingGraph 就绪
[charge_scheduler-1] [INFO] [1785319394.280616664] [charge_scheduler]: [Scheduler] 提取到 6 条虚线捷径
[charge_scheduler-1] [INFO] [1785319394.292917877] [charge_scheduler]: [Scheduler] 下层兼容增强图: 166 节点, 6 条虚线掉头边
[charge_scheduler-1] [INFO] [1785319397.628141023] [charge_scheduler]: [Scheduler] 距离矩阵完成 21x21, 3335.2 ms | 模式=maneuver | 真实不可达=0 抽象不可达=0 | 缺少对向投影节点=0
[charge_scheduler-1] [INFO] [1785319397.628209740] [charge_scheduler]:   ✓ 比值自检：420 个 OD 满足 机动/直线≥1 | 均值=2.70 最大=41.42 (车#4→车#10)
[charge_scheduler-1] [INFO] [1785319397.628223485] [charge_scheduler]: [Scheduler] 地图就绪, 166 条 lanelet（与下层一致）
[charge_scheduler-1] [INFO] [1785319397.628283497] [charge_scheduler]: ======== 开始VRPTW调度 20 辆车 ========
[charge_scheduler-1] [INFO] [1785319397.628289656] [charge_scheduler]:   规模20>8 → 启发式(alns)
[charge_scheduler-1] [INFO] [1785319410.551764105] [charge_scheduler]: [ALNS] objective_order=Nlate,Tover,Ctotal seed=7 iters=15000 | N_late=2(成功率90.0%) T_overtime=135.1min C_total=3720.9m | 趟数=7 makespan=376.4min
[charge_scheduler-1] [INFO] [1785319410.551825683] [charge_scheduler]:   求解耗时 12923.5 ms
[charge_scheduler-1] [INFO] [1785319410.551833707] [charge_scheduler]: ════════ 调度结果 ════════
[charge_scheduler-1] [INFO] [1785319410.551839121] [charge_scheduler]:   ★目标(字典序): objective_order=Nlate,Tover,Ctotal | N_late=2 辆 (按时成功率 18/20 = 90.0%)  T_overtime=135.1min  C_total=3720.9m
[charge_scheduler-1] [INFO] [1785319410.551845738] [charge_scheduler]:   附: 趟数=7 | makespan=376.4min | 能量可行=是
[charge_scheduler-1] [INFO] [1785319410.551861168] [charge_scheduler]:   [充电车2] 趟1: 站 → 车#4(到1.4/限212.0✓) → 车#8(到13.7/限196.0✓) → 车#3(到28.2/限32.0✓) → 车#11(到53.2/限83.2✓) → 站
[charge_scheduler-1] [INFO] [1785319410.551868801] [charge_scheduler]:   [充电车1] 趟2: 站 → 车#12(到2.3/限230.4✓) → 车#15(到9.8/限44.8✓) → 车#7(到34.9/限64.0✓) → 车#18(到59.3/限102.4✓) → 车#1(到83.2/限96.0✓) → 站
[charge_scheduler-1] [INFO] [1785319410.551874681] [charge_scheduler]:   [充电车2] 趟3: 站 → 车#9(到108.8/限116.0✓) → 车#16(到144.7/限184.8✓) → 站
[charge_scheduler-1] [INFO] [1785319410.551880949] [charge_scheduler]:   [充电车1] 趟4: 站 → 车#13(到122.8/限128.8✓) → 车#0(到160.7/限168.0✓) → 车#10(到199.0/限224.0✓) → 站
[charge_scheduler-1] [INFO] [1785319410.551886402] [charge_scheduler]:   [充电车2] 趟5: 站 → 车#5(到192.5/限128.0✗超时) → 车#19(到236.6/限240.8✓) → 站
[charge_scheduler-1] [INFO] [1785319410.551891611] [charge_scheduler]:   [充电车1] 趟6: 站 → 车#6(到246.6/限176.0✗超时) → 车#14(到292.8/限300.8✓) → 站
[charge_scheduler-1] [INFO] [1785319410.551896717] [charge_scheduler]:   [充电车2] 趟7: 站 → 车#2(到285.8/限288.0✓) → 车#17(到330.6/限339.2✓) → 站
[charge_scheduler-1] [INFO] [1785319410.551900512] [charge_scheduler]: ════════════════════════
[charge_scheduler-1] [INFO] [1785319410.551953610] [charge_scheduler]: [扰动清单] type=target delay=15.0min targets={7,13,} station={}
[charge_scheduler-1] [INFO] [1785319410.551969225] [charge_scheduler]: [执行事件] loop=open plan_v=0 C1 type=target_service target=12 station_ord=0 planned_finish=8.58 actual_finish=8.58 dev=+0.00 injected=0.0
[charge_scheduler-1] [INFO] [1785319410.551977828] [charge_scheduler]: [执行事件] loop=open plan_v=0 C2 type=target_service target=4 station_ord=0 planned_finish=11.04 actual_finish=11.04 dev=+0.00 injected=0.0
[charge_scheduler-1] [INFO] [1785319410.551984961] [charge_scheduler]: [执行事件] loop=open plan_v=0 C2 type=target_service target=8 station_ord=0 planned_finish=27.46 actual_finish=27.46 dev=+0.00 injected=0.0
[charge_scheduler-1] [INFO] [1785319410.551991473] [charge_scheduler]: [执行事件] loop=open plan_v=0 C1 type=target_service target=15 station_ord=0 planned_finish=33.02 actual_finish=33.02 dev=+0.00 injected=0.0
[charge_scheduler-1] [INFO] [1785319410.551999878] [charge_scheduler]: [执行事件] loop=open plan_v=0 C2 type=target_service target=3 station_ord=0 planned_finish=53.05 actual_finish=53.05 dev=+0.00 injected=0.0
[charge_scheduler-1] [INFO] [1785319410.552042903] [charge_scheduler]: [执行事件] loop=open plan_v=0 C1 type=target_service target=7 station_ord=0 planned_finish=58.39 actual_finish=73.39 dev=+15.00 injected=15.0
[charge_scheduler-1] [INFO] [1785319410.552050185] [charge_scheduler]: [执行事件] loop=open plan_v=0 C2 type=target_service target=11 station_ord=0 planned_finish=94.18 actual_finish=94.18 dev=+0.00 injected=0.0
[charge_scheduler-1] [INFO] [1785319410.552056502] [charge_scheduler]: [执行事件] loop=open plan_v=0 C1 type=target_service target=18 station_ord=0 planned_finish=82.05 actual_finish=97.83 dev=+15.78 injected=0.0
[charge_scheduler-1] [INFO] [1785319410.552062840] [charge_scheduler]: [执行事件] loop=open plan_v=0 C2 type=station_turnaround target=-1 station_ord=1 planned_finish=106.67 actual_finish=106.67 dev=+0.00 injected=0.0
[charge_scheduler-1] [INFO] [1785319410.552071011] [charge_scheduler]: [执行事件] loop=open plan_v=0 C1 type=target_service target=1 station_ord=0 planned_finish=107.54 actual_finish=123.99 dev=+16.45 injected=0.0
[charge_scheduler-1] [INFO] [1785319410.552077131] [charge_scheduler]: [执行事件] loop=open plan_v=0 C1 type=station_turnaround target=-1 station_ord=1 planned_finish=119.97 actual_finish=136.41 dev=+16.45 injected=0.0
[charge_scheduler-1] [INFO] [1785319410.552083688] [charge_scheduler]: [执行事件] loop=open plan_v=0 C2 type=target_service target=9 station_ord=0 planned_finish=143.49 actual_finish=143.49 dev=+0.00 injected=0.0
[charge_scheduler-1] [INFO] [1785319410.552089672] [charge_scheduler]: [执行事件] loop=open plan_v=0 C2 type=target_service target=16 station_ord=0 planned_finish=176.61 actual_finish=176.61 dev=+0.00 injected=0.0
[charge_scheduler-1] [INFO] [1785319410.552095536] [charge_scheduler]: [执行事件] loop=open plan_v=0 C2 type=station_turnaround target=-1 station_ord=2 planned_finish=189.33 actual_finish=189.33 dev=+0.00 injected=0.0
[charge_scheduler-1] [INFO] [1785319410.552101527] [charge_scheduler]: [执行事件] loop=open plan_v=0 C1 type=target_service target=13 station_ord=0 planned_finish=157.50 actual_finish=189.46 dev=+31.95 injected=15.0
[charge_scheduler-1] [INFO] [1785319410.552108351] [charge_scheduler]: [执行事件] loop=open plan_v=0 C1 type=target_service target=0 station_ord=0 planned_finish=195.36 actual_finish=227.93 dev=+32.56 injected=0.0
[charge_scheduler-1] [INFO] [1785319410.552114693] [charge_scheduler]: [执行事件] loop=open plan_v=0 C2 type=target_service target=5 station_ord=0 planned_finish=236.26 actual_finish=236.26 dev=+0.00 injected=0.0
[charge_scheduler-1] [INFO] [1785319410.552120808] [charge_scheduler]: [执行事件] loop=open plan_v=0 C1 type=target_service target=10 station_ord=0 planned_finish=232.10 actual_finish=266.77 dev=+34.67 injected=0.0
[charge_scheduler-1] [INFO] [1785319410.552126818] [charge_scheduler]: [执行事件] loop=open plan_v=0 C2 type=target_service target=19 station_ord=0 planned_finish=271.52 actual_finish=271.52 dev=+0.00 injected=0.0
[charge_scheduler-1] [INFO] [1785319410.552132570] [charge_scheduler]: [执行事件] loop=open plan_v=0 C1 type=station_turnaround target=-1 station_ord=2 planned_finish=243.75 actual_finish=278.42 dev=+34.67 injected=0.0
[charge_scheduler-1] [INFO] [1785319410.552138671] [charge_scheduler]: [执行事件] loop=open plan_v=0 C2 type=station_turnaround target=-1 station_ord=3 planned_finish=283.72 actual_finish=283.72 dev=+0.00 injected=0.0
[charge_scheduler-1] [INFO] [1785319410.552145838] [charge_scheduler]: [执行事件] loop=open plan_v=0 C1 type=target_service target=6 station_ord=0 planned_finish=290.31 actual_finish=324.98 dev=+34.67 injected=0.0
[charge_scheduler-1] [INFO] [1785319410.552152126] [charge_scheduler]: [执行事件] loop=open plan_v=0 C2 type=target_service target=2 station_ord=0 planned_finish=329.30 actual_finish=329.30 dev=+0.00 injected=0.0
[charge_scheduler-1] [INFO] [1785319410.552158129] [charge_scheduler]: [执行事件] loop=open plan_v=0 C1 type=target_service target=14 station_ord=0 planned_finish=335.82 actual_finish=371.21 dev=+35.40 injected=0.0
[charge_scheduler-1] [INFO] [1785319410.552164178] [charge_scheduler]: [执行事件] loop=open plan_v=0 C2 type=target_service target=17 station_ord=0 planned_finish=373.60 actual_finish=373.60 dev=+0.00 injected=0.0
[charge_scheduler-1] [INFO] [1785319410.552177915] [charge_scheduler]: [执行事件] loop=open plan_v=0 C1 type=final_return target=-1 station_ord=0 planned_finish=339.58 actual_finish=374.98 dev=+35.40 injected=0.0
[charge_scheduler-1] [INFO] [1785319410.552183513] [charge_scheduler]: [执行事件] loop=open plan_v=0 C2 type=final_return target=-1 station_ord=0 planned_finish=376.39 actual_finish=376.39 dev=+0.00 injected=0.0
[charge_scheduler-1] [INFO] [1785319410.552195461] [charge_scheduler]: [执行事件] loop=fixed plan_v=0 C1 type=target_service target=12 station_ord=0 planned_finish=8.58 actual_finish=8.58 dev=+0.00 injected=0.0
[charge_scheduler-1] [INFO] [1785319410.552201305] [charge_scheduler]: [执行事件] loop=fixed plan_v=0 C2 type=target_service target=4 station_ord=0 planned_finish=11.04 actual_finish=11.04 dev=+0.00 injected=0.0
[charge_scheduler-1] [INFO] [1785319410.552207400] [charge_scheduler]: [执行事件] loop=fixed plan_v=0 C2 type=target_service target=8 station_ord=0 planned_finish=27.46 actual_finish=27.46 dev=+0.00 injected=0.0
[charge_scheduler-1] [INFO] [1785319410.552213126] [charge_scheduler]: [执行事件] loop=fixed plan_v=0 C1 type=target_service target=15 station_ord=0 planned_finish=33.02 actual_finish=33.02 dev=+0.00 injected=0.0
[charge_scheduler-1] [INFO] [1785319410.552219003] [charge_scheduler]: [执行事件] loop=fixed plan_v=0 C2 type=target_service target=3 station_ord=0 planned_finish=53.05 actual_finish=53.05 dev=+0.00 injected=0.0
[charge_scheduler-1] [INFO] [1785319410.552224737] [charge_scheduler]: [执行事件] loop=fixed plan_v=0 C1 type=target_service target=7 station_ord=0 planned_finish=58.39 actual_finish=73.39 dev=+15.00 injected=15.0
[charge_scheduler-1] [WARN] [1785319410.856181683] [charge_scheduler]: [重调度事件] policy=fixed #1 t=73.39min trigger=C1/target_service dev=+15.00 pool=13 committed=1 plan_v=1 solve_ms=303.9 changed_assign=0 changed_order=6
[charge_scheduler-1] [INFO] [1785319410.856236098] [charge_scheduler]: [执行事件] loop=fixed plan_v=0 C2 type=target_service target=11 station_ord=0 planned_finish=94.18 actual_finish=94.18 dev=+0.00 injected=0.0
[charge_scheduler-1] [INFO] [1785319410.856251116] [charge_scheduler]: [执行事件] loop=fixed plan_v=1 C1 type=target_service target=1 station_ord=0 planned_finish=98.35 actual_finish=98.35 dev=+0.00 injected=0.0
[charge_scheduler-1] [INFO] [1785319410.856257599] [charge_scheduler]: [执行事件] loop=fixed plan_v=1 C2 type=station_turnaround target=-1 station_ord=1 planned_finish=106.67 actual_finish=106.67 dev=+0.00 injected=0.0
[charge_scheduler-1] [INFO] [1785319410.856263970] [charge_scheduler]: [执行事件] loop=fixed plan_v=1 C1 type=target_service target=18 station_ord=0 planned_finish=123.92 actual_finish=123.92 dev=+0.00 injected=0.0
[charge_scheduler-1] [INFO] [1785319410.856269549] [charge_scheduler]: [执行事件] loop=fixed plan_v=1 C1 type=station_turnaround target=-1 station_ord=1 planned_finish=136.73 actual_finish=136.73 dev=+0.00 injected=0.0
[charge_scheduler-1] [INFO] [1785319410.856275349] [charge_scheduler]: [执行事件] loop=fixed plan_v=1 C2 type=target_service target=9 station_ord=0 planned_finish=143.49 actual_finish=143.49 dev=+0.00 injected=0.0
[charge_scheduler-1] [INFO] [1785319410.856280852] [charge_scheduler]: [执行事件] loop=fixed plan_v=1 C1 type=target_service target=0 station_ord=0 planned_finish=170.26 actual_finish=170.26 dev=+0.00 injected=0.0
[charge_scheduler-1] [INFO] [1785319410.856287746] [charge_scheduler]: [执行事件] loop=fixed plan_v=1 C2 type=target_service target=16 station_ord=0 planned_finish=176.61 actual_finish=176.61 dev=+0.00 injected=0.0
[charge_scheduler-1] [INFO] [1785319410.856293206] [charge_scheduler]: [执行事件] loop=fixed plan_v=1 C2 type=station_turnaround target=-1 station_ord=2 planned_finish=189.33 actual_finish=189.33 dev=+0.00 injected=0.0
[charge_scheduler-1] [INFO] [1785319410.856298758] [charge_scheduler]: [执行事件] loop=fixed plan_v=1 C1 type=target_service target=13 station_ord=0 planned_finish=207.76 actual_finish=222.76 dev=+15.00 injected=15.0
[charge_scheduler-1] [WARN] [1785319410.986106984] [charge_scheduler]: [重调度事件] policy=fixed #2 t=222.76min trigger=C1/target_service dev=+15.00 pool=6 committed=1 plan_v=2 solve_ms=129.8 changed_assign=0 changed_order=0
[charge_scheduler-1] [INFO] [1785319410.986156139] [charge_scheduler]: [执行事件] loop=fixed plan_v=1 C2 type=target_service target=5 station_ord=0 planned_finish=236.26 actual_finish=236.26 dev=+0.00 injected=0.0
[charge_scheduler-1] [INFO] [1785319410.986184604] [charge_scheduler]: [执行事件] loop=fixed plan_v=2 C1 type=target_service target=10 station_ord=0 planned_finish=264.44 actual_finish=264.44 dev=+0.00 injected=0.0
[charge_scheduler-1] [INFO] [1785319410.986191488] [charge_scheduler]: [执行事件] loop=fixed plan_v=2 C2 type=target_service target=19 station_ord=0 planned_finish=271.52 actual_finish=271.52 dev=+0.00 injected=0.0
[charge_scheduler-1] [INFO] [1785319410.986197038] [charge_scheduler]: [执行事件] loop=fixed plan_v=2 C1 type=station_turnaround target=-1 station_ord=2 planned_finish=276.09 actual_finish=276.09 dev=+0.00 injected=0.0
[charge_scheduler-1] [INFO] [1785319410.986202724] [charge_scheduler]: [执行事件] loop=fixed plan_v=2 C2 type=station_turnaround target=-1 station_ord=3 planned_finish=283.72 actual_finish=283.72 dev=+0.00 injected=0.0
[charge_scheduler-1] [INFO] [1785319410.986208350] [charge_scheduler]: [执行事件] loop=fixed plan_v=2 C1 type=target_service target=6 station_ord=0 planned_finish=322.65 actual_finish=322.65 dev=+0.00 injected=0.0
[charge_scheduler-1] [INFO] [1785319410.986217307] [charge_scheduler]: [执行事件] loop=fixed plan_v=2 C2 type=target_service target=2 station_ord=0 planned_finish=329.30 actual_finish=329.30 dev=+0.00 injected=0.0
[charge_scheduler-1] [INFO] [1785319410.986222943] [charge_scheduler]: [执行事件] loop=fixed plan_v=2 C1 type=target_service target=14 station_ord=0 planned_finish=368.88 actual_finish=368.88 dev=+0.00 injected=0.0
[charge_scheduler-1] [INFO] [1785319410.986228380] [charge_scheduler]: [执行事件] loop=fixed plan_v=2 C1 type=final_return target=-1 station_ord=0 planned_finish=372.65 actual_finish=372.65 dev=+0.00 injected=0.0
[charge_scheduler-1] [INFO] [1785319410.986233703] [charge_scheduler]: [执行事件] loop=fixed plan_v=2 C2 type=target_service target=17 station_ord=0 planned_finish=373.60 actual_finish=373.60 dev=+0.00 injected=0.0
[charge_scheduler-1] [INFO] [1785319410.986238778] [charge_scheduler]: [执行事件] loop=fixed plan_v=2 C2 type=final_return target=-1 station_ord=0 planned_finish=376.39 actual_finish=376.39 dev=+0.00 injected=0.0
[charge_scheduler-1] [INFO] [1785319410.986272331] [charge_scheduler]: ★闭环实验结果 mode=open M=20 K=2 disturbance=target delay=15.0 seed=7 N_late=7 T_overtime=242.004 C_total=3720.913 makespan=376.389 served=20 energy_viol=2 reschedules=0 reschedule_ms=0.000 changed_assign=0 changed_order=0 applied_target=2 applied_station=0 initial_solve_ms=12923.535 objective_order=Nlate,Tover,Ctotal
[charge_scheduler-1] [INFO] [1785319410.986283529] [charge_scheduler]: ★闭环实验结果 mode=fixed M=20 K=2 disturbance=target delay=15.0 seed=7 N_late=5 T_overtime=240.649 C_total=3724.537 makespan=376.389 served=20 energy_viol=0 reschedules=2 reschedule_ms=433.662 changed_assign=0 changed_order=6 applied_target=2 applied_station=0 initial_solve_ms=12923.535 objective_order=Nlate,Tover,Ctotal
[charge_scheduler-1] [INFO] [1785319410.986291766] [charge_scheduler]: ★闭环实验收益 policy=fixed M=20 K=2 disturbance=target delay=15.0 seed=7 recovered_late=2 overtime_reduction=1.355 distance_delta=3.624 makespan_reduction=0.000
