[INFO] [launch]: All log files can be found below /root/.ros/log/2026-07-29-10-28-38-989399-YYYY-22678
[INFO] [launch]: Default logging verbosity is set to INFO
[INFO] [charge_scheduler-1]: process started with pid [22679]
[charge_scheduler-1] [INFO] [1785320919.144907519] [charge_scheduler]: [目标顺序] objective_order=Nlate,Tover,Ctotal
[charge_scheduler-1] [INFO] [1785320919.145693330] [charge_scheduler]: [Scheduler] 30辆车 | 电池800.0kWh(20%=160.0 80%=640.0) | 充电360kW效率97% | 行驶0.6kWh/km | 桩350kW
[charge_scheduler-1] [INFO] [1785320919.145739062] [charge_scheduler]: [Scheduler] 站端周转: 换电 10 min(换后满电) | 单趟可用 640 kWh
[charge_scheduler-1] [INFO] [1785320919.145756995] [charge_scheduler]:   车#0 [电动装载机282|light] 位置(-47.3,-2.6) 容量282kWh 剩余35% | α=6→6min/% τ=168min → 需130.8kWh(充21.2min)
[charge_scheduler-1] [INFO] [1785320919.145782109] [charge_scheduler]:   车#1 [重型叉车|light] 位置(-44.0,-64.1) 容量200kWh 剩余20% | α=6→6min/% τ=96min → 需123.7kWh(充20.0min)
[charge_scheduler-1] [INFO] [1785320919.145804393] [charge_scheduler]:   车#2 [电动装载机350|light] 位置(-51.1,-38.8) 容量350kWh 剩余50% | α=6→6min/% τ=288min → 需108.2kWh(充17.5min)
[charge_scheduler-1] [INFO] [1785320919.145824363] [charge_scheduler]:   车#3 [重型叉车|light] 位置(-71.0,-19.0) 容量200kWh 剩余10% | α=6→6min/% τ=32min → 需144.3kWh(充23.3min)
[charge_scheduler-1] [INFO] [1785320919.145844512] [charge_scheduler]:   车#4 [电动装载机282|heavy→降级] 位置(-93.3,6.6) 容量282kWh 剩余60% | α=3→6min/% τ=212min → 需58.1kWh(充9.4min)
[charge_scheduler-1] [INFO] [1785320919.145863904] [charge_scheduler]:   车#5 [电动装载机350|light] 位置(-104.4,47.7) 容量350kWh 剩余25% | α=6→6min/% τ=128min → 需198.5kWh(充32.1min)
[charge_scheduler-1] [INFO] [1785320919.145883722] [charge_scheduler]:   车#6 [电动装载机350|heavy→降级] 位置(-37.0,-75.1) 容量350kWh 剩余40% | α=4→6min/% τ=176min → 需144.3kWh(充23.3min)
[charge_scheduler-1] [INFO] [1785320919.145902426] [charge_scheduler]:   车#7 [重型叉车|light] 位置(-88.8,-37.1) 容量200kWh 剩余15% | α=6→6min/% τ=64min → 需134.0kWh(充21.7min)
[charge_scheduler-1] [INFO] [1785320919.145921164] [charge_scheduler]:   车#8 [电动装载机282|heavy→降级] 位置(-70.9,27.7) 容量282kWh 剩余55% | α=3→6min/% τ=196min → 需72.7kWh(充11.8min)
[charge_scheduler-1] [INFO] [1785320919.145940150] [charge_scheduler]:   车#9 [电动装载机282|heavy→降级] 位置(-35.4,-47.4) 容量282kWh 剩余30% | α=3→6min/% τ=116min → 需145.4kWh(充23.5min)
[charge_scheduler-1] [INFO] [1785320919.145971378] [charge_scheduler]:   车#10 [电动装载机282|light] 位置(-100.0,-1.0) 容量282kWh 剩余45% | α=6→6min/% τ=224min → 需101.8kWh(充16.4min)
[charge_scheduler-1] [INFO] [1785320919.145990820] [charge_scheduler]:   车#11 [电动装载机350|light] 位置(-72.8,-15.6) 容量350kWh 剩余18% | α=6→6min/% τ=83min → 需223.7kWh(充36.2min)
[charge_scheduler-1] [INFO] [1785320919.146009761] [charge_scheduler]:   车#12 [重型叉车|heavy→降级] 位置(-61.7,-20.7) 容量200kWh 剩余62% | α=3→6min/% τ=230min → 需37.1kWh(充6.0min)
[charge_scheduler-1] [INFO] [1785320919.146028689] [charge_scheduler]:   车#13 [电动装载机282|light] 位置(-133.0,-25.3) 容量282kWh 剩余28% | α=6→6min/% τ=129min → 需151.2kWh(充24.4min)
[charge_scheduler-1] [INFO] [1785320919.146048953] [charge_scheduler]:   车#14 [电动装载机350|light] 位置(-132.0,-8.9) 容量350kWh 剩余52% | α=6→6min/% τ=301min → 需101.0kWh(充16.3min)
[charge_scheduler-1] [INFO] [1785320919.146066532] [charge_scheduler]:   车#15 [重型叉车|light] 位置(-120.0,7.9) 容量200kWh 剩余12% | α=6→6min/% τ=45min → 需140.2kWh(充22.7min)
[charge_scheduler-1] [INFO] [1785320919.146089440] [charge_scheduler]:   车#16 [电动装载机282|light] 位置(-43.8,-82.9) 容量282kWh 剩余38% | α=6→6min/% τ=185min → 需122.1kWh(充19.7min)
[charge_scheduler-1] [INFO] [1785320919.146107788] [charge_scheduler]:   车#17 [电动装载机350|light] 位置(-31.1,-74.7) 容量350kWh 剩余58% | α=6→6min/% τ=339min → 需79.4kWh(充12.8min)
[charge_scheduler-1] [INFO] [1785320919.146126135] [charge_scheduler]:   车#18 [重型叉车|heavy→降级] 位置(-75.4,-68.2) 容量200kWh 剩余22% | α=3→6min/% τ=102min → 需119.6kWh(充19.3min)
[charge_scheduler-1] [INFO] [1785320919.146144898] [charge_scheduler]:   车#19 [电动装载机282|light] 位置(-88.2,47.1) 容量282kWh 剩余48% | α=6→6min/% τ=241min → 需93.0kWh(充15.0min)
[charge_scheduler-1] [INFO] [1785320919.146163447] [charge_scheduler]:   车#20 [电动装载机350|light] 位置(-71.4,16.3) 容量350kWh 剩余33% | α=6→6min/% τ=179min → 需169.6kWh(充27.4min)
[charge_scheduler-1] [INFO] [1785320919.146225919] [charge_scheduler]:   车#21 [重型叉车|heavy→降级] 位置(-122.0,-0.6) 容量200kWh 剩余65% | α=3→6min/% τ=240min → 需30.9kWh(充5.0min)
[charge_scheduler-1] [INFO] [1785320919.146806684] [charge_scheduler]:   车#22 [电动装载机282|light] 位置(-71.6,11.6) 容量282kWh 剩余16% | α=6→6min/% τ=62min → 需186.1kWh(充30.1min)
[charge_scheduler-1] [INFO] [1785320919.146842070] [charge_scheduler]:   车#23 [电动装载机350|light] 位置(-131.0,37.2) 容量350kWh 剩余42% | α=6→6min/% τ=237min → 需137.1kWh(充22.2min)
[charge_scheduler-1] [INFO] [1785320919.146861319] [charge_scheduler]:   车#24 [重型叉车|heavy→降级] 位置(-51.3,5.9) 容量200kWh 剩余25% | α=3→6min/% τ=112min → 需113.4kWh(充18.3min)
[charge_scheduler-1] [INFO] [1785320919.146878812] [charge_scheduler]:   车#25 [电动装载机282|light] 位置(-62.2,-10.7) 容量282kWh 剩余55% | α=6→6min/% τ=280min → 需72.7kWh(充11.8min)
[charge_scheduler-1] [INFO] [1785320919.146896964] [charge_scheduler]:   车#26 [电动装载机350|light] 位置(-116.0,60.4) 容量350kWh 剩余30% | α=6→6min/% τ=160min → 需180.4kWh(充29.2min)
[charge_scheduler-1] [INFO] [1785320919.146914405] [charge_scheduler]:   车#27 [重型叉车|heavy→降级] 位置(-90.4,60.5) 容量200kWh 剩余68% | α=3→6min/% τ=250min → 需24.7kWh(充4.0min)
[charge_scheduler-1] [INFO] [1785320919.146932054] [charge_scheduler]:   车#28 [电动装载机282|light] 位置(-85.5,-46.0) 容量282kWh 剩余20% | α=6→6min/% τ=84min → 需174.4kWh(充28.2min)
[charge_scheduler-1] [INFO] [1785320919.146949878] [charge_scheduler]:   车#29 [电动装载机350|light] 位置(-87.0,-36.6) 容量350kWh 剩余36% | α=6→6min/% τ=198min → 需158.8kWh(充25.7min)
[charge_scheduler-1] [INFO] [1785320919.156740042] [charge_scheduler]: [Scheduler] 闭环接口: threshold=10.0min | event_sim=on | policy=fixed | structured_feedback=optional (/task_planner/execution_event)
[charge_scheduler-1] [INFO] [1785320919.156807348] [charge_scheduler]: [Scheduler] 已启动, 等待地图...
[charge_scheduler-1] [INFO] [1785320919.216812897] [charge_scheduler]: [Scheduler] RoutingGraph 就绪
[charge_scheduler-1] [INFO] [1785320919.217126323] [charge_scheduler]: [Scheduler] 提取到 6 条虚线捷径
[charge_scheduler-1] [INFO] [1785320919.238791208] [charge_scheduler]: [Scheduler] 下层兼容增强图: 166 节点, 6 条虚线掉头边
[charge_scheduler-1] [INFO] [1785320927.504385029] [charge_scheduler]: [Scheduler] 距离矩阵完成 31x31, 8265.5 ms | 模式=maneuver | 真实不可达=0 抽象不可达=0 | 缺少对向投影节点=0
[charge_scheduler-1] [INFO] [1785320927.504489382] [charge_scheduler]:   ✓ 比值自检：930 个 OD 满足 机动/直线≥1 | 均值=2.97 最大=42.81 (车#15→车#21)
[charge_scheduler-1] [INFO] [1785320927.504503890] [charge_scheduler]: [Scheduler] 地图就绪, 166 条 lanelet（与下层一致）
[charge_scheduler-1] [INFO] [1785320927.504577224] [charge_scheduler]: ======== 开始VRPTW调度 30 辆车 ========
[charge_scheduler-1] [INFO] [1785320927.504584628] [charge_scheduler]:   规模30>8 → 启发式(alns)
[charge_scheduler-1] [INFO] [1785320982.359738225] [charge_scheduler]: [ALNS] objective_order=Nlate,Tover,Ctotal seed=1 iters=15000 | N_late=3(成功率90.0%) T_overtime=169.5min C_total=5773.1m | 趟数=11 makespan=372.5min
[charge_scheduler-1] [INFO] [1785320982.359807036] [charge_scheduler]:   求解耗时 54855.2 ms
[charge_scheduler-1] [INFO] [1785320982.359820772] [charge_scheduler]: ════════ 调度结果 ════════
[charge_scheduler-1] [INFO] [1785320982.359827020] [charge_scheduler]:   ★目标(字典序): objective_order=Nlate,Tover,Ctotal | N_late=3 辆 (按时成功率 27/30 = 90.0%)  T_overtime=169.5min  C_total=5773.1m
[charge_scheduler-1] [INFO] [1785320982.359834504] [charge_scheduler]:   附: 趟数=11 | makespan=372.5min | 能量可行=是
[charge_scheduler-1] [INFO] [1785320982.359846696] [charge_scheduler]:   [充电车2] 趟1: 站 → 车#9(到2.2/限116.0✓) → 车#3(到27.9/限32.0✓) → 车#11(到52.8/限83.2✓) → 站
[charge_scheduler-1] [INFO] [1785320982.359855524] [charge_scheduler]:   [充电车3] 趟2: 站 → 车#27(到2.1/限249.6✓) → 车#21(到8.2/限240.0✓) → 车#12(到16.2/限230.4✓) → 车#15(到25.1/限44.8✓) → 车#7(到50.9/限64.0✓) → 车#28(到75.5/限84.0✓) → 站
[charge_scheduler-1] [INFO] [1785320982.359909884] [charge_scheduler]:   [充电车1] 趟3: 站 → 车#4(到1.4/限212.0✓) → 车#8(到13.7/限196.0✓) → 车#22(到27.8/限61.6✓) → 车#1(到61.7/限96.0✓) → 车#18(到85.7/限102.4✓) → 站
[charge_scheduler-1] [INFO] [1785320982.359917426] [charge_scheduler]:   [充电车2] 趟4: 站 → 车#24(到107.1/限112.0✓) → 车#26(到133.6/限160.0✓) → 车#16(到178.7/限184.8✓) → 站
[charge_scheduler-1] [INFO] [1785320982.359923844] [charge_scheduler]:   [充电车1] 趟5: 站 → 车#5(到125.8/限128.0✓) → 车#6(到172.5/限176.0✓) → 站
[charge_scheduler-1] [INFO] [1785320982.359931015] [charge_scheduler]:   [充电车3] 趟6: 站 → 车#13(到124.9/限128.8✓) → 车#0(到163.0/限168.0✓) → 车#10(到201.5/限224.0✓) → 站
[charge_scheduler-1] [INFO] [1785320982.359937463] [charge_scheduler]:   [充电车2] 趟7: 站 → 车#19(到229.6/限240.8✓) → 车#20(到264.8/限179.2✗超时) → 站
[charge_scheduler-1] [INFO] [1785320982.359943628] [charge_scheduler]:   [充电车1] 趟8: 站 → 车#23(到231.1/限236.8✓) → 车#25(到277.8/限280.0✓) → 站
[charge_scheduler-1] [INFO] [1785320982.359948909] [charge_scheduler]:   [充电车1] 趟9: 站 → 车#17(到327.1/限339.2✓) → 站
[charge_scheduler-1] [INFO] [1785320982.359955022] [charge_scheduler]:   [充电车2] 趟10: 站 → 车#2(到322.0/限288.0✗超时) → 站
[charge_scheduler-1] [INFO] [1785320982.359961076] [charge_scheduler]:   [充电车3] 趟11: 站 → 车#29(到248.4/限198.4✗超时) → 车#14(到293.4/限300.8✓) → 站
[charge_scheduler-1] [INFO] [1785320982.359966555] [charge_scheduler]: ════════════════════════
[charge_scheduler-1] [INFO] [1785320982.360038475] [charge_scheduler]: [扰动清单] type=target delay=15.0min targets={3,13,} station={}
[charge_scheduler-1] [INFO] [1785320982.360056214] [charge_scheduler]: [执行事件] loop=open plan_v=0 C3 type=target_service target=27 station_ord=0 planned_finish=6.36 actual_finish=6.36 dev=+0.00 injected=0.0
[charge_scheduler-1] [INFO] [1785320982.360064426] [charge_scheduler]: [执行事件] loop=open plan_v=0 C1 type=target_service target=4 station_ord=0 planned_finish=11.04 actual_finish=11.04 dev=+0.00 injected=0.0
[charge_scheduler-1] [INFO] [1785320982.360071785] [charge_scheduler]: [执行事件] loop=open plan_v=0 C3 type=target_service target=21 station_ord=0 planned_finish=14.00 actual_finish=14.00 dev=+0.00 injected=0.0
[charge_scheduler-1] [INFO] [1785320982.360078690] [charge_scheduler]: [执行事件] loop=open plan_v=0 C3 type=target_service target=12 station_ord=0 planned_finish=23.83 actual_finish=23.83 dev=+0.00 injected=0.0
[charge_scheduler-1] [INFO] [1785320982.360085357] [charge_scheduler]: [执行事件] loop=open plan_v=0 C2 type=target_service target=9 station_ord=0 planned_finish=25.99 actual_finish=25.99 dev=+0.00 injected=0.0
[charge_scheduler-1] [INFO] [1785320982.360092331] [charge_scheduler]: [执行事件] loop=open plan_v=0 C1 type=target_service target=8 station_ord=0 planned_finish=27.46 actual_finish=27.46 dev=+0.00 injected=0.0
[charge_scheduler-1] [INFO] [1785320982.360099031] [charge_scheduler]: [执行事件] loop=open plan_v=0 C3 type=target_service target=15 station_ord=0 planned_finish=49.07 actual_finish=49.07 dev=+0.00 injected=0.0
[charge_scheduler-1] [INFO] [1785320982.360105857] [charge_scheduler]: [执行事件] loop=open plan_v=0 C1 type=target_service target=22 station_ord=0 planned_finish=60.21 actual_finish=60.21 dev=+0.00 injected=0.0
[charge_scheduler-1] [INFO] [1785320982.360114102] [charge_scheduler]: [执行事件] loop=open plan_v=0 C2 type=target_service target=3 station_ord=0 planned_finish=52.69 actual_finish=67.69 dev=+15.00 injected=15.0
[charge_scheduler-1] [INFO] [1785320982.360120903] [charge_scheduler]: [执行事件] loop=open plan_v=0 C3 type=target_service target=7 station_ord=0 planned_finish=75.27 actual_finish=75.27 dev=+0.00 injected=0.0
[charge_scheduler-1] [INFO] [1785320982.360127270] [charge_scheduler]: [执行事件] loop=open plan_v=0 C1 type=target_service target=1 station_ord=0 planned_finish=84.95 actual_finish=84.95 dev=+0.00 injected=0.0
[charge_scheduler-1] [INFO] [1785320982.360133471] [charge_scheduler]: [执行事件] loop=open plan_v=0 C1 type=target_service target=18 station_ord=0 planned_finish=109.82 actual_finish=109.82 dev=+0.00 injected=0.0
[charge_scheduler-1] [INFO] [1785320982.360140106] [charge_scheduler]: [执行事件] loop=open plan_v=0 C3 type=target_service target=28 station_ord=0 planned_finish=110.06 actual_finish=110.06 dev=+0.00 injected=0.0
[charge_scheduler-1] [INFO] [1785320982.360155265] [charge_scheduler]: [执行事件] loop=open plan_v=0 C2 type=target_service target=11 station_ord=0 planned_finish=93.80 actual_finish=110.16 dev=+16.37 injected=0.0
[charge_scheduler-1] [INFO] [1785320982.360162180] [charge_scheduler]: [执行事件] loop=open plan_v=0 C3 type=station_turnaround target=-1 station_ord=1 planned_finish=122.09 actual_finish=122.09 dev=+0.00 injected=0.0
[charge_scheduler-1] [INFO] [1785320982.360169107] [charge_scheduler]: [执行事件] loop=open plan_v=0 C1 type=station_turnaround target=-1 station_ord=1 planned_finish=122.63 actual_finish=122.63 dev=+0.00 injected=0.0
[charge_scheduler-1] [INFO] [1785320982.360175619] [charge_scheduler]: [执行事件] loop=open plan_v=0 C2 type=station_turnaround target=-1 station_ord=1 planned_finish=106.28 actual_finish=122.65 dev=+16.37 injected=0.0
[charge_scheduler-1] [INFO] [1785320982.360182335] [charge_scheduler]: [执行事件] loop=open plan_v=0 C2 type=target_service target=24 station_ord=0 planned_finish=131.85 actual_finish=148.47 dev=+16.62 injected=0.0
[charge_scheduler-1] [INFO] [1785320982.360189107] [charge_scheduler]: [执行事件] loop=open plan_v=0 C1 type=target_service target=5 station_ord=0 planned_finish=169.36 actual_finish=169.36 dev=+0.00 injected=0.0
[charge_scheduler-1] [INFO] [1785320982.360195768] [charge_scheduler]: [执行事件] loop=open plan_v=0 C3 type=target_service target=13 station_ord=0 planned_finish=159.81 actual_finish=174.81 dev=+15.00 injected=15.0
[charge_scheduler-1] [INFO] [1785320982.360202960] [charge_scheduler]: [执行事件] loop=open plan_v=0 C2 type=target_service target=26 station_ord=0 planned_finish=174.99 actual_finish=193.13 dev=+18.14 injected=0.0
[charge_scheduler-1] [INFO] [1785320982.360209998] [charge_scheduler]: [执行事件] loop=open plan_v=0 C3 type=target_service target=0 station_ord=0 planned_finish=197.86 actual_finish=213.28 dev=+15.42 injected=0.0
[charge_scheduler-1] [INFO] [1785320982.360217039] [charge_scheduler]: [执行事件] loop=open plan_v=0 C1 type=target_service target=6 station_ord=0 planned_finish=215.92 actual_finish=215.92 dev=+0.00 injected=0.0
[charge_scheduler-1] [INFO] [1785320982.360223850] [charge_scheduler]: [执行事件] loop=open plan_v=0 C1 type=station_turnaround target=-1 station_ord=2 planned_finish=228.61 actual_finish=228.61 dev=+0.00 injected=0.0
[charge_scheduler-1] [INFO] [1785320982.360230398] [charge_scheduler]: [执行事件] loop=open plan_v=0 C2 type=target_service target=16 station_ord=0 planned_finish=213.43 actual_finish=232.08 dev=+18.65 injected=0.0
[charge_scheduler-1] [INFO] [1785320982.360237072] [charge_scheduler]: [执行事件] loop=open plan_v=0 C2 type=station_turnaround target=-1 station_ord=2 planned_finish=226.15 actual_finish=244.80 dev=+18.65 injected=0.0
[charge_scheduler-1] [INFO] [1785320982.360250121] [charge_scheduler]: [执行事件] loop=open plan_v=0 C3 type=target_service target=10 station_ord=0 planned_finish=234.81 actual_finish=251.52 dev=+16.71 injected=0.0
[charge_scheduler-1] [INFO] [1785320982.360260124] [charge_scheduler]: [执行事件] loop=open plan_v=0 C3 type=station_turnaround target=-1 station_ord=2 planned_finish=246.46 actual_finish=263.17 dev=+16.71 injected=0.0
[charge_scheduler-1] [INFO] [1785320982.360269496] [charge_scheduler]: [执行事件] loop=open plan_v=0 C1 type=target_service target=23 station_ord=0 planned_finish=274.38 actual_finish=274.38 dev=+0.00 injected=0.0
[charge_scheduler-1] [INFO] [1785320982.360279663] [charge_scheduler]: [执行事件] loop=open plan_v=0 C2 type=target_service target=19 station_ord=0 planned_finish=263.87 actual_finish=283.46 dev=+19.59 injected=0.0
[charge_scheduler-1] [INFO] [1785320982.360286538] [charge_scheduler]: [执行事件] loop=open plan_v=0 C3 type=target_service target=29 station_ord=0 planned_finish=292.11 actual_finish=308.82 dev=+16.71 injected=0.0
[charge_scheduler-1] [INFO] [1785320982.360293296] [charge_scheduler]: [执行事件] loop=open plan_v=0 C1 type=target_service target=25 station_ord=0 planned_finish=312.89 actual_finish=312.89 dev=+0.00 injected=0.0
[charge_scheduler-1] [INFO] [1785320982.360299821] [charge_scheduler]: [执行事件] loop=open plan_v=0 C1 type=station_turnaround target=-1 station_ord=3 planned_finish=324.17 actual_finish=324.17 dev=+0.00 injected=0.0
[charge_scheduler-1] [INFO] [1785320982.360311296] [charge_scheduler]: [执行事件] loop=open plan_v=0 C2 type=target_service target=20 station_ord=0 planned_finish=308.52 actual_finish=328.11 dev=+19.59 injected=0.0
[charge_scheduler-1] [INFO] [1785320982.360318563] [charge_scheduler]: [执行事件] loop=open plan_v=0 C2 type=station_turnaround target=-1 station_ord=3 planned_finish=319.91 actual_finish=339.51 dev=+19.59 injected=0.0
[charge_scheduler-1] [INFO] [1785320982.360325785] [charge_scheduler]: [执行事件] loop=open plan_v=0 C3 type=target_service target=14 station_ord=0 planned_finish=336.45 actual_finish=353.84 dev=+17.39 injected=0.0
[charge_scheduler-1] [INFO] [1785320982.360332815] [charge_scheduler]: [执行事件] loop=open plan_v=0 C3 type=final_return target=-1 station_ord=0 planned_finish=340.21 actual_finish=357.60 dev=+17.39 injected=0.0
[charge_scheduler-1] [INFO] [1785320982.360339715] [charge_scheduler]: [执行事件] loop=open plan_v=0 C1 type=target_service target=17 station_ord=0 planned_finish=369.72 actual_finish=369.72 dev=+0.00 injected=0.0
[charge_scheduler-1] [INFO] [1785320982.360349124] [charge_scheduler]: [执行事件] loop=open plan_v=0 C1 type=final_return target=-1 station_ord=0 planned_finish=372.51 actual_finish=372.51 dev=+0.00 injected=0.0
[charge_scheduler-1] [INFO] [1785320982.360356799] [charge_scheduler]: [执行事件] loop=open plan_v=0 C2 type=target_service target=2 station_ord=0 planned_finish=365.70 actual_finish=385.30 dev=+19.59 injected=0.0
[charge_scheduler-1] [INFO] [1785320982.360364682] [charge_scheduler]: [执行事件] loop=open plan_v=0 C2 type=final_return target=-1 station_ord=0 planned_finish=367.63 actual_finish=387.22 dev=+19.59 injected=0.0
[charge_scheduler-1] [INFO] [1785320982.360384035] [charge_scheduler]: [执行事件] loop=fixed plan_v=0 C3 type=target_service target=27 station_ord=0 planned_finish=6.36 actual_finish=6.36 dev=+0.00 injected=0.0
[charge_scheduler-1] [INFO] [1785320982.360392137] [charge_scheduler]: [执行事件] loop=fixed plan_v=0 C1 type=target_service target=4 station_ord=0 planned_finish=11.04 actual_finish=11.04 dev=+0.00 injected=0.0
[charge_scheduler-1] [INFO] [1785320982.360400355] [charge_scheduler]: [执行事件] loop=fixed plan_v=0 C3 type=target_service target=21 station_ord=0 planned_finish=14.00 actual_finish=14.00 dev=+0.00 injected=0.0
[charge_scheduler-1] [INFO] [1785320982.360408555] [charge_scheduler]: [执行事件] loop=fixed plan_v=0 C3 type=target_service target=12 station_ord=0 planned_finish=23.83 actual_finish=23.83 dev=+0.00 injected=0.0
[charge_scheduler-1] [INFO] [1785320982.360416617] [charge_scheduler]: [执行事件] loop=fixed plan_v=0 C2 type=target_service target=9 station_ord=0 planned_finish=25.99 actual_finish=25.99 dev=+0.00 injected=0.0
[charge_scheduler-1] [INFO] [1785320982.360424845] [charge_scheduler]: [执行事件] loop=fixed plan_v=0 C1 type=target_service target=8 station_ord=0 planned_finish=27.46 actual_finish=27.46 dev=+0.00 injected=0.0
[charge_scheduler-1] [INFO] [1785320982.360434535] [charge_scheduler]: [执行事件] loop=fixed plan_v=0 C3 type=target_service target=15 station_ord=0 planned_finish=49.07 actual_finish=49.07 dev=+0.00 injected=0.0
[charge_scheduler-1] [INFO] [1785320982.360442963] [charge_scheduler]: [执行事件] loop=fixed plan_v=0 C1 type=target_service target=22 station_ord=0 planned_finish=60.21 actual_finish=60.21 dev=+0.00 injected=0.0
[charge_scheduler-1] [INFO] [1785320982.360451079] [charge_scheduler]: [执行事件] loop=fixed plan_v=0 C2 type=target_service target=3 station_ord=0 planned_finish=52.69 actual_finish=67.69 dev=+15.00 injected=15.0
[charge_scheduler-1] [WARN] [1785320983.306802929] [charge_scheduler]: [重调度事件] policy=fixed #1 t=67.69min trigger=C2/target_service dev=+15.00 pool=19 committed=2 plan_v=1 solve_ms=946.3 changed_assign=0 changed_order=12
[charge_scheduler-1] [INFO] [1785320983.306859016] [charge_scheduler]: [执行事件] loop=fixed plan_v=0 C3 type=target_service target=7 station_ord=0 planned_finish=75.27 actual_finish=75.27 dev=+0.00 injected=0.0
[charge_scheduler-1] [INFO] [1785320983.306868973] [charge_scheduler]: [执行事件] loop=fixed plan_v=0 C1 type=target_service target=1 station_ord=0 planned_finish=84.95 actual_finish=84.95 dev=+0.00 injected=0.0
[charge_scheduler-1] [INFO] [1785320983.306875894] [charge_scheduler]: [执行事件] loop=fixed plan_v=1 C1 type=target_service target=18 station_ord=0 planned_finish=109.82 actual_finish=109.82 dev=+0.00 injected=0.0
[charge_scheduler-1] [INFO] [1785320983.306908307] [charge_scheduler]: [执行事件] loop=fixed plan_v=1 C3 type=target_service target=28 station_ord=0 planned_finish=110.06 actual_finish=110.06 dev=+0.00 injected=0.0
[charge_scheduler-1] [INFO] [1785320983.306917782] [charge_scheduler]: [执行事件] loop=fixed plan_v=1 C2 type=target_service target=11 station_ord=0 planned_finish=110.16 actual_finish=110.16 dev=+0.00 injected=0.0
[charge_scheduler-1] [INFO] [1785320983.306923712] [charge_scheduler]: [执行事件] loop=fixed plan_v=1 C3 type=station_turnaround target=-1 station_ord=1 planned_finish=122.09 actual_finish=122.09 dev=+0.00 injected=0.0
[charge_scheduler-1] [INFO] [1785320983.306930907] [charge_scheduler]: [执行事件] loop=fixed plan_v=1 C1 type=station_turnaround target=-1 station_ord=1 planned_finish=122.63 actual_finish=122.63 dev=+0.00 injected=0.0
[charge_scheduler-1] [INFO] [1785320983.306936817] [charge_scheduler]: [执行事件] loop=fixed plan_v=1 C2 type=station_turnaround target=-1 station_ord=1 planned_finish=122.65 actual_finish=122.65 dev=+0.00 injected=0.0
[charge_scheduler-1] [INFO] [1785320983.306943021] [charge_scheduler]: [执行事件] loop=fixed plan_v=1 C2 type=target_service target=24 station_ord=0 planned_finish=148.47 actual_finish=148.47 dev=+0.00 injected=0.0
[charge_scheduler-1] [INFO] [1785320983.306949391] [charge_scheduler]: [执行事件] loop=fixed plan_v=1 C1 type=target_service target=5 station_ord=0 planned_finish=169.36 actual_finish=169.36 dev=+0.00 injected=0.0
[charge_scheduler-1] [INFO] [1785320983.306955618] [charge_scheduler]: [执行事件] loop=fixed plan_v=1 C3 type=target_service target=13 station_ord=0 planned_finish=159.81 actual_finish=174.81 dev=+15.00 injected=15.0
[charge_scheduler-1] [WARN] [1785320983.806963497] [charge_scheduler]: [重调度事件] policy=fixed #2 t=174.81min trigger=C3/target_service dev=+15.00 pool=11 committed=2 plan_v=2 solve_ms=499.9 changed_assign=0 changed_order=2
[charge_scheduler-1] [INFO] [1785320983.807036160] [charge_scheduler]: [执行事件] loop=fixed plan_v=1 C2 type=target_service target=16 station_ord=0 planned_finish=182.67 actual_finish=182.67 dev=+0.00 injected=0.0
[charge_scheduler-1] [INFO] [1785320983.807048503] [charge_scheduler]: [执行事件] loop=fixed plan_v=2 C3 type=target_service target=10 station_ord=0 planned_finish=212.90 actual_finish=212.90 dev=+0.00 injected=0.0
[charge_scheduler-1] [INFO] [1785320983.807056606] [charge_scheduler]: [执行事件] loop=fixed plan_v=1 C1 type=target_service target=6 station_ord=0 planned_finish=215.92 actual_finish=215.92 dev=+0.00 injected=0.0
[charge_scheduler-1] [INFO] [1785320983.807070805] [charge_scheduler]: [执行事件] loop=fixed plan_v=2 C1 type=station_turnaround target=-1 station_ord=2 planned_finish=228.61 actual_finish=228.61 dev=+0.00 injected=0.0
[charge_scheduler-1] [INFO] [1785320983.807078374] [charge_scheduler]: [执行事件] loop=fixed plan_v=2 C2 type=target_service target=20 station_ord=0 planned_finish=231.28 actual_finish=231.28 dev=+0.00 injected=0.0
[charge_scheduler-1] [INFO] [1785320983.807086147] [charge_scheduler]: [执行事件] loop=fixed plan_v=2 C2 type=station_turnaround target=-1 station_ord=2 planned_finish=242.68 actual_finish=242.68 dev=+0.00 injected=0.0
[charge_scheduler-1] [INFO] [1785320983.807093562] [charge_scheduler]: [执行事件] loop=fixed plan_v=2 C3 type=target_service target=0 station_ord=0 planned_finish=249.02 actual_finish=249.02 dev=+0.00 injected=0.0
[charge_scheduler-1] [INFO] [1785320983.807100823] [charge_scheduler]: [执行事件] loop=fixed plan_v=2 C3 type=station_turnaround target=-1 station_ord=2 planned_finish=259.88 actual_finish=259.88 dev=+0.00 injected=0.0
[charge_scheduler-1] [INFO] [1785320983.807108160] [charge_scheduler]: [执行事件] loop=fixed plan_v=2 C1 type=target_service target=23 station_ord=0 planned_finish=274.38 actual_finish=274.38 dev=+0.00 injected=0.0
[charge_scheduler-1] [INFO] [1785320983.807115718] [charge_scheduler]: [执行事件] loop=fixed plan_v=2 C2 type=target_service target=19 station_ord=0 planned_finish=281.34 actual_finish=281.34 dev=+0.00 injected=0.0
[charge_scheduler-1] [INFO] [1785320983.807123363] [charge_scheduler]: [执行事件] loop=fixed plan_v=2 C3 type=target_service target=29 station_ord=0 planned_finish=305.52 actual_finish=305.52 dev=+0.00 injected=0.0
[charge_scheduler-1] [INFO] [1785320983.807130612] [charge_scheduler]: [执行事件] loop=fixed plan_v=2 C1 type=target_service target=25 station_ord=0 planned_finish=312.89 actual_finish=312.89 dev=+0.00 injected=0.0
[charge_scheduler-1] [INFO] [1785320983.807171047] [charge_scheduler]: [执行事件] loop=fixed plan_v=2 C1 type=station_turnaround target=-1 station_ord=3 planned_finish=324.17 actual_finish=324.17 dev=+0.00 injected=0.0
[charge_scheduler-1] [INFO] [1785320983.807179081] [charge_scheduler]: [执行事件] loop=fixed plan_v=2 C2 type=target_service target=2 station_ord=0 planned_finish=326.81 actual_finish=326.81 dev=+0.00 injected=0.0
[charge_scheduler-1] [INFO] [1785320983.807186307] [charge_scheduler]: [执行事件] loop=fixed plan_v=2 C2 type=station_turnaround target=-1 station_ord=3 planned_finish=338.74 actual_finish=338.74 dev=+0.00 injected=0.0
[charge_scheduler-1] [INFO] [1785320983.807193757] [charge_scheduler]: [执行事件] loop=fixed plan_v=2 C3 type=target_service target=14 station_ord=0 planned_finish=350.54 actual_finish=350.54 dev=+0.00 injected=0.0
[charge_scheduler-1] [INFO] [1785320983.807200698] [charge_scheduler]: [执行事件] loop=fixed plan_v=2 C3 type=final_return target=-1 station_ord=0 planned_finish=354.30 actual_finish=354.30 dev=+0.00 injected=0.0
[charge_scheduler-1] [INFO] [1785320983.807207577] [charge_scheduler]: [执行事件] loop=fixed plan_v=2 C1 type=target_service target=17 station_ord=0 planned_finish=369.72 actual_finish=369.72 dev=+0.00 injected=0.0
[charge_scheduler-1] [INFO] [1785320983.807214505] [charge_scheduler]: [执行事件] loop=fixed plan_v=2 C1 type=final_return target=-1 station_ord=0 planned_finish=372.51 actual_finish=372.51 dev=+0.00 injected=0.0
[charge_scheduler-1] [INFO] [1785320983.807221501] [charge_scheduler]: [执行事件] loop=fixed plan_v=2 C2 type=target_service target=26 station_ord=0 planned_finish=385.01 actual_finish=385.01 dev=+0.00 injected=0.0
[charge_scheduler-1] [INFO] [1785320983.807228360] [charge_scheduler]: [执行事件] loop=fixed plan_v=2 C2 type=final_return target=-1 station_ord=0 planned_finish=388.31 actual_finish=388.31 dev=+0.00 injected=0.0
[charge_scheduler-1] [INFO] [1785320983.807251612] [charge_scheduler]: ★闭环实验结果 mode=open M=30 K=3 disturbance=target delay=15.0 seed=1 N_late=8 T_overtime=275.600 C_total=5773.118 makespan=387.224 served=30 energy_viol=2 reschedules=0 reschedule_ms=0.000 changed_assign=0 changed_order=0 applied_target=2 applied_station=0 initial_solve_ms=54855.222 objective_order=Nlate,Tover,Ctotal
[charge_scheduler-1] [INFO] [1785320983.807266241] [charge_scheduler]: ★闭环实验结果 mode=fixed M=30 K=3 disturbance=target delay=15.0 seed=1 N_late=7 T_overtime=321.484 C_total=5986.427 makespan=388.309 served=30 energy_viol=0 reschedules=2 reschedule_ms=1446.218 changed_assign=0 changed_order=14 applied_target=2 applied_station=0 initial_solve_ms=54855.222 objective_order=Nlate,Tover,Ctotal
[charge_scheduler-1] [INFO] [1785320983.807277505] [charge_scheduler]: ★闭环实验收益 policy=fixed M=30 K=3 disturbance=target delay=15.0 seed=1 recovered_late=1 overtime_reduction=-45.884 distance_delta=213.308 makespan_reduction=-1.086
