[INFO] [launch]: All log files can be found below /root/.ros/log/2026-07-29-11-07-23-913187-YYYY-28045
[INFO] [launch]: Default logging verbosity is set to INFO
[INFO] [charge_scheduler-1]: process started with pid [28047]
[charge_scheduler-1] [INFO] [1785323244.080753583] [charge_scheduler]: [目标顺序] objective_order=Nlate,Tover,Ctotal
[charge_scheduler-1] [INFO] [1785323244.081470562] [charge_scheduler]: [Scheduler] 30辆车 | 电池800.0kWh(20%=160.0 80%=640.0) | 充电360kW效率97% | 行驶0.6kWh/km | 桩350kW
[charge_scheduler-1] [INFO] [1785323244.081505984] [charge_scheduler]: [Scheduler] 站端周转: 换电 10 min(换后满电) | 单趟可用 640 kWh
[charge_scheduler-1] [INFO] [1785323244.081515603] [charge_scheduler]:   车#0 [电动装载机282|light] 位置(-47.3,-2.6) 容量282kWh 剩余35% | α=6→6min/% τ=168min → 需130.8kWh(充21.2min)
[charge_scheduler-1] [INFO] [1785323244.081530513] [charge_scheduler]:   车#1 [重型叉车|light] 位置(-44.0,-64.1) 容量200kWh 剩余20% | α=6→6min/% τ=96min → 需123.7kWh(充20.0min)
[charge_scheduler-1] [INFO] [1785323244.081542326] [charge_scheduler]:   车#2 [电动装载机350|light] 位置(-51.1,-38.8) 容量350kWh 剩余50% | α=6→6min/% τ=288min → 需108.2kWh(充17.5min)
[charge_scheduler-1] [INFO] [1785323244.081554122] [charge_scheduler]:   车#3 [重型叉车|light] 位置(-71.0,-19.0) 容量200kWh 剩余10% | α=6→6min/% τ=32min → 需144.3kWh(充23.3min)
[charge_scheduler-1] [INFO] [1785323244.081567183] [charge_scheduler]:   车#4 [电动装载机282|heavy→降级] 位置(-93.3,6.6) 容量282kWh 剩余60% | α=3→6min/% τ=212min → 需58.1kWh(充9.4min)
[charge_scheduler-1] [INFO] [1785323244.081579528] [charge_scheduler]:   车#5 [电动装载机350|light] 位置(-104.4,47.7) 容量350kWh 剩余25% | α=6→6min/% τ=128min → 需198.5kWh(充32.1min)
[charge_scheduler-1] [INFO] [1785323244.081592055] [charge_scheduler]:   车#6 [电动装载机350|heavy→降级] 位置(-37.0,-75.1) 容量350kWh 剩余40% | α=4→6min/% τ=176min → 需144.3kWh(充23.3min)
[charge_scheduler-1] [INFO] [1785323244.081604563] [charge_scheduler]:   车#7 [重型叉车|light] 位置(-88.8,-37.1) 容量200kWh 剩余15% | α=6→6min/% τ=64min → 需134.0kWh(充21.7min)
[charge_scheduler-1] [INFO] [1785323244.081616564] [charge_scheduler]:   车#8 [电动装载机282|heavy→降级] 位置(-70.9,27.7) 容量282kWh 剩余55% | α=3→6min/% τ=196min → 需72.7kWh(充11.8min)
[charge_scheduler-1] [INFO] [1785323244.081638403] [charge_scheduler]:   车#9 [电动装载机282|heavy→降级] 位置(-35.4,-47.4) 容量282kWh 剩余30% | α=3→6min/% τ=116min → 需145.4kWh(充23.5min)
[charge_scheduler-1] [INFO] [1785323244.081650801] [charge_scheduler]:   车#10 [电动装载机282|light] 位置(-100.0,-1.0) 容量282kWh 剩余45% | α=6→6min/% τ=224min → 需101.8kWh(充16.4min)
[charge_scheduler-1] [INFO] [1785323244.081690614] [charge_scheduler]:   车#11 [电动装载机350|light] 位置(-72.8,-15.6) 容量350kWh 剩余18% | α=6→6min/% τ=83min → 需223.7kWh(充36.2min)
[charge_scheduler-1] [INFO] [1785323244.081714395] [charge_scheduler]:   车#12 [重型叉车|heavy→降级] 位置(-61.7,-20.7) 容量200kWh 剩余62% | α=3→6min/% τ=230min → 需37.1kWh(充6.0min)
[charge_scheduler-1] [INFO] [1785323244.081727721] [charge_scheduler]:   车#13 [电动装载机282|light] 位置(-133.0,-25.3) 容量282kWh 剩余28% | α=6→6min/% τ=129min → 需151.2kWh(充24.4min)
[charge_scheduler-1] [INFO] [1785323244.081739767] [charge_scheduler]:   车#14 [电动装载机350|light] 位置(-132.0,-8.9) 容量350kWh 剩余52% | α=6→6min/% τ=301min → 需101.0kWh(充16.3min)
[charge_scheduler-1] [INFO] [1785323244.081757040] [charge_scheduler]:   车#15 [重型叉车|light] 位置(-120.0,7.9) 容量200kWh 剩余12% | α=6→6min/% τ=45min → 需140.2kWh(充22.7min)
[charge_scheduler-1] [INFO] [1785323244.081768654] [charge_scheduler]:   车#16 [电动装载机282|light] 位置(-43.8,-82.9) 容量282kWh 剩余38% | α=6→6min/% τ=185min → 需122.1kWh(充19.7min)
[charge_scheduler-1] [INFO] [1785323244.081779890] [charge_scheduler]:   车#17 [电动装载机350|light] 位置(-31.1,-74.7) 容量350kWh 剩余58% | α=6→6min/% τ=339min → 需79.4kWh(充12.8min)
[charge_scheduler-1] [INFO] [1785323244.081791570] [charge_scheduler]:   车#18 [重型叉车|heavy→降级] 位置(-75.4,-68.2) 容量200kWh 剩余22% | α=3→6min/% τ=102min → 需119.6kWh(充19.3min)
[charge_scheduler-1] [INFO] [1785323244.081803351] [charge_scheduler]:   车#19 [电动装载机282|light] 位置(-88.2,47.1) 容量282kWh 剩余48% | α=6→6min/% τ=241min → 需93.0kWh(充15.0min)
[charge_scheduler-1] [INFO] [1785323244.081817883] [charge_scheduler]:   车#20 [电动装载机350|light] 位置(-71.4,16.3) 容量350kWh 剩余33% | α=6→6min/% τ=179min → 需169.6kWh(充27.4min)
[charge_scheduler-1] [INFO] [1785323244.081877426] [charge_scheduler]:   车#21 [重型叉车|heavy→降级] 位置(-122.0,-0.6) 容量200kWh 剩余65% | α=3→6min/% τ=240min → 需30.9kWh(充5.0min)
[charge_scheduler-1] [INFO] [1785323244.081887952] [charge_scheduler]:   车#22 [电动装载机282|light] 位置(-71.6,11.6) 容量282kWh 剩余16% | α=6→6min/% τ=62min → 需186.1kWh(充30.1min)
[charge_scheduler-1] [INFO] [1785323244.081895119] [charge_scheduler]:   车#23 [电动装载机350|light] 位置(-131.0,37.2) 容量350kWh 剩余42% | α=6→6min/% τ=237min → 需137.1kWh(充22.2min)
[charge_scheduler-1] [INFO] [1785323244.081904034] [charge_scheduler]:   车#24 [重型叉车|heavy→降级] 位置(-51.3,5.9) 容量200kWh 剩余25% | α=3→6min/% τ=112min → 需113.4kWh(充18.3min)
[charge_scheduler-1] [INFO] [1785323244.081914709] [charge_scheduler]:   车#25 [电动装载机282|light] 位置(-62.2,-10.7) 容量282kWh 剩余55% | α=6→6min/% τ=280min → 需72.7kWh(充11.8min)
[charge_scheduler-1] [INFO] [1785323244.081940999] [charge_scheduler]:   车#26 [电动装载机350|light] 位置(-116.0,60.4) 容量350kWh 剩余30% | α=6→6min/% τ=160min → 需180.4kWh(充29.2min)
[charge_scheduler-1] [INFO] [1785323244.081948348] [charge_scheduler]:   车#27 [重型叉车|heavy→降级] 位置(-90.4,60.5) 容量200kWh 剩余68% | α=3→6min/% τ=250min → 需24.7kWh(充4.0min)
[charge_scheduler-1] [INFO] [1785323244.081957538] [charge_scheduler]:   车#28 [电动装载机282|light] 位置(-85.5,-46.0) 容量282kWh 剩余20% | α=6→6min/% τ=84min → 需174.4kWh(充28.2min)
[charge_scheduler-1] [INFO] [1785323244.081969842] [charge_scheduler]:   车#29 [电动装载机350|light] 位置(-87.0,-36.6) 容量350kWh 剩余36% | α=6→6min/% τ=198min → 需158.8kWh(充25.7min)
[charge_scheduler-1] [INFO] [1785323244.092656799] [charge_scheduler]: [Scheduler] 闭环接口: threshold=10.0min | event_sim=on | policy=fixed | structured_feedback=optional (/task_planner/execution_event)
[charge_scheduler-1] [INFO] [1785323244.092714966] [charge_scheduler]: [Scheduler] 已启动, 等待地图...
[charge_scheduler-1] [INFO] [1785323244.157382481] [charge_scheduler]: [Scheduler] RoutingGraph 就绪
[charge_scheduler-1] [INFO] [1785323244.157822776] [charge_scheduler]: [Scheduler] 提取到 6 条虚线捷径
[charge_scheduler-1] [INFO] [1785323244.172854072] [charge_scheduler]: [Scheduler] 下层兼容增强图: 166 节点, 6 条虚线掉头边
[charge_scheduler-1] [INFO] [1785323251.860537917] [charge_scheduler]: [Scheduler] 距离矩阵完成 31x31, 7687.6 ms | 模式=maneuver | 真实不可达=0 抽象不可达=0 | 缺少对向投影节点=0
[charge_scheduler-1] [INFO] [1785323251.860660938] [charge_scheduler]:   ✓ 比值自检：930 个 OD 满足 机动/直线≥1 | 均值=2.97 最大=42.81 (车#15→车#21)
[charge_scheduler-1] [INFO] [1785323251.860677024] [charge_scheduler]: [Scheduler] 地图就绪, 166 条 lanelet（与下层一致）
[charge_scheduler-1] [INFO] [1785323251.860748472] [charge_scheduler]: ======== 开始VRPTW调度 30 辆车 ========
[charge_scheduler-1] [INFO] [1785323251.860759426] [charge_scheduler]:   规模30>8 → 启发式(alns)
[charge_scheduler-1] [INFO] [1785323304.483251935] [charge_scheduler]: [ALNS] objective_order=Nlate,Tover,Ctotal seed=7 iters=15000 | N_late=3(成功率90.0%) T_overtime=207.9min C_total=5693.5m | 趟数=11 makespan=385.6min
[charge_scheduler-1] [INFO] [1785323304.483319822] [charge_scheduler]:   求解耗时 52622.6 ms
[charge_scheduler-1] [INFO] [1785323304.483337110] [charge_scheduler]: ════════ 调度结果 ════════
[charge_scheduler-1] [INFO] [1785323304.483342457] [charge_scheduler]:   ★目标(字典序): objective_order=Nlate,Tover,Ctotal | N_late=3 辆 (按时成功率 27/30 = 90.0%)  T_overtime=207.9min  C_total=5693.5m
[charge_scheduler-1] [INFO] [1785323304.483349647] [charge_scheduler]:   附: 趟数=11 | makespan=385.6min | 能量可行=是
[charge_scheduler-1] [INFO] [1785323304.483366898] [charge_scheduler]:   [充电车3] 趟1: 站 → 车#8(到4.0/限196.0✓) → 车#22(到16.7/限61.6✓) → 车#7(到49.3/限64.0✓) → 车#1(到74.6/限96.0✓) → 站
[charge_scheduler-1] [INFO] [1785323304.483375186] [charge_scheduler]:   [充电车2] 趟2: 站 → 车#4(到1.4/限212.0✓) → 车#15(到11.5/限44.8✓) → 车#28(到36.6/限84.0✓) → 车#13(到69.0/限128.8✓) → 站
[charge_scheduler-1] [INFO] [1785323304.483382713] [charge_scheduler]:   [充电车1] 趟3: 站 → 车#12(到2.3/限230.4✓) → 车#21(到11.8/限240.0✓) → 车#3(到19.2/限32.0✓) → 车#11(到43.7/限83.2✓) → 车#18(到84.8/限102.4✓) → 站
[charge_scheduler-1] [INFO] [1785323304.483428875] [charge_scheduler]:   [充电车1] 趟4: 站 → 车#5(到124.8/限128.0✓) → 车#20(到169.4/限179.2✓) → 站
[charge_scheduler-1] [INFO] [1785323304.483436273] [charge_scheduler]:   [充电车3] 趟5: 站 → 车#24(到111.8/限112.0✓) → 车#26(到138.5/限160.0✓) → 车#16(到184.0/限184.8✓) → 站
[charge_scheduler-1] [INFO] [1785323304.483442837] [charge_scheduler]:   [充电车2] 趟6: 站 → 车#9(到115.4/限116.0✓) → 车#0(到152.1/限168.0✓) → 车#19(到188.9/限240.8✓) → 站
[charge_scheduler-1] [INFO] [1785323304.483448648] [charge_scheduler]:   [充电车1] 趟7: 站 → 车#6(到226.5/限176.0✗超时) → 车#25(到271.7/限280.0✓) → 站
[charge_scheduler-1] [INFO] [1785323304.483454372] [charge_scheduler]:   [充电车2] 趟8: 站 → 车#23(到234.6/限236.8✓) → 车#2(到281.1/限288.0✓) → 站
[charge_scheduler-1] [INFO] [1785323304.483459335] [charge_scheduler]:   [充电车1] 趟9: 站 → 车#29(到319.5/限198.4✗超时) → 站
[charge_scheduler-1] [INFO] [1785323304.483464912] [charge_scheduler]:   [充电车2] 趟10: 站 → 车#17(到339.1/限339.2✓) → 站
[charge_scheduler-1] [INFO] [1785323304.483471096] [charge_scheduler]:   [充电车3] 趟11: 站 → 车#27(到234.1/限249.6✓) → 车#10(到260.4/限224.0✗超时) → 车#14(到298.2/限300.8✓) → 站
[charge_scheduler-1] [INFO] [1785323304.483475305] [charge_scheduler]: ════════════════════════
[charge_scheduler-1] [INFO] [1785323304.483543070] [charge_scheduler]: [扰动清单] type=station delay=30.0min targets={} station={C2-S1,C3-S1,}
[charge_scheduler-1] [INFO] [1785323304.483562870] [charge_scheduler]: [执行事件] loop=open plan_v=0 C1 type=target_service target=12 station_ord=0 planned_finish=8.58 actual_finish=8.58 dev=+0.00 injected=0.0
[charge_scheduler-1] [INFO] [1785323304.483572126] [charge_scheduler]: [执行事件] loop=open plan_v=0 C2 type=target_service target=4 station_ord=0 planned_finish=11.04 actual_finish=11.04 dev=+0.00 injected=0.0
[charge_scheduler-1] [INFO] [1785323304.483579690] [charge_scheduler]: [执行事件] loop=open plan_v=0 C3 type=target_service target=8 station_ord=0 planned_finish=16.35 actual_finish=16.35 dev=+0.00 injected=0.0
[charge_scheduler-1] [INFO] [1785323304.483589210] [charge_scheduler]: [执行事件] loop=open plan_v=0 C1 type=target_service target=21 station_ord=0 planned_finish=18.07 actual_finish=18.07 dev=+0.00 injected=0.0
[charge_scheduler-1] [INFO] [1785323304.483595515] [charge_scheduler]: [执行事件] loop=open plan_v=0 C2 type=target_service target=15 station_ord=0 planned_finish=34.81 actual_finish=34.81 dev=+0.00 injected=0.0
[charge_scheduler-1] [INFO] [1785323304.483601499] [charge_scheduler]: [执行事件] loop=open plan_v=0 C1 type=target_service target=3 station_ord=0 planned_finish=43.54 actual_finish=43.54 dev=+0.00 injected=0.0
[charge_scheduler-1] [INFO] [1785323304.483607616] [charge_scheduler]: [执行事件] loop=open plan_v=0 C3 type=target_service target=22 station_ord=0 planned_finish=48.17 actual_finish=48.17 dev=+0.00 injected=0.0
[charge_scheduler-1] [INFO] [1785323304.483613791] [charge_scheduler]: [执行事件] loop=open plan_v=0 C2 type=target_service target=28 station_ord=0 planned_finish=67.89 actual_finish=67.89 dev=+0.00 injected=0.0
[charge_scheduler-1] [INFO] [1785323304.483622236] [charge_scheduler]: [执行事件] loop=open plan_v=0 C3 type=target_service target=7 station_ord=0 planned_finish=73.54 actual_finish=73.54 dev=+0.00 injected=0.0
[charge_scheduler-1] [INFO] [1785323304.483628169] [charge_scheduler]: [执行事件] loop=open plan_v=0 C1 type=target_service target=11 station_ord=0 planned_finish=83.81 actual_finish=83.81 dev=+0.00 injected=0.0
[charge_scheduler-1] [INFO] [1785323304.483633886] [charge_scheduler]: [执行事件] loop=open plan_v=0 C3 type=target_service target=1 station_ord=0 planned_finish=98.51 actual_finish=98.51 dev=+0.00 injected=0.0
[charge_scheduler-1] [INFO] [1785323304.483640619] [charge_scheduler]: [执行事件] loop=open plan_v=0 C2 type=target_service target=13 station_ord=0 planned_finish=99.25 actual_finish=99.25 dev=+0.00 injected=0.0
[charge_scheduler-1] [INFO] [1785323304.483646878] [charge_scheduler]: [执行事件] loop=open plan_v=0 C1 type=target_service target=18 station_ord=0 planned_finish=108.84 actual_finish=108.84 dev=+0.00 injected=0.0
[charge_scheduler-1] [INFO] [1785323304.483656822] [charge_scheduler]: [执行事件] loop=open plan_v=0 C1 type=station_turnaround target=-1 station_ord=1 planned_finish=121.65 actual_finish=121.65 dev=+0.00 injected=0.0
[charge_scheduler-1] [INFO] [1785323304.483663080] [charge_scheduler]: [执行事件] loop=open plan_v=0 C3 type=station_turnaround target=-1 station_ord=1 planned_finish=110.93 actual_finish=140.93 dev=+30.00 injected=30.0
[charge_scheduler-1] [INFO] [1785323304.483669496] [charge_scheduler]: [执行事件] loop=open plan_v=0 C2 type=station_turnaround target=-1 station_ord=1 planned_finish=113.25 actual_finish=143.25 dev=+30.00 injected=30.0
[charge_scheduler-1] [INFO] [1785323304.483675787] [charge_scheduler]: [执行事件] loop=open plan_v=0 C3 type=target_service target=24 station_ord=0 planned_finish=136.74 actual_finish=166.75 dev=+30.01 injected=0.0
[charge_scheduler-1] [INFO] [1785323304.483682000] [charge_scheduler]: [执行事件] loop=open plan_v=0 C1 type=target_service target=5 station_ord=0 planned_finish=168.28 actual_finish=168.28 dev=+0.00 injected=0.0
[charge_scheduler-1] [INFO] [1785323304.483688271] [charge_scheduler]: [执行事件] loop=open plan_v=0 C2 type=target_service target=9 station_ord=0 planned_finish=150.63 actual_finish=180.68 dev=+30.05 injected=0.0
[charge_scheduler-1] [INFO] [1785323304.483695051] [charge_scheduler]: [执行事件] loop=open plan_v=0 C1 type=target_service target=20 station_ord=0 planned_finish=212.27 actual_finish=212.27 dev=+0.00 injected=0.0
[charge_scheduler-1] [INFO] [1785323304.483701604] [charge_scheduler]: [执行事件] loop=open plan_v=0 C3 type=target_service target=26 station_ord=0 planned_finish=180.32 actual_finish=212.29 dev=+31.97 injected=0.0
[charge_scheduler-1] [INFO] [1785323304.483723447] [charge_scheduler]: [执行事件] loop=open plan_v=0 C2 type=target_service target=0 station_ord=0 planned_finish=186.06 actual_finish=217.44 dev=+31.38 injected=0.0
[charge_scheduler-1] [INFO] [1785323304.483730282] [charge_scheduler]: [执行事件] loop=open plan_v=0 C1 type=station_turnaround target=-1 station_ord=2 planned_finish=223.67 actual_finish=223.67 dev=+0.00 injected=0.0
[charge_scheduler-1] [INFO] [1785323304.483737136] [charge_scheduler]: [执行事件] loop=open plan_v=0 C3 type=target_service target=16 station_ord=0 planned_finish=219.21 actual_finish=251.25 dev=+32.03 injected=0.0
[charge_scheduler-1] [INFO] [1785323304.483744532] [charge_scheduler]: [执行事件] loop=open plan_v=0 C2 type=target_service target=19 station_ord=0 planned_finish=219.83 actual_finish=253.84 dev=+34.01 injected=0.0
[charge_scheduler-1] [INFO] [1785323304.483751427] [charge_scheduler]: [执行事件] loop=open plan_v=0 C3 type=station_turnaround target=-1 station_ord=2 planned_finish=231.93 actual_finish=263.96 dev=+32.03 injected=0.0
[charge_scheduler-1] [INFO] [1785323304.483758242] [charge_scheduler]: [执行事件] loop=open plan_v=0 C2 type=station_turnaround target=-1 station_ord=2 planned_finish=232.03 actual_finish=266.04 dev=+34.01 injected=0.0
[charge_scheduler-1] [INFO] [1785323304.483765441] [charge_scheduler]: [执行事件] loop=open plan_v=0 C1 type=target_service target=6 station_ord=0 planned_finish=270.23 actual_finish=270.23 dev=+0.00 injected=0.0
[charge_scheduler-1] [INFO] [1785323304.483772053] [charge_scheduler]: [执行事件] loop=open plan_v=0 C3 type=target_service target=27 station_ord=0 planned_finish=258.26 actual_finish=291.10 dev=+32.84 injected=0.0
[charge_scheduler-1] [INFO] [1785323304.483779009] [charge_scheduler]: [执行事件] loop=open plan_v=0 C1 type=target_service target=25 station_ord=0 planned_finish=306.31 actual_finish=306.31 dev=+0.00 injected=0.0
[charge_scheduler-1] [INFO] [1785323304.483785697] [charge_scheduler]: [执行事件] loop=open plan_v=0 C2 type=target_service target=23 station_ord=0 planned_finish=278.11 actual_finish=312.32 dev=+34.22 injected=0.0
[charge_scheduler-1] [INFO] [1785323304.483792399] [charge_scheduler]: [执行事件] loop=open plan_v=0 C1 type=station_turnaround target=-1 station_ord=3 planned_finish=317.58 actual_finish=317.58 dev=+0.00 injected=0.0
[charge_scheduler-1] [INFO] [1785323304.483798903] [charge_scheduler]: [执行事件] loop=open plan_v=0 C3 type=target_service target=10 station_ord=0 planned_finish=295.64 actual_finish=328.48 dev=+32.84 injected=0.0
[charge_scheduler-1] [INFO] [1785323304.483807990] [charge_scheduler]: [执行事件] loop=open plan_v=0 C2 type=target_service target=2 station_ord=0 planned_finish=324.23 actual_finish=359.07 dev=+34.85 injected=0.0
[charge_scheduler-1] [INFO] [1785323304.483815006] [charge_scheduler]: [执行事件] loop=open plan_v=0 C1 type=target_service target=29 station_ord=0 planned_finish=363.23 actual_finish=363.23 dev=+0.00 injected=0.0
[charge_scheduler-1] [INFO] [1785323304.483821483] [charge_scheduler]: [执行事件] loop=open plan_v=0 C1 type=final_return target=-1 station_ord=0 planned_finish=365.41 actual_finish=365.41 dev=+0.00 injected=0.0
[charge_scheduler-1] [INFO] [1785323304.483827790] [charge_scheduler]: [执行事件] loop=open plan_v=0 C2 type=station_turnaround target=-1 station_ord=3 planned_finish=336.15 actual_finish=371.00 dev=+34.85 injected=0.0
[charge_scheduler-1] [INFO] [1785323304.483834505] [charge_scheduler]: [执行事件] loop=open plan_v=0 C3 type=target_service target=14 station_ord=0 planned_finish=341.68 actual_finish=374.76 dev=+33.08 injected=0.0
[charge_scheduler-1] [INFO] [1785323304.483841325] [charge_scheduler]: [执行事件] loop=open plan_v=0 C3 type=final_return target=-1 station_ord=0 planned_finish=345.44 actual_finish=378.53 dev=+33.08 injected=0.0
[charge_scheduler-1] [INFO] [1785323304.483847759] [charge_scheduler]: [执行事件] loop=open plan_v=0 C2 type=target_service target=17 station_ord=0 planned_finish=382.79 actual_finish=417.65 dev=+34.86 injected=0.0
[charge_scheduler-1] [INFO] [1785323304.483854390] [charge_scheduler]: [执行事件] loop=open plan_v=0 C2 type=final_return target=-1 station_ord=0 planned_finish=385.59 actual_finish=420.45 dev=+34.86 injected=0.0
[charge_scheduler-1] [INFO] [1785323304.483870638] [charge_scheduler]: [执行事件] loop=fixed plan_v=0 C1 type=target_service target=12 station_ord=0 planned_finish=8.58 actual_finish=8.58 dev=+0.00 injected=0.0
[charge_scheduler-1] [INFO] [1785323304.483877655] [charge_scheduler]: [执行事件] loop=fixed plan_v=0 C2 type=target_service target=4 station_ord=0 planned_finish=11.04 actual_finish=11.04 dev=+0.00 injected=0.0
[charge_scheduler-1] [INFO] [1785323304.483884632] [charge_scheduler]: [执行事件] loop=fixed plan_v=0 C3 type=target_service target=8 station_ord=0 planned_finish=16.35 actual_finish=16.35 dev=+0.00 injected=0.0
[charge_scheduler-1] [INFO] [1785323304.483891291] [charge_scheduler]: [执行事件] loop=fixed plan_v=0 C1 type=target_service target=21 station_ord=0 planned_finish=18.07 actual_finish=18.07 dev=+0.00 injected=0.0
[charge_scheduler-1] [INFO] [1785323304.483898152] [charge_scheduler]: [执行事件] loop=fixed plan_v=0 C2 type=target_service target=15 station_ord=0 planned_finish=34.81 actual_finish=34.81 dev=+0.00 injected=0.0
[charge_scheduler-1] [INFO] [1785323304.483904792] [charge_scheduler]: [执行事件] loop=fixed plan_v=0 C1 type=target_service target=3 station_ord=0 planned_finish=43.54 actual_finish=43.54 dev=+0.00 injected=0.0
[charge_scheduler-1] [INFO] [1785323304.483912707] [charge_scheduler]: [执行事件] loop=fixed plan_v=0 C3 type=target_service target=22 station_ord=0 planned_finish=48.17 actual_finish=48.17 dev=+0.00 injected=0.0
[charge_scheduler-1] [INFO] [1785323304.483919557] [charge_scheduler]: [执行事件] loop=fixed plan_v=0 C2 type=target_service target=28 station_ord=0 planned_finish=67.89 actual_finish=67.89 dev=+0.00 injected=0.0
[charge_scheduler-1] [INFO] [1785323304.483926411] [charge_scheduler]: [执行事件] loop=fixed plan_v=0 C3 type=target_service target=7 station_ord=0 planned_finish=73.54 actual_finish=73.54 dev=+0.00 injected=0.0
[charge_scheduler-1] [INFO] [1785323304.483933129] [charge_scheduler]: [执行事件] loop=fixed plan_v=0 C1 type=target_service target=11 station_ord=0 planned_finish=83.81 actual_finish=83.81 dev=+0.00 injected=0.0
[charge_scheduler-1] [INFO] [1785323304.483940840] [charge_scheduler]: [执行事件] loop=fixed plan_v=0 C3 type=target_service target=1 station_ord=0 planned_finish=98.51 actual_finish=98.51 dev=+0.00 injected=0.0
[charge_scheduler-1] [INFO] [1785323304.483947581] [charge_scheduler]: [执行事件] loop=fixed plan_v=0 C2 type=target_service target=13 station_ord=0 planned_finish=99.25 actual_finish=99.25 dev=+0.00 injected=0.0
[charge_scheduler-1] [INFO] [1785323304.483954254] [charge_scheduler]: [执行事件] loop=fixed plan_v=0 C1 type=target_service target=18 station_ord=0 planned_finish=108.84 actual_finish=108.84 dev=+0.00 injected=0.0
[charge_scheduler-1] [INFO] [1785323304.483963265] [charge_scheduler]: [执行事件] loop=fixed plan_v=0 C1 type=station_turnaround target=-1 station_ord=1 planned_finish=121.65 actual_finish=121.65 dev=+0.00 injected=0.0
[charge_scheduler-1] [INFO] [1785323304.483970337] [charge_scheduler]: [执行事件] loop=fixed plan_v=0 C3 type=station_turnaround target=-1 station_ord=1 planned_finish=110.93 actual_finish=140.93 dev=+30.00 injected=30.0
[charge_scheduler-1] [WARN] [1785323305.250464545] [charge_scheduler]: [重调度事件] policy=fixed #1 t=140.93min trigger=C3/station_turnaround dev=+30.00 pool=16 committed=1 plan_v=1 solve_ms=766.4 changed_assign=0 changed_order=13
[charge_scheduler-1] [INFO] [1785323305.250520278] [charge_scheduler]: [执行事件] loop=fixed plan_v=0 C2 type=station_turnaround target=-1 station_ord=1 planned_finish=113.25 actual_finish=143.25 dev=+30.00 injected=30.0
[charge_scheduler-1] [WARN] [1785323305.926288873] [charge_scheduler]: [重调度事件] policy=fixed #2 t=143.25min trigger=C2/station_turnaround dev=+30.00 pool=15 committed=2 plan_v=2 solve_ms=675.7 changed_assign=0 changed_order=0
[charge_scheduler-1] [INFO] [1785323305.926348565] [charge_scheduler]: [执行事件] loop=fixed plan_v=1 C3 type=target_service target=24 station_ord=0 planned_finish=166.75 actual_finish=166.75 dev=+0.00 injected=0.0
[charge_scheduler-1] [INFO] [1785323305.926361449] [charge_scheduler]: [执行事件] loop=fixed plan_v=0 C1 type=target_service target=5 station_ord=0 planned_finish=168.28 actual_finish=168.28 dev=+0.00 injected=0.0
[charge_scheduler-1] [INFO] [1785323305.926371246] [charge_scheduler]: [执行事件] loop=fixed plan_v=2 C2 type=target_service target=9 station_ord=0 planned_finish=180.68 actual_finish=180.68 dev=+0.00 injected=0.0
[charge_scheduler-1] [INFO] [1785323305.926379764] [charge_scheduler]: [执行事件] loop=fixed plan_v=2 C1 type=target_service target=20 station_ord=0 planned_finish=212.27 actual_finish=212.27 dev=+0.00 injected=0.0
[charge_scheduler-1] [INFO] [1785323305.926389993] [charge_scheduler]: [执行事件] loop=fixed plan_v=2 C3 type=target_service target=26 station_ord=0 planned_finish=212.29 actual_finish=212.29 dev=+0.00 injected=0.0
[charge_scheduler-1] [INFO] [1785323305.926398581] [charge_scheduler]: [执行事件] loop=fixed plan_v=2 C2 type=target_service target=0 station_ord=0 planned_finish=217.44 actual_finish=217.44 dev=+0.00 injected=0.0
[charge_scheduler-1] [INFO] [1785323305.926407139] [charge_scheduler]: [执行事件] loop=fixed plan_v=2 C1 type=station_turnaround target=-1 station_ord=2 planned_finish=223.67 actual_finish=223.67 dev=+0.00 injected=0.0
[charge_scheduler-1] [INFO] [1785323305.926415512] [charge_scheduler]: [执行事件] loop=fixed plan_v=2 C2 type=station_turnaround target=-1 station_ord=2 planned_finish=228.29 actual_finish=228.29 dev=+0.00 injected=0.0
[charge_scheduler-1] [INFO] [1785323305.926423307] [charge_scheduler]: [执行事件] loop=fixed plan_v=2 C3 type=target_service target=10 station_ord=0 planned_finish=248.43 actual_finish=248.43 dev=+0.00 injected=0.0
[charge_scheduler-1] [INFO] [1785323305.926431077] [charge_scheduler]: [执行事件] loop=fixed plan_v=2 C3 type=station_turnaround target=-1 station_ord=2 planned_finish=260.08 actual_finish=260.08 dev=+0.00 injected=0.0
[charge_scheduler-1] [INFO] [1785323305.926438914] [charge_scheduler]: [执行事件] loop=fixed plan_v=2 C1 type=target_service target=6 station_ord=0 planned_finish=270.23 actual_finish=270.23 dev=+0.00 injected=0.0
[charge_scheduler-1] [INFO] [1785323305.926447019] [charge_scheduler]: [执行事件] loop=fixed plan_v=2 C2 type=target_service target=23 station_ord=0 planned_finish=274.03 actual_finish=274.03 dev=+0.00 injected=0.0
[charge_scheduler-1] [INFO] [1785323305.926455019] [charge_scheduler]: [执行事件] loop=fixed plan_v=2 C3 type=target_service target=27 station_ord=0 planned_finish=287.22 actual_finish=287.22 dev=+0.00 injected=0.0
[charge_scheduler-1] [INFO] [1785323305.926463040] [charge_scheduler]: [执行事件] loop=fixed plan_v=2 C1 type=target_service target=25 station_ord=0 planned_finish=306.31 actual_finish=306.31 dev=+0.00 injected=0.0
[charge_scheduler-1] [INFO] [1785323305.926471251] [charge_scheduler]: [执行事件] loop=fixed plan_v=2 C2 type=target_service target=19 station_ord=0 planned_finish=310.27 actual_finish=310.27 dev=+0.00 injected=0.0
[charge_scheduler-1] [INFO] [1785323305.926479108] [charge_scheduler]: [执行事件] loop=fixed plan_v=2 C1 type=station_turnaround target=-1 station_ord=3 planned_finish=317.58 actual_finish=317.58 dev=+0.00 injected=0.0
[charge_scheduler-1] [INFO] [1785323305.926517971] [charge_scheduler]: [执行事件] loop=fixed plan_v=2 C2 type=station_turnaround target=-1 station_ord=3 planned_finish=322.47 actual_finish=322.47 dev=+0.00 injected=0.0
[charge_scheduler-1] [INFO] [1785323305.926526605] [charge_scheduler]: [执行事件] loop=fixed plan_v=2 C3 type=target_service target=14 station_ord=0 planned_finish=333.13 actual_finish=333.13 dev=+0.00 injected=0.0
[charge_scheduler-1] [INFO] [1785323305.926534565] [charge_scheduler]: [执行事件] loop=fixed plan_v=2 C1 type=target_service target=29 station_ord=0 planned_finish=363.23 actual_finish=363.23 dev=+0.00 injected=0.0
[charge_scheduler-1] [INFO] [1785323305.926542395] [charge_scheduler]: [执行事件] loop=fixed plan_v=2 C1 type=final_return target=-1 station_ord=0 planned_finish=365.41 actual_finish=365.41 dev=+0.00 injected=0.0
[charge_scheduler-1] [INFO] [1785323305.926550416] [charge_scheduler]: [执行事件] loop=fixed plan_v=2 C2 type=target_service target=2 station_ord=0 planned_finish=368.26 actual_finish=368.26 dev=+0.00 injected=0.0
[charge_scheduler-1] [INFO] [1785323305.926558356] [charge_scheduler]: [执行事件] loop=fixed plan_v=2 C3 type=target_service target=16 station_ord=0 planned_finish=372.61 actual_finish=372.61 dev=+0.00 injected=0.0
[charge_scheduler-1] [INFO] [1785323305.926566008] [charge_scheduler]: [执行事件] loop=fixed plan_v=2 C3 type=final_return target=-1 station_ord=0 planned_finish=375.33 actual_finish=375.33 dev=+0.00 injected=0.0
[charge_scheduler-1] [INFO] [1785323305.926576989] [charge_scheduler]: [执行事件] loop=fixed plan_v=2 C2 type=target_service target=17 station_ord=0 planned_finish=413.34 actual_finish=413.34 dev=+0.00 injected=0.0
[charge_scheduler-1] [INFO] [1785323305.926583813] [charge_scheduler]: [执行事件] loop=fixed plan_v=2 C2 type=final_return target=-1 station_ord=0 planned_finish=416.13 actual_finish=416.13 dev=+0.00 injected=0.0
[charge_scheduler-1] [INFO] [1785323305.926600157] [charge_scheduler]: ★闭环实验结果 mode=open M=30 K=3 disturbance=station delay=30.0 seed=7 N_late=13 T_overtime=494.406 C_total=5693.504 makespan=420.445 served=30 energy_viol=6 reschedules=0 reschedule_ms=0.000 changed_assign=0 changed_order=0 applied_target=0 applied_station=2 initial_solve_ms=52622.560 objective_order=Nlate,Tover,Ctotal
[charge_scheduler-1] [INFO] [1785323305.926617860] [charge_scheduler]: ★闭环实验结果 mode=fixed M=30 K=3 disturbance=station delay=30.0 seed=7 N_late=11 T_overtime=519.761 C_total=5233.506 makespan=416.128 served=30 energy_viol=0 reschedules=2 reschedule_ms=1442.133 changed_assign=0 changed_order=13 applied_target=0 applied_station=2 initial_solve_ms=52622.560 objective_order=Nlate,Tover,Ctotal
[charge_scheduler-1] [INFO] [1785323305.926627700] [charge_scheduler]: ★闭环实验收益 policy=fixed M=30 K=3 disturbance=station delay=30.0 seed=7 recovered_late=2 overtime_reduction=-25.355 distance_delta=-459.998 makespan_reduction=4.318
