[INFO] [launch]: All log files can be found below /root/.ros/log/2026-07-29-11-04-15-758489-YYYY-27609
[INFO] [launch]: Default logging verbosity is set to INFO
[INFO] [charge_scheduler-1]: process started with pid [27611]
[charge_scheduler-1] [INFO] [1785323055.905466694] [charge_scheduler]: [目标顺序] objective_order=Nlate,Tover,Ctotal
[charge_scheduler-1] [INFO] [1785323055.907030776] [charge_scheduler]: [Scheduler] 30辆车 | 电池800.0kWh(20%=160.0 80%=640.0) | 充电360kW效率97% | 行驶0.6kWh/km | 桩350kW
[charge_scheduler-1] [INFO] [1785323055.907066994] [charge_scheduler]: [Scheduler] 站端周转: 换电 10 min(换后满电) | 单趟可用 640 kWh
[charge_scheduler-1] [INFO] [1785323055.907076063] [charge_scheduler]:   车#0 [电动装载机282|light] 位置(-47.3,-2.6) 容量282kWh 剩余35% | α=6→6min/% τ=168min → 需130.8kWh(充21.2min)
[charge_scheduler-1] [INFO] [1785323055.907089455] [charge_scheduler]:   车#1 [重型叉车|light] 位置(-44.0,-64.1) 容量200kWh 剩余20% | α=6→6min/% τ=96min → 需123.7kWh(充20.0min)
[charge_scheduler-1] [INFO] [1785323055.907101934] [charge_scheduler]:   车#2 [电动装载机350|light] 位置(-51.1,-38.8) 容量350kWh 剩余50% | α=6→6min/% τ=288min → 需108.2kWh(充17.5min)
[charge_scheduler-1] [INFO] [1785323055.907114115] [charge_scheduler]:   车#3 [重型叉车|light] 位置(-71.0,-19.0) 容量200kWh 剩余10% | α=6→6min/% τ=32min → 需144.3kWh(充23.3min)
[charge_scheduler-1] [INFO] [1785323055.907126280] [charge_scheduler]:   车#4 [电动装载机282|heavy→降级] 位置(-93.3,6.6) 容量282kWh 剩余60% | α=3→6min/% τ=212min → 需58.1kWh(充9.4min)
[charge_scheduler-1] [INFO] [1785323055.907137425] [charge_scheduler]:   车#5 [电动装载机350|light] 位置(-104.4,47.7) 容量350kWh 剩余25% | α=6→6min/% τ=128min → 需198.5kWh(充32.1min)
[charge_scheduler-1] [INFO] [1785323055.907144952] [charge_scheduler]:   车#6 [电动装载机350|heavy→降级] 位置(-37.0,-75.1) 容量350kWh 剩余40% | α=4→6min/% τ=176min → 需144.3kWh(充23.3min)
[charge_scheduler-1] [INFO] [1785323055.907153512] [charge_scheduler]:   车#7 [重型叉车|light] 位置(-88.8,-37.1) 容量200kWh 剩余15% | α=6→6min/% τ=64min → 需134.0kWh(充21.7min)
[charge_scheduler-1] [INFO] [1785323055.907165248] [charge_scheduler]:   车#8 [电动装载机282|heavy→降级] 位置(-70.9,27.7) 容量282kWh 剩余55% | α=3→6min/% τ=196min → 需72.7kWh(充11.8min)
[charge_scheduler-1] [INFO] [1785323055.907185285] [charge_scheduler]:   车#9 [电动装载机282|heavy→降级] 位置(-35.4,-47.4) 容量282kWh 剩余30% | α=3→6min/% τ=116min → 需145.4kWh(充23.5min)
[charge_scheduler-1] [INFO] [1785323055.907194675] [charge_scheduler]:   车#10 [电动装载机282|light] 位置(-100.0,-1.0) 容量282kWh 剩余45% | α=6→6min/% τ=224min → 需101.8kWh(充16.4min)
[charge_scheduler-1] [INFO] [1785323055.907201655] [charge_scheduler]:   车#11 [电动装载机350|light] 位置(-72.8,-15.6) 容量350kWh 剩余18% | α=6→6min/% τ=83min → 需223.7kWh(充36.2min)
[charge_scheduler-1] [INFO] [1785323055.907208716] [charge_scheduler]:   车#12 [重型叉车|heavy→降级] 位置(-61.7,-20.7) 容量200kWh 剩余62% | α=3→6min/% τ=230min → 需37.1kWh(充6.0min)
[charge_scheduler-1] [INFO] [1785323055.907215751] [charge_scheduler]:   车#13 [电动装载机282|light] 位置(-133.0,-25.3) 容量282kWh 剩余28% | α=6→6min/% τ=129min → 需151.2kWh(充24.4min)
[charge_scheduler-1] [INFO] [1785323055.907222668] [charge_scheduler]:   车#14 [电动装载机350|light] 位置(-132.0,-8.9) 容量350kWh 剩余52% | α=6→6min/% τ=301min → 需101.0kWh(充16.3min)
[charge_scheduler-1] [INFO] [1785323055.907229601] [charge_scheduler]:   车#15 [重型叉车|light] 位置(-120.0,7.9) 容量200kWh 剩余12% | α=6→6min/% τ=45min → 需140.2kWh(充22.7min)
[charge_scheduler-1] [INFO] [1785323055.907237616] [charge_scheduler]:   车#16 [电动装载机282|light] 位置(-43.8,-82.9) 容量282kWh 剩余38% | α=6→6min/% τ=185min → 需122.1kWh(充19.7min)
[charge_scheduler-1] [INFO] [1785323055.907251054] [charge_scheduler]:   车#17 [电动装载机350|light] 位置(-31.1,-74.7) 容量350kWh 剩余58% | α=6→6min/% τ=339min → 需79.4kWh(充12.8min)
[charge_scheduler-1] [INFO] [1785323055.907258327] [charge_scheduler]:   车#18 [重型叉车|heavy→降级] 位置(-75.4,-68.2) 容量200kWh 剩余22% | α=3→6min/% τ=102min → 需119.6kWh(充19.3min)
[charge_scheduler-1] [INFO] [1785323055.907265595] [charge_scheduler]:   车#19 [电动装载机282|light] 位置(-88.2,47.1) 容量282kWh 剩余48% | α=6→6min/% τ=241min → 需93.0kWh(充15.0min)
[charge_scheduler-1] [INFO] [1785323055.907272485] [charge_scheduler]:   车#20 [电动装载机350|light] 位置(-71.4,16.3) 容量350kWh 剩余33% | α=6→6min/% τ=179min → 需169.6kWh(充27.4min)
[charge_scheduler-1] [INFO] [1785323055.907312453] [charge_scheduler]:   车#21 [重型叉车|heavy→降级] 位置(-122.0,-0.6) 容量200kWh 剩余65% | α=3→6min/% τ=240min → 需30.9kWh(充5.0min)
[charge_scheduler-1] [INFO] [1785323055.907322938] [charge_scheduler]:   车#22 [电动装载机282|light] 位置(-71.6,11.6) 容量282kWh 剩余16% | α=6→6min/% τ=62min → 需186.1kWh(充30.1min)
[charge_scheduler-1] [INFO] [1785323055.907333137] [charge_scheduler]:   车#23 [电动装载机350|light] 位置(-131.0,37.2) 容量350kWh 剩余42% | α=6→6min/% τ=237min → 需137.1kWh(充22.2min)
[charge_scheduler-1] [INFO] [1785323055.907343629] [charge_scheduler]:   车#24 [重型叉车|heavy→降级] 位置(-51.3,5.9) 容量200kWh 剩余25% | α=3→6min/% τ=112min → 需113.4kWh(充18.3min)
[charge_scheduler-1] [INFO] [1785323055.907350814] [charge_scheduler]:   车#25 [电动装载机282|light] 位置(-62.2,-10.7) 容量282kWh 剩余55% | α=6→6min/% τ=280min → 需72.7kWh(充11.8min)
[charge_scheduler-1] [INFO] [1785323055.907357703] [charge_scheduler]:   车#26 [电动装载机350|light] 位置(-116.0,60.4) 容量350kWh 剩余30% | α=6→6min/% τ=160min → 需180.4kWh(充29.2min)
[charge_scheduler-1] [INFO] [1785323055.907364578] [charge_scheduler]:   车#27 [重型叉车|heavy→降级] 位置(-90.4,60.5) 容量200kWh 剩余68% | α=3→6min/% τ=250min → 需24.7kWh(充4.0min)
[charge_scheduler-1] [INFO] [1785323055.907371358] [charge_scheduler]:   车#28 [电动装载机282|light] 位置(-85.5,-46.0) 容量282kWh 剩余20% | α=6→6min/% τ=84min → 需174.4kWh(充28.2min)
[charge_scheduler-1] [INFO] [1785323055.907379784] [charge_scheduler]:   车#29 [电动装载机350|light] 位置(-87.0,-36.6) 容量350kWh 剩余36% | α=6→6min/% τ=198min → 需158.8kWh(充25.7min)
[charge_scheduler-1] [INFO] [1785323055.913702748] [charge_scheduler]: [Scheduler] 闭环接口: threshold=10.0min | event_sim=on | policy=fixed | structured_feedback=optional (/task_planner/execution_event)
[charge_scheduler-1] [INFO] [1785323055.913759901] [charge_scheduler]: [Scheduler] 已启动, 等待地图...
[charge_scheduler-1] [INFO] [1785323055.962421406] [charge_scheduler]: [Scheduler] RoutingGraph 就绪
[charge_scheduler-1] [INFO] [1785323055.963001398] [charge_scheduler]: [Scheduler] 提取到 6 条虚线捷径
[charge_scheduler-1] [INFO] [1785323055.979447542] [charge_scheduler]: [Scheduler] 下层兼容增强图: 166 节点, 6 条虚线掉头边
[charge_scheduler-1] [INFO] [1785323063.496597529] [charge_scheduler]: [Scheduler] 距离矩阵完成 31x31, 7517.1 ms | 模式=maneuver | 真实不可达=0 抽象不可达=0 | 缺少对向投影节点=0
[charge_scheduler-1] [INFO] [1785323063.496666339] [charge_scheduler]:   ✓ 比值自检：930 个 OD 满足 机动/直线≥1 | 均值=2.97 最大=42.81 (车#15→车#21)
[charge_scheduler-1] [INFO] [1785323063.496676670] [charge_scheduler]: [Scheduler] 地图就绪, 166 条 lanelet（与下层一致）
[charge_scheduler-1] [INFO] [1785323063.496763096] [charge_scheduler]: ======== 开始VRPTW调度 30 辆车 ========
[charge_scheduler-1] [INFO] [1785323063.496772858] [charge_scheduler]:   规模30>8 → 启发式(alns)
[charge_scheduler-1] [INFO] [1785323114.113629235] [charge_scheduler]: [ALNS] objective_order=Nlate,Tover,Ctotal seed=4 iters=15000 | N_late=2(成功率93.3%) T_overtime=187.7min C_total=5966.4m | 趟数=11 makespan=383.1min
[charge_scheduler-1] [INFO] [1785323114.113736879] [charge_scheduler]:   求解耗时 50617.0 ms
[charge_scheduler-1] [INFO] [1785323114.113759834] [charge_scheduler]: ════════ 调度结果 ════════
[charge_scheduler-1] [INFO] [1785323114.113775658] [charge_scheduler]:   ★目标(字典序): objective_order=Nlate,Tover,Ctotal | N_late=2 辆 (按时成功率 28/30 = 93.3%)  T_overtime=187.7min  C_total=5966.4m
[charge_scheduler-1] [INFO] [1785323114.113792021] [charge_scheduler]:   附: 趟数=11 | makespan=383.1min | 能量可行=是
[charge_scheduler-1] [INFO] [1785323114.113819023] [charge_scheduler]:   [充电车2] 趟1: 站 → 车#12(到2.3/限230.4✓) → 车#3(到9.7/限32.0✓) → 车#9(到34.4/限116.0✓) → 车#28(到63.9/限84.0✓) → 站
[charge_scheduler-1] [INFO] [1785323114.113839830] [charge_scheduler]:   [充电车1] 趟2: 站 → 车#4(到1.4/限212.0✓) → 车#8(到13.7/限196.0✓) → 车#22(到27.8/限61.6✓) → 车#18(到61.6/限102.4✓) → 车#1(到85.6/限96.0✓) → 站
[charge_scheduler-1] [INFO] [1785323114.113914839] [charge_scheduler]:   [充电车3] 趟3: 站 → 车#27(到2.1/限249.6✓) → 车#21(到8.2/限240.0✓) → 车#7(到15.7/限64.0✓) → 车#15(到40.2/限44.8✓) → 车#11(到67.9/限83.2✓) → 站
[charge_scheduler-1] [INFO] [1785323114.113931441] [charge_scheduler]:   [充电车1] 趟4: 站 → 车#5(到125.6/限128.0✓) → 车#20(到170.3/限179.2✓) → 站
[charge_scheduler-1] [INFO] [1785323114.113950432] [charge_scheduler]:   [充电车2] 趟5: 站 → 车#24(到110.3/限112.0✓) → 车#26(到137.0/限160.0✓) → 车#16(到182.4/限184.8✓) → 站
[charge_scheduler-1] [INFO] [1785323114.113968671] [charge_scheduler]:   [充电车3] 趟6: 站 → 车#13(到125.6/限128.8✓) → 车#0(到163.8/限168.0✓) → 车#10(到202.2/限224.0✓) → 站
[charge_scheduler-1] [INFO] [1785323114.113984147] [charge_scheduler]:   [充电车1] 趟7: 站 → 车#19(到228.1/限240.8✓) → 车#25(到264.8/限280.0✓) → 站
[charge_scheduler-1] [INFO] [1785323114.113997586] [charge_scheduler]:   [充电车2] 趟8: 站 → 车#23(到232.7/限236.8✓) → 车#2(到279.1/限288.0✓) → 站
[charge_scheduler-1] [INFO] [1785323114.114011598] [charge_scheduler]:   [充电车1] 趟9: 站 → 车#29(到312.0/限198.4✗超时) → 站
[charge_scheduler-1] [INFO] [1785323114.114026192] [charge_scheduler]:   [充电车2] 趟10: 站 → 车#17(到336.8/限339.2✓) → 站
[charge_scheduler-1] [INFO] [1785323114.114042245] [charge_scheduler]:   [充电车3] 趟11: 站 → 车#6(到250.1/限176.0✗超时) → 车#14(到296.4/限300.8✓) → 站
[charge_scheduler-1] [INFO] [1785323114.114053552] [charge_scheduler]: ════════════════════════
[charge_scheduler-1] [INFO] [1785323114.114209341] [charge_scheduler]: [扰动清单] type=station delay=30.0min targets={} station={C1-S1,C2-S1,}
[charge_scheduler-1] [INFO] [1785323114.114270248] [charge_scheduler]: [执行事件] loop=open plan_v=0 C3 type=target_service target=27 station_ord=0 planned_finish=6.36 actual_finish=6.36 dev=+0.00 injected=0.0
[charge_scheduler-1] [INFO] [1785323114.114295816] [charge_scheduler]: [执行事件] loop=open plan_v=0 C2 type=target_service target=12 station_ord=0 planned_finish=8.58 actual_finish=8.58 dev=+0.00 injected=0.0
[charge_scheduler-1] [INFO] [1785323114.114316187] [charge_scheduler]: [执行事件] loop=open plan_v=0 C1 type=target_service target=4 station_ord=0 planned_finish=11.04 actual_finish=11.04 dev=+0.00 injected=0.0
[charge_scheduler-1] [INFO] [1785323114.114337749] [charge_scheduler]: [执行事件] loop=open plan_v=0 C3 type=target_service target=21 station_ord=0 planned_finish=14.00 actual_finish=14.00 dev=+0.00 injected=0.0
[charge_scheduler-1] [INFO] [1785323114.114358648] [charge_scheduler]: [执行事件] loop=open plan_v=0 C1 type=target_service target=8 station_ord=0 planned_finish=27.46 actual_finish=27.46 dev=+0.00 injected=0.0
[charge_scheduler-1] [INFO] [1785323114.114379047] [charge_scheduler]: [执行事件] loop=open plan_v=0 C2 type=target_service target=3 station_ord=0 planned_finish=33.49 actual_finish=33.49 dev=+0.00 injected=0.0
[charge_scheduler-1] [INFO] [1785323114.114400880] [charge_scheduler]: [执行事件] loop=open plan_v=0 C3 type=target_service target=7 station_ord=0 planned_finish=38.22 actual_finish=38.22 dev=+0.00 injected=0.0
[charge_scheduler-1] [INFO] [1785323114.114422587] [charge_scheduler]: [执行事件] loop=open plan_v=0 C1 type=target_service target=22 station_ord=0 planned_finish=60.21 actual_finish=60.21 dev=+0.00 injected=0.0
[charge_scheduler-1] [INFO] [1785323114.114446038] [charge_scheduler]: [执行事件] loop=open plan_v=0 C2 type=target_service target=9 station_ord=0 planned_finish=62.82 actual_finish=62.82 dev=+0.00 injected=0.0
[charge_scheduler-1] [INFO] [1785323114.114467818] [charge_scheduler]: [执行事件] loop=open plan_v=0 C3 type=target_service target=15 station_ord=0 planned_finish=64.99 actual_finish=64.99 dev=+0.00 injected=0.0
[charge_scheduler-1] [INFO] [1785323114.114489570] [charge_scheduler]: [执行事件] loop=open plan_v=0 C1 type=target_service target=18 station_ord=0 planned_finish=84.42 actual_finish=84.42 dev=+0.00 injected=0.0
[charge_scheduler-1] [INFO] [1785323114.114510585] [charge_scheduler]: [执行事件] loop=open plan_v=0 C2 type=target_service target=28 station_ord=0 planned_finish=97.47 actual_finish=97.47 dev=+0.00 injected=0.0
[charge_scheduler-1] [INFO] [1785323114.114535285] [charge_scheduler]: [执行事件] loop=open plan_v=0 C1 type=target_service target=1 station_ord=0 planned_finish=110.04 actual_finish=110.04 dev=+0.00 injected=0.0
[charge_scheduler-1] [INFO] [1785323114.114576871] [charge_scheduler]: [执行事件] loop=open plan_v=0 C3 type=target_service target=11 station_ord=0 planned_finish=110.28 actual_finish=110.28 dev=+0.00 injected=0.0
[charge_scheduler-1] [INFO] [1785323114.114599844] [charge_scheduler]: [执行事件] loop=open plan_v=0 C3 type=station_turnaround target=-1 station_ord=1 planned_finish=122.77 actual_finish=122.77 dev=+0.00 injected=0.0
[charge_scheduler-1] [INFO] [1785323114.114623546] [charge_scheduler]: [执行事件] loop=open plan_v=0 C2 type=station_turnaround target=-1 station_ord=1 planned_finish=109.50 actual_finish=139.50 dev=+30.00 injected=30.0
[charge_scheduler-1] [INFO] [1785323114.114647993] [charge_scheduler]: [执行事件] loop=open plan_v=0 C1 type=station_turnaround target=-1 station_ord=1 planned_finish=122.47 actual_finish=152.47 dev=+30.00 injected=30.0
[charge_scheduler-1] [INFO] [1785323114.114669603] [charge_scheduler]: [执行事件] loop=open plan_v=0 C3 type=target_service target=13 station_ord=0 planned_finish=160.54 actual_finish=160.54 dev=+0.00 injected=0.0
[charge_scheduler-1] [INFO] [1785323114.114690215] [charge_scheduler]: [执行事件] loop=open plan_v=0 C2 type=target_service target=24 station_ord=0 planned_finish=135.23 actual_finish=165.32 dev=+30.09 injected=0.0
[charge_scheduler-1] [INFO] [1785323114.114711484] [charge_scheduler]: [执行事件] loop=open plan_v=0 C3 type=target_service target=0 station_ord=0 planned_finish=198.66 actual_finish=198.66 dev=+0.00 injected=0.0
[charge_scheduler-1] [INFO] [1785323114.114731309] [charge_scheduler]: [执行事件] loop=open plan_v=0 C1 type=target_service target=5 station_ord=0 planned_finish=169.18 actual_finish=199.39 dev=+30.21 injected=0.0
[charge_scheduler-1] [INFO] [1785323114.114752762] [charge_scheduler]: [执行事件] loop=open plan_v=0 C2 type=target_service target=26 station_ord=0 planned_finish=178.68 actual_finish=210.86 dev=+32.18 injected=0.0
[charge_scheduler-1] [INFO] [1785323114.114773977] [charge_scheduler]: [执行事件] loop=open plan_v=0 C3 type=target_service target=10 station_ord=0 planned_finish=235.67 actual_finish=235.67 dev=+0.00 injected=0.0
[charge_scheduler-1] [INFO] [1785323114.114794557] [charge_scheduler]: [执行事件] loop=open plan_v=0 C1 type=target_service target=20 station_ord=0 planned_finish=213.25 actual_finish=244.28 dev=+31.02 injected=0.0
[charge_scheduler-1] [INFO] [1785323114.114816545] [charge_scheduler]: [执行事件] loop=open plan_v=0 C3 type=station_turnaround target=-1 station_ord=2 planned_finish=247.32 actual_finish=247.32 dev=+0.00 injected=0.0
[charge_scheduler-1] [INFO] [1785323114.114836434] [charge_scheduler]: [执行事件] loop=open plan_v=0 C2 type=target_service target=16 station_ord=0 planned_finish=217.43 actual_finish=249.82 dev=+32.38 injected=0.0
[charge_scheduler-1] [INFO] [1785323114.114858090] [charge_scheduler]: [执行事件] loop=open plan_v=0 C1 type=station_turnaround target=-1 station_ord=2 planned_finish=224.65 actual_finish=255.67 dev=+31.02 injected=0.0
[charge_scheduler-1] [INFO] [1785323114.114878979] [charge_scheduler]: [执行事件] loop=open plan_v=0 C2 type=station_turnaround target=-1 station_ord=2 planned_finish=230.15 actual_finish=262.54 dev=+32.38 injected=0.0
[charge_scheduler-1] [INFO] [1785323114.114899470] [charge_scheduler]: [执行事件] loop=open plan_v=0 C3 type=target_service target=6 station_ord=0 planned_finish=293.88 actual_finish=293.88 dev=+0.00 injected=0.0
[charge_scheduler-1] [INFO] [1785323114.114920499] [charge_scheduler]: [执行事件] loop=open plan_v=0 C1 type=target_service target=19 station_ord=0 planned_finish=262.24 actual_finish=294.34 dev=+32.09 injected=0.0
[charge_scheduler-1] [INFO] [1785323114.114942171] [charge_scheduler]: [执行事件] loop=open plan_v=0 C2 type=target_service target=23 station_ord=0 planned_finish=276.06 actual_finish=308.82 dev=+32.76 injected=0.0
[charge_scheduler-1] [INFO] [1785323114.114964300] [charge_scheduler]: [执行事件] loop=open plan_v=0 C1 type=target_service target=25 station_ord=0 planned_finish=298.80 actual_finish=332.17 dev=+33.37 injected=0.0
[charge_scheduler-1] [INFO] [1785323114.114987693] [charge_scheduler]: [执行事件] loop=open plan_v=0 C3 type=target_service target=14 station_ord=0 planned_finish=339.71 actual_finish=339.71 dev=+0.00 injected=0.0
[charge_scheduler-1] [INFO] [1785323114.115008927] [charge_scheduler]: [执行事件] loop=open plan_v=0 C1 type=station_turnaround target=-1 station_ord=3 planned_finish=310.07 actual_finish=343.44 dev=+33.37 injected=0.0
[charge_scheduler-1] [INFO] [1785323114.115040995] [charge_scheduler]: [执行事件] loop=open plan_v=0 C3 type=final_return target=-1 station_ord=0 planned_finish=343.48 actual_finish=343.48 dev=+0.00 injected=0.0
[charge_scheduler-1] [INFO] [1785323114.115062029] [charge_scheduler]: [执行事件] loop=open plan_v=0 C2 type=target_service target=2 station_ord=0 planned_finish=321.99 actual_finish=355.56 dev=+33.57 injected=0.0
[charge_scheduler-1] [INFO] [1785323114.115084281] [charge_scheduler]: [执行事件] loop=open plan_v=0 C2 type=station_turnaround target=-1 station_ord=3 planned_finish=333.92 actual_finish=367.49 dev=+33.57 injected=0.0
[charge_scheduler-1] [INFO] [1785323114.115106637] [charge_scheduler]: [执行事件] loop=open plan_v=0 C1 type=target_service target=29 station_ord=0 planned_finish=355.72 actual_finish=389.09 dev=+33.37 injected=0.0
[charge_scheduler-1] [INFO] [1785323114.115128180] [charge_scheduler]: [执行事件] loop=open plan_v=0 C1 type=final_return target=-1 station_ord=0 planned_finish=357.90 actual_finish=391.27 dev=+33.37 injected=0.0
[charge_scheduler-1] [INFO] [1785323114.115149809] [charge_scheduler]: [执行事件] loop=open plan_v=0 C2 type=target_service target=17 station_ord=0 planned_finish=380.36 actual_finish=414.15 dev=+33.79 injected=0.0
[charge_scheduler-1] [INFO] [1785323114.115171602] [charge_scheduler]: [执行事件] loop=open plan_v=0 C2 type=final_return target=-1 station_ord=0 planned_finish=383.15 actual_finish=416.94 dev=+33.79 injected=0.0
[charge_scheduler-1] [INFO] [1785323114.115225914] [charge_scheduler]: [执行事件] loop=fixed plan_v=0 C3 type=target_service target=27 station_ord=0 planned_finish=6.36 actual_finish=6.36 dev=+0.00 injected=0.0
[charge_scheduler-1] [INFO] [1785323114.115257489] [charge_scheduler]: [执行事件] loop=fixed plan_v=0 C2 type=target_service target=12 station_ord=0 planned_finish=8.58 actual_finish=8.58 dev=+0.00 injected=0.0
[charge_scheduler-1] [INFO] [1785323114.115279318] [charge_scheduler]: [执行事件] loop=fixed plan_v=0 C1 type=target_service target=4 station_ord=0 planned_finish=11.04 actual_finish=11.04 dev=+0.00 injected=0.0
[charge_scheduler-1] [INFO] [1785323114.115301557] [charge_scheduler]: [执行事件] loop=fixed plan_v=0 C3 type=target_service target=21 station_ord=0 planned_finish=14.00 actual_finish=14.00 dev=+0.00 injected=0.0
[charge_scheduler-1] [INFO] [1785323114.115323829] [charge_scheduler]: [执行事件] loop=fixed plan_v=0 C1 type=target_service target=8 station_ord=0 planned_finish=27.46 actual_finish=27.46 dev=+0.00 injected=0.0
[charge_scheduler-1] [INFO] [1785323114.115348470] [charge_scheduler]: [执行事件] loop=fixed plan_v=0 C2 type=target_service target=3 station_ord=0 planned_finish=33.49 actual_finish=33.49 dev=+0.00 injected=0.0
[charge_scheduler-1] [INFO] [1785323114.115376303] [charge_scheduler]: [执行事件] loop=fixed plan_v=0 C3 type=target_service target=7 station_ord=0 planned_finish=38.22 actual_finish=38.22 dev=+0.00 injected=0.0
[charge_scheduler-1] [INFO] [1785323114.115399062] [charge_scheduler]: [执行事件] loop=fixed plan_v=0 C1 type=target_service target=22 station_ord=0 planned_finish=60.21 actual_finish=60.21 dev=+0.00 injected=0.0
[charge_scheduler-1] [INFO] [1785323114.115421716] [charge_scheduler]: [执行事件] loop=fixed plan_v=0 C2 type=target_service target=9 station_ord=0 planned_finish=62.82 actual_finish=62.82 dev=+0.00 injected=0.0
[charge_scheduler-1] [INFO] [1785323114.115443800] [charge_scheduler]: [执行事件] loop=fixed plan_v=0 C3 type=target_service target=15 station_ord=0 planned_finish=64.99 actual_finish=64.99 dev=+0.00 injected=0.0
[charge_scheduler-1] [INFO] [1785323114.115466227] [charge_scheduler]: [执行事件] loop=fixed plan_v=0 C1 type=target_service target=18 station_ord=0 planned_finish=84.42 actual_finish=84.42 dev=+0.00 injected=0.0
[charge_scheduler-1] [INFO] [1785323114.115488501] [charge_scheduler]: [执行事件] loop=fixed plan_v=0 C2 type=target_service target=28 station_ord=0 planned_finish=97.47 actual_finish=97.47 dev=+0.00 injected=0.0
[charge_scheduler-1] [INFO] [1785323114.115512726] [charge_scheduler]: [执行事件] loop=fixed plan_v=0 C1 type=target_service target=1 station_ord=0 planned_finish=110.04 actual_finish=110.04 dev=+0.00 injected=0.0
[charge_scheduler-1] [INFO] [1785323114.115549109] [charge_scheduler]: [执行事件] loop=fixed plan_v=0 C3 type=target_service target=11 station_ord=0 planned_finish=110.28 actual_finish=110.28 dev=+0.00 injected=0.0
[charge_scheduler-1] [INFO] [1785323114.115572780] [charge_scheduler]: [执行事件] loop=fixed plan_v=0 C3 type=station_turnaround target=-1 station_ord=1 planned_finish=122.77 actual_finish=122.77 dev=+0.00 injected=0.0
[charge_scheduler-1] [INFO] [1785323114.115597777] [charge_scheduler]: [执行事件] loop=fixed plan_v=0 C2 type=station_turnaround target=-1 station_ord=1 planned_finish=109.50 actual_finish=139.50 dev=+30.00 injected=30.0
[charge_scheduler-1] [WARN] [1785323114.786628837] [charge_scheduler]: [重调度事件] policy=fixed #1 t=139.50min trigger=C2/station_turnaround dev=+30.00 pool=15 committed=1 plan_v=1 solve_ms=671.0 changed_assign=0 changed_order=8
[charge_scheduler-1] [INFO] [1785323114.786685464] [charge_scheduler]: [执行事件] loop=fixed plan_v=0 C1 type=station_turnaround target=-1 station_ord=1 planned_finish=122.47 actual_finish=152.47 dev=+30.00 injected=30.0
[charge_scheduler-1] [WARN] [1785323115.395031064] [charge_scheduler]: [重调度事件] policy=fixed #2 t=152.47min trigger=C1/station_turnaround dev=+30.00 pool=14 committed=2 plan_v=2 solve_ms=608.3 changed_assign=0 changed_order=6
[charge_scheduler-1] [INFO] [1785323115.395096439] [charge_scheduler]: [执行事件] loop=fixed plan_v=0 C3 type=target_service target=13 station_ord=0 planned_finish=160.54 actual_finish=160.54 dev=+0.00 injected=0.0
[charge_scheduler-1] [INFO] [1785323115.395108041] [charge_scheduler]: [执行事件] loop=fixed plan_v=1 C2 type=target_service target=24 station_ord=0 planned_finish=165.32 actual_finish=165.32 dev=+0.00 injected=0.0
[charge_scheduler-1] [INFO] [1785323115.395116343] [charge_scheduler]: [执行事件] loop=fixed plan_v=2 C3 type=target_service target=0 station_ord=0 planned_finish=198.66 actual_finish=198.66 dev=+0.00 injected=0.0
[charge_scheduler-1] [INFO] [1785323115.395124574] [charge_scheduler]: [执行事件] loop=fixed plan_v=2 C1 type=target_service target=5 station_ord=0 planned_finish=199.39 actual_finish=199.39 dev=+0.00 injected=0.0
[charge_scheduler-1] [INFO] [1785323115.395133406] [charge_scheduler]: [执行事件] loop=fixed plan_v=2 C2 type=target_service target=16 station_ord=0 planned_finish=200.94 actual_finish=200.94 dev=+0.00 injected=0.0
[charge_scheduler-1] [INFO] [1785323115.395141508] [charge_scheduler]: [执行事件] loop=fixed plan_v=2 C3 type=target_service target=10 station_ord=0 planned_finish=235.67 actual_finish=235.67 dev=+0.00 injected=0.0
[charge_scheduler-1] [INFO] [1785323115.395150276] [charge_scheduler]: [执行事件] loop=fixed plan_v=2 C1 type=target_service target=20 station_ord=0 planned_finish=244.28 actual_finish=244.28 dev=+0.00 injected=0.0
[charge_scheduler-1] [INFO] [1785323115.395159463] [charge_scheduler]: [执行事件] loop=fixed plan_v=2 C3 type=station_turnaround target=-1 station_ord=2 planned_finish=247.32 actual_finish=247.32 dev=+0.00 injected=0.0
[charge_scheduler-1] [INFO] [1785323115.395168582] [charge_scheduler]: [执行事件] loop=fixed plan_v=2 C2 type=target_service target=26 station_ord=0 planned_finish=247.94 actual_finish=247.94 dev=+0.00 injected=0.0
[charge_scheduler-1] [INFO] [1785323115.395177152] [charge_scheduler]: [执行事件] loop=fixed plan_v=2 C1 type=station_turnaround target=-1 station_ord=2 planned_finish=255.67 actual_finish=255.67 dev=+0.00 injected=0.0
[charge_scheduler-1] [INFO] [1785323115.395185812] [charge_scheduler]: [执行事件] loop=fixed plan_v=2 C2 type=station_turnaround target=-1 station_ord=2 planned_finish=261.24 actual_finish=261.24 dev=+0.00 injected=0.0
[charge_scheduler-1] [INFO] [1785323115.395194674] [charge_scheduler]: [执行事件] loop=fixed plan_v=2 C3 type=target_service target=6 station_ord=0 planned_finish=293.88 actual_finish=293.88 dev=+0.00 injected=0.0
[charge_scheduler-1] [INFO] [1785323115.395205199] [charge_scheduler]: [执行事件] loop=fixed plan_v=2 C1 type=target_service target=19 station_ord=0 planned_finish=294.34 actual_finish=294.34 dev=+0.00 injected=0.0
[charge_scheduler-1] [INFO] [1785323115.395213242] [charge_scheduler]: [执行事件] loop=fixed plan_v=2 C2 type=target_service target=23 station_ord=0 planned_finish=307.52 actual_finish=307.52 dev=+0.00 injected=0.0
[charge_scheduler-1] [INFO] [1785323115.395220998] [charge_scheduler]: [执行事件] loop=fixed plan_v=2 C1 type=target_service target=25 station_ord=0 planned_finish=332.17 actual_finish=332.17 dev=+0.00 injected=0.0
[charge_scheduler-1] [INFO] [1785323115.395318716] [charge_scheduler]: [执行事件] loop=fixed plan_v=2 C3 type=target_service target=14 station_ord=0 planned_finish=339.71 actual_finish=339.71 dev=+0.00 injected=0.0
[charge_scheduler-1] [INFO] [1785323115.395354231] [charge_scheduler]: [执行事件] loop=fixed plan_v=2 C1 type=station_turnaround target=-1 station_ord=3 planned_finish=343.44 actual_finish=343.44 dev=+0.00 injected=0.0
[charge_scheduler-1] [INFO] [1785323115.395370015] [charge_scheduler]: [执行事件] loop=fixed plan_v=2 C3 type=final_return target=-1 station_ord=0 planned_finish=343.48 actual_finish=343.48 dev=+0.00 injected=0.0
[charge_scheduler-1] [INFO] [1785323115.395382511] [charge_scheduler]: [执行事件] loop=fixed plan_v=2 C2 type=target_service target=2 station_ord=0 planned_finish=354.27 actual_finish=354.27 dev=+0.00 injected=0.0
[charge_scheduler-1] [INFO] [1785323115.395394938] [charge_scheduler]: [执行事件] loop=fixed plan_v=2 C2 type=station_turnaround target=-1 station_ord=3 planned_finish=366.20 actual_finish=366.20 dev=+0.00 injected=0.0
[charge_scheduler-1] [INFO] [1785323115.395407553] [charge_scheduler]: [执行事件] loop=fixed plan_v=2 C1 type=target_service target=29 station_ord=0 planned_finish=389.09 actual_finish=389.09 dev=+0.00 injected=0.0
[charge_scheduler-1] [INFO] [1785323115.395419601] [charge_scheduler]: [执行事件] loop=fixed plan_v=2 C1 type=final_return target=-1 station_ord=0 planned_finish=391.27 actual_finish=391.27 dev=+0.00 injected=0.0
[charge_scheduler-1] [INFO] [1785323115.395431844] [charge_scheduler]: [执行事件] loop=fixed plan_v=2 C2 type=target_service target=17 station_ord=0 planned_finish=412.85 actual_finish=412.85 dev=+0.00 injected=0.0
[charge_scheduler-1] [INFO] [1785323115.395443515] [charge_scheduler]: [执行事件] loop=fixed plan_v=2 C2 type=final_return target=-1 station_ord=0 planned_finish=415.64 actual_finish=415.64 dev=+0.00 injected=0.0
[charge_scheduler-1] [INFO] [1785323115.395464150] [charge_scheduler]: ★闭环实验结果 mode=open M=30 K=3 disturbance=station delay=30.0 seed=4 N_late=12 T_overtime=453.724 C_total=5966.430 makespan=416.939 served=30 energy_viol=2 reschedules=0 reschedule_ms=0.000 changed_assign=0 changed_order=0 applied_target=0 applied_station=2 initial_solve_ms=50616.962 objective_order=Nlate,Tover,Ctotal
[charge_scheduler-1] [INFO] [1785323115.395483655] [charge_scheduler]: ★闭环实验结果 mode=fixed M=30 K=3 disturbance=station delay=30.0 seed=4 N_late=11 T_overtime=457.157 C_total=5978.844 makespan=415.645 served=30 energy_viol=0 reschedules=2 reschedule_ms=1279.240 changed_assign=0 changed_order=14 applied_target=0 applied_station=2 initial_solve_ms=50616.962 objective_order=Nlate,Tover,Ctotal
[charge_scheduler-1] [INFO] [1785323115.395498721] [charge_scheduler]: ★闭环实验收益 policy=fixed M=30 K=3 disturbance=station delay=30.0 seed=4 recovered_late=1 overtime_reduction=-3.432 distance_delta=12.414 makespan_reduction=1.294
