[RUN_META] map=map2 experiment=E2 objective=OBJ-N method=EUC internal_mode=euclid scale=M20 K=2 seed=10 iters=15000
[RUN_META] case=./cases_map2/charge_scheduler_M20_K2_param.yaml
[INFO] [launch]: All log files can be found below /root/.ros/log/2026-08-08-14-11-04-250042-YYYY-9841
[INFO] [launch]: Default logging verbosity is set to INFO
[INFO] [charge_scheduler-1]: process started with pid [9844]
[charge_scheduler-1] [INFO] [1786198264.380441308] [charge_scheduler]: [目标顺序] objective_order=Nlate,Tover,Ctotal
[charge_scheduler-1] [INFO] [1786198264.381557325] [charge_scheduler]: [Scheduler] 20辆车 | 电池800.0kWh(20%=160.0 80%=640.0) | 充电360kW效率97% | 行驶0.6kWh/km | 桩350kW
[charge_scheduler-1] [INFO] [1786198264.381600503] [charge_scheduler]: [Scheduler] 站端周转: 换电 10 min(换后满电) | 单趟可用 640 kWh
[charge_scheduler-1] [INFO] [1786198264.381613404] [charge_scheduler]:   车#0 [电动装载机282|light] 位置(3865.2,73751.0) 容量282kWh 剩余35% | α=6→6min/% τ=168min → 需130.8kWh(充21.2min)
[charge_scheduler-1] [INFO] [1786198264.381627926] [charge_scheduler]:   车#1 [重型叉车|light] 位置(3785.0,73749.2) 容量200kWh 剩余20% | α=6→6min/% τ=96min → 需123.7kWh(充20.0min)
[charge_scheduler-1] [INFO] [1786198264.381640234] [charge_scheduler]:   车#2 [电动装载机350|light] 位置(3811.5,73799.9) 容量350kWh 剩余50% | α=6→6min/% τ=288min → 需108.2kWh(充17.5min)
[charge_scheduler-1] [INFO] [1786198264.381651793] [charge_scheduler]:   车#3 [重型叉车|light] 位置(3810.8,73773.1) 容量200kWh 剩余10% | α=6→6min/% τ=32min → 需144.3kWh(充23.3min)
[charge_scheduler-1] [INFO] [1786198264.381665234] [charge_scheduler]:   车#4 [电动装载机282|heavy→降级] 位置(3905.0,73793.5) 容量282kWh 剩余60% | α=3→6min/% τ=212min → 需58.1kWh(充9.4min)
[charge_scheduler-1] [INFO] [1786198264.381677493] [charge_scheduler]:   车#5 [电动装载机350|light] 位置(3894.3,73756.9) 容量350kWh 剩余25% | α=6→6min/% τ=128min → 需198.5kWh(充32.1min)
[charge_scheduler-1] [INFO] [1786198264.381689123] [charge_scheduler]:   车#6 [电动装载机350|heavy→降级] 位置(3818.5,73716.2) 容量350kWh 剩余40% | α=4→6min/% τ=176min → 需144.3kWh(充23.3min)
[charge_scheduler-1] [INFO] [1786198264.381700526] [charge_scheduler]:   车#7 [重型叉车|light] 位置(3733.2,73772.4) 容量200kWh 剩余15% | α=6→6min/% τ=64min → 需134.0kWh(充21.7min)
[charge_scheduler-1] [INFO] [1786198264.381711623] [charge_scheduler]:   车#8 [电动装载机282|heavy→降级] 位置(3764.7,73699.0) 容量282kWh 剩余55% | α=3→6min/% τ=196min → 需72.7kWh(充11.8min)
[charge_scheduler-1] [INFO] [1786198264.381724266] [charge_scheduler]:   车#9 [电动装载机282|heavy→降级] 位置(3878.4,73747.9) 容量282kWh 剩余30% | α=3→6min/% τ=116min → 需145.4kWh(充23.5min)
[charge_scheduler-1] [INFO] [1786198264.381738571] [charge_scheduler]:   车#10 [电动装载机282|light] 位置(3740.3,73686.9) 容量282kWh 剩余45% | α=6→6min/% τ=224min → 需101.8kWh(充16.4min)
[charge_scheduler-1] [INFO] [1786198264.381750918] [charge_scheduler]:   车#11 [电动装载机350|light] 位置(3895.4,73811.9) 容量350kWh 剩余18% | α=6→6min/% τ=83min → 需223.7kWh(充36.2min)
[charge_scheduler-1] [INFO] [1786198264.381763685] [charge_scheduler]:   车#12 [重型叉车|heavy→降级] 位置(3876.0,73830.2) 容量200kWh 剩余62% | α=3→6min/% τ=230min → 需37.1kWh(充6.0min)
[charge_scheduler-1] [INFO] [1786198264.381778750] [charge_scheduler]:   车#13 [电动装载机282|light] 位置(3765.9,73790.3) 容量282kWh 剩余28% | α=6→6min/% τ=129min → 需151.2kWh(充24.4min)
[charge_scheduler-1] [INFO] [1786198264.381793353] [charge_scheduler]:   车#14 [电动装载机350|light] 位置(3637.1,73698.1) 容量350kWh 剩余52% | α=6→6min/% τ=301min → 需101.0kWh(充16.3min)
[charge_scheduler-1] [INFO] [1786198264.381807812] [charge_scheduler]:   车#15 [重型叉车|light] 位置(3884.5,73833.1) 容量200kWh 剩余12% | α=6→6min/% τ=45min → 需140.2kWh(充22.7min)
[charge_scheduler-1] [INFO] [1786198264.381822108] [charge_scheduler]:   车#16 [电动装载机282|light] 位置(3699.3,73765.4) 容量282kWh 剩余38% | α=6→6min/% τ=185min → 需122.1kWh(充19.7min)
[charge_scheduler-1] [INFO] [1786198264.381843886] [charge_scheduler]:   车#17 [电动装载机350|light] 位置(3800.8,73717.7) 容量350kWh 剩余58% | α=6→6min/% τ=339min → 需79.4kWh(充12.8min)
[charge_scheduler-1] [INFO] [1786198264.381858444] [charge_scheduler]:   车#18 [重型叉车|heavy→降级] 位置(3825.0,73792.7) 容量200kWh 剩余22% | α=3→6min/% τ=102min → 需119.6kWh(充19.3min)
[charge_scheduler-1] [INFO] [1786198264.381873295] [charge_scheduler]:   车#19 [电动装载机282|light] 位置(3784.3,73759.0) 容量282kWh 剩余48% | α=6→6min/% τ=241min → 需93.0kWh(充15.0min)
[charge_scheduler-1] [INFO] [1786198264.391444600] [charge_scheduler]: [Scheduler] 闭环接口: threshold=10.0min | event_sim=off | policy=all | structured_feedback=optional (/task_planner/execution_event)
[charge_scheduler-1] [INFO] [1786198264.391495253] [charge_scheduler]: [Scheduler] 已启动, 等待地图...
[charge_scheduler-1] [INFO] [1786198264.391508475] [charge_scheduler]: [Scheduler] 充电车1接口: sequence/served/arrived_target/arrived_station/return_goal/task_complete 后缀=_1
[charge_scheduler-1] [INFO] [1786198264.391519837] [charge_scheduler]: [Scheduler] 充电车2接口: sequence/served/arrived_target/arrived_station/return_goal/task_complete 后缀=_2
[charge_scheduler-1] [INFO] [1786198264.704428354] [charge_scheduler]: [Scheduler] RoutingGraph 就绪
[charge_scheduler-1] [INFO] [1786198264.704835824] [charge_scheduler]: [Scheduler] 提取到 0 条虚线捷径
[charge_scheduler-1] [INFO] [1786198264.731872881] [charge_scheduler]: [Scheduler] 下层兼容增强图: 190 节点, 0 条虚线掉头边
[charge_scheduler-1] [INFO] [1786198275.366573023] [charge_scheduler]: [Scheduler] 距离矩阵完成 21x21, 10634.6 ms | 模式=euclid | ECD不可达=0 DSP原始不可达=0 DSP虚线兜底=0 DSP最终不可达=0 抽象不可达=0 | 缺少对向投影节点=0 | 对向识别(ID/几何/法向)=0/0/0 | 单向驿站投影=0
[charge_scheduler-1] [INFO] [1786198275.366631995] [charge_scheduler]:   ✓ 比值自检：420 个 OD 满足 机动/直线≥1 | 均值=3.73 最大=54.86 (车#15→车#12)
[charge_scheduler-1] [INFO] [1786198275.366644814] [charge_scheduler]: [Scheduler] 地图就绪, 190 条 lanelet（与下层一致）
[charge_scheduler-1] [INFO] [1786198275.366689429] [charge_scheduler]: ======== 开始VRPTW调度 20 辆车 ========
[charge_scheduler-1] [INFO] [1786198275.366694740] [charge_scheduler]:   规模20>8 → 启发式(alns)
[charge_scheduler-1] [INFO] [1786198287.974194956] [charge_scheduler]: [ALNS] objective_order=Nlate,Tover,Ctotal seed=10 iters=15000 | N_late=1(成功率95.0%) T_overtime=101.2min C_total=2494.9m | 趟数=8 makespan=373.9min
[charge_scheduler-1] [INFO] [1786198287.974249220] [charge_scheduler]:   求解耗时 12607.6 ms
[charge_scheduler-1] [INFO] [1786198287.974261187] [charge_scheduler]: ════════ 调度结果 ════════
[charge_scheduler-1] [INFO] [1786198287.974265663] [charge_scheduler]:   ★目标(字典序): objective_order=Nlate,Tover,Ctotal | N_late=1 辆 (按时成功率 19/20 = 95.0%)  T_overtime=101.2min  C_total=2494.9m
[charge_scheduler-1] [INFO] [1786198287.974271944] [charge_scheduler]:   附: 趟数=8 | makespan=373.9min | 能量可行=是
[charge_scheduler-1] [INFO] [1786198287.974282341] [charge_scheduler]:   [充电车2] 趟1: 站 → 车#12(到2.7/限230.4✓) → 车#15(到9.1/限44.8✓) → 车#11(到32.6/限83.2✓) → 车#18(到72.8/限102.4✓) → 站
[charge_scheduler-1] [INFO] [1786198287.974289405] [charge_scheduler]:   [充电车1] 趟2: 站 → 车#8(到0.9/限196.0✓) → 车#4(到15.4/限212.0✓) → 车#3(到28.5/限32.0✓) → 车#7(到54.4/限64.0✓) → 车#1(到79.8/限96.0✓) → 站
[charge_scheduler-1] [INFO] [1786198287.974294300] [charge_scheduler]:   [充电车1] 趟3: 站 → 车#13(到115.9/限128.8✓) → 车#6(到151.4/限176.0✓) → 站
[charge_scheduler-1] [INFO] [1786198287.974299759] [charge_scheduler]:   [充电车2] 趟4: 站 → 车#9(到110.4/限116.0✓) → 车#0(到145.3/限168.0✓) → 车#16(到181.2/限184.8✓) → 站
[charge_scheduler-1] [INFO] [1786198287.974305051] [charge_scheduler]:   [充电车1] 趟5: 站 → 车#10(到205.3/限224.0✓) → 车#19(到240.3/限240.8✓) → 站
[charge_scheduler-1] [INFO] [1786198287.974309801] [charge_scheduler]:   [充电车2] 趟6: 站 → 车#5(到229.2/限128.0✗超时) → 车#2(到274.4/限288.0✓) → 站
[charge_scheduler-1] [INFO] [1786198287.974313697] [charge_scheduler]:   [充电车1] 趟7: 站 → 车#14(到287.9/限300.8✓) → 站
[charge_scheduler-1] [INFO] [1786198287.974317596] [charge_scheduler]:   [充电车2] 趟8: 站 → 车#17(到329.7/限339.2✓) → 站
[charge_scheduler-1] [INFO] [1786198287.974320795] [charge_scheduler]: ════════════════════════
[charge_scheduler-1] [WARN] [1786198287.974343077] [charge_scheduler]: ════ 耦合消融重放：欧氏距离定序 → 同K ECD执行口径 ════
[charge_scheduler-1] [WARN] [1786198287.974346794] [charge_scheduler]:   【欧氏距离仅生成顺序；K=2、能量、换电、分趟和并行时间线均按ECD执行一致机动距离重新解码】
[charge_scheduler-1] [WARN] [1786198287.974350441] [charge_scheduler]:   N_late=11 (按时率 9/20 = 45.0%)   T_overtime=320.3min   C_total=7007.8m   makespan=418.0min   能量违规=0   objective_order=Nlate,Tover,Ctotal
[charge_scheduler-1] [WARN] [1786198287.974380008] [charge_scheduler]:   逐辆到达时刻（ECD执行口径、同K解码）：
[charge_scheduler-1] [WARN] [1786198287.974383644] [charge_scheduler]:      车#0 到达 167.9 / 限 168.0 ✓
[charge_scheduler-1] [WARN] [1786198287.974387976] [charge_scheduler]:      车#1 到达 94.3 / 限 96.0 ✓
[charge_scheduler-1] [WARN] [1786198287.974392071] [charge_scheduler]:      车#2 到达 320.7 / 限 288.0 ✗超时
[charge_scheduler-1] [WARN] [1786198287.974396779] [charge_scheduler]:      车#3 到达 35.5 / 限 32.0 ✗超时
[charge_scheduler-1] [WARN] [1786198287.974400680] [charge_scheduler]:      车#4 到达 19.2 / 限 212.0 ✓
[charge_scheduler-1] [WARN] [1786198287.974404533] [charge_scheduler]:      车#5 到达 261.1 / 限 128.0 ✗超时
[charge_scheduler-1] [WARN] [1786198287.974408578] [charge_scheduler]:      车#6 到达 175.7 / 限 176.0 ✓
[charge_scheduler-1] [WARN] [1786198287.974412617] [charge_scheduler]:      车#7 到达 64.0 / 限 64.0 ✗超时
[charge_scheduler-1] [WARN] [1786198287.974416477] [charge_scheduler]:      车#8 到达 2.5 / 限 196.0 ✓
[charge_scheduler-1] [WARN] [1786198287.974420317] [charge_scheduler]:      车#9 到达 128.6 / 限 116.0 ✗超时
[charge_scheduler-1] [WARN] [1786198287.974424254] [charge_scheduler]:      车#10 到达 233.8 / 限 224.0 ✗超时
[charge_scheduler-1] [WARN] [1786198287.974429023] [charge_scheduler]:      车#11 到达 40.9 / 限 83.2 ✓
[charge_scheduler-1] [WARN] [1786198287.974432991] [charge_scheduler]:      车#12 到达 4.5 / 限 230.4 ✓
[charge_scheduler-1] [WARN] [1786198287.974436728] [charge_scheduler]:      车#13 到达 137.2 / 限 128.8 ✗超时
[charge_scheduler-1] [WARN] [1786198287.974440812] [charge_scheduler]:      车#14 到达 323.2 / 限 300.8 ✗超时
[charge_scheduler-1] [WARN] [1786198287.974445258] [charge_scheduler]:      车#15 到达 17.0 / 限 44.8 ✓
[charge_scheduler-1] [WARN] [1786198287.974449241] [charge_scheduler]:      车#16 到达 221.2 / 限 184.8 ✗超时
[charge_scheduler-1] [WARN] [1786198287.974453141] [charge_scheduler]:      车#17 到达 370.6 / 限 339.2 ✗超时
[charge_scheduler-1] [WARN] [1786198287.974456973] [charge_scheduler]:      车#18 到达 86.4 / 限 102.4 ✓
[charge_scheduler-1] [WARN] [1786198287.974461211] [charge_scheduler]:      车#19 到达 270.8 / 限 240.8 ✗超时
[charge_scheduler-1] [WARN] [1786198287.974467357] [charge_scheduler]:   欧氏距离生成的固定访问顺序 = #8 #12 #15 #4 #3 #11 #7 #18 #1 #9 #13 #0 #6 #16 #10 #5 #19 #2 #14 #17 
[charge_scheduler-1] [WARN] [1786198287.974470906] [charge_scheduler]: ════════════════════════════════════════
[charge_scheduler-1] [INFO] [1786198287.974478233] [charge_scheduler]:   ⏱ 任务计时开始 (t=0)
[charge_scheduler-1] [INFO] [1786198287.974707714] [charge_scheduler]: [多车派发] 充电车1分配4趟、10辆目标车，开始独立逐任务派发
[charge_scheduler-1] [INFO] [1786198287.974760115] [charge_scheduler]:   → [充电车1] 第1/4趟 第1/5辆: 车#8 (3764.73,73699.03) | topic后缀=_1 | 承诺完成=12.82min
[charge_scheduler-1] [INFO] [1786198287.974975354] [charge_scheduler]: [多车派发] 充电车2分配4趟、10辆目标车，开始独立逐任务派发
[charge_scheduler-1] [INFO] [1786198287.974990801] [charge_scheduler]:   → [充电车2] 第1/4趟 第1/4辆: 车#12 (3876.03,73830.16) | topic后缀=_2 | 承诺完成=8.95min
