[INFO] [launch]: All log files can be found below /root/.ros/log/2026-08-03-14-43-18-911355-YYYY-60687
[INFO] [launch]: Default logging verbosity is set to INFO
[INFO] [charge_scheduler-1]: process started with pid [60691]
[charge_scheduler-1] [INFO] [1785768199.040182347] [charge_scheduler]: [目标顺序] objective_order=Tover,Nlate,Ctotal
[charge_scheduler-1] [INFO] [1785768199.040745943] [charge_scheduler]: [Scheduler] 30辆车 | 电池800.0kWh(20%=160.0 80%=640.0) | 充电360kW效率97% | 行驶0.6kWh/km | 桩350kW
[charge_scheduler-1] [INFO] [1785768199.040778783] [charge_scheduler]: [Scheduler] 站端周转: 换电 10 min(换后满电) | 单趟可用 640 kWh
[charge_scheduler-1] [INFO] [1785768199.040788659] [charge_scheduler]:   车#0 [电动装载机282|light] 位置(3889.6,73764.7) 容量282kWh 剩余35% | α=6→6min/% τ=168min → 需130.8kWh(充21.2min)
[charge_scheduler-1] [INFO] [1785768199.040804469] [charge_scheduler]:   车#1 [重型叉车|light] 位置(3778.9,73807.0) 容量200kWh 剩余20% | α=6→6min/% τ=96min → 需123.7kWh(充20.0min)
[charge_scheduler-1] [INFO] [1785768199.040817231] [charge_scheduler]:   车#2 [电动装载机350|light] 位置(3794.9,73804.6) 容量350kWh 剩余50% | α=6→6min/% τ=288min → 需108.2kWh(充17.5min)
[charge_scheduler-1] [INFO] [1785768199.040829674] [charge_scheduler]:   车#3 [重型叉车|light] 位置(3806.9,73760.3) 容量200kWh 剩余10% | α=6→6min/% τ=32min → 需144.3kWh(充23.3min)
[charge_scheduler-1] [INFO] [1785768199.040842663] [charge_scheduler]:   车#4 [电动装载机282|heavy→降级] 位置(3705.1,73758.2) 容量282kWh 剩余60% | α=3→6min/% τ=212min → 需58.1kWh(充9.4min)
[charge_scheduler-1] [INFO] [1785768199.040855038] [charge_scheduler]:   车#5 [电动装载机350|light] 位置(3756.5,73770.2) 容量350kWh 剩余25% | α=6→6min/% τ=128min → 需198.5kWh(充32.1min)
[charge_scheduler-1] [INFO] [1785768199.040866565] [charge_scheduler]:   车#6 [电动装载机350|heavy→降级] 位置(3887.4,73809.4) 容量350kWh 剩余40% | α=4→6min/% τ=176min → 需144.3kWh(充23.3min)
[charge_scheduler-1] [INFO] [1785768199.040878080] [charge_scheduler]:   车#7 [重型叉车|light] 位置(3899.0,73786.6) 容量200kWh 剩余15% | α=6→6min/% τ=64min → 需134.0kWh(充21.7min)
[charge_scheduler-1] [INFO] [1785768199.040889658] [charge_scheduler]:   车#8 [电动装载机282|heavy→降级] 位置(3689.7,73663.1) 容量282kWh 剩余55% | α=3→6min/% τ=196min → 需72.7kWh(充11.8min)
[charge_scheduler-1] [INFO] [1785768199.040901447] [charge_scheduler]:   车#9 [电动装载机282|heavy→降级] 位置(3748.4,73767.2) 容量282kWh 剩余30% | α=3→6min/% τ=116min → 需145.4kWh(充23.5min)
[charge_scheduler-1] [INFO] [1785768199.040914757] [charge_scheduler]:   车#10 [电动装载机282|light] 位置(3865.2,73751.0) 容量282kWh 剩余45% | α=6→6min/% τ=224min → 需101.8kWh(充16.4min)
[charge_scheduler-1] [INFO] [1785768199.040926543] [charge_scheduler]:   车#11 [电动装载机350|light] 位置(3785.0,73749.2) 容量350kWh 剩余18% | α=6→6min/% τ=83min → 需223.7kWh(充36.2min)
[charge_scheduler-1] [INFO] [1785768199.040938651] [charge_scheduler]:   车#12 [重型叉车|heavy→降级] 位置(3811.5,73799.9) 容量200kWh 剩余62% | α=3→6min/% τ=230min → 需37.1kWh(充6.0min)
[charge_scheduler-1] [INFO] [1785768199.040959558] [charge_scheduler]:   车#13 [电动装载机282|light] 位置(3810.8,73773.1) 容量282kWh 剩余28% | α=6→6min/% τ=129min → 需151.2kWh(充24.4min)
[charge_scheduler-1] [INFO] [1785768199.040972785] [charge_scheduler]:   车#14 [电动装载机350|light] 位置(3905.0,73793.5) 容量350kWh 剩余52% | α=6→6min/% τ=301min → 需101.0kWh(充16.3min)
[charge_scheduler-1] [INFO] [1785768199.040985634] [charge_scheduler]:   车#15 [重型叉车|light] 位置(3894.3,73756.9) 容量200kWh 剩余12% | α=6→6min/% τ=45min → 需140.2kWh(充22.7min)
[charge_scheduler-1] [INFO] [1785768199.041000636] [charge_scheduler]:   车#16 [电动装载机282|light] 位置(3818.5,73716.2) 容量282kWh 剩余38% | α=6→6min/% τ=185min → 需122.1kWh(充19.7min)
[charge_scheduler-1] [INFO] [1785768199.041013528] [charge_scheduler]:   车#17 [电动装载机350|light] 位置(3733.2,73772.4) 容量350kWh 剩余58% | α=6→6min/% τ=339min → 需79.4kWh(充12.8min)
[charge_scheduler-1] [INFO] [1785768199.041025517] [charge_scheduler]:   车#18 [重型叉车|heavy→降级] 位置(3764.7,73699.0) 容量200kWh 剩余22% | α=3→6min/% τ=102min → 需119.6kWh(充19.3min)
[charge_scheduler-1] [INFO] [1785768199.041037055] [charge_scheduler]:   车#19 [电动装载机282|light] 位置(3878.4,73747.9) 容量282kWh 剩余48% | α=6→6min/% τ=241min → 需93.0kWh(充15.0min)
[charge_scheduler-1] [INFO] [1785768199.041081554] [charge_scheduler]:   车#20 [电动装载机350|light] 位置(3740.3,73686.9) 容量350kWh 剩余33% | α=6→6min/% τ=179min → 需169.6kWh(充27.4min)
[charge_scheduler-1] [INFO] [1785768199.041094715] [charge_scheduler]:   车#21 [重型叉车|heavy→降级] 位置(3895.4,73811.9) 容量200kWh 剩余65% | α=3→6min/% τ=240min → 需30.9kWh(充5.0min)
[charge_scheduler-1] [INFO] [1785768199.041107287] [charge_scheduler]:   车#22 [电动装载机282|light] 位置(3876.0,73830.2) 容量282kWh 剩余16% | α=6→6min/% τ=62min → 需186.1kWh(充30.1min)
[charge_scheduler-1] [INFO] [1785768199.041121604] [charge_scheduler]:   车#23 [电动装载机350|light] 位置(3765.9,73790.3) 容量350kWh 剩余42% | α=6→6min/% τ=237min → 需137.1kWh(充22.2min)
[charge_scheduler-1] [INFO] [1785768199.041134079] [charge_scheduler]:   车#24 [重型叉车|heavy→降级] 位置(3637.1,73698.1) 容量200kWh 剩余25% | α=3→6min/% τ=112min → 需113.4kWh(充18.3min)
[charge_scheduler-1] [INFO] [1785768199.041146412] [charge_scheduler]:   车#25 [电动装载机282|light] 位置(3884.5,73833.1) 容量282kWh 剩余55% | α=6→6min/% τ=280min → 需72.7kWh(充11.8min)
[charge_scheduler-1] [INFO] [1785768199.041159248] [charge_scheduler]:   车#26 [电动装载机350|light] 位置(3699.3,73765.4) 容量350kWh 剩余30% | α=6→6min/% τ=160min → 需180.4kWh(充29.2min)
[charge_scheduler-1] [INFO] [1785768199.041171030] [charge_scheduler]:   车#27 [重型叉车|heavy→降级] 位置(3800.8,73717.7) 容量200kWh 剩余68% | α=3→6min/% τ=250min → 需24.7kWh(充4.0min)
[charge_scheduler-1] [INFO] [1785768199.041182525] [charge_scheduler]:   车#28 [电动装载机282|light] 位置(3825.0,73792.7) 容量282kWh 剩余20% | α=6→6min/% τ=84min → 需174.4kWh(充28.2min)
[charge_scheduler-1] [INFO] [1785768199.041195692] [charge_scheduler]:   车#29 [电动装载机350|light] 位置(3784.3,73759.0) 容量350kWh 剩余36% | α=6→6min/% τ=198min → 需158.8kWh(充25.7min)
[charge_scheduler-1] [INFO] [1785768199.060441408] [charge_scheduler]: [Scheduler] 闭环接口: threshold=10.0min | event_sim=on | policy=all | structured_feedback=optional (/task_planner/execution_event)
[charge_scheduler-1] [INFO] [1785768199.060487930] [charge_scheduler]: [Scheduler] 已启动, 等待地图...
[charge_scheduler-1] [INFO] [1785768199.060502432] [charge_scheduler]: [Scheduler] 充电车1接口: sequence/served/arrived_target/arrived_station/return_goal/task_complete 后缀=_1
[charge_scheduler-1] [INFO] [1785768199.060514551] [charge_scheduler]: [Scheduler] 充电车2接口: sequence/served/arrived_target/arrived_station/return_goal/task_complete 后缀=_2
[charge_scheduler-1] [INFO] [1785768199.060525544] [charge_scheduler]: [Scheduler] 充电车3接口: sequence/served/arrived_target/arrived_station/return_goal/task_complete 后缀=_3
[charge_scheduler-1] [INFO] [1785768199.159740328] [charge_scheduler]: [Scheduler] RoutingGraph 就绪
[charge_scheduler-1] [INFO] [1785768199.160150850] [charge_scheduler]: [Scheduler] 提取到 0 条虚线捷径
[charge_scheduler-1] [INFO] [1785768199.188724171] [charge_scheduler]: [Scheduler] 下层兼容增强图: 190 节点, 0 条虚线掉头边
[charge_scheduler-1] [INFO] [1785768220.418970595] [charge_scheduler]: [Scheduler] 距离矩阵完成 31x31, 21230.2 ms | 模式=maneuver | 真实不可达=0 抽象不可达=0 | 缺少对向投影节点=0 | 对向识别(ID/几何/法向)=0/0/0 | 单向驿站投影=0
[charge_scheduler-1] [INFO] [1785768220.419044837] [charge_scheduler]:   ✓ 比值自检：930 个 OD 满足 机动/直线≥1 | 均值=4.11 最大=62.63 (车#0→车#15)
[charge_scheduler-1] [INFO] [1785768220.419060699] [charge_scheduler]: [Scheduler] 地图就绪, 190 条 lanelet（与下层一致）
[charge_scheduler-1] [INFO] [1785768220.419122998] [charge_scheduler]: ======== 开始VRPTW调度 30 辆车 ========
[charge_scheduler-1] [INFO] [1785768220.419128640] [charge_scheduler]:   规模30>8 → 启发式(alns)
[charge_scheduler-1] [INFO] [1785768269.769194900] [charge_scheduler]: [ALNS] objective_order=Tover,Nlate,Ctotal seed=2 iters=15000 | N_late=14(成功率53.3%) T_overtime=222.0min C_total=7366.1m | 趟数=12 makespan=386.1min
[charge_scheduler-1] [INFO] [1785768269.769247310] [charge_scheduler]:   求解耗时 49350.1 ms
[charge_scheduler-1] [INFO] [1785768269.769255188] [charge_scheduler]: ════════ 调度结果 ════════
[charge_scheduler-1] [INFO] [1785768269.769260405] [charge_scheduler]:   ★目标(字典序): objective_order=Tover,Nlate,Ctotal | N_late=14 辆 (按时成功率 16/30 = 53.3%)  T_overtime=222.0min  C_total=7366.1m
[charge_scheduler-1] [INFO] [1785768269.769292884] [charge_scheduler]:   附: 趟数=12 | makespan=386.1min | 能量可行=是
[charge_scheduler-1] [INFO] [1785768269.769304853] [charge_scheduler]:   [充电车3] 趟1: 站 → 车#4(到2.1/限212.0✓) → 车#8(到15.3/限196.0✓) → 车#27(到31.3/限249.6✓) → 车#7(到40.7/限64.0✓) → 车#22(到65.3/限61.6✗超时) → 站
[charge_scheduler-1] [INFO] [1785768269.769311066] [charge_scheduler]:   [充电车2] 趟2: 站 → 车#9(到1.2/限116.0✓) → 车#1(到25.8/限96.0✓) → 车#28(到48.2/限84.0✓) → 车#18(到84.0/限102.4✓) → 站
[charge_scheduler-1] [INFO] [1785768269.769317410] [charge_scheduler]:   [充电车1] 趟3: 站 → 车#12(到2.3/限230.4✓) → 车#21(到10.6/限240.0✓) → 车#15(到17.7/限44.8✓) → 车#3(到43.1/限32.0✗超时) → 车#11(到68.6/限83.2✓) → 站
[charge_scheduler-1] [INFO] [1785768269.769322093] [charge_scheduler]:   [充电车1] 趟4: 站 → 车#13(到124.2/限128.8✓) → 车#16(到160.6/限184.8✓) → 站
[charge_scheduler-1] [INFO] [1785768269.769327864] [charge_scheduler]:   [充电车2] 趟5: 站 → 车#5(到123.2/限128.0✓) → 车#26(到169.0/限160.0✗超时) → 站
[charge_scheduler-1] [INFO] [1785768269.769333139] [charge_scheduler]:   [充电车3] 趟6: 站 → 车#24(到117.7/限112.0✗超时) → 车#0(到148.1/限168.0✓) → 车#6(到182.7/限176.0✗超时) → 站
[charge_scheduler-1] [INFO] [1785768269.769337675] [charge_scheduler]:   [充电车1] 趟7: 站 → 车#20(到208.2/限179.2✗超时) → 车#19(到258.0/限240.8✗超时) → 站
[charge_scheduler-1] [INFO] [1785768269.769342223] [charge_scheduler]:   [充电车2] 趟8: 站 → 车#10(到228.1/限224.0✗超时) → 车#23(到267.2/限236.8✗超时) → 站
[charge_scheduler-1] [INFO] [1785768269.769346741] [charge_scheduler]:   [充电车3] 趟9: 站 → 车#29(到242.2/限198.4✗超时) → 车#25(到288.7/限280.0✗超时) → 站
[charge_scheduler-1] [INFO] [1785768269.769350840] [charge_scheduler]:   [充电车1] 趟10: 站 → 车#2(到312.6/限288.0✗超时) → 站
[charge_scheduler-1] [INFO] [1785768269.769355166] [charge_scheduler]:   [充电车2] 趟11: 站 → 车#14(到327.6/限300.8✗超时) → 站
[charge_scheduler-1] [INFO] [1785768269.769359235] [charge_scheduler]:   [充电车3] 趟12: 站 → 车#17(到340.5/限339.2✗超时) → 站
[charge_scheduler-1] [INFO] [1785768269.769362530] [charge_scheduler]: ════════════════════════
[charge_scheduler-1] [INFO] [1785768269.769413915] [charge_scheduler]: [扰动清单] type=none delay=0.0min targets={} station={}
[charge_scheduler-1] [INFO] [1785768269.769428020] [charge_scheduler]: [执行事件] loop=open plan_v=0 C1 type=target_service target=12 station_ord=0 planned_finish=8.50 actual_finish=8.50 dev=+0.00 injected=0.0
[charge_scheduler-1] [INFO] [1785768269.769434913] [charge_scheduler]: [执行事件] loop=open plan_v=0 C3 type=target_service target=4 station_ord=0 planned_finish=11.77 actual_finish=11.77 dev=+0.00 injected=0.0
[charge_scheduler-1] [INFO] [1785768269.769440771] [charge_scheduler]: [执行事件] loop=open plan_v=0 C1 type=target_service target=21 station_ord=0 planned_finish=16.66 actual_finish=16.66 dev=+0.00 injected=0.0
[charge_scheduler-1] [INFO] [1785768269.769446242] [charge_scheduler]: [执行事件] loop=open plan_v=0 C2 type=target_service target=9 station_ord=0 planned_finish=24.86 actual_finish=24.86 dev=+0.00 injected=0.0
[charge_scheduler-1] [INFO] [1785768269.769451666] [charge_scheduler]: [执行事件] loop=open plan_v=0 C3 type=target_service target=8 station_ord=0 planned_finish=29.29 actual_finish=29.29 dev=+0.00 injected=0.0
[charge_scheduler-1] [INFO] [1785768269.769457102] [charge_scheduler]: [执行事件] loop=open plan_v=0 C3 type=target_service target=27 station_ord=0 planned_finish=38.54 actual_finish=38.54 dev=+0.00 injected=0.0
[charge_scheduler-1] [INFO] [1785768269.769462506] [charge_scheduler]: [执行事件] loop=open plan_v=0 C1 type=target_service target=15 station_ord=0 planned_finish=41.31 actual_finish=41.31 dev=+0.00 injected=0.0
[charge_scheduler-1] [INFO] [1785768269.769467816] [charge_scheduler]: [执行事件] loop=open plan_v=0 C2 type=target_service target=1 station_ord=0 planned_finish=47.17 actual_finish=47.17 dev=+0.00 injected=0.0
[charge_scheduler-1] [INFO] [1785768269.769473926] [charge_scheduler]: [执行事件] loop=open plan_v=0 C3 type=target_service target=7 station_ord=0 planned_finish=64.46 actual_finish=64.46 dev=+0.00 injected=0.0
[charge_scheduler-1] [INFO] [1785768269.769483100] [charge_scheduler]: [执行事件] loop=open plan_v=0 C1 type=target_service target=3 station_ord=0 planned_finish=68.11 actual_finish=68.11 dev=+0.00 injected=0.0
[charge_scheduler-1] [INFO] [1785768269.769488509] [charge_scheduler]: [执行事件] loop=open plan_v=0 C2 type=target_service target=28 station_ord=0 planned_finish=80.40 actual_finish=80.40 dev=+0.00 injected=0.0
[charge_scheduler-1] [INFO] [1785768269.769493980] [charge_scheduler]: [执行事件] loop=open plan_v=0 C3 type=target_service target=22 station_ord=0 planned_finish=100.53 actual_finish=100.53 dev=+0.00 injected=0.0
[charge_scheduler-1] [INFO] [1785768269.769499818] [charge_scheduler]: [执行事件] loop=open plan_v=0 C2 type=target_service target=18 station_ord=0 planned_finish=108.01 actual_finish=108.01 dev=+0.00 injected=0.0
[charge_scheduler-1] [INFO] [1785768269.769505232] [charge_scheduler]: [执行事件] loop=open plan_v=0 C1 type=target_service target=11 station_ord=0 planned_finish=111.00 actual_finish=111.00 dev=+0.00 injected=0.0
[charge_scheduler-1] [INFO] [1785768269.769510600] [charge_scheduler]: [执行事件] loop=open plan_v=0 C3 type=station_turnaround target=-1 station_ord=1 planned_finish=114.70 actual_finish=114.70 dev=+0.00 injected=0.0
[charge_scheduler-1] [INFO] [1785768269.769516155] [charge_scheduler]: [执行事件] loop=open plan_v=0 C2 type=station_turnaround target=-1 station_ord=1 planned_finish=120.05 actual_finish=120.05 dev=+0.00 injected=0.0
[charge_scheduler-1] [INFO] [1785768269.769522156] [charge_scheduler]: [执行事件] loop=open plan_v=0 C1 type=station_turnaround target=-1 station_ord=1 planned_finish=122.54 actual_finish=122.54 dev=+0.00 injected=0.0
[charge_scheduler-1] [INFO] [1785768269.769527571] [charge_scheduler]: [执行事件] loop=open plan_v=0 C3 type=target_service target=24 station_ord=0 planned_finish=142.69 actual_finish=142.69 dev=+0.00 injected=0.0
[charge_scheduler-1] [INFO] [1785768269.769533030] [charge_scheduler]: [执行事件] loop=open plan_v=0 C1 type=target_service target=13 station_ord=0 planned_finish=159.09 actual_finish=159.09 dev=+0.00 injected=0.0
[charge_scheduler-1] [INFO] [1785768269.769538458] [charge_scheduler]: [执行事件] loop=open plan_v=0 C2 type=target_service target=5 station_ord=0 planned_finish=166.56 actual_finish=166.56 dev=+0.00 injected=0.0
[charge_scheduler-1] [INFO] [1785768269.769543939] [charge_scheduler]: [执行事件] loop=open plan_v=0 C3 type=target_service target=0 station_ord=0 planned_finish=181.65 actual_finish=181.65 dev=+0.00 injected=0.0
[charge_scheduler-1] [INFO] [1785768269.769549512] [charge_scheduler]: [执行事件] loop=open plan_v=0 C1 type=target_service target=16 station_ord=0 planned_finish=193.85 actual_finish=193.85 dev=+0.00 injected=0.0
[charge_scheduler-1] [INFO] [1785768269.769554891] [charge_scheduler]: [执行事件] loop=open plan_v=0 C1 type=station_turnaround target=-1 station_ord=2 planned_finish=206.17 actual_finish=206.17 dev=+0.00 injected=0.0
[charge_scheduler-1] [INFO] [1785768269.769560431] [charge_scheduler]: [执行事件] loop=open plan_v=0 C2 type=target_service target=26 station_ord=0 planned_finish=212.71 actual_finish=212.71 dev=+0.00 injected=0.0
[charge_scheduler-1] [INFO] [1785768269.769565878] [charge_scheduler]: [执行事件] loop=open plan_v=0 C2 type=station_turnaround target=-1 station_ord=2 planned_finish=225.33 actual_finish=225.33 dev=+0.00 injected=0.0
[charge_scheduler-1] [INFO] [1785768269.769571452] [charge_scheduler]: [执行事件] loop=open plan_v=0 C3 type=target_service target=6 station_ord=0 planned_finish=226.42 actual_finish=226.42 dev=+0.00 injected=0.0
[charge_scheduler-1] [INFO] [1785768269.769576993] [charge_scheduler]: [执行事件] loop=open plan_v=0 C3 type=station_turnaround target=-1 station_ord=2 planned_finish=240.94 actual_finish=240.94 dev=+0.00 injected=0.0
[charge_scheduler-1] [INFO] [1785768269.769582452] [charge_scheduler]: [执行事件] loop=open plan_v=0 C1 type=target_service target=20 station_ord=0 planned_finish=251.99 actual_finish=251.99 dev=+0.00 injected=0.0
[charge_scheduler-1] [INFO] [1785768269.769587970] [charge_scheduler]: [执行事件] loop=open plan_v=0 C2 type=target_service target=10 station_ord=0 planned_finish=263.38 actual_finish=263.38 dev=+0.00 injected=0.0
[charge_scheduler-1] [INFO] [1785768269.769593467] [charge_scheduler]: [执行事件] loop=open plan_v=0 C3 type=target_service target=29 station_ord=0 planned_finish=285.91 actual_finish=285.91 dev=+0.00 injected=0.0
[charge_scheduler-1] [INFO] [1785768269.769601044] [charge_scheduler]: [执行事件] loop=open plan_v=0 C1 type=target_service target=19 station_ord=0 planned_finish=293.26 actual_finish=293.26 dev=+0.00 injected=0.0
[charge_scheduler-1] [INFO] [1785768269.769606668] [charge_scheduler]: [执行事件] loop=open plan_v=0 C1 type=station_turnaround target=-1 station_ord=3 planned_finish=306.59 actual_finish=306.59 dev=+0.00 injected=0.0
[charge_scheduler-1] [INFO] [1785768269.769612245] [charge_scheduler]: [执行事件] loop=open plan_v=0 C2 type=target_service target=23 station_ord=0 planned_finish=310.93 actual_finish=310.93 dev=+0.00 injected=0.0
[charge_scheduler-1] [INFO] [1785768269.769617585] [charge_scheduler]: [执行事件] loop=open plan_v=0 C2 type=station_turnaround target=-1 station_ord=3 planned_finish=323.07 actual_finish=323.07 dev=+0.00 injected=0.0
[charge_scheduler-1] [INFO] [1785768269.769623102] [charge_scheduler]: [执行事件] loop=open plan_v=0 C3 type=target_service target=25 station_ord=0 planned_finish=323.91 actual_finish=323.91 dev=+0.00 injected=0.0
[charge_scheduler-1] [INFO] [1785768269.769628411] [charge_scheduler]: [执行事件] loop=open plan_v=0 C3 type=station_turnaround target=-1 station_ord=3 planned_finish=338.84 actual_finish=338.84 dev=+0.00 injected=0.0
[charge_scheduler-1] [INFO] [1785768269.769633864] [charge_scheduler]: [执行事件] loop=open plan_v=0 C1 type=target_service target=2 station_ord=0 planned_finish=356.38 actual_finish=356.38 dev=+0.00 injected=0.0
[charge_scheduler-1] [INFO] [1785768269.769639226] [charge_scheduler]: [执行事件] loop=open plan_v=0 C1 type=final_return target=-1 station_ord=0 planned_finish=359.03 actual_finish=359.03 dev=+0.00 injected=0.0
[charge_scheduler-1] [INFO] [1785768269.769644660] [charge_scheduler]: [执行事件] loop=open plan_v=0 C2 type=target_service target=14 station_ord=0 planned_finish=371.37 actual_finish=371.37 dev=+0.00 injected=0.0
[charge_scheduler-1] [INFO] [1785768269.769649869] [charge_scheduler]: [执行事件] loop=open plan_v=0 C2 type=final_return target=-1 station_ord=0 planned_finish=375.64 actual_finish=375.64 dev=+0.00 injected=0.0
[charge_scheduler-1] [INFO] [1785768269.769655099] [charge_scheduler]: [执行事件] loop=open plan_v=0 C3 type=target_service target=17 station_ord=0 planned_finish=384.21 actual_finish=384.21 dev=+0.00 injected=0.0
[charge_scheduler-1] [INFO] [1785768269.769660291] [charge_scheduler]: [执行事件] loop=open plan_v=0 C3 type=final_return target=-1 station_ord=0 planned_finish=386.14 actual_finish=386.14 dev=+0.00 injected=0.0
[charge_scheduler-1] [INFO] [1785768269.769673116] [charge_scheduler]: [执行事件] loop=fixed plan_v=0 C1 type=target_service target=12 station_ord=0 planned_finish=8.50 actual_finish=8.50 dev=+0.00 injected=0.0
[charge_scheduler-1] [INFO] [1785768269.769678770] [charge_scheduler]: [执行事件] loop=fixed plan_v=0 C3 type=target_service target=4 station_ord=0 planned_finish=11.77 actual_finish=11.77 dev=+0.00 injected=0.0
[charge_scheduler-1] [INFO] [1785768269.769684199] [charge_scheduler]: [执行事件] loop=fixed plan_v=0 C1 type=target_service target=21 station_ord=0 planned_finish=16.66 actual_finish=16.66 dev=+0.00 injected=0.0
[charge_scheduler-1] [INFO] [1785768269.769689620] [charge_scheduler]: [执行事件] loop=fixed plan_v=0 C2 type=target_service target=9 station_ord=0 planned_finish=24.86 actual_finish=24.86 dev=+0.00 injected=0.0
[charge_scheduler-1] [INFO] [1785768269.769696230] [charge_scheduler]: [执行事件] loop=fixed plan_v=0 C3 type=target_service target=8 station_ord=0 planned_finish=29.29 actual_finish=29.29 dev=+0.00 injected=0.0
[charge_scheduler-1] [INFO] [1785768269.769701841] [charge_scheduler]: [执行事件] loop=fixed plan_v=0 C3 type=target_service target=27 station_ord=0 planned_finish=38.54 actual_finish=38.54 dev=+0.00 injected=0.0
[charge_scheduler-1] [INFO] [1785768269.769707397] [charge_scheduler]: [执行事件] loop=fixed plan_v=0 C1 type=target_service target=15 station_ord=0 planned_finish=41.31 actual_finish=41.31 dev=+0.00 injected=0.0
[charge_scheduler-1] [INFO] [1785768269.769712640] [charge_scheduler]: [执行事件] loop=fixed plan_v=0 C2 type=target_service target=1 station_ord=0 planned_finish=47.17 actual_finish=47.17 dev=+0.00 injected=0.0
[charge_scheduler-1] [INFO] [1785768269.769719600] [charge_scheduler]: [执行事件] loop=fixed plan_v=0 C3 type=target_service target=7 station_ord=0 planned_finish=64.46 actual_finish=64.46 dev=+0.00 injected=0.0
[charge_scheduler-1] [INFO] [1785768269.769725565] [charge_scheduler]: [执行事件] loop=fixed plan_v=0 C1 type=target_service target=3 station_ord=0 planned_finish=68.11 actual_finish=68.11 dev=+0.00 injected=0.0
[charge_scheduler-1] [INFO] [1785768269.769730813] [charge_scheduler]: [执行事件] loop=fixed plan_v=0 C2 type=target_service target=28 station_ord=0 planned_finish=80.40 actual_finish=80.40 dev=+0.00 injected=0.0
[charge_scheduler-1] [INFO] [1785768269.769736253] [charge_scheduler]: [执行事件] loop=fixed plan_v=0 C3 type=target_service target=22 station_ord=0 planned_finish=100.53 actual_finish=100.53 dev=+0.00 injected=0.0
[charge_scheduler-1] [INFO] [1785768269.769741860] [charge_scheduler]: [执行事件] loop=fixed plan_v=0 C2 type=target_service target=18 station_ord=0 planned_finish=108.01 actual_finish=108.01 dev=+0.00 injected=0.0
[charge_scheduler-1] [INFO] [1785768269.769747331] [charge_scheduler]: [执行事件] loop=fixed plan_v=0 C1 type=target_service target=11 station_ord=0 planned_finish=111.00 actual_finish=111.00 dev=+0.00 injected=0.0
[charge_scheduler-1] [INFO] [1785768269.769752549] [charge_scheduler]: [执行事件] loop=fixed plan_v=0 C3 type=station_turnaround target=-1 station_ord=1 planned_finish=114.70 actual_finish=114.70 dev=+0.00 injected=0.0
[charge_scheduler-1] [INFO] [1785768269.769758129] [charge_scheduler]: [执行事件] loop=fixed plan_v=0 C2 type=station_turnaround target=-1 station_ord=1 planned_finish=120.05 actual_finish=120.05 dev=+0.00 injected=0.0
[charge_scheduler-1] [INFO] [1785768269.769763593] [charge_scheduler]: [执行事件] loop=fixed plan_v=0 C1 type=station_turnaround target=-1 station_ord=1 planned_finish=122.54 actual_finish=122.54 dev=+0.00 injected=0.0
[charge_scheduler-1] [INFO] [1785768269.769769117] [charge_scheduler]: [执行事件] loop=fixed plan_v=0 C3 type=target_service target=24 station_ord=0 planned_finish=142.69 actual_finish=142.69 dev=+0.00 injected=0.0
[charge_scheduler-1] [INFO] [1785768269.769774647] [charge_scheduler]: [执行事件] loop=fixed plan_v=0 C1 type=target_service target=13 station_ord=0 planned_finish=159.09 actual_finish=159.09 dev=+0.00 injected=0.0
[charge_scheduler-1] [INFO] [1785768269.769780171] [charge_scheduler]: [执行事件] loop=fixed plan_v=0 C2 type=target_service target=5 station_ord=0 planned_finish=166.56 actual_finish=166.56 dev=+0.00 injected=0.0
[charge_scheduler-1] [INFO] [1785768269.769785638] [charge_scheduler]: [执行事件] loop=fixed plan_v=0 C3 type=target_service target=0 station_ord=0 planned_finish=181.65 actual_finish=181.65 dev=+0.00 injected=0.0
[charge_scheduler-1] [INFO] [1785768269.769791038] [charge_scheduler]: [执行事件] loop=fixed plan_v=0 C1 type=target_service target=16 station_ord=0 planned_finish=193.85 actual_finish=193.85 dev=+0.00 injected=0.0
[charge_scheduler-1] [INFO] [1785768269.769796307] [charge_scheduler]: [执行事件] loop=fixed plan_v=0 C1 type=station_turnaround target=-1 station_ord=2 planned_finish=206.17 actual_finish=206.17 dev=+0.00 injected=0.0
[charge_scheduler-1] [INFO] [1785768269.769801870] [charge_scheduler]: [执行事件] loop=fixed plan_v=0 C2 type=target_service target=26 station_ord=0 planned_finish=212.71 actual_finish=212.71 dev=+0.00 injected=0.0
[charge_scheduler-1] [INFO] [1785768269.769807164] [charge_scheduler]: [执行事件] loop=fixed plan_v=0 C2 type=station_turnaround target=-1 station_ord=2 planned_finish=225.33 actual_finish=225.33 dev=+0.00 injected=0.0
[charge_scheduler-1] [INFO] [1785768269.769812563] [charge_scheduler]: [执行事件] loop=fixed plan_v=0 C3 type=target_service target=6 station_ord=0 planned_finish=226.42 actual_finish=226.42 dev=+0.00 injected=0.0
[charge_scheduler-1] [INFO] [1785768269.769817869] [charge_scheduler]: [执行事件] loop=fixed plan_v=0 C3 type=station_turnaround target=-1 station_ord=2 planned_finish=240.94 actual_finish=240.94 dev=+0.00 injected=0.0
[charge_scheduler-1] [INFO] [1785768269.769823276] [charge_scheduler]: [执行事件] loop=fixed plan_v=0 C1 type=target_service target=20 station_ord=0 planned_finish=251.99 actual_finish=251.99 dev=+0.00 injected=0.0
[charge_scheduler-1] [INFO] [1785768269.769828660] [charge_scheduler]: [执行事件] loop=fixed plan_v=0 C2 type=target_service target=10 station_ord=0 planned_finish=263.38 actual_finish=263.38 dev=+0.00 injected=0.0
[charge_scheduler-1] [INFO] [1785768269.769836138] [charge_scheduler]: [执行事件] loop=fixed plan_v=0 C3 type=target_service target=29 station_ord=0 planned_finish=285.91 actual_finish=285.91 dev=+0.00 injected=0.0
[charge_scheduler-1] [INFO] [1785768269.769841685] [charge_scheduler]: [执行事件] loop=fixed plan_v=0 C1 type=target_service target=19 station_ord=0 planned_finish=293.26 actual_finish=293.26 dev=+0.00 injected=0.0
[charge_scheduler-1] [INFO] [1785768269.769847002] [charge_scheduler]: [执行事件] loop=fixed plan_v=0 C1 type=station_turnaround target=-1 station_ord=3 planned_finish=306.59 actual_finish=306.59 dev=+0.00 injected=0.0
[charge_scheduler-1] [INFO] [1785768269.769852471] [charge_scheduler]: [执行事件] loop=fixed plan_v=0 C2 type=target_service target=23 station_ord=0 planned_finish=310.93 actual_finish=310.93 dev=+0.00 injected=0.0
[charge_scheduler-1] [INFO] [1785768269.769857688] [charge_scheduler]: [执行事件] loop=fixed plan_v=0 C2 type=station_turnaround target=-1 station_ord=3 planned_finish=323.07 actual_finish=323.07 dev=+0.00 injected=0.0
[charge_scheduler-1] [INFO] [1785768269.769863274] [charge_scheduler]: [执行事件] loop=fixed plan_v=0 C3 type=target_service target=25 station_ord=0 planned_finish=323.91 actual_finish=323.91 dev=+0.00 injected=0.0
[charge_scheduler-1] [INFO] [1785768269.769868613] [charge_scheduler]: [执行事件] loop=fixed plan_v=0 C3 type=station_turnaround target=-1 station_ord=3 planned_finish=338.84 actual_finish=338.84 dev=+0.00 injected=0.0
[charge_scheduler-1] [INFO] [1785768269.769874064] [charge_scheduler]: [执行事件] loop=fixed plan_v=0 C1 type=target_service target=2 station_ord=0 planned_finish=356.38 actual_finish=356.38 dev=+0.00 injected=0.0
[charge_scheduler-1] [INFO] [1785768269.769879317] [charge_scheduler]: [执行事件] loop=fixed plan_v=0 C1 type=final_return target=-1 station_ord=0 planned_finish=359.03 actual_finish=359.03 dev=+0.00 injected=0.0
[charge_scheduler-1] [INFO] [1785768269.769884635] [charge_scheduler]: [执行事件] loop=fixed plan_v=0 C2 type=target_service target=14 station_ord=0 planned_finish=371.37 actual_finish=371.37 dev=+0.00 injected=0.0
[charge_scheduler-1] [INFO] [1785768269.769889750] [charge_scheduler]: [执行事件] loop=fixed plan_v=0 C2 type=final_return target=-1 station_ord=0 planned_finish=375.64 actual_finish=375.64 dev=+0.00 injected=0.0
[charge_scheduler-1] [INFO] [1785768269.769894993] [charge_scheduler]: [执行事件] loop=fixed plan_v=0 C3 type=target_service target=17 station_ord=0 planned_finish=384.21 actual_finish=384.21 dev=+0.00 injected=0.0
[charge_scheduler-1] [INFO] [1785768269.769900130] [charge_scheduler]: [执行事件] loop=fixed plan_v=0 C3 type=final_return target=-1 station_ord=0 planned_finish=386.14 actual_finish=386.14 dev=+0.00 injected=0.0
[charge_scheduler-1] [INFO] [1785768269.769913464] [charge_scheduler]: [执行事件] loop=global plan_v=0 C1 type=target_service target=12 station_ord=0 planned_finish=8.50 actual_finish=8.50 dev=+0.00 injected=0.0
[charge_scheduler-1] [INFO] [1785768269.769918780] [charge_scheduler]: [执行事件] loop=global plan_v=0 C3 type=target_service target=4 station_ord=0 planned_finish=11.77 actual_finish=11.77 dev=+0.00 injected=0.0
[charge_scheduler-1] [INFO] [1785768269.769924264] [charge_scheduler]: [执行事件] loop=global plan_v=0 C1 type=target_service target=21 station_ord=0 planned_finish=16.66 actual_finish=16.66 dev=+0.00 injected=0.0
[charge_scheduler-1] [INFO] [1785768269.769929784] [charge_scheduler]: [执行事件] loop=global plan_v=0 C2 type=target_service target=9 station_ord=0 planned_finish=24.86 actual_finish=24.86 dev=+0.00 injected=0.0
[charge_scheduler-1] [INFO] [1785768269.769935120] [charge_scheduler]: [执行事件] loop=global plan_v=0 C3 type=target_service target=8 station_ord=0 planned_finish=29.29 actual_finish=29.29 dev=+0.00 injected=0.0
[charge_scheduler-1] [INFO] [1785768269.769940503] [charge_scheduler]: [执行事件] loop=global plan_v=0 C3 type=target_service target=27 station_ord=0 planned_finish=38.54 actual_finish=38.54 dev=+0.00 injected=0.0
[charge_scheduler-1] [INFO] [1785768269.769945850] [charge_scheduler]: [执行事件] loop=global plan_v=0 C1 type=target_service target=15 station_ord=0 planned_finish=41.31 actual_finish=41.31 dev=+0.00 injected=0.0
[charge_scheduler-1] [INFO] [1785768269.769951566] [charge_scheduler]: [执行事件] loop=global plan_v=0 C2 type=target_service target=1 station_ord=0 planned_finish=47.17 actual_finish=47.17 dev=+0.00 injected=0.0
[charge_scheduler-1] [INFO] [1785768269.769958623] [charge_scheduler]: [执行事件] loop=global plan_v=0 C3 type=target_service target=7 station_ord=0 planned_finish=64.46 actual_finish=64.46 dev=+0.00 injected=0.0
[charge_scheduler-1] [INFO] [1785768269.769964076] [charge_scheduler]: [执行事件] loop=global plan_v=0 C1 type=target_service target=3 station_ord=0 planned_finish=68.11 actual_finish=68.11 dev=+0.00 injected=0.0
[charge_scheduler-1] [INFO] [1785768269.769969369] [charge_scheduler]: [执行事件] loop=global plan_v=0 C2 type=target_service target=28 station_ord=0 planned_finish=80.40 actual_finish=80.40 dev=+0.00 injected=0.0
[charge_scheduler-1] [INFO] [1785768269.769974821] [charge_scheduler]: [执行事件] loop=global plan_v=0 C3 type=target_service target=22 station_ord=0 planned_finish=100.53 actual_finish=100.53 dev=+0.00 injected=0.0
[charge_scheduler-1] [INFO] [1785768269.769980268] [charge_scheduler]: [执行事件] loop=global plan_v=0 C2 type=target_service target=18 station_ord=0 planned_finish=108.01 actual_finish=108.01 dev=+0.00 injected=0.0
[charge_scheduler-1] [INFO] [1785768269.769985638] [charge_scheduler]: [执行事件] loop=global plan_v=0 C1 type=target_service target=11 station_ord=0 planned_finish=111.00 actual_finish=111.00 dev=+0.00 injected=0.0
[charge_scheduler-1] [INFO] [1785768269.769990921] [charge_scheduler]: [执行事件] loop=global plan_v=0 C3 type=station_turnaround target=-1 station_ord=1 planned_finish=114.70 actual_finish=114.70 dev=+0.00 injected=0.0
[charge_scheduler-1] [INFO] [1785768269.769996627] [charge_scheduler]: [执行事件] loop=global plan_v=0 C2 type=station_turnaround target=-1 station_ord=1 planned_finish=120.05 actual_finish=120.05 dev=+0.00 injected=0.0
[charge_scheduler-1] [INFO] [1785768269.770002274] [charge_scheduler]: [执行事件] loop=global plan_v=0 C1 type=station_turnaround target=-1 station_ord=1 planned_finish=122.54 actual_finish=122.54 dev=+0.00 injected=0.0
[charge_scheduler-1] [INFO] [1785768269.770007985] [charge_scheduler]: [执行事件] loop=global plan_v=0 C3 type=target_service target=24 station_ord=0 planned_finish=142.69 actual_finish=142.69 dev=+0.00 injected=0.0
[charge_scheduler-1] [INFO] [1785768269.770013652] [charge_scheduler]: [执行事件] loop=global plan_v=0 C1 type=target_service target=13 station_ord=0 planned_finish=159.09 actual_finish=159.09 dev=+0.00 injected=0.0
[charge_scheduler-1] [INFO] [1785768269.770019356] [charge_scheduler]: [执行事件] loop=global plan_v=0 C2 type=target_service target=5 station_ord=0 planned_finish=166.56 actual_finish=166.56 dev=+0.00 injected=0.0
[charge_scheduler-1] [INFO] [1785768269.770024945] [charge_scheduler]: [执行事件] loop=global plan_v=0 C3 type=target_service target=0 station_ord=0 planned_finish=181.65 actual_finish=181.65 dev=+0.00 injected=0.0
[charge_scheduler-1] [INFO] [1785768269.770030475] [charge_scheduler]: [执行事件] loop=global plan_v=0 C1 type=target_service target=16 station_ord=0 planned_finish=193.85 actual_finish=193.85 dev=+0.00 injected=0.0
[charge_scheduler-1] [INFO] [1785768269.770035874] [charge_scheduler]: [执行事件] loop=global plan_v=0 C1 type=station_turnaround target=-1 station_ord=2 planned_finish=206.17 actual_finish=206.17 dev=+0.00 injected=0.0
[charge_scheduler-1] [INFO] [1785768269.770041509] [charge_scheduler]: [执行事件] loop=global plan_v=0 C2 type=target_service target=26 station_ord=0 planned_finish=212.71 actual_finish=212.71 dev=+0.00 injected=0.0
[charge_scheduler-1] [INFO] [1785768269.770046846] [charge_scheduler]: [执行事件] loop=global plan_v=0 C2 type=station_turnaround target=-1 station_ord=2 planned_finish=225.33 actual_finish=225.33 dev=+0.00 injected=0.0
[charge_scheduler-1] [INFO] [1785768269.770052602] [charge_scheduler]: [执行事件] loop=global plan_v=0 C3 type=target_service target=6 station_ord=0 planned_finish=226.42 actual_finish=226.42 dev=+0.00 injected=0.0
[charge_scheduler-1] [INFO] [1785768269.770058926] [charge_scheduler]: [执行事件] loop=global plan_v=0 C3 type=station_turnaround target=-1 station_ord=2 planned_finish=240.94 actual_finish=240.94 dev=+0.00 injected=0.0
[charge_scheduler-1] [INFO] [1785768269.770064980] [charge_scheduler]: [执行事件] loop=global plan_v=0 C1 type=target_service target=20 station_ord=0 planned_finish=251.99 actual_finish=251.99 dev=+0.00 injected=0.0
[charge_scheduler-1] [INFO] [1785768269.770071978] [charge_scheduler]: [执行事件] loop=global plan_v=0 C2 type=target_service target=10 station_ord=0 planned_finish=263.38 actual_finish=263.38 dev=+0.00 injected=0.0
[charge_scheduler-1] [INFO] [1785768269.770077613] [charge_scheduler]: [执行事件] loop=global plan_v=0 C3 type=target_service target=29 station_ord=0 planned_finish=285.91 actual_finish=285.91 dev=+0.00 injected=0.0
[charge_scheduler-1] [INFO] [1785768269.770083315] [charge_scheduler]: [执行事件] loop=global plan_v=0 C1 type=target_service target=19 station_ord=0 planned_finish=293.26 actual_finish=293.26 dev=+0.00 injected=0.0
[charge_scheduler-1] [INFO] [1785768269.770088888] [charge_scheduler]: [执行事件] loop=global plan_v=0 C1 type=station_turnaround target=-1 station_ord=3 planned_finish=306.59 actual_finish=306.59 dev=+0.00 injected=0.0
[charge_scheduler-1] [INFO] [1785768269.770094540] [charge_scheduler]: [执行事件] loop=global plan_v=0 C2 type=target_service target=23 station_ord=0 planned_finish=310.93 actual_finish=310.93 dev=+0.00 injected=0.0
[charge_scheduler-1] [INFO] [1785768269.770099933] [charge_scheduler]: [执行事件] loop=global plan_v=0 C2 type=station_turnaround target=-1 station_ord=3 planned_finish=323.07 actual_finish=323.07 dev=+0.00 injected=0.0
[charge_scheduler-1] [INFO] [1785768269.770105512] [charge_scheduler]: [执行事件] loop=global plan_v=0 C3 type=target_service target=25 station_ord=0 planned_finish=323.91 actual_finish=323.91 dev=+0.00 injected=0.0
[charge_scheduler-1] [INFO] [1785768269.770111193] [charge_scheduler]: [执行事件] loop=global plan_v=0 C3 type=station_turnaround target=-1 station_ord=3 planned_finish=338.84 actual_finish=338.84 dev=+0.00 injected=0.0
[charge_scheduler-1] [INFO] [1785768269.770116745] [charge_scheduler]: [执行事件] loop=global plan_v=0 C1 type=target_service target=2 station_ord=0 planned_finish=356.38 actual_finish=356.38 dev=+0.00 injected=0.0
[charge_scheduler-1] [INFO] [1785768269.770122225] [charge_scheduler]: [执行事件] loop=global plan_v=0 C1 type=final_return target=-1 station_ord=0 planned_finish=359.03 actual_finish=359.03 dev=+0.00 injected=0.0
[charge_scheduler-1] [INFO] [1785768269.770127663] [charge_scheduler]: [执行事件] loop=global plan_v=0 C2 type=target_service target=14 station_ord=0 planned_finish=371.37 actual_finish=371.37 dev=+0.00 injected=0.0
[charge_scheduler-1] [INFO] [1785768269.770132966] [charge_scheduler]: [执行事件] loop=global plan_v=0 C2 type=final_return target=-1 station_ord=0 planned_finish=375.64 actual_finish=375.64 dev=+0.00 injected=0.0
[charge_scheduler-1] [INFO] [1785768269.770138213] [charge_scheduler]: [执行事件] loop=global plan_v=0 C3 type=target_service target=17 station_ord=0 planned_finish=384.21 actual_finish=384.21 dev=+0.00 injected=0.0
[charge_scheduler-1] [INFO] [1785768269.770143404] [charge_scheduler]: [执行事件] loop=global plan_v=0 C3 type=final_return target=-1 station_ord=0 planned_finish=386.14 actual_finish=386.14 dev=+0.00 injected=0.0
[charge_scheduler-1] [INFO] [1785768269.770151669] [charge_scheduler]: ★闭环实验结果 mode=open M=30 K=3 disturbance=none delay=0.0 seed=2 N_late=14 T_overtime=221.998 C_total=7366.145 makespan=386.138 served=30 energy_viol=0 reschedules=0 reschedule_ms=0.000 changed_assign=0 changed_order=0 applied_target=0 applied_station=0 initial_solve_ms=49350.118 objective_order=Tover,Nlate,Ctotal
[charge_scheduler-1] [INFO] [1785768269.770161454] [charge_scheduler]: ★闭环实验结果 mode=fixed M=30 K=3 disturbance=none delay=0.0 seed=2 N_late=14 T_overtime=221.998 C_total=7366.145 makespan=386.138 served=30 energy_viol=0 reschedules=0 reschedule_ms=0.000 changed_assign=0 changed_order=0 applied_target=0 applied_station=0 initial_solve_ms=49350.118 objective_order=Tover,Nlate,Ctotal
[charge_scheduler-1] [INFO] [1785768269.770168209] [charge_scheduler]: ★闭环实验收益 policy=fixed M=30 K=3 disturbance=none delay=0.0 seed=2 recovered_late=0 overtime_reduction=0.000 distance_delta=0.000 makespan_reduction=0.000
[charge_scheduler-1] [INFO] [1785768269.770173367] [charge_scheduler]: ★闭环实验结果 mode=closed M=30 K=3 disturbance=none delay=0.0 seed=2 N_late=14 T_overtime=221.998 C_total=7366.145 makespan=386.138 served=30 energy_viol=0 reschedules=0 reschedule_ms=0.000 changed_assign=0 changed_order=0 applied_target=0 applied_station=0 initial_solve_ms=49350.118 objective_order=Tover,Nlate,Ctotal
[charge_scheduler-1] [INFO] [1785768269.770181919] [charge_scheduler]: ★闭环实验收益 policy=closed M=30 K=3 disturbance=none delay=0.0 seed=2 recovered_late=0 overtime_reduction=0.000 distance_delta=0.000 makespan_reduction=0.000
