[INFO] [launch]: All log files can be found below /root/.ros/log/2026-08-03-14-19-46-603180-YYYY-55050
[INFO] [launch]: Default logging verbosity is set to INFO
[INFO] [charge_scheduler-1]: process started with pid [55054]
[charge_scheduler-1] [INFO] [1785766786.723688079] [charge_scheduler]: [目标顺序] objective_order=Tover,Nlate,Ctotal
[charge_scheduler-1] [INFO] [1785766786.724484474] [charge_scheduler]: [Scheduler] 20辆车 | 电池800.0kWh(20%=160.0 80%=640.0) | 充电360kW效率97% | 行驶0.6kWh/km | 桩350kW
[charge_scheduler-1] [INFO] [1785766786.724536064] [charge_scheduler]: [Scheduler] 站端周转: 换电 10 min(换后满电) | 单趟可用 640 kWh
[charge_scheduler-1] [INFO] [1785766786.724561748] [charge_scheduler]:   车#0 [电动装载机282|light] 位置(3865.2,73751.0) 容量282kWh 剩余35% | α=6→6min/% τ=168min → 需130.8kWh(充21.2min)
[charge_scheduler-1] [INFO] [1785766786.724588451] [charge_scheduler]:   车#1 [重型叉车|light] 位置(3785.0,73749.2) 容量200kWh 剩余20% | α=6→6min/% τ=96min → 需123.7kWh(充20.0min)
[charge_scheduler-1] [INFO] [1785766786.724609904] [charge_scheduler]:   车#2 [电动装载机350|light] 位置(3811.5,73799.9) 容量350kWh 剩余50% | α=6→6min/% τ=288min → 需108.2kWh(充17.5min)
[charge_scheduler-1] [INFO] [1785766786.724630588] [charge_scheduler]:   车#3 [重型叉车|light] 位置(3810.8,73773.1) 容量200kWh 剩余10% | α=6→6min/% τ=32min → 需144.3kWh(充23.3min)
[charge_scheduler-1] [INFO] [1785766786.724656518] [charge_scheduler]:   车#4 [电动装载机282|heavy→降级] 位置(3905.0,73793.5) 容量282kWh 剩余60% | α=3→6min/% τ=212min → 需58.1kWh(充9.4min)
[charge_scheduler-1] [INFO] [1785766786.724677440] [charge_scheduler]:   车#5 [电动装载机350|light] 位置(3894.3,73756.9) 容量350kWh 剩余25% | α=6→6min/% τ=128min → 需198.5kWh(充32.1min)
[charge_scheduler-1] [INFO] [1785766786.724696712] [charge_scheduler]:   车#6 [电动装载机350|heavy→降级] 位置(3818.5,73716.2) 容量350kWh 剩余40% | α=4→6min/% τ=176min → 需144.3kWh(充23.3min)
[charge_scheduler-1] [INFO] [1785766786.724715672] [charge_scheduler]:   车#7 [重型叉车|light] 位置(3733.2,73772.4) 容量200kWh 剩余15% | α=6→6min/% τ=64min → 需134.0kWh(充21.7min)
[charge_scheduler-1] [INFO] [1785766786.724734850] [charge_scheduler]:   车#8 [电动装载机282|heavy→降级] 位置(3764.7,73699.0) 容量282kWh 剩余55% | α=3→6min/% τ=196min → 需72.7kWh(充11.8min)
[charge_scheduler-1] [INFO] [1785766786.724753751] [charge_scheduler]:   车#9 [电动装载机282|heavy→降级] 位置(3878.4,73747.9) 容量282kWh 剩余30% | α=3→6min/% τ=116min → 需145.4kWh(充23.5min)
[charge_scheduler-1] [INFO] [1785766786.724778106] [charge_scheduler]:   车#10 [电动装载机282|light] 位置(3740.3,73686.9) 容量282kWh 剩余45% | α=6→6min/% τ=224min → 需101.8kWh(充16.4min)
[charge_scheduler-1] [INFO] [1785766786.724797479] [charge_scheduler]:   车#11 [电动装载机350|light] 位置(3895.4,73811.9) 容量350kWh 剩余18% | α=6→6min/% τ=83min → 需223.7kWh(充36.2min)
[charge_scheduler-1] [INFO] [1785766786.724816005] [charge_scheduler]:   车#12 [重型叉车|heavy→降级] 位置(3876.0,73830.2) 容量200kWh 剩余62% | α=3→6min/% τ=230min → 需37.1kWh(充6.0min)
[charge_scheduler-1] [INFO] [1785766786.724835753] [charge_scheduler]:   车#13 [电动装载机282|light] 位置(3765.9,73790.3) 容量282kWh 剩余28% | α=6→6min/% τ=129min → 需151.2kWh(充24.4min)
[charge_scheduler-1] [INFO] [1785766786.724855194] [charge_scheduler]:   车#14 [电动装载机350|light] 位置(3637.1,73698.1) 容量350kWh 剩余52% | α=6→6min/% τ=301min → 需101.0kWh(充16.3min)
[charge_scheduler-1] [INFO] [1785766786.724873981] [charge_scheduler]:   车#15 [重型叉车|light] 位置(3884.5,73833.1) 容量200kWh 剩余12% | α=6→6min/% τ=45min → 需140.2kWh(充22.7min)
[charge_scheduler-1] [INFO] [1785766786.724892453] [charge_scheduler]:   车#16 [电动装载机282|light] 位置(3699.3,73765.4) 容量282kWh 剩余38% | α=6→6min/% τ=185min → 需122.1kWh(充19.7min)
[charge_scheduler-1] [INFO] [1785766786.724916943] [charge_scheduler]:   车#17 [电动装载机350|light] 位置(3800.8,73717.7) 容量350kWh 剩余58% | α=6→6min/% τ=339min → 需79.4kWh(充12.8min)
[charge_scheduler-1] [INFO] [1785766786.724935892] [charge_scheduler]:   车#18 [重型叉车|heavy→降级] 位置(3825.0,73792.7) 容量200kWh 剩余22% | α=3→6min/% τ=102min → 需119.6kWh(充19.3min)
[charge_scheduler-1] [INFO] [1785766786.724954291] [charge_scheduler]:   车#19 [电动装载机282|light] 位置(3784.3,73759.0) 容量282kWh 剩余48% | α=6→6min/% τ=241min → 需93.0kWh(充15.0min)
[charge_scheduler-1] [INFO] [1785766786.736193611] [charge_scheduler]: [Scheduler] 闭环接口: threshold=10.0min | event_sim=on | policy=all | structured_feedback=optional (/task_planner/execution_event)
[charge_scheduler-1] [INFO] [1785766786.736256699] [charge_scheduler]: [Scheduler] 已启动, 等待地图...
[charge_scheduler-1] [INFO] [1785766786.736274687] [charge_scheduler]: [Scheduler] 充电车1接口: sequence/served/arrived_target/arrived_station/return_goal/task_complete 后缀=_1
[charge_scheduler-1] [INFO] [1785766786.736289285] [charge_scheduler]: [Scheduler] 充电车2接口: sequence/served/arrived_target/arrived_station/return_goal/task_complete 后缀=_2
[charge_scheduler-1] [INFO] [1785766786.826760424] [charge_scheduler]: [Scheduler] RoutingGraph 就绪
[charge_scheduler-1] [INFO] [1785766786.827319875] [charge_scheduler]: [Scheduler] 提取到 0 条虚线捷径
[charge_scheduler-1] [INFO] [1785766786.857079700] [charge_scheduler]: [Scheduler] 下层兼容增强图: 190 节点, 0 条虚线掉头边
[charge_scheduler-1] [INFO] [1785766796.314479549] [charge_scheduler]: [Scheduler] 距离矩阵完成 21x21, 9457.3 ms | 模式=maneuver | 真实不可达=0 抽象不可达=0 | 缺少对向投影节点=0 | 对向识别(ID/几何/法向)=0/0/0 | 单向驿站投影=0
[charge_scheduler-1] [INFO] [1785766796.314556335] [charge_scheduler]:   ✓ 比值自检：420 个 OD 满足 机动/直线≥1 | 均值=3.73 最大=54.86 (车#15→车#12)
[charge_scheduler-1] [INFO] [1785766796.314572244] [charge_scheduler]: [Scheduler] 地图就绪, 190 条 lanelet（与下层一致）
[charge_scheduler-1] [INFO] [1785766796.314649117] [charge_scheduler]: ======== 开始VRPTW调度 20 辆车 ========
[charge_scheduler-1] [INFO] [1785766796.314656827] [charge_scheduler]:   规模20>8 → 启发式(alns)
[charge_scheduler-1] [INFO] [1785766807.913045951] [charge_scheduler]: [ALNS] objective_order=Tover,Nlate,Ctotal seed=6 iters=15000 | N_late=9(成功率55.0%) T_overtime=185.6min C_total=5376.3m | 趟数=8 makespan=397.1min
[charge_scheduler-1] [INFO] [1785766807.913101417] [charge_scheduler]:   求解耗时 11598.4 ms
[charge_scheduler-1] [INFO] [1785766807.913112076] [charge_scheduler]: ════════ 调度结果 ════════
[charge_scheduler-1] [INFO] [1785766807.913118661] [charge_scheduler]:   ★目标(字典序): objective_order=Tover,Nlate,Ctotal | N_late=9 辆 (按时成功率 11/20 = 55.0%)  T_overtime=185.6min  C_total=5376.3m
[charge_scheduler-1] [INFO] [1785766807.913127032] [charge_scheduler]:   附: 趟数=8 | makespan=397.1min | 能量可行=是
[charge_scheduler-1] [INFO] [1785766807.913141240] [charge_scheduler]:   [充电车2] 趟1: 站 → 车#8(到2.5/限196.0✓) → 车#3(到16.4/限32.0✓) → 车#15(到42.8/限44.8✓) → 车#7(到72.4/限64.0✗超时) → 站
[charge_scheduler-1] [INFO] [1785766807.913151112] [charge_scheduler]:   [充电车1] 趟2: 站 → 车#4(到4.6/限212.0✓) → 车#11(到15.0/限83.2✓) → 车#9(到53.8/限116.0✓) → 车#1(到85.8/限96.0✓) → 站
[charge_scheduler-1] [INFO] [1785766807.913159649] [charge_scheduler]:   [充电车2] 趟3: 站 → 车#18(到112.2/限102.4✗超时) → 车#13(到142.2/限128.8✗超时) → 车#16(到180.3/限184.8✓) → 站
[charge_scheduler-1] [INFO] [1785766807.913167510] [charge_scheduler]:   [充电车1] 趟4: 站 → 车#5(到127.0/限128.0✓) → 车#0(到175.0/限168.0✗超时) → 车#12(到212.0/限230.4✓) → 站
[charge_scheduler-1] [INFO] [1785766807.913175223] [charge_scheduler]:   [充电车2] 趟5: 站 → 车#10(到229.9/限224.0✗超时) → 车#6(到268.8/限176.0✗超时) → 站
[charge_scheduler-1] [INFO] [1785766807.913182996] [charge_scheduler]:   [充电车1] 趟6: 站 → 车#19(到251.4/限240.8✗超时) → 车#2(到287.8/限288.0✓) → 站
[charge_scheduler-1] [INFO] [1785766807.913189439] [charge_scheduler]:   [充电车1] 趟7: 站 → 车#17(到349.8/限339.2✗超时) → 站
[charge_scheduler-1] [INFO] [1785766807.913195440] [charge_scheduler]:   [充电车2] 趟8: 站 → 车#14(到327.9/限300.8✗超时) → 站
[charge_scheduler-1] [INFO] [1785766807.913200288] [charge_scheduler]: ════════════════════════
[charge_scheduler-1] [INFO] [1785766807.913267195] [charge_scheduler]: [扰动清单] type=target delay=30.0min targets={9,13,} station={}
[charge_scheduler-1] [INFO] [1785766807.913288423] [charge_scheduler]: [执行事件] loop=open plan_v=0 C2 type=target_service target=8 station_ord=0 planned_finish=14.59 actual_finish=14.59 dev=+0.00 injected=0.0
[charge_scheduler-1] [INFO] [1785766807.913299644] [charge_scheduler]: [执行事件] loop=open plan_v=0 C1 type=target_service target=4 station_ord=0 planned_finish=14.62 actual_finish=14.62 dev=+0.00 injected=0.0
[charge_scheduler-1] [INFO] [1785766807.913338042] [charge_scheduler]: [执行事件] loop=open plan_v=0 C2 type=target_service target=3 station_ord=0 planned_finish=40.55 actual_finish=40.55 dev=+0.00 injected=0.0
[charge_scheduler-1] [INFO] [1785766807.913348194] [charge_scheduler]: [执行事件] loop=open plan_v=0 C1 type=target_service target=11 station_ord=0 planned_finish=52.50 actual_finish=52.50 dev=+0.00 injected=0.0
[charge_scheduler-1] [INFO] [1785766807.913358020] [charge_scheduler]: [执行事件] loop=open plan_v=0 C2 type=target_service target=15 station_ord=0 planned_finish=67.75 actual_finish=67.75 dev=+0.00 injected=0.0
[charge_scheduler-1] [INFO] [1785766807.913368544] [charge_scheduler]: [执行事件] loop=open plan_v=0 C2 type=target_service target=7 station_ord=0 planned_finish=97.36 actual_finish=97.36 dev=+0.00 injected=0.0
[charge_scheduler-1] [INFO] [1785766807.913377729] [charge_scheduler]: [执行事件] loop=open plan_v=0 C2 type=station_turnaround target=-1 station_ord=1 planned_finish=109.29 actual_finish=109.29 dev=+0.00 injected=0.0
[charge_scheduler-1] [INFO] [1785766807.913387469] [charge_scheduler]: [执行事件] loop=open plan_v=0 C1 type=target_service target=9 station_ord=0 planned_finish=83.88 actual_finish=113.88 dev=+30.00 injected=30.0
[charge_scheduler-1] [INFO] [1785766807.913396797] [charge_scheduler]: [执行事件] loop=open plan_v=0 C2 type=target_service target=18 station_ord=0 planned_finish=137.25 actual_finish=137.25 dev=+0.00 injected=0.0
[charge_scheduler-1] [INFO] [1785766807.913406042] [charge_scheduler]: [执行事件] loop=open plan_v=0 C1 type=target_service target=1 station_ord=0 planned_finish=110.24 actual_finish=140.77 dev=+30.53 injected=0.0
[charge_scheduler-1] [INFO] [1785766807.913414683] [charge_scheduler]: [执行事件] loop=open plan_v=0 C1 type=station_turnaround target=-1 station_ord=1 planned_finish=121.78 actual_finish=152.31 dev=+30.53 injected=0.0
[charge_scheduler-1] [INFO] [1785766807.913423846] [charge_scheduler]: [执行事件] loop=open plan_v=0 C1 type=target_service target=5 station_ord=0 planned_finish=170.65 actual_finish=201.28 dev=+30.62 injected=0.0
[charge_scheduler-1] [INFO] [1785766807.913432972] [charge_scheduler]: [执行事件] loop=open plan_v=0 C2 type=target_service target=13 station_ord=0 planned_finish=177.42 actual_finish=207.42 dev=+30.00 injected=30.0
[charge_scheduler-1] [INFO] [1785766807.913441754] [charge_scheduler]: [执行事件] loop=open plan_v=0 C1 type=target_service target=0 station_ord=0 planned_finish=210.23 actual_finish=240.85 dev=+30.62 injected=0.0
[charge_scheduler-1] [INFO] [1785766807.913450463] [charge_scheduler]: [执行事件] loop=open plan_v=0 C2 type=target_service target=16 station_ord=0 planned_finish=215.22 actual_finish=245.60 dev=+30.37 injected=0.0
[charge_scheduler-1] [INFO] [1785766807.913459873] [charge_scheduler]: [执行事件] loop=open plan_v=0 C2 type=station_turnaround target=-1 station_ord=2 planned_finish=227.84 actual_finish=258.21 dev=+30.37 injected=0.0
[charge_scheduler-1] [INFO] [1785766807.913469074] [charge_scheduler]: [执行事件] loop=open plan_v=0 C1 type=target_service target=12 station_ord=0 planned_finish=236.06 actual_finish=267.64 dev=+31.58 injected=0.0
[charge_scheduler-1] [INFO] [1785766807.913478817] [charge_scheduler]: [执行事件] loop=open plan_v=0 C1 type=station_turnaround target=-1 station_ord=2 planned_finish=250.23 actual_finish=281.81 dev=+31.58 injected=0.0
[charge_scheduler-1] [INFO] [1785766807.913488898] [charge_scheduler]: [执行事件] loop=open plan_v=0 C2 type=target_service target=10 station_ord=0 planned_finish=265.16 actual_finish=295.54 dev=+30.37 injected=0.0
[charge_scheduler-1] [INFO] [1785766807.913497600] [charge_scheduler]: [执行事件] loop=open plan_v=0 C1 type=target_service target=19 station_ord=0 planned_finish=286.70 actual_finish=318.28 dev=+31.58 injected=0.0
[charge_scheduler-1] [INFO] [1785766807.913506443] [charge_scheduler]: [执行事件] loop=open plan_v=0 C2 type=target_service target=6 station_ord=0 planned_finish=312.55 actual_finish=342.93 dev=+30.37 injected=0.0
[charge_scheduler-1] [INFO] [1785766807.913516220] [charge_scheduler]: [执行事件] loop=open plan_v=0 C2 type=station_turnaround target=-1 station_ord=3 planned_finish=324.88 actual_finish=355.25 dev=+30.37 injected=0.0
[charge_scheduler-1] [INFO] [1785766807.913532303] [charge_scheduler]: [执行事件] loop=open plan_v=0 C1 type=target_service target=2 station_ord=0 planned_finish=331.55 actual_finish=363.15 dev=+31.60 injected=0.0
[charge_scheduler-1] [INFO] [1785766807.913542144] [charge_scheduler]: [执行事件] loop=open plan_v=0 C1 type=station_turnaround target=-1 station_ord=3 planned_finish=348.11 actual_finish=379.71 dev=+31.60 injected=0.0
[charge_scheduler-1] [INFO] [1785766807.913552277] [charge_scheduler]: [执行事件] loop=open plan_v=0 C2 type=target_service target=14 station_ord=0 planned_finish=371.62 actual_finish=401.99 dev=+30.37 injected=0.0
[charge_scheduler-1] [INFO] [1785766807.913562227] [charge_scheduler]: [执行事件] loop=open plan_v=0 C2 type=final_return target=-1 station_ord=0 planned_finish=375.32 actual_finish=405.69 dev=+30.37 injected=0.0
[charge_scheduler-1] [INFO] [1785766807.913583947] [charge_scheduler]: [执行事件] loop=open plan_v=0 C1 type=target_service target=17 station_ord=0 planned_finish=393.58 actual_finish=425.18 dev=+31.60 injected=0.0
[charge_scheduler-1] [INFO] [1785766807.913593568] [charge_scheduler]: [执行事件] loop=open plan_v=0 C1 type=final_return target=-1 station_ord=0 planned_finish=397.15 actual_finish=428.74 dev=+31.60 injected=0.0
[charge_scheduler-1] [INFO] [1785766807.913611962] [charge_scheduler]: [执行事件] loop=fixed plan_v=0 C2 type=target_service target=8 station_ord=0 planned_finish=14.59 actual_finish=14.59 dev=+0.00 injected=0.0
[charge_scheduler-1] [INFO] [1785766807.913624464] [charge_scheduler]: [执行事件] loop=fixed plan_v=0 C1 type=target_service target=4 station_ord=0 planned_finish=14.62 actual_finish=14.62 dev=+0.00 injected=0.0
[charge_scheduler-1] [INFO] [1785766807.913630023] [charge_scheduler]: [执行事件] loop=fixed plan_v=0 C2 type=target_service target=3 station_ord=0 planned_finish=40.55 actual_finish=40.55 dev=+0.00 injected=0.0
[charge_scheduler-1] [INFO] [1785766807.913635375] [charge_scheduler]: [执行事件] loop=fixed plan_v=0 C1 type=target_service target=11 station_ord=0 planned_finish=52.50 actual_finish=52.50 dev=+0.00 injected=0.0
[charge_scheduler-1] [INFO] [1785766807.913641162] [charge_scheduler]: [执行事件] loop=fixed plan_v=0 C2 type=target_service target=15 station_ord=0 planned_finish=67.75 actual_finish=67.75 dev=+0.00 injected=0.0
[charge_scheduler-1] [INFO] [1785766807.913646550] [charge_scheduler]: [执行事件] loop=fixed plan_v=0 C2 type=target_service target=7 station_ord=0 planned_finish=97.36 actual_finish=97.36 dev=+0.00 injected=0.0
[charge_scheduler-1] [INFO] [1785766807.913651916] [charge_scheduler]: [执行事件] loop=fixed plan_v=0 C2 type=station_turnaround target=-1 station_ord=1 planned_finish=109.29 actual_finish=109.29 dev=+0.00 injected=0.0
[charge_scheduler-1] [INFO] [1785766807.913658068] [charge_scheduler]: [执行事件] loop=fixed plan_v=0 C1 type=target_service target=9 station_ord=0 planned_finish=83.88 actual_finish=113.88 dev=+30.00 injected=30.0
[charge_scheduler-1] [WARN] [1785766808.178612319] [charge_scheduler]: [重调度事件] policy=fixed #1 t=113.88min trigger=C1/target_service dev=+30.00 pool=12 committed=1 plan_v=1 solve_ms=264.9 changed_assign=0 changed_order=6
[charge_scheduler-1] [INFO] [1785766808.178660756] [charge_scheduler]: [执行事件] loop=fixed plan_v=0 C2 type=target_service target=18 station_ord=0 planned_finish=137.25 actual_finish=137.25 dev=+0.00 injected=0.0
[charge_scheduler-1] [INFO] [1785766808.178671545] [charge_scheduler]: [执行事件] loop=fixed plan_v=1 C1 type=target_service target=1 station_ord=0 planned_finish=140.77 actual_finish=140.77 dev=+0.00 injected=0.0
[charge_scheduler-1] [INFO] [1785766808.178678188] [charge_scheduler]: [执行事件] loop=fixed plan_v=1 C1 type=station_turnaround target=-1 station_ord=1 planned_finish=152.31 actual_finish=152.31 dev=+0.00 injected=0.0
[charge_scheduler-1] [INFO] [1785766808.178684335] [charge_scheduler]: [执行事件] loop=fixed plan_v=1 C1 type=target_service target=0 station_ord=0 planned_finish=189.28 actual_finish=189.28 dev=+0.00 injected=0.0
[charge_scheduler-1] [INFO] [1785766808.178690147] [charge_scheduler]: [执行事件] loop=fixed plan_v=1 C2 type=target_service target=13 station_ord=0 planned_finish=177.42 actual_finish=207.42 dev=+30.00 injected=30.0
[charge_scheduler-1] [WARN] [1785766808.339135442] [charge_scheduler]: [重调度事件] policy=fixed #2 t=207.42min trigger=C2/target_service dev=+30.00 pool=8 committed=1 plan_v=2 solve_ms=160.4 changed_assign=0 changed_order=2
[charge_scheduler-1] [INFO] [1785766808.339205314] [charge_scheduler]: [执行事件] loop=fixed plan_v=1 C1 type=target_service target=12 station_ord=0 planned_finish=214.01 actual_finish=214.01 dev=+0.00 injected=0.0
[charge_scheduler-1] [INFO] [1785766808.339215914] [charge_scheduler]: [执行事件] loop=fixed plan_v=2 C2 type=target_service target=16 station_ord=0 planned_finish=245.60 actual_finish=245.60 dev=+0.00 injected=0.0
[charge_scheduler-1] [INFO] [1785766808.339222781] [charge_scheduler]: [执行事件] loop=fixed plan_v=2 C2 type=station_turnaround target=-1 station_ord=2 planned_finish=258.21 actual_finish=258.21 dev=+0.00 injected=0.0
[charge_scheduler-1] [INFO] [1785766808.339228959] [charge_scheduler]: [执行事件] loop=fixed plan_v=2 C1 type=target_service target=5 station_ord=0 planned_finish=265.07 actual_finish=265.07 dev=+0.00 injected=0.0
[charge_scheduler-1] [INFO] [1785766808.339234912] [charge_scheduler]: [执行事件] loop=fixed plan_v=2 C1 type=station_turnaround target=-1 station_ord=2 planned_finish=278.67 actual_finish=278.67 dev=+0.00 injected=0.0
[charge_scheduler-1] [INFO] [1785766808.339240588] [charge_scheduler]: [执行事件] loop=fixed plan_v=2 C2 type=target_service target=10 station_ord=0 planned_finish=295.54 actual_finish=295.54 dev=+0.00 injected=0.0
[charge_scheduler-1] [INFO] [1785766808.339249099] [charge_scheduler]: [执行事件] loop=fixed plan_v=2 C1 type=target_service target=19 station_ord=0 planned_finish=315.14 actual_finish=315.14 dev=+0.00 injected=0.0
[charge_scheduler-1] [INFO] [1785766808.339257981] [charge_scheduler]: [执行事件] loop=fixed plan_v=2 C2 type=target_service target=6 station_ord=0 planned_finish=342.93 actual_finish=342.93 dev=+0.00 injected=0.0
[charge_scheduler-1] [INFO] [1785766808.339263976] [charge_scheduler]: [执行事件] loop=fixed plan_v=2 C2 type=station_turnaround target=-1 station_ord=3 planned_finish=355.25 actual_finish=355.25 dev=+0.00 injected=0.0
[charge_scheduler-1] [INFO] [1785766808.339269505] [charge_scheduler]: [执行事件] loop=fixed plan_v=2 C1 type=target_service target=2 station_ord=0 planned_finish=360.01 actual_finish=360.01 dev=+0.00 injected=0.0
[charge_scheduler-1] [INFO] [1785766808.339274770] [charge_scheduler]: [执行事件] loop=fixed plan_v=2 C1 type=station_turnaround target=-1 station_ord=3 planned_finish=376.58 actual_finish=376.58 dev=+0.00 injected=0.0
[charge_scheduler-1] [INFO] [1785766808.339280210] [charge_scheduler]: [执行事件] loop=fixed plan_v=2 C2 type=target_service target=14 station_ord=0 planned_finish=401.99 actual_finish=401.99 dev=+0.00 injected=0.0
[charge_scheduler-1] [INFO] [1785766808.339285651] [charge_scheduler]: [执行事件] loop=fixed plan_v=2 C2 type=final_return target=-1 station_ord=0 planned_finish=405.69 actual_finish=405.69 dev=+0.00 injected=0.0
[charge_scheduler-1] [INFO] [1785766808.339291189] [charge_scheduler]: [执行事件] loop=fixed plan_v=2 C1 type=target_service target=17 station_ord=0 planned_finish=422.04 actual_finish=422.04 dev=+0.00 injected=0.0
[charge_scheduler-1] [INFO] [1785766808.339296490] [charge_scheduler]: [执行事件] loop=fixed plan_v=2 C1 type=final_return target=-1 station_ord=0 planned_finish=425.61 actual_finish=425.61 dev=+0.00 injected=0.0
[charge_scheduler-1] [INFO] [1785766808.339315368] [charge_scheduler]: [执行事件] loop=global plan_v=0 C2 type=target_service target=8 station_ord=0 planned_finish=14.59 actual_finish=14.59 dev=+0.00 injected=0.0
[charge_scheduler-1] [INFO] [1785766808.339330663] [charge_scheduler]: [执行事件] loop=global plan_v=0 C1 type=target_service target=4 station_ord=0 planned_finish=14.62 actual_finish=14.62 dev=+0.00 injected=0.0
[charge_scheduler-1] [INFO] [1785766808.339336461] [charge_scheduler]: [执行事件] loop=global plan_v=0 C2 type=target_service target=3 station_ord=0 planned_finish=40.55 actual_finish=40.55 dev=+0.00 injected=0.0
[charge_scheduler-1] [INFO] [1785766808.339342158] [charge_scheduler]: [执行事件] loop=global plan_v=0 C1 type=target_service target=11 station_ord=0 planned_finish=52.50 actual_finish=52.50 dev=+0.00 injected=0.0
[charge_scheduler-1] [INFO] [1785766808.339348757] [charge_scheduler]: [执行事件] loop=global plan_v=0 C2 type=target_service target=15 station_ord=0 planned_finish=67.75 actual_finish=67.75 dev=+0.00 injected=0.0
[charge_scheduler-1] [INFO] [1785766808.339354627] [charge_scheduler]: [执行事件] loop=global plan_v=0 C2 type=target_service target=7 station_ord=0 planned_finish=97.36 actual_finish=97.36 dev=+0.00 injected=0.0
[charge_scheduler-1] [INFO] [1785766808.339363672] [charge_scheduler]: [执行事件] loop=global plan_v=0 C2 type=station_turnaround target=-1 station_ord=1 planned_finish=109.29 actual_finish=109.29 dev=+0.00 injected=0.0
[charge_scheduler-1] [INFO] [1785766808.339369877] [charge_scheduler]: [执行事件] loop=global plan_v=0 C1 type=target_service target=9 station_ord=0 planned_finish=83.88 actual_finish=113.88 dev=+30.00 injected=30.0
[charge_scheduler-1] [WARN] [1785766809.203078037] [charge_scheduler]: [重调度事件] policy=global #1 t=113.88min trigger=C1/target_service dev=+30.00 pool=12 committed=1 plan_v=1 solve_ms=863.7 changed_assign=3 changed_order=7
[charge_scheduler-1] [INFO] [1785766809.203129090] [charge_scheduler]: [执行事件] loop=global plan_v=0 C2 type=target_service target=18 station_ord=0 planned_finish=137.25 actual_finish=137.25 dev=+0.00 injected=0.0
[charge_scheduler-1] [INFO] [1785766809.203142743] [charge_scheduler]: [执行事件] loop=global plan_v=1 C1 type=target_service target=1 station_ord=0 planned_finish=140.77 actual_finish=140.77 dev=+0.00 injected=0.0
[charge_scheduler-1] [INFO] [1785766809.203152504] [charge_scheduler]: [执行事件] loop=global plan_v=1 C1 type=station_turnaround target=-1 station_ord=1 planned_finish=152.31 actual_finish=152.31 dev=+0.00 injected=0.0
[charge_scheduler-1] [INFO] [1785766809.203161727] [charge_scheduler]: [执行事件] loop=global plan_v=1 C1 type=target_service target=0 station_ord=0 planned_finish=189.28 actual_finish=189.28 dev=+0.00 injected=0.0
[charge_scheduler-1] [INFO] [1785766809.203170770] [charge_scheduler]: [执行事件] loop=global plan_v=1 C2 type=target_service target=13 station_ord=0 planned_finish=177.42 actual_finish=207.42 dev=+30.00 injected=30.0
[charge_scheduler-1] [WARN] [1785766809.531476095] [charge_scheduler]: [重调度事件] policy=global #2 t=207.42min trigger=C2/target_service dev=+30.00 pool=8 committed=1 plan_v=2 solve_ms=328.3 changed_assign=5 changed_order=4
[charge_scheduler-1] [INFO] [1785766809.531520683] [charge_scheduler]: [执行事件] loop=global plan_v=1 C1 type=target_service target=12 station_ord=0 planned_finish=214.01 actual_finish=214.01 dev=+0.00 injected=0.0
[charge_scheduler-1] [INFO] [1785766809.531529849] [charge_scheduler]: [执行事件] loop=global plan_v=2 C2 type=target_service target=16 station_ord=0 planned_finish=245.60 actual_finish=245.60 dev=+0.00 injected=0.0
[charge_scheduler-1] [INFO] [1785766809.531536783] [charge_scheduler]: [执行事件] loop=global plan_v=2 C2 type=station_turnaround target=-1 station_ord=2 planned_finish=258.21 actual_finish=258.21 dev=+0.00 injected=0.0
[charge_scheduler-1] [INFO] [1785766809.531542840] [charge_scheduler]: [执行事件] loop=global plan_v=2 C1 type=target_service target=6 station_ord=0 planned_finish=260.95 actual_finish=260.95 dev=+0.00 injected=0.0
[charge_scheduler-1] [INFO] [1785766809.531548713] [charge_scheduler]: [执行事件] loop=global plan_v=2 C1 type=station_turnaround target=-1 station_ord=2 planned_finish=273.27 actual_finish=273.27 dev=+0.00 injected=0.0
[charge_scheduler-1] [INFO] [1785766809.531554154] [charge_scheduler]: [执行事件] loop=global plan_v=2 C2 type=target_service target=19 station_ord=0 planned_finish=294.68 actual_finish=294.68 dev=+0.00 injected=0.0
[charge_scheduler-1] [INFO] [1785766809.531559718] [charge_scheduler]: [执行事件] loop=global plan_v=2 C1 type=target_service target=10 station_ord=0 planned_finish=310.60 actual_finish=310.60 dev=+0.00 injected=0.0
[charge_scheduler-1] [INFO] [1785766809.531565333] [charge_scheduler]: [执行事件] loop=global plan_v=2 C2 type=target_service target=2 station_ord=0 planned_finish=339.56 actual_finish=339.56 dev=+0.00 injected=0.0
[charge_scheduler-1] [INFO] [1785766809.531571222] [charge_scheduler]: [执行事件] loop=global plan_v=2 C2 type=station_turnaround target=-1 station_ord=3 planned_finish=356.12 actual_finish=356.12 dev=+0.00 injected=0.0
[charge_scheduler-1] [INFO] [1785766809.531577065] [charge_scheduler]: [执行事件] loop=global plan_v=2 C1 type=target_service target=14 station_ord=0 planned_finish=358.37 actual_finish=358.37 dev=+0.00 injected=0.0
[charge_scheduler-1] [INFO] [1785766809.531582756] [charge_scheduler]: [执行事件] loop=global plan_v=2 C1 type=station_turnaround target=-1 station_ord=3 planned_finish=372.07 actual_finish=372.07 dev=+0.00 injected=0.0
[charge_scheduler-1] [INFO] [1785766809.531614215] [charge_scheduler]: [执行事件] loop=global plan_v=2 C2 type=target_service target=5 station_ord=0 planned_finish=405.08 actual_finish=405.08 dev=+0.00 injected=0.0
[charge_scheduler-1] [INFO] [1785766809.531620080] [charge_scheduler]: [执行事件] loop=global plan_v=2 C2 type=final_return target=-1 station_ord=0 planned_finish=408.69 actual_finish=408.69 dev=+0.00 injected=0.0
[charge_scheduler-1] [INFO] [1785766809.531625926] [charge_scheduler]: [执行事件] loop=global plan_v=2 C1 type=target_service target=17 station_ord=0 planned_finish=417.54 actual_finish=417.54 dev=+0.00 injected=0.0
[charge_scheduler-1] [INFO] [1785766809.531631377] [charge_scheduler]: [执行事件] loop=global plan_v=2 C1 type=final_return target=-1 station_ord=0 planned_finish=421.10 actual_finish=421.10 dev=+0.00 injected=0.0
[charge_scheduler-1] [INFO] [1785766809.531641945] [charge_scheduler]: ★闭环实验结果 mode=open M=20 K=2 disturbance=target delay=30.0 seed=6 N_late=14 T_overtime=489.016 C_total=5376.299 makespan=428.744 served=20 energy_viol=2 reschedules=0 reschedule_ms=0.000 changed_assign=0 changed_order=0 applied_target=2 applied_station=0 initial_solve_ms=11598.444 objective_order=Tover,Nlate,Ctotal
[charge_scheduler-1] [INFO] [1785766809.531651924] [charge_scheduler]: ★闭环实验结果 mode=fixed M=20 K=2 disturbance=target delay=30.0 seed=6 N_late=12 T_overtime=493.561 C_total=5375.973 makespan=425.608 served=20 energy_viol=0 reschedules=2 reschedule_ms=425.313 changed_assign=0 changed_order=8 applied_target=2 applied_station=0 initial_solve_ms=11598.444 objective_order=Tover,Nlate,Ctotal
[charge_scheduler-1] [INFO] [1785766809.531660119] [charge_scheduler]: ★闭环实验收益 policy=fixed M=20 K=2 disturbance=target delay=30.0 seed=6 recovered_late=2 overtime_reduction=-4.545 distance_delta=-0.326 makespan_reduction=3.136
[charge_scheduler-1] [INFO] [1785766809.531666528] [charge_scheduler]: ★闭环实验结果 mode=closed M=20 K=2 disturbance=target delay=30.0 seed=6 N_late=12 T_overtime=477.611 C_total=5275.276 makespan=421.104 served=20 energy_viol=0 reschedules=2 reschedule_ms=1191.956 changed_assign=8 changed_order=11 applied_target=2 applied_station=0 initial_solve_ms=11598.444 objective_order=Tover,Nlate,Ctotal
[charge_scheduler-1] [INFO] [1785766809.531674299] [charge_scheduler]: ★闭环实验收益 policy=closed M=20 K=2 disturbance=target delay=30.0 seed=6 recovered_late=2 overtime_reduction=11.405 distance_delta=-101.023 makespan_reduction=7.639
