[INFO] [launch]: All log files can be found below /root/.ros/log/2026-08-03-15-23-14-599689-YYYY-68613
[INFO] [launch]: Default logging verbosity is set to INFO
[INFO] [charge_scheduler-1]: process started with pid [68617]
[charge_scheduler-1] [INFO] [1785770594.725117276] [charge_scheduler]: [目标顺序] objective_order=Tover,Nlate,Ctotal
[charge_scheduler-1] [INFO] [1785770594.725760087] [charge_scheduler]: [Scheduler] 30辆车 | 电池800.0kWh(20%=160.0 80%=640.0) | 充电360kW效率97% | 行驶0.6kWh/km | 桩350kW
[charge_scheduler-1] [INFO] [1785770594.725799414] [charge_scheduler]: [Scheduler] 站端周转: 换电 10 min(换后满电) | 单趟可用 640 kWh
[charge_scheduler-1] [INFO] [1785770594.725811122] [charge_scheduler]:   车#0 [电动装载机282|light] 位置(3889.6,73764.7) 容量282kWh 剩余35% | α=6→6min/% τ=168min → 需130.8kWh(充21.2min)
[charge_scheduler-1] [INFO] [1785770594.725830460] [charge_scheduler]:   车#1 [重型叉车|light] 位置(3778.9,73807.0) 容量200kWh 剩余20% | α=6→6min/% τ=96min → 需123.7kWh(充20.0min)
[charge_scheduler-1] [INFO] [1785770594.725847238] [charge_scheduler]:   车#2 [电动装载机350|light] 位置(3794.9,73804.6) 容量350kWh 剩余50% | α=6→6min/% τ=288min → 需108.2kWh(充17.5min)
[charge_scheduler-1] [INFO] [1785770594.725862188] [charge_scheduler]:   车#3 [重型叉车|light] 位置(3806.9,73760.3) 容量200kWh 剩余10% | α=6→6min/% τ=32min → 需144.3kWh(充23.3min)
[charge_scheduler-1] [INFO] [1785770594.725880689] [charge_scheduler]:   车#4 [电动装载机282|heavy→降级] 位置(3705.1,73758.2) 容量282kWh 剩余60% | α=3→6min/% τ=212min → 需58.1kWh(充9.4min)
[charge_scheduler-1] [INFO] [1785770594.725896326] [charge_scheduler]:   车#5 [电动装载机350|light] 位置(3756.5,73770.2) 容量350kWh 剩余25% | α=6→6min/% τ=128min → 需198.5kWh(充32.1min)
[charge_scheduler-1] [INFO] [1785770594.725911062] [charge_scheduler]:   车#6 [电动装载机350|heavy→降级] 位置(3887.4,73809.4) 容量350kWh 剩余40% | α=4→6min/% τ=176min → 需144.3kWh(充23.3min)
[charge_scheduler-1] [INFO] [1785770594.725926163] [charge_scheduler]:   车#7 [重型叉车|light] 位置(3899.0,73786.6) 容量200kWh 剩余15% | α=6→6min/% τ=64min → 需134.0kWh(充21.7min)
[charge_scheduler-1] [INFO] [1785770594.725940569] [charge_scheduler]:   车#8 [电动装载机282|heavy→降级] 位置(3689.7,73663.1) 容量282kWh 剩余55% | α=3→6min/% τ=196min → 需72.7kWh(充11.8min)
[charge_scheduler-1] [INFO] [1785770594.725956606] [charge_scheduler]:   车#9 [电动装载机282|heavy→降级] 位置(3748.4,73767.2) 容量282kWh 剩余30% | α=3→6min/% τ=116min → 需145.4kWh(充23.5min)
[charge_scheduler-1] [INFO] [1785770594.725971533] [charge_scheduler]:   车#10 [电动装载机282|light] 位置(3865.2,73751.0) 容量282kWh 剩余45% | α=6→6min/% τ=224min → 需101.8kWh(充16.4min)
[charge_scheduler-1] [INFO] [1785770594.725993480] [charge_scheduler]:   车#11 [电动装载机350|light] 位置(3785.0,73749.2) 容量350kWh 剩余18% | α=6→6min/% τ=83min → 需223.7kWh(充36.2min)
[charge_scheduler-1] [INFO] [1785770594.726008966] [charge_scheduler]:   车#12 [重型叉车|heavy→降级] 位置(3811.5,73799.9) 容量200kWh 剩余62% | α=3→6min/% τ=230min → 需37.1kWh(充6.0min)
[charge_scheduler-1] [INFO] [1785770594.726024870] [charge_scheduler]:   车#13 [电动装载机282|light] 位置(3810.8,73773.1) 容量282kWh 剩余28% | α=6→6min/% τ=129min → 需151.2kWh(充24.4min)
[charge_scheduler-1] [INFO] [1785770594.726040471] [charge_scheduler]:   车#14 [电动装载机350|light] 位置(3905.0,73793.5) 容量350kWh 剩余52% | α=6→6min/% τ=301min → 需101.0kWh(充16.3min)
[charge_scheduler-1] [INFO] [1785770594.726055867] [charge_scheduler]:   车#15 [重型叉车|light] 位置(3894.3,73756.9) 容量200kWh 剩余12% | α=6→6min/% τ=45min → 需140.2kWh(充22.7min)
[charge_scheduler-1] [INFO] [1785770594.726069037] [charge_scheduler]:   车#16 [电动装载机282|light] 位置(3818.5,73716.2) 容量282kWh 剩余38% | α=6→6min/% τ=185min → 需122.1kWh(充19.7min)
[charge_scheduler-1] [INFO] [1785770594.726083898] [charge_scheduler]:   车#17 [电动装载机350|light] 位置(3733.2,73772.4) 容量350kWh 剩余58% | α=6→6min/% τ=339min → 需79.4kWh(充12.8min)
[charge_scheduler-1] [INFO] [1785770594.726102051] [charge_scheduler]:   车#18 [重型叉车|heavy→降级] 位置(3764.7,73699.0) 容量200kWh 剩余22% | α=3→6min/% τ=102min → 需119.6kWh(充19.3min)
[charge_scheduler-1] [INFO] [1785770594.726117764] [charge_scheduler]:   车#19 [电动装载机282|light] 位置(3878.4,73747.9) 容量282kWh 剩余48% | α=6→6min/% τ=241min → 需93.0kWh(充15.0min)
[charge_scheduler-1] [INFO] [1785770594.726172506] [charge_scheduler]:   车#20 [电动装载机350|light] 位置(3740.3,73686.9) 容量350kWh 剩余33% | α=6→6min/% τ=179min → 需169.6kWh(充27.4min)
[charge_scheduler-1] [INFO] [1785770594.726187782] [charge_scheduler]:   车#21 [重型叉车|heavy→降级] 位置(3895.4,73811.9) 容量200kWh 剩余65% | α=3→6min/% τ=240min → 需30.9kWh(充5.0min)
[charge_scheduler-1] [INFO] [1785770594.726202840] [charge_scheduler]:   车#22 [电动装载机282|light] 位置(3876.0,73830.2) 容量282kWh 剩余16% | α=6→6min/% τ=62min → 需186.1kWh(充30.1min)
[charge_scheduler-1] [INFO] [1785770594.726215761] [charge_scheduler]:   车#23 [电动装载机350|light] 位置(3765.9,73790.3) 容量350kWh 剩余42% | α=6→6min/% τ=237min → 需137.1kWh(充22.2min)
[charge_scheduler-1] [INFO] [1785770594.726231867] [charge_scheduler]:   车#24 [重型叉车|heavy→降级] 位置(3637.1,73698.1) 容量200kWh 剩余25% | α=3→6min/% τ=112min → 需113.4kWh(充18.3min)
[charge_scheduler-1] [INFO] [1785770594.726251379] [charge_scheduler]:   车#25 [电动装载机282|light] 位置(3884.5,73833.1) 容量282kWh 剩余55% | α=6→6min/% τ=280min → 需72.7kWh(充11.8min)
[charge_scheduler-1] [INFO] [1785770594.726265263] [charge_scheduler]:   车#26 [电动装载机350|light] 位置(3699.3,73765.4) 容量350kWh 剩余30% | α=6→6min/% τ=160min → 需180.4kWh(充29.2min)
[charge_scheduler-1] [INFO] [1785770594.726278870] [charge_scheduler]:   车#27 [重型叉车|heavy→降级] 位置(3800.8,73717.7) 容量200kWh 剩余68% | α=3→6min/% τ=250min → 需24.7kWh(充4.0min)
[charge_scheduler-1] [INFO] [1785770594.726293193] [charge_scheduler]:   车#28 [电动装载机282|light] 位置(3825.0,73792.7) 容量282kWh 剩余20% | α=6→6min/% τ=84min → 需174.4kWh(充28.2min)
[charge_scheduler-1] [INFO] [1785770594.726307945] [charge_scheduler]:   车#29 [电动装载机350|light] 位置(3784.3,73759.0) 容量350kWh 剩余36% | α=6→6min/% τ=198min → 需158.8kWh(充25.7min)
[charge_scheduler-1] [INFO] [1785770594.738949873] [charge_scheduler]: [Scheduler] 闭环接口: threshold=10.0min | event_sim=on | policy=all | structured_feedback=optional (/task_planner/execution_event)
[charge_scheduler-1] [INFO] [1785770594.738991214] [charge_scheduler]: [Scheduler] 已启动, 等待地图...
[charge_scheduler-1] [INFO] [1785770594.739005087] [charge_scheduler]: [Scheduler] 充电车1接口: sequence/served/arrived_target/arrived_station/return_goal/task_complete 后缀=_1
[charge_scheduler-1] [INFO] [1785770594.739024267] [charge_scheduler]: [Scheduler] 充电车2接口: sequence/served/arrived_target/arrived_station/return_goal/task_complete 后缀=_2
[charge_scheduler-1] [INFO] [1785770594.739034785] [charge_scheduler]: [Scheduler] 充电车3接口: sequence/served/arrived_target/arrived_station/return_goal/task_complete 后缀=_3
[charge_scheduler-1] [INFO] [1785770594.830041821] [charge_scheduler]: [Scheduler] RoutingGraph 就绪
[charge_scheduler-1] [INFO] [1785770594.830541017] [charge_scheduler]: [Scheduler] 提取到 0 条虚线捷径
[charge_scheduler-1] [INFO] [1785770594.858198881] [charge_scheduler]: [Scheduler] 下层兼容增强图: 190 节点, 0 条虚线掉头边
[charge_scheduler-1] [INFO] [1785770615.603476898] [charge_scheduler]: [Scheduler] 距离矩阵完成 31x31, 20745.2 ms | 模式=maneuver | 真实不可达=0 抽象不可达=0 | 缺少对向投影节点=0 | 对向识别(ID/几何/法向)=0/0/0 | 单向驿站投影=0
[charge_scheduler-1] [INFO] [1785770615.603539960] [charge_scheduler]:   ✓ 比值自检：930 个 OD 满足 机动/直线≥1 | 均值=4.11 最大=62.63 (车#0→车#15)
[charge_scheduler-1] [INFO] [1785770615.603553269] [charge_scheduler]: [Scheduler] 地图就绪, 190 条 lanelet（与下层一致）
[charge_scheduler-1] [INFO] [1785770615.603601051] [charge_scheduler]: ======== 开始VRPTW调度 30 辆车 ========
[charge_scheduler-1] [INFO] [1785770615.603606620] [charge_scheduler]:   规模30>8 → 启发式(alns)
[charge_scheduler-1] [INFO] [1785770661.796946321] [charge_scheduler]: [ALNS] objective_order=Tover,Nlate,Ctotal seed=5 iters=15000 | N_late=12(成功率60.0%) T_overtime=231.6min C_total=7392.7m | 趟数=11 makespan=386.3min
[charge_scheduler-1] [INFO] [1785770661.797031005] [charge_scheduler]:   求解耗时 46193.4 ms
[charge_scheduler-1] [INFO] [1785770661.797043386] [charge_scheduler]: ════════ 调度结果 ════════
[charge_scheduler-1] [INFO] [1785770661.797051867] [charge_scheduler]:   ★目标(字典序): objective_order=Tover,Nlate,Ctotal | N_late=12 辆 (按时成功率 18/30 = 60.0%)  T_overtime=231.6min  C_total=7392.7m
[charge_scheduler-1] [INFO] [1785770661.797106618] [charge_scheduler]:   附: 趟数=11 | makespan=386.3min | 能量可行=是
[charge_scheduler-1] [INFO] [1785770661.797123024] [charge_scheduler]:   [充电车3] 趟1: 站 → 车#4(到2.1/限212.0✓) → 车#1(到14.9/限96.0✓) → 车#28(到36.6/限84.0✓) → 车#9(到69.7/限116.0✓) → 站
[charge_scheduler-1] [INFO] [1785770661.797133347] [charge_scheduler]:   [充电车1] 趟2: 站 → 车#12(到2.3/限230.4✓) → 车#21(到10.6/限240.0✓) → 车#15(到17.7/限44.8✓) → 车#3(到43.1/限32.0✗超时) → 车#11(到68.6/限83.2✓) → 站
[charge_scheduler-1] [INFO] [1785770661.797145080] [charge_scheduler]:   [充电车2] 趟3: 站 → 车#8(到5.0/限196.0✓) → 车#27(到19.4/限249.6✓) → 车#7(到27.6/限64.0✓) → 车#22(到51.5/限61.6✓) → 车#18(到91.2/限102.4✓) → 站
[charge_scheduler-1] [INFO] [1785770661.797154152] [charge_scheduler]:   [充电车2] 趟4: 站 → 车#5(到130.8/限128.0✗超时) → 车#20(到176.8/限179.2✓) → 站
[charge_scheduler-1] [INFO] [1785770661.797164775] [charge_scheduler]:   [充电车3] 趟5: 站 → 车#24(到116.4/限112.0✗超时) → 车#26(到145.4/限160.0✓) → 车#16(到191.5/限184.8✗超时) → 站
[charge_scheduler-1] [INFO] [1785770661.797173712] [charge_scheduler]:   [充电车1] 趟6: 站 → 车#13(到124.2/限128.8✓) → 车#0(到160.7/限168.0✓) → 车#10(到195.8/限224.0✓) → 站
[charge_scheduler-1] [INFO] [1785770661.797181064] [charge_scheduler]:   [充电车3] 趟7: 站 → 车#19(到244.6/限240.8✗超时) → 车#25(到283.1/限280.0✗超时) → 站
[charge_scheduler-1] [INFO] [1785770661.797193550] [charge_scheduler]:   [充电车2] 趟8: 站 → 车#6(到237.0/限176.0✗超时) → 车#23(到283.2/限236.8✗超时) → 站
[charge_scheduler-1] [INFO] [1785770661.797202003] [charge_scheduler]:   [充电车1] 趟9: 站 → 车#29(到245.8/限198.4✗超时) → 车#2(到294.5/限288.0✗超时) → 站
[charge_scheduler-1] [INFO] [1785770661.797209885] [charge_scheduler]:   [充电车2] 趟10: 站 → 车#17(到340.7/限339.2✗超时) → 站
[charge_scheduler-1] [INFO] [1785770661.797216543] [charge_scheduler]:   [充电车3] 趟11: 站 → 车#14(到337.8/限300.8✗超时) → 站
[charge_scheduler-1] [INFO] [1785770661.797222104] [charge_scheduler]: ════════════════════════
[charge_scheduler-1] [INFO] [1785770661.797308216] [charge_scheduler]: [扰动清单] type=target delay=60.0min targets={7,13,} station={}
[charge_scheduler-1] [INFO] [1785770661.797332040] [charge_scheduler]: [执行事件] loop=open plan_v=0 C1 type=target_service target=12 station_ord=0 planned_finish=8.50 actual_finish=8.50 dev=+0.00 injected=0.0
[charge_scheduler-1] [INFO] [1785770661.797339534] [charge_scheduler]: [执行事件] loop=open plan_v=0 C3 type=target_service target=4 station_ord=0 planned_finish=11.77 actual_finish=11.77 dev=+0.00 injected=0.0
[charge_scheduler-1] [INFO] [1785770661.797345976] [charge_scheduler]: [执行事件] loop=open plan_v=0 C1 type=target_service target=21 station_ord=0 planned_finish=16.66 actual_finish=16.66 dev=+0.00 injected=0.0
[charge_scheduler-1] [INFO] [1785770661.797351894] [charge_scheduler]: [执行事件] loop=open plan_v=0 C2 type=target_service target=8 station_ord=0 planned_finish=17.45 actual_finish=17.45 dev=+0.00 injected=0.0
[charge_scheduler-1] [INFO] [1785770661.797357547] [charge_scheduler]: [执行事件] loop=open plan_v=0 C2 type=target_service target=27 station_ord=0 planned_finish=25.46 actual_finish=25.46 dev=+0.00 injected=0.0
[charge_scheduler-1] [INFO] [1785770661.797363348] [charge_scheduler]: [执行事件] loop=open plan_v=0 C3 type=target_service target=1 station_ord=0 planned_finish=35.65 actual_finish=35.65 dev=+0.00 injected=0.0
[charge_scheduler-1] [INFO] [1785770661.797368732] [charge_scheduler]: [执行事件] loop=open plan_v=0 C1 type=target_service target=15 station_ord=0 planned_finish=41.31 actual_finish=41.31 dev=+0.00 injected=0.0
[charge_scheduler-1] [INFO] [1785770661.797374764] [charge_scheduler]: [执行事件] loop=open plan_v=0 C3 type=target_service target=28 station_ord=0 planned_finish=67.92 actual_finish=67.92 dev=+0.00 injected=0.0
[charge_scheduler-1] [INFO] [1785770661.797380185] [charge_scheduler]: [执行事件] loop=open plan_v=0 C1 type=target_service target=3 station_ord=0 planned_finish=68.11 actual_finish=68.11 dev=+0.00 injected=0.0
[charge_scheduler-1] [INFO] [1785770661.797392784] [charge_scheduler]: [执行事件] loop=open plan_v=0 C3 type=target_service target=9 station_ord=0 planned_finish=101.04 actual_finish=101.04 dev=+0.00 injected=0.0
[charge_scheduler-1] [INFO] [1785770661.797399011] [charge_scheduler]: [执行事件] loop=open plan_v=0 C2 type=target_service target=7 station_ord=0 planned_finish=50.69 actual_finish=110.69 dev=+60.00 injected=60.0
[charge_scheduler-1] [INFO] [1785770661.797406103] [charge_scheduler]: [执行事件] loop=open plan_v=0 C1 type=target_service target=11 station_ord=0 planned_finish=111.00 actual_finish=111.00 dev=+0.00 injected=0.0
[charge_scheduler-1] [INFO] [1785770661.797411730] [charge_scheduler]: [执行事件] loop=open plan_v=0 C3 type=station_turnaround target=-1 station_ord=1 planned_finish=113.38 actual_finish=113.38 dev=+0.00 injected=0.0
[charge_scheduler-1] [INFO] [1785770661.797417402] [charge_scheduler]: [执行事件] loop=open plan_v=0 C1 type=station_turnaround target=-1 station_ord=1 planned_finish=122.54 actual_finish=122.54 dev=+0.00 injected=0.0
[charge_scheduler-1] [INFO] [1785770661.797423977] [charge_scheduler]: [执行事件] loop=open plan_v=0 C3 type=target_service target=24 station_ord=0 planned_finish=141.36 actual_finish=141.36 dev=+0.00 injected=0.0
[charge_scheduler-1] [INFO] [1785770661.797430510] [charge_scheduler]: [执行事件] loop=open plan_v=0 C2 type=target_service target=22 station_ord=0 planned_finish=85.92 actual_finish=146.77 dev=+60.85 injected=0.0
[charge_scheduler-1] [INFO] [1785770661.797436176] [charge_scheduler]: [执行事件] loop=open plan_v=0 C2 type=target_service target=18 station_ord=0 planned_finish=115.56 actual_finish=177.00 dev=+61.43 injected=0.0
[charge_scheduler-1] [INFO] [1785770661.797442059] [charge_scheduler]: [执行事件] loop=open plan_v=0 C3 type=target_service target=26 station_ord=0 planned_finish=187.87 actual_finish=187.87 dev=+0.00 injected=0.0
[charge_scheduler-1] [INFO] [1785770661.797447636] [charge_scheduler]: [执行事件] loop=open plan_v=0 C2 type=station_turnaround target=-1 station_ord=1 planned_finish=127.60 actual_finish=189.04 dev=+61.43 injected=0.0
[charge_scheduler-1] [INFO] [1785770661.797453401] [charge_scheduler]: [执行事件] loop=open plan_v=0 C1 type=target_service target=13 station_ord=0 planned_finish=159.09 actual_finish=219.09 dev=+60.00 injected=60.0
[charge_scheduler-1] [INFO] [1785770661.797459244] [charge_scheduler]: [执行事件] loop=open plan_v=0 C3 type=target_service target=16 station_ord=0 planned_finish=226.78 actual_finish=226.78 dev=+0.00 injected=0.0
[charge_scheduler-1] [INFO] [1785770661.797464828] [charge_scheduler]: [执行事件] loop=open plan_v=0 C2 type=target_service target=5 station_ord=0 planned_finish=174.55 actual_finish=235.98 dev=+61.43 injected=0.0
[charge_scheduler-1] [INFO] [1785770661.797470427] [charge_scheduler]: [执行事件] loop=open plan_v=0 C3 type=station_turnaround target=-1 station_ord=2 planned_finish=239.11 actual_finish=239.11 dev=+0.00 injected=0.0
[charge_scheduler-1] [INFO] [1785770661.797476173] [charge_scheduler]: [执行事件] loop=open plan_v=0 C1 type=target_service target=0 station_ord=0 planned_finish=195.37 actual_finish=255.98 dev=+60.61 injected=0.0
[charge_scheduler-1] [INFO] [1785770661.797482045] [charge_scheduler]: [执行事件] loop=open plan_v=0 C3 type=target_service target=19 station_ord=0 planned_finish=279.86 actual_finish=279.86 dev=+0.00 injected=0.0
[charge_scheduler-1] [INFO] [1785770661.797488078] [charge_scheduler]: [执行事件] loop=open plan_v=0 C2 type=target_service target=20 station_ord=0 planned_finish=220.35 actual_finish=282.00 dev=+61.65 injected=0.0
[charge_scheduler-1] [INFO] [1785770661.797493879] [charge_scheduler]: [执行事件] loop=open plan_v=0 C1 type=target_service target=10 station_ord=0 planned_finish=228.73 actual_finish=291.70 dev=+62.97 injected=0.0
[charge_scheduler-1] [INFO] [1785770661.797499516] [charge_scheduler]: [执行事件] loop=open plan_v=0 C2 type=station_turnaround target=-1 station_ord=2 planned_finish=232.81 actual_finish=294.46 dev=+61.65 injected=0.0
[charge_scheduler-1] [INFO] [1785770661.797505364] [charge_scheduler]: [执行事件] loop=open plan_v=0 C1 type=station_turnaround target=-1 station_ord=2 planned_finish=244.60 actual_finish=307.57 dev=+62.97 injected=0.0
[charge_scheduler-1] [INFO] [1785770661.797511073] [charge_scheduler]: [执行事件] loop=open plan_v=0 C3 type=target_service target=25 station_ord=0 planned_finish=318.36 actual_finish=318.36 dev=+0.00 injected=0.0
[charge_scheduler-1] [INFO] [1785770661.797518448] [charge_scheduler]: [执行事件] loop=open plan_v=0 C3 type=station_turnaround target=-1 station_ord=3 planned_finish=333.29 actual_finish=333.29 dev=+0.00 injected=0.0
[charge_scheduler-1] [INFO] [1785770661.797524098] [charge_scheduler]: [执行事件] loop=open plan_v=0 C2 type=target_service target=6 station_ord=0 planned_finish=280.70 actual_finish=342.35 dev=+61.65 injected=0.0
[charge_scheduler-1] [INFO] [1785770661.797529857] [charge_scheduler]: [执行事件] loop=open plan_v=0 C1 type=target_service target=29 station_ord=0 planned_finish=289.57 actual_finish=352.54 dev=+62.97 injected=0.0
[charge_scheduler-1] [INFO] [1785770661.797535637] [charge_scheduler]: [执行事件] loop=open plan_v=0 C3 type=target_service target=14 station_ord=0 planned_finish=381.59 actual_finish=381.59 dev=+0.00 injected=0.0
[charge_scheduler-1] [INFO] [1785770661.797541610] [charge_scheduler]: [执行事件] loop=open plan_v=0 C3 type=final_return target=-1 station_ord=0 planned_finish=385.86 actual_finish=385.86 dev=+0.00 injected=0.0
[charge_scheduler-1] [INFO] [1785770661.797547129] [charge_scheduler]: [执行事件] loop=open plan_v=0 C2 type=target_service target=23 station_ord=0 planned_finish=326.90 actual_finish=388.55 dev=+61.65 injected=0.0
[charge_scheduler-1] [INFO] [1785770661.797552694] [charge_scheduler]: [执行事件] loop=open plan_v=0 C2 type=station_turnaround target=-1 station_ord=3 planned_finish=339.05 actual_finish=400.70 dev=+61.65 injected=0.0
[charge_scheduler-1] [INFO] [1785770661.797558468] [charge_scheduler]: [执行事件] loop=open plan_v=0 C1 type=target_service target=2 station_ord=0 planned_finish=338.22 actual_finish=401.20 dev=+62.97 injected=0.0
[charge_scheduler-1] [INFO] [1785770661.797565145] [charge_scheduler]: [执行事件] loop=open plan_v=0 C1 type=final_return target=-1 station_ord=0 planned_finish=340.87 actual_finish=403.84 dev=+62.97 injected=0.0
[charge_scheduler-1] [INFO] [1785770661.797570431] [charge_scheduler]: [执行事件] loop=open plan_v=0 C2 type=target_service target=17 station_ord=0 planned_finish=384.41 actual_finish=446.06 dev=+61.65 injected=0.0
[charge_scheduler-1] [INFO] [1785770661.797575817] [charge_scheduler]: [执行事件] loop=open plan_v=0 C2 type=final_return target=-1 station_ord=0 planned_finish=386.34 actual_finish=447.99 dev=+61.65 injected=0.0
[charge_scheduler-1] [INFO] [1785770661.797589000] [charge_scheduler]: [执行事件] loop=fixed plan_v=0 C1 type=target_service target=12 station_ord=0 planned_finish=8.50 actual_finish=8.50 dev=+0.00 injected=0.0
[charge_scheduler-1] [INFO] [1785770661.797594499] [charge_scheduler]: [执行事件] loop=fixed plan_v=0 C3 type=target_service target=4 station_ord=0 planned_finish=11.77 actual_finish=11.77 dev=+0.00 injected=0.0
[charge_scheduler-1] [INFO] [1785770661.797599947] [charge_scheduler]: [执行事件] loop=fixed plan_v=0 C1 type=target_service target=21 station_ord=0 planned_finish=16.66 actual_finish=16.66 dev=+0.00 injected=0.0
[charge_scheduler-1] [INFO] [1785770661.797605474] [charge_scheduler]: [执行事件] loop=fixed plan_v=0 C2 type=target_service target=8 station_ord=0 planned_finish=17.45 actual_finish=17.45 dev=+0.00 injected=0.0
[charge_scheduler-1] [INFO] [1785770661.797613469] [charge_scheduler]: [执行事件] loop=fixed plan_v=0 C2 type=target_service target=27 station_ord=0 planned_finish=25.46 actual_finish=25.46 dev=+0.00 injected=0.0
[charge_scheduler-1] [INFO] [1785770661.797619000] [charge_scheduler]: [执行事件] loop=fixed plan_v=0 C3 type=target_service target=1 station_ord=0 planned_finish=35.65 actual_finish=35.65 dev=+0.00 injected=0.0
[charge_scheduler-1] [INFO] [1785770661.797625493] [charge_scheduler]: [执行事件] loop=fixed plan_v=0 C1 type=target_service target=15 station_ord=0 planned_finish=41.31 actual_finish=41.31 dev=+0.00 injected=0.0
[charge_scheduler-1] [INFO] [1785770661.797631283] [charge_scheduler]: [执行事件] loop=fixed plan_v=0 C3 type=target_service target=28 station_ord=0 planned_finish=67.92 actual_finish=67.92 dev=+0.00 injected=0.0
[charge_scheduler-1] [INFO] [1785770661.797636774] [charge_scheduler]: [执行事件] loop=fixed plan_v=0 C1 type=target_service target=3 station_ord=0 planned_finish=68.11 actual_finish=68.11 dev=+0.00 injected=0.0
[charge_scheduler-1] [INFO] [1785770661.797642161] [charge_scheduler]: [执行事件] loop=fixed plan_v=0 C3 type=target_service target=9 station_ord=0 planned_finish=101.04 actual_finish=101.04 dev=+0.00 injected=0.0
[charge_scheduler-1] [INFO] [1785770661.797649355] [charge_scheduler]: [执行事件] loop=fixed plan_v=0 C2 type=target_service target=7 station_ord=0 planned_finish=50.69 actual_finish=110.69 dev=+60.00 injected=60.0
[charge_scheduler-1] [WARN] [1785770662.192779835] [charge_scheduler]: [重调度事件] policy=fixed #1 t=110.69min trigger=C2/target_service dev=+60.00 pool=18 committed=1 plan_v=1 solve_ms=395.1 changed_assign=0 changed_order=17
[charge_scheduler-1] [INFO] [1785770662.192830731] [charge_scheduler]: [执行事件] loop=fixed plan_v=0 C1 type=target_service target=11 station_ord=0 planned_finish=111.00 actual_finish=111.00 dev=+0.00 injected=0.0
[charge_scheduler-1] [INFO] [1785770662.192842046] [charge_scheduler]: [执行事件] loop=fixed plan_v=0 C3 type=station_turnaround target=-1 station_ord=1 planned_finish=113.38 actual_finish=113.38 dev=+0.00 injected=0.0
[charge_scheduler-1] [INFO] [1785770662.192848497] [charge_scheduler]: [执行事件] loop=fixed plan_v=1 C1 type=station_turnaround target=-1 station_ord=1 planned_finish=122.54 actual_finish=122.54 dev=+0.00 injected=0.0
[charge_scheduler-1] [INFO] [1785770662.192855620] [charge_scheduler]: [执行事件] loop=fixed plan_v=1 C3 type=target_service target=24 station_ord=0 planned_finish=141.36 actual_finish=141.36 dev=+0.00 injected=0.0
[charge_scheduler-1] [INFO] [1785770662.192861683] [charge_scheduler]: [执行事件] loop=fixed plan_v=1 C2 type=target_service target=22 station_ord=0 planned_finish=146.77 actual_finish=146.77 dev=+0.00 injected=0.0
[charge_scheduler-1] [INFO] [1785770662.192867742] [charge_scheduler]: [执行事件] loop=fixed plan_v=1 C2 type=target_service target=18 station_ord=0 planned_finish=177.00 actual_finish=177.00 dev=+0.00 injected=0.0
[charge_scheduler-1] [INFO] [1785770662.192873224] [charge_scheduler]: [执行事件] loop=fixed plan_v=1 C3 type=target_service target=26 station_ord=0 planned_finish=187.87 actual_finish=187.87 dev=+0.00 injected=0.0
[charge_scheduler-1] [INFO] [1785770662.192878533] [charge_scheduler]: [执行事件] loop=fixed plan_v=1 C2 type=station_turnaround target=-1 station_ord=1 planned_finish=189.04 actual_finish=189.04 dev=+0.00 injected=0.0
[charge_scheduler-1] [INFO] [1785770662.192884317] [charge_scheduler]: [执行事件] loop=fixed plan_v=1 C1 type=target_service target=13 station_ord=0 planned_finish=159.09 actual_finish=219.09 dev=+60.00 injected=60.0
[charge_scheduler-1] [WARN] [1785770662.414340261] [charge_scheduler]: [重调度事件] policy=fixed #2 t=219.09min trigger=C1/target_service dev=+60.00 pool=11 committed=2 plan_v=2 solve_ms=221.4 changed_assign=0 changed_order=8
[charge_scheduler-1] [INFO] [1785770662.414386839] [charge_scheduler]: [执行事件] loop=fixed plan_v=1 C3 type=target_service target=16 station_ord=0 planned_finish=226.78 actual_finish=226.78 dev=+0.00 injected=0.0
[charge_scheduler-1] [INFO] [1785770662.414396066] [charge_scheduler]: [执行事件] loop=fixed plan_v=1 C2 type=target_service target=20 station_ord=0 planned_finish=234.86 actual_finish=234.86 dev=+0.00 injected=0.0
[charge_scheduler-1] [INFO] [1785770662.414402237] [charge_scheduler]: [执行事件] loop=fixed plan_v=2 C3 type=station_turnaround target=-1 station_ord=2 planned_finish=239.11 actual_finish=239.11 dev=+0.00 injected=0.0
[charge_scheduler-1] [INFO] [1785770662.414408552] [charge_scheduler]: [执行事件] loop=fixed plan_v=2 C1 type=target_service target=0 station_ord=0 planned_finish=255.98 actual_finish=255.98 dev=+0.00 injected=0.0
[charge_scheduler-1] [INFO] [1785770662.414414380] [charge_scheduler]: [执行事件] loop=fixed plan_v=2 C1 type=station_turnaround target=-1 station_ord=2 planned_finish=271.45 actual_finish=271.45 dev=+0.00 injected=0.0
[charge_scheduler-1] [INFO] [1785770662.414420194] [charge_scheduler]: [执行事件] loop=fixed plan_v=2 C3 type=target_service target=19 station_ord=0 planned_finish=279.86 actual_finish=279.86 dev=+0.00 injected=0.0
[charge_scheduler-1] [INFO] [1785770662.414425921] [charge_scheduler]: [执行事件] loop=fixed plan_v=2 C2 type=target_service target=5 station_ord=0 planned_finish=282.84 actual_finish=282.84 dev=+0.00 injected=0.0
[charge_scheduler-1] [INFO] [1785770662.414431360] [charge_scheduler]: [执行事件] loop=fixed plan_v=2 C2 type=station_turnaround target=-1 station_ord=2 planned_finish=294.46 actual_finish=294.46 dev=+0.00 injected=0.0
[charge_scheduler-1] [INFO] [1785770662.414457378] [charge_scheduler]: [执行事件] loop=fixed plan_v=2 C1 type=target_service target=10 station_ord=0 planned_finish=309.49 actual_finish=309.49 dev=+0.00 injected=0.0
[charge_scheduler-1] [INFO] [1785770662.414463329] [charge_scheduler]: [执行事件] loop=fixed plan_v=2 C3 type=target_service target=25 station_ord=0 planned_finish=318.36 actual_finish=318.36 dev=+0.00 injected=0.0
[charge_scheduler-1] [INFO] [1785770662.414469114] [charge_scheduler]: [执行事件] loop=fixed plan_v=2 C3 type=station_turnaround target=-1 station_ord=3 planned_finish=333.29 actual_finish=333.29 dev=+0.00 injected=0.0
[charge_scheduler-1] [INFO] [1785770662.414474633] [charge_scheduler]: [执行事件] loop=fixed plan_v=2 C2 type=target_service target=6 station_ord=0 planned_finish=342.35 actual_finish=342.35 dev=+0.00 injected=0.0
[charge_scheduler-1] [INFO] [1785770662.414480163] [charge_scheduler]: [执行事件] loop=fixed plan_v=2 C1 type=target_service target=2 station_ord=0 planned_finish=356.56 actual_finish=356.56 dev=+0.00 injected=0.0
[charge_scheduler-1] [INFO] [1785770662.414485605] [charge_scheduler]: [执行事件] loop=fixed plan_v=2 C1 type=station_turnaround target=-1 station_ord=3 planned_finish=369.21 actual_finish=369.21 dev=+0.00 injected=0.0
[charge_scheduler-1] [INFO] [1785770662.414491242] [charge_scheduler]: [执行事件] loop=fixed plan_v=2 C3 type=target_service target=14 station_ord=0 planned_finish=381.59 actual_finish=381.59 dev=+0.00 injected=0.0
[charge_scheduler-1] [INFO] [1785770662.414496667] [charge_scheduler]: [执行事件] loop=fixed plan_v=2 C3 type=final_return target=-1 station_ord=0 planned_finish=385.86 actual_finish=385.86 dev=+0.00 injected=0.0
[charge_scheduler-1] [INFO] [1785770662.414502337] [charge_scheduler]: [执行事件] loop=fixed plan_v=2 C2 type=target_service target=23 station_ord=0 planned_finish=388.55 actual_finish=388.55 dev=+0.00 injected=0.0
[charge_scheduler-1] [INFO] [1785770662.414507940] [charge_scheduler]: [执行事件] loop=fixed plan_v=2 C2 type=station_turnaround target=-1 station_ord=3 planned_finish=400.70 actual_finish=400.70 dev=+0.00 injected=0.0
[charge_scheduler-1] [INFO] [1785770662.414513559] [charge_scheduler]: [执行事件] loop=fixed plan_v=2 C1 type=target_service target=29 station_ord=0 planned_finish=414.18 actual_finish=414.18 dev=+0.00 injected=0.0
[charge_scheduler-1] [INFO] [1785770662.414518891] [charge_scheduler]: [执行事件] loop=fixed plan_v=2 C1 type=final_return target=-1 station_ord=0 planned_finish=418.38 actual_finish=418.38 dev=+0.00 injected=0.0
[charge_scheduler-1] [INFO] [1785770662.414524186] [charge_scheduler]: [执行事件] loop=fixed plan_v=2 C2 type=target_service target=17 station_ord=0 planned_finish=446.06 actual_finish=446.06 dev=+0.00 injected=0.0
[charge_scheduler-1] [INFO] [1785770662.414529458] [charge_scheduler]: [执行事件] loop=fixed plan_v=2 C2 type=final_return target=-1 station_ord=0 planned_finish=447.99 actual_finish=447.99 dev=+0.00 injected=0.0
[charge_scheduler-1] [INFO] [1785770662.414549703] [charge_scheduler]: [执行事件] loop=global plan_v=0 C1 type=target_service target=12 station_ord=0 planned_finish=8.50 actual_finish=8.50 dev=+0.00 injected=0.0
[charge_scheduler-1] [INFO] [1785770662.414556081] [charge_scheduler]: [执行事件] loop=global plan_v=0 C3 type=target_service target=4 station_ord=0 planned_finish=11.77 actual_finish=11.77 dev=+0.00 injected=0.0
[charge_scheduler-1] [INFO] [1785770662.414561799] [charge_scheduler]: [执行事件] loop=global plan_v=0 C1 type=target_service target=21 station_ord=0 planned_finish=16.66 actual_finish=16.66 dev=+0.00 injected=0.0
[charge_scheduler-1] [INFO] [1785770662.414567308] [charge_scheduler]: [执行事件] loop=global plan_v=0 C2 type=target_service target=8 station_ord=0 planned_finish=17.45 actual_finish=17.45 dev=+0.00 injected=0.0
[charge_scheduler-1] [INFO] [1785770662.414572910] [charge_scheduler]: [执行事件] loop=global plan_v=0 C2 type=target_service target=27 station_ord=0 planned_finish=25.46 actual_finish=25.46 dev=+0.00 injected=0.0
[charge_scheduler-1] [INFO] [1785770662.414579312] [charge_scheduler]: [执行事件] loop=global plan_v=0 C3 type=target_service target=1 station_ord=0 planned_finish=35.65 actual_finish=35.65 dev=+0.00 injected=0.0
[charge_scheduler-1] [INFO] [1785770662.414584697] [charge_scheduler]: [执行事件] loop=global plan_v=0 C1 type=target_service target=15 station_ord=0 planned_finish=41.31 actual_finish=41.31 dev=+0.00 injected=0.0
[charge_scheduler-1] [INFO] [1785770662.414593086] [charge_scheduler]: [执行事件] loop=global plan_v=0 C3 type=target_service target=28 station_ord=0 planned_finish=67.92 actual_finish=67.92 dev=+0.00 injected=0.0
[charge_scheduler-1] [INFO] [1785770662.414598780] [charge_scheduler]: [执行事件] loop=global plan_v=0 C1 type=target_service target=3 station_ord=0 planned_finish=68.11 actual_finish=68.11 dev=+0.00 injected=0.0
[charge_scheduler-1] [INFO] [1785770662.414604343] [charge_scheduler]: [执行事件] loop=global plan_v=0 C3 type=target_service target=9 station_ord=0 planned_finish=101.04 actual_finish=101.04 dev=+0.00 injected=0.0
[charge_scheduler-1] [INFO] [1785770662.414609878] [charge_scheduler]: [执行事件] loop=global plan_v=0 C2 type=target_service target=7 station_ord=0 planned_finish=50.69 actual_finish=110.69 dev=+60.00 injected=60.0
[charge_scheduler-1] [WARN] [1785770665.179863588] [charge_scheduler]: [重调度事件] policy=global #1 t=110.69min trigger=C2/target_service dev=+60.00 pool=18 committed=1 plan_v=1 solve_ms=2765.2 changed_assign=14 changed_order=15
[charge_scheduler-1] [INFO] [1785770665.179919409] [charge_scheduler]: [执行事件] loop=global plan_v=0 C1 type=target_service target=11 station_ord=0 planned_finish=111.00 actual_finish=111.00 dev=+0.00 injected=0.0
[charge_scheduler-1] [INFO] [1785770665.179930557] [charge_scheduler]: [执行事件] loop=global plan_v=0 C3 type=station_turnaround target=-1 station_ord=1 planned_finish=113.38 actual_finish=113.38 dev=+0.00 injected=0.0
[charge_scheduler-1] [INFO] [1785770665.179937053] [charge_scheduler]: [执行事件] loop=global plan_v=1 C1 type=station_turnaround target=-1 station_ord=1 planned_finish=122.54 actual_finish=122.54 dev=+0.00 injected=0.0
[charge_scheduler-1] [INFO] [1785770665.179944386] [charge_scheduler]: [执行事件] loop=global plan_v=1 C3 type=target_service target=18 station_ord=0 planned_finish=140.85 actual_finish=140.85 dev=+0.00 injected=0.0
[charge_scheduler-1] [INFO] [1785770665.179950506] [charge_scheduler]: [执行事件] loop=global plan_v=1 C2 type=target_service target=22 station_ord=0 planned_finish=146.77 actual_finish=146.77 dev=+0.00 injected=0.0
[charge_scheduler-1] [INFO] [1785770665.179956364] [charge_scheduler]: [执行事件] loop=global plan_v=1 C3 type=target_service target=0 station_ord=0 planned_finish=176.22 actual_finish=176.22 dev=+0.00 injected=0.0
[charge_scheduler-1] [INFO] [1785770665.179962052] [charge_scheduler]: [执行事件] loop=global plan_v=1 C2 type=target_service target=24 station_ord=0 planned_finish=176.36 actual_finish=176.36 dev=+0.00 injected=0.0
[charge_scheduler-1] [INFO] [1785770665.179967898] [charge_scheduler]: [执行事件] loop=global plan_v=1 C2 type=station_turnaround target=-1 station_ord=1 planned_finish=190.06 actual_finish=190.06 dev=+0.00 injected=0.0
[charge_scheduler-1] [INFO] [1785770665.179973877] [charge_scheduler]: [执行事件] loop=global plan_v=1 C1 type=target_service target=13 station_ord=0 planned_finish=159.09 actual_finish=219.09 dev=+60.00 injected=60.0
[charge_scheduler-1] [WARN] [1785770665.810646927] [charge_scheduler]: [重调度事件] policy=global #2 t=219.09min trigger=C1/target_service dev=+60.00 pool=11 committed=2 plan_v=2 solve_ms=630.6 changed_assign=8 changed_order=10
[charge_scheduler-1] [INFO] [1785770665.810692335] [charge_scheduler]: [执行事件] loop=global plan_v=1 C3 type=target_service target=6 station_ord=0 planned_finish=220.99 actual_finish=220.99 dev=+0.00 injected=0.0
[charge_scheduler-1] [INFO] [1785770665.810702649] [charge_scheduler]: [执行事件] loop=global plan_v=2 C3 type=station_turnaround target=-1 station_ord=2 planned_finish=235.51 actual_finish=235.51 dev=+0.00 injected=0.0
[charge_scheduler-1] [INFO] [1785770665.810709207] [charge_scheduler]: [执行事件] loop=global plan_v=1 C2 type=target_service target=26 station_ord=0 planned_finish=236.01 actual_finish=236.01 dev=+0.00 injected=0.0
[charge_scheduler-1] [INFO] [1785770665.810715351] [charge_scheduler]: [执行事件] loop=global plan_v=2 C1 type=target_service target=16 station_ord=0 planned_finish=255.87 actual_finish=255.87 dev=+0.00 injected=0.0
[charge_scheduler-1] [INFO] [1785770665.810725951] [charge_scheduler]: [执行事件] loop=global plan_v=2 C1 type=station_turnaround target=-1 station_ord=2 planned_finish=268.20 actual_finish=268.20 dev=+0.00 injected=0.0
[charge_scheduler-1] [INFO] [1785770665.810756297] [charge_scheduler]: [执行事件] loop=global plan_v=2 C3 type=target_service target=19 station_ord=0 planned_finish=276.26 actual_finish=276.26 dev=+0.00 injected=0.0
[charge_scheduler-1] [INFO] [1785770665.810762610] [charge_scheduler]: [执行事件] loop=global plan_v=2 C2 type=target_service target=5 station_ord=0 planned_finish=280.86 actual_finish=280.86 dev=+0.00 injected=0.0
[charge_scheduler-1] [INFO] [1785770665.810768286] [charge_scheduler]: [执行事件] loop=global plan_v=2 C2 type=station_turnaround target=-1 station_ord=2 planned_finish=292.48 actual_finish=292.48 dev=+0.00 injected=0.0
[charge_scheduler-1] [INFO] [1785770665.810774362] [charge_scheduler]: [执行事件] loop=global plan_v=2 C1 type=target_service target=10 station_ord=0 planned_finish=306.25 actual_finish=306.25 dev=+0.00 injected=0.0
[charge_scheduler-1] [INFO] [1785770665.810780199] [charge_scheduler]: [执行事件] loop=global plan_v=2 C3 type=target_service target=25 station_ord=0 planned_finish=314.72 actual_finish=314.72 dev=+0.00 injected=0.0
[charge_scheduler-1] [INFO] [1785770665.810785706] [charge_scheduler]: [执行事件] loop=global plan_v=2 C3 type=station_turnaround target=-1 station_ord=3 planned_finish=329.65 actual_finish=329.65 dev=+0.00 injected=0.0
[charge_scheduler-1] [INFO] [1785770665.810791311] [charge_scheduler]: [执行事件] loop=global plan_v=2 C2 type=target_service target=20 station_ord=0 planned_finish=338.30 actual_finish=338.30 dev=+0.00 injected=0.0
[charge_scheduler-1] [INFO] [1785770665.810797039] [charge_scheduler]: [执行事件] loop=global plan_v=2 C1 type=target_service target=23 station_ord=0 planned_finish=353.80 actual_finish=353.80 dev=+0.00 injected=0.0
[charge_scheduler-1] [INFO] [1785770665.810802484] [charge_scheduler]: [执行事件] loop=global plan_v=2 C1 type=station_turnaround target=-1 station_ord=3 planned_finish=365.94 actual_finish=365.94 dev=+0.00 injected=0.0
[charge_scheduler-1] [INFO] [1785770665.810808149] [charge_scheduler]: [执行事件] loop=global plan_v=2 C3 type=target_service target=29 station_ord=0 planned_finish=374.62 actual_finish=374.62 dev=+0.00 injected=0.0
[charge_scheduler-1] [INFO] [1785770665.810813718] [charge_scheduler]: [执行事件] loop=global plan_v=2 C2 type=target_service target=2 station_ord=0 planned_finish=387.49 actual_finish=387.49 dev=+0.00 injected=0.0
[charge_scheduler-1] [INFO] [1785770665.810819390] [charge_scheduler]: [执行事件] loop=global plan_v=2 C2 type=final_return target=-1 station_ord=0 planned_finish=390.14 actual_finish=390.14 dev=+0.00 injected=0.0
[charge_scheduler-1] [INFO] [1785770665.810824790] [charge_scheduler]: [执行事件] loop=global plan_v=2 C1 type=target_service target=17 station_ord=0 planned_finish=411.30 actual_finish=411.30 dev=+0.00 injected=0.0
[charge_scheduler-1] [INFO] [1785770665.810830273] [charge_scheduler]: [执行事件] loop=global plan_v=2 C1 type=final_return target=-1 station_ord=0 planned_finish=413.23 actual_finish=413.23 dev=+0.00 injected=0.0
[charge_scheduler-1] [INFO] [1785770665.810835599] [charge_scheduler]: [执行事件] loop=global plan_v=2 C3 type=target_service target=14 station_ord=0 planned_finish=421.79 actual_finish=421.79 dev=+0.00 injected=0.0
[charge_scheduler-1] [INFO] [1785770665.810840748] [charge_scheduler]: [执行事件] loop=global plan_v=2 C3 type=final_return target=-1 station_ord=0 planned_finish=426.05 actual_finish=426.05 dev=+0.00 injected=0.0
[charge_scheduler-1] [INFO] [1785770665.810853656] [charge_scheduler]: ★闭环实验结果 mode=open M=30 K=3 disturbance=target delay=60.0 seed=5 N_late=17 T_overtime=847.692 C_total=7392.730 makespan=447.989 served=30 energy_viol=2 reschedules=0 reschedule_ms=0.000 changed_assign=0 changed_order=0 applied_target=2 applied_station=0 initial_solve_ms=46193.423 objective_order=Tover,Nlate,Ctotal
[charge_scheduler-1] [INFO] [1785770665.810863590] [charge_scheduler]: ★闭环实验结果 mode=fixed M=30 K=3 disturbance=target delay=60.0 seed=5 N_late=17 T_overtime=882.201 C_total=7695.230 makespan=447.989 served=30 energy_viol=0 reschedules=2 reschedule_ms=616.470 changed_assign=0 changed_order=25 applied_target=2 applied_station=0 initial_solve_ms=46193.423 objective_order=Tover,Nlate,Ctotal
[charge_scheduler-1] [INFO] [1785770665.810871129] [charge_scheduler]: ★闭环实验收益 policy=fixed M=30 K=3 disturbance=target delay=60.0 seed=5 recovered_late=0 overtime_reduction=-34.509 distance_delta=302.500 makespan_reduction=0.000
[charge_scheduler-1] [INFO] [1785770665.810879243] [charge_scheduler]: ★闭环实验结果 mode=closed M=30 K=3 disturbance=target delay=60.0 seed=5 N_late=16 T_overtime=821.886 C_total=6895.233 makespan=426.052 served=30 energy_viol=0 reschedules=2 reschedule_ms=3395.865 changed_assign=22 changed_order=25 applied_target=2 applied_station=0 initial_solve_ms=46193.423 objective_order=Tover,Nlate,Ctotal
[charge_scheduler-1] [INFO] [1785770665.810886755] [charge_scheduler]: ★闭环实验收益 policy=closed M=30 K=3 disturbance=target delay=60.0 seed=5 recovered_late=1 overtime_reduction=25.806 distance_delta=-497.497 makespan_reduction=21.938
