[INFO] [launch]: All log files can be found below /root/.ros/log/2026-08-03-14-41-41-721188-YYYY-60348
[INFO] [launch]: Default logging verbosity is set to INFO
[INFO] [charge_scheduler-1]: process started with pid [60352]
[charge_scheduler-1] [INFO] [1785768101.858429533] [charge_scheduler]: [目标顺序] objective_order=Tover,Nlate,Ctotal
[charge_scheduler-1] [INFO] [1785768101.858934924] [charge_scheduler]: [Scheduler] 20辆车 | 电池800.0kWh(20%=160.0 80%=640.0) | 充电360kW效率97% | 行驶0.6kWh/km | 桩350kW
[charge_scheduler-1] [INFO] [1785768101.858968330] [charge_scheduler]: [Scheduler] 站端周转: 换电 10 min(换后满电) | 单趟可用 640 kWh
[charge_scheduler-1] [INFO] [1785768101.858977952] [charge_scheduler]:   车#0 [电动装载机282|light] 位置(3865.2,73751.0) 容量282kWh 剩余35% | α=6→6min/% τ=168min → 需130.8kWh(充21.2min)
[charge_scheduler-1] [INFO] [1785768101.858993389] [charge_scheduler]:   车#1 [重型叉车|light] 位置(3785.0,73749.2) 容量200kWh 剩余20% | α=6→6min/% τ=96min → 需123.7kWh(充20.0min)
[charge_scheduler-1] [INFO] [1785768101.859005986] [charge_scheduler]:   车#2 [电动装载机350|light] 位置(3811.5,73799.9) 容量350kWh 剩余50% | α=6→6min/% τ=288min → 需108.2kWh(充17.5min)
[charge_scheduler-1] [INFO] [1785768101.859018360] [charge_scheduler]:   车#3 [重型叉车|light] 位置(3810.8,73773.1) 容量200kWh 剩余10% | α=6→6min/% τ=32min → 需144.3kWh(充23.3min)
[charge_scheduler-1] [INFO] [1785768101.859030629] [charge_scheduler]:   车#4 [电动装载机282|heavy→降级] 位置(3905.0,73793.5) 容量282kWh 剩余60% | α=3→6min/% τ=212min → 需58.1kWh(充9.4min)
[charge_scheduler-1] [INFO] [1785768101.859054125] [charge_scheduler]:   车#5 [电动装载机350|light] 位置(3894.3,73756.9) 容量350kWh 剩余25% | α=6→6min/% τ=128min → 需198.5kWh(充32.1min)
[charge_scheduler-1] [INFO] [1785768101.859066652] [charge_scheduler]:   车#6 [电动装载机350|heavy→降级] 位置(3818.5,73716.2) 容量350kWh 剩余40% | α=4→6min/% τ=176min → 需144.3kWh(充23.3min)
[charge_scheduler-1] [INFO] [1785768101.859079486] [charge_scheduler]:   车#7 [重型叉车|light] 位置(3733.2,73772.4) 容量200kWh 剩余15% | α=6→6min/% τ=64min → 需134.0kWh(充21.7min)
[charge_scheduler-1] [INFO] [1785768101.859092054] [charge_scheduler]:   车#8 [电动装载机282|heavy→降级] 位置(3764.7,73699.0) 容量282kWh 剩余55% | α=3→6min/% τ=196min → 需72.7kWh(充11.8min)
[charge_scheduler-1] [INFO] [1785768101.859104587] [charge_scheduler]:   车#9 [电动装载机282|heavy→降级] 位置(3878.4,73747.9) 容量282kWh 剩余30% | α=3→6min/% τ=116min → 需145.4kWh(充23.5min)
[charge_scheduler-1] [INFO] [1785768101.859117150] [charge_scheduler]:   车#10 [电动装载机282|light] 位置(3740.3,73686.9) 容量282kWh 剩余45% | α=6→6min/% τ=224min → 需101.8kWh(充16.4min)
[charge_scheduler-1] [INFO] [1785768101.859128876] [charge_scheduler]:   车#11 [电动装载机350|light] 位置(3895.4,73811.9) 容量350kWh 剩余18% | α=6→6min/% τ=83min → 需223.7kWh(充36.2min)
[charge_scheduler-1] [INFO] [1785768101.859142222] [charge_scheduler]:   车#12 [重型叉车|heavy→降级] 位置(3876.0,73830.2) 容量200kWh 剩余62% | α=3→6min/% τ=230min → 需37.1kWh(充6.0min)
[charge_scheduler-1] [INFO] [1785768101.859152145] [charge_scheduler]:   车#13 [电动装载机282|light] 位置(3765.9,73790.3) 容量282kWh 剩余28% | α=6→6min/% τ=129min → 需151.2kWh(充24.4min)
[charge_scheduler-1] [INFO] [1785768101.859163319] [charge_scheduler]:   车#14 [电动装载机350|light] 位置(3637.1,73698.1) 容量350kWh 剩余52% | α=6→6min/% τ=301min → 需101.0kWh(充16.3min)
[charge_scheduler-1] [INFO] [1785768101.859174953] [charge_scheduler]:   车#15 [重型叉车|light] 位置(3884.5,73833.1) 容量200kWh 剩余12% | α=6→6min/% τ=45min → 需140.2kWh(充22.7min)
[charge_scheduler-1] [INFO] [1785768101.859186761] [charge_scheduler]:   车#16 [电动装载机282|light] 位置(3699.3,73765.4) 容量282kWh 剩余38% | α=6→6min/% τ=185min → 需122.1kWh(充19.7min)
[charge_scheduler-1] [INFO] [1785768101.859198054] [charge_scheduler]:   车#17 [电动装载机350|light] 位置(3800.8,73717.7) 容量350kWh 剩余58% | α=6→6min/% τ=339min → 需79.4kWh(充12.8min)
[charge_scheduler-1] [INFO] [1785768101.859209835] [charge_scheduler]:   车#18 [重型叉车|heavy→降级] 位置(3825.0,73792.7) 容量200kWh 剩余22% | α=3→6min/% τ=102min → 需119.6kWh(充19.3min)
[charge_scheduler-1] [INFO] [1785768101.859220921] [charge_scheduler]:   车#19 [电动装载机282|light] 位置(3784.3,73759.0) 容量282kWh 剩余48% | α=6→6min/% τ=241min → 需93.0kWh(充15.0min)
[charge_scheduler-1] [INFO] [1785768101.872351841] [charge_scheduler]: [Scheduler] 闭环接口: threshold=10.0min | event_sim=on | policy=all | structured_feedback=optional (/task_planner/execution_event)
[charge_scheduler-1] [INFO] [1785768101.872385214] [charge_scheduler]: [Scheduler] 已启动, 等待地图...
[charge_scheduler-1] [INFO] [1785768101.872391160] [charge_scheduler]: [Scheduler] 充电车1接口: sequence/served/arrived_target/arrived_station/return_goal/task_complete 后缀=_1
[charge_scheduler-1] [INFO] [1785768101.872396256] [charge_scheduler]: [Scheduler] 充电车2接口: sequence/served/arrived_target/arrived_station/return_goal/task_complete 后缀=_2
[charge_scheduler-1] [INFO] [1785768101.960424480] [charge_scheduler]: [Scheduler] RoutingGraph 就绪
[charge_scheduler-1] [INFO] [1785768101.961052065] [charge_scheduler]: [Scheduler] 提取到 0 条虚线捷径
[charge_scheduler-1] [INFO] [1785768101.989353975] [charge_scheduler]: [Scheduler] 下层兼容增强图: 190 节点, 0 条虚线掉头边
[charge_scheduler-1] [INFO] [1785768111.573086152] [charge_scheduler]: [Scheduler] 距离矩阵完成 21x21, 9583.7 ms | 模式=maneuver | 真实不可达=0 抽象不可达=0 | 缺少对向投影节点=0 | 对向识别(ID/几何/法向)=0/0/0 | 单向驿站投影=0
[charge_scheduler-1] [INFO] [1785768111.573146951] [charge_scheduler]:   ✓ 比值自检：420 个 OD 满足 机动/直线≥1 | 均值=3.73 最大=54.86 (车#15→车#12)
[charge_scheduler-1] [INFO] [1785768111.573160757] [charge_scheduler]: [Scheduler] 地图就绪, 190 条 lanelet（与下层一致）
[charge_scheduler-1] [INFO] [1785768111.573248616] [charge_scheduler]: ======== 开始VRPTW调度 20 辆车 ========
[charge_scheduler-1] [INFO] [1785768111.573256989] [charge_scheduler]:   规模20>8 → 启发式(alns)
[charge_scheduler-1] [INFO] [1785768123.223851756] [charge_scheduler]: [ALNS] objective_order=Tover,Nlate,Ctotal seed=10 iters=15000 | N_late=10(成功率50.0%) T_overtime=186.6min C_total=4791.7m | 趟数=8 makespan=393.5min
[charge_scheduler-1] [INFO] [1785768123.223895801] [charge_scheduler]:   求解耗时 11650.6 ms
[charge_scheduler-1] [INFO] [1785768123.223903073] [charge_scheduler]: ════════ 调度结果 ════════
[charge_scheduler-1] [INFO] [1785768123.223907744] [charge_scheduler]:   ★目标(字典序): objective_order=Tover,Nlate,Ctotal | N_late=10 辆 (按时成功率 10/20 = 50.0%)  T_overtime=186.6min  C_total=4791.7m
[charge_scheduler-1] [INFO] [1785768123.223913626] [charge_scheduler]:   附: 趟数=8 | makespan=393.5min | 能量可行=是
[charge_scheduler-1] [INFO] [1785768123.223924634] [charge_scheduler]:   [充电车2] 趟1: 站 → 车#4(到4.6/限212.0✓) → 车#15(到15.3/限44.8✓) → 车#11(到39.2/限83.2✓) → 车#1(到82.1/限96.0✓) → 站
[charge_scheduler-1] [INFO] [1785768123.223931407] [charge_scheduler]:   [充电车1] 趟2: 站 → 车#8(到2.5/限196.0✓) → 车#3(到16.4/限32.0✓) → 车#12(到43.5/限230.4✓) → 车#13(到56.1/限128.8✓) → 车#7(到85.9/限64.0✗超时) → 站
[charge_scheduler-1] [INFO] [1785768123.223936257] [charge_scheduler]:   [充电车2] 趟3: 站 → 车#9(到123.4/限116.0✗超时) → 车#5(到159.0/限128.0✗超时) → 站
[charge_scheduler-1] [INFO] [1785768123.223941770] [charge_scheduler]:   [充电车1] 趟4: 站 → 车#18(到125.8/限102.4✗超时) → 车#0(到152.0/限168.0✓) → 车#6(到190.8/限176.0✗超时) → 站
[charge_scheduler-1] [INFO] [1785768123.223946859] [charge_scheduler]:   [充电车2] 趟5: 站 → 车#16(到218.6/限184.8✗超时) → 车#10(到257.1/限224.0✗超时) → 站
[charge_scheduler-1] [INFO] [1785768123.223952232] [charge_scheduler]:   [充电车1] 趟6: 站 → 车#19(到248.1/限240.8✗超时) → 车#2(到284.4/限288.0✓) → 站
[charge_scheduler-1] [INFO] [1785768123.223956544] [charge_scheduler]:   [充电车1] 趟7: 站 → 车#17(到346.1/限339.2✗超时) → 站
[charge_scheduler-1] [INFO] [1785768123.223960548] [charge_scheduler]:   [充电车2] 趟8: 站 → 车#14(到307.8/限300.8✗超时) → 站
[charge_scheduler-1] [INFO] [1785768123.223963722] [charge_scheduler]: ════════════════════════
[charge_scheduler-1] [INFO] [1785768123.224011902] [charge_scheduler]: [扰动清单] type=combined delay=60.0min targets={9,11,} station={C1-S1,C2-S1,}
[charge_scheduler-1] [INFO] [1785768123.224025002] [charge_scheduler]: [执行事件] loop=open plan_v=0 C1 type=target_service target=8 station_ord=0 planned_finish=14.59 actual_finish=14.59 dev=+0.00 injected=0.0
[charge_scheduler-1] [INFO] [1785768123.224032486] [charge_scheduler]: [执行事件] loop=open plan_v=0 C2 type=target_service target=4 station_ord=0 planned_finish=14.62 actual_finish=14.62 dev=+0.00 injected=0.0
[charge_scheduler-1] [INFO] [1785768123.224066550] [charge_scheduler]: [执行事件] loop=open plan_v=0 C2 type=target_service target=15 station_ord=0 planned_finish=38.79 actual_finish=38.79 dev=+0.00 injected=0.0
[charge_scheduler-1] [INFO] [1785768123.224072511] [charge_scheduler]: [执行事件] loop=open plan_v=0 C1 type=target_service target=3 station_ord=0 planned_finish=40.55 actual_finish=40.55 dev=+0.00 injected=0.0
[charge_scheduler-1] [INFO] [1785768123.224077947] [charge_scheduler]: [执行事件] loop=open plan_v=0 C1 type=target_service target=12 station_ord=0 planned_finish=54.00 actual_finish=54.00 dev=+0.00 injected=0.0
[charge_scheduler-1] [INFO] [1785768123.224083270] [charge_scheduler]: [执行事件] loop=open plan_v=0 C1 type=target_service target=13 station_ord=0 planned_finish=85.25 actual_finish=85.25 dev=+0.00 injected=0.0
[charge_scheduler-1] [INFO] [1785768123.224088667] [charge_scheduler]: [执行事件] loop=open plan_v=0 C1 type=target_service target=7 station_ord=0 planned_finish=110.90 actual_finish=110.90 dev=+0.00 injected=0.0
[charge_scheduler-1] [INFO] [1785768123.224095173] [charge_scheduler]: [执行事件] loop=open plan_v=0 C2 type=target_service target=11 station_ord=0 planned_finish=78.97 actual_finish=138.97 dev=+60.00 injected=60.0
[charge_scheduler-1] [INFO] [1785768123.224101144] [charge_scheduler]: [执行事件] loop=open plan_v=0 C2 type=target_service target=1 station_ord=0 planned_finish=106.39 actual_finish=167.11 dev=+60.72 injected=0.0
[charge_scheduler-1] [INFO] [1785768123.224107303] [charge_scheduler]: [执行事件] loop=open plan_v=0 C1 type=station_turnaround target=-1 station_ord=1 planned_finish=122.83 actual_finish=182.83 dev=+60.00 injected=60.0
[charge_scheduler-1] [INFO] [1785768123.224113391] [charge_scheduler]: [执行事件] loop=open plan_v=0 C1 type=target_service target=18 station_ord=0 planned_finish=150.79 actual_finish=210.79 dev=+60.00 injected=0.0
[charge_scheduler-1] [INFO] [1785768123.224118910] [charge_scheduler]: [执行事件] loop=open plan_v=0 C2 type=station_turnaround target=-1 station_ord=1 planned_finish=117.93 actual_finish=238.65 dev=+120.72 injected=60.0
[charge_scheduler-1] [INFO] [1785768123.224125120] [charge_scheduler]: [执行事件] loop=open plan_v=0 C1 type=target_service target=0 station_ord=0 planned_finish=185.89 actual_finish=247.24 dev=+61.34 injected=0.0
[charge_scheduler-1] [INFO] [1785768123.224130986] [charge_scheduler]: [执行事件] loop=open plan_v=0 C1 type=target_service target=6 station_ord=0 planned_finish=234.53 actual_finish=295.87 dev=+61.34 injected=0.0
[charge_scheduler-1] [INFO] [1785768123.224136590] [charge_scheduler]: [执行事件] loop=open plan_v=0 C1 type=station_turnaround target=-1 station_ord=2 planned_finish=246.85 actual_finish=308.19 dev=+61.34 injected=0.0
[charge_scheduler-1] [INFO] [1785768123.224142315] [charge_scheduler]: [执行事件] loop=open plan_v=0 C2 type=target_service target=9 station_ord=0 planned_finish=158.68 actual_finish=339.41 dev=+180.72 injected=60.0
[charge_scheduler-1] [INFO] [1785768123.224148153] [charge_scheduler]: [执行事件] loop=open plan_v=0 C1 type=target_service target=19 station_ord=0 planned_finish=283.32 actual_finish=344.66 dev=+61.34 injected=0.0
[charge_scheduler-1] [INFO] [1785768123.224153795] [charge_scheduler]: [执行事件] loop=open plan_v=0 C2 type=target_service target=5 station_ord=0 planned_finish=202.76 actual_finish=383.49 dev=+180.72 injected=0.0
[charge_scheduler-1] [INFO] [1785768123.224159258] [charge_scheduler]: [执行事件] loop=open plan_v=0 C1 type=target_service target=2 station_ord=0 planned_finish=327.87 actual_finish=389.54 dev=+61.67 injected=0.0
[charge_scheduler-1] [INFO] [1785768123.224164702] [charge_scheduler]: [执行事件] loop=open plan_v=0 C2 type=station_turnaround target=-1 station_ord=2 planned_finish=216.37 actual_finish=397.09 dev=+180.72 injected=0.0
[charge_scheduler-1] [INFO] [1785768123.224170213] [charge_scheduler]: [执行事件] loop=open plan_v=0 C1 type=station_turnaround target=-1 station_ord=3 planned_finish=344.43 actual_finish=406.10 dev=+61.67 injected=0.0
[charge_scheduler-1] [INFO] [1785768123.224176456] [charge_scheduler]: [执行事件] loop=open plan_v=0 C2 type=target_service target=16 station_ord=0 planned_finish=253.82 actual_finish=434.54 dev=+180.72 injected=0.0
[charge_scheduler-1] [INFO] [1785768123.224184523] [charge_scheduler]: [执行事件] loop=open plan_v=0 C1 type=target_service target=17 station_ord=0 planned_finish=389.89 actual_finish=451.56 dev=+61.67 injected=0.0
[charge_scheduler-1] [INFO] [1785768123.224190264] [charge_scheduler]: [执行事件] loop=open plan_v=0 C1 type=final_return target=-1 station_ord=0 planned_finish=393.46 actual_finish=455.13 dev=+61.67 injected=0.0
[charge_scheduler-1] [INFO] [1785768123.224195806] [charge_scheduler]: [执行事件] loop=open plan_v=0 C2 type=target_service target=10 station_ord=0 planned_finish=292.34 actual_finish=473.07 dev=+180.72 injected=0.0
[charge_scheduler-1] [INFO] [1785768123.224201283] [charge_scheduler]: [执行事件] loop=open plan_v=0 C2 type=station_turnaround target=-1 station_ord=3 planned_finish=304.80 actual_finish=485.52 dev=+180.72 injected=0.0
[charge_scheduler-1] [INFO] [1785768123.224207135] [charge_scheduler]: [执行事件] loop=open plan_v=0 C2 type=target_service target=14 station_ord=0 planned_finish=351.54 actual_finish=532.26 dev=+180.72 injected=0.0
[charge_scheduler-1] [INFO] [1785768123.224212540] [charge_scheduler]: [执行事件] loop=open plan_v=0 C2 type=final_return target=-1 station_ord=0 planned_finish=355.24 actual_finish=535.96 dev=+180.72 injected=0.0
[charge_scheduler-1] [INFO] [1785768123.224224644] [charge_scheduler]: [执行事件] loop=fixed plan_v=0 C1 type=target_service target=8 station_ord=0 planned_finish=14.59 actual_finish=14.59 dev=+0.00 injected=0.0
[charge_scheduler-1] [INFO] [1785768123.224230471] [charge_scheduler]: [执行事件] loop=fixed plan_v=0 C2 type=target_service target=4 station_ord=0 planned_finish=14.62 actual_finish=14.62 dev=+0.00 injected=0.0
[charge_scheduler-1] [INFO] [1785768123.224235929] [charge_scheduler]: [执行事件] loop=fixed plan_v=0 C2 type=target_service target=15 station_ord=0 planned_finish=38.79 actual_finish=38.79 dev=+0.00 injected=0.0
[charge_scheduler-1] [INFO] [1785768123.224241537] [charge_scheduler]: [执行事件] loop=fixed plan_v=0 C1 type=target_service target=3 station_ord=0 planned_finish=40.55 actual_finish=40.55 dev=+0.00 injected=0.0
[charge_scheduler-1] [INFO] [1785768123.224251704] [charge_scheduler]: [执行事件] loop=fixed plan_v=0 C1 type=target_service target=12 station_ord=0 planned_finish=54.00 actual_finish=54.00 dev=+0.00 injected=0.0
[charge_scheduler-1] [INFO] [1785768123.224257231] [charge_scheduler]: [执行事件] loop=fixed plan_v=0 C1 type=target_service target=13 station_ord=0 planned_finish=85.25 actual_finish=85.25 dev=+0.00 injected=0.0
[charge_scheduler-1] [INFO] [1785768123.224262598] [charge_scheduler]: [执行事件] loop=fixed plan_v=0 C1 type=target_service target=7 station_ord=0 planned_finish=110.90 actual_finish=110.90 dev=+0.00 injected=0.0
[charge_scheduler-1] [INFO] [1785768123.224268397] [charge_scheduler]: [执行事件] loop=fixed plan_v=0 C2 type=target_service target=11 station_ord=0 planned_finish=78.97 actual_finish=138.97 dev=+60.00 injected=60.0
[charge_scheduler-1] [WARN] [1785768123.503469107] [charge_scheduler]: [重调度事件] policy=fixed #1 t=138.97min trigger=C2/target_service dev=+60.00 pool=12 committed=0 plan_v=1 solve_ms=279.1 changed_assign=0 changed_order=12
[charge_scheduler-1] [INFO] [1785768123.503509150] [charge_scheduler]: [执行事件] loop=fixed plan_v=1 C2 type=target_service target=1 station_ord=0 planned_finish=167.11 actual_finish=167.11 dev=+0.00 injected=0.0
[charge_scheduler-1] [INFO] [1785768123.503519409] [charge_scheduler]: [执行事件] loop=fixed plan_v=0 C1 type=station_turnaround target=-1 station_ord=1 planned_finish=122.83 actual_finish=182.83 dev=+60.00 injected=60.0
[charge_scheduler-1] [WARN] [1785768123.739986991] [charge_scheduler]: [重调度事件] policy=fixed #2 t=182.83min trigger=C1/station_turnaround dev=+60.00 pool=11 committed=0 plan_v=2 solve_ms=236.4 changed_assign=0 changed_order=10
[charge_scheduler-1] [INFO] [1785768123.740030125] [charge_scheduler]: [执行事件] loop=fixed plan_v=2 C1 type=target_service target=18 station_ord=0 planned_finish=210.79 actual_finish=210.79 dev=+0.00 injected=0.0
[charge_scheduler-1] [INFO] [1785768123.740039094] [charge_scheduler]: [执行事件] loop=fixed plan_v=1 C2 type=station_turnaround target=-1 station_ord=1 planned_finish=178.65 actual_finish=238.65 dev=+60.00 injected=60.0
[charge_scheduler-1] [WARN] [1785768123.924553400] [charge_scheduler]: [重调度事件] policy=fixed #3 t=238.65min trigger=C2/station_turnaround dev=+60.00 pool=9 committed=1 plan_v=3 solve_ms=184.5 changed_assign=0 changed_order=8
[charge_scheduler-1] [INFO] [1785768123.924613565] [charge_scheduler]: [执行事件] loop=fixed plan_v=2 C1 type=target_service target=0 station_ord=0 planned_finish=247.24 actual_finish=247.24 dev=+0.00 injected=0.0
[charge_scheduler-1] [INFO] [1785768123.924623206] [charge_scheduler]: [执行事件] loop=fixed plan_v=3 C2 type=target_service target=16 station_ord=0 planned_finish=276.11 actual_finish=276.11 dev=+0.00 injected=0.0
[charge_scheduler-1] [INFO] [1785768123.924630558] [charge_scheduler]: [执行事件] loop=fixed plan_v=3 C1 type=target_service target=19 station_ord=0 planned_finish=287.49 actual_finish=287.49 dev=+0.00 injected=0.0
[charge_scheduler-1] [INFO] [1785768123.924637012] [charge_scheduler]: [执行事件] loop=fixed plan_v=3 C1 type=station_turnaround target=-1 station_ord=2 planned_finish=301.70 actual_finish=301.70 dev=+0.00 injected=0.0
[charge_scheduler-1] [INFO] [1785768123.924643202] [charge_scheduler]: [执行事件] loop=fixed plan_v=3 C1 type=target_service target=2 station_ord=0 planned_finish=347.70 actual_finish=347.70 dev=+0.00 injected=0.0
[charge_scheduler-1] [INFO] [1785768123.924649012] [charge_scheduler]: [执行事件] loop=fixed plan_v=3 C2 type=target_service target=9 station_ord=0 planned_finish=316.23 actual_finish=376.23 dev=+60.00 injected=60.0
[charge_scheduler-1] [WARN] [1785768123.991072707] [charge_scheduler]: [重调度事件] policy=fixed #4 t=376.23min trigger=C2/target_service dev=+60.00 pool=4 committed=1 plan_v=4 solve_ms=66.4 changed_assign=0 changed_order=2
[charge_scheduler-1] [INFO] [1785768123.991593864] [charge_scheduler]: [执行事件] loop=fixed plan_v=4 C2 type=station_turnaround target=-1 station_ord=2 planned_finish=389.56 actual_finish=389.56 dev=+0.00 injected=0.0
[charge_scheduler-1] [INFO] [1785768123.991609359] [charge_scheduler]: [执行事件] loop=fixed plan_v=3 C1 type=target_service target=6 station_ord=0 planned_finish=395.80 actual_finish=395.80 dev=+0.00 injected=0.0
[charge_scheduler-1] [INFO] [1785768123.991616427] [charge_scheduler]: [执行事件] loop=fixed plan_v=4 C1 type=station_turnaround target=-1 station_ord=3 planned_finish=408.13 actual_finish=408.13 dev=+0.00 injected=0.0
[charge_scheduler-1] [INFO] [1785768123.991623035] [charge_scheduler]: [执行事件] loop=fixed plan_v=4 C2 type=target_service target=10 station_ord=0 planned_finish=426.88 actual_finish=426.88 dev=+0.00 injected=0.0
[charge_scheduler-1] [INFO] [1785768123.991629199] [charge_scheduler]: [执行事件] loop=fixed plan_v=4 C1 type=target_service target=17 station_ord=0 planned_finish=453.59 actual_finish=453.59 dev=+0.00 injected=0.0
[charge_scheduler-1] [INFO] [1785768123.991635127] [charge_scheduler]: [执行事件] loop=fixed plan_v=4 C1 type=final_return target=-1 station_ord=0 planned_finish=457.16 actual_finish=457.16 dev=+0.00 injected=0.0
[charge_scheduler-1] [INFO] [1785768123.991641080] [charge_scheduler]: [执行事件] loop=fixed plan_v=4 C2 type=target_service target=14 station_ord=0 planned_finish=474.65 actual_finish=474.65 dev=+0.00 injected=0.0
[charge_scheduler-1] [INFO] [1785768123.991646971] [charge_scheduler]: [执行事件] loop=fixed plan_v=4 C2 type=station_turnaround target=-1 station_ord=3 planned_finish=488.36 actual_finish=488.36 dev=+0.00 injected=0.0
[charge_scheduler-1] [INFO] [1785768123.991653254] [charge_scheduler]: [执行事件] loop=fixed plan_v=4 C2 type=target_service target=5 station_ord=0 planned_finish=537.32 actual_finish=537.32 dev=+0.00 injected=0.0
[charge_scheduler-1] [INFO] [1785768123.991659192] [charge_scheduler]: [执行事件] loop=fixed plan_v=4 C2 type=final_return target=-1 station_ord=0 planned_finish=540.93 actual_finish=540.93 dev=+0.00 injected=0.0
[charge_scheduler-1] [INFO] [1785768123.991680064] [charge_scheduler]: [执行事件] loop=global plan_v=0 C1 type=target_service target=8 station_ord=0 planned_finish=14.59 actual_finish=14.59 dev=+0.00 injected=0.0
[charge_scheduler-1] [INFO] [1785768123.991686515] [charge_scheduler]: [执行事件] loop=global plan_v=0 C2 type=target_service target=4 station_ord=0 planned_finish=14.62 actual_finish=14.62 dev=+0.00 injected=0.0
[charge_scheduler-1] [INFO] [1785768123.991692507] [charge_scheduler]: [执行事件] loop=global plan_v=0 C2 type=target_service target=15 station_ord=0 planned_finish=38.79 actual_finish=38.79 dev=+0.00 injected=0.0
[charge_scheduler-1] [INFO] [1785768123.991715571] [charge_scheduler]: [执行事件] loop=global plan_v=0 C1 type=target_service target=3 station_ord=0 planned_finish=40.55 actual_finish=40.55 dev=+0.00 injected=0.0
[charge_scheduler-1] [INFO] [1785768123.991721790] [charge_scheduler]: [执行事件] loop=global plan_v=0 C1 type=target_service target=12 station_ord=0 planned_finish=54.00 actual_finish=54.00 dev=+0.00 injected=0.0
[charge_scheduler-1] [INFO] [1785768123.991727755] [charge_scheduler]: [执行事件] loop=global plan_v=0 C1 type=target_service target=13 station_ord=0 planned_finish=85.25 actual_finish=85.25 dev=+0.00 injected=0.0
[charge_scheduler-1] [INFO] [1785768123.991733662] [charge_scheduler]: [执行事件] loop=global plan_v=0 C1 type=target_service target=7 station_ord=0 planned_finish=110.90 actual_finish=110.90 dev=+0.00 injected=0.0
[charge_scheduler-1] [INFO] [1785768123.991740987] [charge_scheduler]: [执行事件] loop=global plan_v=0 C2 type=target_service target=11 station_ord=0 planned_finish=78.97 actual_finish=138.97 dev=+60.00 injected=60.0
[charge_scheduler-1] [WARN] [1785768124.949071379] [charge_scheduler]: [重调度事件] policy=global #1 t=138.97min trigger=C2/target_service dev=+60.00 pool=12 committed=0 plan_v=1 solve_ms=957.3 changed_assign=2 changed_order=11
[charge_scheduler-1] [INFO] [1785768124.949122100] [charge_scheduler]: [执行事件] loop=global plan_v=1 C2 type=target_service target=1 station_ord=0 planned_finish=167.11 actual_finish=167.11 dev=+0.00 injected=0.0
[charge_scheduler-1] [INFO] [1785768124.949136882] [charge_scheduler]: [执行事件] loop=global plan_v=0 C1 type=station_turnaround target=-1 station_ord=1 planned_finish=122.83 actual_finish=182.83 dev=+60.00 injected=60.0
[charge_scheduler-1] [WARN] [1785768125.522185883] [charge_scheduler]: [重调度事件] policy=global #2 t=182.83min trigger=C1/station_turnaround dev=+60.00 pool=11 committed=0 plan_v=2 solve_ms=573.0 changed_assign=6 changed_order=7
[charge_scheduler-1] [INFO] [1785768125.522229713] [charge_scheduler]: [执行事件] loop=global plan_v=2 C1 type=target_service target=18 station_ord=0 planned_finish=210.79 actual_finish=210.79 dev=+0.00 injected=0.0
[charge_scheduler-1] [INFO] [1785768125.522238951] [charge_scheduler]: [执行事件] loop=global plan_v=1 C2 type=station_turnaround target=-1 station_ord=1 planned_finish=178.65 actual_finish=238.65 dev=+60.00 injected=60.0
[charge_scheduler-1] [WARN] [1785768125.908666904] [charge_scheduler]: [重调度事件] policy=global #3 t=238.65min trigger=C2/station_turnaround dev=+60.00 pool=9 committed=1 plan_v=3 solve_ms=386.4 changed_assign=4 changed_order=9
[charge_scheduler-1] [INFO] [1785768125.908722056] [charge_scheduler]: [执行事件] loop=global plan_v=2 C1 type=target_service target=0 station_ord=0 planned_finish=247.24 actual_finish=247.24 dev=+0.00 injected=0.0
[charge_scheduler-1] [INFO] [1785768125.908732094] [charge_scheduler]: [执行事件] loop=global plan_v=3 C2 type=target_service target=19 station_ord=0 planned_finish=275.05 actual_finish=275.05 dev=+0.00 injected=0.0
[charge_scheduler-1] [INFO] [1785768125.908738717] [charge_scheduler]: [执行事件] loop=global plan_v=3 C1 type=target_service target=16 station_ord=0 planned_finish=289.14 actual_finish=289.14 dev=+0.00 injected=0.0
[charge_scheduler-1] [INFO] [1785768125.908746232] [charge_scheduler]: [执行事件] loop=global plan_v=3 C1 type=station_turnaround target=-1 station_ord=2 planned_finish=301.76 actual_finish=301.76 dev=+0.00 injected=0.0
[charge_scheduler-1] [INFO] [1785768125.908753979] [charge_scheduler]: [执行事件] loop=global plan_v=3 C2 type=target_service target=6 station_ord=0 planned_finish=320.78 actual_finish=320.78 dev=+0.00 injected=0.0
[charge_scheduler-1] [INFO] [1785768125.908759653] [charge_scheduler]: [执行事件] loop=global plan_v=3 C2 type=station_turnaround target=-1 station_ord=2 planned_finish=333.11 actual_finish=333.11 dev=+0.00 injected=0.0
[charge_scheduler-1] [INFO] [1785768125.908765830] [charge_scheduler]: [执行事件] loop=global plan_v=3 C2 type=target_service target=10 station_ord=0 planned_finish=370.43 actual_finish=370.43 dev=+0.00 injected=0.0
[charge_scheduler-1] [INFO] [1785768125.908771572] [charge_scheduler]: [执行事件] loop=global plan_v=3 C1 type=target_service target=9 station_ord=0 planned_finish=342.51 actual_finish=402.51 dev=+60.00 injected=60.0
[charge_scheduler-1] [WARN] [1785768125.982396270] [charge_scheduler]: [重调度事件] policy=global #4 t=402.51min trigger=C1/target_service dev=+60.00 pool=3 committed=1 plan_v=4 solve_ms=73.6 changed_assign=2 changed_order=0
[charge_scheduler-1] [INFO] [1785768125.982476777] [charge_scheduler]: [执行事件] loop=global plan_v=3 C2 type=target_service target=17 station_ord=0 planned_finish=415.30 actual_finish=415.30 dev=+0.00 injected=0.0
[charge_scheduler-1] [INFO] [1785768125.982487555] [charge_scheduler]: [执行事件] loop=global plan_v=4 C2 type=station_turnaround target=-1 station_ord=3 planned_finish=428.87 actual_finish=428.87 dev=+0.00 injected=0.0
[charge_scheduler-1] [INFO] [1785768125.982494406] [charge_scheduler]: [执行事件] loop=global plan_v=4 C1 type=target_service target=5 station_ord=0 planned_finish=446.59 actual_finish=446.59 dev=+0.00 injected=0.0
[charge_scheduler-1] [INFO] [1785768125.982500705] [charge_scheduler]: [执行事件] loop=global plan_v=4 C1 type=station_turnaround target=-1 station_ord=3 planned_finish=460.20 actual_finish=460.20 dev=+0.00 injected=0.0
[charge_scheduler-1] [INFO] [1785768125.982506443] [charge_scheduler]: [执行事件] loop=global plan_v=4 C2 type=target_service target=2 station_ord=0 planned_finish=474.88 actual_finish=474.88 dev=+0.00 injected=0.0
[charge_scheduler-1] [INFO] [1785768125.982512113] [charge_scheduler]: [执行事件] loop=global plan_v=4 C2 type=final_return target=-1 station_ord=0 planned_finish=481.44 actual_finish=481.44 dev=+0.00 injected=0.0
[charge_scheduler-1] [INFO] [1785768125.982519024] [charge_scheduler]: [执行事件] loop=global plan_v=4 C1 type=target_service target=14 station_ord=0 planned_finish=506.93 actual_finish=506.93 dev=+0.00 injected=0.0
[charge_scheduler-1] [INFO] [1785768125.982526704] [charge_scheduler]: [执行事件] loop=global plan_v=4 C1 type=final_return target=-1 station_ord=0 planned_finish=510.64 actual_finish=510.64 dev=+0.00 injected=0.0
[charge_scheduler-1] [INFO] [1785768125.982545489] [charge_scheduler]: ★闭环实验结果 mode=open M=20 K=2 disturbance=combined delay=60.0 seed=10 N_late=13 T_overtime=1422.435 C_total=4791.732 makespan=535.962 served=20 energy_viol=2 reschedules=0 reschedule_ms=0.000 changed_assign=0 changed_order=0 applied_target=2 applied_station=2 initial_solve_ms=11650.638 objective_order=Tover,Nlate,Ctotal
[charge_scheduler-1] [INFO] [1785768125.982561315] [charge_scheduler]: ★闭环实验结果 mode=fixed M=20 K=2 disturbance=combined delay=60.0 seed=10 N_late=13 T_overtime=1353.821 C_total=5258.219 makespan=540.925 served=20 energy_viol=0 reschedules=4 reschedule_ms=766.420 changed_assign=0 changed_order=32 applied_target=2 applied_station=2 initial_solve_ms=11650.638 objective_order=Tover,Nlate,Ctotal
[charge_scheduler-1] [INFO] [1785768125.982572998] [charge_scheduler]: ★闭环实验收益 policy=fixed M=20 K=2 disturbance=combined delay=60.0 seed=10 recovered_late=0 overtime_reduction=68.615 distance_delta=466.486 makespan_reduction=-4.963
[charge_scheduler-1] [INFO] [1785768125.982582642] [charge_scheduler]: ★闭环实验结果 mode=closed M=20 K=2 disturbance=combined delay=60.0 seed=10 N_late=12 T_overtime=1280.658 C_total=4862.420 makespan=510.636 served=20 energy_viol=0 reschedules=4 reschedule_ms=1990.304 changed_assign=14 changed_order=27 applied_target=2 applied_station=2 initial_solve_ms=11650.638 objective_order=Tover,Nlate,Ctotal
[charge_scheduler-1] [INFO] [1785768125.982594126] [charge_scheduler]: ★闭环实验收益 policy=closed M=20 K=2 disturbance=combined delay=60.0 seed=10 recovered_late=1 overtime_reduction=141.777 distance_delta=70.687 makespan_reduction=25.327
