[INFO] [launch]: All log files can be found below /root/.ros/log/2026-08-03-16-00-55-476496-YYYY-76089
[INFO] [launch]: Default logging verbosity is set to INFO
[INFO] [charge_scheduler-1]: process started with pid [76093]
[charge_scheduler-1] [INFO] [1785772855.602370817] [charge_scheduler]: [目标顺序] objective_order=Tover,Nlate,Ctotal
[charge_scheduler-1] [INFO] [1785772855.604513532] [charge_scheduler]: [Scheduler] 30辆车 | 电池800.0kWh(20%=160.0 80%=640.0) | 充电360kW效率97% | 行驶0.6kWh/km | 桩350kW
[charge_scheduler-1] [INFO] [1785772855.604549799] [charge_scheduler]: [Scheduler] 站端周转: 换电 10 min(换后满电) | 单趟可用 640 kWh
[charge_scheduler-1] [INFO] [1785772855.604556287] [charge_scheduler]:   车#0 [电动装载机282|light] 位置(3889.6,73764.7) 容量282kWh 剩余35% | α=6→6min/% τ=168min → 需130.8kWh(充21.2min)
[charge_scheduler-1] [INFO] [1785772855.604566384] [charge_scheduler]:   车#1 [重型叉车|light] 位置(3778.9,73807.0) 容量200kWh 剩余20% | α=6→6min/% τ=96min → 需123.7kWh(充20.0min)
[charge_scheduler-1] [INFO] [1785772855.604574339] [charge_scheduler]:   车#2 [电动装载机350|light] 位置(3794.9,73804.6) 容量350kWh 剩余50% | α=6→6min/% τ=288min → 需108.2kWh(充17.5min)
[charge_scheduler-1] [INFO] [1785772855.604581740] [charge_scheduler]:   车#3 [重型叉车|light] 位置(3806.9,73760.3) 容量200kWh 剩余10% | α=6→6min/% τ=32min → 需144.3kWh(充23.3min)
[charge_scheduler-1] [INFO] [1785772855.604589299] [charge_scheduler]:   车#4 [电动装载机282|heavy→降级] 位置(3705.1,73758.2) 容量282kWh 剩余60% | α=3→6min/% τ=212min → 需58.1kWh(充9.4min)
[charge_scheduler-1] [INFO] [1785772855.604598313] [charge_scheduler]:   车#5 [电动装载机350|light] 位置(3756.5,73770.2) 容量350kWh 剩余25% | α=6→6min/% τ=128min → 需198.5kWh(充32.1min)
[charge_scheduler-1] [INFO] [1785772855.604721505] [charge_scheduler]:   车#6 [电动装载机350|heavy→降级] 位置(3887.4,73809.4) 容量350kWh 剩余40% | α=4→6min/% τ=176min → 需144.3kWh(充23.3min)
[charge_scheduler-1] [INFO] [1785772855.604729004] [charge_scheduler]:   车#7 [重型叉车|light] 位置(3899.0,73786.6) 容量200kWh 剩余15% | α=6→6min/% τ=64min → 需134.0kWh(充21.7min)
[charge_scheduler-1] [INFO] [1785772855.604740268] [charge_scheduler]:   车#8 [电动装载机282|heavy→降级] 位置(3689.7,73663.1) 容量282kWh 剩余55% | α=3→6min/% τ=196min → 需72.7kWh(充11.8min)
[charge_scheduler-1] [INFO] [1785772855.604747854] [charge_scheduler]:   车#9 [电动装载机282|heavy→降级] 位置(3748.4,73767.2) 容量282kWh 剩余30% | α=3→6min/% τ=116min → 需145.4kWh(充23.5min)
[charge_scheduler-1] [INFO] [1785772855.604755178] [charge_scheduler]:   车#10 [电动装载机282|light] 位置(3865.2,73751.0) 容量282kWh 剩余45% | α=6→6min/% τ=224min → 需101.8kWh(充16.4min)
[charge_scheduler-1] [INFO] [1785772855.604762399] [charge_scheduler]:   车#11 [电动装载机350|light] 位置(3785.0,73749.2) 容量350kWh 剩余18% | α=6→6min/% τ=83min → 需223.7kWh(充36.2min)
[charge_scheduler-1] [INFO] [1785772855.604770839] [charge_scheduler]:   车#12 [重型叉车|heavy→降级] 位置(3811.5,73799.9) 容量200kWh 剩余62% | α=3→6min/% τ=230min → 需37.1kWh(充6.0min)
[charge_scheduler-1] [INFO] [1785772855.604778556] [charge_scheduler]:   车#13 [电动装载机282|light] 位置(3810.8,73773.1) 容量282kWh 剩余28% | α=6→6min/% τ=129min → 需151.2kWh(充24.4min)
[charge_scheduler-1] [INFO] [1785772855.604790366] [charge_scheduler]:   车#14 [电动装载机350|light] 位置(3905.0,73793.5) 容量350kWh 剩余52% | α=6→6min/% τ=301min → 需101.0kWh(充16.3min)
[charge_scheduler-1] [INFO] [1785772855.604802086] [charge_scheduler]:   车#15 [重型叉车|light] 位置(3894.3,73756.9) 容量200kWh 剩余12% | α=6→6min/% τ=45min → 需140.2kWh(充22.7min)
[charge_scheduler-1] [INFO] [1785772855.604812857] [charge_scheduler]:   车#16 [电动装载机282|light] 位置(3818.5,73716.2) 容量282kWh 剩余38% | α=6→6min/% τ=185min → 需122.1kWh(充19.7min)
[charge_scheduler-1] [INFO] [1785772855.604822511] [charge_scheduler]:   车#17 [电动装载机350|light] 位置(3733.2,73772.4) 容量350kWh 剩余58% | α=6→6min/% τ=339min → 需79.4kWh(充12.8min)
[charge_scheduler-1] [INFO] [1785772855.604833975] [charge_scheduler]:   车#18 [重型叉车|heavy→降级] 位置(3764.7,73699.0) 容量200kWh 剩余22% | α=3→6min/% τ=102min → 需119.6kWh(充19.3min)
[charge_scheduler-1] [INFO] [1785772855.604844049] [charge_scheduler]:   车#19 [电动装载机282|light] 位置(3878.4,73747.9) 容量282kWh 剩余48% | α=6→6min/% τ=241min → 需93.0kWh(充15.0min)
[charge_scheduler-1] [INFO] [1785772855.604887993] [charge_scheduler]:   车#20 [电动装载机350|light] 位置(3740.3,73686.9) 容量350kWh 剩余33% | α=6→6min/% τ=179min → 需169.6kWh(充27.4min)
[charge_scheduler-1] [INFO] [1785772855.604899129] [charge_scheduler]:   车#21 [重型叉车|heavy→降级] 位置(3895.4,73811.9) 容量200kWh 剩余65% | α=3→6min/% τ=240min → 需30.9kWh(充5.0min)
[charge_scheduler-1] [INFO] [1785772855.604908964] [charge_scheduler]:   车#22 [电动装载机282|light] 位置(3876.0,73830.2) 容量282kWh 剩余16% | α=6→6min/% τ=62min → 需186.1kWh(充30.1min)
[charge_scheduler-1] [INFO] [1785772855.604919693] [charge_scheduler]:   车#23 [电动装载机350|light] 位置(3765.9,73790.3) 容量350kWh 剩余42% | α=6→6min/% τ=237min → 需137.1kWh(充22.2min)
[charge_scheduler-1] [INFO] [1785772855.604930906] [charge_scheduler]:   车#24 [重型叉车|heavy→降级] 位置(3637.1,73698.1) 容量200kWh 剩余25% | α=3→6min/% τ=112min → 需113.4kWh(充18.3min)
[charge_scheduler-1] [INFO] [1785772855.604959674] [charge_scheduler]:   车#25 [电动装载机282|light] 位置(3884.5,73833.1) 容量282kWh 剩余55% | α=6→6min/% τ=280min → 需72.7kWh(充11.8min)
[charge_scheduler-1] [INFO] [1785772855.604971935] [charge_scheduler]:   车#26 [电动装载机350|light] 位置(3699.3,73765.4) 容量350kWh 剩余30% | α=6→6min/% τ=160min → 需180.4kWh(充29.2min)
[charge_scheduler-1] [INFO] [1785772855.604981153] [charge_scheduler]:   车#27 [重型叉车|heavy→降级] 位置(3800.8,73717.7) 容量200kWh 剩余68% | α=3→6min/% τ=250min → 需24.7kWh(充4.0min)
[charge_scheduler-1] [INFO] [1785772855.604989456] [charge_scheduler]:   车#28 [电动装载机282|light] 位置(3825.0,73792.7) 容量282kWh 剩余20% | α=6→6min/% τ=84min → 需174.4kWh(充28.2min)
[charge_scheduler-1] [INFO] [1785772855.604997025] [charge_scheduler]:   车#29 [电动装载机350|light] 位置(3784.3,73759.0) 容量350kWh 剩余36% | α=6→6min/% τ=198min → 需158.8kWh(充25.7min)
[charge_scheduler-1] [INFO] [1785772855.618293152] [charge_scheduler]: [Scheduler] 闭环接口: threshold=10.0min | event_sim=on | policy=all | structured_feedback=optional (/task_planner/execution_event)
[charge_scheduler-1] [INFO] [1785772855.618329405] [charge_scheduler]: [Scheduler] 已启动, 等待地图...
[charge_scheduler-1] [INFO] [1785772855.618337181] [charge_scheduler]: [Scheduler] 充电车1接口: sequence/served/arrived_target/arrived_station/return_goal/task_complete 后缀=_1
[charge_scheduler-1] [INFO] [1785772855.618344378] [charge_scheduler]: [Scheduler] 充电车2接口: sequence/served/arrived_target/arrived_station/return_goal/task_complete 后缀=_2
[charge_scheduler-1] [INFO] [1785772855.618350184] [charge_scheduler]: [Scheduler] 充电车3接口: sequence/served/arrived_target/arrived_station/return_goal/task_complete 后缀=_3
[charge_scheduler-1] [INFO] [1785772855.707147840] [charge_scheduler]: [Scheduler] RoutingGraph 就绪
[charge_scheduler-1] [INFO] [1785772855.707809475] [charge_scheduler]: [Scheduler] 提取到 0 条虚线捷径
[charge_scheduler-1] [INFO] [1785772855.736903221] [charge_scheduler]: [Scheduler] 下层兼容增强图: 190 节点, 0 条虚线掉头边
[charge_scheduler-1] [INFO] [1785772876.402696097] [charge_scheduler]: [Scheduler] 距离矩阵完成 31x31, 20665.7 ms | 模式=maneuver | 真实不可达=0 抽象不可达=0 | 缺少对向投影节点=0 | 对向识别(ID/几何/法向)=0/0/0 | 单向驿站投影=0
[charge_scheduler-1] [INFO] [1785772876.402775947] [charge_scheduler]:   ✓ 比值自检：930 个 OD 满足 机动/直线≥1 | 均值=4.11 最大=62.63 (车#0→车#15)
[charge_scheduler-1] [INFO] [1785772876.402789454] [charge_scheduler]: [Scheduler] 地图就绪, 190 条 lanelet（与下层一致）
[charge_scheduler-1] [INFO] [1785772876.402868410] [charge_scheduler]: ======== 开始VRPTW调度 30 辆车 ========
[charge_scheduler-1] [INFO] [1785772876.402875387] [charge_scheduler]:   规模30>8 → 启发式(alns)
[charge_scheduler-1] [INFO] [1785772925.029575919] [charge_scheduler]: [ALNS] objective_order=Tover,Nlate,Ctotal seed=6 iters=15000 | N_late=12(成功率60.0%) T_overtime=212.6min C_total=7247.4m | 趟数=12 makespan=382.5min
[charge_scheduler-1] [INFO] [1785772925.029646587] [charge_scheduler]:   求解耗时 48626.8 ms
[charge_scheduler-1] [INFO] [1785772925.029656217] [charge_scheduler]: ════════ 调度结果 ════════
[charge_scheduler-1] [INFO] [1785772925.029662411] [charge_scheduler]:   ★目标(字典序): objective_order=Tover,Nlate,Ctotal | N_late=12 辆 (按时成功率 18/30 = 60.0%)  T_overtime=212.6min  C_total=7247.4m
[charge_scheduler-1] [INFO] [1785772925.029706546] [charge_scheduler]:   附: 趟数=12 | makespan=382.5min | 能量可行=是
[charge_scheduler-1] [INFO] [1785772925.029717904] [charge_scheduler]:   [充电车2] 趟1: 站 → 车#27(到1.7/限249.6✓) → 车#7(到8.0/限64.0✓) → 车#22(到30.9/限61.6✓) → 车#28(到65.4/限84.0✓) → 站
[charge_scheduler-1] [INFO] [1785772925.029725843] [charge_scheduler]:   [充电车3] 趟2: 站 → 车#4(到2.1/限212.0✓) → 车#8(到15.3/限196.0✓) → 车#18(到30.7/限102.4✓) → 车#9(到53.3/限116.0✓) → 车#1(到84.3/限96.0✓) → 站
[charge_scheduler-1] [INFO] [1785772925.029738351] [charge_scheduler]:   [充电车1] 趟3: 站 → 车#12(到2.3/限230.4✓) → 车#21(到10.6/限240.0✓) → 车#15(到17.7/限44.8✓) → 车#3(到43.1/限32.0✗超时) → 车#11(到68.6/限83.2✓) → 站
[charge_scheduler-1] [INFO] [1785772925.029743834] [charge_scheduler]:   [充电车1] 趟4: 站 → 车#13(到124.2/限128.8✓) → 车#16(到160.6/限184.8✓) → 站
[charge_scheduler-1] [INFO] [1785772925.029750286] [charge_scheduler]:   [充电车3] 趟5: 站 → 车#5(到125.3/限128.0✓) → 车#26(到171.2/限160.0✗超时) → 站
[charge_scheduler-1] [INFO] [1785772925.029756224] [charge_scheduler]:   [充电车2] 趟6: 站 → 车#24(到114.5/限112.0✗超时) → 车#0(到144.9/限168.0✓) → 车#6(到179.3/限176.0✗超时) → 站
[charge_scheduler-1] [INFO] [1785772925.029761436] [charge_scheduler]:   [充电车1] 趟7: 站 → 车#20(到208.2/限179.2✗超时) → 车#19(到258.0/限240.8✗超时) → 站
[charge_scheduler-1] [INFO] [1785772925.029766417] [charge_scheduler]:   [充电车3] 趟8: 站 → 车#10(到230.4/限224.0✗超时) → 车#23(到269.4/限236.8✗超时) → 站
[charge_scheduler-1] [INFO] [1785772925.029771210] [charge_scheduler]:   [充电车2] 趟9: 站 → 车#29(到238.7/限198.4✗超时) → 车#25(到285.2/限280.0✗超时) → 站
[charge_scheduler-1] [INFO] [1785772925.029775655] [charge_scheduler]:   [充电车1] 趟10: 站 → 车#2(到312.6/限288.0✗超时) → 站
[charge_scheduler-1] [INFO] [1785772925.029780070] [charge_scheduler]:   [充电车2] 趟11: 站 → 车#17(到337.0/限339.2✓) → 站
[charge_scheduler-1] [INFO] [1785772925.029784592] [charge_scheduler]:   [充电车3] 趟12: 站 → 车#14(到329.8/限300.8✗超时) → 站
[charge_scheduler-1] [INFO] [1785772925.029788664] [charge_scheduler]: ════════════════════════
[charge_scheduler-1] [INFO] [1785772925.029854871] [charge_scheduler]: [扰动清单] type=station delay=60.0min targets={} station={C2-S1,C3-S1,}
[charge_scheduler-1] [INFO] [1785772925.029869887] [charge_scheduler]: [执行事件] loop=open plan_v=0 C2 type=target_service target=27 station_ord=0 planned_finish=5.89 actual_finish=5.89 dev=+0.00 injected=0.0
[charge_scheduler-1] [INFO] [1785772925.029876860] [charge_scheduler]: [执行事件] loop=open plan_v=0 C1 type=target_service target=12 station_ord=0 planned_finish=8.50 actual_finish=8.50 dev=+0.00 injected=0.0
[charge_scheduler-1] [INFO] [1785772925.029882415] [charge_scheduler]: [执行事件] loop=open plan_v=0 C3 type=target_service target=4 station_ord=0 planned_finish=11.77 actual_finish=11.77 dev=+0.00 injected=0.0
[charge_scheduler-1] [INFO] [1785772925.029888077] [charge_scheduler]: [执行事件] loop=open plan_v=0 C1 type=target_service target=21 station_ord=0 planned_finish=16.66 actual_finish=16.66 dev=+0.00 injected=0.0
[charge_scheduler-1] [INFO] [1785772925.029894079] [charge_scheduler]: [执行事件] loop=open plan_v=0 C3 type=target_service target=8 station_ord=0 planned_finish=29.29 actual_finish=29.29 dev=+0.00 injected=0.0
[charge_scheduler-1] [INFO] [1785772925.029901159] [charge_scheduler]: [执行事件] loop=open plan_v=0 C2 type=target_service target=7 station_ord=0 planned_finish=30.11 actual_finish=30.11 dev=+0.00 injected=0.0
[charge_scheduler-1] [INFO] [1785772925.029906494] [charge_scheduler]: [执行事件] loop=open plan_v=0 C1 type=target_service target=15 station_ord=0 planned_finish=41.31 actual_finish=41.31 dev=+0.00 injected=0.0
[charge_scheduler-1] [INFO] [1785772925.029911765] [charge_scheduler]: [执行事件] loop=open plan_v=0 C3 type=target_service target=18 station_ord=0 planned_finish=51.93 actual_finish=51.93 dev=+0.00 injected=0.0
[charge_scheduler-1] [INFO] [1785772925.029917376] [charge_scheduler]: [执行事件] loop=open plan_v=0 C2 type=target_service target=22 station_ord=0 planned_finish=63.61 actual_finish=63.61 dev=+0.00 injected=0.0
[charge_scheduler-1] [INFO] [1785772925.029926137] [charge_scheduler]: [执行事件] loop=open plan_v=0 C1 type=target_service target=3 station_ord=0 planned_finish=68.11 actual_finish=68.11 dev=+0.00 injected=0.0
[charge_scheduler-1] [INFO] [1785772925.029931576] [charge_scheduler]: [执行事件] loop=open plan_v=0 C3 type=target_service target=9 station_ord=0 planned_finish=83.32 actual_finish=83.32 dev=+0.00 injected=0.0
[charge_scheduler-1] [INFO] [1785772925.029936913] [charge_scheduler]: [执行事件] loop=open plan_v=0 C2 type=target_service target=28 station_ord=0 planned_finish=99.04 actual_finish=99.04 dev=+0.00 injected=0.0
[charge_scheduler-1] [INFO] [1785772925.029944008] [charge_scheduler]: [执行事件] loop=open plan_v=0 C3 type=target_service target=1 station_ord=0 planned_finish=108.67 actual_finish=108.67 dev=+0.00 injected=0.0
[charge_scheduler-1] [INFO] [1785772925.029952140] [charge_scheduler]: [执行事件] loop=open plan_v=0 C1 type=target_service target=11 station_ord=0 planned_finish=111.00 actual_finish=111.00 dev=+0.00 injected=0.0
[charge_scheduler-1] [INFO] [1785772925.029957949] [charge_scheduler]: [执行事件] loop=open plan_v=0 C1 type=station_turnaround target=-1 station_ord=1 planned_finish=122.54 actual_finish=122.54 dev=+0.00 injected=0.0
[charge_scheduler-1] [INFO] [1785772925.029963730] [charge_scheduler]: [执行事件] loop=open plan_v=0 C1 type=target_service target=13 station_ord=0 planned_finish=159.09 actual_finish=159.09 dev=+0.00 injected=0.0
[charge_scheduler-1] [INFO] [1785772925.029970035] [charge_scheduler]: [执行事件] loop=open plan_v=0 C2 type=station_turnaround target=-1 station_ord=1 planned_finish=111.56 actual_finish=171.56 dev=+60.00 injected=60.0
[charge_scheduler-1] [INFO] [1785772925.029975885] [charge_scheduler]: [执行事件] loop=open plan_v=0 C3 type=station_turnaround target=-1 station_ord=1 planned_finish=122.09 actual_finish=182.09 dev=+60.00 injected=60.0
[charge_scheduler-1] [INFO] [1785772925.029981706] [charge_scheduler]: [执行事件] loop=open plan_v=0 C1 type=target_service target=16 station_ord=0 planned_finish=193.85 actual_finish=193.85 dev=+0.00 injected=0.0
[charge_scheduler-1] [INFO] [1785772925.029989542] [charge_scheduler]: [执行事件] loop=open plan_v=0 C2 type=target_service target=24 station_ord=0 planned_finish=139.54 actual_finish=199.54 dev=+60.00 injected=0.0
[charge_scheduler-1] [INFO] [1785772925.029995487] [charge_scheduler]: [执行事件] loop=open plan_v=0 C1 type=station_turnaround target=-1 station_ord=2 planned_finish=206.17 actual_finish=206.17 dev=+0.00 injected=0.0
[charge_scheduler-1] [INFO] [1785772925.030000976] [charge_scheduler]: [执行事件] loop=open plan_v=0 C3 type=target_service target=5 station_ord=0 planned_finish=168.79 actual_finish=229.03 dev=+60.25 injected=0.0
[charge_scheduler-1] [INFO] [1785772925.030006671] [charge_scheduler]: [执行事件] loop=open plan_v=0 C2 type=target_service target=0 station_ord=0 planned_finish=178.24 actual_finish=240.18 dev=+61.94 injected=0.0
[charge_scheduler-1] [INFO] [1785772925.030012890] [charge_scheduler]: [执行事件] loop=open plan_v=0 C1 type=target_service target=20 station_ord=0 planned_finish=251.99 actual_finish=251.99 dev=+0.00 injected=0.0
[charge_scheduler-1] [INFO] [1785772925.030018392] [charge_scheduler]: [执行事件] loop=open plan_v=0 C3 type=target_service target=26 station_ord=0 planned_finish=214.94 actual_finish=275.18 dev=+60.25 injected=0.0
[charge_scheduler-1] [INFO] [1785772925.030024006] [charge_scheduler]: [执行事件] loop=open plan_v=0 C2 type=target_service target=6 station_ord=0 planned_finish=223.01 actual_finish=284.94 dev=+61.94 injected=0.0
[charge_scheduler-1] [INFO] [1785772925.030029628] [charge_scheduler]: [执行事件] loop=open plan_v=0 C3 type=station_turnaround target=-1 station_ord=2 planned_finish=227.56 actual_finish=287.80 dev=+60.25 injected=0.0
[charge_scheduler-1] [INFO] [1785772925.030035252] [charge_scheduler]: [执行事件] loop=open plan_v=0 C1 type=target_service target=19 station_ord=0 planned_finish=293.26 actual_finish=293.26 dev=+0.00 injected=0.0
[charge_scheduler-1] [INFO] [1785772925.030040534] [charge_scheduler]: [执行事件] loop=open plan_v=0 C2 type=station_turnaround target=-1 station_ord=2 planned_finish=237.53 actual_finish=299.46 dev=+61.94 injected=0.0
[charge_scheduler-1] [INFO] [1785772925.030047498] [charge_scheduler]: [执行事件] loop=open plan_v=0 C1 type=station_turnaround target=-1 station_ord=3 planned_finish=306.59 actual_finish=306.59 dev=+0.00 injected=0.0
[charge_scheduler-1] [INFO] [1785772925.030052995] [charge_scheduler]: [执行事件] loop=open plan_v=0 C3 type=target_service target=10 station_ord=0 planned_finish=265.60 actual_finish=325.85 dev=+60.25 injected=0.0
[charge_scheduler-1] [INFO] [1785772925.030058604] [charge_scheduler]: [执行事件] loop=open plan_v=0 C2 type=target_service target=29 station_ord=0 planned_finish=282.50 actual_finish=344.43 dev=+61.94 injected=0.0
[charge_scheduler-1] [INFO] [1785772925.030064097] [charge_scheduler]: [执行事件] loop=open plan_v=0 C1 type=target_service target=2 station_ord=0 planned_finish=356.38 actual_finish=356.38 dev=+0.00 injected=0.0
[charge_scheduler-1] [INFO] [1785772925.030069590] [charge_scheduler]: [执行事件] loop=open plan_v=0 C1 type=final_return target=-1 station_ord=0 planned_finish=359.03 actual_finish=359.03 dev=+0.00 injected=0.0
[charge_scheduler-1] [INFO] [1785772925.030074998] [charge_scheduler]: [执行事件] loop=open plan_v=0 C3 type=target_service target=23 station_ord=0 planned_finish=313.15 actual_finish=373.40 dev=+60.25 injected=0.0
[charge_scheduler-1] [INFO] [1785772925.030080558] [charge_scheduler]: [执行事件] loop=open plan_v=0 C2 type=target_service target=25 station_ord=0 planned_finish=320.50 actual_finish=382.44 dev=+61.94 injected=0.0
[charge_scheduler-1] [INFO] [1785772925.030086035] [charge_scheduler]: [执行事件] loop=open plan_v=0 C3 type=station_turnaround target=-1 station_ord=3 planned_finish=325.30 actual_finish=385.54 dev=+60.25 injected=0.0
[charge_scheduler-1] [INFO] [1785772925.030091538] [charge_scheduler]: [执行事件] loop=open plan_v=0 C2 type=station_turnaround target=-1 station_ord=3 planned_finish=335.43 actual_finish=397.37 dev=+61.94 injected=0.0
[charge_scheduler-1] [INFO] [1785772925.030097038] [charge_scheduler]: [执行事件] loop=open plan_v=0 C3 type=target_service target=14 station_ord=0 planned_finish=373.60 actual_finish=433.85 dev=+60.25 injected=0.0
[charge_scheduler-1] [INFO] [1785772925.030102379] [charge_scheduler]: [执行事件] loop=open plan_v=0 C3 type=final_return target=-1 station_ord=0 planned_finish=377.86 actual_finish=438.11 dev=+60.25 injected=0.0
[charge_scheduler-1] [INFO] [1785772925.030107796] [charge_scheduler]: [执行事件] loop=open plan_v=0 C2 type=target_service target=17 station_ord=0 planned_finish=380.60 actual_finish=442.73 dev=+62.13 injected=0.0
[charge_scheduler-1] [INFO] [1785772925.030113148] [charge_scheduler]: [执行事件] loop=open plan_v=0 C2 type=final_return target=-1 station_ord=0 planned_finish=382.53 actual_finish=444.66 dev=+62.13 injected=0.0
[charge_scheduler-1] [INFO] [1785772925.030125836] [charge_scheduler]: [执行事件] loop=fixed plan_v=0 C2 type=target_service target=27 station_ord=0 planned_finish=5.89 actual_finish=5.89 dev=+0.00 injected=0.0
[charge_scheduler-1] [INFO] [1785772925.030131474] [charge_scheduler]: [执行事件] loop=fixed plan_v=0 C1 type=target_service target=12 station_ord=0 planned_finish=8.50 actual_finish=8.50 dev=+0.00 injected=0.0
[charge_scheduler-1] [INFO] [1785772925.030136768] [charge_scheduler]: [执行事件] loop=fixed plan_v=0 C3 type=target_service target=4 station_ord=0 planned_finish=11.77 actual_finish=11.77 dev=+0.00 injected=0.0
[charge_scheduler-1] [INFO] [1785772925.030142161] [charge_scheduler]: [执行事件] loop=fixed plan_v=0 C1 type=target_service target=21 station_ord=0 planned_finish=16.66 actual_finish=16.66 dev=+0.00 injected=0.0
[charge_scheduler-1] [INFO] [1785772925.030148610] [charge_scheduler]: [执行事件] loop=fixed plan_v=0 C3 type=target_service target=8 station_ord=0 planned_finish=29.29 actual_finish=29.29 dev=+0.00 injected=0.0
[charge_scheduler-1] [INFO] [1785772925.030154213] [charge_scheduler]: [执行事件] loop=fixed plan_v=0 C2 type=target_service target=7 station_ord=0 planned_finish=30.11 actual_finish=30.11 dev=+0.00 injected=0.0
[charge_scheduler-1] [INFO] [1785772925.030159559] [charge_scheduler]: [执行事件] loop=fixed plan_v=0 C1 type=target_service target=15 station_ord=0 planned_finish=41.31 actual_finish=41.31 dev=+0.00 injected=0.0
[charge_scheduler-1] [INFO] [1785772925.030164916] [charge_scheduler]: [执行事件] loop=fixed plan_v=0 C3 type=target_service target=18 station_ord=0 planned_finish=51.93 actual_finish=51.93 dev=+0.00 injected=0.0
[charge_scheduler-1] [INFO] [1785772925.030171922] [charge_scheduler]: [执行事件] loop=fixed plan_v=0 C2 type=target_service target=22 station_ord=0 planned_finish=63.61 actual_finish=63.61 dev=+0.00 injected=0.0
[charge_scheduler-1] [INFO] [1785772925.030177405] [charge_scheduler]: [执行事件] loop=fixed plan_v=0 C1 type=target_service target=3 station_ord=0 planned_finish=68.11 actual_finish=68.11 dev=+0.00 injected=0.0
[charge_scheduler-1] [INFO] [1785772925.030182870] [charge_scheduler]: [执行事件] loop=fixed plan_v=0 C3 type=target_service target=9 station_ord=0 planned_finish=83.32 actual_finish=83.32 dev=+0.00 injected=0.0
[charge_scheduler-1] [INFO] [1785772925.030188193] [charge_scheduler]: [执行事件] loop=fixed plan_v=0 C2 type=target_service target=28 station_ord=0 planned_finish=99.04 actual_finish=99.04 dev=+0.00 injected=0.0
[charge_scheduler-1] [INFO] [1785772925.030193770] [charge_scheduler]: [执行事件] loop=fixed plan_v=0 C3 type=target_service target=1 station_ord=0 planned_finish=108.67 actual_finish=108.67 dev=+0.00 injected=0.0
[charge_scheduler-1] [INFO] [1785772925.030199656] [charge_scheduler]: [执行事件] loop=fixed plan_v=0 C1 type=target_service target=11 station_ord=0 planned_finish=111.00 actual_finish=111.00 dev=+0.00 injected=0.0
[charge_scheduler-1] [INFO] [1785772925.030205006] [charge_scheduler]: [执行事件] loop=fixed plan_v=0 C1 type=station_turnaround target=-1 station_ord=1 planned_finish=122.54 actual_finish=122.54 dev=+0.00 injected=0.0
[charge_scheduler-1] [INFO] [1785772925.030210983] [charge_scheduler]: [执行事件] loop=fixed plan_v=0 C1 type=target_service target=13 station_ord=0 planned_finish=159.09 actual_finish=159.09 dev=+0.00 injected=0.0
[charge_scheduler-1] [INFO] [1785772925.030216411] [charge_scheduler]: [执行事件] loop=fixed plan_v=0 C2 type=station_turnaround target=-1 station_ord=1 planned_finish=111.56 actual_finish=171.56 dev=+60.00 injected=60.0
[charge_scheduler-1] [WARN] [1785772925.322543121] [charge_scheduler]: [重调度事件] policy=fixed #1 t=171.56min trigger=C2/station_turnaround dev=+60.00 pool=14 committed=1 plan_v=1 solve_ms=292.3 changed_assign=0 changed_order=11
[charge_scheduler-1] [INFO] [1785772925.322589531] [charge_scheduler]: [执行事件] loop=fixed plan_v=0 C3 type=station_turnaround target=-1 station_ord=1 planned_finish=122.09 actual_finish=182.09 dev=+60.00 injected=60.0
[charge_scheduler-1] [WARN] [1785772925.582593040] [charge_scheduler]: [重调度事件] policy=fixed #2 t=182.09min trigger=C3/station_turnaround dev=+60.00 pool=13 committed=2 plan_v=2 solve_ms=259.9 changed_assign=0 changed_order=0
[charge_scheduler-1] [INFO] [1785772925.582658833] [charge_scheduler]: [执行事件] loop=fixed plan_v=0 C1 type=target_service target=16 station_ord=0 planned_finish=193.85 actual_finish=193.85 dev=+0.00 injected=0.0
[charge_scheduler-1] [INFO] [1785772925.582670340] [charge_scheduler]: [执行事件] loop=fixed plan_v=1 C2 type=target_service target=24 station_ord=0 planned_finish=199.54 actual_finish=199.54 dev=+0.00 injected=0.0
[charge_scheduler-1] [INFO] [1785772925.582677855] [charge_scheduler]: [执行事件] loop=fixed plan_v=2 C1 type=station_turnaround target=-1 station_ord=2 planned_finish=206.17 actual_finish=206.17 dev=+0.00 injected=0.0
[charge_scheduler-1] [INFO] [1785772925.582684801] [charge_scheduler]: [执行事件] loop=fixed plan_v=2 C3 type=target_service target=26 station_ord=0 planned_finish=228.04 actual_finish=228.04 dev=+0.00 injected=0.0
[charge_scheduler-1] [INFO] [1785772925.582691323] [charge_scheduler]: [执行事件] loop=fixed plan_v=2 C2 type=target_service target=0 station_ord=0 planned_finish=240.18 actual_finish=240.18 dev=+0.00 injected=0.0
[charge_scheduler-1] [INFO] [1785772925.582697746] [charge_scheduler]: [执行事件] loop=fixed plan_v=2 C1 type=target_service target=20 station_ord=0 planned_finish=251.99 actual_finish=251.99 dev=+0.00 injected=0.0
[charge_scheduler-1] [INFO] [1785772925.582703942] [charge_scheduler]: [执行事件] loop=fixed plan_v=2 C2 type=station_turnaround target=-1 station_ord=2 planned_finish=255.64 actual_finish=255.64 dev=+0.00 injected=0.0
[charge_scheduler-1] [INFO] [1785772925.582710080] [charge_scheduler]: [执行事件] loop=fixed plan_v=2 C3 type=target_service target=5 station_ord=0 planned_finish=272.88 actual_finish=272.88 dev=+0.00 injected=0.0
[charge_scheduler-1] [INFO] [1785772925.582716312] [charge_scheduler]: [执行事件] loop=fixed plan_v=2 C3 type=station_turnaround target=-1 station_ord=2 planned_finish=284.50 actual_finish=284.50 dev=+0.00 injected=0.0
[charge_scheduler-1] [INFO] [1785772925.582748903] [charge_scheduler]: [执行事件] loop=fixed plan_v=2 C1 type=target_service target=19 station_ord=0 planned_finish=293.26 actual_finish=293.26 dev=+0.00 injected=0.0
[charge_scheduler-1] [INFO] [1785772925.582757981] [charge_scheduler]: [执行事件] loop=fixed plan_v=2 C2 type=target_service target=29 station_ord=0 planned_finish=300.61 actual_finish=300.61 dev=+0.00 injected=0.0
[charge_scheduler-1] [INFO] [1785772925.582766656] [charge_scheduler]: [执行事件] loop=fixed plan_v=2 C1 type=station_turnaround target=-1 station_ord=3 planned_finish=306.59 actual_finish=306.59 dev=+0.00 injected=0.0
[charge_scheduler-1] [INFO] [1785772925.582775522] [charge_scheduler]: [执行事件] loop=fixed plan_v=2 C3 type=target_service target=10 station_ord=0 planned_finish=322.55 actual_finish=322.55 dev=+0.00 injected=0.0
[charge_scheduler-1] [INFO] [1785772925.582783585] [charge_scheduler]: [执行事件] loop=fixed plan_v=2 C2 type=target_service target=25 station_ord=0 planned_finish=338.61 actual_finish=338.61 dev=+0.00 injected=0.0
[charge_scheduler-1] [INFO] [1785772925.582789030] [charge_scheduler]: [执行事件] loop=fixed plan_v=2 C2 type=station_turnaround target=-1 station_ord=3 planned_finish=353.55 actual_finish=353.55 dev=+0.00 injected=0.0
[charge_scheduler-1] [INFO] [1785772925.582794778] [charge_scheduler]: [执行事件] loop=fixed plan_v=2 C1 type=target_service target=2 station_ord=0 planned_finish=356.38 actual_finish=356.38 dev=+0.00 injected=0.0
[charge_scheduler-1] [INFO] [1785772925.582800412] [charge_scheduler]: [执行事件] loop=fixed plan_v=2 C1 type=final_return target=-1 station_ord=0 planned_finish=359.03 actual_finish=359.03 dev=+0.00 injected=0.0
[charge_scheduler-1] [INFO] [1785772925.582805830] [charge_scheduler]: [执行事件] loop=fixed plan_v=2 C3 type=target_service target=23 station_ord=0 planned_finish=370.10 actual_finish=370.10 dev=+0.00 injected=0.0
[charge_scheduler-1] [INFO] [1785772925.582811470] [charge_scheduler]: [执行事件] loop=fixed plan_v=2 C3 type=station_turnaround target=-1 station_ord=3 planned_finish=382.24 actual_finish=382.24 dev=+0.00 injected=0.0
[charge_scheduler-1] [INFO] [1785772925.582817330] [charge_scheduler]: [执行事件] loop=fixed plan_v=2 C2 type=target_service target=17 station_ord=0 planned_finish=398.91 actual_finish=398.91 dev=+0.00 injected=0.0
[charge_scheduler-1] [INFO] [1785772925.582823174] [charge_scheduler]: [执行事件] loop=fixed plan_v=2 C3 type=target_service target=14 station_ord=0 planned_finish=430.55 actual_finish=430.55 dev=+0.00 injected=0.0
[charge_scheduler-1] [INFO] [1785772925.582828471] [charge_scheduler]: [执行事件] loop=fixed plan_v=2 C3 type=final_return target=-1 station_ord=0 planned_finish=434.81 actual_finish=434.81 dev=+0.00 injected=0.0
[charge_scheduler-1] [INFO] [1785772925.582833698] [charge_scheduler]: [执行事件] loop=fixed plan_v=2 C2 type=target_service target=6 station_ord=0 planned_finish=448.31 actual_finish=448.31 dev=+0.00 injected=0.0
[charge_scheduler-1] [INFO] [1785772925.582838904] [charge_scheduler]: [执行事件] loop=fixed plan_v=2 C2 type=final_return target=-1 station_ord=0 planned_finish=452.83 actual_finish=452.83 dev=+0.00 injected=0.0
[charge_scheduler-1] [INFO] [1785772925.582860301] [charge_scheduler]: [执行事件] loop=global plan_v=0 C2 type=target_service target=27 station_ord=0 planned_finish=5.89 actual_finish=5.89 dev=+0.00 injected=0.0
[charge_scheduler-1] [INFO] [1785772925.582865879] [charge_scheduler]: [执行事件] loop=global plan_v=0 C1 type=target_service target=12 station_ord=0 planned_finish=8.50 actual_finish=8.50 dev=+0.00 injected=0.0
[charge_scheduler-1] [INFO] [1785772925.582871219] [charge_scheduler]: [执行事件] loop=global plan_v=0 C3 type=target_service target=4 station_ord=0 planned_finish=11.77 actual_finish=11.77 dev=+0.00 injected=0.0
[charge_scheduler-1] [INFO] [1785772925.582876919] [charge_scheduler]: [执行事件] loop=global plan_v=0 C1 type=target_service target=21 station_ord=0 planned_finish=16.66 actual_finish=16.66 dev=+0.00 injected=0.0
[charge_scheduler-1] [INFO] [1785772925.582882395] [charge_scheduler]: [执行事件] loop=global plan_v=0 C3 type=target_service target=8 station_ord=0 planned_finish=29.29 actual_finish=29.29 dev=+0.00 injected=0.0
[charge_scheduler-1] [INFO] [1785772925.582891394] [charge_scheduler]: [执行事件] loop=global plan_v=0 C2 type=target_service target=7 station_ord=0 planned_finish=30.11 actual_finish=30.11 dev=+0.00 injected=0.0
[charge_scheduler-1] [INFO] [1785772925.582897529] [charge_scheduler]: [执行事件] loop=global plan_v=0 C1 type=target_service target=15 station_ord=0 planned_finish=41.31 actual_finish=41.31 dev=+0.00 injected=0.0
[charge_scheduler-1] [INFO] [1785772925.582902993] [charge_scheduler]: [执行事件] loop=global plan_v=0 C3 type=target_service target=18 station_ord=0 planned_finish=51.93 actual_finish=51.93 dev=+0.00 injected=0.0
[charge_scheduler-1] [INFO] [1785772925.582908373] [charge_scheduler]: [执行事件] loop=global plan_v=0 C2 type=target_service target=22 station_ord=0 planned_finish=63.61 actual_finish=63.61 dev=+0.00 injected=0.0
[charge_scheduler-1] [INFO] [1785772925.582913765] [charge_scheduler]: [执行事件] loop=global plan_v=0 C1 type=target_service target=3 station_ord=0 planned_finish=68.11 actual_finish=68.11 dev=+0.00 injected=0.0
[charge_scheduler-1] [INFO] [1785772925.582919348] [charge_scheduler]: [执行事件] loop=global plan_v=0 C3 type=target_service target=9 station_ord=0 planned_finish=83.32 actual_finish=83.32 dev=+0.00 injected=0.0
[charge_scheduler-1] [INFO] [1785772925.582924952] [charge_scheduler]: [执行事件] loop=global plan_v=0 C2 type=target_service target=28 station_ord=0 planned_finish=99.04 actual_finish=99.04 dev=+0.00 injected=0.0
[charge_scheduler-1] [INFO] [1785772925.582931447] [charge_scheduler]: [执行事件] loop=global plan_v=0 C3 type=target_service target=1 station_ord=0 planned_finish=108.67 actual_finish=108.67 dev=+0.00 injected=0.0
[charge_scheduler-1] [INFO] [1785772925.582937474] [charge_scheduler]: [执行事件] loop=global plan_v=0 C1 type=target_service target=11 station_ord=0 planned_finish=111.00 actual_finish=111.00 dev=+0.00 injected=0.0
[charge_scheduler-1] [INFO] [1785772925.582942967] [charge_scheduler]: [执行事件] loop=global plan_v=0 C1 type=station_turnaround target=-1 station_ord=1 planned_finish=122.54 actual_finish=122.54 dev=+0.00 injected=0.0
[charge_scheduler-1] [INFO] [1785772925.582949349] [charge_scheduler]: [执行事件] loop=global plan_v=0 C1 type=target_service target=13 station_ord=0 planned_finish=159.09 actual_finish=159.09 dev=+0.00 injected=0.0
[charge_scheduler-1] [INFO] [1785772925.582954883] [charge_scheduler]: [执行事件] loop=global plan_v=0 C2 type=station_turnaround target=-1 station_ord=1 planned_finish=111.56 actual_finish=171.56 dev=+60.00 injected=60.0
[charge_scheduler-1] [WARN] [1785772926.935880197] [charge_scheduler]: [重调度事件] policy=global #1 t=171.56min trigger=C2/station_turnaround dev=+60.00 pool=14 committed=1 plan_v=1 solve_ms=1352.9 changed_assign=7 changed_order=11
[charge_scheduler-1] [INFO] [1785772926.935925237] [charge_scheduler]: [执行事件] loop=global plan_v=0 C3 type=station_turnaround target=-1 station_ord=1 planned_finish=122.09 actual_finish=182.09 dev=+60.00 injected=60.0
[charge_scheduler-1] [WARN] [1785772928.126567849] [charge_scheduler]: [重调度事件] policy=global #2 t=182.09min trigger=C3/station_turnaround dev=+60.00 pool=13 committed=2 plan_v=2 solve_ms=1190.6 changed_assign=0 changed_order=6
[charge_scheduler-1] [INFO] [1785772928.126622277] [charge_scheduler]: [执行事件] loop=global plan_v=0 C1 type=target_service target=16 station_ord=0 planned_finish=193.85 actual_finish=193.85 dev=+0.00 injected=0.0
[charge_scheduler-1] [INFO] [1785772928.126633974] [charge_scheduler]: [执行事件] loop=global plan_v=2 C3 type=target_service target=24 station_ord=0 planned_finish=210.07 actual_finish=210.07 dev=+0.00 injected=0.0
[charge_scheduler-1] [INFO] [1785772928.126643431] [charge_scheduler]: [执行事件] loop=global plan_v=1 C2 type=target_service target=26 station_ord=0 planned_finish=217.51 actual_finish=217.51 dev=+0.00 injected=0.0
[charge_scheduler-1] [INFO] [1785772928.126652044] [charge_scheduler]: [执行事件] loop=global plan_v=2 C1 type=target_service target=0 station_ord=0 planned_finish=232.71 actual_finish=232.71 dev=+0.00 injected=0.0
[charge_scheduler-1] [INFO] [1785772928.126666499] [charge_scheduler]: [执行事件] loop=global plan_v=2 C1 type=station_turnaround target=-1 station_ord=2 planned_finish=248.18 actual_finish=248.18 dev=+0.00 injected=0.0
[charge_scheduler-1] [INFO] [1785772928.126675780] [charge_scheduler]: [执行事件] loop=global plan_v=2 C3 type=target_service target=10 station_ord=0 planned_finish=249.53 actual_finish=249.53 dev=+0.00 injected=0.0
[charge_scheduler-1] [INFO] [1785772928.126719187] [charge_scheduler]: [执行事件] loop=global plan_v=2 C2 type=target_service target=5 station_ord=0 planned_finish=262.35 actual_finish=262.35 dev=+0.00 injected=0.0
[charge_scheduler-1] [INFO] [1785772928.126728201] [charge_scheduler]: [执行事件] loop=global plan_v=2 C2 type=station_turnaround target=-1 station_ord=2 planned_finish=273.97 actual_finish=273.97 dev=+0.00 injected=0.0
[charge_scheduler-1] [INFO] [1785772928.126737307] [charge_scheduler]: [执行事件] loop=global plan_v=2 C1 type=target_service target=6 station_ord=0 planned_finish=296.07 actual_finish=296.07 dev=+0.00 injected=0.0
[charge_scheduler-1] [INFO] [1785772928.126746117] [charge_scheduler]: [执行事件] loop=global plan_v=2 C3 type=target_service target=23 station_ord=0 planned_finish=297.08 actual_finish=297.08 dev=+0.00 injected=0.0
[charge_scheduler-1] [INFO] [1785772928.126754639] [charge_scheduler]: [执行事件] loop=global plan_v=2 C3 type=station_turnaround target=-1 station_ord=2 planned_finish=309.22 actual_finish=309.22 dev=+0.00 injected=0.0
[charge_scheduler-1] [INFO] [1785772928.126763057] [charge_scheduler]: [执行事件] loop=global plan_v=2 C2 type=target_service target=25 station_ord=0 planned_finish=312.93 actual_finish=312.93 dev=+0.00 injected=0.0
[charge_scheduler-1] [INFO] [1785772928.126771683] [charge_scheduler]: [执行事件] loop=global plan_v=2 C1 type=target_service target=2 station_ord=0 planned_finish=341.79 actual_finish=341.79 dev=+0.00 injected=0.0
[charge_scheduler-1] [INFO] [1785772928.126780058] [charge_scheduler]: [执行事件] loop=global plan_v=2 C2 type=target_service target=19 station_ord=0 planned_finish=349.88 actual_finish=349.88 dev=+0.00 injected=0.0
[charge_scheduler-1] [INFO] [1785772928.126788774] [charge_scheduler]: [执行事件] loop=global plan_v=2 C3 type=target_service target=29 station_ord=0 planned_finish=354.19 actual_finish=354.19 dev=+0.00 injected=0.0
[charge_scheduler-1] [INFO] [1785772928.126797394] [charge_scheduler]: [执行事件] loop=global plan_v=2 C1 type=station_turnaround target=-1 station_ord=3 planned_finish=354.43 actual_finish=354.43 dev=+0.00 injected=0.0
[charge_scheduler-1] [INFO] [1785772928.126805791] [charge_scheduler]: [执行事件] loop=global plan_v=2 C2 type=station_turnaround target=-1 station_ord=3 planned_finish=363.21 actual_finish=363.21 dev=+0.00 injected=0.0
[charge_scheduler-1] [INFO] [1785772928.126814572] [charge_scheduler]: [执行事件] loop=global plan_v=2 C1 type=target_service target=20 station_ord=0 planned_finish=400.25 actual_finish=400.25 dev=+0.00 injected=0.0
[charge_scheduler-1] [INFO] [1785772928.126823150] [charge_scheduler]: [执行事件] loop=global plan_v=2 C3 type=target_service target=14 station_ord=0 planned_finish=401.36 actual_finish=401.36 dev=+0.00 injected=0.0
[charge_scheduler-1] [INFO] [1785772928.126831533] [charge_scheduler]: [执行事件] loop=global plan_v=2 C1 type=final_return target=-1 station_ord=0 planned_finish=402.71 actual_finish=402.71 dev=+0.00 injected=0.0
[charge_scheduler-1] [INFO] [1785772928.126840027] [charge_scheduler]: [执行事件] loop=global plan_v=2 C3 type=final_return target=-1 station_ord=0 planned_finish=405.62 actual_finish=405.62 dev=+0.00 injected=0.0
[charge_scheduler-1] [INFO] [1785772928.126847942] [charge_scheduler]: [执行事件] loop=global plan_v=2 C2 type=target_service target=17 station_ord=0 planned_finish=408.58 actual_finish=408.58 dev=+0.00 injected=0.0
[charge_scheduler-1] [INFO] [1785772928.126855638] [charge_scheduler]: [执行事件] loop=global plan_v=2 C2 type=final_return target=-1 station_ord=0 planned_finish=410.51 actual_finish=410.51 dev=+0.00 injected=0.0
[charge_scheduler-1] [INFO] [1785772928.126874892] [charge_scheduler]: ★闭环实验结果 mode=open M=30 K=3 disturbance=station delay=60.0 seed=6 N_late=15 T_overtime=853.382 C_total=7247.406 makespan=444.664 served=30 energy_viol=2 reschedules=0 reschedule_ms=0.000 changed_assign=0 changed_order=0 applied_target=0 applied_station=2 initial_solve_ms=48626.771 objective_order=Tover,Nlate,Ctotal
[charge_scheduler-1] [INFO] [1785772928.126891275] [charge_scheduler]: ★闭环实验结果 mode=fixed M=30 K=3 disturbance=station delay=60.0 seed=6 N_late=15 T_overtime=872.088 C_total=7571.830 makespan=452.828 served=30 energy_viol=0 reschedules=2 reschedule_ms=552.213 changed_assign=0 changed_order=11 applied_target=0 applied_station=2 initial_solve_ms=48626.771 objective_order=Tover,Nlate,Ctotal
[charge_scheduler-1] [INFO] [1785772928.126912525] [charge_scheduler]: ★闭环实验收益 policy=fixed M=30 K=3 disturbance=station delay=60.0 seed=6 recovered_late=0 overtime_reduction=-18.706 distance_delta=324.424 makespan_reduction=-8.164
[charge_scheduler-1] [INFO] [1785772928.126922706] [charge_scheduler]: ★闭环实验结果 mode=closed M=30 K=3 disturbance=station delay=60.0 seed=6 N_late=13 T_overtime=766.497 C_total=6444.893 makespan=410.506 served=30 energy_viol=0 reschedules=2 reschedule_ms=2543.497 changed_assign=7 changed_order=17 applied_target=0 applied_station=2 initial_solve_ms=48626.771 objective_order=Tover,Nlate,Ctotal
[charge_scheduler-1] [INFO] [1785772928.126934891] [charge_scheduler]: ★闭环实验收益 policy=closed M=30 K=3 disturbance=station delay=60.0 seed=6 recovered_late=2 overtime_reduction=86.886 distance_delta=-802.513 makespan_reduction=34.158
