[INFO] [launch]: All log files can be found below /root/.ros/log/2026-08-03-15-13-29-140217-YYYY-66678
[INFO] [launch]: Default logging verbosity is set to INFO
[INFO] [charge_scheduler-1]: process started with pid [66682]
[charge_scheduler-1] [INFO] [1785770009.266249796] [charge_scheduler]: [目标顺序] objective_order=Tover,Nlate,Ctotal
[charge_scheduler-1] [INFO] [1785770009.268155092] [charge_scheduler]: [Scheduler] 30辆车 | 电池800.0kWh(20%=160.0 80%=640.0) | 充电360kW效率97% | 行驶0.6kWh/km | 桩350kW
[charge_scheduler-1] [INFO] [1785770009.268216316] [charge_scheduler]: [Scheduler] 站端周转: 换电 10 min(换后满电) | 单趟可用 640 kWh
[charge_scheduler-1] [INFO] [1785770009.268227556] [charge_scheduler]:   车#0 [电动装载机282|light] 位置(3889.6,73764.7) 容量282kWh 剩余35% | α=6→6min/% τ=168min → 需130.8kWh(充21.2min)
[charge_scheduler-1] [INFO] [1785770009.268249360] [charge_scheduler]:   车#1 [重型叉车|light] 位置(3778.9,73807.0) 容量200kWh 剩余20% | α=6→6min/% τ=96min → 需123.7kWh(充20.0min)
[charge_scheduler-1] [INFO] [1785770009.268262584] [charge_scheduler]:   车#2 [电动装载机350|light] 位置(3794.9,73804.6) 容量350kWh 剩余50% | α=6→6min/% τ=288min → 需108.2kWh(充17.5min)
[charge_scheduler-1] [INFO] [1785770009.268275616] [charge_scheduler]:   车#3 [重型叉车|light] 位置(3806.9,73760.3) 容量200kWh 剩余10% | α=6→6min/% τ=32min → 需144.3kWh(充23.3min)
[charge_scheduler-1] [INFO] [1785770009.268287874] [charge_scheduler]:   车#4 [电动装载机282|heavy→降级] 位置(3705.1,73758.2) 容量282kWh 剩余60% | α=3→6min/% τ=212min → 需58.1kWh(充9.4min)
[charge_scheduler-1] [INFO] [1785770009.268301319] [charge_scheduler]:   车#5 [电动装载机350|light] 位置(3756.5,73770.2) 容量350kWh 剩余25% | α=6→6min/% τ=128min → 需198.5kWh(充32.1min)
[charge_scheduler-1] [INFO] [1785770009.268314278] [charge_scheduler]:   车#6 [电动装载机350|heavy→降级] 位置(3887.4,73809.4) 容量350kWh 剩余40% | α=4→6min/% τ=176min → 需144.3kWh(充23.3min)
[charge_scheduler-1] [INFO] [1785770009.268332167] [charge_scheduler]:   车#7 [重型叉车|light] 位置(3899.0,73786.6) 容量200kWh 剩余15% | α=6→6min/% τ=64min → 需134.0kWh(充21.7min)
[charge_scheduler-1] [INFO] [1785770009.268344471] [charge_scheduler]:   车#8 [电动装载机282|heavy→降级] 位置(3689.7,73663.1) 容量282kWh 剩余55% | α=3→6min/% τ=196min → 需72.7kWh(充11.8min)
[charge_scheduler-1] [INFO] [1785770009.268357219] [charge_scheduler]:   车#9 [电动装载机282|heavy→降级] 位置(3748.4,73767.2) 容量282kWh 剩余30% | α=3→6min/% τ=116min → 需145.4kWh(充23.5min)
[charge_scheduler-1] [INFO] [1785770009.268369038] [charge_scheduler]:   车#10 [电动装载机282|light] 位置(3865.2,73751.0) 容量282kWh 剩余45% | α=6→6min/% τ=224min → 需101.8kWh(充16.4min)
[charge_scheduler-1] [INFO] [1785770009.268381948] [charge_scheduler]:   车#11 [电动装载机350|light] 位置(3785.0,73749.2) 容量350kWh 剩余18% | α=6→6min/% τ=83min → 需223.7kWh(充36.2min)
[charge_scheduler-1] [INFO] [1785770009.268393898] [charge_scheduler]:   车#12 [重型叉车|heavy→降级] 位置(3811.5,73799.9) 容量200kWh 剩余62% | α=3→6min/% τ=230min → 需37.1kWh(充6.0min)
[charge_scheduler-1] [INFO] [1785770009.268407919] [charge_scheduler]:   车#13 [电动装载机282|light] 位置(3810.8,73773.1) 容量282kWh 剩余28% | α=6→6min/% τ=129min → 需151.2kWh(充24.4min)
[charge_scheduler-1] [INFO] [1785770009.268419798] [charge_scheduler]:   车#14 [电动装载机350|light] 位置(3905.0,73793.5) 容量350kWh 剩余52% | α=6→6min/% τ=301min → 需101.0kWh(充16.3min)
[charge_scheduler-1] [INFO] [1785770009.268431237] [charge_scheduler]:   车#15 [重型叉车|light] 位置(3894.3,73756.9) 容量200kWh 剩余12% | α=6→6min/% τ=45min → 需140.2kWh(充22.7min)
[charge_scheduler-1] [INFO] [1785770009.268442820] [charge_scheduler]:   车#16 [电动装载机282|light] 位置(3818.5,73716.2) 容量282kWh 剩余38% | α=6→6min/% τ=185min → 需122.1kWh(充19.7min)
[charge_scheduler-1] [INFO] [1785770009.268454285] [charge_scheduler]:   车#17 [电动装载机350|light] 位置(3733.2,73772.4) 容量350kWh 剩余58% | α=6→6min/% τ=339min → 需79.4kWh(充12.8min)
[charge_scheduler-1] [INFO] [1785770009.268465409] [charge_scheduler]:   车#18 [重型叉车|heavy→降级] 位置(3764.7,73699.0) 容量200kWh 剩余22% | α=3→6min/% τ=102min → 需119.6kWh(充19.3min)
[charge_scheduler-1] [INFO] [1785770009.268477497] [charge_scheduler]:   车#19 [电动装载机282|light] 位置(3878.4,73747.9) 容量282kWh 剩余48% | α=6→6min/% τ=241min → 需93.0kWh(充15.0min)
[charge_scheduler-1] [INFO] [1785770009.268525337] [charge_scheduler]:   车#20 [电动装载机350|light] 位置(3740.3,73686.9) 容量350kWh 剩余33% | α=6→6min/% τ=179min → 需169.6kWh(充27.4min)
[charge_scheduler-1] [INFO] [1785770009.268538573] [charge_scheduler]:   车#21 [重型叉车|heavy→降级] 位置(3895.4,73811.9) 容量200kWh 剩余65% | α=3→6min/% τ=240min → 需30.9kWh(充5.0min)
[charge_scheduler-1] [INFO] [1785770009.268549710] [charge_scheduler]:   车#22 [电动装载机282|light] 位置(3876.0,73830.2) 容量282kWh 剩余16% | α=6→6min/% τ=62min → 需186.1kWh(充30.1min)
[charge_scheduler-1] [INFO] [1785770009.268561438] [charge_scheduler]:   车#23 [电动装载机350|light] 位置(3765.9,73790.3) 容量350kWh 剩余42% | α=6→6min/% τ=237min → 需137.1kWh(充22.2min)
[charge_scheduler-1] [INFO] [1785770009.268573724] [charge_scheduler]:   车#24 [重型叉车|heavy→降级] 位置(3637.1,73698.1) 容量200kWh 剩余25% | α=3→6min/% τ=112min → 需113.4kWh(充18.3min)
[charge_scheduler-1] [INFO] [1785770009.268585579] [charge_scheduler]:   车#25 [电动装载机282|light] 位置(3884.5,73833.1) 容量282kWh 剩余55% | α=6→6min/% τ=280min → 需72.7kWh(充11.8min)
[charge_scheduler-1] [INFO] [1785770009.268603256] [charge_scheduler]:   车#26 [电动装载机350|light] 位置(3699.3,73765.4) 容量350kWh 剩余30% | α=6→6min/% τ=160min → 需180.4kWh(充29.2min)
[charge_scheduler-1] [INFO] [1785770009.268618062] [charge_scheduler]:   车#27 [重型叉车|heavy→降级] 位置(3800.8,73717.7) 容量200kWh 剩余68% | α=3→6min/% τ=250min → 需24.7kWh(充4.0min)
[charge_scheduler-1] [INFO] [1785770009.268629978] [charge_scheduler]:   车#28 [电动装载机282|light] 位置(3825.0,73792.7) 容量282kWh 剩余20% | α=6→6min/% τ=84min → 需174.4kWh(充28.2min)
[charge_scheduler-1] [INFO] [1785770009.268641675] [charge_scheduler]:   车#29 [电动装载机350|light] 位置(3784.3,73759.0) 容量350kWh 剩余36% | α=6→6min/% τ=198min → 需158.8kWh(充25.7min)
[charge_scheduler-1] [INFO] [1785770009.281457371] [charge_scheduler]: [Scheduler] 闭环接口: threshold=10.0min | event_sim=on | policy=all | structured_feedback=optional (/task_planner/execution_event)
[charge_scheduler-1] [INFO] [1785770009.281507263] [charge_scheduler]: [Scheduler] 已启动, 等待地图...
[charge_scheduler-1] [INFO] [1785770009.281514644] [charge_scheduler]: [Scheduler] 充电车1接口: sequence/served/arrived_target/arrived_station/return_goal/task_complete 后缀=_1
[charge_scheduler-1] [INFO] [1785770009.281520739] [charge_scheduler]: [Scheduler] 充电车2接口: sequence/served/arrived_target/arrived_station/return_goal/task_complete 后缀=_2
[charge_scheduler-1] [INFO] [1785770009.281525853] [charge_scheduler]: [Scheduler] 充电车3接口: sequence/served/arrived_target/arrived_station/return_goal/task_complete 后缀=_3
[charge_scheduler-1] [INFO] [1785770009.370631457] [charge_scheduler]: [Scheduler] RoutingGraph 就绪
[charge_scheduler-1] [INFO] [1785770009.371192428] [charge_scheduler]: [Scheduler] 提取到 0 条虚线捷径
[charge_scheduler-1] [INFO] [1785770009.401933921] [charge_scheduler]: [Scheduler] 下层兼容增强图: 190 节点, 0 条虚线掉头边
[charge_scheduler-1] [INFO] [1785770030.221426427] [charge_scheduler]: [Scheduler] 距离矩阵完成 31x31, 20819.4 ms | 模式=maneuver | 真实不可达=0 抽象不可达=0 | 缺少对向投影节点=0 | 对向识别(ID/几何/法向)=0/0/0 | 单向驿站投影=0
[charge_scheduler-1] [INFO] [1785770030.221492126] [charge_scheduler]:   ✓ 比值自检：930 个 OD 满足 机动/直线≥1 | 均值=4.11 最大=62.63 (车#0→车#15)
[charge_scheduler-1] [INFO] [1785770030.221505160] [charge_scheduler]: [Scheduler] 地图就绪, 190 条 lanelet（与下层一致）
[charge_scheduler-1] [INFO] [1785770030.221553357] [charge_scheduler]: ======== 开始VRPTW调度 30 辆车 ========
[charge_scheduler-1] [INFO] [1785770030.221558661] [charge_scheduler]:   规模30>8 → 启发式(alns)
[charge_scheduler-1] [INFO] [1785770076.737851698] [charge_scheduler]: [ALNS] objective_order=Tover,Nlate,Ctotal seed=7 iters=15000 | N_late=10(成功率66.7%) T_overtime=212.8min C_total=7292.4m | 趟数=11 makespan=386.3min
[charge_scheduler-1] [INFO] [1785770076.737909535] [charge_scheduler]:   求解耗时 46516.3 ms
[charge_scheduler-1] [INFO] [1785770076.737918351] [charge_scheduler]: ════════ 调度结果 ════════
[charge_scheduler-1] [INFO] [1785770076.737924669] [charge_scheduler]:   ★目标(字典序): objective_order=Tover,Nlate,Ctotal | N_late=10 辆 (按时成功率 20/30 = 66.7%)  T_overtime=212.8min  C_total=7292.4m
[charge_scheduler-1] [INFO] [1785770076.737990614] [charge_scheduler]:   附: 趟数=11 | makespan=386.3min | 能量可行=是
[charge_scheduler-1] [INFO] [1785770076.738003235] [charge_scheduler]:   [充电车2] 趟1: 站 → 车#4(到2.1/限212.0✓) → 车#9(到14.0/限116.0✓) → 车#1(到40.5/限96.0✓) → 车#28(到63.6/限84.0✓) → 站
[charge_scheduler-1] [INFO] [1785770076.738011519] [charge_scheduler]:   [充电车1] 趟2: 站 → 车#12(到2.3/限230.4✓) → 车#21(到10.6/限240.0✓) → 车#15(到17.7/限44.8✓) → 车#3(到43.1/限32.0✗超时) → 车#11(到68.6/限83.2✓) → 站
[charge_scheduler-1] [INFO] [1785770076.738018978] [charge_scheduler]:   [充电车3] 趟3: 站 → 车#8(到5.0/限196.0✓) → 车#27(到19.4/限249.6✓) → 车#7(到27.6/限64.0✓) → 车#22(到51.5/限61.6✓) → 车#18(到91.2/限102.4✓) → 站
[charge_scheduler-1] [INFO] [1785770076.738024707] [charge_scheduler]:   [充电车3] 趟4: 站 → 车#5(到130.8/限128.0✗超时) → 车#20(到176.8/限179.2✓) → 站
[charge_scheduler-1] [INFO] [1785770076.738032116] [charge_scheduler]:   [充电车2] 趟5: 站 → 车#24(到112.7/限112.0✗超时) → 车#26(到141.7/限160.0✓) → 车#16(到187.5/限184.8✗超时) → 站
[charge_scheduler-1] [INFO] [1785770076.738038382] [charge_scheduler]:   [充电车1] 趟6: 站 → 车#13(到124.2/限128.8✓) → 车#0(到160.7/限168.0✓) → 车#10(到195.8/限224.0✓) → 站
[charge_scheduler-1] [INFO] [1785770076.738043775] [charge_scheduler]:   [充电车2] 趟7: 站 → 车#19(到240.6/限240.8✓) → 车#25(到279.0/限280.0✓) → 站
[charge_scheduler-1] [INFO] [1785770076.738049572] [charge_scheduler]:   [充电车3] 趟8: 站 → 车#6(到237.0/限176.0✗超时) → 车#23(到283.2/限236.8✗超时) → 站
[charge_scheduler-1] [INFO] [1785770076.738055172] [charge_scheduler]:   [充电车1] 趟9: 站 → 车#29(到245.8/限198.4✗超时) → 车#2(到294.5/限288.0✗超时) → 站
[charge_scheduler-1] [INFO] [1785770076.738060393] [charge_scheduler]:   [充电车2] 趟10: 站 → 车#14(到333.7/限300.8✗超时) → 站
[charge_scheduler-1] [INFO] [1785770076.738065581] [charge_scheduler]:   [充电车3] 趟11: 站 → 车#17(到340.7/限339.2✗超时) → 站
[charge_scheduler-1] [INFO] [1785770076.738069489] [charge_scheduler]: ════════════════════════
[charge_scheduler-1] [INFO] [1785770076.738131780] [charge_scheduler]: [扰动清单] type=target delay=30.0min targets={7,13,} station={}
[charge_scheduler-1] [INFO] [1785770076.738149612] [charge_scheduler]: [执行事件] loop=open plan_v=0 C1 type=target_service target=12 station_ord=0 planned_finish=8.50 actual_finish=8.50 dev=+0.00 injected=0.0
[charge_scheduler-1] [INFO] [1785770076.738158090] [charge_scheduler]: [执行事件] loop=open plan_v=0 C2 type=target_service target=4 station_ord=0 planned_finish=11.77 actual_finish=11.77 dev=+0.00 injected=0.0
[charge_scheduler-1] [INFO] [1785770076.738165266] [charge_scheduler]: [执行事件] loop=open plan_v=0 C1 type=target_service target=21 station_ord=0 planned_finish=16.66 actual_finish=16.66 dev=+0.00 injected=0.0
[charge_scheduler-1] [INFO] [1785770076.738172304] [charge_scheduler]: [执行事件] loop=open plan_v=0 C3 type=target_service target=8 station_ord=0 planned_finish=17.45 actual_finish=17.45 dev=+0.00 injected=0.0
[charge_scheduler-1] [INFO] [1785770076.738178882] [charge_scheduler]: [执行事件] loop=open plan_v=0 C3 type=target_service target=27 station_ord=0 planned_finish=25.46 actual_finish=25.46 dev=+0.00 injected=0.0
[charge_scheduler-1] [INFO] [1785770076.738185670] [charge_scheduler]: [执行事件] loop=open plan_v=0 C2 type=target_service target=9 station_ord=0 planned_finish=39.55 actual_finish=39.55 dev=+0.00 injected=0.0
[charge_scheduler-1] [INFO] [1785770076.738192196] [charge_scheduler]: [执行事件] loop=open plan_v=0 C1 type=target_service target=15 station_ord=0 planned_finish=41.31 actual_finish=41.31 dev=+0.00 injected=0.0
[charge_scheduler-1] [INFO] [1785770076.738199370] [charge_scheduler]: [执行事件] loop=open plan_v=0 C2 type=target_service target=1 station_ord=0 planned_finish=62.62 actual_finish=62.62 dev=+0.00 injected=0.0
[charge_scheduler-1] [INFO] [1785770076.738205803] [charge_scheduler]: [执行事件] loop=open plan_v=0 C1 type=target_service target=3 station_ord=0 planned_finish=68.11 actual_finish=68.11 dev=+0.00 injected=0.0
[charge_scheduler-1] [INFO] [1785770076.738216001] [charge_scheduler]: [执行事件] loop=open plan_v=0 C3 type=target_service target=7 station_ord=0 planned_finish=50.69 actual_finish=80.69 dev=+30.00 injected=30.0
[charge_scheduler-1] [INFO] [1785770076.738226534] [charge_scheduler]: [执行事件] loop=open plan_v=0 C2 type=target_service target=28 station_ord=0 planned_finish=97.15 actual_finish=97.15 dev=+0.00 injected=0.0
[charge_scheduler-1] [INFO] [1785770076.738233074] [charge_scheduler]: [执行事件] loop=open plan_v=0 C2 type=station_turnaround target=-1 station_ord=1 planned_finish=109.66 actual_finish=109.66 dev=+0.00 injected=0.0
[charge_scheduler-1] [INFO] [1785770076.738239742] [charge_scheduler]: [执行事件] loop=open plan_v=0 C1 type=target_service target=11 station_ord=0 planned_finish=111.00 actual_finish=111.00 dev=+0.00 injected=0.0
[charge_scheduler-1] [INFO] [1785770076.738250637] [charge_scheduler]: [执行事件] loop=open plan_v=0 C3 type=target_service target=22 station_ord=0 planned_finish=85.92 actual_finish=116.77 dev=+30.85 injected=0.0
[charge_scheduler-1] [INFO] [1785770076.738257276] [charge_scheduler]: [执行事件] loop=open plan_v=0 C1 type=station_turnaround target=-1 station_ord=1 planned_finish=122.54 actual_finish=122.54 dev=+0.00 injected=0.0
[charge_scheduler-1] [INFO] [1785770076.738264663] [charge_scheduler]: [执行事件] loop=open plan_v=0 C2 type=target_service target=24 station_ord=0 planned_finish=137.65 actual_finish=137.65 dev=+0.00 injected=0.0
[charge_scheduler-1] [INFO] [1785770076.738271096] [charge_scheduler]: [执行事件] loop=open plan_v=0 C3 type=target_service target=18 station_ord=0 planned_finish=115.56 actual_finish=147.00 dev=+31.43 injected=0.0
[charge_scheduler-1] [INFO] [1785770076.738277500] [charge_scheduler]: [执行事件] loop=open plan_v=0 C3 type=station_turnaround target=-1 station_ord=1 planned_finish=127.60 actual_finish=159.04 dev=+31.43 injected=0.0
[charge_scheduler-1] [INFO] [1785770076.738283936] [charge_scheduler]: [执行事件] loop=open plan_v=0 C2 type=target_service target=26 station_ord=0 planned_finish=183.82 actual_finish=183.82 dev=+0.00 injected=0.0
[charge_scheduler-1] [INFO] [1785770076.738290240] [charge_scheduler]: [执行事件] loop=open plan_v=0 C1 type=target_service target=13 station_ord=0 planned_finish=159.09 actual_finish=189.09 dev=+30.00 injected=30.0
[charge_scheduler-1] [INFO] [1785770076.738296727] [charge_scheduler]: [执行事件] loop=open plan_v=0 C3 type=target_service target=5 station_ord=0 planned_finish=174.55 actual_finish=205.98 dev=+31.43 injected=0.0
[charge_scheduler-1] [INFO] [1785770076.738303286] [charge_scheduler]: [执行事件] loop=open plan_v=0 C2 type=target_service target=16 station_ord=0 planned_finish=222.73 actual_finish=222.73 dev=+0.00 injected=0.0
[charge_scheduler-1] [INFO] [1785770076.738314782] [charge_scheduler]: [执行事件] loop=open plan_v=0 C1 type=target_service target=0 station_ord=0 planned_finish=195.37 actual_finish=225.98 dev=+30.61 injected=0.0
[charge_scheduler-1] [INFO] [1785770076.738322400] [charge_scheduler]: [执行事件] loop=open plan_v=0 C2 type=station_turnaround target=-1 station_ord=2 planned_finish=235.06 actual_finish=235.06 dev=+0.00 injected=0.0
[charge_scheduler-1] [INFO] [1785770076.738329781] [charge_scheduler]: [执行事件] loop=open plan_v=0 C3 type=target_service target=20 station_ord=0 planned_finish=220.35 actual_finish=252.00 dev=+31.65 injected=0.0
[charge_scheduler-1] [INFO] [1785770076.738337151] [charge_scheduler]: [执行事件] loop=open plan_v=0 C1 type=target_service target=10 station_ord=0 planned_finish=228.73 actual_finish=261.70 dev=+32.97 injected=0.0
[charge_scheduler-1] [INFO] [1785770076.738344406] [charge_scheduler]: [执行事件] loop=open plan_v=0 C3 type=station_turnaround target=-1 station_ord=2 planned_finish=232.81 actual_finish=264.46 dev=+31.65 injected=0.0
[charge_scheduler-1] [INFO] [1785770076.738351909] [charge_scheduler]: [执行事件] loop=open plan_v=0 C2 type=target_service target=19 station_ord=0 planned_finish=275.79 actual_finish=275.79 dev=+0.00 injected=0.0
[charge_scheduler-1] [INFO] [1785770076.738360139] [charge_scheduler]: [执行事件] loop=open plan_v=0 C1 type=station_turnaround target=-1 station_ord=2 planned_finish=244.60 actual_finish=277.57 dev=+32.97 injected=0.0
[charge_scheduler-1] [INFO] [1785770076.738371238] [charge_scheduler]: [执行事件] loop=open plan_v=0 C3 type=target_service target=6 station_ord=0 planned_finish=280.70 actual_finish=312.35 dev=+31.65 injected=0.0
[charge_scheduler-1] [INFO] [1785770076.738386569] [charge_scheduler]: [执行事件] loop=open plan_v=0 C2 type=target_service target=25 station_ord=0 planned_finish=314.21 actual_finish=314.21 dev=+0.00 injected=0.0
[charge_scheduler-1] [INFO] [1785770076.738396686] [charge_scheduler]: [执行事件] loop=open plan_v=0 C1 type=target_service target=29 station_ord=0 planned_finish=289.57 actual_finish=322.54 dev=+32.97 injected=0.0
[charge_scheduler-1] [INFO] [1785770076.738407335] [charge_scheduler]: [执行事件] loop=open plan_v=0 C2 type=station_turnaround target=-1 station_ord=3 planned_finish=329.14 actual_finish=329.14 dev=+0.00 injected=0.0
[charge_scheduler-1] [INFO] [1785770076.738419511] [charge_scheduler]: [执行事件] loop=open plan_v=0 C3 type=target_service target=23 station_ord=0 planned_finish=326.90 actual_finish=358.55 dev=+31.65 injected=0.0
[charge_scheduler-1] [INFO] [1785770076.738430629] [charge_scheduler]: [执行事件] loop=open plan_v=0 C3 type=station_turnaround target=-1 station_ord=3 planned_finish=339.05 actual_finish=370.70 dev=+31.65 injected=0.0
[charge_scheduler-1] [INFO] [1785770076.738437856] [charge_scheduler]: [执行事件] loop=open plan_v=0 C1 type=target_service target=2 station_ord=0 planned_finish=338.22 actual_finish=371.20 dev=+32.97 injected=0.0
[charge_scheduler-1] [INFO] [1785770076.738445252] [charge_scheduler]: [执行事件] loop=open plan_v=0 C1 type=final_return target=-1 station_ord=0 planned_finish=340.87 actual_finish=373.84 dev=+32.97 injected=0.0
[charge_scheduler-1] [INFO] [1785770076.738452433] [charge_scheduler]: [执行事件] loop=open plan_v=0 C2 type=target_service target=14 station_ord=0 planned_finish=377.44 actual_finish=377.44 dev=+0.00 injected=0.0
[charge_scheduler-1] [INFO] [1785770076.738459239] [charge_scheduler]: [执行事件] loop=open plan_v=0 C2 type=final_return target=-1 station_ord=0 planned_finish=381.71 actual_finish=381.71 dev=+0.00 injected=0.0
[charge_scheduler-1] [INFO] [1785770076.738467185] [charge_scheduler]: [执行事件] loop=open plan_v=0 C3 type=target_service target=17 station_ord=0 planned_finish=384.41 actual_finish=416.06 dev=+31.65 injected=0.0
[charge_scheduler-1] [INFO] [1785770076.738473850] [charge_scheduler]: [执行事件] loop=open plan_v=0 C3 type=final_return target=-1 station_ord=0 planned_finish=386.34 actual_finish=417.99 dev=+31.65 injected=0.0
[charge_scheduler-1] [INFO] [1785770076.738490949] [charge_scheduler]: [执行事件] loop=fixed plan_v=0 C1 type=target_service target=12 station_ord=0 planned_finish=8.50 actual_finish=8.50 dev=+0.00 injected=0.0
[charge_scheduler-1] [INFO] [1785770076.738498050] [charge_scheduler]: [执行事件] loop=fixed plan_v=0 C2 type=target_service target=4 station_ord=0 planned_finish=11.77 actual_finish=11.77 dev=+0.00 injected=0.0
[charge_scheduler-1] [INFO] [1785770076.738504878] [charge_scheduler]: [执行事件] loop=fixed plan_v=0 C1 type=target_service target=21 station_ord=0 planned_finish=16.66 actual_finish=16.66 dev=+0.00 injected=0.0
[charge_scheduler-1] [INFO] [1785770076.738511789] [charge_scheduler]: [执行事件] loop=fixed plan_v=0 C3 type=target_service target=8 station_ord=0 planned_finish=17.45 actual_finish=17.45 dev=+0.00 injected=0.0
[charge_scheduler-1] [INFO] [1785770076.738518608] [charge_scheduler]: [执行事件] loop=fixed plan_v=0 C3 type=target_service target=27 station_ord=0 planned_finish=25.46 actual_finish=25.46 dev=+0.00 injected=0.0
[charge_scheduler-1] [INFO] [1785770076.738525510] [charge_scheduler]: [执行事件] loop=fixed plan_v=0 C2 type=target_service target=9 station_ord=0 planned_finish=39.55 actual_finish=39.55 dev=+0.00 injected=0.0
[charge_scheduler-1] [INFO] [1785770076.738533870] [charge_scheduler]: [执行事件] loop=fixed plan_v=0 C1 type=target_service target=15 station_ord=0 planned_finish=41.31 actual_finish=41.31 dev=+0.00 injected=0.0
[charge_scheduler-1] [INFO] [1785770076.738540816] [charge_scheduler]: [执行事件] loop=fixed plan_v=0 C2 type=target_service target=1 station_ord=0 planned_finish=62.62 actual_finish=62.62 dev=+0.00 injected=0.0
[charge_scheduler-1] [INFO] [1785770076.738547456] [charge_scheduler]: [执行事件] loop=fixed plan_v=0 C1 type=target_service target=3 station_ord=0 planned_finish=68.11 actual_finish=68.11 dev=+0.00 injected=0.0
[charge_scheduler-1] [INFO] [1785770076.738554191] [charge_scheduler]: [执行事件] loop=fixed plan_v=0 C3 type=target_service target=7 station_ord=0 planned_finish=50.69 actual_finish=80.69 dev=+30.00 injected=30.0
[charge_scheduler-1] [WARN] [1785770077.137836456] [charge_scheduler]: [重调度事件] policy=fixed #1 t=80.69min trigger=C3/target_service dev=+30.00 pool=18 committed=2 plan_v=1 solve_ms=399.2 changed_assign=0 changed_order=12
[charge_scheduler-1] [INFO] [1785770077.137891391] [charge_scheduler]: [执行事件] loop=fixed plan_v=0 C2 type=target_service target=28 station_ord=0 planned_finish=97.15 actual_finish=97.15 dev=+0.00 injected=0.0
[charge_scheduler-1] [INFO] [1785770077.137901581] [charge_scheduler]: [执行事件] loop=fixed plan_v=1 C2 type=station_turnaround target=-1 station_ord=1 planned_finish=109.66 actual_finish=109.66 dev=+0.00 injected=0.0
[charge_scheduler-1] [INFO] [1785770077.137908896] [charge_scheduler]: [执行事件] loop=fixed plan_v=0 C1 type=target_service target=11 station_ord=0 planned_finish=111.00 actual_finish=111.00 dev=+0.00 injected=0.0
[charge_scheduler-1] [INFO] [1785770077.137915055] [charge_scheduler]: [执行事件] loop=fixed plan_v=1 C3 type=target_service target=22 station_ord=0 planned_finish=116.77 actual_finish=116.77 dev=+0.00 injected=0.0
[charge_scheduler-1] [INFO] [1785770077.137920919] [charge_scheduler]: [执行事件] loop=fixed plan_v=1 C1 type=station_turnaround target=-1 station_ord=1 planned_finish=122.54 actual_finish=122.54 dev=+0.00 injected=0.0
[charge_scheduler-1] [INFO] [1785770077.137927942] [charge_scheduler]: [执行事件] loop=fixed plan_v=1 C2 type=target_service target=24 station_ord=0 planned_finish=137.65 actual_finish=137.65 dev=+0.00 injected=0.0
[charge_scheduler-1] [INFO] [1785770077.137933552] [charge_scheduler]: [执行事件] loop=fixed plan_v=1 C3 type=target_service target=18 station_ord=0 planned_finish=147.00 actual_finish=147.00 dev=+0.00 injected=0.0
[charge_scheduler-1] [INFO] [1785770077.137938952] [charge_scheduler]: [执行事件] loop=fixed plan_v=1 C3 type=station_turnaround target=-1 station_ord=1 planned_finish=159.04 actual_finish=159.04 dev=+0.00 injected=0.0
[charge_scheduler-1] [INFO] [1785770077.137944746] [charge_scheduler]: [执行事件] loop=fixed plan_v=1 C2 type=target_service target=26 station_ord=0 planned_finish=183.82 actual_finish=183.82 dev=+0.00 injected=0.0
[charge_scheduler-1] [INFO] [1785770077.137950421] [charge_scheduler]: [执行事件] loop=fixed plan_v=1 C1 type=target_service target=13 station_ord=0 planned_finish=159.09 actual_finish=189.09 dev=+30.00 injected=30.0
[charge_scheduler-1] [WARN] [1785770077.360006717] [charge_scheduler]: [重调度事件] policy=fixed #2 t=189.09min trigger=C1/target_service dev=+30.00 pool=11 committed=2 plan_v=2 solve_ms=222.0 changed_assign=0 changed_order=8
[charge_scheduler-1] [INFO] [1785770077.360056048] [charge_scheduler]: [执行事件] loop=fixed plan_v=1 C3 type=target_service target=5 station_ord=0 planned_finish=205.98 actual_finish=205.98 dev=+0.00 injected=0.0
[charge_scheduler-1] [INFO] [1785770077.360065078] [charge_scheduler]: [执行事件] loop=fixed plan_v=2 C1 type=target_service target=10 station_ord=0 planned_finish=222.72 actual_finish=222.72 dev=+0.00 injected=0.0
[charge_scheduler-1] [INFO] [1785770077.360071381] [charge_scheduler]: [执行事件] loop=fixed plan_v=1 C2 type=target_service target=16 station_ord=0 planned_finish=222.73 actual_finish=222.73 dev=+0.00 injected=0.0
[charge_scheduler-1] [INFO] [1785770077.360077726] [charge_scheduler]: [执行事件] loop=fixed plan_v=2 C2 type=station_turnaround target=-1 station_ord=2 planned_finish=235.06 actual_finish=235.06 dev=+0.00 injected=0.0
[charge_scheduler-1] [INFO] [1785770077.360083742] [charge_scheduler]: [执行事件] loop=fixed plan_v=2 C3 type=target_service target=20 station_ord=0 planned_finish=252.00 actual_finish=252.00 dev=+0.00 injected=0.0
[charge_scheduler-1] [INFO] [1785770077.360089339] [charge_scheduler]: [执行事件] loop=fixed plan_v=2 C1 type=target_service target=0 station_ord=0 planned_finish=258.48 actual_finish=258.48 dev=+0.00 injected=0.0
[charge_scheduler-1] [INFO] [1785770077.360094992] [charge_scheduler]: [执行事件] loop=fixed plan_v=2 C3 type=station_turnaround target=-1 station_ord=2 planned_finish=264.46 actual_finish=264.46 dev=+0.00 injected=0.0
[charge_scheduler-1] [INFO] [1785770077.360100594] [charge_scheduler]: [执行事件] loop=fixed plan_v=2 C1 type=station_turnaround target=-1 station_ord=2 planned_finish=273.94 actual_finish=273.94 dev=+0.00 injected=0.0
[charge_scheduler-1] [INFO] [1785770077.360128758] [charge_scheduler]: [执行事件] loop=fixed plan_v=2 C2 type=target_service target=19 station_ord=0 planned_finish=275.79 actual_finish=275.79 dev=+0.00 injected=0.0
[charge_scheduler-1] [INFO] [1785770077.360134673] [charge_scheduler]: [执行事件] loop=fixed plan_v=2 C3 type=target_service target=6 station_ord=0 planned_finish=312.35 actual_finish=312.35 dev=+0.00 injected=0.0
[charge_scheduler-1] [INFO] [1785770077.360140363] [charge_scheduler]: [执行事件] loop=fixed plan_v=2 C2 type=target_service target=25 station_ord=0 planned_finish=314.21 actual_finish=314.21 dev=+0.00 injected=0.0
[charge_scheduler-1] [INFO] [1785770077.360146111] [charge_scheduler]: [执行事件] loop=fixed plan_v=2 C1 type=target_service target=29 station_ord=0 planned_finish=318.91 actual_finish=318.91 dev=+0.00 injected=0.0
[charge_scheduler-1] [INFO] [1785770077.360151569] [charge_scheduler]: [执行事件] loop=fixed plan_v=2 C2 type=station_turnaround target=-1 station_ord=3 planned_finish=329.14 actual_finish=329.14 dev=+0.00 injected=0.0
[charge_scheduler-1] [INFO] [1785770077.360157316] [charge_scheduler]: [执行事件] loop=fixed plan_v=2 C3 type=target_service target=23 station_ord=0 planned_finish=358.55 actual_finish=358.55 dev=+0.00 injected=0.0
[charge_scheduler-1] [INFO] [1785770077.360162918] [charge_scheduler]: [执行事件] loop=fixed plan_v=2 C1 type=target_service target=2 station_ord=0 planned_finish=367.57 actual_finish=367.57 dev=+0.00 injected=0.0
[charge_scheduler-1] [INFO] [1785770077.360168523] [charge_scheduler]: [执行事件] loop=fixed plan_v=2 C1 type=final_return target=-1 station_ord=0 planned_finish=370.22 actual_finish=370.22 dev=+0.00 injected=0.0
[charge_scheduler-1] [INFO] [1785770077.360173846] [charge_scheduler]: [执行事件] loop=fixed plan_v=2 C3 type=station_turnaround target=-1 station_ord=3 planned_finish=370.70 actual_finish=370.70 dev=+0.00 injected=0.0
[charge_scheduler-1] [INFO] [1785770077.360179332] [charge_scheduler]: [执行事件] loop=fixed plan_v=2 C2 type=target_service target=14 station_ord=0 planned_finish=377.44 actual_finish=377.44 dev=+0.00 injected=0.0
[charge_scheduler-1] [INFO] [1785770077.360184746] [charge_scheduler]: [执行事件] loop=fixed plan_v=2 C2 type=final_return target=-1 station_ord=0 planned_finish=381.71 actual_finish=381.71 dev=+0.00 injected=0.0
[charge_scheduler-1] [INFO] [1785770077.360190230] [charge_scheduler]: [执行事件] loop=fixed plan_v=2 C3 type=target_service target=17 station_ord=0 planned_finish=416.06 actual_finish=416.06 dev=+0.00 injected=0.0
[charge_scheduler-1] [INFO] [1785770077.360195428] [charge_scheduler]: [执行事件] loop=fixed plan_v=2 C3 type=final_return target=-1 station_ord=0 planned_finish=417.99 actual_finish=417.99 dev=+0.00 injected=0.0
[charge_scheduler-1] [INFO] [1785770077.360215769] [charge_scheduler]: [执行事件] loop=global plan_v=0 C1 type=target_service target=12 station_ord=0 planned_finish=8.50 actual_finish=8.50 dev=+0.00 injected=0.0
[charge_scheduler-1] [INFO] [1785770077.360221723] [charge_scheduler]: [执行事件] loop=global plan_v=0 C2 type=target_service target=4 station_ord=0 planned_finish=11.77 actual_finish=11.77 dev=+0.00 injected=0.0
[charge_scheduler-1] [INFO] [1785770077.360227421] [charge_scheduler]: [执行事件] loop=global plan_v=0 C1 type=target_service target=21 station_ord=0 planned_finish=16.66 actual_finish=16.66 dev=+0.00 injected=0.0
[charge_scheduler-1] [INFO] [1785770077.360232901] [charge_scheduler]: [执行事件] loop=global plan_v=0 C3 type=target_service target=8 station_ord=0 planned_finish=17.45 actual_finish=17.45 dev=+0.00 injected=0.0
[charge_scheduler-1] [INFO] [1785770077.360238434] [charge_scheduler]: [执行事件] loop=global plan_v=0 C3 type=target_service target=27 station_ord=0 planned_finish=25.46 actual_finish=25.46 dev=+0.00 injected=0.0
[charge_scheduler-1] [INFO] [1785770077.360249979] [charge_scheduler]: [执行事件] loop=global plan_v=0 C2 type=target_service target=9 station_ord=0 planned_finish=39.55 actual_finish=39.55 dev=+0.00 injected=0.0
[charge_scheduler-1] [INFO] [1785770077.360255857] [charge_scheduler]: [执行事件] loop=global plan_v=0 C1 type=target_service target=15 station_ord=0 planned_finish=41.31 actual_finish=41.31 dev=+0.00 injected=0.0
[charge_scheduler-1] [INFO] [1785770077.360261324] [charge_scheduler]: [执行事件] loop=global plan_v=0 C2 type=target_service target=1 station_ord=0 planned_finish=62.62 actual_finish=62.62 dev=+0.00 injected=0.0
[charge_scheduler-1] [INFO] [1785770077.360269752] [charge_scheduler]: [执行事件] loop=global plan_v=0 C1 type=target_service target=3 station_ord=0 planned_finish=68.11 actual_finish=68.11 dev=+0.00 injected=0.0
[charge_scheduler-1] [INFO] [1785770077.360298570] [charge_scheduler]: [执行事件] loop=global plan_v=0 C3 type=target_service target=7 station_ord=0 planned_finish=50.69 actual_finish=80.69 dev=+30.00 injected=30.0
[charge_scheduler-1] [WARN] [1785770080.163603203] [charge_scheduler]: [重调度事件] policy=global #1 t=80.69min trigger=C3/target_service dev=+30.00 pool=18 committed=2 plan_v=1 solve_ms=2803.3 changed_assign=16 changed_order=14
[charge_scheduler-1] [INFO] [1785770080.163662037] [charge_scheduler]: [执行事件] loop=global plan_v=0 C2 type=target_service target=28 station_ord=0 planned_finish=97.15 actual_finish=97.15 dev=+0.00 injected=0.0
[charge_scheduler-1] [INFO] [1785770080.163671545] [charge_scheduler]: [执行事件] loop=global plan_v=1 C2 type=station_turnaround target=-1 station_ord=1 planned_finish=109.66 actual_finish=109.66 dev=+0.00 injected=0.0
[charge_scheduler-1] [INFO] [1785770080.163678600] [charge_scheduler]: [执行事件] loop=global plan_v=0 C1 type=target_service target=11 station_ord=0 planned_finish=111.00 actual_finish=111.00 dev=+0.00 injected=0.0
[charge_scheduler-1] [INFO] [1785770080.163685216] [charge_scheduler]: [执行事件] loop=global plan_v=1 C3 type=target_service target=22 station_ord=0 planned_finish=116.77 actual_finish=116.77 dev=+0.00 injected=0.0
[charge_scheduler-1] [INFO] [1785770080.163691511] [charge_scheduler]: [执行事件] loop=global plan_v=1 C1 type=station_turnaround target=-1 station_ord=1 planned_finish=122.54 actual_finish=122.54 dev=+0.00 injected=0.0
[charge_scheduler-1] [INFO] [1785770080.163697934] [charge_scheduler]: [执行事件] loop=global plan_v=1 C2 type=target_service target=18 station_ord=0 planned_finish=137.14 actual_finish=137.14 dev=+0.00 injected=0.0
[charge_scheduler-1] [INFO] [1785770080.163705050] [charge_scheduler]: [执行事件] loop=global plan_v=1 C3 type=target_service target=24 station_ord=0 planned_finish=146.36 actual_finish=146.36 dev=+0.00 injected=0.0
[charge_scheduler-1] [INFO] [1785770080.163715182] [charge_scheduler]: [执行事件] loop=global plan_v=1 C3 type=station_turnaround target=-1 station_ord=1 planned_finish=160.06 actual_finish=160.06 dev=+0.00 injected=0.0
[charge_scheduler-1] [INFO] [1785770080.163721496] [charge_scheduler]: [执行事件] loop=global plan_v=1 C1 type=target_service target=5 station_ord=0 planned_finish=169.28 actual_finish=169.28 dev=+0.00 injected=0.0
[charge_scheduler-1] [INFO] [1785770080.163727685] [charge_scheduler]: [执行事件] loop=global plan_v=1 C3 type=target_service target=0 station_ord=0 planned_finish=198.14 actual_finish=198.14 dev=+0.00 injected=0.0
[charge_scheduler-1] [INFO] [1785770080.163733717] [charge_scheduler]: [执行事件] loop=global plan_v=1 C2 type=target_service target=13 station_ord=0 planned_finish=174.17 actual_finish=204.17 dev=+30.00 injected=30.0
[charge_scheduler-1] [WARN] [1785770080.716077170] [charge_scheduler]: [重调度事件] policy=global #2 t=204.17min trigger=C2/target_service dev=+30.00 pool=10 committed=2 plan_v=2 solve_ms=552.3 changed_assign=2 changed_order=6
[charge_scheduler-1] [INFO] [1785770080.716121571] [charge_scheduler]: [执行事件] loop=global plan_v=1 C1 type=target_service target=26 station_ord=0 planned_finish=215.43 actual_finish=215.43 dev=+0.00 injected=0.0
[charge_scheduler-1] [INFO] [1785770080.716130909] [charge_scheduler]: [执行事件] loop=global plan_v=2 C1 type=station_turnaround target=-1 station_ord=2 planned_finish=228.05 actual_finish=228.05 dev=+0.00 injected=0.0
[charge_scheduler-1] [INFO] [1785770080.716137635] [charge_scheduler]: [执行事件] loop=global plan_v=1 C3 type=target_service target=10 station_ord=0 planned_finish=231.73 actual_finish=231.73 dev=+0.00 injected=0.0
[charge_scheduler-1] [INFO] [1785770080.716143327] [charge_scheduler]: [执行事件] loop=global plan_v=2 C2 type=target_service target=16 station_ord=0 planned_finish=240.95 actual_finish=240.95 dev=+0.00 injected=0.0
[charge_scheduler-1] [INFO] [1785770080.716155156] [charge_scheduler]: [执行事件] loop=global plan_v=2 C2 type=station_turnaround target=-1 station_ord=2 planned_finish=253.28 actual_finish=253.28 dev=+0.00 injected=0.0
[charge_scheduler-1] [INFO] [1785770080.716186120] [charge_scheduler]: [执行事件] loop=global plan_v=2 C1 type=target_service target=29 station_ord=0 planned_finish=273.02 actual_finish=273.02 dev=+0.00 injected=0.0
[charge_scheduler-1] [INFO] [1785770080.716192054] [charge_scheduler]: [执行事件] loop=global plan_v=2 C3 type=target_service target=19 station_ord=0 planned_finish=276.28 actual_finish=276.28 dev=+0.00 injected=0.0
[charge_scheduler-1] [INFO] [1785770080.716197638] [charge_scheduler]: [执行事件] loop=global plan_v=2 C3 type=station_turnaround target=-1 station_ord=2 planned_finish=289.61 actual_finish=289.61 dev=+0.00 injected=0.0
[charge_scheduler-1] [INFO] [1785770080.716203506] [charge_scheduler]: [执行事件] loop=global plan_v=2 C2 type=target_service target=6 station_ord=0 planned_finish=301.17 actual_finish=301.17 dev=+0.00 injected=0.0
[charge_scheduler-1] [INFO] [1785770080.716209915] [charge_scheduler]: [执行事件] loop=global plan_v=2 C1 type=target_service target=23 station_ord=0 planned_finish=322.16 actual_finish=322.16 dev=+0.00 injected=0.0
[charge_scheduler-1] [INFO] [1785770080.716215675] [charge_scheduler]: [执行事件] loop=global plan_v=2 C3 type=target_service target=25 station_ord=0 planned_finish=328.74 actual_finish=328.74 dev=+0.00 injected=0.0
[charge_scheduler-1] [INFO] [1785770080.716221117] [charge_scheduler]: [执行事件] loop=global plan_v=2 C1 type=station_turnaround target=-1 station_ord=3 planned_finish=334.30 actual_finish=334.30 dev=+0.00 injected=0.0
[charge_scheduler-1] [INFO] [1785770080.716226755] [charge_scheduler]: [执行事件] loop=global plan_v=2 C2 type=target_service target=2 station_ord=0 planned_finish=346.89 actual_finish=346.89 dev=+0.00 injected=0.0
[charge_scheduler-1] [INFO] [1785770080.716232497] [charge_scheduler]: [执行事件] loop=global plan_v=2 C2 type=station_turnaround target=-1 station_ord=3 planned_finish=359.53 actual_finish=359.53 dev=+0.00 injected=0.0
[charge_scheduler-1] [INFO] [1785770080.716238238] [charge_scheduler]: [执行事件] loop=global plan_v=2 C3 type=target_service target=14 station_ord=0 planned_finish=373.25 actual_finish=373.25 dev=+0.00 injected=0.0
[charge_scheduler-1] [INFO] [1785770080.716248398] [charge_scheduler]: [执行事件] loop=global plan_v=2 C3 type=final_return target=-1 station_ord=0 planned_finish=377.51 actual_finish=377.51 dev=+0.00 injected=0.0
[charge_scheduler-1] [INFO] [1785770080.716254260] [charge_scheduler]: [执行事件] loop=global plan_v=2 C1 type=target_service target=20 station_ord=0 planned_finish=380.13 actual_finish=380.13 dev=+0.00 injected=0.0
[charge_scheduler-1] [INFO] [1785770080.716259631] [charge_scheduler]: [执行事件] loop=global plan_v=2 C1 type=final_return target=-1 station_ord=0 planned_finish=382.58 actual_finish=382.58 dev=+0.00 injected=0.0
[charge_scheduler-1] [INFO] [1785770080.716265012] [charge_scheduler]: [执行事件] loop=global plan_v=2 C2 type=target_service target=17 station_ord=0 planned_finish=404.90 actual_finish=404.90 dev=+0.00 injected=0.0
[charge_scheduler-1] [INFO] [1785770080.716270285] [charge_scheduler]: [执行事件] loop=global plan_v=2 C2 type=final_return target=-1 station_ord=0 planned_finish=406.83 actual_finish=406.83 dev=+0.00 injected=0.0
[charge_scheduler-1] [INFO] [1785770080.716281494] [charge_scheduler]: ★闭环实验结果 mode=open M=30 K=3 disturbance=target delay=30.0 seed=7 N_late=15 T_overtime=498.858 C_total=7292.439 makespan=417.989 served=30 energy_viol=2 reschedules=0 reschedule_ms=0.000 changed_assign=0 changed_order=0 applied_target=2 applied_station=0 initial_solve_ms=46516.350 objective_order=Tover,Nlate,Ctotal
[charge_scheduler-1] [INFO] [1785770080.716291476] [charge_scheduler]: ★闭环实验结果 mode=fixed M=30 K=3 disturbance=target delay=30.0 seed=7 N_late=14 T_overtime=521.651 C_total=7239.149 makespan=417.989 served=30 energy_viol=0 reschedules=2 reschedule_ms=621.195 changed_assign=0 changed_order=20 applied_target=2 applied_station=0 initial_solve_ms=46516.350 objective_order=Tover,Nlate,Ctotal
[charge_scheduler-1] [INFO] [1785770080.716299037] [charge_scheduler]: ★闭环实验收益 policy=fixed M=30 K=3 disturbance=target delay=30.0 seed=7 recovered_late=1 overtime_reduction=-22.793 distance_delta=-53.291 makespan_reduction=0.000
[charge_scheduler-1] [INFO] [1785770080.716305311] [charge_scheduler]: ★闭环实验结果 mode=closed M=30 K=3 disturbance=target delay=30.0 seed=7 N_late=16 T_overtime=483.407 C_total=6889.861 makespan=406.828 served=30 energy_viol=0 reschedules=2 reschedule_ms=3355.567 changed_assign=18 changed_order=20 applied_target=2 applied_station=0 initial_solve_ms=46516.350 objective_order=Tover,Nlate,Ctotal
[charge_scheduler-1] [INFO] [1785770080.716315869] [charge_scheduler]: ★闭环实验收益 policy=closed M=30 K=3 disturbance=target delay=30.0 seed=7 recovered_late=-1 overtime_reduction=15.451 distance_delta=-402.578 makespan_reduction=11.162
