[INFO] [launch]: All log files can be found below /root/.ros/log/2026-08-03-15-19-33-954213-YYYY-67884
[INFO] [launch]: Default logging verbosity is set to INFO
[INFO] [charge_scheduler-1]: process started with pid [67888]
[charge_scheduler-1] [INFO] [1785770374.077616439] [charge_scheduler]: [目标顺序] objective_order=Tover,Nlate,Ctotal
[charge_scheduler-1] [INFO] [1785770374.078112012] [charge_scheduler]: [Scheduler] 30辆车 | 电池800.0kWh(20%=160.0 80%=640.0) | 充电360kW效率97% | 行驶0.6kWh/km | 桩350kW
[charge_scheduler-1] [INFO] [1785770374.078146026] [charge_scheduler]: [Scheduler] 站端周转: 换电 10 min(换后满电) | 单趟可用 640 kWh
[charge_scheduler-1] [INFO] [1785770374.078155396] [charge_scheduler]:   车#0 [电动装载机282|light] 位置(3889.6,73764.7) 容量282kWh 剩余35% | α=6→6min/% τ=168min → 需130.8kWh(充21.2min)
[charge_scheduler-1] [INFO] [1785770374.078169896] [charge_scheduler]:   车#1 [重型叉车|light] 位置(3778.9,73807.0) 容量200kWh 剩余20% | α=6→6min/% τ=96min → 需123.7kWh(充20.0min)
[charge_scheduler-1] [INFO] [1785770374.078182419] [charge_scheduler]:   车#2 [电动装载机350|light] 位置(3794.9,73804.6) 容量350kWh 剩余50% | α=6→6min/% τ=288min → 需108.2kWh(充17.5min)
[charge_scheduler-1] [INFO] [1785770374.078194558] [charge_scheduler]:   车#3 [重型叉车|light] 位置(3806.9,73760.3) 容量200kWh 剩余10% | α=6→6min/% τ=32min → 需144.3kWh(充23.3min)
[charge_scheduler-1] [INFO] [1785770374.078206842] [charge_scheduler]:   车#4 [电动装载机282|heavy→降级] 位置(3705.1,73758.2) 容量282kWh 剩余60% | α=3→6min/% τ=212min → 需58.1kWh(充9.4min)
[charge_scheduler-1] [INFO] [1785770374.078222132] [charge_scheduler]:   车#5 [电动装载机350|light] 位置(3756.5,73770.2) 容量350kWh 剩余25% | α=6→6min/% τ=128min → 需198.5kWh(充32.1min)
[charge_scheduler-1] [INFO] [1785770374.078234368] [charge_scheduler]:   车#6 [电动装载机350|heavy→降级] 位置(3887.4,73809.4) 容量350kWh 剩余40% | α=4→6min/% τ=176min → 需144.3kWh(充23.3min)
[charge_scheduler-1] [INFO] [1785770374.078252607] [charge_scheduler]:   车#7 [重型叉车|light] 位置(3899.0,73786.6) 容量200kWh 剩余15% | α=6→6min/% τ=64min → 需134.0kWh(充21.7min)
[charge_scheduler-1] [INFO] [1785770374.078265863] [charge_scheduler]:   车#8 [电动装载机282|heavy→降级] 位置(3689.7,73663.1) 容量282kWh 剩余55% | α=3→6min/% τ=196min → 需72.7kWh(充11.8min)
[charge_scheduler-1] [INFO] [1785770374.078278411] [charge_scheduler]:   车#9 [电动装载机282|heavy→降级] 位置(3748.4,73767.2) 容量282kWh 剩余30% | α=3→6min/% τ=116min → 需145.4kWh(充23.5min)
[charge_scheduler-1] [INFO] [1785770374.078290675] [charge_scheduler]:   车#10 [电动装载机282|light] 位置(3865.2,73751.0) 容量282kWh 剩余45% | α=6→6min/% τ=224min → 需101.8kWh(充16.4min)
[charge_scheduler-1] [INFO] [1785770374.078307530] [charge_scheduler]:   车#11 [电动装载机350|light] 位置(3785.0,73749.2) 容量350kWh 剩余18% | α=6→6min/% τ=83min → 需223.7kWh(充36.2min)
[charge_scheduler-1] [INFO] [1785770374.078323930] [charge_scheduler]:   车#12 [重型叉车|heavy→降级] 位置(3811.5,73799.9) 容量200kWh 剩余62% | α=3→6min/% τ=230min → 需37.1kWh(充6.0min)
[charge_scheduler-1] [INFO] [1785770374.078336205] [charge_scheduler]:   车#13 [电动装载机282|light] 位置(3810.8,73773.1) 容量282kWh 剩余28% | α=6→6min/% τ=129min → 需151.2kWh(充24.4min)
[charge_scheduler-1] [INFO] [1785770374.078348603] [charge_scheduler]:   车#14 [电动装载机350|light] 位置(3905.0,73793.5) 容量350kWh 剩余52% | α=6→6min/% τ=301min → 需101.0kWh(充16.3min)
[charge_scheduler-1] [INFO] [1785770374.078362057] [charge_scheduler]:   车#15 [重型叉车|light] 位置(3894.3,73756.9) 容量200kWh 剩余12% | α=6→6min/% τ=45min → 需140.2kWh(充22.7min)
[charge_scheduler-1] [INFO] [1785770374.078375340] [charge_scheduler]:   车#16 [电动装载机282|light] 位置(3818.5,73716.2) 容量282kWh 剩余38% | α=6→6min/% τ=185min → 需122.1kWh(充19.7min)
[charge_scheduler-1] [INFO] [1785770374.078388688] [charge_scheduler]:   车#17 [电动装载机350|light] 位置(3733.2,73772.4) 容量350kWh 剩余58% | α=6→6min/% τ=339min → 需79.4kWh(充12.8min)
[charge_scheduler-1] [INFO] [1785770374.078404039] [charge_scheduler]:   车#18 [重型叉车|heavy→降级] 位置(3764.7,73699.0) 容量200kWh 剩余22% | α=3→6min/% τ=102min → 需119.6kWh(充19.3min)
[charge_scheduler-1] [INFO] [1785770374.078417755] [charge_scheduler]:   车#19 [电动装载机282|light] 位置(3878.4,73747.9) 容量282kWh 剩余48% | α=6→6min/% τ=241min → 需93.0kWh(充15.0min)
[charge_scheduler-1] [INFO] [1785770374.078455498] [charge_scheduler]:   车#20 [电动装载机350|light] 位置(3740.3,73686.9) 容量350kWh 剩余33% | α=6→6min/% τ=179min → 需169.6kWh(充27.4min)
[charge_scheduler-1] [INFO] [1785770374.078468737] [charge_scheduler]:   车#21 [重型叉车|heavy→降级] 位置(3895.4,73811.9) 容量200kWh 剩余65% | α=3→6min/% τ=240min → 需30.9kWh(充5.0min)
[charge_scheduler-1] [INFO] [1785770374.078480427] [charge_scheduler]:   车#22 [电动装载机282|light] 位置(3876.0,73830.2) 容量282kWh 剩余16% | α=6→6min/% τ=62min → 需186.1kWh(充30.1min)
[charge_scheduler-1] [INFO] [1785770374.078493472] [charge_scheduler]:   车#23 [电动装载机350|light] 位置(3765.9,73790.3) 容量350kWh 剩余42% | α=6→6min/% τ=237min → 需137.1kWh(充22.2min)
[charge_scheduler-1] [INFO] [1785770374.078505550] [charge_scheduler]:   车#24 [重型叉车|heavy→降级] 位置(3637.1,73698.1) 容量200kWh 剩余25% | α=3→6min/% τ=112min → 需113.4kWh(充18.3min)
[charge_scheduler-1] [INFO] [1785770374.078520652] [charge_scheduler]:   车#25 [电动装载机282|light] 位置(3884.5,73833.1) 容量282kWh 剩余55% | α=6→6min/% τ=280min → 需72.7kWh(充11.8min)
[charge_scheduler-1] [INFO] [1785770374.078532663] [charge_scheduler]:   车#26 [电动装载机350|light] 位置(3699.3,73765.4) 容量350kWh 剩余30% | α=6→6min/% τ=160min → 需180.4kWh(充29.2min)
[charge_scheduler-1] [INFO] [1785770374.078545458] [charge_scheduler]:   车#27 [重型叉车|heavy→降级] 位置(3800.8,73717.7) 容量200kWh 剩余68% | α=3→6min/% τ=250min → 需24.7kWh(充4.0min)
[charge_scheduler-1] [INFO] [1785770374.078589868] [charge_scheduler]:   车#28 [电动装载机282|light] 位置(3825.0,73792.7) 容量282kWh 剩余20% | α=6→6min/% τ=84min → 需174.4kWh(充28.2min)
[charge_scheduler-1] [INFO] [1785770374.078603350] [charge_scheduler]:   车#29 [电动装载机350|light] 位置(3784.3,73759.0) 容量350kWh 剩余36% | α=6→6min/% τ=198min → 需158.8kWh(充25.7min)
[charge_scheduler-1] [INFO] [1785770374.091140919] [charge_scheduler]: [Scheduler] 闭环接口: threshold=10.0min | event_sim=on | policy=all | structured_feedback=optional (/task_planner/execution_event)
[charge_scheduler-1] [INFO] [1785770374.091188213] [charge_scheduler]: [Scheduler] 已启动, 等待地图...
[charge_scheduler-1] [INFO] [1785770374.091196410] [charge_scheduler]: [Scheduler] 充电车1接口: sequence/served/arrived_target/arrived_station/return_goal/task_complete 后缀=_1
[charge_scheduler-1] [INFO] [1785770374.091214759] [charge_scheduler]: [Scheduler] 充电车2接口: sequence/served/arrived_target/arrived_station/return_goal/task_complete 后缀=_2
[charge_scheduler-1] [INFO] [1785770374.091219793] [charge_scheduler]: [Scheduler] 充电车3接口: sequence/served/arrived_target/arrived_station/return_goal/task_complete 后缀=_3
[charge_scheduler-1] [INFO] [1785770374.181468745] [charge_scheduler]: [Scheduler] RoutingGraph 就绪
[charge_scheduler-1] [INFO] [1785770374.182068114] [charge_scheduler]: [Scheduler] 提取到 0 条虚线捷径
[charge_scheduler-1] [INFO] [1785770374.209966294] [charge_scheduler]: [Scheduler] 下层兼容增强图: 190 节点, 0 条虚线掉头边
[charge_scheduler-1] [INFO] [1785770394.896088952] [charge_scheduler]: [Scheduler] 距离矩阵完成 31x31, 20686.1 ms | 模式=maneuver | 真实不可达=0 抽象不可达=0 | 缺少对向投影节点=0 | 对向识别(ID/几何/法向)=0/0/0 | 单向驿站投影=0
[charge_scheduler-1] [INFO] [1785770394.896148162] [charge_scheduler]:   ✓ 比值自检：930 个 OD 满足 机动/直线≥1 | 均值=4.11 最大=62.63 (车#0→车#15)
[charge_scheduler-1] [INFO] [1785770394.896159676] [charge_scheduler]: [Scheduler] 地图就绪, 190 条 lanelet（与下层一致）
[charge_scheduler-1] [INFO] [1785770394.896207281] [charge_scheduler]: ======== 开始VRPTW调度 30 辆车 ========
[charge_scheduler-1] [INFO] [1785770394.896212429] [charge_scheduler]:   规模30>8 → 启发式(alns)
[charge_scheduler-1] [INFO] [1785770443.316973012] [charge_scheduler]: [ALNS] objective_order=Tover,Nlate,Ctotal seed=2 iters=15000 | N_late=14(成功率53.3%) T_overtime=222.0min C_total=7366.1m | 趟数=12 makespan=386.1min
[charge_scheduler-1] [INFO] [1785770443.317021678] [charge_scheduler]:   求解耗时 48420.8 ms
[charge_scheduler-1] [INFO] [1785770443.317032125] [charge_scheduler]: ════════ 调度结果 ════════
[charge_scheduler-1] [INFO] [1785770443.317039474] [charge_scheduler]:   ★目标(字典序): objective_order=Tover,Nlate,Ctotal | N_late=14 辆 (按时成功率 16/30 = 53.3%)  T_overtime=222.0min  C_total=7366.1m
[charge_scheduler-1] [INFO] [1785770443.317073338] [charge_scheduler]:   附: 趟数=12 | makespan=386.1min | 能量可行=是
[charge_scheduler-1] [INFO] [1785770443.317089245] [charge_scheduler]:   [充电车3] 趟1: 站 → 车#4(到2.1/限212.0✓) → 车#8(到15.3/限196.0✓) → 车#27(到31.3/限249.6✓) → 车#7(到40.7/限64.0✓) → 车#22(到65.3/限61.6✗超时) → 站
[charge_scheduler-1] [INFO] [1785770443.317098801] [charge_scheduler]:   [充电车2] 趟2: 站 → 车#9(到1.2/限116.0✓) → 车#1(到25.8/限96.0✓) → 车#28(到48.2/限84.0✓) → 车#18(到84.0/限102.4✓) → 站
[charge_scheduler-1] [INFO] [1785770443.317108004] [charge_scheduler]:   [充电车1] 趟3: 站 → 车#12(到2.3/限230.4✓) → 车#21(到10.6/限240.0✓) → 车#15(到17.7/限44.8✓) → 车#3(到43.1/限32.0✗超时) → 车#11(到68.6/限83.2✓) → 站
[charge_scheduler-1] [INFO] [1785770443.317115415] [charge_scheduler]:   [充电车1] 趟4: 站 → 车#13(到124.2/限128.8✓) → 车#16(到160.6/限184.8✓) → 站
[charge_scheduler-1] [INFO] [1785770443.317123218] [charge_scheduler]:   [充电车2] 趟5: 站 → 车#5(到123.2/限128.0✓) → 车#26(到169.0/限160.0✗超时) → 站
[charge_scheduler-1] [INFO] [1785770443.317131155] [charge_scheduler]:   [充电车3] 趟6: 站 → 车#24(到117.7/限112.0✗超时) → 车#0(到148.1/限168.0✓) → 车#6(到182.7/限176.0✗超时) → 站
[charge_scheduler-1] [INFO] [1785770443.317138119] [charge_scheduler]:   [充电车1] 趟7: 站 → 车#20(到208.2/限179.2✗超时) → 车#19(到258.0/限240.8✗超时) → 站
[charge_scheduler-1] [INFO] [1785770443.317145161] [charge_scheduler]:   [充电车2] 趟8: 站 → 车#10(到228.1/限224.0✗超时) → 车#23(到267.2/限236.8✗超时) → 站
[charge_scheduler-1] [INFO] [1785770443.317151956] [charge_scheduler]:   [充电车3] 趟9: 站 → 车#29(到242.2/限198.4✗超时) → 车#25(到288.7/限280.0✗超时) → 站
[charge_scheduler-1] [INFO] [1785770443.317158296] [charge_scheduler]:   [充电车1] 趟10: 站 → 车#2(到312.6/限288.0✗超时) → 站
[charge_scheduler-1] [INFO] [1785770443.317164229] [charge_scheduler]:   [充电车2] 趟11: 站 → 车#14(到327.6/限300.8✗超时) → 站
[charge_scheduler-1] [INFO] [1785770443.317171061] [charge_scheduler]:   [充电车3] 趟12: 站 → 车#17(到340.5/限339.2✗超时) → 站
[charge_scheduler-1] [INFO] [1785770443.317176211] [charge_scheduler]: ════════════════════════
[charge_scheduler-1] [INFO] [1785770443.317260311] [charge_scheduler]: [扰动清单] type=target delay=60.0min targets={1,13,} station={}
[charge_scheduler-1] [INFO] [1785770443.317285387] [charge_scheduler]: [执行事件] loop=open plan_v=0 C1 type=target_service target=12 station_ord=0 planned_finish=8.50 actual_finish=8.50 dev=+0.00 injected=0.0
[charge_scheduler-1] [INFO] [1785770443.317296302] [charge_scheduler]: [执行事件] loop=open plan_v=0 C3 type=target_service target=4 station_ord=0 planned_finish=11.77 actual_finish=11.77 dev=+0.00 injected=0.0
[charge_scheduler-1] [INFO] [1785770443.317306102] [charge_scheduler]: [执行事件] loop=open plan_v=0 C1 type=target_service target=21 station_ord=0 planned_finish=16.66 actual_finish=16.66 dev=+0.00 injected=0.0
[charge_scheduler-1] [INFO] [1785770443.317315313] [charge_scheduler]: [执行事件] loop=open plan_v=0 C2 type=target_service target=9 station_ord=0 planned_finish=24.86 actual_finish=24.86 dev=+0.00 injected=0.0
[charge_scheduler-1] [INFO] [1785770443.317323762] [charge_scheduler]: [执行事件] loop=open plan_v=0 C3 type=target_service target=8 station_ord=0 planned_finish=29.29 actual_finish=29.29 dev=+0.00 injected=0.0
[charge_scheduler-1] [INFO] [1785770443.317332092] [charge_scheduler]: [执行事件] loop=open plan_v=0 C3 type=target_service target=27 station_ord=0 planned_finish=38.54 actual_finish=38.54 dev=+0.00 injected=0.0
[charge_scheduler-1] [INFO] [1785770443.317340747] [charge_scheduler]: [执行事件] loop=open plan_v=0 C1 type=target_service target=15 station_ord=0 planned_finish=41.31 actual_finish=41.31 dev=+0.00 injected=0.0
[charge_scheduler-1] [INFO] [1785770443.317349236] [charge_scheduler]: [执行事件] loop=open plan_v=0 C3 type=target_service target=7 station_ord=0 planned_finish=64.46 actual_finish=64.46 dev=+0.00 injected=0.0
[charge_scheduler-1] [INFO] [1785770443.317358444] [charge_scheduler]: [执行事件] loop=open plan_v=0 C1 type=target_service target=3 station_ord=0 planned_finish=68.11 actual_finish=68.11 dev=+0.00 injected=0.0
[charge_scheduler-1] [INFO] [1785770443.317375118] [charge_scheduler]: [执行事件] loop=open plan_v=0 C3 type=target_service target=22 station_ord=0 planned_finish=100.53 actual_finish=100.53 dev=+0.00 injected=0.0
[charge_scheduler-1] [INFO] [1785770443.317384976] [charge_scheduler]: [执行事件] loop=open plan_v=0 C2 type=target_service target=1 station_ord=0 planned_finish=47.17 actual_finish=107.17 dev=+60.00 injected=60.0
[charge_scheduler-1] [INFO] [1785770443.317395493] [charge_scheduler]: [执行事件] loop=open plan_v=0 C1 type=target_service target=11 station_ord=0 planned_finish=111.00 actual_finish=111.00 dev=+0.00 injected=0.0
[charge_scheduler-1] [INFO] [1785770443.317405274] [charge_scheduler]: [执行事件] loop=open plan_v=0 C3 type=station_turnaround target=-1 station_ord=1 planned_finish=114.70 actual_finish=114.70 dev=+0.00 injected=0.0
[charge_scheduler-1] [INFO] [1785770443.317414404] [charge_scheduler]: [执行事件] loop=open plan_v=0 C1 type=station_turnaround target=-1 station_ord=1 planned_finish=122.54 actual_finish=122.54 dev=+0.00 injected=0.0
[charge_scheduler-1] [INFO] [1785770443.317423862] [charge_scheduler]: [执行事件] loop=open plan_v=0 C3 type=target_service target=24 station_ord=0 planned_finish=142.69 actual_finish=142.69 dev=+0.00 injected=0.0
[charge_scheduler-1] [INFO] [1785770443.317432878] [charge_scheduler]: [执行事件] loop=open plan_v=0 C2 type=target_service target=28 station_ord=0 planned_finish=80.40 actual_finish=143.41 dev=+63.01 injected=0.0
[charge_scheduler-1] [INFO] [1785770443.317442858] [charge_scheduler]: [执行事件] loop=open plan_v=0 C2 type=target_service target=18 station_ord=0 planned_finish=108.01 actual_finish=171.98 dev=+63.97 injected=0.0
[charge_scheduler-1] [INFO] [1785770443.317452154] [charge_scheduler]: [执行事件] loop=open plan_v=0 C3 type=target_service target=0 station_ord=0 planned_finish=181.65 actual_finish=181.65 dev=+0.00 injected=0.0
[charge_scheduler-1] [INFO] [1785770443.317461991] [charge_scheduler]: [执行事件] loop=open plan_v=0 C2 type=station_turnaround target=-1 station_ord=1 planned_finish=120.05 actual_finish=184.02 dev=+63.97 injected=0.0
[charge_scheduler-1] [INFO] [1785770443.317470621] [charge_scheduler]: [执行事件] loop=open plan_v=0 C1 type=target_service target=13 station_ord=0 planned_finish=159.09 actual_finish=219.09 dev=+60.00 injected=60.0
[charge_scheduler-1] [INFO] [1785770443.317480597] [charge_scheduler]: [执行事件] loop=open plan_v=0 C3 type=target_service target=6 station_ord=0 planned_finish=226.42 actual_finish=226.42 dev=+0.00 injected=0.0
[charge_scheduler-1] [INFO] [1785770443.317489752] [charge_scheduler]: [执行事件] loop=open plan_v=0 C2 type=target_service target=5 station_ord=0 planned_finish=166.56 actual_finish=230.96 dev=+64.40 injected=0.0
[charge_scheduler-1] [INFO] [1785770443.317499322] [charge_scheduler]: [执行事件] loop=open plan_v=0 C3 type=station_turnaround target=-1 station_ord=2 planned_finish=240.94 actual_finish=240.94 dev=+0.00 injected=0.0
[charge_scheduler-1] [INFO] [1785770443.317508865] [charge_scheduler]: [执行事件] loop=open plan_v=0 C1 type=target_service target=16 station_ord=0 planned_finish=193.85 actual_finish=255.87 dev=+62.03 injected=0.0
[charge_scheduler-1] [INFO] [1785770443.317518906] [charge_scheduler]: [执行事件] loop=open plan_v=0 C1 type=station_turnaround target=-1 station_ord=2 planned_finish=206.17 actual_finish=268.20 dev=+62.03 injected=0.0
[charge_scheduler-1] [INFO] [1785770443.317528636] [charge_scheduler]: [执行事件] loop=open plan_v=0 C2 type=target_service target=26 station_ord=0 planned_finish=212.71 actual_finish=277.11 dev=+64.40 injected=0.0
[charge_scheduler-1] [INFO] [1785770443.317538104] [charge_scheduler]: [执行事件] loop=open plan_v=0 C3 type=target_service target=29 station_ord=0 planned_finish=285.91 actual_finish=285.91 dev=+0.00 injected=0.0
[charge_scheduler-1] [INFO] [1785770443.317547005] [charge_scheduler]: [执行事件] loop=open plan_v=0 C2 type=station_turnaround target=-1 station_ord=2 planned_finish=225.33 actual_finish=289.73 dev=+64.40 injected=0.0
[charge_scheduler-1] [INFO] [1785770443.317556967] [charge_scheduler]: [执行事件] loop=open plan_v=0 C1 type=target_service target=20 station_ord=0 planned_finish=251.99 actual_finish=314.02 dev=+62.03 injected=0.0
[charge_scheduler-1] [INFO] [1785770443.317571942] [charge_scheduler]: [执行事件] loop=open plan_v=0 C3 type=target_service target=25 station_ord=0 planned_finish=323.91 actual_finish=323.91 dev=+0.00 injected=0.0
[charge_scheduler-1] [INFO] [1785770443.317581349] [charge_scheduler]: [执行事件] loop=open plan_v=0 C2 type=target_service target=10 station_ord=0 planned_finish=263.38 actual_finish=327.78 dev=+64.40 injected=0.0
[charge_scheduler-1] [INFO] [1785770443.317591419] [charge_scheduler]: [执行事件] loop=open plan_v=0 C3 type=station_turnaround target=-1 station_ord=3 planned_finish=338.84 actual_finish=338.84 dev=+0.00 injected=0.0
[charge_scheduler-1] [INFO] [1785770443.317601222] [charge_scheduler]: [执行事件] loop=open plan_v=0 C1 type=target_service target=19 station_ord=0 planned_finish=293.26 actual_finish=355.29 dev=+62.03 injected=0.0
[charge_scheduler-1] [INFO] [1785770443.317611144] [charge_scheduler]: [执行事件] loop=open plan_v=0 C1 type=station_turnaround target=-1 station_ord=3 planned_finish=306.59 actual_finish=368.62 dev=+62.03 injected=0.0
[charge_scheduler-1] [INFO] [1785770443.317621273] [charge_scheduler]: [执行事件] loop=open plan_v=0 C2 type=target_service target=23 station_ord=0 planned_finish=310.93 actual_finish=375.33 dev=+64.40 injected=0.0
[charge_scheduler-1] [INFO] [1785770443.317630910] [charge_scheduler]: [执行事件] loop=open plan_v=0 C3 type=target_service target=17 station_ord=0 planned_finish=384.21 actual_finish=384.21 dev=+0.00 injected=0.0
[charge_scheduler-1] [INFO] [1785770443.317640216] [charge_scheduler]: [执行事件] loop=open plan_v=0 C3 type=final_return target=-1 station_ord=0 planned_finish=386.14 actual_finish=386.14 dev=+0.00 injected=0.0
[charge_scheduler-1] [INFO] [1785770443.317649414] [charge_scheduler]: [执行事件] loop=open plan_v=0 C2 type=station_turnaround target=-1 station_ord=3 planned_finish=323.07 actual_finish=387.47 dev=+64.40 injected=0.0
[charge_scheduler-1] [INFO] [1785770443.317659623] [charge_scheduler]: [执行事件] loop=open plan_v=0 C1 type=target_service target=2 station_ord=0 planned_finish=356.38 actual_finish=418.41 dev=+62.03 injected=0.0
[charge_scheduler-1] [INFO] [1785770443.317669300] [charge_scheduler]: [执行事件] loop=open plan_v=0 C1 type=final_return target=-1 station_ord=0 planned_finish=359.03 actual_finish=421.06 dev=+62.03 injected=0.0
[charge_scheduler-1] [INFO] [1785770443.317678807] [charge_scheduler]: [执行事件] loop=open plan_v=0 C2 type=target_service target=14 station_ord=0 planned_finish=371.37 actual_finish=435.77 dev=+64.40 injected=0.0
[charge_scheduler-1] [INFO] [1785770443.317688337] [charge_scheduler]: [执行事件] loop=open plan_v=0 C2 type=final_return target=-1 station_ord=0 planned_finish=375.64 actual_finish=440.04 dev=+64.40 injected=0.0
[charge_scheduler-1] [INFO] [1785770443.317711662] [charge_scheduler]: [执行事件] loop=fixed plan_v=0 C1 type=target_service target=12 station_ord=0 planned_finish=8.50 actual_finish=8.50 dev=+0.00 injected=0.0
[charge_scheduler-1] [INFO] [1785770443.317721296] [charge_scheduler]: [执行事件] loop=fixed plan_v=0 C3 type=target_service target=4 station_ord=0 planned_finish=11.77 actual_finish=11.77 dev=+0.00 injected=0.0
[charge_scheduler-1] [INFO] [1785770443.317730830] [charge_scheduler]: [执行事件] loop=fixed plan_v=0 C1 type=target_service target=21 station_ord=0 planned_finish=16.66 actual_finish=16.66 dev=+0.00 injected=0.0
[charge_scheduler-1] [INFO] [1785770443.317740385] [charge_scheduler]: [执行事件] loop=fixed plan_v=0 C2 type=target_service target=9 station_ord=0 planned_finish=24.86 actual_finish=24.86 dev=+0.00 injected=0.0
[charge_scheduler-1] [INFO] [1785770443.317752561] [charge_scheduler]: [执行事件] loop=fixed plan_v=0 C3 type=target_service target=8 station_ord=0 planned_finish=29.29 actual_finish=29.29 dev=+0.00 injected=0.0
[charge_scheduler-1] [INFO] [1785770443.317761946] [charge_scheduler]: [执行事件] loop=fixed plan_v=0 C3 type=target_service target=27 station_ord=0 planned_finish=38.54 actual_finish=38.54 dev=+0.00 injected=0.0
[charge_scheduler-1] [INFO] [1785770443.317771212] [charge_scheduler]: [执行事件] loop=fixed plan_v=0 C1 type=target_service target=15 station_ord=0 planned_finish=41.31 actual_finish=41.31 dev=+0.00 injected=0.0
[charge_scheduler-1] [INFO] [1785770443.317780531] [charge_scheduler]: [执行事件] loop=fixed plan_v=0 C3 type=target_service target=7 station_ord=0 planned_finish=64.46 actual_finish=64.46 dev=+0.00 injected=0.0
[charge_scheduler-1] [INFO] [1785770443.317794416] [charge_scheduler]: [执行事件] loop=fixed plan_v=0 C1 type=target_service target=3 station_ord=0 planned_finish=68.11 actual_finish=68.11 dev=+0.00 injected=0.0
[charge_scheduler-1] [INFO] [1785770443.317803253] [charge_scheduler]: [执行事件] loop=fixed plan_v=0 C3 type=target_service target=22 station_ord=0 planned_finish=100.53 actual_finish=100.53 dev=+0.00 injected=0.0
[charge_scheduler-1] [INFO] [1785770443.317813058] [charge_scheduler]: [执行事件] loop=fixed plan_v=0 C2 type=target_service target=1 station_ord=0 planned_finish=47.17 actual_finish=107.17 dev=+60.00 injected=60.0
[charge_scheduler-1] [WARN] [1785770443.710602463] [charge_scheduler]: [重调度事件] policy=fixed #1 t=107.17min trigger=C2/target_service dev=+60.00 pool=18 committed=1 plan_v=1 solve_ms=392.7 changed_assign=0 changed_order=18
[charge_scheduler-1] [INFO] [1785770443.710661155] [charge_scheduler]: [执行事件] loop=fixed plan_v=0 C1 type=target_service target=11 station_ord=0 planned_finish=111.00 actual_finish=111.00 dev=+0.00 injected=0.0
[charge_scheduler-1] [INFO] [1785770443.710674769] [charge_scheduler]: [执行事件] loop=fixed plan_v=0 C3 type=station_turnaround target=-1 station_ord=1 planned_finish=114.70 actual_finish=114.70 dev=+0.00 injected=0.0
[charge_scheduler-1] [INFO] [1785770443.710689481] [charge_scheduler]: [执行事件] loop=fixed plan_v=1 C1 type=station_turnaround target=-1 station_ord=1 planned_finish=122.54 actual_finish=122.54 dev=+0.00 injected=0.0
[charge_scheduler-1] [INFO] [1785770443.710699978] [charge_scheduler]: [执行事件] loop=fixed plan_v=1 C3 type=target_service target=24 station_ord=0 planned_finish=142.69 actual_finish=142.69 dev=+0.00 injected=0.0
[charge_scheduler-1] [INFO] [1785770443.710708658] [charge_scheduler]: [执行事件] loop=fixed plan_v=1 C2 type=target_service target=28 station_ord=0 planned_finish=143.41 actual_finish=143.41 dev=+0.00 injected=0.0
[charge_scheduler-1] [INFO] [1785770443.710717388] [charge_scheduler]: [执行事件] loop=fixed plan_v=1 C2 type=station_turnaround target=-1 station_ord=1 planned_finish=155.92 actual_finish=155.92 dev=+0.00 injected=0.0
[charge_scheduler-1] [INFO] [1785770443.710726548] [charge_scheduler]: [执行事件] loop=fixed plan_v=1 C3 type=target_service target=0 station_ord=0 planned_finish=181.65 actual_finish=181.65 dev=+0.00 injected=0.0
[charge_scheduler-1] [INFO] [1785770443.710735848] [charge_scheduler]: [执行事件] loop=fixed plan_v=1 C2 type=target_service target=18 station_ord=0 planned_finish=183.40 actual_finish=183.40 dev=+0.00 injected=0.0
[charge_scheduler-1] [INFO] [1785770443.710744670] [charge_scheduler]: [执行事件] loop=fixed plan_v=1 C2 type=target_service target=10 station_ord=0 planned_finish=217.17 actual_finish=217.17 dev=+0.00 injected=0.0
[charge_scheduler-1] [INFO] [1785770443.710753610] [charge_scheduler]: [执行事件] loop=fixed plan_v=1 C1 type=target_service target=13 station_ord=0 planned_finish=159.09 actual_finish=219.09 dev=+60.00 injected=60.0
[charge_scheduler-1] [WARN] [1785770443.923854694] [charge_scheduler]: [重调度事件] policy=fixed #2 t=219.09min trigger=C1/target_service dev=+60.00 pool=10 committed=2 plan_v=2 solve_ms=213.0 changed_assign=0 changed_order=8
[charge_scheduler-1] [INFO] [1785770443.923898967] [charge_scheduler]: [执行事件] loop=fixed plan_v=1 C3 type=target_service target=6 station_ord=0 planned_finish=226.42 actual_finish=226.42 dev=+0.00 injected=0.0
[charge_scheduler-1] [INFO] [1785770443.923907601] [charge_scheduler]: [执行事件] loop=fixed plan_v=2 C3 type=station_turnaround target=-1 station_ord=2 planned_finish=240.94 actual_finish=240.94 dev=+0.00 injected=0.0
[charge_scheduler-1] [INFO] [1785770443.923913837] [charge_scheduler]: [执行事件] loop=fixed plan_v=2 C1 type=target_service target=16 station_ord=0 planned_finish=255.87 actual_finish=255.87 dev=+0.00 injected=0.0
[charge_scheduler-1] [INFO] [1785770443.923919674] [charge_scheduler]: [执行事件] loop=fixed plan_v=1 C2 type=target_service target=23 station_ord=0 planned_finish=263.28 actual_finish=263.28 dev=+0.00 injected=0.0
[charge_scheduler-1] [INFO] [1785770443.923925127] [charge_scheduler]: [执行事件] loop=fixed plan_v=2 C1 type=station_turnaround target=-1 station_ord=2 planned_finish=268.20 actual_finish=268.20 dev=+0.00 injected=0.0
[charge_scheduler-1] [INFO] [1785770443.923930836] [charge_scheduler]: [执行事件] loop=fixed plan_v=2 C2 type=station_turnaround target=-1 station_ord=2 planned_finish=275.42 actual_finish=275.42 dev=+0.00 injected=0.0
[charge_scheduler-1] [INFO] [1785770443.923965826] [charge_scheduler]: [执行事件] loop=fixed plan_v=2 C3 type=target_service target=29 station_ord=0 planned_finish=285.91 actual_finish=285.91 dev=+0.00 injected=0.0
[charge_scheduler-1] [INFO] [1785770443.923971957] [charge_scheduler]: [执行事件] loop=fixed plan_v=2 C1 type=target_service target=19 station_ord=0 planned_finish=308.95 actual_finish=308.95 dev=+0.00 injected=0.0
[charge_scheduler-1] [INFO] [1785770443.923977564] [charge_scheduler]: [执行事件] loop=fixed plan_v=2 C2 type=target_service target=26 station_ord=0 planned_finish=321.37 actual_finish=321.37 dev=+0.00 injected=0.0
[charge_scheduler-1] [INFO] [1785770443.923983254] [charge_scheduler]: [执行事件] loop=fixed plan_v=2 C3 type=target_service target=25 station_ord=0 planned_finish=323.91 actual_finish=323.91 dev=+0.00 injected=0.0
[charge_scheduler-1] [INFO] [1785770443.923988858] [charge_scheduler]: [执行事件] loop=fixed plan_v=2 C3 type=station_turnaround target=-1 station_ord=3 planned_finish=338.84 actual_finish=338.84 dev=+0.00 injected=0.0
[charge_scheduler-1] [INFO] [1785770443.923994411] [charge_scheduler]: [执行事件] loop=fixed plan_v=2 C1 type=target_service target=20 station_ord=0 planned_finish=356.69 actual_finish=356.69 dev=+0.00 injected=0.0
[charge_scheduler-1] [INFO] [1785770443.923999972] [charge_scheduler]: [执行事件] loop=fixed plan_v=2 C2 type=target_service target=5 station_ord=0 planned_finish=366.22 actual_finish=366.22 dev=+0.00 injected=0.0
[charge_scheduler-1] [INFO] [1785770443.924005630] [charge_scheduler]: [执行事件] loop=fixed plan_v=2 C1 type=station_turnaround target=-1 station_ord=3 planned_finish=369.14 actual_finish=369.14 dev=+0.00 injected=0.0
[charge_scheduler-1] [INFO] [1785770443.924011340] [charge_scheduler]: [执行事件] loop=fixed plan_v=2 C2 type=station_turnaround target=-1 station_ord=3 planned_finish=377.84 actual_finish=377.84 dev=+0.00 injected=0.0
[charge_scheduler-1] [INFO] [1785770443.924017138] [charge_scheduler]: [执行事件] loop=fixed plan_v=2 C3 type=target_service target=17 station_ord=0 planned_finish=384.21 actual_finish=384.21 dev=+0.00 injected=0.0
[charge_scheduler-1] [INFO] [1785770443.924022674] [charge_scheduler]: [执行事件] loop=fixed plan_v=2 C3 type=final_return target=-1 station_ord=0 planned_finish=386.14 actual_finish=386.14 dev=+0.00 injected=0.0
[charge_scheduler-1] [INFO] [1785770443.924028050] [charge_scheduler]: [执行事件] loop=fixed plan_v=2 C1 type=target_service target=2 station_ord=0 planned_finish=418.93 actual_finish=418.93 dev=+0.00 injected=0.0
[charge_scheduler-1] [INFO] [1785770443.924033634] [charge_scheduler]: [执行事件] loop=fixed plan_v=2 C1 type=final_return target=-1 station_ord=0 planned_finish=421.58 actual_finish=421.58 dev=+0.00 injected=0.0
[charge_scheduler-1] [INFO] [1785770443.924038920] [charge_scheduler]: [执行事件] loop=fixed plan_v=2 C2 type=target_service target=14 station_ord=0 planned_finish=426.14 actual_finish=426.14 dev=+0.00 injected=0.0
[charge_scheduler-1] [INFO] [1785770443.924044074] [charge_scheduler]: [执行事件] loop=fixed plan_v=2 C2 type=final_return target=-1 station_ord=0 planned_finish=430.40 actual_finish=430.40 dev=+0.00 injected=0.0
[charge_scheduler-1] [INFO] [1785770443.924063304] [charge_scheduler]: [执行事件] loop=global plan_v=0 C1 type=target_service target=12 station_ord=0 planned_finish=8.50 actual_finish=8.50 dev=+0.00 injected=0.0
[charge_scheduler-1] [INFO] [1785770443.924069397] [charge_scheduler]: [执行事件] loop=global plan_v=0 C3 type=target_service target=4 station_ord=0 planned_finish=11.77 actual_finish=11.77 dev=+0.00 injected=0.0
[charge_scheduler-1] [INFO] [1785770443.924074944] [charge_scheduler]: [执行事件] loop=global plan_v=0 C1 type=target_service target=21 station_ord=0 planned_finish=16.66 actual_finish=16.66 dev=+0.00 injected=0.0
[charge_scheduler-1] [INFO] [1785770443.924080408] [charge_scheduler]: [执行事件] loop=global plan_v=0 C2 type=target_service target=9 station_ord=0 planned_finish=24.86 actual_finish=24.86 dev=+0.00 injected=0.0
[charge_scheduler-1] [INFO] [1785770443.924086473] [charge_scheduler]: [执行事件] loop=global plan_v=0 C3 type=target_service target=8 station_ord=0 planned_finish=29.29 actual_finish=29.29 dev=+0.00 injected=0.0
[charge_scheduler-1] [INFO] [1785770443.924094214] [charge_scheduler]: [执行事件] loop=global plan_v=0 C3 type=target_service target=27 station_ord=0 planned_finish=38.54 actual_finish=38.54 dev=+0.00 injected=0.0
[charge_scheduler-1] [INFO] [1785770443.924099868] [charge_scheduler]: [执行事件] loop=global plan_v=0 C1 type=target_service target=15 station_ord=0 planned_finish=41.31 actual_finish=41.31 dev=+0.00 injected=0.0
[charge_scheduler-1] [INFO] [1785770443.924105348] [charge_scheduler]: [执行事件] loop=global plan_v=0 C3 type=target_service target=7 station_ord=0 planned_finish=64.46 actual_finish=64.46 dev=+0.00 injected=0.0
[charge_scheduler-1] [INFO] [1785770443.924110865] [charge_scheduler]: [执行事件] loop=global plan_v=0 C1 type=target_service target=3 station_ord=0 planned_finish=68.11 actual_finish=68.11 dev=+0.00 injected=0.0
[charge_scheduler-1] [INFO] [1785770443.924116134] [charge_scheduler]: [执行事件] loop=global plan_v=0 C3 type=target_service target=22 station_ord=0 planned_finish=100.53 actual_finish=100.53 dev=+0.00 injected=0.0
[charge_scheduler-1] [INFO] [1785770443.924121914] [charge_scheduler]: [执行事件] loop=global plan_v=0 C2 type=target_service target=1 station_ord=0 planned_finish=47.17 actual_finish=107.17 dev=+60.00 injected=60.0
[charge_scheduler-1] [WARN] [1785770446.718223146] [charge_scheduler]: [重调度事件] policy=global #1 t=107.17min trigger=C2/target_service dev=+60.00 pool=18 committed=1 plan_v=1 solve_ms=2794.1 changed_assign=12 changed_order=15
[charge_scheduler-1] [INFO] [1785770446.718275901] [charge_scheduler]: [执行事件] loop=global plan_v=0 C1 type=target_service target=11 station_ord=0 planned_finish=111.00 actual_finish=111.00 dev=+0.00 injected=0.0
[charge_scheduler-1] [INFO] [1785770446.718285679] [charge_scheduler]: [执行事件] loop=global plan_v=0 C3 type=station_turnaround target=-1 station_ord=1 planned_finish=114.70 actual_finish=114.70 dev=+0.00 injected=0.0
[charge_scheduler-1] [INFO] [1785770446.718292114] [charge_scheduler]: [执行事件] loop=global plan_v=1 C1 type=station_turnaround target=-1 station_ord=1 planned_finish=122.54 actual_finish=122.54 dev=+0.00 injected=0.0
[charge_scheduler-1] [INFO] [1785770446.718300048] [charge_scheduler]: [执行事件] loop=global plan_v=1 C3 type=target_service target=24 station_ord=0 planned_finish=142.69 actual_finish=142.69 dev=+0.00 injected=0.0
[charge_scheduler-1] [INFO] [1785770446.718307010] [charge_scheduler]: [执行事件] loop=global plan_v=1 C2 type=target_service target=28 station_ord=0 planned_finish=143.41 actual_finish=143.41 dev=+0.00 injected=0.0
[charge_scheduler-1] [INFO] [1785770446.718312665] [charge_scheduler]: [执行事件] loop=global plan_v=1 C1 type=target_service target=18 station_ord=0 planned_finish=150.02 actual_finish=150.02 dev=+0.00 injected=0.0
[charge_scheduler-1] [INFO] [1785770446.718318176] [charge_scheduler]: [执行事件] loop=global plan_v=1 C2 type=station_turnaround target=-1 station_ord=1 planned_finish=155.92 actual_finish=155.92 dev=+0.00 injected=0.0
[charge_scheduler-1] [INFO] [1785770446.718324136] [charge_scheduler]: [执行事件] loop=global plan_v=1 C1 type=target_service target=0 station_ord=0 planned_finish=186.15 actual_finish=186.15 dev=+0.00 injected=0.0
[charge_scheduler-1] [INFO] [1785770446.718329916] [charge_scheduler]: [执行事件] loop=global plan_v=1 C2 type=target_service target=26 station_ord=0 planned_finish=201.70 actual_finish=201.70 dev=+0.00 injected=0.0
[charge_scheduler-1] [INFO] [1785770446.718335889] [charge_scheduler]: [执行事件] loop=global plan_v=1 C1 type=target_service target=6 station_ord=0 planned_finish=230.92 actual_finish=230.92 dev=+0.00 injected=0.0
[charge_scheduler-1] [INFO] [1785770446.718341913] [charge_scheduler]: [执行事件] loop=global plan_v=1 C3 type=target_service target=13 station_ord=0 planned_finish=182.89 actual_finish=242.89 dev=+60.00 injected=60.0
[charge_scheduler-1] [WARN] [1785770447.293438017] [charge_scheduler]: [重调度事件] policy=global #2 t=242.89min trigger=C3/target_service dev=+60.00 pool=10 committed=1 plan_v=2 solve_ms=575.1 changed_assign=7 changed_order=9
[charge_scheduler-1] [INFO] [1785770447.293489156] [charge_scheduler]: [执行事件] loop=global plan_v=1 C1 type=station_turnaround target=-1 station_ord=2 planned_finish=245.44 actual_finish=245.44 dev=+0.00 injected=0.0
[charge_scheduler-1] [INFO] [1785770447.293498230] [charge_scheduler]: [执行事件] loop=global plan_v=1 C2 type=target_service target=5 station_ord=0 planned_finish=246.55 actual_finish=246.55 dev=+0.00 injected=0.0
[charge_scheduler-1] [INFO] [1785770447.293534923] [charge_scheduler]: [执行事件] loop=global plan_v=2 C2 type=station_turnaround target=-1 station_ord=2 planned_finish=258.16 actual_finish=258.16 dev=+0.00 injected=0.0
[charge_scheduler-1] [INFO] [1785770447.293541551] [charge_scheduler]: [执行事件] loop=global plan_v=2 C3 type=target_service target=16 station_ord=0 planned_finish=279.67 actual_finish=279.67 dev=+0.00 injected=0.0
[charge_scheduler-1] [INFO] [1785770447.293547692] [charge_scheduler]: [执行事件] loop=global plan_v=2 C1 type=target_service target=19 station_ord=0 planned_finish=286.20 actual_finish=286.20 dev=+0.00 injected=0.0
[charge_scheduler-1] [INFO] [1785770447.293553537] [charge_scheduler]: [执行事件] loop=global plan_v=2 C3 type=station_turnaround target=-1 station_ord=2 planned_finish=292.00 actual_finish=292.00 dev=+0.00 injected=0.0
[charge_scheduler-1] [INFO] [1785770447.293559374] [charge_scheduler]: [执行事件] loop=global plan_v=2 C2 type=target_service target=10 station_ord=0 planned_finish=296.21 actual_finish=296.21 dev=+0.00 injected=0.0
[charge_scheduler-1] [INFO] [1785770447.293565074] [charge_scheduler]: [执行事件] loop=global plan_v=2 C1 type=target_service target=25 station_ord=0 planned_finish=324.69 actual_finish=324.69 dev=+0.00 injected=0.0
[charge_scheduler-1] [INFO] [1785770447.293570668] [charge_scheduler]: [执行事件] loop=global plan_v=2 C3 type=target_service target=20 station_ord=0 planned_finish=337.82 actual_finish=337.82 dev=+0.00 injected=0.0
[charge_scheduler-1] [INFO] [1785770447.293576223] [charge_scheduler]: [执行事件] loop=global plan_v=2 C1 type=station_turnaround target=-1 station_ord=3 planned_finish=339.63 actual_finish=339.63 dev=+0.00 injected=0.0
[charge_scheduler-1] [INFO] [1785770447.293581801] [charge_scheduler]: [执行事件] loop=global plan_v=2 C2 type=target_service target=23 station_ord=0 planned_finish=343.76 actual_finish=343.76 dev=+0.00 injected=0.0
[charge_scheduler-1] [INFO] [1785770447.293587381] [charge_scheduler]: [执行事件] loop=global plan_v=2 C2 type=station_turnaround target=-1 station_ord=3 planned_finish=355.91 actual_finish=355.91 dev=+0.00 injected=0.0
[charge_scheduler-1] [INFO] [1785770447.293593156] [charge_scheduler]: [执行事件] loop=global plan_v=2 C1 type=target_service target=29 station_ord=0 planned_finish=384.60 actual_finish=384.60 dev=+0.00 injected=0.0
[charge_scheduler-1] [INFO] [1785770447.293598668] [charge_scheduler]: [执行事件] loop=global plan_v=2 C3 type=target_service target=2 station_ord=0 planned_finish=387.01 actual_finish=387.01 dev=+0.00 injected=0.0
[charge_scheduler-1] [INFO] [1785770447.293604185] [charge_scheduler]: [执行事件] loop=global plan_v=2 C3 type=final_return target=-1 station_ord=0 planned_finish=389.66 actual_finish=389.66 dev=+0.00 injected=0.0
[charge_scheduler-1] [INFO] [1785770447.293609589] [charge_scheduler]: [执行事件] loop=global plan_v=2 C2 type=target_service target=17 station_ord=0 planned_finish=401.27 actual_finish=401.27 dev=+0.00 injected=0.0
[charge_scheduler-1] [INFO] [1785770447.293614938] [charge_scheduler]: [执行事件] loop=global plan_v=2 C2 type=final_return target=-1 station_ord=0 planned_finish=403.20 actual_finish=403.20 dev=+0.00 injected=0.0
[charge_scheduler-1] [INFO] [1785770447.293620282] [charge_scheduler]: [执行事件] loop=global plan_v=2 C1 type=target_service target=14 station_ord=0 planned_finish=431.76 actual_finish=431.76 dev=+0.00 injected=0.0
[charge_scheduler-1] [INFO] [1785770447.293625600] [charge_scheduler]: [执行事件] loop=global plan_v=2 C1 type=final_return target=-1 station_ord=0 planned_finish=436.03 actual_finish=436.03 dev=+0.00 injected=0.0
[charge_scheduler-1] [INFO] [1785770447.293639359] [charge_scheduler]: ★闭环实验结果 mode=open M=30 K=3 disturbance=target delay=60.0 seed=2 N_late=18 T_overtime=829.463 C_total=7366.145 makespan=440.039 served=30 energy_viol=2 reschedules=0 reschedule_ms=0.000 changed_assign=0 changed_order=0 applied_target=2 applied_station=0 initial_solve_ms=48420.808 objective_order=Tover,Nlate,Ctotal
[charge_scheduler-1] [INFO] [1785770447.293649738] [charge_scheduler]: ★闭环实验结果 mode=fixed M=30 K=3 disturbance=target delay=60.0 seed=2 N_late=16 T_overtime=844.303 C_total=7071.696 makespan=430.402 served=30 energy_viol=0 reschedules=2 reschedule_ms=605.761 changed_assign=0 changed_order=26 applied_target=2 applied_station=0 initial_solve_ms=48420.808 objective_order=Tover,Nlate,Ctotal
[charge_scheduler-1] [INFO] [1785770447.293660225] [charge_scheduler]: ★闭环实验收益 policy=fixed M=30 K=3 disturbance=target delay=60.0 seed=2 recovered_late=2 overtime_reduction=-14.839 distance_delta=-294.449 makespan_reduction=9.637
[charge_scheduler-1] [INFO] [1785770447.293666612] [charge_scheduler]: ★闭环实验结果 mode=closed M=30 K=3 disturbance=target delay=60.0 seed=2 N_late=18 T_overtime=769.571 C_total=6771.960 makespan=436.029 served=30 energy_viol=0 reschedules=2 reschedule_ms=3369.135 changed_assign=19 changed_order=24 applied_target=2 applied_station=0 initial_solve_ms=48420.808 objective_order=Tover,Nlate,Ctotal
[charge_scheduler-1] [INFO] [1785770447.293674113] [charge_scheduler]: ★闭环实验收益 policy=closed M=30 K=3 disturbance=target delay=60.0 seed=2 recovered_late=0 overtime_reduction=59.892 distance_delta=-594.185 makespan_reduction=4.010
