[INFO] [launch]: All log files can be found below /root/.ros/log/2026-08-03-15-56-04-394949-YYYY-75126
[INFO] [launch]: Default logging verbosity is set to INFO
[INFO] [charge_scheduler-1]: process started with pid [75130]
[charge_scheduler-1] [INFO] [1785772564.527143998] [charge_scheduler]: [目标顺序] objective_order=Tover,Nlate,Ctotal
[charge_scheduler-1] [INFO] [1785772564.528227447] [charge_scheduler]: [Scheduler] 30辆车 | 电池800.0kWh(20%=160.0 80%=640.0) | 充电360kW效率97% | 行驶0.6kWh/km | 桩350kW
[charge_scheduler-1] [INFO] [1785772564.528282062] [charge_scheduler]: [Scheduler] 站端周转: 换电 10 min(换后满电) | 单趟可用 640 kWh
[charge_scheduler-1] [INFO] [1785772564.528291442] [charge_scheduler]:   车#0 [电动装载机282|light] 位置(3889.6,73764.7) 容量282kWh 剩余35% | α=6→6min/% τ=168min → 需130.8kWh(充21.2min)
[charge_scheduler-1] [INFO] [1785772564.528306393] [charge_scheduler]:   车#1 [重型叉车|light] 位置(3778.9,73807.0) 容量200kWh 剩余20% | α=6→6min/% τ=96min → 需123.7kWh(充20.0min)
[charge_scheduler-1] [INFO] [1785772564.528319700] [charge_scheduler]:   车#2 [电动装载机350|light] 位置(3794.9,73804.6) 容量350kWh 剩余50% | α=6→6min/% τ=288min → 需108.2kWh(充17.5min)
[charge_scheduler-1] [INFO] [1785772564.528331820] [charge_scheduler]:   车#3 [重型叉车|light] 位置(3806.9,73760.3) 容量200kWh 剩余10% | α=6→6min/% τ=32min → 需144.3kWh(充23.3min)
[charge_scheduler-1] [INFO] [1785772564.528344297] [charge_scheduler]:   车#4 [电动装载机282|heavy→降级] 位置(3705.1,73758.2) 容量282kWh 剩余60% | α=3→6min/% τ=212min → 需58.1kWh(充9.4min)
[charge_scheduler-1] [INFO] [1785772564.528357360] [charge_scheduler]:   车#5 [电动装载机350|light] 位置(3756.5,73770.2) 容量350kWh 剩余25% | α=6→6min/% τ=128min → 需198.5kWh(充32.1min)
[charge_scheduler-1] [INFO] [1785772564.528370196] [charge_scheduler]:   车#6 [电动装载机350|heavy→降级] 位置(3887.4,73809.4) 容量350kWh 剩余40% | α=4→6min/% τ=176min → 需144.3kWh(充23.3min)
[charge_scheduler-1] [INFO] [1785772564.528382354] [charge_scheduler]:   车#7 [重型叉车|light] 位置(3899.0,73786.6) 容量200kWh 剩余15% | α=6→6min/% τ=64min → 需134.0kWh(充21.7min)
[charge_scheduler-1] [INFO] [1785772564.528393268] [charge_scheduler]:   车#8 [电动装载机282|heavy→降级] 位置(3689.7,73663.1) 容量282kWh 剩余55% | α=3→6min/% τ=196min → 需72.7kWh(充11.8min)
[charge_scheduler-1] [INFO] [1785772564.528404227] [charge_scheduler]:   车#9 [电动装载机282|heavy→降级] 位置(3748.4,73767.2) 容量282kWh 剩余30% | α=3→6min/% τ=116min → 需145.4kWh(充23.5min)
[charge_scheduler-1] [INFO] [1785772564.528418612] [charge_scheduler]:   车#10 [电动装载机282|light] 位置(3865.2,73751.0) 容量282kWh 剩余45% | α=6→6min/% τ=224min → 需101.8kWh(充16.4min)
[charge_scheduler-1] [INFO] [1785772564.528429942] [charge_scheduler]:   车#11 [电动装载机350|light] 位置(3785.0,73749.2) 容量350kWh 剩余18% | α=6→6min/% τ=83min → 需223.7kWh(充36.2min)
[charge_scheduler-1] [INFO] [1785772564.528440990] [charge_scheduler]:   车#12 [重型叉车|heavy→降级] 位置(3811.5,73799.9) 容量200kWh 剩余62% | α=3→6min/% τ=230min → 需37.1kWh(充6.0min)
[charge_scheduler-1] [INFO] [1785772564.528453422] [charge_scheduler]:   车#13 [电动装载机282|light] 位置(3810.8,73773.1) 容量282kWh 剩余28% | α=6→6min/% τ=129min → 需151.2kWh(充24.4min)
[charge_scheduler-1] [INFO] [1785772564.528465760] [charge_scheduler]:   车#14 [电动装载机350|light] 位置(3905.0,73793.5) 容量350kWh 剩余52% | α=6→6min/% τ=301min → 需101.0kWh(充16.3min)
[charge_scheduler-1] [INFO] [1785772564.528477105] [charge_scheduler]:   车#15 [重型叉车|light] 位置(3894.3,73756.9) 容量200kWh 剩余12% | α=6→6min/% τ=45min → 需140.2kWh(充22.7min)
[charge_scheduler-1] [INFO] [1785772564.528489981] [charge_scheduler]:   车#16 [电动装载机282|light] 位置(3818.5,73716.2) 容量282kWh 剩余38% | α=6→6min/% τ=185min → 需122.1kWh(充19.7min)
[charge_scheduler-1] [INFO] [1785772564.528504342] [charge_scheduler]:   车#17 [电动装载机350|light] 位置(3733.2,73772.4) 容量350kWh 剩余58% | α=6→6min/% τ=339min → 需79.4kWh(充12.8min)
[charge_scheduler-1] [INFO] [1785772564.528517094] [charge_scheduler]:   车#18 [重型叉车|heavy→降级] 位置(3764.7,73699.0) 容量200kWh 剩余22% | α=3→6min/% τ=102min → 需119.6kWh(充19.3min)
[charge_scheduler-1] [INFO] [1785772564.528528581] [charge_scheduler]:   车#19 [电动装载机282|light] 位置(3878.4,73747.9) 容量282kWh 剩余48% | α=6→6min/% τ=241min → 需93.0kWh(充15.0min)
[charge_scheduler-1] [INFO] [1785772564.528573858] [charge_scheduler]:   车#20 [电动装载机350|light] 位置(3740.3,73686.9) 容量350kWh 剩余33% | α=6→6min/% τ=179min → 需169.6kWh(充27.4min)
[charge_scheduler-1] [INFO] [1785772564.528586194] [charge_scheduler]:   车#21 [重型叉车|heavy→降级] 位置(3895.4,73811.9) 容量200kWh 剩余65% | α=3→6min/% τ=240min → 需30.9kWh(充5.0min)
[charge_scheduler-1] [INFO] [1785772564.528596893] [charge_scheduler]:   车#22 [电动装载机282|light] 位置(3876.0,73830.2) 容量282kWh 剩余16% | α=6→6min/% τ=62min → 需186.1kWh(充30.1min)
[charge_scheduler-1] [INFO] [1785772564.528608193] [charge_scheduler]:   车#23 [电动装载机350|light] 位置(3765.9,73790.3) 容量350kWh 剩余42% | α=6→6min/% τ=237min → 需137.1kWh(充22.2min)
[charge_scheduler-1] [INFO] [1785772564.528621425] [charge_scheduler]:   车#24 [重型叉车|heavy→降级] 位置(3637.1,73698.1) 容量200kWh 剩余25% | α=3→6min/% τ=112min → 需113.4kWh(充18.3min)
[charge_scheduler-1] [INFO] [1785772564.528633719] [charge_scheduler]:   车#25 [电动装载机282|light] 位置(3884.5,73833.1) 容量282kWh 剩余55% | α=6→6min/% τ=280min → 需72.7kWh(充11.8min)
[charge_scheduler-1] [INFO] [1785772564.528645273] [charge_scheduler]:   车#26 [电动装载机350|light] 位置(3699.3,73765.4) 容量350kWh 剩余30% | α=6→6min/% τ=160min → 需180.4kWh(充29.2min)
[charge_scheduler-1] [INFO] [1785772564.528658135] [charge_scheduler]:   车#27 [重型叉车|heavy→降级] 位置(3800.8,73717.7) 容量200kWh 剩余68% | α=3→6min/% τ=250min → 需24.7kWh(充4.0min)
[charge_scheduler-1] [INFO] [1785772564.528670305] [charge_scheduler]:   车#28 [电动装载机282|light] 位置(3825.0,73792.7) 容量282kWh 剩余20% | α=6→6min/% τ=84min → 需174.4kWh(充28.2min)
[charge_scheduler-1] [INFO] [1785772564.528682356] [charge_scheduler]:   车#29 [电动装载机350|light] 位置(3784.3,73759.0) 容量350kWh 剩余36% | α=6→6min/% τ=198min → 需158.8kWh(充25.7min)
[charge_scheduler-1] [INFO] [1785772564.540223549] [charge_scheduler]: [Scheduler] 闭环接口: threshold=10.0min | event_sim=on | policy=all | structured_feedback=optional (/task_planner/execution_event)
[charge_scheduler-1] [INFO] [1785772564.540281030] [charge_scheduler]: [Scheduler] 已启动, 等待地图...
[charge_scheduler-1] [INFO] [1785772564.540293024] [charge_scheduler]: [Scheduler] 充电车1接口: sequence/served/arrived_target/arrived_station/return_goal/task_complete 后缀=_1
[charge_scheduler-1] [INFO] [1785772564.540304057] [charge_scheduler]: [Scheduler] 充电车2接口: sequence/served/arrived_target/arrived_station/return_goal/task_complete 后缀=_2
[charge_scheduler-1] [INFO] [1785772564.540316920] [charge_scheduler]: [Scheduler] 充电车3接口: sequence/served/arrived_target/arrived_station/return_goal/task_complete 后缀=_3
[charge_scheduler-1] [INFO] [1785772564.636494804] [charge_scheduler]: [Scheduler] RoutingGraph 就绪
[charge_scheduler-1] [INFO] [1785772564.636989155] [charge_scheduler]: [Scheduler] 提取到 0 条虚线捷径
[charge_scheduler-1] [INFO] [1785772564.663106686] [charge_scheduler]: [Scheduler] 下层兼容增强图: 190 节点, 0 条虚线掉头边
[charge_scheduler-1] [INFO] [1785772585.405011994] [charge_scheduler]: [Scheduler] 距离矩阵完成 31x31, 20741.9 ms | 模式=maneuver | 真实不可达=0 抽象不可达=0 | 缺少对向投影节点=0 | 对向识别(ID/几何/法向)=0/0/0 | 单向驿站投影=0
[charge_scheduler-1] [INFO] [1785772585.405074240] [charge_scheduler]:   ✓ 比值自检：930 个 OD 满足 机动/直线≥1 | 均值=4.11 最大=62.63 (车#0→车#15)
[charge_scheduler-1] [INFO] [1785772585.405086683] [charge_scheduler]: [Scheduler] 地图就绪, 190 条 lanelet（与下层一致）
[charge_scheduler-1] [INFO] [1785772585.405133845] [charge_scheduler]: ======== 开始VRPTW调度 30 辆车 ========
[charge_scheduler-1] [INFO] [1785772585.405138883] [charge_scheduler]:   规模30>8 → 启发式(alns)
[charge_scheduler-1] [INFO] [1785772633.942861767] [charge_scheduler]: [ALNS] objective_order=Tover,Nlate,Ctotal seed=2 iters=15000 | N_late=14(成功率53.3%) T_overtime=222.0min C_total=7366.1m | 趟数=12 makespan=386.1min
[charge_scheduler-1] [INFO] [1785772633.942904570] [charge_scheduler]:   求解耗时 48537.8 ms
[charge_scheduler-1] [INFO] [1785772633.942912227] [charge_scheduler]: ════════ 调度结果 ════════
[charge_scheduler-1] [INFO] [1785772633.942917853] [charge_scheduler]:   ★目标(字典序): objective_order=Tover,Nlate,Ctotal | N_late=14 辆 (按时成功率 16/30 = 53.3%)  T_overtime=222.0min  C_total=7366.1m
[charge_scheduler-1] [INFO] [1785772633.942950628] [charge_scheduler]:   附: 趟数=12 | makespan=386.1min | 能量可行=是
[charge_scheduler-1] [INFO] [1785772633.942962566] [charge_scheduler]:   [充电车3] 趟1: 站 → 车#4(到2.1/限212.0✓) → 车#8(到15.3/限196.0✓) → 车#27(到31.3/限249.6✓) → 车#7(到40.7/限64.0✓) → 车#22(到65.3/限61.6✗超时) → 站
[charge_scheduler-1] [INFO] [1785772633.942969971] [charge_scheduler]:   [充电车2] 趟2: 站 → 车#9(到1.2/限116.0✓) → 车#1(到25.8/限96.0✓) → 车#28(到48.2/限84.0✓) → 车#18(到84.0/限102.4✓) → 站
[charge_scheduler-1] [INFO] [1785772633.942976371] [charge_scheduler]:   [充电车1] 趟3: 站 → 车#12(到2.3/限230.4✓) → 车#21(到10.6/限240.0✓) → 车#15(到17.7/限44.8✓) → 车#3(到43.1/限32.0✗超时) → 车#11(到68.6/限83.2✓) → 站
[charge_scheduler-1] [INFO] [1785772633.942981617] [charge_scheduler]:   [充电车1] 趟4: 站 → 车#13(到124.2/限128.8✓) → 车#16(到160.6/限184.8✓) → 站
[charge_scheduler-1] [INFO] [1785772633.942987478] [charge_scheduler]:   [充电车2] 趟5: 站 → 车#5(到123.2/限128.0✓) → 车#26(到169.0/限160.0✗超时) → 站
[charge_scheduler-1] [INFO] [1785772633.942992581] [charge_scheduler]:   [充电车3] 趟6: 站 → 车#24(到117.7/限112.0✗超时) → 车#0(到148.1/限168.0✓) → 车#6(到182.7/限176.0✗超时) → 站
[charge_scheduler-1] [INFO] [1785772633.942997154] [charge_scheduler]:   [充电车1] 趟7: 站 → 车#20(到208.2/限179.2✗超时) → 车#19(到258.0/限240.8✗超时) → 站
[charge_scheduler-1] [INFO] [1785772633.943001541] [charge_scheduler]:   [充电车2] 趟8: 站 → 车#10(到228.1/限224.0✗超时) → 车#23(到267.2/限236.8✗超时) → 站
[charge_scheduler-1] [INFO] [1785772633.943005878] [charge_scheduler]:   [充电车3] 趟9: 站 → 车#29(到242.2/限198.4✗超时) → 车#25(到288.7/限280.0✗超时) → 站
[charge_scheduler-1] [INFO] [1785772633.943010292] [charge_scheduler]:   [充电车1] 趟10: 站 → 车#2(到312.6/限288.0✗超时) → 站
[charge_scheduler-1] [INFO] [1785772633.943014330] [charge_scheduler]:   [充电车2] 趟11: 站 → 车#14(到327.6/限300.8✗超时) → 站
[charge_scheduler-1] [INFO] [1785772633.943018283] [charge_scheduler]:   [充电车3] 趟12: 站 → 车#17(到340.5/限339.2✗超时) → 站
[charge_scheduler-1] [INFO] [1785772633.943021749] [charge_scheduler]: ════════════════════════
[charge_scheduler-1] [INFO] [1785772633.943081151] [charge_scheduler]: [扰动清单] type=station delay=60.0min targets={} station={C2-S1,C3-S1,}
[charge_scheduler-1] [INFO] [1785772633.943097167] [charge_scheduler]: [执行事件] loop=open plan_v=0 C1 type=target_service target=12 station_ord=0 planned_finish=8.50 actual_finish=8.50 dev=+0.00 injected=0.0
[charge_scheduler-1] [INFO] [1785772633.943104271] [charge_scheduler]: [执行事件] loop=open plan_v=0 C3 type=target_service target=4 station_ord=0 planned_finish=11.77 actual_finish=11.77 dev=+0.00 injected=0.0
[charge_scheduler-1] [INFO] [1785772633.943110352] [charge_scheduler]: [执行事件] loop=open plan_v=0 C1 type=target_service target=21 station_ord=0 planned_finish=16.66 actual_finish=16.66 dev=+0.00 injected=0.0
[charge_scheduler-1] [INFO] [1785772633.943116000] [charge_scheduler]: [执行事件] loop=open plan_v=0 C2 type=target_service target=9 station_ord=0 planned_finish=24.86 actual_finish=24.86 dev=+0.00 injected=0.0
[charge_scheduler-1] [INFO] [1785772633.943121506] [charge_scheduler]: [执行事件] loop=open plan_v=0 C3 type=target_service target=8 station_ord=0 planned_finish=29.29 actual_finish=29.29 dev=+0.00 injected=0.0
[charge_scheduler-1] [INFO] [1785772633.943126966] [charge_scheduler]: [执行事件] loop=open plan_v=0 C3 type=target_service target=27 station_ord=0 planned_finish=38.54 actual_finish=38.54 dev=+0.00 injected=0.0
[charge_scheduler-1] [INFO] [1785772633.943132461] [charge_scheduler]: [执行事件] loop=open plan_v=0 C1 type=target_service target=15 station_ord=0 planned_finish=41.31 actual_finish=41.31 dev=+0.00 injected=0.0
[charge_scheduler-1] [INFO] [1785772633.943137942] [charge_scheduler]: [执行事件] loop=open plan_v=0 C2 type=target_service target=1 station_ord=0 planned_finish=47.17 actual_finish=47.17 dev=+0.00 injected=0.0
[charge_scheduler-1] [INFO] [1785772633.943144228] [charge_scheduler]: [执行事件] loop=open plan_v=0 C3 type=target_service target=7 station_ord=0 planned_finish=64.46 actual_finish=64.46 dev=+0.00 injected=0.0
[charge_scheduler-1] [INFO] [1785772633.943153181] [charge_scheduler]: [执行事件] loop=open plan_v=0 C1 type=target_service target=3 station_ord=0 planned_finish=68.11 actual_finish=68.11 dev=+0.00 injected=0.0
[charge_scheduler-1] [INFO] [1785772633.943158593] [charge_scheduler]: [执行事件] loop=open plan_v=0 C2 type=target_service target=28 station_ord=0 planned_finish=80.40 actual_finish=80.40 dev=+0.00 injected=0.0
[charge_scheduler-1] [INFO] [1785772633.943164107] [charge_scheduler]: [执行事件] loop=open plan_v=0 C3 type=target_service target=22 station_ord=0 planned_finish=100.53 actual_finish=100.53 dev=+0.00 injected=0.0
[charge_scheduler-1] [INFO] [1785772633.943171299] [charge_scheduler]: [执行事件] loop=open plan_v=0 C2 type=target_service target=18 station_ord=0 planned_finish=108.01 actual_finish=108.01 dev=+0.00 injected=0.0
[charge_scheduler-1] [INFO] [1785772633.943177303] [charge_scheduler]: [执行事件] loop=open plan_v=0 C1 type=target_service target=11 station_ord=0 planned_finish=111.00 actual_finish=111.00 dev=+0.00 injected=0.0
[charge_scheduler-1] [INFO] [1785772633.943182927] [charge_scheduler]: [执行事件] loop=open plan_v=0 C1 type=station_turnaround target=-1 station_ord=1 planned_finish=122.54 actual_finish=122.54 dev=+0.00 injected=0.0
[charge_scheduler-1] [INFO] [1785772633.943188665] [charge_scheduler]: [执行事件] loop=open plan_v=0 C1 type=target_service target=13 station_ord=0 planned_finish=159.09 actual_finish=159.09 dev=+0.00 injected=0.0
[charge_scheduler-1] [INFO] [1785772633.943194391] [charge_scheduler]: [执行事件] loop=open plan_v=0 C3 type=station_turnaround target=-1 station_ord=1 planned_finish=114.70 actual_finish=174.70 dev=+60.00 injected=60.0
[charge_scheduler-1] [INFO] [1785772633.943200218] [charge_scheduler]: [执行事件] loop=open plan_v=0 C2 type=station_turnaround target=-1 station_ord=1 planned_finish=120.05 actual_finish=180.05 dev=+60.00 injected=60.0
[charge_scheduler-1] [INFO] [1785772633.943205993] [charge_scheduler]: [执行事件] loop=open plan_v=0 C1 type=target_service target=16 station_ord=0 planned_finish=193.85 actual_finish=193.85 dev=+0.00 injected=0.0
[charge_scheduler-1] [INFO] [1785772633.943211704] [charge_scheduler]: [执行事件] loop=open plan_v=0 C3 type=target_service target=24 station_ord=0 planned_finish=142.69 actual_finish=202.69 dev=+60.00 injected=0.0
[charge_scheduler-1] [INFO] [1785772633.943217253] [charge_scheduler]: [执行事件] loop=open plan_v=0 C1 type=station_turnaround target=-1 station_ord=2 planned_finish=206.17 actual_finish=206.17 dev=+0.00 injected=0.0
[charge_scheduler-1] [INFO] [1785772633.943222791] [charge_scheduler]: [执行事件] loop=open plan_v=0 C2 type=target_service target=5 station_ord=0 planned_finish=166.56 actual_finish=226.99 dev=+60.43 injected=0.0
[charge_scheduler-1] [INFO] [1785772633.943228503] [charge_scheduler]: [执行事件] loop=open plan_v=0 C3 type=target_service target=0 station_ord=0 planned_finish=181.65 actual_finish=243.32 dev=+61.67 injected=0.0
[charge_scheduler-1] [INFO] [1785772633.943234416] [charge_scheduler]: [执行事件] loop=open plan_v=0 C1 type=target_service target=20 station_ord=0 planned_finish=251.99 actual_finish=251.99 dev=+0.00 injected=0.0
[charge_scheduler-1] [INFO] [1785772633.943239947] [charge_scheduler]: [执行事件] loop=open plan_v=0 C2 type=target_service target=26 station_ord=0 planned_finish=212.71 actual_finish=273.14 dev=+60.43 injected=0.0
[charge_scheduler-1] [INFO] [1785772633.943252730] [charge_scheduler]: [执行事件] loop=open plan_v=0 C2 type=station_turnaround target=-1 station_ord=2 planned_finish=225.33 actual_finish=285.76 dev=+60.43 injected=0.0
[charge_scheduler-1] [INFO] [1785772633.943258644] [charge_scheduler]: [执行事件] loop=open plan_v=0 C3 type=target_service target=6 station_ord=0 planned_finish=226.42 actual_finish=288.09 dev=+61.67 injected=0.0
[charge_scheduler-1] [INFO] [1785772633.943264607] [charge_scheduler]: [执行事件] loop=open plan_v=0 C1 type=target_service target=19 station_ord=0 planned_finish=293.26 actual_finish=293.26 dev=+0.00 injected=0.0
[charge_scheduler-1] [INFO] [1785772633.943271357] [charge_scheduler]: [执行事件] loop=open plan_v=0 C3 type=station_turnaround target=-1 station_ord=2 planned_finish=240.94 actual_finish=302.61 dev=+61.67 injected=0.0
[charge_scheduler-1] [INFO] [1785772633.943280250] [charge_scheduler]: [执行事件] loop=open plan_v=0 C1 type=station_turnaround target=-1 station_ord=3 planned_finish=306.59 actual_finish=306.59 dev=+0.00 injected=0.0
[charge_scheduler-1] [INFO] [1785772633.943285844] [charge_scheduler]: [执行事件] loop=open plan_v=0 C2 type=target_service target=10 station_ord=0 planned_finish=263.38 actual_finish=323.81 dev=+60.43 injected=0.0
[charge_scheduler-1] [INFO] [1785772633.943291479] [charge_scheduler]: [执行事件] loop=open plan_v=0 C3 type=target_service target=29 station_ord=0 planned_finish=285.91 actual_finish=347.58 dev=+61.67 injected=0.0
[charge_scheduler-1] [INFO] [1785772633.943297142] [charge_scheduler]: [执行事件] loop=open plan_v=0 C1 type=target_service target=2 station_ord=0 planned_finish=356.38 actual_finish=356.38 dev=+0.00 injected=0.0
[charge_scheduler-1] [INFO] [1785772633.943302734] [charge_scheduler]: [执行事件] loop=open plan_v=0 C1 type=final_return target=-1 station_ord=0 planned_finish=359.03 actual_finish=359.03 dev=+0.00 injected=0.0
[charge_scheduler-1] [INFO] [1785772633.943308122] [charge_scheduler]: [执行事件] loop=open plan_v=0 C2 type=target_service target=23 station_ord=0 planned_finish=310.93 actual_finish=371.36 dev=+60.43 injected=0.0
[charge_scheduler-1] [INFO] [1785772633.943313699] [charge_scheduler]: [执行事件] loop=open plan_v=0 C2 type=station_turnaround target=-1 station_ord=3 planned_finish=323.07 actual_finish=383.50 dev=+60.43 injected=0.0
[charge_scheduler-1] [INFO] [1785772633.943319389] [charge_scheduler]: [执行事件] loop=open plan_v=0 C3 type=target_service target=25 station_ord=0 planned_finish=323.91 actual_finish=385.58 dev=+61.67 injected=0.0
[charge_scheduler-1] [INFO] [1785772633.943324937] [charge_scheduler]: [执行事件] loop=open plan_v=0 C3 type=station_turnaround target=-1 station_ord=3 planned_finish=338.84 actual_finish=400.52 dev=+61.67 injected=0.0
[charge_scheduler-1] [INFO] [1785772633.943330438] [charge_scheduler]: [执行事件] loop=open plan_v=0 C2 type=target_service target=14 station_ord=0 planned_finish=371.37 actual_finish=431.81 dev=+60.43 injected=0.0
[charge_scheduler-1] [INFO] [1785772633.943335892] [charge_scheduler]: [执行事件] loop=open plan_v=0 C2 type=final_return target=-1 station_ord=0 planned_finish=375.64 actual_finish=436.07 dev=+60.43 injected=0.0
[charge_scheduler-1] [INFO] [1785772633.943341402] [charge_scheduler]: [执行事件] loop=open plan_v=0 C3 type=target_service target=17 station_ord=0 planned_finish=384.21 actual_finish=445.88 dev=+61.67 injected=0.0
[charge_scheduler-1] [INFO] [1785772633.943346721] [charge_scheduler]: [执行事件] loop=open plan_v=0 C3 type=final_return target=-1 station_ord=0 planned_finish=386.14 actual_finish=447.81 dev=+61.67 injected=0.0
[charge_scheduler-1] [INFO] [1785772633.943360254] [charge_scheduler]: [执行事件] loop=fixed plan_v=0 C1 type=target_service target=12 station_ord=0 planned_finish=8.50 actual_finish=8.50 dev=+0.00 injected=0.0
[charge_scheduler-1] [INFO] [1785772633.943366095] [charge_scheduler]: [执行事件] loop=fixed plan_v=0 C3 type=target_service target=4 station_ord=0 planned_finish=11.77 actual_finish=11.77 dev=+0.00 injected=0.0
[charge_scheduler-1] [INFO] [1785772633.943371673] [charge_scheduler]: [执行事件] loop=fixed plan_v=0 C1 type=target_service target=21 station_ord=0 planned_finish=16.66 actual_finish=16.66 dev=+0.00 injected=0.0
[charge_scheduler-1] [INFO] [1785772633.943377314] [charge_scheduler]: [执行事件] loop=fixed plan_v=0 C2 type=target_service target=9 station_ord=0 planned_finish=24.86 actual_finish=24.86 dev=+0.00 injected=0.0
[charge_scheduler-1] [INFO] [1785772633.943383943] [charge_scheduler]: [执行事件] loop=fixed plan_v=0 C3 type=target_service target=8 station_ord=0 planned_finish=29.29 actual_finish=29.29 dev=+0.00 injected=0.0
[charge_scheduler-1] [INFO] [1785772633.943389836] [charge_scheduler]: [执行事件] loop=fixed plan_v=0 C3 type=target_service target=27 station_ord=0 planned_finish=38.54 actual_finish=38.54 dev=+0.00 injected=0.0
[charge_scheduler-1] [INFO] [1785772633.943395335] [charge_scheduler]: [执行事件] loop=fixed plan_v=0 C1 type=target_service target=15 station_ord=0 planned_finish=41.31 actual_finish=41.31 dev=+0.00 injected=0.0
[charge_scheduler-1] [INFO] [1785772633.943401304] [charge_scheduler]: [执行事件] loop=fixed plan_v=0 C2 type=target_service target=1 station_ord=0 planned_finish=47.17 actual_finish=47.17 dev=+0.00 injected=0.0
[charge_scheduler-1] [INFO] [1785772633.943408545] [charge_scheduler]: [执行事件] loop=fixed plan_v=0 C3 type=target_service target=7 station_ord=0 planned_finish=64.46 actual_finish=64.46 dev=+0.00 injected=0.0
[charge_scheduler-1] [INFO] [1785772633.943414362] [charge_scheduler]: [执行事件] loop=fixed plan_v=0 C1 type=target_service target=3 station_ord=0 planned_finish=68.11 actual_finish=68.11 dev=+0.00 injected=0.0
[charge_scheduler-1] [INFO] [1785772633.943420697] [charge_scheduler]: [执行事件] loop=fixed plan_v=0 C2 type=target_service target=28 station_ord=0 planned_finish=80.40 actual_finish=80.40 dev=+0.00 injected=0.0
[charge_scheduler-1] [INFO] [1785772633.943428942] [charge_scheduler]: [执行事件] loop=fixed plan_v=0 C3 type=target_service target=22 station_ord=0 planned_finish=100.53 actual_finish=100.53 dev=+0.00 injected=0.0
[charge_scheduler-1] [INFO] [1785772633.943434921] [charge_scheduler]: [执行事件] loop=fixed plan_v=0 C2 type=target_service target=18 station_ord=0 planned_finish=108.01 actual_finish=108.01 dev=+0.00 injected=0.0
[charge_scheduler-1] [INFO] [1785772633.943440688] [charge_scheduler]: [执行事件] loop=fixed plan_v=0 C1 type=target_service target=11 station_ord=0 planned_finish=111.00 actual_finish=111.00 dev=+0.00 injected=0.0
[charge_scheduler-1] [INFO] [1785772633.943446184] [charge_scheduler]: [执行事件] loop=fixed plan_v=0 C1 type=station_turnaround target=-1 station_ord=1 planned_finish=122.54 actual_finish=122.54 dev=+0.00 injected=0.0
[charge_scheduler-1] [INFO] [1785772633.943452052] [charge_scheduler]: [执行事件] loop=fixed plan_v=0 C1 type=target_service target=13 station_ord=0 planned_finish=159.09 actual_finish=159.09 dev=+0.00 injected=0.0
[charge_scheduler-1] [INFO] [1785772633.943457858] [charge_scheduler]: [执行事件] loop=fixed plan_v=0 C3 type=station_turnaround target=-1 station_ord=1 planned_finish=114.70 actual_finish=174.70 dev=+60.00 injected=60.0
[charge_scheduler-1] [WARN] [1785772634.248573260] [charge_scheduler]: [重调度事件] policy=fixed #1 t=174.70min trigger=C3/station_turnaround dev=+60.00 pool=14 committed=1 plan_v=1 solve_ms=305.1 changed_assign=0 changed_order=11
[charge_scheduler-1] [INFO] [1785772634.248623890] [charge_scheduler]: [执行事件] loop=fixed plan_v=0 C2 type=station_turnaround target=-1 station_ord=1 planned_finish=120.05 actual_finish=180.05 dev=+60.00 injected=60.0
[charge_scheduler-1] [WARN] [1785772634.509136768] [charge_scheduler]: [重调度事件] policy=fixed #2 t=180.05min trigger=C2/station_turnaround dev=+60.00 pool=13 committed=2 plan_v=2 solve_ms=260.5 changed_assign=0 changed_order=0
[charge_scheduler-1] [INFO] [1785772634.509188582] [charge_scheduler]: [执行事件] loop=fixed plan_v=0 C1 type=target_service target=16 station_ord=0 planned_finish=193.85 actual_finish=193.85 dev=+0.00 injected=0.0
[charge_scheduler-1] [INFO] [1785772634.509199499] [charge_scheduler]: [执行事件] loop=fixed plan_v=1 C3 type=target_service target=24 station_ord=0 planned_finish=202.69 actual_finish=202.69 dev=+0.00 injected=0.0
[charge_scheduler-1] [INFO] [1785772634.509205676] [charge_scheduler]: [执行事件] loop=fixed plan_v=2 C1 type=station_turnaround target=-1 station_ord=2 planned_finish=206.17 actual_finish=206.17 dev=+0.00 injected=0.0
[charge_scheduler-1] [INFO] [1785772634.509211682] [charge_scheduler]: [执行事件] loop=fixed plan_v=2 C2 type=target_service target=26 station_ord=0 planned_finish=226.00 actual_finish=226.00 dev=+0.00 injected=0.0
[charge_scheduler-1] [INFO] [1785772634.509217664] [charge_scheduler]: [执行事件] loop=fixed plan_v=2 C3 type=target_service target=29 station_ord=0 planned_finish=250.93 actual_finish=250.93 dev=+0.00 injected=0.0
[charge_scheduler-1] [INFO] [1785772634.509223363] [charge_scheduler]: [执行事件] loop=fixed plan_v=2 C1 type=target_service target=20 station_ord=0 planned_finish=251.99 actual_finish=251.99 dev=+0.00 injected=0.0
[charge_scheduler-1] [INFO] [1785772634.509229097] [charge_scheduler]: [执行事件] loop=fixed plan_v=2 C2 type=target_service target=5 station_ord=0 planned_finish=270.84 actual_finish=270.84 dev=+0.00 injected=0.0
[charge_scheduler-1] [INFO] [1785772634.509235041] [charge_scheduler]: [执行事件] loop=fixed plan_v=2 C2 type=station_turnaround target=-1 station_ord=2 planned_finish=282.46 actual_finish=282.46 dev=+0.00 injected=0.0
[charge_scheduler-1] [INFO] [1785772634.509240800] [charge_scheduler]: [执行事件] loop=fixed plan_v=2 C3 type=target_service target=25 station_ord=0 planned_finish=286.72 actual_finish=286.72 dev=+0.00 injected=0.0
[charge_scheduler-1] [INFO] [1785772634.509275027] [charge_scheduler]: [执行事件] loop=fixed plan_v=2 C1 type=target_service target=19 station_ord=0 planned_finish=293.26 actual_finish=293.26 dev=+0.00 injected=0.0
[charge_scheduler-1] [INFO] [1785772634.509281150] [charge_scheduler]: [执行事件] loop=fixed plan_v=2 C3 type=station_turnaround target=-1 station_ord=2 planned_finish=301.66 actual_finish=301.66 dev=+0.00 injected=0.0
[charge_scheduler-1] [INFO] [1785772634.509286936] [charge_scheduler]: [执行事件] loop=fixed plan_v=2 C1 type=station_turnaround target=-1 station_ord=3 planned_finish=306.59 actual_finish=306.59 dev=+0.00 injected=0.0
[charge_scheduler-1] [INFO] [1785772634.509292527] [charge_scheduler]: [执行事件] loop=fixed plan_v=2 C2 type=target_service target=10 station_ord=0 planned_finish=320.51 actual_finish=320.51 dev=+0.00 injected=0.0
[charge_scheduler-1] [INFO] [1785772634.509298389] [charge_scheduler]: [执行事件] loop=fixed plan_v=2 C3 type=target_service target=0 station_ord=0 planned_finish=340.13 actual_finish=340.13 dev=+0.00 injected=0.0
[charge_scheduler-1] [INFO] [1785772634.509304124] [charge_scheduler]: [执行事件] loop=fixed plan_v=2 C1 type=target_service target=2 station_ord=0 planned_finish=356.38 actual_finish=356.38 dev=+0.00 injected=0.0
[charge_scheduler-1] [INFO] [1785772634.509309847] [charge_scheduler]: [执行事件] loop=fixed plan_v=2 C1 type=final_return target=-1 station_ord=0 planned_finish=359.03 actual_finish=359.03 dev=+0.00 injected=0.0
[charge_scheduler-1] [INFO] [1785772634.509315567] [charge_scheduler]: [执行事件] loop=fixed plan_v=2 C2 type=target_service target=23 station_ord=0 planned_finish=368.06 actual_finish=368.06 dev=+0.00 injected=0.0
[charge_scheduler-1] [INFO] [1785772634.509321229] [charge_scheduler]: [执行事件] loop=fixed plan_v=2 C2 type=station_turnaround target=-1 station_ord=3 planned_finish=380.20 actual_finish=380.20 dev=+0.00 injected=0.0
[charge_scheduler-1] [INFO] [1785772634.509327065] [charge_scheduler]: [执行事件] loop=fixed plan_v=2 C3 type=target_service target=6 station_ord=0 planned_finish=384.90 actual_finish=384.90 dev=+0.00 injected=0.0
[charge_scheduler-1] [INFO] [1785772634.509332684] [charge_scheduler]: [执行事件] loop=fixed plan_v=2 C3 type=station_turnaround target=-1 station_ord=3 planned_finish=399.42 actual_finish=399.42 dev=+0.00 injected=0.0
[charge_scheduler-1] [INFO] [1785772634.509338324] [charge_scheduler]: [执行事件] loop=fixed plan_v=2 C2 type=target_service target=14 station_ord=0 planned_finish=428.51 actual_finish=428.51 dev=+0.00 injected=0.0
[charge_scheduler-1] [INFO] [1785772634.509343802] [charge_scheduler]: [执行事件] loop=fixed plan_v=2 C2 type=final_return target=-1 station_ord=0 planned_finish=432.77 actual_finish=432.77 dev=+0.00 injected=0.0
[charge_scheduler-1] [INFO] [1785772634.509349327] [charge_scheduler]: [执行事件] loop=fixed plan_v=2 C3 type=target_service target=17 station_ord=0 planned_finish=444.78 actual_finish=444.78 dev=+0.00 injected=0.0
[charge_scheduler-1] [INFO] [1785772634.509354850] [charge_scheduler]: [执行事件] loop=fixed plan_v=2 C3 type=final_return target=-1 station_ord=0 planned_finish=446.71 actual_finish=446.71 dev=+0.00 injected=0.0
[charge_scheduler-1] [INFO] [1785772634.509374770] [charge_scheduler]: [执行事件] loop=global plan_v=0 C1 type=target_service target=12 station_ord=0 planned_finish=8.50 actual_finish=8.50 dev=+0.00 injected=0.0
[charge_scheduler-1] [INFO] [1785772634.509380994] [charge_scheduler]: [执行事件] loop=global plan_v=0 C3 type=target_service target=4 station_ord=0 planned_finish=11.77 actual_finish=11.77 dev=+0.00 injected=0.0
[charge_scheduler-1] [INFO] [1785772634.509386823] [charge_scheduler]: [执行事件] loop=global plan_v=0 C1 type=target_service target=21 station_ord=0 planned_finish=16.66 actual_finish=16.66 dev=+0.00 injected=0.0
[charge_scheduler-1] [INFO] [1785772634.509392555] [charge_scheduler]: [执行事件] loop=global plan_v=0 C2 type=target_service target=9 station_ord=0 planned_finish=24.86 actual_finish=24.86 dev=+0.00 injected=0.0
[charge_scheduler-1] [INFO] [1785772634.509398129] [charge_scheduler]: [执行事件] loop=global plan_v=0 C3 type=target_service target=8 station_ord=0 planned_finish=29.29 actual_finish=29.29 dev=+0.00 injected=0.0
[charge_scheduler-1] [INFO] [1785772634.509405924] [charge_scheduler]: [执行事件] loop=global plan_v=0 C3 type=target_service target=27 station_ord=0 planned_finish=38.54 actual_finish=38.54 dev=+0.00 injected=0.0
[charge_scheduler-1] [INFO] [1785772634.509411803] [charge_scheduler]: [执行事件] loop=global plan_v=0 C1 type=target_service target=15 station_ord=0 planned_finish=41.31 actual_finish=41.31 dev=+0.00 injected=0.0
[charge_scheduler-1] [INFO] [1785772634.509417395] [charge_scheduler]: [执行事件] loop=global plan_v=0 C2 type=target_service target=1 station_ord=0 planned_finish=47.17 actual_finish=47.17 dev=+0.00 injected=0.0
[charge_scheduler-1] [INFO] [1785772634.509423205] [charge_scheduler]: [执行事件] loop=global plan_v=0 C3 type=target_service target=7 station_ord=0 planned_finish=64.46 actual_finish=64.46 dev=+0.00 injected=0.0
[charge_scheduler-1] [INFO] [1785772634.509428743] [charge_scheduler]: [执行事件] loop=global plan_v=0 C1 type=target_service target=3 station_ord=0 planned_finish=68.11 actual_finish=68.11 dev=+0.00 injected=0.0
[charge_scheduler-1] [INFO] [1785772634.509434445] [charge_scheduler]: [执行事件] loop=global plan_v=0 C2 type=target_service target=28 station_ord=0 planned_finish=80.40 actual_finish=80.40 dev=+0.00 injected=0.0
[charge_scheduler-1] [INFO] [1785772634.509441101] [charge_scheduler]: [执行事件] loop=global plan_v=0 C3 type=target_service target=22 station_ord=0 planned_finish=100.53 actual_finish=100.53 dev=+0.00 injected=0.0
[charge_scheduler-1] [INFO] [1785772634.509447863] [charge_scheduler]: [执行事件] loop=global plan_v=0 C2 type=target_service target=18 station_ord=0 planned_finish=108.01 actual_finish=108.01 dev=+0.00 injected=0.0
[charge_scheduler-1] [INFO] [1785772634.509453846] [charge_scheduler]: [执行事件] loop=global plan_v=0 C1 type=target_service target=11 station_ord=0 planned_finish=111.00 actual_finish=111.00 dev=+0.00 injected=0.0
[charge_scheduler-1] [INFO] [1785772634.509459398] [charge_scheduler]: [执行事件] loop=global plan_v=0 C1 type=station_turnaround target=-1 station_ord=1 planned_finish=122.54 actual_finish=122.54 dev=+0.00 injected=0.0
[charge_scheduler-1] [INFO] [1785772634.509465918] [charge_scheduler]: [执行事件] loop=global plan_v=0 C1 type=target_service target=13 station_ord=0 planned_finish=159.09 actual_finish=159.09 dev=+0.00 injected=0.0
[charge_scheduler-1] [INFO] [1785772634.509471572] [charge_scheduler]: [执行事件] loop=global plan_v=0 C3 type=station_turnaround target=-1 station_ord=1 planned_finish=114.70 actual_finish=174.70 dev=+60.00 injected=60.0
[charge_scheduler-1] [WARN] [1785772635.816529983] [charge_scheduler]: [重调度事件] policy=global #1 t=174.70min trigger=C3/station_turnaround dev=+60.00 pool=14 committed=1 plan_v=1 solve_ms=1307.0 changed_assign=9 changed_order=12
[charge_scheduler-1] [INFO] [1785772635.816585090] [charge_scheduler]: [执行事件] loop=global plan_v=0 C2 type=station_turnaround target=-1 station_ord=1 planned_finish=120.05 actual_finish=180.05 dev=+60.00 injected=60.0
[charge_scheduler-1] [WARN] [1785772637.022131014] [charge_scheduler]: [重调度事件] policy=global #2 t=180.05min trigger=C2/station_turnaround dev=+60.00 pool=13 committed=2 plan_v=2 solve_ms=1205.5 changed_assign=2 changed_order=2
[charge_scheduler-1] [INFO] [1785772637.022174709] [charge_scheduler]: [执行事件] loop=global plan_v=0 C1 type=target_service target=16 station_ord=0 planned_finish=193.85 actual_finish=193.85 dev=+0.00 injected=0.0
[charge_scheduler-1] [INFO] [1785772637.022184055] [charge_scheduler]: [执行事件] loop=global plan_v=2 C2 type=target_service target=24 station_ord=0 planned_finish=208.03 actual_finish=208.03 dev=+0.00 injected=0.0
[charge_scheduler-1] [INFO] [1785772637.022190159] [charge_scheduler]: [执行事件] loop=global plan_v=1 C3 type=target_service target=26 station_ord=0 planned_finish=220.65 actual_finish=220.65 dev=+0.00 injected=0.0
[charge_scheduler-1] [INFO] [1785772637.022196020] [charge_scheduler]: [执行事件] loop=global plan_v=2 C1 type=target_service target=0 station_ord=0 planned_finish=232.71 actual_finish=232.71 dev=+0.00 injected=0.0
[charge_scheduler-1] [INFO] [1785772637.022208125] [charge_scheduler]: [执行事件] loop=global plan_v=2 C2 type=target_service target=10 station_ord=0 planned_finish=247.32 actual_finish=247.32 dev=+0.00 injected=0.0
[charge_scheduler-1] [INFO] [1785772637.022213999] [charge_scheduler]: [执行事件] loop=global plan_v=2 C1 type=station_turnaround target=-1 station_ord=2 planned_finish=248.18 actual_finish=248.18 dev=+0.00 injected=0.0
[charge_scheduler-1] [INFO] [1785772637.022252692] [charge_scheduler]: [执行事件] loop=global plan_v=2 C3 type=target_service target=5 station_ord=0 planned_finish=265.50 actual_finish=265.50 dev=+0.00 injected=0.0
[charge_scheduler-1] [INFO] [1785772637.022259565] [charge_scheduler]: [执行事件] loop=global plan_v=2 C3 type=station_turnaround target=-1 station_ord=2 planned_finish=277.12 actual_finish=277.12 dev=+0.00 injected=0.0
[charge_scheduler-1] [INFO] [1785772637.022265456] [charge_scheduler]: [执行事件] loop=global plan_v=2 C2 type=target_service target=23 station_ord=0 planned_finish=294.87 actual_finish=294.87 dev=+0.00 injected=0.0
[charge_scheduler-1] [INFO] [1785772637.022271376] [charge_scheduler]: [执行事件] loop=global plan_v=2 C1 type=target_service target=6 station_ord=0 planned_finish=296.07 actual_finish=296.07 dev=+0.00 injected=0.0
[charge_scheduler-1] [INFO] [1785772637.022299260] [charge_scheduler]: [执行事件] loop=global plan_v=2 C2 type=station_turnaround target=-1 station_ord=2 planned_finish=307.01 actual_finish=307.01 dev=+0.00 injected=0.0
[charge_scheduler-1] [INFO] [1785772637.022305029] [charge_scheduler]: [执行事件] loop=global plan_v=2 C3 type=target_service target=25 station_ord=0 planned_finish=316.25 actual_finish=316.25 dev=+0.00 injected=0.0
[charge_scheduler-1] [INFO] [1785772637.022310978] [charge_scheduler]: [执行事件] loop=global plan_v=2 C1 type=target_service target=2 station_ord=0 planned_finish=341.79 actual_finish=341.79 dev=+0.00 injected=0.0
[charge_scheduler-1] [INFO] [1785772637.022316832] [charge_scheduler]: [执行事件] loop=global plan_v=2 C2 type=target_service target=29 station_ord=0 planned_finish=351.98 actual_finish=351.98 dev=+0.00 injected=0.0
[charge_scheduler-1] [INFO] [1785772637.022322685] [charge_scheduler]: [执行事件] loop=global plan_v=2 C3 type=target_service target=19 station_ord=0 planned_finish=353.21 actual_finish=353.21 dev=+0.00 injected=0.0
[charge_scheduler-1] [INFO] [1785772637.022329386] [charge_scheduler]: [执行事件] loop=global plan_v=2 C1 type=station_turnaround target=-1 station_ord=3 planned_finish=354.43 actual_finish=354.43 dev=+0.00 injected=0.0
[charge_scheduler-1] [INFO] [1785772637.022335087] [charge_scheduler]: [执行事件] loop=global plan_v=2 C3 type=station_turnaround target=-1 station_ord=3 planned_finish=366.54 actual_finish=366.54 dev=+0.00 injected=0.0
[charge_scheduler-1] [INFO] [1785772637.022340801] [charge_scheduler]: [执行事件] loop=global plan_v=2 C2 type=target_service target=14 station_ord=0 planned_finish=399.15 actual_finish=399.15 dev=+0.00 injected=0.0
[charge_scheduler-1] [INFO] [1785772637.022346603] [charge_scheduler]: [执行事件] loop=global plan_v=2 C1 type=target_service target=20 station_ord=0 planned_finish=400.25 actual_finish=400.25 dev=+0.00 injected=0.0
[charge_scheduler-1] [INFO] [1785772637.022352319] [charge_scheduler]: [执行事件] loop=global plan_v=2 C1 type=final_return target=-1 station_ord=0 planned_finish=402.71 actual_finish=402.71 dev=+0.00 injected=0.0
[charge_scheduler-1] [INFO] [1785772637.022357820] [charge_scheduler]: [执行事件] loop=global plan_v=2 C2 type=final_return target=-1 station_ord=0 planned_finish=403.41 actual_finish=403.41 dev=+0.00 injected=0.0
[charge_scheduler-1] [INFO] [1785772637.022363099] [charge_scheduler]: [执行事件] loop=global plan_v=2 C3 type=target_service target=17 station_ord=0 planned_finish=411.90 actual_finish=411.90 dev=+0.00 injected=0.0
[charge_scheduler-1] [INFO] [1785772637.022368361] [charge_scheduler]: [执行事件] loop=global plan_v=2 C3 type=final_return target=-1 station_ord=0 planned_finish=413.83 actual_finish=413.83 dev=+0.00 injected=0.0
[charge_scheduler-1] [INFO] [1785772637.022381148] [charge_scheduler]: ★闭环实验结果 mode=open M=30 K=3 disturbance=station delay=60.0 seed=2 N_late=16 T_overtime=865.737 C_total=7366.145 makespan=447.810 served=30 energy_viol=2 reschedules=0 reschedule_ms=0.000 changed_assign=0 changed_order=0 applied_target=0 applied_station=2 initial_solve_ms=48537.765 objective_order=Tover,Nlate,Ctotal
[charge_scheduler-1] [INFO] [1785772637.022392278] [charge_scheduler]: ★闭环实验结果 mode=fixed M=30 K=3 disturbance=station delay=60.0 seed=2 N_late=15 T_overtime=878.078 C_total=7220.135 makespan=446.712 served=30 energy_viol=0 reschedules=2 reschedule_ms=565.520 changed_assign=0 changed_order=11 applied_target=0 applied_station=2 initial_solve_ms=48537.765 objective_order=Tover,Nlate,Ctotal
[charge_scheduler-1] [INFO] [1785772637.022403762] [charge_scheduler]: ★闭环实验收益 policy=fixed M=30 K=3 disturbance=station delay=60.0 seed=2 recovered_late=1 overtime_reduction=-12.340 distance_delta=-146.010 makespan_reduction=1.098
[charge_scheduler-1] [INFO] [1785772637.022409997] [charge_scheduler]: ★闭环实验结果 mode=closed M=30 K=3 disturbance=station delay=60.0 seed=2 N_late=15 T_overtime=775.450 C_total=6563.632 makespan=413.832 served=30 energy_viol=0 reschedules=2 reschedule_ms=2512.542 changed_assign=11 changed_order=14 applied_target=0 applied_station=2 initial_solve_ms=48537.765 objective_order=Tover,Nlate,Ctotal
[charge_scheduler-1] [INFO] [1785772637.022417671] [charge_scheduler]: ★闭环实验收益 policy=closed M=30 K=3 disturbance=station delay=60.0 seed=2 recovered_late=1 overtime_reduction=90.288 distance_delta=-802.513 makespan_reduction=33.978
