[INFO] [launch]: All log files can be found below /root/.ros/log/2026-08-03-15-06-06-753323-YYYY-65217
[INFO] [launch]: Default logging verbosity is set to INFO
[INFO] [charge_scheduler-1]: process started with pid [65221]
[charge_scheduler-1] [INFO] [1785769566.881838872] [charge_scheduler]: [目标顺序] objective_order=Tover,Nlate,Ctotal
[charge_scheduler-1] [INFO] [1785769566.882371946] [charge_scheduler]: [Scheduler] 30辆车 | 电池800.0kWh(20%=160.0 80%=640.0) | 充电360kW效率97% | 行驶0.6kWh/km | 桩350kW
[charge_scheduler-1] [INFO] [1785769566.882401030] [charge_scheduler]: [Scheduler] 站端周转: 换电 10 min(换后满电) | 单趟可用 640 kWh
[charge_scheduler-1] [INFO] [1785769566.882411738] [charge_scheduler]:   车#0 [电动装载机282|light] 位置(3889.6,73764.7) 容量282kWh 剩余35% | α=6→6min/% τ=168min → 需130.8kWh(充21.2min)
[charge_scheduler-1] [INFO] [1785769566.882427398] [charge_scheduler]:   车#1 [重型叉车|light] 位置(3778.9,73807.0) 容量200kWh 剩余20% | α=6→6min/% τ=96min → 需123.7kWh(充20.0min)
[charge_scheduler-1] [INFO] [1785769566.882441270] [charge_scheduler]:   车#2 [电动装载机350|light] 位置(3794.9,73804.6) 容量350kWh 剩余50% | α=6→6min/% τ=288min → 需108.2kWh(充17.5min)
[charge_scheduler-1] [INFO] [1785769566.882454215] [charge_scheduler]:   车#3 [重型叉车|light] 位置(3806.9,73760.3) 容量200kWh 剩余10% | α=6→6min/% τ=32min → 需144.3kWh(充23.3min)
[charge_scheduler-1] [INFO] [1785769566.882467252] [charge_scheduler]:   车#4 [电动装载机282|heavy→降级] 位置(3705.1,73758.2) 容量282kWh 剩余60% | α=3→6min/% τ=212min → 需58.1kWh(充9.4min)
[charge_scheduler-1] [INFO] [1785769566.882480403] [charge_scheduler]:   车#5 [电动装载机350|light] 位置(3756.5,73770.2) 容量350kWh 剩余25% | α=6→6min/% τ=128min → 需198.5kWh(充32.1min)
[charge_scheduler-1] [INFO] [1785769566.882497404] [charge_scheduler]:   车#6 [电动装载机350|heavy→降级] 位置(3887.4,73809.4) 容量350kWh 剩余40% | α=4→6min/% τ=176min → 需144.3kWh(充23.3min)
[charge_scheduler-1] [INFO] [1785769566.882510245] [charge_scheduler]:   车#7 [重型叉车|light] 位置(3899.0,73786.6) 容量200kWh 剩余15% | α=6→6min/% τ=64min → 需134.0kWh(充21.7min)
[charge_scheduler-1] [INFO] [1785769566.882522907] [charge_scheduler]:   车#8 [电动装载机282|heavy→降级] 位置(3689.7,73663.1) 容量282kWh 剩余55% | α=3→6min/% τ=196min → 需72.7kWh(充11.8min)
[charge_scheduler-1] [INFO] [1785769566.882535714] [charge_scheduler]:   车#9 [电动装载机282|heavy→降级] 位置(3748.4,73767.2) 容量282kWh 剩余30% | α=3→6min/% τ=116min → 需145.4kWh(充23.5min)
[charge_scheduler-1] [INFO] [1785769566.882548800] [charge_scheduler]:   车#10 [电动装载机282|light] 位置(3865.2,73751.0) 容量282kWh 剩余45% | α=6→6min/% τ=224min → 需101.8kWh(充16.4min)
[charge_scheduler-1] [INFO] [1785769566.882561948] [charge_scheduler]:   车#11 [电动装载机350|light] 位置(3785.0,73749.2) 容量350kWh 剩余18% | α=6→6min/% τ=83min → 需223.7kWh(充36.2min)
[charge_scheduler-1] [INFO] [1785769566.882574784] [charge_scheduler]:   车#12 [重型叉车|heavy→降级] 位置(3811.5,73799.9) 容量200kWh 剩余62% | α=3→6min/% τ=230min → 需37.1kWh(充6.0min)
[charge_scheduler-1] [INFO] [1785769566.882589155] [charge_scheduler]:   车#13 [电动装载机282|light] 位置(3810.8,73773.1) 容量282kWh 剩余28% | α=6→6min/% τ=129min → 需151.2kWh(充24.4min)
[charge_scheduler-1] [INFO] [1785769566.882601936] [charge_scheduler]:   车#14 [电动装载机350|light] 位置(3905.0,73793.5) 容量350kWh 剩余52% | α=6→6min/% τ=301min → 需101.0kWh(充16.3min)
[charge_scheduler-1] [INFO] [1785769566.882614648] [charge_scheduler]:   车#15 [重型叉车|light] 位置(3894.3,73756.9) 容量200kWh 剩余12% | α=6→6min/% τ=45min → 需140.2kWh(充22.7min)
[charge_scheduler-1] [INFO] [1785769566.882627041] [charge_scheduler]:   车#16 [电动装载机282|light] 位置(3818.5,73716.2) 容量282kWh 剩余38% | α=6→6min/% τ=185min → 需122.1kWh(充19.7min)
[charge_scheduler-1] [INFO] [1785769566.882640070] [charge_scheduler]:   车#17 [电动装载机350|light] 位置(3733.2,73772.4) 容量350kWh 剩余58% | α=6→6min/% τ=339min → 需79.4kWh(充12.8min)
[charge_scheduler-1] [INFO] [1785769566.882652589] [charge_scheduler]:   车#18 [重型叉车|heavy→降级] 位置(3764.7,73699.0) 容量200kWh 剩余22% | α=3→6min/% τ=102min → 需119.6kWh(充19.3min)
[charge_scheduler-1] [INFO] [1785769566.882666852] [charge_scheduler]:   车#19 [电动装载机282|light] 位置(3878.4,73747.9) 容量282kWh 剩余48% | α=6→6min/% τ=241min → 需93.0kWh(充15.0min)
[charge_scheduler-1] [INFO] [1785769566.882707240] [charge_scheduler]:   车#20 [电动装载机350|light] 位置(3740.3,73686.9) 容量350kWh 剩余33% | α=6→6min/% τ=179min → 需169.6kWh(充27.4min)
[charge_scheduler-1] [INFO] [1785769566.882720134] [charge_scheduler]:   车#21 [重型叉车|heavy→降级] 位置(3895.4,73811.9) 容量200kWh 剩余65% | α=3→6min/% τ=240min → 需30.9kWh(充5.0min)
[charge_scheduler-1] [INFO] [1785769566.882732636] [charge_scheduler]:   车#22 [电动装载机282|light] 位置(3876.0,73830.2) 容量282kWh 剩余16% | α=6→6min/% τ=62min → 需186.1kWh(充30.1min)
[charge_scheduler-1] [INFO] [1785769566.882745034] [charge_scheduler]:   车#23 [电动装载机350|light] 位置(3765.9,73790.3) 容量350kWh 剩余42% | α=6→6min/% τ=237min → 需137.1kWh(充22.2min)
[charge_scheduler-1] [INFO] [1785769566.882757749] [charge_scheduler]:   车#24 [重型叉车|heavy→降级] 位置(3637.1,73698.1) 容量200kWh 剩余25% | α=3→6min/% τ=112min → 需113.4kWh(充18.3min)
[charge_scheduler-1] [INFO] [1785769566.882771021] [charge_scheduler]:   车#25 [电动装载机282|light] 位置(3884.5,73833.1) 容量282kWh 剩余55% | α=6→6min/% τ=280min → 需72.7kWh(充11.8min)
[charge_scheduler-1] [INFO] [1785769566.882784699] [charge_scheduler]:   车#26 [电动装载机350|light] 位置(3699.3,73765.4) 容量350kWh 剩余30% | α=6→6min/% τ=160min → 需180.4kWh(充29.2min)
[charge_scheduler-1] [INFO] [1785769566.882797335] [charge_scheduler]:   车#27 [重型叉车|heavy→降级] 位置(3800.8,73717.7) 容量200kWh 剩余68% | α=3→6min/% τ=250min → 需24.7kWh(充4.0min)
[charge_scheduler-1] [INFO] [1785769566.882808646] [charge_scheduler]:   车#28 [电动装载机282|light] 位置(3825.0,73792.7) 容量282kWh 剩余20% | α=6→6min/% τ=84min → 需174.4kWh(充28.2min)
[charge_scheduler-1] [INFO] [1785769566.882821582] [charge_scheduler]:   车#29 [电动装载机350|light] 位置(3784.3,73759.0) 容量350kWh 剩余36% | α=6→6min/% τ=198min → 需158.8kWh(充25.7min)
[charge_scheduler-1] [INFO] [1785769566.893725636] [charge_scheduler]: [Scheduler] 闭环接口: threshold=10.0min | event_sim=on | policy=all | structured_feedback=optional (/task_planner/execution_event)
[charge_scheduler-1] [INFO] [1785769566.893761410] [charge_scheduler]: [Scheduler] 已启动, 等待地图...
[charge_scheduler-1] [INFO] [1785769566.893769239] [charge_scheduler]: [Scheduler] 充电车1接口: sequence/served/arrived_target/arrived_station/return_goal/task_complete 后缀=_1
[charge_scheduler-1] [INFO] [1785769566.893776328] [charge_scheduler]: [Scheduler] 充电车2接口: sequence/served/arrived_target/arrived_station/return_goal/task_complete 后缀=_2
[charge_scheduler-1] [INFO] [1785769566.893782122] [charge_scheduler]: [Scheduler] 充电车3接口: sequence/served/arrived_target/arrived_station/return_goal/task_complete 后缀=_3
[charge_scheduler-1] [INFO] [1785769566.995664345] [charge_scheduler]: [Scheduler] RoutingGraph 就绪
[charge_scheduler-1] [INFO] [1785769566.996083810] [charge_scheduler]: [Scheduler] 提取到 0 条虚线捷径
[charge_scheduler-1] [INFO] [1785769567.027869687] [charge_scheduler]: [Scheduler] 下层兼容增强图: 190 节点, 0 条虚线掉头边
[charge_scheduler-1] [INFO] [1785769587.749732310] [charge_scheduler]: [Scheduler] 距离矩阵完成 31x31, 20721.8 ms | 模式=maneuver | 真实不可达=0 抽象不可达=0 | 缺少对向投影节点=0 | 对向识别(ID/几何/法向)=0/0/0 | 单向驿站投影=0
[charge_scheduler-1] [INFO] [1785769587.749801601] [charge_scheduler]:   ✓ 比值自检：930 个 OD 满足 机动/直线≥1 | 均值=4.11 最大=62.63 (车#0→车#15)
[charge_scheduler-1] [INFO] [1785769587.749812426] [charge_scheduler]: [Scheduler] 地图就绪, 190 条 lanelet（与下层一致）
[charge_scheduler-1] [INFO] [1785769587.749858663] [charge_scheduler]: ======== 开始VRPTW调度 30 辆车 ========
[charge_scheduler-1] [INFO] [1785769587.749863356] [charge_scheduler]:   规模30>8 → 启发式(alns)
[charge_scheduler-1] [INFO] [1785769635.576869538] [charge_scheduler]: [ALNS] objective_order=Tover,Nlate,Ctotal seed=1 iters=15000 | N_late=11(成功率63.3%) T_overtime=212.2min C_total=7008.4m | 趟数=11 makespan=383.9min
[charge_scheduler-1] [INFO] [1785769635.576913087] [charge_scheduler]:   求解耗时 47827.0 ms
[charge_scheduler-1] [INFO] [1785769635.576920591] [charge_scheduler]: ════════ 调度结果 ════════
[charge_scheduler-1] [INFO] [1785769635.576925534] [charge_scheduler]:   ★目标(字典序): objective_order=Tover,Nlate,Ctotal | N_late=11 辆 (按时成功率 19/30 = 63.3%)  T_overtime=212.2min  C_total=7008.4m
[charge_scheduler-1] [INFO] [1785769635.576952431] [charge_scheduler]:   附: 趟数=11 | makespan=383.9min | 能量可行=是
[charge_scheduler-1] [INFO] [1785769635.576962177] [charge_scheduler]:   [充电车3] 趟1: 站 → 车#27(到1.7/限249.6✓) → 车#7(到8.0/限64.0✓) → 车#22(到30.9/限61.6✓) → 车#28(到65.4/限84.0✓) → 站
[charge_scheduler-1] [INFO] [1785769635.576969072] [charge_scheduler]:   [充电车1] 趟2: 站 → 车#12(到2.3/限230.4✓) → 车#21(到10.6/限240.0✓) → 车#15(到17.7/限44.8✓) → 车#3(到43.1/限32.0✗超时) → 车#11(到68.6/限83.2✓) → 站
[charge_scheduler-1] [INFO] [1785769635.576975365] [charge_scheduler]:   [充电车2] 趟3: 站 → 车#9(到1.2/限116.0✓) → 车#4(到25.8/限212.0✓) → 车#8(到42.5/限196.0✓) → 车#18(到61.9/限102.4✓) → 车#1(到87.1/限96.0✓) → 站
[charge_scheduler-1] [INFO] [1785769635.576980073] [charge_scheduler]:   [充电车2] 趟4: 站 → 车#5(到128.2/限128.0✗超时) → 车#20(到174.2/限179.2✓) → 站
[charge_scheduler-1] [INFO] [1785769635.576985904] [charge_scheduler]:   [充电车3] 趟5: 站 → 车#24(到114.5/限112.0✗超时) → 车#26(到143.6/限160.0✓) → 车#16(到189.5/限184.8✗超时) → 站
[charge_scheduler-1] [INFO] [1785769635.576990885] [charge_scheduler]:   [充电车1] 趟6: 站 → 车#13(到124.2/限128.8✓) → 车#0(到160.7/限168.0✓) → 车#10(到195.8/限224.0✓) → 站
[charge_scheduler-1] [INFO] [1785769635.576995310] [charge_scheduler]:   [充电车3] 趟7: 站 → 车#19(到242.6/限240.8✗超时) → 车#25(到281.1/限280.0✗超时) → 站
[charge_scheduler-1] [INFO] [1785769635.576999846] [charge_scheduler]:   [充电车2] 趟8: 站 → 车#6(到234.1/限176.0✗超时) → 车#23(到280.4/限236.8✗超时) → 站
[charge_scheduler-1] [INFO] [1785769635.577004146] [charge_scheduler]:   [充电车1] 趟9: 站 → 车#29(到245.8/限198.4✗超时) → 车#2(到294.5/限288.0✗超时) → 站
[charge_scheduler-1] [INFO] [1785769635.577008122] [charge_scheduler]:   [充电车2] 趟10: 站 → 车#17(到337.9/限339.2✓) → 站
[charge_scheduler-1] [INFO] [1785769635.577012200] [charge_scheduler]:   [充电车3] 趟11: 站 → 车#14(到335.9/限300.8✗超时) → 站
[charge_scheduler-1] [INFO] [1785769635.577015860] [charge_scheduler]: ════════════════════════
[charge_scheduler-1] [INFO] [1785769635.577068467] [charge_scheduler]: [扰动清单] type=target delay=30.0min targets={8,13,} station={}
[charge_scheduler-1] [INFO] [1785769635.577083357] [charge_scheduler]: [执行事件] loop=open plan_v=0 C3 type=target_service target=27 station_ord=0 planned_finish=5.89 actual_finish=5.89 dev=+0.00 injected=0.0
[charge_scheduler-1] [INFO] [1785769635.577090085] [charge_scheduler]: [执行事件] loop=open plan_v=0 C1 type=target_service target=12 station_ord=0 planned_finish=8.50 actual_finish=8.50 dev=+0.00 injected=0.0
[charge_scheduler-1] [INFO] [1785769635.577095597] [charge_scheduler]: [执行事件] loop=open plan_v=0 C1 type=target_service target=21 station_ord=0 planned_finish=16.66 actual_finish=16.66 dev=+0.00 injected=0.0
[charge_scheduler-1] [INFO] [1785769635.577101124] [charge_scheduler]: [执行事件] loop=open plan_v=0 C2 type=target_service target=9 station_ord=0 planned_finish=24.86 actual_finish=24.86 dev=+0.00 injected=0.0
[charge_scheduler-1] [INFO] [1785769635.577106857] [charge_scheduler]: [执行事件] loop=open plan_v=0 C3 type=target_service target=7 station_ord=0 planned_finish=30.11 actual_finish=30.11 dev=+0.00 injected=0.0
[charge_scheduler-1] [INFO] [1785769635.577112161] [charge_scheduler]: [执行事件] loop=open plan_v=0 C2 type=target_service target=4 station_ord=0 planned_finish=39.01 actual_finish=39.01 dev=+0.00 injected=0.0
[charge_scheduler-1] [INFO] [1785769635.577117850] [charge_scheduler]: [执行事件] loop=open plan_v=0 C1 type=target_service target=15 station_ord=0 planned_finish=41.31 actual_finish=41.31 dev=+0.00 injected=0.0
[charge_scheduler-1] [INFO] [1785769635.577123162] [charge_scheduler]: [执行事件] loop=open plan_v=0 C3 type=target_service target=22 station_ord=0 planned_finish=63.61 actual_finish=63.61 dev=+0.00 injected=0.0
[charge_scheduler-1] [INFO] [1785769635.577129037] [charge_scheduler]: [执行事件] loop=open plan_v=0 C1 type=target_service target=3 station_ord=0 planned_finish=68.11 actual_finish=68.11 dev=+0.00 injected=0.0
[charge_scheduler-1] [INFO] [1785769635.577142489] [charge_scheduler]: [执行事件] loop=open plan_v=0 C2 type=target_service target=8 station_ord=0 planned_finish=60.53 actual_finish=90.53 dev=+30.00 injected=30.0
[charge_scheduler-1] [INFO] [1785769635.577148344] [charge_scheduler]: [执行事件] loop=open plan_v=0 C3 type=target_service target=28 station_ord=0 planned_finish=99.04 actual_finish=99.04 dev=+0.00 injected=0.0
[charge_scheduler-1] [INFO] [1785769635.577153923] [charge_scheduler]: [执行事件] loop=open plan_v=0 C1 type=target_service target=11 station_ord=0 planned_finish=111.00 actual_finish=111.00 dev=+0.00 injected=0.0
[charge_scheduler-1] [INFO] [1785769635.577159652] [charge_scheduler]: [执行事件] loop=open plan_v=0 C3 type=station_turnaround target=-1 station_ord=1 planned_finish=111.56 actual_finish=111.56 dev=+0.00 injected=0.0
[charge_scheduler-1] [INFO] [1785769635.577165560] [charge_scheduler]: [执行事件] loop=open plan_v=0 C2 type=target_service target=18 station_ord=0 planned_finish=84.80 actual_finish=116.36 dev=+31.56 injected=0.0
[charge_scheduler-1] [INFO] [1785769635.577171288] [charge_scheduler]: [执行事件] loop=open plan_v=0 C1 type=station_turnaround target=-1 station_ord=1 planned_finish=122.54 actual_finish=122.54 dev=+0.00 injected=0.0
[charge_scheduler-1] [INFO] [1785769635.577177124] [charge_scheduler]: [执行事件] loop=open plan_v=0 C3 type=target_service target=24 station_ord=0 planned_finish=139.54 actual_finish=139.54 dev=+0.00 injected=0.0
[charge_scheduler-1] [INFO] [1785769635.577183190] [charge_scheduler]: [执行事件] loop=open plan_v=0 C2 type=target_service target=1 station_ord=0 planned_finish=111.62 actual_finish=143.64 dev=+32.03 injected=0.0
[charge_scheduler-1] [INFO] [1785769635.577188766] [charge_scheduler]: [执行事件] loop=open plan_v=0 C2 type=station_turnaround target=-1 station_ord=1 planned_finish=125.03 actual_finish=157.06 dev=+32.03 injected=0.0
[charge_scheduler-1] [INFO] [1785769635.577194444] [charge_scheduler]: [执行事件] loop=open plan_v=0 C3 type=target_service target=26 station_ord=0 planned_finish=185.88 actual_finish=185.88 dev=+0.00 injected=0.0
[charge_scheduler-1] [INFO] [1785769635.577199962] [charge_scheduler]: [执行事件] loop=open plan_v=0 C1 type=target_service target=13 station_ord=0 planned_finish=159.09 actual_finish=189.09 dev=+30.00 injected=30.0
[charge_scheduler-1] [INFO] [1785769635.577205695] [charge_scheduler]: [执行事件] loop=open plan_v=0 C2 type=target_service target=5 station_ord=0 planned_finish=171.98 actual_finish=204.01 dev=+32.03 injected=0.0
[charge_scheduler-1] [INFO] [1785769635.577212076] [charge_scheduler]: [执行事件] loop=open plan_v=0 C3 type=target_service target=16 station_ord=0 planned_finish=224.80 actual_finish=224.80 dev=+0.00 injected=0.0
[charge_scheduler-1] [INFO] [1785769635.577217584] [charge_scheduler]: [执行事件] loop=open plan_v=0 C1 type=target_service target=0 station_ord=0 planned_finish=195.37 actual_finish=225.98 dev=+30.61 injected=0.0
[charge_scheduler-1] [INFO] [1785769635.577225455] [charge_scheduler]: [执行事件] loop=open plan_v=0 C3 type=station_turnaround target=-1 station_ord=2 planned_finish=237.12 actual_finish=237.12 dev=+0.00 injected=0.0
[charge_scheduler-1] [INFO] [1785769635.577233353] [charge_scheduler]: [执行事件] loop=open plan_v=0 C2 type=target_service target=20 station_ord=0 planned_finish=217.55 actual_finish=250.03 dev=+32.48 injected=0.0
[charge_scheduler-1] [INFO] [1785769635.577241135] [charge_scheduler]: [执行事件] loop=open plan_v=0 C1 type=target_service target=10 station_ord=0 planned_finish=228.73 actual_finish=261.70 dev=+32.97 injected=0.0
[charge_scheduler-1] [INFO] [1785769635.577254103] [charge_scheduler]: [执行事件] loop=open plan_v=0 C2 type=station_turnaround target=-1 station_ord=2 planned_finish=230.01 actual_finish=262.48 dev=+32.48 injected=0.0
[charge_scheduler-1] [INFO] [1785769635.577263479] [charge_scheduler]: [执行事件] loop=open plan_v=0 C1 type=station_turnaround target=-1 station_ord=2 planned_finish=244.60 actual_finish=277.57 dev=+32.97 injected=0.0
[charge_scheduler-1] [INFO] [1785769635.577269322] [charge_scheduler]: [执行事件] loop=open plan_v=0 C3 type=target_service target=19 station_ord=0 planned_finish=277.87 actual_finish=277.87 dev=+0.00 injected=0.0
[charge_scheduler-1] [INFO] [1785769635.577274950] [charge_scheduler]: [执行事件] loop=open plan_v=0 C2 type=target_service target=6 station_ord=0 planned_finish=277.90 actual_finish=310.38 dev=+32.48 injected=0.0
[charge_scheduler-1] [INFO] [1785769635.577283814] [charge_scheduler]: [执行事件] loop=open plan_v=0 C3 type=target_service target=25 station_ord=0 planned_finish=316.37 actual_finish=316.37 dev=+0.00 injected=0.0
[charge_scheduler-1] [INFO] [1785769635.577289285] [charge_scheduler]: [执行事件] loop=open plan_v=0 C1 type=target_service target=29 station_ord=0 planned_finish=289.57 actual_finish=322.54 dev=+32.97 injected=0.0
[charge_scheduler-1] [INFO] [1785769635.577294794] [charge_scheduler]: [执行事件] loop=open plan_v=0 C3 type=station_turnaround target=-1 station_ord=3 planned_finish=331.31 actual_finish=331.31 dev=+0.00 injected=0.0
[charge_scheduler-1] [INFO] [1785769635.577300332] [charge_scheduler]: [执行事件] loop=open plan_v=0 C2 type=target_service target=23 station_ord=0 planned_finish=324.10 actual_finish=356.58 dev=+32.48 injected=0.0
[charge_scheduler-1] [INFO] [1785769635.577305843] [charge_scheduler]: [执行事件] loop=open plan_v=0 C2 type=station_turnaround target=-1 station_ord=3 planned_finish=336.24 actual_finish=368.72 dev=+32.48 injected=0.0
[charge_scheduler-1] [INFO] [1785769635.577311522] [charge_scheduler]: [执行事件] loop=open plan_v=0 C1 type=target_service target=2 station_ord=0 planned_finish=338.22 actual_finish=371.20 dev=+32.97 injected=0.0
[charge_scheduler-1] [INFO] [1785769635.577317202] [charge_scheduler]: [执行事件] loop=open plan_v=0 C1 type=final_return target=-1 station_ord=0 planned_finish=340.87 actual_finish=373.84 dev=+32.97 injected=0.0
[charge_scheduler-1] [INFO] [1785769635.577322861] [charge_scheduler]: [执行事件] loop=open plan_v=0 C3 type=target_service target=14 station_ord=0 planned_finish=379.61 actual_finish=379.61 dev=+0.00 injected=0.0
[charge_scheduler-1] [INFO] [1785769635.577328248] [charge_scheduler]: [执行事件] loop=open plan_v=0 C3 type=final_return target=-1 station_ord=0 planned_finish=383.87 actual_finish=383.87 dev=+0.00 injected=0.0
[charge_scheduler-1] [INFO] [1785769635.577333522] [charge_scheduler]: [执行事件] loop=open plan_v=0 C2 type=target_service target=17 station_ord=0 planned_finish=381.49 actual_finish=414.09 dev=+32.60 injected=0.0
[charge_scheduler-1] [INFO] [1785769635.577338902] [charge_scheduler]: [执行事件] loop=open plan_v=0 C2 type=final_return target=-1 station_ord=0 planned_finish=383.41 actual_finish=416.02 dev=+32.60 injected=0.0
[charge_scheduler-1] [INFO] [1785769635.577352901] [charge_scheduler]: [执行事件] loop=fixed plan_v=0 C3 type=target_service target=27 station_ord=0 planned_finish=5.89 actual_finish=5.89 dev=+0.00 injected=0.0
[charge_scheduler-1] [INFO] [1785769635.577358182] [charge_scheduler]: [执行事件] loop=fixed plan_v=0 C1 type=target_service target=12 station_ord=0 planned_finish=8.50 actual_finish=8.50 dev=+0.00 injected=0.0
[charge_scheduler-1] [INFO] [1785769635.577363513] [charge_scheduler]: [执行事件] loop=fixed plan_v=0 C1 type=target_service target=21 station_ord=0 planned_finish=16.66 actual_finish=16.66 dev=+0.00 injected=0.0
[charge_scheduler-1] [INFO] [1785769635.577369018] [charge_scheduler]: [执行事件] loop=fixed plan_v=0 C2 type=target_service target=9 station_ord=0 planned_finish=24.86 actual_finish=24.86 dev=+0.00 injected=0.0
[charge_scheduler-1] [INFO] [1785769635.577374454] [charge_scheduler]: [执行事件] loop=fixed plan_v=0 C3 type=target_service target=7 station_ord=0 planned_finish=30.11 actual_finish=30.11 dev=+0.00 injected=0.0
[charge_scheduler-1] [INFO] [1785769635.577379900] [charge_scheduler]: [执行事件] loop=fixed plan_v=0 C2 type=target_service target=4 station_ord=0 planned_finish=39.01 actual_finish=39.01 dev=+0.00 injected=0.0
[charge_scheduler-1] [INFO] [1785769635.577386553] [charge_scheduler]: [执行事件] loop=fixed plan_v=0 C1 type=target_service target=15 station_ord=0 planned_finish=41.31 actual_finish=41.31 dev=+0.00 injected=0.0
[charge_scheduler-1] [INFO] [1785769635.577392357] [charge_scheduler]: [执行事件] loop=fixed plan_v=0 C3 type=target_service target=22 station_ord=0 planned_finish=63.61 actual_finish=63.61 dev=+0.00 injected=0.0
[charge_scheduler-1] [INFO] [1785769635.577397799] [charge_scheduler]: [执行事件] loop=fixed plan_v=0 C1 type=target_service target=3 station_ord=0 planned_finish=68.11 actual_finish=68.11 dev=+0.00 injected=0.0
[charge_scheduler-1] [INFO] [1785769635.577403296] [charge_scheduler]: [执行事件] loop=fixed plan_v=0 C2 type=target_service target=8 station_ord=0 planned_finish=60.53 actual_finish=90.53 dev=+30.00 injected=30.0
[charge_scheduler-1] [WARN] [1785769635.982323779] [charge_scheduler]: [重调度事件] policy=fixed #1 t=90.53min trigger=C2/target_service dev=+30.00 pool=18 committed=2 plan_v=1 solve_ms=404.9 changed_assign=0 changed_order=12
[charge_scheduler-1] [INFO] [1785769635.982371794] [charge_scheduler]: [执行事件] loop=fixed plan_v=0 C3 type=target_service target=28 station_ord=0 planned_finish=99.04 actual_finish=99.04 dev=+0.00 injected=0.0
[charge_scheduler-1] [INFO] [1785769635.982381117] [charge_scheduler]: [执行事件] loop=fixed plan_v=0 C1 type=target_service target=11 station_ord=0 planned_finish=111.00 actual_finish=111.00 dev=+0.00 injected=0.0
[charge_scheduler-1] [INFO] [1785769635.982387573] [charge_scheduler]: [执行事件] loop=fixed plan_v=1 C3 type=station_turnaround target=-1 station_ord=1 planned_finish=111.56 actual_finish=111.56 dev=+0.00 injected=0.0
[charge_scheduler-1] [INFO] [1785769635.982393947] [charge_scheduler]: [执行事件] loop=fixed plan_v=1 C2 type=target_service target=18 station_ord=0 planned_finish=116.36 actual_finish=116.36 dev=+0.00 injected=0.0
[charge_scheduler-1] [INFO] [1785769635.982399566] [charge_scheduler]: [执行事件] loop=fixed plan_v=1 C1 type=station_turnaround target=-1 station_ord=1 planned_finish=122.54 actual_finish=122.54 dev=+0.00 injected=0.0
[charge_scheduler-1] [INFO] [1785769635.982406312] [charge_scheduler]: [执行事件] loop=fixed plan_v=1 C2 type=station_turnaround target=-1 station_ord=1 planned_finish=128.40 actual_finish=128.40 dev=+0.00 injected=0.0
[charge_scheduler-1] [INFO] [1785769635.982412098] [charge_scheduler]: [执行事件] loop=fixed plan_v=1 C3 type=target_service target=24 station_ord=0 planned_finish=139.54 actual_finish=139.54 dev=+0.00 injected=0.0
[charge_scheduler-1] [INFO] [1785769635.982417804] [charge_scheduler]: [执行事件] loop=fixed plan_v=1 C2 type=target_service target=1 station_ord=0 planned_finish=155.47 actual_finish=155.47 dev=+0.00 injected=0.0
[charge_scheduler-1] [INFO] [1785769635.982423597] [charge_scheduler]: [执行事件] loop=fixed plan_v=1 C3 type=target_service target=26 station_ord=0 planned_finish=185.88 actual_finish=185.88 dev=+0.00 injected=0.0
[charge_scheduler-1] [INFO] [1785769635.982428959] [charge_scheduler]: [执行事件] loop=fixed plan_v=1 C1 type=target_service target=13 station_ord=0 planned_finish=159.09 actual_finish=189.09 dev=+30.00 injected=30.0
[charge_scheduler-1] [WARN] [1785769636.215014945] [charge_scheduler]: [重调度事件] policy=fixed #2 t=189.09min trigger=C1/target_service dev=+30.00 pool=11 committed=2 plan_v=2 solve_ms=232.5 changed_assign=0 changed_order=5
[charge_scheduler-1] [INFO] [1785769636.215064773] [charge_scheduler]: [执行事件] loop=fixed plan_v=1 C2 type=target_service target=5 station_ord=0 planned_finish=204.42 actual_finish=204.42 dev=+0.00 injected=0.0
[charge_scheduler-1] [INFO] [1785769636.215073973] [charge_scheduler]: [执行事件] loop=fixed plan_v=2 C2 type=station_turnaround target=-1 station_ord=2 planned_finish=216.03 actual_finish=216.03 dev=+0.00 injected=0.0
[charge_scheduler-1] [INFO] [1785769636.215080349] [charge_scheduler]: [执行事件] loop=fixed plan_v=2 C1 type=target_service target=10 station_ord=0 planned_finish=222.72 actual_finish=222.72 dev=+0.00 injected=0.0
[charge_scheduler-1] [INFO] [1785769636.215086514] [charge_scheduler]: [执行事件] loop=fixed plan_v=1 C3 type=target_service target=16 station_ord=0 planned_finish=224.80 actual_finish=224.80 dev=+0.00 injected=0.0
[charge_scheduler-1] [INFO] [1785769636.215092391] [charge_scheduler]: [执行事件] loop=fixed plan_v=2 C3 type=station_turnaround target=-1 station_ord=2 planned_finish=237.12 actual_finish=237.12 dev=+0.00 injected=0.0
[charge_scheduler-1] [INFO] [1785769636.215098373] [charge_scheduler]: [执行事件] loop=fixed plan_v=2 C1 type=target_service target=0 station_ord=0 planned_finish=258.48 actual_finish=258.48 dev=+0.00 injected=0.0
[charge_scheduler-1] [INFO] [1785769636.215104047] [charge_scheduler]: [执行事件] loop=fixed plan_v=2 C2 type=target_service target=6 station_ord=0 planned_finish=263.93 actual_finish=263.93 dev=+0.00 injected=0.0
[charge_scheduler-1] [INFO] [1785769636.215109716] [charge_scheduler]: [执行事件] loop=fixed plan_v=2 C1 type=station_turnaround target=-1 station_ord=2 planned_finish=273.94 actual_finish=273.94 dev=+0.00 injected=0.0
[charge_scheduler-1] [INFO] [1785769636.215140384] [charge_scheduler]: [执行事件] loop=fixed plan_v=2 C3 type=target_service target=19 station_ord=0 planned_finish=277.87 actual_finish=277.87 dev=+0.00 injected=0.0
[charge_scheduler-1] [INFO] [1785769636.215146120] [charge_scheduler]: [执行事件] loop=fixed plan_v=2 C2 type=target_service target=23 station_ord=0 planned_finish=310.13 actual_finish=310.13 dev=+0.00 injected=0.0
[charge_scheduler-1] [INFO] [1785769636.215151740] [charge_scheduler]: [执行事件] loop=fixed plan_v=2 C3 type=target_service target=25 station_ord=0 planned_finish=316.37 actual_finish=316.37 dev=+0.00 injected=0.0
[charge_scheduler-1] [INFO] [1785769636.215157480] [charge_scheduler]: [执行事件] loop=fixed plan_v=2 C1 type=target_service target=29 station_ord=0 planned_finish=318.91 actual_finish=318.91 dev=+0.00 injected=0.0
[charge_scheduler-1] [INFO] [1785769636.215163043] [charge_scheduler]: [执行事件] loop=fixed plan_v=2 C2 type=station_turnaround target=-1 station_ord=3 planned_finish=322.27 actual_finish=322.27 dev=+0.00 injected=0.0
[charge_scheduler-1] [INFO] [1785769636.215168745] [charge_scheduler]: [执行事件] loop=fixed plan_v=2 C3 type=station_turnaround target=-1 station_ord=3 planned_finish=331.31 actual_finish=331.31 dev=+0.00 injected=0.0
[charge_scheduler-1] [INFO] [1785769636.215174290] [charge_scheduler]: [执行事件] loop=fixed plan_v=2 C1 type=target_service target=2 station_ord=0 planned_finish=367.57 actual_finish=367.57 dev=+0.00 injected=0.0
[charge_scheduler-1] [INFO] [1785769636.215180001] [charge_scheduler]: [执行事件] loop=fixed plan_v=2 C2 type=target_service target=20 station_ord=0 planned_finish=368.09 actual_finish=368.09 dev=+0.00 injected=0.0
[charge_scheduler-1] [INFO] [1785769636.215185706] [charge_scheduler]: [执行事件] loop=fixed plan_v=2 C1 type=final_return target=-1 station_ord=0 planned_finish=370.22 actual_finish=370.22 dev=+0.00 injected=0.0
[charge_scheduler-1] [INFO] [1785769636.215191347] [charge_scheduler]: [执行事件] loop=fixed plan_v=2 C3 type=target_service target=14 station_ord=0 planned_finish=379.61 actual_finish=379.61 dev=+0.00 injected=0.0
[charge_scheduler-1] [INFO] [1785769636.215197045] [charge_scheduler]: [执行事件] loop=fixed plan_v=2 C3 type=final_return target=-1 station_ord=0 planned_finish=383.87 actual_finish=383.87 dev=+0.00 injected=0.0
[charge_scheduler-1] [INFO] [1785769636.215202461] [charge_scheduler]: [执行事件] loop=fixed plan_v=2 C2 type=target_service target=17 station_ord=0 planned_finish=414.09 actual_finish=414.09 dev=+0.00 injected=0.0
[charge_scheduler-1] [INFO] [1785769636.215207692] [charge_scheduler]: [执行事件] loop=fixed plan_v=2 C2 type=final_return target=-1 station_ord=0 planned_finish=416.02 actual_finish=416.02 dev=+0.00 injected=0.0
[charge_scheduler-1] [INFO] [1785769636.215227794] [charge_scheduler]: [执行事件] loop=global plan_v=0 C3 type=target_service target=27 station_ord=0 planned_finish=5.89 actual_finish=5.89 dev=+0.00 injected=0.0
[charge_scheduler-1] [INFO] [1785769636.215233606] [charge_scheduler]: [执行事件] loop=global plan_v=0 C1 type=target_service target=12 station_ord=0 planned_finish=8.50 actual_finish=8.50 dev=+0.00 injected=0.0
[charge_scheduler-1] [INFO] [1785769636.215239236] [charge_scheduler]: [执行事件] loop=global plan_v=0 C1 type=target_service target=21 station_ord=0 planned_finish=16.66 actual_finish=16.66 dev=+0.00 injected=0.0
[charge_scheduler-1] [INFO] [1785769636.215248771] [charge_scheduler]: [执行事件] loop=global plan_v=0 C2 type=target_service target=9 station_ord=0 planned_finish=24.86 actual_finish=24.86 dev=+0.00 injected=0.0
[charge_scheduler-1] [INFO] [1785769636.215254556] [charge_scheduler]: [执行事件] loop=global plan_v=0 C3 type=target_service target=7 station_ord=0 planned_finish=30.11 actual_finish=30.11 dev=+0.00 injected=0.0
[charge_scheduler-1] [INFO] [1785769636.215259942] [charge_scheduler]: [执行事件] loop=global plan_v=0 C2 type=target_service target=4 station_ord=0 planned_finish=39.01 actual_finish=39.01 dev=+0.00 injected=0.0
[charge_scheduler-1] [INFO] [1785769636.215266095] [charge_scheduler]: [执行事件] loop=global plan_v=0 C1 type=target_service target=15 station_ord=0 planned_finish=41.31 actual_finish=41.31 dev=+0.00 injected=0.0
[charge_scheduler-1] [INFO] [1785769636.215271623] [charge_scheduler]: [执行事件] loop=global plan_v=0 C3 type=target_service target=22 station_ord=0 planned_finish=63.61 actual_finish=63.61 dev=+0.00 injected=0.0
[charge_scheduler-1] [INFO] [1785769636.215280705] [charge_scheduler]: [执行事件] loop=global plan_v=0 C1 type=target_service target=3 station_ord=0 planned_finish=68.11 actual_finish=68.11 dev=+0.00 injected=0.0
[charge_scheduler-1] [INFO] [1785769636.215286527] [charge_scheduler]: [执行事件] loop=global plan_v=0 C2 type=target_service target=8 station_ord=0 planned_finish=60.53 actual_finish=90.53 dev=+30.00 injected=30.0
[charge_scheduler-1] [WARN] [1785769639.023959425] [charge_scheduler]: [重调度事件] policy=global #1 t=90.53min trigger=C2/target_service dev=+30.00 pool=18 committed=2 plan_v=1 solve_ms=2808.6 changed_assign=12 changed_order=14
[charge_scheduler-1] [INFO] [1785769639.024004106] [charge_scheduler]: [执行事件] loop=global plan_v=0 C3 type=target_service target=28 station_ord=0 planned_finish=99.04 actual_finish=99.04 dev=+0.00 injected=0.0
[charge_scheduler-1] [INFO] [1785769639.024012983] [charge_scheduler]: [执行事件] loop=global plan_v=0 C1 type=target_service target=11 station_ord=0 planned_finish=111.00 actual_finish=111.00 dev=+0.00 injected=0.0
[charge_scheduler-1] [INFO] [1785769639.024019694] [charge_scheduler]: [执行事件] loop=global plan_v=1 C3 type=station_turnaround target=-1 station_ord=1 planned_finish=111.56 actual_finish=111.56 dev=+0.00 injected=0.0
[charge_scheduler-1] [INFO] [1785769639.024026119] [charge_scheduler]: [执行事件] loop=global plan_v=1 C2 type=target_service target=18 station_ord=0 planned_finish=116.36 actual_finish=116.36 dev=+0.00 injected=0.0
[charge_scheduler-1] [INFO] [1785769639.024032121] [charge_scheduler]: [执行事件] loop=global plan_v=1 C1 type=station_turnaround target=-1 station_ord=1 planned_finish=122.54 actual_finish=122.54 dev=+0.00 injected=0.0
[charge_scheduler-1] [INFO] [1785769639.024037998] [charge_scheduler]: [执行事件] loop=global plan_v=1 C2 type=station_turnaround target=-1 station_ord=1 planned_finish=128.40 actual_finish=128.40 dev=+0.00 injected=0.0
[charge_scheduler-1] [INFO] [1785769639.024044066] [charge_scheduler]: [执行事件] loop=global plan_v=1 C3 type=target_service target=24 station_ord=0 planned_finish=139.54 actual_finish=139.54 dev=+0.00 injected=0.0
[charge_scheduler-1] [INFO] [1785769639.024050825] [charge_scheduler]: [执行事件] loop=global plan_v=1 C1 type=target_service target=1 station_ord=0 planned_finish=149.61 actual_finish=149.61 dev=+0.00 injected=0.0
[charge_scheduler-1] [INFO] [1785769639.024056604] [charge_scheduler]: [执行事件] loop=global plan_v=1 C2 type=target_service target=5 station_ord=0 planned_finish=175.35 actual_finish=175.35 dev=+0.00 injected=0.0
[charge_scheduler-1] [INFO] [1785769639.024062190] [charge_scheduler]: [执行事件] loop=global plan_v=1 C1 type=target_service target=0 station_ord=0 planned_finish=186.07 actual_finish=186.07 dev=+0.00 injected=0.0
[charge_scheduler-1] [INFO] [1785769639.024067938] [charge_scheduler]: [执行事件] loop=global plan_v=1 C3 type=target_service target=13 station_ord=0 planned_finish=179.74 actual_finish=209.74 dev=+30.00 injected=30.0
[charge_scheduler-1] [WARN] [1785769639.575683124] [charge_scheduler]: [重调度事件] policy=global #2 t=209.74min trigger=C3/target_service dev=+30.00 pool=10 committed=2 plan_v=2 solve_ms=551.6 changed_assign=8 changed_order=2
[charge_scheduler-1] [INFO] [1785769639.575739554] [charge_scheduler]: [执行事件] loop=global plan_v=1 C2 type=target_service target=26 station_ord=0 planned_finish=221.50 actual_finish=221.50 dev=+0.00 injected=0.0
[charge_scheduler-1] [INFO] [1785769639.575748754] [charge_scheduler]: [执行事件] loop=global plan_v=1 C1 type=target_service target=6 station_ord=0 planned_finish=230.83 actual_finish=230.83 dev=+0.00 injected=0.0
[charge_scheduler-1] [INFO] [1785769639.575755160] [charge_scheduler]: [执行事件] loop=global plan_v=2 C2 type=station_turnaround target=-1 station_ord=2 planned_finish=234.12 actual_finish=234.12 dev=+0.00 injected=0.0
[charge_scheduler-1] [INFO] [1785769639.575761402] [charge_scheduler]: [执行事件] loop=global plan_v=2 C1 type=station_turnaround target=-1 station_ord=2 planned_finish=245.36 actual_finish=245.36 dev=+0.00 injected=0.0
[charge_scheduler-1] [INFO] [1785769639.575775221] [charge_scheduler]: [执行事件] loop=global plan_v=2 C3 type=target_service target=16 station_ord=0 planned_finish=246.53 actual_finish=246.53 dev=+0.00 injected=0.0
[charge_scheduler-1] [INFO] [1785769639.575810774] [charge_scheduler]: [执行事件] loop=global plan_v=2 C3 type=station_turnaround target=-1 station_ord=2 planned_finish=258.85 actual_finish=258.85 dev=+0.00 injected=0.0
[charge_scheduler-1] [INFO] [1785769639.575817066] [charge_scheduler]: [执行事件] loop=global plan_v=2 C2 type=target_service target=10 station_ord=0 planned_finish=272.16 actual_finish=272.16 dev=+0.00 injected=0.0
[charge_scheduler-1] [INFO] [1785769639.575823029] [charge_scheduler]: [执行事件] loop=global plan_v=2 C1 type=target_service target=29 station_ord=0 planned_finish=290.32 actual_finish=290.32 dev=+0.00 injected=0.0
[charge_scheduler-1] [INFO] [1785769639.575829219] [charge_scheduler]: [执行事件] loop=global plan_v=2 C3 type=target_service target=19 station_ord=0 planned_finish=299.61 actual_finish=299.61 dev=+0.00 injected=0.0
[charge_scheduler-1] [INFO] [1785769639.575835049] [charge_scheduler]: [执行事件] loop=global plan_v=2 C2 type=target_service target=23 station_ord=0 planned_finish=319.71 actual_finish=319.71 dev=+0.00 injected=0.0
[charge_scheduler-1] [INFO] [1785769639.575840630] [charge_scheduler]: [执行事件] loop=global plan_v=2 C2 type=station_turnaround target=-1 station_ord=3 planned_finish=331.86 actual_finish=331.86 dev=+0.00 injected=0.0
[charge_scheduler-1] [INFO] [1785769639.575846579] [charge_scheduler]: [执行事件] loop=global plan_v=2 C3 type=target_service target=25 station_ord=0 planned_finish=338.10 actual_finish=338.10 dev=+0.00 injected=0.0
[charge_scheduler-1] [INFO] [1785769639.575852416] [charge_scheduler]: [执行事件] loop=global plan_v=2 C1 type=target_service target=2 station_ord=0 planned_finish=338.98 actual_finish=338.98 dev=+0.00 injected=0.0
[charge_scheduler-1] [INFO] [1785769639.575858030] [charge_scheduler]: [执行事件] loop=global plan_v=2 C1 type=station_turnaround target=-1 station_ord=3 planned_finish=351.63 actual_finish=351.63 dev=+0.00 injected=0.0
[charge_scheduler-1] [INFO] [1785769639.575863902] [charge_scheduler]: [执行事件] loop=global plan_v=2 C3 type=station_turnaround target=-1 station_ord=3 planned_finish=353.04 actual_finish=353.04 dev=+0.00 injected=0.0
[charge_scheduler-1] [INFO] [1785769639.575869656] [charge_scheduler]: [执行事件] loop=global plan_v=2 C2 type=target_service target=14 station_ord=0 planned_finish=380.16 actual_finish=380.16 dev=+0.00 injected=0.0
[charge_scheduler-1] [INFO] [1785769639.575875200] [charge_scheduler]: [执行事件] loop=global plan_v=2 C2 type=final_return target=-1 station_ord=0 planned_finish=384.42 actual_finish=384.42 dev=+0.00 injected=0.0
[charge_scheduler-1] [INFO] [1785769639.575880784] [charge_scheduler]: [执行事件] loop=global plan_v=2 C1 type=target_service target=20 station_ord=0 planned_finish=397.45 actual_finish=397.45 dev=+0.00 injected=0.0
[charge_scheduler-1] [INFO] [1785769639.575886341] [charge_scheduler]: [执行事件] loop=global plan_v=2 C3 type=target_service target=17 station_ord=0 planned_finish=398.40 actual_finish=398.40 dev=+0.00 injected=0.0
[charge_scheduler-1] [INFO] [1785769639.575891894] [charge_scheduler]: [执行事件] loop=global plan_v=2 C1 type=final_return target=-1 station_ord=0 planned_finish=399.91 actual_finish=399.91 dev=+0.00 injected=0.0
[charge_scheduler-1] [INFO] [1785769639.575897211] [charge_scheduler]: [执行事件] loop=global plan_v=2 C3 type=final_return target=-1 station_ord=0 planned_finish=400.33 actual_finish=400.33 dev=+0.00 injected=0.0
[charge_scheduler-1] [INFO] [1785769639.575908879] [charge_scheduler]: ★闭环实验结果 mode=open M=30 K=3 disturbance=target delay=30.0 seed=1 N_late=16 T_overtime=481.182 C_total=7008.384 makespan=416.015 served=30 energy_viol=4 reschedules=0 reschedule_ms=0.000 changed_assign=0 changed_order=0 applied_target=2 applied_station=0 initial_solve_ms=47827.049 objective_order=Tover,Nlate,Ctotal
[charge_scheduler-1] [INFO] [1785769639.575919870] [charge_scheduler]: ★闭环实验结果 mode=fixed M=30 K=3 disturbance=target delay=30.0 seed=1 N_late=15 T_overtime=541.379 C_total=6955.093 makespan=416.015 served=30 energy_viol=0 reschedules=2 reschedule_ms=637.393 changed_assign=0 changed_order=17 applied_target=2 applied_station=0 initial_solve_ms=47827.049 objective_order=Tover,Nlate,Ctotal
[charge_scheduler-1] [INFO] [1785769639.575927711] [charge_scheduler]: ★闭环实验收益 policy=fixed M=30 K=3 disturbance=target delay=30.0 seed=1 recovered_late=1 overtime_reduction=-60.197 distance_delta=-53.291 makespan_reduction=0.000
[charge_scheduler-1] [INFO] [1785769639.575935921] [charge_scheduler]: ★闭环实验结果 mode=closed M=30 K=3 disturbance=target delay=30.0 seed=1 N_late=17 T_overtime=496.322 C_total=7034.215 makespan=400.332 served=30 energy_viol=0 reschedules=2 reschedule_ms=3360.223 changed_assign=20 changed_order=16 applied_target=2 applied_station=0 initial_solve_ms=47827.049 objective_order=Tover,Nlate,Ctotal
[charge_scheduler-1] [INFO] [1785769639.575943701] [charge_scheduler]: ★闭环实验收益 policy=closed M=30 K=3 disturbance=target delay=30.0 seed=1 recovered_late=-1 overtime_reduction=-15.140 distance_delta=25.831 makespan_reduction=15.683
