[INFO] [launch]: All log files can be found below /root/.ros/log/2026-08-03-15-59-44-008828-YYYY-75852
[INFO] [launch]: Default logging verbosity is set to INFO
[INFO] [charge_scheduler-1]: process started with pid [75856]
[charge_scheduler-1] [INFO] [1785772784.134795657] [charge_scheduler]: [目标顺序] objective_order=Tover,Nlate,Ctotal
[charge_scheduler-1] [INFO] [1785772784.135333127] [charge_scheduler]: [Scheduler] 30辆车 | 电池800.0kWh(20%=160.0 80%=640.0) | 充电360kW效率97% | 行驶0.6kWh/km | 桩350kW
[charge_scheduler-1] [INFO] [1785772784.135365064] [charge_scheduler]: [Scheduler] 站端周转: 换电 10 min(换后满电) | 单趟可用 640 kWh
[charge_scheduler-1] [INFO] [1785772784.135373920] [charge_scheduler]:   车#0 [电动装载机282|light] 位置(3889.6,73764.7) 容量282kWh 剩余35% | α=6→6min/% τ=168min → 需130.8kWh(充21.2min)
[charge_scheduler-1] [INFO] [1785772784.135387622] [charge_scheduler]:   车#1 [重型叉车|light] 位置(3778.9,73807.0) 容量200kWh 剩余20% | α=6→6min/% τ=96min → 需123.7kWh(充20.0min)
[charge_scheduler-1] [INFO] [1785772784.135400726] [charge_scheduler]:   车#2 [电动装载机350|light] 位置(3794.9,73804.6) 容量350kWh 剩余50% | α=6→6min/% τ=288min → 需108.2kWh(充17.5min)
[charge_scheduler-1] [INFO] [1785772784.135413112] [charge_scheduler]:   车#3 [重型叉车|light] 位置(3806.9,73760.3) 容量200kWh 剩余10% | α=6→6min/% τ=32min → 需144.3kWh(充23.3min)
[charge_scheduler-1] [INFO] [1785772784.135424371] [charge_scheduler]:   车#4 [电动装载机282|heavy→降级] 位置(3705.1,73758.2) 容量282kWh 剩余60% | α=3→6min/% τ=212min → 需58.1kWh(充9.4min)
[charge_scheduler-1] [INFO] [1785772784.135435824] [charge_scheduler]:   车#5 [电动装载机350|light] 位置(3756.5,73770.2) 容量350kWh 剩余25% | α=6→6min/% τ=128min → 需198.5kWh(充32.1min)
[charge_scheduler-1] [INFO] [1785772784.135447167] [charge_scheduler]:   车#6 [电动装载机350|heavy→降级] 位置(3887.4,73809.4) 容量350kWh 剩余40% | α=4→6min/% τ=176min → 需144.3kWh(充23.3min)
[charge_scheduler-1] [INFO] [1785772784.135462116] [charge_scheduler]:   车#7 [重型叉车|light] 位置(3899.0,73786.6) 容量200kWh 剩余15% | α=6→6min/% τ=64min → 需134.0kWh(充21.7min)
[charge_scheduler-1] [INFO] [1785772784.135473810] [charge_scheduler]:   车#8 [电动装载机282|heavy→降级] 位置(3689.7,73663.1) 容量282kWh 剩余55% | α=3→6min/% τ=196min → 需72.7kWh(充11.8min)
[charge_scheduler-1] [INFO] [1785772784.135485390] [charge_scheduler]:   车#9 [电动装载机282|heavy→降级] 位置(3748.4,73767.2) 容量282kWh 剩余30% | α=3→6min/% τ=116min → 需145.4kWh(充23.5min)
[charge_scheduler-1] [INFO] [1785772784.135496659] [charge_scheduler]:   车#10 [电动装载机282|light] 位置(3865.2,73751.0) 容量282kWh 剩余45% | α=6→6min/% τ=224min → 需101.8kWh(充16.4min)
[charge_scheduler-1] [INFO] [1785772784.135508067] [charge_scheduler]:   车#11 [电动装载机350|light] 位置(3785.0,73749.2) 容量350kWh 剩余18% | α=6→6min/% τ=83min → 需223.7kWh(充36.2min)
[charge_scheduler-1] [INFO] [1785772784.135519463] [charge_scheduler]:   车#12 [重型叉车|heavy→降级] 位置(3811.5,73799.9) 容量200kWh 剩余62% | α=3→6min/% τ=230min → 需37.1kWh(充6.0min)
[charge_scheduler-1] [INFO] [1785772784.135531290] [charge_scheduler]:   车#13 [电动装载机282|light] 位置(3810.8,73773.1) 容量282kWh 剩余28% | α=6→6min/% τ=129min → 需151.2kWh(充24.4min)
[charge_scheduler-1] [INFO] [1785772784.135544667] [charge_scheduler]:   车#14 [电动装载机350|light] 位置(3905.0,73793.5) 容量350kWh 剩余52% | α=6→6min/% τ=301min → 需101.0kWh(充16.3min)
[charge_scheduler-1] [INFO] [1785772784.135556931] [charge_scheduler]:   车#15 [重型叉车|light] 位置(3894.3,73756.9) 容量200kWh 剩余12% | α=6→6min/% τ=45min → 需140.2kWh(充22.7min)
[charge_scheduler-1] [INFO] [1785772784.135569130] [charge_scheduler]:   车#16 [电动装载机282|light] 位置(3818.5,73716.2) 容量282kWh 剩余38% | α=6→6min/% τ=185min → 需122.1kWh(充19.7min)
[charge_scheduler-1] [INFO] [1785772784.135581309] [charge_scheduler]:   车#17 [电动装载机350|light] 位置(3733.2,73772.4) 容量350kWh 剩余58% | α=6→6min/% τ=339min → 需79.4kWh(充12.8min)
[charge_scheduler-1] [INFO] [1785772784.135593767] [charge_scheduler]:   车#18 [重型叉车|heavy→降级] 位置(3764.7,73699.0) 容量200kWh 剩余22% | α=3→6min/% τ=102min → 需119.6kWh(充19.3min)
[charge_scheduler-1] [INFO] [1785772784.135605667] [charge_scheduler]:   车#19 [电动装载机282|light] 位置(3878.4,73747.9) 容量282kWh 剩余48% | α=6→6min/% τ=241min → 需93.0kWh(充15.0min)
[charge_scheduler-1] [INFO] [1785772784.135646146] [charge_scheduler]:   车#20 [电动装载机350|light] 位置(3740.3,73686.9) 容量350kWh 剩余33% | α=6→6min/% τ=179min → 需169.6kWh(充27.4min)
[charge_scheduler-1] [INFO] [1785772784.135660814] [charge_scheduler]:   车#21 [重型叉车|heavy→降级] 位置(3895.4,73811.9) 容量200kWh 剩余65% | α=3→6min/% τ=240min → 需30.9kWh(充5.0min)
[charge_scheduler-1] [INFO] [1785772784.135672781] [charge_scheduler]:   车#22 [电动装载机282|light] 位置(3876.0,73830.2) 容量282kWh 剩余16% | α=6→6min/% τ=62min → 需186.1kWh(充30.1min)
[charge_scheduler-1] [INFO] [1785772784.135684476] [charge_scheduler]:   车#23 [电动装载机350|light] 位置(3765.9,73790.3) 容量350kWh 剩余42% | α=6→6min/% τ=237min → 需137.1kWh(充22.2min)
[charge_scheduler-1] [INFO] [1785772784.135696844] [charge_scheduler]:   车#24 [重型叉车|heavy→降级] 位置(3637.1,73698.1) 容量200kWh 剩余25% | α=3→6min/% τ=112min → 需113.4kWh(充18.3min)
[charge_scheduler-1] [INFO] [1785772784.135709676] [charge_scheduler]:   车#25 [电动装载机282|light] 位置(3884.5,73833.1) 容量282kWh 剩余55% | α=6→6min/% τ=280min → 需72.7kWh(充11.8min)
[charge_scheduler-1] [INFO] [1785772784.135722260] [charge_scheduler]:   车#26 [电动装载机350|light] 位置(3699.3,73765.4) 容量350kWh 剩余30% | α=6→6min/% τ=160min → 需180.4kWh(充29.2min)
[charge_scheduler-1] [INFO] [1785772784.135735592] [charge_scheduler]:   车#27 [重型叉车|heavy→降级] 位置(3800.8,73717.7) 容量200kWh 剩余68% | α=3→6min/% τ=250min → 需24.7kWh(充4.0min)
[charge_scheduler-1] [INFO] [1785772784.137120282] [charge_scheduler]:   车#28 [电动装载机282|light] 位置(3825.0,73792.7) 容量282kWh 剩余20% | α=6→6min/% τ=84min → 需174.4kWh(充28.2min)
[charge_scheduler-1] [INFO] [1785772784.137193709] [charge_scheduler]:   车#29 [电动装载机350|light] 位置(3784.3,73759.0) 容量350kWh 剩余36% | α=6→6min/% τ=198min → 需158.8kWh(充25.7min)
[charge_scheduler-1] [INFO] [1785772784.151091028] [charge_scheduler]: [Scheduler] 闭环接口: threshold=10.0min | event_sim=on | policy=all | structured_feedback=optional (/task_planner/execution_event)
[charge_scheduler-1] [INFO] [1785772784.151200754] [charge_scheduler]: [Scheduler] 已启动, 等待地图...
[charge_scheduler-1] [INFO] [1785772784.151212480] [charge_scheduler]: [Scheduler] 充电车1接口: sequence/served/arrived_target/arrived_station/return_goal/task_complete 后缀=_1
[charge_scheduler-1] [INFO] [1785772784.151221791] [charge_scheduler]: [Scheduler] 充电车2接口: sequence/served/arrived_target/arrived_station/return_goal/task_complete 后缀=_2
[charge_scheduler-1] [INFO] [1785772784.151229558] [charge_scheduler]: [Scheduler] 充电车3接口: sequence/served/arrived_target/arrived_station/return_goal/task_complete 后缀=_3
[charge_scheduler-1] [INFO] [1785772784.250114977] [charge_scheduler]: [Scheduler] RoutingGraph 就绪
[charge_scheduler-1] [INFO] [1785772784.250523811] [charge_scheduler]: [Scheduler] 提取到 0 条虚线捷径
[charge_scheduler-1] [INFO] [1785772784.277608659] [charge_scheduler]: [Scheduler] 下层兼容增强图: 190 节点, 0 条虚线掉头边
[charge_scheduler-1] [INFO] [1785772804.970713760] [charge_scheduler]: [Scheduler] 距离矩阵完成 31x31, 20693.1 ms | 模式=maneuver | 真实不可达=0 抽象不可达=0 | 缺少对向投影节点=0 | 对向识别(ID/几何/法向)=0/0/0 | 单向驿站投影=0
[charge_scheduler-1] [INFO] [1785772804.970781640] [charge_scheduler]:   ✓ 比值自检：930 个 OD 满足 机动/直线≥1 | 均值=4.11 最大=62.63 (车#0→车#15)
[charge_scheduler-1] [INFO] [1785772804.970793736] [charge_scheduler]: [Scheduler] 地图就绪, 190 条 lanelet（与下层一致）
[charge_scheduler-1] [INFO] [1785772804.970832920] [charge_scheduler]: ======== 开始VRPTW调度 30 辆车 ========
[charge_scheduler-1] [INFO] [1785772804.970837544] [charge_scheduler]:   规模30>8 → 启发式(alns)
[charge_scheduler-1] [INFO] [1785772850.963252743] [charge_scheduler]: [ALNS] objective_order=Tover,Nlate,Ctotal seed=5 iters=15000 | N_late=12(成功率60.0%) T_overtime=231.6min C_total=7392.7m | 趟数=11 makespan=386.3min
[charge_scheduler-1] [INFO] [1785772850.963295319] [charge_scheduler]:   求解耗时 45992.5 ms
[charge_scheduler-1] [INFO] [1785772850.963302175] [charge_scheduler]: ════════ 调度结果 ════════
[charge_scheduler-1] [INFO] [1785772850.963307507] [charge_scheduler]:   ★目标(字典序): objective_order=Tover,Nlate,Ctotal | N_late=12 辆 (按时成功率 18/30 = 60.0%)  T_overtime=231.6min  C_total=7392.7m
[charge_scheduler-1] [INFO] [1785772850.963345437] [charge_scheduler]:   附: 趟数=11 | makespan=386.3min | 能量可行=是
[charge_scheduler-1] [INFO] [1785772850.963355651] [charge_scheduler]:   [充电车3] 趟1: 站 → 车#4(到2.1/限212.0✓) → 车#1(到14.9/限96.0✓) → 车#28(到36.6/限84.0✓) → 车#9(到69.7/限116.0✓) → 站
[charge_scheduler-1] [INFO] [1785772850.963362342] [charge_scheduler]:   [充电车1] 趟2: 站 → 车#12(到2.3/限230.4✓) → 车#21(到10.6/限240.0✓) → 车#15(到17.7/限44.8✓) → 车#3(到43.1/限32.0✗超时) → 车#11(到68.6/限83.2✓) → 站
[charge_scheduler-1] [INFO] [1785772850.963368716] [charge_scheduler]:   [充电车2] 趟3: 站 → 车#8(到5.0/限196.0✓) → 车#27(到19.4/限249.6✓) → 车#7(到27.6/限64.0✓) → 车#22(到51.5/限61.6✓) → 车#18(到91.2/限102.4✓) → 站
[charge_scheduler-1] [INFO] [1785772850.963373504] [charge_scheduler]:   [充电车2] 趟4: 站 → 车#5(到130.8/限128.0✗超时) → 车#20(到176.8/限179.2✓) → 站
[charge_scheduler-1] [INFO] [1785772850.963379514] [charge_scheduler]:   [充电车3] 趟5: 站 → 车#24(到116.4/限112.0✗超时) → 车#26(到145.4/限160.0✓) → 车#16(到191.5/限184.8✗超时) → 站
[charge_scheduler-1] [INFO] [1785772850.963384553] [charge_scheduler]:   [充电车1] 趟6: 站 → 车#13(到124.2/限128.8✓) → 车#0(到160.7/限168.0✓) → 车#10(到195.8/限224.0✓) → 站
[charge_scheduler-1] [INFO] [1785772850.963388962] [charge_scheduler]:   [充电车3] 趟7: 站 → 车#19(到244.6/限240.8✗超时) → 车#25(到283.1/限280.0✗超时) → 站
[charge_scheduler-1] [INFO] [1785772850.963393536] [charge_scheduler]:   [充电车2] 趟8: 站 → 车#6(到237.0/限176.0✗超时) → 车#23(到283.2/限236.8✗超时) → 站
[charge_scheduler-1] [INFO] [1785772850.963397901] [charge_scheduler]:   [充电车1] 趟9: 站 → 车#29(到245.8/限198.4✗超时) → 车#2(到294.5/限288.0✗超时) → 站
[charge_scheduler-1] [INFO] [1785772850.963402010] [charge_scheduler]:   [充电车2] 趟10: 站 → 车#17(到340.7/限339.2✗超时) → 站
[charge_scheduler-1] [INFO] [1785772850.963406431] [charge_scheduler]:   [充电车3] 趟11: 站 → 车#14(到337.8/限300.8✗超时) → 站
[charge_scheduler-1] [INFO] [1785772850.963409672] [charge_scheduler]: ════════════════════════
[charge_scheduler-1] [INFO] [1785772850.963460671] [charge_scheduler]: [扰动清单] type=station delay=60.0min targets={} station={C1-S1,C3-S1,}
[charge_scheduler-1] [INFO] [1785772850.963474862] [charge_scheduler]: [执行事件] loop=open plan_v=0 C1 type=target_service target=12 station_ord=0 planned_finish=8.50 actual_finish=8.50 dev=+0.00 injected=0.0
[charge_scheduler-1] [INFO] [1785772850.963481758] [charge_scheduler]: [执行事件] loop=open plan_v=0 C3 type=target_service target=4 station_ord=0 planned_finish=11.77 actual_finish=11.77 dev=+0.00 injected=0.0
[charge_scheduler-1] [INFO] [1785772850.963487546] [charge_scheduler]: [执行事件] loop=open plan_v=0 C1 type=target_service target=21 station_ord=0 planned_finish=16.66 actual_finish=16.66 dev=+0.00 injected=0.0
[charge_scheduler-1] [INFO] [1785772850.963493086] [charge_scheduler]: [执行事件] loop=open plan_v=0 C2 type=target_service target=8 station_ord=0 planned_finish=17.45 actual_finish=17.45 dev=+0.00 injected=0.0
[charge_scheduler-1] [INFO] [1785772850.963498570] [charge_scheduler]: [执行事件] loop=open plan_v=0 C2 type=target_service target=27 station_ord=0 planned_finish=25.46 actual_finish=25.46 dev=+0.00 injected=0.0
[charge_scheduler-1] [INFO] [1785772850.963503921] [charge_scheduler]: [执行事件] loop=open plan_v=0 C3 type=target_service target=1 station_ord=0 planned_finish=35.65 actual_finish=35.65 dev=+0.00 injected=0.0
[charge_scheduler-1] [INFO] [1785772850.963509258] [charge_scheduler]: [执行事件] loop=open plan_v=0 C1 type=target_service target=15 station_ord=0 planned_finish=41.31 actual_finish=41.31 dev=+0.00 injected=0.0
[charge_scheduler-1] [INFO] [1785772850.963514608] [charge_scheduler]: [执行事件] loop=open plan_v=0 C2 type=target_service target=7 station_ord=0 planned_finish=50.69 actual_finish=50.69 dev=+0.00 injected=0.0
[charge_scheduler-1] [INFO] [1785772850.963520220] [charge_scheduler]: [执行事件] loop=open plan_v=0 C3 type=target_service target=28 station_ord=0 planned_finish=67.92 actual_finish=67.92 dev=+0.00 injected=0.0
[charge_scheduler-1] [INFO] [1785772850.963528500] [charge_scheduler]: [执行事件] loop=open plan_v=0 C1 type=target_service target=3 station_ord=0 planned_finish=68.11 actual_finish=68.11 dev=+0.00 injected=0.0
[charge_scheduler-1] [INFO] [1785772850.963533991] [charge_scheduler]: [执行事件] loop=open plan_v=0 C2 type=target_service target=22 station_ord=0 planned_finish=85.92 actual_finish=85.92 dev=+0.00 injected=0.0
[charge_scheduler-1] [INFO] [1785772850.963539217] [charge_scheduler]: [执行事件] loop=open plan_v=0 C3 type=target_service target=9 station_ord=0 planned_finish=101.04 actual_finish=101.04 dev=+0.00 injected=0.0
[charge_scheduler-1] [INFO] [1785772850.963545623] [charge_scheduler]: [执行事件] loop=open plan_v=0 C1 type=target_service target=11 station_ord=0 planned_finish=111.00 actual_finish=111.00 dev=+0.00 injected=0.0
[charge_scheduler-1] [INFO] [1785772850.963551518] [charge_scheduler]: [执行事件] loop=open plan_v=0 C2 type=target_service target=18 station_ord=0 planned_finish=115.56 actual_finish=115.56 dev=+0.00 injected=0.0
[charge_scheduler-1] [INFO] [1785772850.963557025] [charge_scheduler]: [执行事件] loop=open plan_v=0 C2 type=station_turnaround target=-1 station_ord=1 planned_finish=127.60 actual_finish=127.60 dev=+0.00 injected=0.0
[charge_scheduler-1] [INFO] [1785772850.963562540] [charge_scheduler]: [执行事件] loop=open plan_v=0 C3 type=station_turnaround target=-1 station_ord=1 planned_finish=113.38 actual_finish=173.38 dev=+60.00 injected=60.0
[charge_scheduler-1] [INFO] [1785772850.963569074] [charge_scheduler]: [执行事件] loop=open plan_v=0 C2 type=target_service target=5 station_ord=0 planned_finish=174.55 actual_finish=174.55 dev=+0.00 injected=0.0
[charge_scheduler-1] [INFO] [1785772850.963574522] [charge_scheduler]: [执行事件] loop=open plan_v=0 C1 type=station_turnaround target=-1 station_ord=1 planned_finish=122.54 actual_finish=182.54 dev=+60.00 injected=60.0
[charge_scheduler-1] [INFO] [1785772850.963580185] [charge_scheduler]: [执行事件] loop=open plan_v=0 C3 type=target_service target=24 station_ord=0 planned_finish=141.36 actual_finish=201.36 dev=+60.00 injected=0.0
[charge_scheduler-1] [INFO] [1785772850.963585737] [charge_scheduler]: [执行事件] loop=open plan_v=0 C1 type=target_service target=13 station_ord=0 planned_finish=159.09 actual_finish=219.47 dev=+60.38 injected=0.0
[charge_scheduler-1] [INFO] [1785772850.963591296] [charge_scheduler]: [执行事件] loop=open plan_v=0 C2 type=target_service target=20 station_ord=0 planned_finish=220.35 actual_finish=220.35 dev=+0.00 injected=0.0
[charge_scheduler-1] [INFO] [1785772850.963597386] [charge_scheduler]: [执行事件] loop=open plan_v=0 C2 type=station_turnaround target=-1 station_ord=2 planned_finish=232.81 actual_finish=232.81 dev=+0.00 injected=0.0
[charge_scheduler-1] [INFO] [1785772850.963602844] [charge_scheduler]: [执行事件] loop=open plan_v=0 C3 type=target_service target=26 station_ord=0 planned_finish=187.87 actual_finish=249.20 dev=+61.33 injected=0.0
[charge_scheduler-1] [INFO] [1785772850.963608472] [charge_scheduler]: [执行事件] loop=open plan_v=0 C1 type=target_service target=0 station_ord=0 planned_finish=195.37 actual_finish=256.36 dev=+60.99 injected=0.0
[charge_scheduler-1] [INFO] [1785772850.963614186] [charge_scheduler]: [执行事件] loop=open plan_v=0 C2 type=target_service target=6 station_ord=0 planned_finish=280.70 actual_finish=280.70 dev=+0.00 injected=0.0
[charge_scheduler-1] [INFO] [1785772850.963619714] [charge_scheduler]: [执行事件] loop=open plan_v=0 C3 type=target_service target=16 station_ord=0 planned_finish=226.78 actual_finish=288.11 dev=+61.33 injected=0.0
[charge_scheduler-1] [INFO] [1785772850.963625594] [charge_scheduler]: [执行事件] loop=open plan_v=0 C1 type=target_service target=10 station_ord=0 planned_finish=228.73 actual_finish=292.08 dev=+63.36 injected=0.0
[charge_scheduler-1] [INFO] [1785772850.963631305] [charge_scheduler]: [执行事件] loop=open plan_v=0 C3 type=station_turnaround target=-1 station_ord=2 planned_finish=239.11 actual_finish=300.43 dev=+61.33 injected=0.0
[charge_scheduler-1] [INFO] [1785772850.963636935] [charge_scheduler]: [执行事件] loop=open plan_v=0 C1 type=station_turnaround target=-1 station_ord=2 planned_finish=244.60 actual_finish=307.95 dev=+63.36 injected=0.0
[charge_scheduler-1] [INFO] [1785772850.963643317] [charge_scheduler]: [执行事件] loop=open plan_v=0 C2 type=target_service target=23 station_ord=0 planned_finish=326.90 actual_finish=326.90 dev=+0.00 injected=0.0
[charge_scheduler-1] [INFO] [1785772850.963650816] [charge_scheduler]: [执行事件] loop=open plan_v=0 C2 type=station_turnaround target=-1 station_ord=3 planned_finish=339.05 actual_finish=339.05 dev=+0.00 injected=0.0
[charge_scheduler-1] [INFO] [1785772850.963656276] [charge_scheduler]: [执行事件] loop=open plan_v=0 C3 type=target_service target=19 station_ord=0 planned_finish=279.86 actual_finish=341.19 dev=+61.33 injected=0.0
[charge_scheduler-1] [INFO] [1785772850.963661888] [charge_scheduler]: [执行事件] loop=open plan_v=0 C1 type=target_service target=29 station_ord=0 planned_finish=289.57 actual_finish=352.92 dev=+63.36 injected=0.0
[charge_scheduler-1] [INFO] [1785772850.963667480] [charge_scheduler]: [执行事件] loop=open plan_v=0 C3 type=target_service target=25 station_ord=0 planned_finish=318.36 actual_finish=379.68 dev=+61.33 injected=0.0
[charge_scheduler-1] [INFO] [1785772850.963673073] [charge_scheduler]: [执行事件] loop=open plan_v=0 C2 type=target_service target=17 station_ord=0 planned_finish=384.41 actual_finish=384.41 dev=+0.00 injected=0.0
[charge_scheduler-1] [INFO] [1785772850.963678656] [charge_scheduler]: [执行事件] loop=open plan_v=0 C2 type=final_return target=-1 station_ord=0 planned_finish=386.34 actual_finish=386.34 dev=+0.00 injected=0.0
[charge_scheduler-1] [INFO] [1785772850.963683888] [charge_scheduler]: [执行事件] loop=open plan_v=0 C3 type=station_turnaround target=-1 station_ord=3 planned_finish=333.29 actual_finish=394.62 dev=+61.33 injected=0.0
[charge_scheduler-1] [INFO] [1785772850.963689523] [charge_scheduler]: [执行事件] loop=open plan_v=0 C1 type=target_service target=2 station_ord=0 planned_finish=338.22 actual_finish=401.58 dev=+63.36 injected=0.0
[charge_scheduler-1] [INFO] [1785772850.963694992] [charge_scheduler]: [执行事件] loop=open plan_v=0 C1 type=final_return target=-1 station_ord=0 planned_finish=340.87 actual_finish=404.23 dev=+63.36 injected=0.0
[charge_scheduler-1] [INFO] [1785772850.963700390] [charge_scheduler]: [执行事件] loop=open plan_v=0 C3 type=target_service target=14 station_ord=0 planned_finish=381.59 actual_finish=442.92 dev=+61.33 injected=0.0
[charge_scheduler-1] [INFO] [1785772850.963705535] [charge_scheduler]: [执行事件] loop=open plan_v=0 C3 type=final_return target=-1 station_ord=0 planned_finish=385.86 actual_finish=447.19 dev=+61.33 injected=0.0
[charge_scheduler-1] [INFO] [1785772850.963718447] [charge_scheduler]: [执行事件] loop=fixed plan_v=0 C1 type=target_service target=12 station_ord=0 planned_finish=8.50 actual_finish=8.50 dev=+0.00 injected=0.0
[charge_scheduler-1] [INFO] [1785772850.963724117] [charge_scheduler]: [执行事件] loop=fixed plan_v=0 C3 type=target_service target=4 station_ord=0 planned_finish=11.77 actual_finish=11.77 dev=+0.00 injected=0.0
[charge_scheduler-1] [INFO] [1785772850.963729604] [charge_scheduler]: [执行事件] loop=fixed plan_v=0 C1 type=target_service target=21 station_ord=0 planned_finish=16.66 actual_finish=16.66 dev=+0.00 injected=0.0
[charge_scheduler-1] [INFO] [1785772850.963735111] [charge_scheduler]: [执行事件] loop=fixed plan_v=0 C2 type=target_service target=8 station_ord=0 planned_finish=17.45 actual_finish=17.45 dev=+0.00 injected=0.0
[charge_scheduler-1] [INFO] [1785772850.963740591] [charge_scheduler]: [执行事件] loop=fixed plan_v=0 C2 type=target_service target=27 station_ord=0 planned_finish=25.46 actual_finish=25.46 dev=+0.00 injected=0.0
[charge_scheduler-1] [INFO] [1785772850.963746119] [charge_scheduler]: [执行事件] loop=fixed plan_v=0 C3 type=target_service target=1 station_ord=0 planned_finish=35.65 actual_finish=35.65 dev=+0.00 injected=0.0
[charge_scheduler-1] [INFO] [1785772850.963752424] [charge_scheduler]: [执行事件] loop=fixed plan_v=0 C1 type=target_service target=15 station_ord=0 planned_finish=41.31 actual_finish=41.31 dev=+0.00 injected=0.0
[charge_scheduler-1] [INFO] [1785772850.963758084] [charge_scheduler]: [执行事件] loop=fixed plan_v=0 C2 type=target_service target=7 station_ord=0 planned_finish=50.69 actual_finish=50.69 dev=+0.00 injected=0.0
[charge_scheduler-1] [INFO] [1785772850.963763471] [charge_scheduler]: [执行事件] loop=fixed plan_v=0 C3 type=target_service target=28 station_ord=0 planned_finish=67.92 actual_finish=67.92 dev=+0.00 injected=0.0
[charge_scheduler-1] [INFO] [1785772850.963768937] [charge_scheduler]: [执行事件] loop=fixed plan_v=0 C1 type=target_service target=3 station_ord=0 planned_finish=68.11 actual_finish=68.11 dev=+0.00 injected=0.0
[charge_scheduler-1] [INFO] [1785772850.963778034] [charge_scheduler]: [执行事件] loop=fixed plan_v=0 C2 type=target_service target=22 station_ord=0 planned_finish=85.92 actual_finish=85.92 dev=+0.00 injected=0.0
[charge_scheduler-1] [INFO] [1785772850.963783463] [charge_scheduler]: [执行事件] loop=fixed plan_v=0 C3 type=target_service target=9 station_ord=0 planned_finish=101.04 actual_finish=101.04 dev=+0.00 injected=0.0
[charge_scheduler-1] [INFO] [1785772850.963789154] [charge_scheduler]: [执行事件] loop=fixed plan_v=0 C1 type=target_service target=11 station_ord=0 planned_finish=111.00 actual_finish=111.00 dev=+0.00 injected=0.0
[charge_scheduler-1] [INFO] [1785772850.963794996] [charge_scheduler]: [执行事件] loop=fixed plan_v=0 C2 type=target_service target=18 station_ord=0 planned_finish=115.56 actual_finish=115.56 dev=+0.00 injected=0.0
[charge_scheduler-1] [INFO] [1785772850.963800359] [charge_scheduler]: [执行事件] loop=fixed plan_v=0 C2 type=station_turnaround target=-1 station_ord=1 planned_finish=127.60 actual_finish=127.60 dev=+0.00 injected=0.0
[charge_scheduler-1] [INFO] [1785772850.963806071] [charge_scheduler]: [执行事件] loop=fixed plan_v=0 C3 type=station_turnaround target=-1 station_ord=1 planned_finish=113.38 actual_finish=173.38 dev=+60.00 injected=60.0
[charge_scheduler-1] [WARN] [1785772851.277227384] [charge_scheduler]: [重调度事件] policy=fixed #1 t=173.38min trigger=C3/station_turnaround dev=+60.00 pool=15 committed=1 plan_v=1 solve_ms=313.4 changed_assign=0 changed_order=13
[charge_scheduler-1] [INFO] [1785772851.277279693] [charge_scheduler]: [执行事件] loop=fixed plan_v=0 C2 type=target_service target=5 station_ord=0 planned_finish=174.55 actual_finish=174.55 dev=+0.00 injected=0.0
[charge_scheduler-1] [INFO] [1785772851.277288341] [charge_scheduler]: [执行事件] loop=fixed plan_v=0 C1 type=station_turnaround target=-1 station_ord=1 planned_finish=122.54 actual_finish=182.54 dev=+60.00 injected=60.0
[charge_scheduler-1] [WARN] [1785772851.536229265] [charge_scheduler]: [重调度事件] policy=fixed #2 t=182.54min trigger=C1/station_turnaround dev=+60.00 pool=13 committed=2 plan_v=2 solve_ms=258.9 changed_assign=0 changed_order=0
[charge_scheduler-1] [INFO] [1785772851.536274519] [charge_scheduler]: [执行事件] loop=fixed plan_v=1 C3 type=target_service target=24 station_ord=0 planned_finish=201.36 actual_finish=201.36 dev=+0.00 injected=0.0
[charge_scheduler-1] [INFO] [1785772851.536284076] [charge_scheduler]: [执行事件] loop=fixed plan_v=2 C1 type=target_service target=13 station_ord=0 planned_finish=219.47 actual_finish=219.47 dev=+0.00 injected=0.0
[charge_scheduler-1] [INFO] [1785772851.536290064] [charge_scheduler]: [执行事件] loop=fixed plan_v=1 C2 type=target_service target=20 station_ord=0 planned_finish=220.35 actual_finish=220.35 dev=+0.00 injected=0.0
[charge_scheduler-1] [INFO] [1785772851.536296802] [charge_scheduler]: [执行事件] loop=fixed plan_v=2 C2 type=station_turnaround target=-1 station_ord=2 planned_finish=232.81 actual_finish=232.81 dev=+0.00 injected=0.0
[charge_scheduler-1] [INFO] [1785772851.536303217] [charge_scheduler]: [执行事件] loop=fixed plan_v=2 C3 type=target_service target=16 station_ord=0 planned_finish=243.01 actual_finish=243.01 dev=+0.00 injected=0.0
[charge_scheduler-1] [INFO] [1785772851.536308757] [charge_scheduler]: [执行事件] loop=fixed plan_v=2 C1 type=target_service target=0 station_ord=0 planned_finish=256.36 actual_finish=256.36 dev=+0.00 injected=0.0
[charge_scheduler-1] [INFO] [1785772851.536314376] [charge_scheduler]: [执行事件] loop=fixed plan_v=2 C1 type=station_turnaround target=-1 station_ord=2 planned_finish=271.83 actual_finish=271.83 dev=+0.00 injected=0.0
[charge_scheduler-1] [INFO] [1785772851.536320018] [charge_scheduler]: [执行事件] loop=fixed plan_v=2 C2 type=target_service target=6 station_ord=0 planned_finish=280.70 actual_finish=280.70 dev=+0.00 injected=0.0
[charge_scheduler-1] [INFO] [1785772851.536325692] [charge_scheduler]: [执行事件] loop=fixed plan_v=2 C3 type=target_service target=19 station_ord=0 planned_finish=284.15 actual_finish=284.15 dev=+0.00 injected=0.0
[charge_scheduler-1] [INFO] [1785772851.536331088] [charge_scheduler]: [执行事件] loop=fixed plan_v=2 C3 type=station_turnaround target=-1 station_ord=2 planned_finish=297.48 actual_finish=297.48 dev=+0.00 injected=0.0
[charge_scheduler-1] [INFO] [1785772851.536363361] [charge_scheduler]: [执行事件] loop=fixed plan_v=2 C1 type=target_service target=10 station_ord=0 planned_finish=309.88 actual_finish=309.88 dev=+0.00 injected=0.0
[charge_scheduler-1] [INFO] [1785772851.536369362] [charge_scheduler]: [执行事件] loop=fixed plan_v=2 C2 type=target_service target=23 station_ord=0 planned_finish=326.90 actual_finish=326.90 dev=+0.00 injected=0.0
[charge_scheduler-1] [INFO] [1785772851.536375306] [charge_scheduler]: [执行事件] loop=fixed plan_v=2 C3 type=target_service target=25 station_ord=0 planned_finish=336.62 actual_finish=336.62 dev=+0.00 injected=0.0
[charge_scheduler-1] [INFO] [1785772851.536380796] [charge_scheduler]: [执行事件] loop=fixed plan_v=2 C2 type=station_turnaround target=-1 station_ord=3 planned_finish=339.05 actual_finish=339.05 dev=+0.00 injected=0.0
[charge_scheduler-1] [INFO] [1785772851.536386349] [charge_scheduler]: [执行事件] loop=fixed plan_v=2 C1 type=target_service target=2 station_ord=0 planned_finish=356.94 actual_finish=356.94 dev=+0.00 injected=0.0
[charge_scheduler-1] [INFO] [1785772851.536394225] [charge_scheduler]: [执行事件] loop=fixed plan_v=2 C1 type=station_turnaround target=-1 station_ord=3 planned_finish=369.59 actual_finish=369.59 dev=+0.00 injected=0.0
[charge_scheduler-1] [INFO] [1785772851.536401852] [charge_scheduler]: [执行事件] loop=fixed plan_v=2 C3 type=target_service target=14 station_ord=0 planned_finish=381.12 actual_finish=381.12 dev=+0.00 injected=0.0
[charge_scheduler-1] [INFO] [1785772851.536410325] [charge_scheduler]: [执行事件] loop=fixed plan_v=2 C2 type=target_service target=17 station_ord=0 planned_finish=384.41 actual_finish=384.41 dev=+0.00 injected=0.0
[charge_scheduler-1] [INFO] [1785772851.536418613] [charge_scheduler]: [执行事件] loop=fixed plan_v=2 C2 type=final_return target=-1 station_ord=0 planned_finish=386.34 actual_finish=386.34 dev=+0.00 injected=0.0
[charge_scheduler-1] [INFO] [1785772851.536427463] [charge_scheduler]: [执行事件] loop=fixed plan_v=2 C3 type=station_turnaround target=-1 station_ord=3 planned_finish=395.38 actual_finish=395.38 dev=+0.00 injected=0.0
[charge_scheduler-1] [INFO] [1785772851.536433675] [charge_scheduler]: [执行事件] loop=fixed plan_v=2 C1 type=target_service target=29 station_ord=0 planned_finish=414.56 actual_finish=414.56 dev=+0.00 injected=0.0
[charge_scheduler-1] [INFO] [1785772851.536439334] [charge_scheduler]: [执行事件] loop=fixed plan_v=2 C1 type=final_return target=-1 station_ord=0 planned_finish=418.76 actual_finish=418.76 dev=+0.00 injected=0.0
[charge_scheduler-1] [INFO] [1785772851.536444990] [charge_scheduler]: [执行事件] loop=fixed plan_v=2 C3 type=target_service target=26 station_ord=0 planned_finish=441.33 actual_finish=441.33 dev=+0.00 injected=0.0
[charge_scheduler-1] [INFO] [1785772851.536450279] [charge_scheduler]: [执行事件] loop=fixed plan_v=2 C3 type=final_return target=-1 station_ord=0 planned_finish=443.95 actual_finish=443.95 dev=+0.00 injected=0.0
[charge_scheduler-1] [INFO] [1785772851.536472299] [charge_scheduler]: [执行事件] loop=global plan_v=0 C1 type=target_service target=12 station_ord=0 planned_finish=8.50 actual_finish=8.50 dev=+0.00 injected=0.0
[charge_scheduler-1] [INFO] [1785772851.536478424] [charge_scheduler]: [执行事件] loop=global plan_v=0 C3 type=target_service target=4 station_ord=0 planned_finish=11.77 actual_finish=11.77 dev=+0.00 injected=0.0
[charge_scheduler-1] [INFO] [1785772851.536484164] [charge_scheduler]: [执行事件] loop=global plan_v=0 C1 type=target_service target=21 station_ord=0 planned_finish=16.66 actual_finish=16.66 dev=+0.00 injected=0.0
[charge_scheduler-1] [INFO] [1785772851.536489667] [charge_scheduler]: [执行事件] loop=global plan_v=0 C2 type=target_service target=8 station_ord=0 planned_finish=17.45 actual_finish=17.45 dev=+0.00 injected=0.0
[charge_scheduler-1] [INFO] [1785772851.536495257] [charge_scheduler]: [执行事件] loop=global plan_v=0 C2 type=target_service target=27 station_ord=0 planned_finish=25.46 actual_finish=25.46 dev=+0.00 injected=0.0
[charge_scheduler-1] [INFO] [1785772851.536500634] [charge_scheduler]: [执行事件] loop=global plan_v=0 C3 type=target_service target=1 station_ord=0 planned_finish=35.65 actual_finish=35.65 dev=+0.00 injected=0.0
[charge_scheduler-1] [INFO] [1785772851.536506118] [charge_scheduler]: [执行事件] loop=global plan_v=0 C1 type=target_service target=15 station_ord=0 planned_finish=41.31 actual_finish=41.31 dev=+0.00 injected=0.0
[charge_scheduler-1] [INFO] [1785772851.536514465] [charge_scheduler]: [执行事件] loop=global plan_v=0 C2 type=target_service target=7 station_ord=0 planned_finish=50.69 actual_finish=50.69 dev=+0.00 injected=0.0
[charge_scheduler-1] [INFO] [1785772851.536520021] [charge_scheduler]: [执行事件] loop=global plan_v=0 C3 type=target_service target=28 station_ord=0 planned_finish=67.92 actual_finish=67.92 dev=+0.00 injected=0.0
[charge_scheduler-1] [INFO] [1785772851.536525508] [charge_scheduler]: [执行事件] loop=global plan_v=0 C1 type=target_service target=3 station_ord=0 planned_finish=68.11 actual_finish=68.11 dev=+0.00 injected=0.0
[charge_scheduler-1] [INFO] [1785772851.536531111] [charge_scheduler]: [执行事件] loop=global plan_v=0 C2 type=target_service target=22 station_ord=0 planned_finish=85.92 actual_finish=85.92 dev=+0.00 injected=0.0
[charge_scheduler-1] [INFO] [1785772851.536536650] [charge_scheduler]: [执行事件] loop=global plan_v=0 C3 type=target_service target=9 station_ord=0 planned_finish=101.04 actual_finish=101.04 dev=+0.00 injected=0.0
[charge_scheduler-1] [INFO] [1785772851.536543448] [charge_scheduler]: [执行事件] loop=global plan_v=0 C1 type=target_service target=11 station_ord=0 planned_finish=111.00 actual_finish=111.00 dev=+0.00 injected=0.0
[charge_scheduler-1] [INFO] [1785772851.536549565] [charge_scheduler]: [执行事件] loop=global plan_v=0 C2 type=target_service target=18 station_ord=0 planned_finish=115.56 actual_finish=115.56 dev=+0.00 injected=0.0
[charge_scheduler-1] [INFO] [1785772851.536555117] [charge_scheduler]: [执行事件] loop=global plan_v=0 C2 type=station_turnaround target=-1 station_ord=1 planned_finish=127.60 actual_finish=127.60 dev=+0.00 injected=0.0
[charge_scheduler-1] [INFO] [1785772851.536561871] [charge_scheduler]: [执行事件] loop=global plan_v=0 C3 type=station_turnaround target=-1 station_ord=1 planned_finish=113.38 actual_finish=173.38 dev=+60.00 injected=60.0
[charge_scheduler-1] [WARN] [1785772853.044256232] [charge_scheduler]: [重调度事件] policy=global #1 t=173.38min trigger=C3/station_turnaround dev=+60.00 pool=15 committed=1 plan_v=1 solve_ms=1507.7 changed_assign=12 changed_order=10
[charge_scheduler-1] [INFO] [1785772853.044310669] [charge_scheduler]: [执行事件] loop=global plan_v=0 C2 type=target_service target=5 station_ord=0 planned_finish=174.55 actual_finish=174.55 dev=+0.00 injected=0.0
[charge_scheduler-1] [INFO] [1785772853.044323447] [charge_scheduler]: [执行事件] loop=global plan_v=0 C1 type=station_turnaround target=-1 station_ord=1 planned_finish=122.54 actual_finish=182.54 dev=+60.00 injected=60.0
[charge_scheduler-1] [WARN] [1785772854.202808540] [charge_scheduler]: [重调度事件] policy=global #2 t=182.54min trigger=C1/station_turnaround dev=+60.00 pool=13 committed=2 plan_v=2 solve_ms=1158.4 changed_assign=2 changed_order=2
[charge_scheduler-1] [INFO] [1785772854.202864065] [charge_scheduler]: [执行事件] loop=global plan_v=1 C3 type=target_service target=24 station_ord=0 planned_finish=201.36 actual_finish=201.36 dev=+0.00 injected=0.0
[charge_scheduler-1] [INFO] [1785772854.202872913] [charge_scheduler]: [执行事件] loop=global plan_v=2 C1 type=target_service target=13 station_ord=0 planned_finish=219.47 actual_finish=219.47 dev=+0.00 injected=0.0
[charge_scheduler-1] [INFO] [1785772854.202878959] [charge_scheduler]: [执行事件] loop=global plan_v=1 C2 type=target_service target=26 station_ord=0 planned_finish=220.70 actual_finish=220.70 dev=+0.00 injected=0.0
[charge_scheduler-1] [INFO] [1785772854.202886759] [charge_scheduler]: [执行事件] loop=global plan_v=2 C2 type=station_turnaround target=-1 station_ord=2 planned_finish=233.32 actual_finish=233.32 dev=+0.00 injected=0.0
[charge_scheduler-1] [INFO] [1785772854.202893260] [charge_scheduler]: [执行事件] loop=global plan_v=2 C3 type=target_service target=0 station_ord=0 planned_finish=242.00 actual_finish=242.00 dev=+0.00 injected=0.0
[charge_scheduler-1] [INFO] [1785772854.202899605] [charge_scheduler]: [执行事件] loop=global plan_v=2 C1 type=target_service target=16 station_ord=0 planned_finish=256.26 actual_finish=256.26 dev=+0.00 injected=0.0
[charge_scheduler-1] [INFO] [1785772854.203362708] [charge_scheduler]: [执行事件] loop=global plan_v=2 C1 type=station_turnaround target=-1 station_ord=2 planned_finish=268.58 actual_finish=268.58 dev=+0.00 injected=0.0
[charge_scheduler-1] [INFO] [1785772854.203408830] [charge_scheduler]: [执行事件] loop=global plan_v=2 C3 type=target_service target=10 station_ord=0 planned_finish=277.72 actual_finish=277.72 dev=+0.00 injected=0.0
[charge_scheduler-1] [INFO] [1785772854.203421930] [charge_scheduler]: [执行事件] loop=global plan_v=2 C2 type=target_service target=29 station_ord=0 planned_finish=278.29 actual_finish=278.29 dev=+0.00 injected=0.0
[charge_scheduler-1] [INFO] [1785772854.203428322] [charge_scheduler]: [执行事件] loop=global plan_v=2 C3 type=station_turnaround target=-1 station_ord=2 planned_finish=293.59 actual_finish=293.59 dev=+0.00 injected=0.0
[charge_scheduler-1] [INFO] [1785772854.203433993] [charge_scheduler]: [执行事件] loop=global plan_v=2 C1 type=target_service target=25 station_ord=0 planned_finish=307.09 actual_finish=307.09 dev=+0.00 injected=0.0
[charge_scheduler-1] [INFO] [1785772854.203439724] [charge_scheduler]: [执行事件] loop=global plan_v=2 C2 type=target_service target=19 station_ord=0 planned_finish=317.91 actual_finish=317.91 dev=+0.00 injected=0.0
[charge_scheduler-1] [INFO] [1785772854.203445797] [charge_scheduler]: [执行事件] loop=global plan_v=2 C2 type=station_turnaround target=-1 station_ord=3 planned_finish=331.24 actual_finish=331.24 dev=+0.00 injected=0.0
[charge_scheduler-1] [INFO] [1785772854.203451714] [charge_scheduler]: [执行事件] loop=global plan_v=2 C3 type=target_service target=20 station_ord=0 planned_finish=339.41 actual_finish=339.41 dev=+0.00 injected=0.0
[charge_scheduler-1] [INFO] [1785772854.203457348] [charge_scheduler]: [执行事件] loop=global plan_v=2 C1 type=target_service target=14 station_ord=0 planned_finish=351.59 actual_finish=351.59 dev=+0.00 injected=0.0
[charge_scheduler-1] [INFO] [1785772854.203462857] [charge_scheduler]: [执行事件] loop=global plan_v=2 C1 type=station_turnaround target=-1 station_ord=3 planned_finish=365.86 actual_finish=365.86 dev=+0.00 injected=0.0
[charge_scheduler-1] [INFO] [1785772854.203468780] [charge_scheduler]: [执行事件] loop=global plan_v=2 C2 type=target_service target=6 station_ord=0 planned_finish=379.13 actual_finish=379.13 dev=+0.00 injected=0.0
[charge_scheduler-1] [INFO] [1785772854.203474634] [charge_scheduler]: [执行事件] loop=global plan_v=2 C3 type=target_service target=23 station_ord=0 planned_finish=389.09 actual_finish=389.09 dev=+0.00 injected=0.0
[charge_scheduler-1] [INFO] [1785772854.203480527] [charge_scheduler]: [执行事件] loop=global plan_v=2 C3 type=final_return target=-1 station_ord=0 planned_finish=391.23 actual_finish=391.23 dev=+0.00 injected=0.0
[charge_scheduler-1] [INFO] [1785772854.203486126] [charge_scheduler]: [执行事件] loop=global plan_v=2 C1 type=target_service target=17 station_ord=0 planned_finish=411.22 actual_finish=411.22 dev=+0.00 injected=0.0
[charge_scheduler-1] [INFO] [1785772854.203491400] [charge_scheduler]: [执行事件] loop=global plan_v=2 C1 type=final_return target=-1 station_ord=0 planned_finish=413.15 actual_finish=413.15 dev=+0.00 injected=0.0
[charge_scheduler-1] [INFO] [1785772854.203496826] [charge_scheduler]: [执行事件] loop=global plan_v=2 C2 type=target_service target=2 station_ord=0 planned_finish=424.85 actual_finish=424.85 dev=+0.00 injected=0.0
[charge_scheduler-1] [INFO] [1785772854.203502129] [charge_scheduler]: [执行事件] loop=global plan_v=2 C2 type=final_return target=-1 station_ord=0 planned_finish=427.49 actual_finish=427.49 dev=+0.00 injected=0.0
[charge_scheduler-1] [INFO] [1785772854.203518060] [charge_scheduler]: ★闭环实验结果 mode=open M=30 K=3 disturbance=station delay=60.0 seed=5 N_late=16 T_overtime=850.459 C_total=7392.730 makespan=447.185 served=30 energy_viol=4 reschedules=0 reschedule_ms=0.000 changed_assign=0 changed_order=0 applied_target=0 applied_station=2 initial_solve_ms=45992.457 objective_order=Tover,Nlate,Ctotal
[charge_scheduler-1] [INFO] [1785772854.203528968] [charge_scheduler]: ★闭环实验结果 mode=fixed M=30 K=3 disturbance=station delay=60.0 seed=5 N_late=16 T_overtime=870.381 C_total=7479.680 makespan=443.954 served=30 energy_viol=0 reschedules=2 reschedule_ms=572.252 changed_assign=0 changed_order=13 applied_target=0 applied_station=2 initial_solve_ms=45992.457 objective_order=Tover,Nlate,Ctotal
[charge_scheduler-1] [INFO] [1785772854.203536510] [charge_scheduler]: ★闭环实验收益 policy=fixed M=30 K=3 disturbance=station delay=60.0 seed=5 recovered_late=0 overtime_reduction=-19.922 distance_delta=86.950 makespan_reduction=3.232
[charge_scheduler-1] [INFO] [1785772854.203545306] [charge_scheduler]: ★闭环实验结果 mode=closed M=30 K=3 disturbance=station delay=60.0 seed=5 N_late=16 T_overtime=834.845 C_total=7028.150 makespan=427.494 served=30 energy_viol=0 reschedules=2 reschedule_ms=2666.104 changed_assign=14 changed_order=12 applied_target=0 applied_station=2 initial_solve_ms=45992.457 objective_order=Tover,Nlate,Ctotal
[charge_scheduler-1] [INFO] [1785772854.203553077] [charge_scheduler]: ★闭环实验收益 policy=closed M=30 K=3 disturbance=station delay=60.0 seed=5 recovered_late=0 overtime_reduction=15.614 distance_delta=-364.580 makespan_reduction=19.691
