[INFO] [launch]: All log files can be found below /root/.ros/log/2026-08-03-14-32-57-845124-YYYY-58251
[INFO] [launch]: Default logging verbosity is set to INFO
[INFO] [charge_scheduler-1]: process started with pid [58255]
[charge_scheduler-1] [INFO] [1785767577.978512271] [charge_scheduler]: [目标顺序] objective_order=Tover,Nlate,Ctotal
[charge_scheduler-1] [INFO] [1785767577.978993864] [charge_scheduler]: [Scheduler] 20辆车 | 电池800.0kWh(20%=160.0 80%=640.0) | 充电360kW效率97% | 行驶0.6kWh/km | 桩350kW
[charge_scheduler-1] [INFO] [1785767577.979025713] [charge_scheduler]: [Scheduler] 站端周转: 换电 10 min(换后满电) | 单趟可用 640 kWh
[charge_scheduler-1] [INFO] [1785767577.979034765] [charge_scheduler]:   车#0 [电动装载机282|light] 位置(3865.2,73751.0) 容量282kWh 剩余35% | α=6→6min/% τ=168min → 需130.8kWh(充21.2min)
[charge_scheduler-1] [INFO] [1785767577.979049477] [charge_scheduler]:   车#1 [重型叉车|light] 位置(3785.0,73749.2) 容量200kWh 剩余20% | α=6→6min/% τ=96min → 需123.7kWh(充20.0min)
[charge_scheduler-1] [INFO] [1785767577.979057578] [charge_scheduler]:   车#2 [电动装载机350|light] 位置(3811.5,73799.9) 容量350kWh 剩余50% | α=6→6min/% τ=288min → 需108.2kWh(充17.5min)
[charge_scheduler-1] [INFO] [1785767577.979065173] [charge_scheduler]:   车#3 [重型叉车|light] 位置(3810.8,73773.1) 容量200kWh 剩余10% | α=6→6min/% τ=32min → 需144.3kWh(充23.3min)
[charge_scheduler-1] [INFO] [1785767577.979072885] [charge_scheduler]:   车#4 [电动装载机282|heavy→降级] 位置(3905.0,73793.5) 容量282kWh 剩余60% | α=3→6min/% τ=212min → 需58.1kWh(充9.4min)
[charge_scheduler-1] [INFO] [1785767577.979080326] [charge_scheduler]:   车#5 [电动装载机350|light] 位置(3894.3,73756.9) 容量350kWh 剩余25% | α=6→6min/% τ=128min → 需198.5kWh(充32.1min)
[charge_scheduler-1] [INFO] [1785767577.979093904] [charge_scheduler]:   车#6 [电动装载机350|heavy→降级] 位置(3818.5,73716.2) 容量350kWh 剩余40% | α=4→6min/% τ=176min → 需144.3kWh(充23.3min)
[charge_scheduler-1] [INFO] [1785767577.979101201] [charge_scheduler]:   车#7 [重型叉车|light] 位置(3733.2,73772.4) 容量200kWh 剩余15% | α=6→6min/% τ=64min → 需134.0kWh(充21.7min)
[charge_scheduler-1] [INFO] [1785767577.979108690] [charge_scheduler]:   车#8 [电动装载机282|heavy→降级] 位置(3764.7,73699.0) 容量282kWh 剩余55% | α=3→6min/% τ=196min → 需72.7kWh(充11.8min)
[charge_scheduler-1] [INFO] [1785767577.979116173] [charge_scheduler]:   车#9 [电动装载机282|heavy→降级] 位置(3878.4,73747.9) 容量282kWh 剩余30% | α=3→6min/% τ=116min → 需145.4kWh(充23.5min)
[charge_scheduler-1] [INFO] [1785767577.979123215] [charge_scheduler]:   车#10 [电动装载机282|light] 位置(3740.3,73686.9) 容量282kWh 剩余45% | α=6→6min/% τ=224min → 需101.8kWh(充16.4min)
[charge_scheduler-1] [INFO] [1785767577.979130348] [charge_scheduler]:   车#11 [电动装载机350|light] 位置(3895.4,73811.9) 容量350kWh 剩余18% | α=6→6min/% τ=83min → 需223.7kWh(充36.2min)
[charge_scheduler-1] [INFO] [1785767577.979138781] [charge_scheduler]:   车#12 [重型叉车|heavy→降级] 位置(3876.0,73830.2) 容量200kWh 剩余62% | α=3→6min/% τ=230min → 需37.1kWh(充6.0min)
[charge_scheduler-1] [INFO] [1785767577.979146081] [charge_scheduler]:   车#13 [电动装载机282|light] 位置(3765.9,73790.3) 容量282kWh 剩余28% | α=6→6min/% τ=129min → 需151.2kWh(充24.4min)
[charge_scheduler-1] [INFO] [1785767577.979153293] [charge_scheduler]:   车#14 [电动装载机350|light] 位置(3637.1,73698.1) 容量350kWh 剩余52% | α=6→6min/% τ=301min → 需101.0kWh(充16.3min)
[charge_scheduler-1] [INFO] [1785767577.979160249] [charge_scheduler]:   车#15 [重型叉车|light] 位置(3884.5,73833.1) 容量200kWh 剩余12% | α=6→6min/% τ=45min → 需140.2kWh(充22.7min)
[charge_scheduler-1] [INFO] [1785767577.979170726] [charge_scheduler]:   车#16 [电动装载机282|light] 位置(3699.3,73765.4) 容量282kWh 剩余38% | α=6→6min/% τ=185min → 需122.1kWh(充19.7min)
[charge_scheduler-1] [INFO] [1785767577.979178601] [charge_scheduler]:   车#17 [电动装载机350|light] 位置(3800.8,73717.7) 容量350kWh 剩余58% | α=6→6min/% τ=339min → 需79.4kWh(充12.8min)
[charge_scheduler-1] [INFO] [1785767577.979185846] [charge_scheduler]:   车#18 [重型叉车|heavy→降级] 位置(3825.0,73792.7) 容量200kWh 剩余22% | α=3→6min/% τ=102min → 需119.6kWh(充19.3min)
[charge_scheduler-1] [INFO] [1785767577.979196771] [charge_scheduler]:   车#19 [电动装载机282|light] 位置(3784.3,73759.0) 容量282kWh 剩余48% | α=6→6min/% τ=241min → 需93.0kWh(充15.0min)
[charge_scheduler-1] [INFO] [1785767577.987179394] [charge_scheduler]: [Scheduler] 闭环接口: threshold=10.0min | event_sim=on | policy=all | structured_feedback=optional (/task_planner/execution_event)
[charge_scheduler-1] [INFO] [1785767577.987229806] [charge_scheduler]: [Scheduler] 已启动, 等待地图...
[charge_scheduler-1] [INFO] [1785767577.987240082] [charge_scheduler]: [Scheduler] 充电车1接口: sequence/served/arrived_target/arrived_station/return_goal/task_complete 后缀=_1
[charge_scheduler-1] [INFO] [1785767577.987255627] [charge_scheduler]: [Scheduler] 充电车2接口: sequence/served/arrived_target/arrived_station/return_goal/task_complete 后缀=_2
[charge_scheduler-1] [INFO] [1785767578.083577624] [charge_scheduler]: [Scheduler] RoutingGraph 就绪
[charge_scheduler-1] [INFO] [1785767578.084580108] [charge_scheduler]: [Scheduler] 提取到 0 条虚线捷径
[charge_scheduler-1] [INFO] [1785767578.111425837] [charge_scheduler]: [Scheduler] 下层兼容增强图: 190 节点, 0 条虚线掉头边
[charge_scheduler-1] [INFO] [1785767587.442130371] [charge_scheduler]: [Scheduler] 距离矩阵完成 21x21, 9330.7 ms | 模式=maneuver | 真实不可达=0 抽象不可达=0 | 缺少对向投影节点=0 | 对向识别(ID/几何/法向)=0/0/0 | 单向驿站投影=0
[charge_scheduler-1] [INFO] [1785767587.442188926] [charge_scheduler]:   ✓ 比值自检：420 个 OD 满足 机动/直线≥1 | 均值=3.73 最大=54.86 (车#15→车#12)
[charge_scheduler-1] [INFO] [1785767587.442199770] [charge_scheduler]: [Scheduler] 地图就绪, 190 条 lanelet（与下层一致）
[charge_scheduler-1] [INFO] [1785767587.442242377] [charge_scheduler]: ======== 开始VRPTW调度 20 辆车 ========
[charge_scheduler-1] [INFO] [1785767587.442251101] [charge_scheduler]:   规模20>8 → 启发式(alns)
[charge_scheduler-1] [INFO] [1785767599.152673834] [charge_scheduler]: [ALNS] objective_order=Tover,Nlate,Ctotal seed=9 iters=15000 | N_late=9(成功率55.0%) T_overtime=185.6min C_total=5376.3m | 趟数=8 makespan=397.1min
[charge_scheduler-1] [INFO] [1785767599.152729526] [charge_scheduler]:   求解耗时 11710.5 ms
[charge_scheduler-1] [INFO] [1785767599.152736886] [charge_scheduler]: ════════ 调度结果 ════════
[charge_scheduler-1] [INFO] [1785767599.152741613] [charge_scheduler]:   ★目标(字典序): objective_order=Tover,Nlate,Ctotal | N_late=9 辆 (按时成功率 11/20 = 55.0%)  T_overtime=185.6min  C_total=5376.3m
[charge_scheduler-1] [INFO] [1785767599.152748010] [charge_scheduler]:   附: 趟数=8 | makespan=397.1min | 能量可行=是
[charge_scheduler-1] [INFO] [1785767599.152759374] [charge_scheduler]:   [充电车1] 趟1: 站 → 车#8(到2.5/限196.0✓) → 车#3(到16.4/限32.0✓) → 车#15(到42.8/限44.8✓) → 车#7(到72.4/限64.0✗超时) → 站
[charge_scheduler-1] [INFO] [1785767599.152765660] [charge_scheduler]:   [充电车2] 趟2: 站 → 车#4(到4.6/限212.0✓) → 车#11(到15.0/限83.2✓) → 车#9(到53.8/限116.0✓) → 车#1(到85.8/限96.0✓) → 站
[charge_scheduler-1] [INFO] [1785767599.152771562] [charge_scheduler]:   [充电车1] 趟3: 站 → 车#18(到112.2/限102.4✗超时) → 车#13(到142.2/限128.8✗超时) → 车#16(到180.3/限184.8✓) → 站
[charge_scheduler-1] [INFO] [1785767599.152776794] [charge_scheduler]:   [充电车2] 趟4: 站 → 车#5(到127.0/限128.0✓) → 车#0(到175.0/限168.0✗超时) → 车#12(到212.0/限230.4✓) → 站
[charge_scheduler-1] [INFO] [1785767599.152781276] [charge_scheduler]:   [充电车1] 趟5: 站 → 车#10(到229.9/限224.0✗超时) → 车#6(到268.8/限176.0✗超时) → 站
[charge_scheduler-1] [INFO] [1785767599.152787094] [charge_scheduler]:   [充电车2] 趟6: 站 → 车#19(到251.4/限240.8✗超时) → 车#2(到287.8/限288.0✓) → 站
[charge_scheduler-1] [INFO] [1785767599.152791257] [charge_scheduler]:   [充电车1] 趟7: 站 → 车#14(到327.9/限300.8✗超时) → 站
[charge_scheduler-1] [INFO] [1785767599.152795130] [charge_scheduler]:   [充电车2] 趟8: 站 → 车#17(到349.8/限339.2✗超时) → 站
[charge_scheduler-1] [INFO] [1785767599.152798219] [charge_scheduler]: ════════════════════════
[charge_scheduler-1] [INFO] [1785767599.152843435] [charge_scheduler]: [扰动清单] type=station delay=30.0min targets={} station={C1-S1,C2-S1,}
[charge_scheduler-1] [INFO] [1785767599.152857776] [charge_scheduler]: [执行事件] loop=open plan_v=0 C1 type=target_service target=8 station_ord=0 planned_finish=14.59 actual_finish=14.59 dev=+0.00 injected=0.0
[charge_scheduler-1] [INFO] [1785767599.152865480] [charge_scheduler]: [执行事件] loop=open plan_v=0 C2 type=target_service target=4 station_ord=0 planned_finish=14.62 actual_finish=14.62 dev=+0.00 injected=0.0
[charge_scheduler-1] [INFO] [1785767599.152898375] [charge_scheduler]: [执行事件] loop=open plan_v=0 C1 type=target_service target=3 station_ord=0 planned_finish=40.55 actual_finish=40.55 dev=+0.00 injected=0.0
[charge_scheduler-1] [INFO] [1785767599.152903952] [charge_scheduler]: [执行事件] loop=open plan_v=0 C2 type=target_service target=11 station_ord=0 planned_finish=52.50 actual_finish=52.50 dev=+0.00 injected=0.0
[charge_scheduler-1] [INFO] [1785767599.152909557] [charge_scheduler]: [执行事件] loop=open plan_v=0 C1 type=target_service target=15 station_ord=0 planned_finish=67.75 actual_finish=67.75 dev=+0.00 injected=0.0
[charge_scheduler-1] [INFO] [1785767599.152914921] [charge_scheduler]: [执行事件] loop=open plan_v=0 C2 type=target_service target=9 station_ord=0 planned_finish=83.88 actual_finish=83.88 dev=+0.00 injected=0.0
[charge_scheduler-1] [INFO] [1785767599.152920327] [charge_scheduler]: [执行事件] loop=open plan_v=0 C1 type=target_service target=7 station_ord=0 planned_finish=97.36 actual_finish=97.36 dev=+0.00 injected=0.0
[charge_scheduler-1] [INFO] [1785767599.152926271] [charge_scheduler]: [执行事件] loop=open plan_v=0 C2 type=target_service target=1 station_ord=0 planned_finish=110.24 actual_finish=110.24 dev=+0.00 injected=0.0
[charge_scheduler-1] [INFO] [1785767599.152932679] [charge_scheduler]: [执行事件] loop=open plan_v=0 C1 type=station_turnaround target=-1 station_ord=1 planned_finish=109.29 actual_finish=139.29 dev=+30.00 injected=30.0
[charge_scheduler-1] [INFO] [1785767599.152938931] [charge_scheduler]: [执行事件] loop=open plan_v=0 C2 type=station_turnaround target=-1 station_ord=1 planned_finish=121.78 actual_finish=151.78 dev=+30.00 injected=30.0
[charge_scheduler-1] [INFO] [1785767599.152944708] [charge_scheduler]: [执行事件] loop=open plan_v=0 C1 type=target_service target=18 station_ord=0 planned_finish=137.25 actual_finish=167.25 dev=+30.00 injected=0.0
[charge_scheduler-1] [INFO] [1785767599.152950279] [charge_scheduler]: [执行事件] loop=open plan_v=0 C2 type=target_service target=5 station_ord=0 planned_finish=170.65 actual_finish=200.74 dev=+30.09 injected=0.0
[charge_scheduler-1] [INFO] [1785767599.152955899] [charge_scheduler]: [执行事件] loop=open plan_v=0 C1 type=target_service target=13 station_ord=0 planned_finish=177.42 actual_finish=207.42 dev=+30.00 injected=0.0
[charge_scheduler-1] [INFO] [1785767599.152961358] [charge_scheduler]: [执行事件] loop=open plan_v=0 C2 type=target_service target=0 station_ord=0 planned_finish=210.23 actual_finish=240.32 dev=+30.09 injected=0.0
[charge_scheduler-1] [INFO] [1785767599.152966862] [charge_scheduler]: [执行事件] loop=open plan_v=0 C1 type=target_service target=16 station_ord=0 planned_finish=215.22 actual_finish=245.60 dev=+30.37 injected=0.0
[charge_scheduler-1] [INFO] [1785767599.152972317] [charge_scheduler]: [执行事件] loop=open plan_v=0 C1 type=station_turnaround target=-1 station_ord=2 planned_finish=227.84 actual_finish=258.21 dev=+30.37 injected=0.0
[charge_scheduler-1] [INFO] [1785767599.152978065] [charge_scheduler]: [执行事件] loop=open plan_v=0 C2 type=target_service target=12 station_ord=0 planned_finish=236.06 actual_finish=267.10 dev=+31.05 injected=0.0
[charge_scheduler-1] [INFO] [1785767599.152983549] [charge_scheduler]: [执行事件] loop=open plan_v=0 C2 type=station_turnaround target=-1 station_ord=2 planned_finish=250.23 actual_finish=281.28 dev=+31.05 injected=0.0
[charge_scheduler-1] [INFO] [1785767599.152988932] [charge_scheduler]: [执行事件] loop=open plan_v=0 C1 type=target_service target=10 station_ord=0 planned_finish=265.16 actual_finish=295.54 dev=+30.37 injected=0.0
[charge_scheduler-1] [INFO] [1785767599.152994534] [charge_scheduler]: [执行事件] loop=open plan_v=0 C2 type=target_service target=19 station_ord=0 planned_finish=286.70 actual_finish=317.75 dev=+31.05 injected=0.0
[charge_scheduler-1] [INFO] [1785767599.152999979] [charge_scheduler]: [执行事件] loop=open plan_v=0 C1 type=target_service target=6 station_ord=0 planned_finish=312.55 actual_finish=342.93 dev=+30.37 injected=0.0
[charge_scheduler-1] [INFO] [1785767599.153006182] [charge_scheduler]: [执行事件] loop=open plan_v=0 C1 type=station_turnaround target=-1 station_ord=3 planned_finish=324.88 actual_finish=355.25 dev=+30.37 injected=0.0
[charge_scheduler-1] [INFO] [1785767599.153013701] [charge_scheduler]: [执行事件] loop=open plan_v=0 C2 type=target_service target=2 station_ord=0 planned_finish=331.55 actual_finish=362.62 dev=+31.07 injected=0.0
[charge_scheduler-1] [INFO] [1785767599.153019347] [charge_scheduler]: [执行事件] loop=open plan_v=0 C2 type=station_turnaround target=-1 station_ord=3 planned_finish=348.11 actual_finish=379.18 dev=+31.07 injected=0.0
[charge_scheduler-1] [INFO] [1785767599.153024935] [charge_scheduler]: [执行事件] loop=open plan_v=0 C1 type=target_service target=14 station_ord=0 planned_finish=371.62 actual_finish=401.99 dev=+30.37 injected=0.0
[charge_scheduler-1] [INFO] [1785767599.153030526] [charge_scheduler]: [执行事件] loop=open plan_v=0 C1 type=final_return target=-1 station_ord=0 planned_finish=375.32 actual_finish=405.69 dev=+30.37 injected=0.0
[charge_scheduler-1] [INFO] [1785767599.153035959] [charge_scheduler]: [执行事件] loop=open plan_v=0 C2 type=target_service target=17 station_ord=0 planned_finish=393.58 actual_finish=424.64 dev=+31.07 injected=0.0
[charge_scheduler-1] [INFO] [1785767599.153041145] [charge_scheduler]: [执行事件] loop=open plan_v=0 C2 type=final_return target=-1 station_ord=0 planned_finish=397.15 actual_finish=428.21 dev=+31.07 injected=0.0
[charge_scheduler-1] [INFO] [1785767599.153052583] [charge_scheduler]: [执行事件] loop=fixed plan_v=0 C1 type=target_service target=8 station_ord=0 planned_finish=14.59 actual_finish=14.59 dev=+0.00 injected=0.0
[charge_scheduler-1] [INFO] [1785767599.153059836] [charge_scheduler]: [执行事件] loop=fixed plan_v=0 C2 type=target_service target=4 station_ord=0 planned_finish=14.62 actual_finish=14.62 dev=+0.00 injected=0.0
[charge_scheduler-1] [INFO] [1785767599.153065250] [charge_scheduler]: [执行事件] loop=fixed plan_v=0 C1 type=target_service target=3 station_ord=0 planned_finish=40.55 actual_finish=40.55 dev=+0.00 injected=0.0
[charge_scheduler-1] [INFO] [1785767599.153070593] [charge_scheduler]: [执行事件] loop=fixed plan_v=0 C2 type=target_service target=11 station_ord=0 planned_finish=52.50 actual_finish=52.50 dev=+0.00 injected=0.0
[charge_scheduler-1] [INFO] [1785767599.153075995] [charge_scheduler]: [执行事件] loop=fixed plan_v=0 C1 type=target_service target=15 station_ord=0 planned_finish=67.75 actual_finish=67.75 dev=+0.00 injected=0.0
[charge_scheduler-1] [INFO] [1785767599.153081406] [charge_scheduler]: [执行事件] loop=fixed plan_v=0 C2 type=target_service target=9 station_ord=0 planned_finish=83.88 actual_finish=83.88 dev=+0.00 injected=0.0
[charge_scheduler-1] [INFO] [1785767599.153086827] [charge_scheduler]: [执行事件] loop=fixed plan_v=0 C1 type=target_service target=7 station_ord=0 planned_finish=97.36 actual_finish=97.36 dev=+0.00 injected=0.0
[charge_scheduler-1] [INFO] [1785767599.153092358] [charge_scheduler]: [执行事件] loop=fixed plan_v=0 C2 type=target_service target=1 station_ord=0 planned_finish=110.24 actual_finish=110.24 dev=+0.00 injected=0.0
[charge_scheduler-1] [INFO] [1785767599.153097931] [charge_scheduler]: [执行事件] loop=fixed plan_v=0 C1 type=station_turnaround target=-1 station_ord=1 planned_finish=109.29 actual_finish=139.29 dev=+30.00 injected=30.0
[charge_scheduler-1] [WARN] [1785767599.420494928] [charge_scheduler]: [重调度事件] policy=fixed #1 t=139.29min trigger=C1/station_turnaround dev=+30.00 pool=12 committed=0 plan_v=1 solve_ms=267.4 changed_assign=0 changed_order=6
[charge_scheduler-1] [INFO] [1785767599.420539873] [charge_scheduler]: [执行事件] loop=fixed plan_v=0 C2 type=station_turnaround target=-1 station_ord=1 planned_finish=121.78 actual_finish=151.78 dev=+30.00 injected=30.0
[charge_scheduler-1] [WARN] [1785767599.643894494] [charge_scheduler]: [重调度事件] policy=fixed #2 t=151.78min trigger=C2/station_turnaround dev=+30.00 pool=11 committed=1 plan_v=2 solve_ms=223.3 changed_assign=0 changed_order=4
[charge_scheduler-1] [INFO] [1785767599.643942301] [charge_scheduler]: [执行事件] loop=fixed plan_v=1 C1 type=target_service target=18 station_ord=0 planned_finish=167.25 actual_finish=167.25 dev=+0.00 injected=0.0
[charge_scheduler-1] [INFO] [1785767599.643951549] [charge_scheduler]: [执行事件] loop=fixed plan_v=2 C2 type=target_service target=0 station_ord=0 planned_finish=188.70 actual_finish=188.70 dev=+0.00 injected=0.0
[charge_scheduler-1] [INFO] [1785767599.643957718] [charge_scheduler]: [执行事件] loop=fixed plan_v=2 C1 type=target_service target=6 station_ord=0 planned_finish=211.86 actual_finish=211.86 dev=+0.00 injected=0.0
[charge_scheduler-1] [INFO] [1785767599.643985615] [charge_scheduler]: [执行事件] loop=fixed plan_v=2 C2 type=target_service target=12 station_ord=0 planned_finish=213.41 actual_finish=213.41 dev=+0.00 injected=0.0
[charge_scheduler-1] [INFO] [1785767599.643991753] [charge_scheduler]: [执行事件] loop=fixed plan_v=2 C1 type=target_service target=16 station_ord=0 planned_finish=250.22 actual_finish=250.22 dev=+0.00 injected=0.0
[charge_scheduler-1] [INFO] [1785767599.643998098] [charge_scheduler]: [执行事件] loop=fixed plan_v=2 C1 type=station_turnaround target=-1 station_ord=2 planned_finish=262.84 actual_finish=262.84 dev=+0.00 injected=0.0
[charge_scheduler-1] [INFO] [1785767599.644003910] [charge_scheduler]: [执行事件] loop=fixed plan_v=2 C2 type=target_service target=5 station_ord=0 planned_finish=264.46 actual_finish=264.46 dev=+0.00 injected=0.0
[charge_scheduler-1] [INFO] [1785767599.644010066] [charge_scheduler]: [执行事件] loop=fixed plan_v=2 C2 type=station_turnaround target=-1 station_ord=2 planned_finish=278.07 actual_finish=278.07 dev=+0.00 injected=0.0
[charge_scheduler-1] [INFO] [1785767599.644015913] [charge_scheduler]: [执行事件] loop=fixed plan_v=2 C1 type=target_service target=10 station_ord=0 planned_finish=300.16 actual_finish=300.16 dev=+0.00 injected=0.0
[charge_scheduler-1] [INFO] [1785767599.644021427] [charge_scheduler]: [执行事件] loop=fixed plan_v=2 C2 type=target_service target=19 station_ord=0 planned_finish=314.54 actual_finish=314.54 dev=+0.00 injected=0.0
[charge_scheduler-1] [INFO] [1785767599.644028970] [charge_scheduler]: [执行事件] loop=fixed plan_v=2 C1 type=target_service target=13 station_ord=0 planned_finish=341.33 actual_finish=341.33 dev=+0.00 injected=0.0
[charge_scheduler-1] [INFO] [1785767599.644034579] [charge_scheduler]: [执行事件] loop=fixed plan_v=2 C1 type=station_turnaround target=-1 station_ord=3 planned_finish=353.48 actual_finish=353.48 dev=+0.00 injected=0.0
[charge_scheduler-1] [INFO] [1785767599.644040193] [charge_scheduler]: [执行事件] loop=fixed plan_v=2 C2 type=target_service target=2 station_ord=0 planned_finish=359.41 actual_finish=359.41 dev=+0.00 injected=0.0
[charge_scheduler-1] [INFO] [1785767599.644045801] [charge_scheduler]: [执行事件] loop=fixed plan_v=2 C2 type=station_turnaround target=-1 station_ord=3 planned_finish=375.97 actual_finish=375.97 dev=+0.00 injected=0.0
[charge_scheduler-1] [INFO] [1785767599.644051343] [charge_scheduler]: [执行事件] loop=fixed plan_v=2 C1 type=target_service target=14 station_ord=0 planned_finish=400.21 actual_finish=400.21 dev=+0.00 injected=0.0
[charge_scheduler-1] [INFO] [1785767599.644056730] [charge_scheduler]: [执行事件] loop=fixed plan_v=2 C1 type=final_return target=-1 station_ord=0 planned_finish=403.92 actual_finish=403.92 dev=+0.00 injected=0.0
[charge_scheduler-1] [INFO] [1785767599.644062395] [charge_scheduler]: [执行事件] loop=fixed plan_v=2 C2 type=target_service target=17 station_ord=0 planned_finish=421.43 actual_finish=421.43 dev=+0.00 injected=0.0
[charge_scheduler-1] [INFO] [1785767599.644067664] [charge_scheduler]: [执行事件] loop=fixed plan_v=2 C2 type=final_return target=-1 station_ord=0 planned_finish=425.00 actual_finish=425.00 dev=+0.00 injected=0.0
[charge_scheduler-1] [INFO] [1785767599.644083326] [charge_scheduler]: [执行事件] loop=global plan_v=0 C1 type=target_service target=8 station_ord=0 planned_finish=14.59 actual_finish=14.59 dev=+0.00 injected=0.0
[charge_scheduler-1] [INFO] [1785767599.644089439] [charge_scheduler]: [执行事件] loop=global plan_v=0 C2 type=target_service target=4 station_ord=0 planned_finish=14.62 actual_finish=14.62 dev=+0.00 injected=0.0
[charge_scheduler-1] [INFO] [1785767599.644095032] [charge_scheduler]: [执行事件] loop=global plan_v=0 C1 type=target_service target=3 station_ord=0 planned_finish=40.55 actual_finish=40.55 dev=+0.00 injected=0.0
[charge_scheduler-1] [INFO] [1785767599.644100395] [charge_scheduler]: [执行事件] loop=global plan_v=0 C2 type=target_service target=11 station_ord=0 planned_finish=52.50 actual_finish=52.50 dev=+0.00 injected=0.0
[charge_scheduler-1] [INFO] [1785767599.644105778] [charge_scheduler]: [执行事件] loop=global plan_v=0 C1 type=target_service target=15 station_ord=0 planned_finish=67.75 actual_finish=67.75 dev=+0.00 injected=0.0
[charge_scheduler-1] [INFO] [1785767599.644111287] [charge_scheduler]: [执行事件] loop=global plan_v=0 C2 type=target_service target=9 station_ord=0 planned_finish=83.88 actual_finish=83.88 dev=+0.00 injected=0.0
[charge_scheduler-1] [INFO] [1785767599.644125899] [charge_scheduler]: [执行事件] loop=global plan_v=0 C1 type=target_service target=7 station_ord=0 planned_finish=97.36 actual_finish=97.36 dev=+0.00 injected=0.0
[charge_scheduler-1] [INFO] [1785767599.644132194] [charge_scheduler]: [执行事件] loop=global plan_v=0 C2 type=target_service target=1 station_ord=0 planned_finish=110.24 actual_finish=110.24 dev=+0.00 injected=0.0
[charge_scheduler-1] [INFO] [1785767599.644138106] [charge_scheduler]: [执行事件] loop=global plan_v=0 C1 type=station_turnaround target=-1 station_ord=1 planned_finish=109.29 actual_finish=139.29 dev=+30.00 injected=30.0
[charge_scheduler-1] [WARN] [1785767600.553726177] [charge_scheduler]: [重调度事件] policy=global #1 t=139.29min trigger=C1/station_turnaround dev=+30.00 pool=12 committed=0 plan_v=1 solve_ms=909.6 changed_assign=2 changed_order=9
[charge_scheduler-1] [INFO] [1785767600.553775366] [charge_scheduler]: [执行事件] loop=global plan_v=0 C2 type=station_turnaround target=-1 station_ord=1 planned_finish=121.78 actual_finish=151.78 dev=+30.00 injected=30.0
[charge_scheduler-1] [WARN] [1785767601.085730313] [charge_scheduler]: [重调度事件] policy=global #2 t=151.78min trigger=C2/station_turnaround dev=+30.00 pool=11 committed=1 plan_v=2 solve_ms=531.9 changed_assign=6 changed_order=6
[charge_scheduler-1] [INFO] [1785767601.085795479] [charge_scheduler]: [执行事件] loop=global plan_v=1 C1 type=target_service target=18 station_ord=0 planned_finish=167.25 actual_finish=167.25 dev=+0.00 injected=0.0
[charge_scheduler-1] [INFO] [1785767601.085808302] [charge_scheduler]: [执行事件] loop=global plan_v=2 C2 type=target_service target=0 station_ord=0 planned_finish=188.70 actual_finish=188.70 dev=+0.00 injected=0.0
[charge_scheduler-1] [INFO] [1785767601.085817510] [charge_scheduler]: [执行事件] loop=global plan_v=2 C1 type=target_service target=6 station_ord=0 planned_finish=211.86 actual_finish=211.86 dev=+0.00 injected=0.0
[charge_scheduler-1] [INFO] [1785767601.085825937] [charge_scheduler]: [执行事件] loop=global plan_v=2 C2 type=target_service target=12 station_ord=0 planned_finish=213.41 actual_finish=213.41 dev=+0.00 injected=0.0
[charge_scheduler-1] [INFO] [1785767601.085834085] [charge_scheduler]: [执行事件] loop=global plan_v=2 C1 type=target_service target=16 station_ord=0 planned_finish=250.22 actual_finish=250.22 dev=+0.00 injected=0.0
[charge_scheduler-1] [INFO] [1785767601.085843337] [charge_scheduler]: [执行事件] loop=global plan_v=2 C2 type=target_service target=13 station_ord=0 planned_finish=250.76 actual_finish=250.76 dev=+0.00 injected=0.0
[charge_scheduler-1] [INFO] [1785767601.085851292] [charge_scheduler]: [执行事件] loop=global plan_v=2 C1 type=station_turnaround target=-1 station_ord=2 planned_finish=262.84 actual_finish=262.84 dev=+0.00 injected=0.0
[charge_scheduler-1] [INFO] [1785767601.085859266] [charge_scheduler]: [执行事件] loop=global plan_v=2 C2 type=station_turnaround target=-1 station_ord=2 planned_finish=262.90 actual_finish=262.90 dev=+0.00 injected=0.0
[charge_scheduler-1] [INFO] [1785767601.085868088] [charge_scheduler]: [执行事件] loop=global plan_v=2 C1 type=target_service target=19 station_ord=0 planned_finish=299.31 actual_finish=299.31 dev=+0.00 injected=0.0
[charge_scheduler-1] [INFO] [1785767601.085884362] [charge_scheduler]: [执行事件] loop=global plan_v=2 C2 type=target_service target=10 station_ord=0 planned_finish=300.22 actual_finish=300.22 dev=+0.00 injected=0.0
[charge_scheduler-1] [INFO] [1785767601.085897505] [charge_scheduler]: [执行事件] loop=global plan_v=2 C1 type=target_service target=2 station_ord=0 planned_finish=344.18 actual_finish=344.18 dev=+0.00 injected=0.0
[charge_scheduler-1] [INFO] [1785767601.085906541] [charge_scheduler]: [执行事件] loop=global plan_v=2 C2 type=target_service target=14 station_ord=0 planned_finish=348.00 actual_finish=348.00 dev=+0.00 injected=0.0
[charge_scheduler-1] [INFO] [1785767601.085938243] [charge_scheduler]: [执行事件] loop=global plan_v=2 C1 type=station_turnaround target=-1 station_ord=3 planned_finish=360.74 actual_finish=360.74 dev=+0.00 injected=0.0
[charge_scheduler-1] [INFO] [1785767601.085946858] [charge_scheduler]: [执行事件] loop=global plan_v=2 C2 type=station_turnaround target=-1 station_ord=3 planned_finish=361.70 actual_finish=361.70 dev=+0.00 injected=0.0
[charge_scheduler-1] [INFO] [1785767601.085978822] [charge_scheduler]: [执行事件] loop=global plan_v=2 C2 type=target_service target=17 station_ord=0 planned_finish=407.17 actual_finish=407.17 dev=+0.00 injected=0.0
[charge_scheduler-1] [INFO] [1785767601.085987600] [charge_scheduler]: [执行事件] loop=global plan_v=2 C1 type=target_service target=5 station_ord=0 planned_finish=409.70 actual_finish=409.70 dev=+0.00 injected=0.0
[charge_scheduler-1] [INFO] [1785767601.085999054] [charge_scheduler]: [执行事件] loop=global plan_v=2 C2 type=final_return target=-1 station_ord=0 planned_finish=410.73 actual_finish=410.73 dev=+0.00 injected=0.0
[charge_scheduler-1] [INFO] [1785767601.086007024] [charge_scheduler]: [执行事件] loop=global plan_v=2 C1 type=final_return target=-1 station_ord=0 planned_finish=413.31 actual_finish=413.31 dev=+0.00 injected=0.0
[charge_scheduler-1] [INFO] [1785767601.086026867] [charge_scheduler]: ★闭环实验结果 mode=open M=20 K=2 disturbance=station delay=30.0 seed=9 N_late=13 T_overtime=526.047 C_total=5376.299 makespan=428.211 served=20 energy_viol=2 reschedules=0 reschedule_ms=0.000 changed_assign=0 changed_order=0 applied_target=0 applied_station=2 initial_solve_ms=11710.478 objective_order=Tover,Nlate,Ctotal
[charge_scheduler-1] [INFO] [1785767601.086040950] [charge_scheduler]: ★闭环实验结果 mode=fixed M=20 K=2 disturbance=station delay=30.0 seed=9 N_late=10 T_overtime=549.562 C_total=5301.458 makespan=425.001 served=20 energy_viol=0 reschedules=2 reschedule_ms=490.661 changed_assign=0 changed_order=10 applied_target=0 applied_station=2 initial_solve_ms=11710.478 objective_order=Tover,Nlate,Ctotal
[charge_scheduler-1] [INFO] [1785767601.086054207] [charge_scheduler]: ★闭环实验收益 policy=fixed M=20 K=2 disturbance=station delay=30.0 seed=9 recovered_late=3 overtime_reduction=-23.515 distance_delta=-74.841 makespan_reduction=3.210
[charge_scheduler-1] [INFO] [1785767601.086062924] [charge_scheduler]: ★闭环实验结果 mode=closed M=20 K=2 disturbance=station delay=30.0 seed=9 N_late=10 T_overtime=507.356 C_total=4976.315 makespan=413.307 served=20 energy_viol=0 reschedules=2 reschedule_ms=1441.480 changed_assign=8 changed_order=15 applied_target=0 applied_station=2 initial_solve_ms=11710.478 objective_order=Tover,Nlate,Ctotal
[charge_scheduler-1] [INFO] [1785767601.086074814] [charge_scheduler]: ★闭环实验收益 policy=closed M=20 K=2 disturbance=station delay=30.0 seed=9 recovered_late=3 overtime_reduction=18.691 distance_delta=-399.984 makespan_reduction=14.904
