[INFO] [launch]: All log files can be found below /root/.ros/log/2026-08-03-16-08-14-826583-YYYY-77541
[INFO] [launch]: Default logging verbosity is set to INFO
[INFO] [charge_scheduler-1]: process started with pid [77545]
[charge_scheduler-1] [INFO] [1785773294.961739445] [charge_scheduler]: [目标顺序] objective_order=Tover,Nlate,Ctotal
[charge_scheduler-1] [INFO] [1785773294.962282019] [charge_scheduler]: [Scheduler] 30辆车 | 电池800.0kWh(20%=160.0 80%=640.0) | 充电360kW效率97% | 行驶0.6kWh/km | 桩350kW
[charge_scheduler-1] [INFO] [1785773294.962316148] [charge_scheduler]: [Scheduler] 站端周转: 换电 10 min(换后满电) | 单趟可用 640 kWh
[charge_scheduler-1] [INFO] [1785773294.962325391] [charge_scheduler]:   车#0 [电动装载机282|light] 位置(3889.6,73764.7) 容量282kWh 剩余35% | α=6→6min/% τ=168min → 需130.8kWh(充21.2min)
[charge_scheduler-1] [INFO] [1785773294.962339681] [charge_scheduler]:   车#1 [重型叉车|light] 位置(3778.9,73807.0) 容量200kWh 剩余20% | α=6→6min/% τ=96min → 需123.7kWh(充20.0min)
[charge_scheduler-1] [INFO] [1785773294.962351987] [charge_scheduler]:   车#2 [电动装载机350|light] 位置(3794.9,73804.6) 容量350kWh 剩余50% | α=6→6min/% τ=288min → 需108.2kWh(充17.5min)
[charge_scheduler-1] [INFO] [1785773294.962364338] [charge_scheduler]:   车#3 [重型叉车|light] 位置(3806.9,73760.3) 容量200kWh 剩余10% | α=6→6min/% τ=32min → 需144.3kWh(充23.3min)
[charge_scheduler-1] [INFO] [1785773294.962376714] [charge_scheduler]:   车#4 [电动装载机282|heavy→降级] 位置(3705.1,73758.2) 容量282kWh 剩余60% | α=3→6min/% τ=212min → 需58.1kWh(充9.4min)
[charge_scheduler-1] [INFO] [1785773294.962389552] [charge_scheduler]:   车#5 [电动装载机350|light] 位置(3756.5,73770.2) 容量350kWh 剩余25% | α=6→6min/% τ=128min → 需198.5kWh(充32.1min)
[charge_scheduler-1] [INFO] [1785773294.962402006] [charge_scheduler]:   车#6 [电动装载机350|heavy→降级] 位置(3887.4,73809.4) 容量350kWh 剩余40% | α=4→6min/% τ=176min → 需144.3kWh(充23.3min)
[charge_scheduler-1] [INFO] [1785773294.962422373] [charge_scheduler]:   车#7 [重型叉车|light] 位置(3899.0,73786.6) 容量200kWh 剩余15% | α=6→6min/% τ=64min → 需134.0kWh(充21.7min)
[charge_scheduler-1] [INFO] [1785773294.962433368] [charge_scheduler]:   车#8 [电动装载机282|heavy→降级] 位置(3689.7,73663.1) 容量282kWh 剩余55% | α=3→6min/% τ=196min → 需72.7kWh(充11.8min)
[charge_scheduler-1] [INFO] [1785773294.962445500] [charge_scheduler]:   车#9 [电动装载机282|heavy→降级] 位置(3748.4,73767.2) 容量282kWh 剩余30% | α=3→6min/% τ=116min → 需145.4kWh(充23.5min)
[charge_scheduler-1] [INFO] [1785773294.962457884] [charge_scheduler]:   车#10 [电动装载机282|light] 位置(3865.2,73751.0) 容量282kWh 剩余45% | α=6→6min/% τ=224min → 需101.8kWh(充16.4min)
[charge_scheduler-1] [INFO] [1785773294.962470438] [charge_scheduler]:   车#11 [电动装载机350|light] 位置(3785.0,73749.2) 容量350kWh 剩余18% | α=6→6min/% τ=83min → 需223.7kWh(充36.2min)
[charge_scheduler-1] [INFO] [1785773294.962482703] [charge_scheduler]:   车#12 [重型叉车|heavy→降级] 位置(3811.5,73799.9) 容量200kWh 剩余62% | α=3→6min/% τ=230min → 需37.1kWh(充6.0min)
[charge_scheduler-1] [INFO] [1785773294.962496306] [charge_scheduler]:   车#13 [电动装载机282|light] 位置(3810.8,73773.1) 容量282kWh 剩余28% | α=6→6min/% τ=129min → 需151.2kWh(充24.4min)
[charge_scheduler-1] [INFO] [1785773294.962508970] [charge_scheduler]:   车#14 [电动装载机350|light] 位置(3905.0,73793.5) 容量350kWh 剩余52% | α=6→6min/% τ=301min → 需101.0kWh(充16.3min)
[charge_scheduler-1] [INFO] [1785773294.962521114] [charge_scheduler]:   车#15 [重型叉车|light] 位置(3894.3,73756.9) 容量200kWh 剩余12% | α=6→6min/% τ=45min → 需140.2kWh(充22.7min)
[charge_scheduler-1] [INFO] [1785773294.962532576] [charge_scheduler]:   车#16 [电动装载机282|light] 位置(3818.5,73716.2) 容量282kWh 剩余38% | α=6→6min/% τ=185min → 需122.1kWh(充19.7min)
[charge_scheduler-1] [INFO] [1785773294.962543766] [charge_scheduler]:   车#17 [电动装载机350|light] 位置(3733.2,73772.4) 容量350kWh 剩余58% | α=6→6min/% τ=339min → 需79.4kWh(充12.8min)
[charge_scheduler-1] [INFO] [1785773294.962556580] [charge_scheduler]:   车#18 [重型叉车|heavy→降级] 位置(3764.7,73699.0) 容量200kWh 剩余22% | α=3→6min/% τ=102min → 需119.6kWh(充19.3min)
[charge_scheduler-1] [INFO] [1785773294.962578517] [charge_scheduler]:   车#19 [电动装载机282|light] 位置(3878.4,73747.9) 容量282kWh 剩余48% | α=6→6min/% τ=241min → 需93.0kWh(充15.0min)
[charge_scheduler-1] [INFO] [1785773294.962628310] [charge_scheduler]:   车#20 [电动装载机350|light] 位置(3740.3,73686.9) 容量350kWh 剩余33% | α=6→6min/% τ=179min → 需169.6kWh(充27.4min)
[charge_scheduler-1] [INFO] [1785773294.962639590] [charge_scheduler]:   车#21 [重型叉车|heavy→降级] 位置(3895.4,73811.9) 容量200kWh 剩余65% | α=3→6min/% τ=240min → 需30.9kWh(充5.0min)
[charge_scheduler-1] [INFO] [1785773294.962651049] [charge_scheduler]:   车#22 [电动装载机282|light] 位置(3876.0,73830.2) 容量282kWh 剩余16% | α=6→6min/% τ=62min → 需186.1kWh(充30.1min)
[charge_scheduler-1] [INFO] [1785773294.962664276] [charge_scheduler]:   车#23 [电动装载机350|light] 位置(3765.9,73790.3) 容量350kWh 剩余42% | α=6→6min/% τ=237min → 需137.1kWh(充22.2min)
[charge_scheduler-1] [INFO] [1785773294.962676047] [charge_scheduler]:   车#24 [重型叉车|heavy→降级] 位置(3637.1,73698.1) 容量200kWh 剩余25% | α=3→6min/% τ=112min → 需113.4kWh(充18.3min)
[charge_scheduler-1] [INFO] [1785773294.962688092] [charge_scheduler]:   车#25 [电动装载机282|light] 位置(3884.5,73833.1) 容量282kWh 剩余55% | α=6→6min/% τ=280min → 需72.7kWh(充11.8min)
[charge_scheduler-1] [INFO] [1785773294.962701840] [charge_scheduler]:   车#26 [电动装载机350|light] 位置(3699.3,73765.4) 容量350kWh 剩余30% | α=6→6min/% τ=160min → 需180.4kWh(充29.2min)
[charge_scheduler-1] [INFO] [1785773294.962712665] [charge_scheduler]:   车#27 [重型叉车|heavy→降级] 位置(3800.8,73717.7) 容量200kWh 剩余68% | α=3→6min/% τ=250min → 需24.7kWh(充4.0min)
[charge_scheduler-1] [INFO] [1785773294.962723113] [charge_scheduler]:   车#28 [电动装载机282|light] 位置(3825.0,73792.7) 容量282kWh 剩余20% | α=6→6min/% τ=84min → 需174.4kWh(充28.2min)
[charge_scheduler-1] [INFO] [1785773294.962734227] [charge_scheduler]:   车#29 [电动装载机350|light] 位置(3784.3,73759.0) 容量350kWh 剩余36% | α=6→6min/% τ=198min → 需158.8kWh(充25.7min)
[charge_scheduler-1] [INFO] [1785773294.971562974] [charge_scheduler]: [Scheduler] 闭环接口: threshold=10.0min | event_sim=on | policy=all | structured_feedback=optional (/task_planner/execution_event)
[charge_scheduler-1] [INFO] [1785773294.971603400] [charge_scheduler]: [Scheduler] 已启动, 等待地图...
[charge_scheduler-1] [INFO] [1785773294.971617465] [charge_scheduler]: [Scheduler] 充电车1接口: sequence/served/arrived_target/arrived_station/return_goal/task_complete 后缀=_1
[charge_scheduler-1] [INFO] [1785773294.971637384] [charge_scheduler]: [Scheduler] 充电车2接口: sequence/served/arrived_target/arrived_station/return_goal/task_complete 后缀=_2
[charge_scheduler-1] [INFO] [1785773294.971647911] [charge_scheduler]: [Scheduler] 充电车3接口: sequence/served/arrived_target/arrived_station/return_goal/task_complete 后缀=_3
[charge_scheduler-1] [INFO] [1785773295.069475821] [charge_scheduler]: [Scheduler] RoutingGraph 就绪
[charge_scheduler-1] [INFO] [1785773295.070004316] [charge_scheduler]: [Scheduler] 提取到 0 条虚线捷径
[charge_scheduler-1] [INFO] [1785773295.105671419] [charge_scheduler]: [Scheduler] 下层兼容增强图: 190 节点, 0 条虚线掉头边
[charge_scheduler-1] [INFO] [1785773315.968980379] [charge_scheduler]: [Scheduler] 距离矩阵完成 31x31, 20863.2 ms | 模式=maneuver | 真实不可达=0 抽象不可达=0 | 缺少对向投影节点=0 | 对向识别(ID/几何/法向)=0/0/0 | 单向驿站投影=0
[charge_scheduler-1] [INFO] [1785773315.969072840] [charge_scheduler]:   ✓ 比值自检：930 个 OD 满足 机动/直线≥1 | 均值=4.11 最大=62.63 (车#0→车#15)
[charge_scheduler-1] [INFO] [1785773315.969087109] [charge_scheduler]: [Scheduler] 地图就绪, 190 条 lanelet（与下层一致）
[charge_scheduler-1] [INFO] [1785773315.969139527] [charge_scheduler]: ======== 开始VRPTW调度 30 辆车 ========
[charge_scheduler-1] [INFO] [1785773315.969144262] [charge_scheduler]:   规模30>8 → 启发式(alns)
[charge_scheduler-1] [INFO] [1785773364.716555772] [charge_scheduler]: [ALNS] objective_order=Tover,Nlate,Ctotal seed=2 iters=15000 | N_late=14(成功率53.3%) T_overtime=222.0min C_total=7366.1m | 趟数=12 makespan=386.1min
[charge_scheduler-1] [INFO] [1785773364.716600434] [charge_scheduler]:   求解耗时 48747.5 ms
[charge_scheduler-1] [INFO] [1785773364.716607906] [charge_scheduler]: ════════ 调度结果 ════════
[charge_scheduler-1] [INFO] [1785773364.716613415] [charge_scheduler]:   ★目标(字典序): objective_order=Tover,Nlate,Ctotal | N_late=14 辆 (按时成功率 16/30 = 53.3%)  T_overtime=222.0min  C_total=7366.1m
[charge_scheduler-1] [INFO] [1785773364.716647104] [charge_scheduler]:   附: 趟数=12 | makespan=386.1min | 能量可行=是
[charge_scheduler-1] [INFO] [1785773364.716658213] [charge_scheduler]:   [充电车3] 趟1: 站 → 车#4(到2.1/限212.0✓) → 车#8(到15.3/限196.0✓) → 车#27(到31.3/限249.6✓) → 车#7(到40.7/限64.0✓) → 车#22(到65.3/限61.6✗超时) → 站
[charge_scheduler-1] [INFO] [1785773364.716664896] [charge_scheduler]:   [充电车2] 趟2: 站 → 车#9(到1.2/限116.0✓) → 车#1(到25.8/限96.0✓) → 车#28(到48.2/限84.0✓) → 车#18(到84.0/限102.4✓) → 站
[charge_scheduler-1] [INFO] [1785773364.716671007] [charge_scheduler]:   [充电车1] 趟3: 站 → 车#12(到2.3/限230.4✓) → 车#21(到10.6/限240.0✓) → 车#15(到17.7/限44.8✓) → 车#3(到43.1/限32.0✗超时) → 车#11(到68.6/限83.2✓) → 站
[charge_scheduler-1] [INFO] [1785773364.716675936] [charge_scheduler]:   [充电车1] 趟4: 站 → 车#13(到124.2/限128.8✓) → 车#16(到160.6/限184.8✓) → 站
[charge_scheduler-1] [INFO] [1785773364.716681452] [charge_scheduler]:   [充电车2] 趟5: 站 → 车#5(到123.2/限128.0✓) → 车#26(到169.0/限160.0✗超时) → 站
[charge_scheduler-1] [INFO] [1785773364.716686661] [charge_scheduler]:   [充电车3] 趟6: 站 → 车#24(到117.7/限112.0✗超时) → 车#0(到148.1/限168.0✓) → 车#6(到182.7/限176.0✗超时) → 站
[charge_scheduler-1] [INFO] [1785773364.716691332] [charge_scheduler]:   [充电车1] 趟7: 站 → 车#20(到208.2/限179.2✗超时) → 车#19(到258.0/限240.8✗超时) → 站
[charge_scheduler-1] [INFO] [1785773364.716695944] [charge_scheduler]:   [充电车2] 趟8: 站 → 车#10(到228.1/限224.0✗超时) → 车#23(到267.2/限236.8✗超时) → 站
[charge_scheduler-1] [INFO] [1785773364.716700314] [charge_scheduler]:   [充电车3] 趟9: 站 → 车#29(到242.2/限198.4✗超时) → 车#25(到288.7/限280.0✗超时) → 站
[charge_scheduler-1] [INFO] [1785773364.716704481] [charge_scheduler]:   [充电车1] 趟10: 站 → 车#2(到312.6/限288.0✗超时) → 站
[charge_scheduler-1] [INFO] [1785773364.716708486] [charge_scheduler]:   [充电车2] 趟11: 站 → 车#14(到327.6/限300.8✗超时) → 站
[charge_scheduler-1] [INFO] [1785773364.716712688] [charge_scheduler]:   [充电车3] 趟12: 站 → 车#17(到340.5/限339.2✗超时) → 站
[charge_scheduler-1] [INFO] [1785773364.716715723] [charge_scheduler]: ════════════════════════
[charge_scheduler-1] [INFO] [1785773364.716773290] [charge_scheduler]: [扰动清单] type=combined delay=60.0min targets={1,13,} station={C2-S1,C3-S1,}
[charge_scheduler-1] [INFO] [1785773364.716788302] [charge_scheduler]: [执行事件] loop=open plan_v=0 C1 type=target_service target=12 station_ord=0 planned_finish=8.50 actual_finish=8.50 dev=+0.00 injected=0.0
[charge_scheduler-1] [INFO] [1785773364.716795611] [charge_scheduler]: [执行事件] loop=open plan_v=0 C3 type=target_service target=4 station_ord=0 planned_finish=11.77 actual_finish=11.77 dev=+0.00 injected=0.0
[charge_scheduler-1] [INFO] [1785773364.716804109] [charge_scheduler]: [执行事件] loop=open plan_v=0 C1 type=target_service target=21 station_ord=0 planned_finish=16.66 actual_finish=16.66 dev=+0.00 injected=0.0
[charge_scheduler-1] [INFO] [1785773364.716813087] [charge_scheduler]: [执行事件] loop=open plan_v=0 C2 type=target_service target=9 station_ord=0 planned_finish=24.86 actual_finish=24.86 dev=+0.00 injected=0.0
[charge_scheduler-1] [INFO] [1785773364.716819048] [charge_scheduler]: [执行事件] loop=open plan_v=0 C3 type=target_service target=8 station_ord=0 planned_finish=29.29 actual_finish=29.29 dev=+0.00 injected=0.0
[charge_scheduler-1] [INFO] [1785773364.716824512] [charge_scheduler]: [执行事件] loop=open plan_v=0 C3 type=target_service target=27 station_ord=0 planned_finish=38.54 actual_finish=38.54 dev=+0.00 injected=0.0
[charge_scheduler-1] [INFO] [1785773364.716830109] [charge_scheduler]: [执行事件] loop=open plan_v=0 C1 type=target_service target=15 station_ord=0 planned_finish=41.31 actual_finish=41.31 dev=+0.00 injected=0.0
[charge_scheduler-1] [INFO] [1785773364.716835689] [charge_scheduler]: [执行事件] loop=open plan_v=0 C3 type=target_service target=7 station_ord=0 planned_finish=64.46 actual_finish=64.46 dev=+0.00 injected=0.0
[charge_scheduler-1] [INFO] [1785773364.716842313] [charge_scheduler]: [执行事件] loop=open plan_v=0 C1 type=target_service target=3 station_ord=0 planned_finish=68.11 actual_finish=68.11 dev=+0.00 injected=0.0
[charge_scheduler-1] [INFO] [1785773364.716851615] [charge_scheduler]: [执行事件] loop=open plan_v=0 C3 type=target_service target=22 station_ord=0 planned_finish=100.53 actual_finish=100.53 dev=+0.00 injected=0.0
[charge_scheduler-1] [INFO] [1785773364.716858268] [charge_scheduler]: [执行事件] loop=open plan_v=0 C2 type=target_service target=1 station_ord=0 planned_finish=47.17 actual_finish=107.17 dev=+60.00 injected=60.0
[charge_scheduler-1] [INFO] [1785773364.716865429] [charge_scheduler]: [执行事件] loop=open plan_v=0 C1 type=target_service target=11 station_ord=0 planned_finish=111.00 actual_finish=111.00 dev=+0.00 injected=0.0
[charge_scheduler-1] [INFO] [1785773364.716871328] [charge_scheduler]: [执行事件] loop=open plan_v=0 C1 type=station_turnaround target=-1 station_ord=1 planned_finish=122.54 actual_finish=122.54 dev=+0.00 injected=0.0
[charge_scheduler-1] [INFO] [1785773364.716877494] [charge_scheduler]: [执行事件] loop=open plan_v=0 C2 type=target_service target=28 station_ord=0 planned_finish=80.40 actual_finish=143.41 dev=+63.01 injected=0.0
[charge_scheduler-1] [INFO] [1785773364.716883638] [charge_scheduler]: [执行事件] loop=open plan_v=0 C2 type=target_service target=18 station_ord=0 planned_finish=108.01 actual_finish=171.98 dev=+63.97 injected=0.0
[charge_scheduler-1] [INFO] [1785773364.716889677] [charge_scheduler]: [执行事件] loop=open plan_v=0 C3 type=station_turnaround target=-1 station_ord=1 planned_finish=114.70 actual_finish=174.70 dev=+60.00 injected=60.0
[charge_scheduler-1] [INFO] [1785773364.716896476] [charge_scheduler]: [执行事件] loop=open plan_v=0 C3 type=target_service target=24 station_ord=0 planned_finish=142.69 actual_finish=202.69 dev=+60.00 injected=0.0
[charge_scheduler-1] [INFO] [1785773364.716902318] [charge_scheduler]: [执行事件] loop=open plan_v=0 C1 type=target_service target=13 station_ord=0 planned_finish=159.09 actual_finish=219.09 dev=+60.00 injected=60.0
[charge_scheduler-1] [INFO] [1785773364.716908278] [charge_scheduler]: [执行事件] loop=open plan_v=0 C3 type=target_service target=0 station_ord=0 planned_finish=181.65 actual_finish=243.32 dev=+61.67 injected=0.0
[charge_scheduler-1] [INFO] [1785773364.716913893] [charge_scheduler]: [执行事件] loop=open plan_v=0 C2 type=station_turnaround target=-1 station_ord=1 planned_finish=120.05 actual_finish=244.02 dev=+123.97 injected=60.0
[charge_scheduler-1] [INFO] [1785773364.716920065] [charge_scheduler]: [执行事件] loop=open plan_v=0 C1 type=target_service target=16 station_ord=0 planned_finish=193.85 actual_finish=255.87 dev=+62.03 injected=0.0
[charge_scheduler-1] [INFO] [1785773364.716926564] [charge_scheduler]: [执行事件] loop=open plan_v=0 C1 type=station_turnaround target=-1 station_ord=2 planned_finish=206.17 actual_finish=268.20 dev=+62.03 injected=0.0
[charge_scheduler-1] [INFO] [1785773364.716932451] [charge_scheduler]: [执行事件] loop=open plan_v=0 C3 type=target_service target=6 station_ord=0 planned_finish=226.42 actual_finish=288.09 dev=+61.67 injected=0.0
[charge_scheduler-1] [INFO] [1785773364.716938360] [charge_scheduler]: [执行事件] loop=open plan_v=0 C2 type=target_service target=5 station_ord=0 planned_finish=166.56 actual_finish=290.96 dev=+124.40 injected=0.0
[charge_scheduler-1] [INFO] [1785773364.716944242] [charge_scheduler]: [执行事件] loop=open plan_v=0 C3 type=station_turnaround target=-1 station_ord=2 planned_finish=240.94 actual_finish=302.61 dev=+61.67 injected=0.0
[charge_scheduler-1] [INFO] [1785773364.716950017] [charge_scheduler]: [执行事件] loop=open plan_v=0 C1 type=target_service target=20 station_ord=0 planned_finish=251.99 actual_finish=314.02 dev=+62.03 injected=0.0
[charge_scheduler-1] [INFO] [1785773364.716955756] [charge_scheduler]: [执行事件] loop=open plan_v=0 C2 type=target_service target=26 station_ord=0 planned_finish=212.71 actual_finish=337.11 dev=+124.40 injected=0.0
[charge_scheduler-1] [INFO] [1785773364.716961570] [charge_scheduler]: [执行事件] loop=open plan_v=0 C3 type=target_service target=29 station_ord=0 planned_finish=285.91 actual_finish=347.58 dev=+61.67 injected=0.0
[charge_scheduler-1] [INFO] [1785773364.716967121] [charge_scheduler]: [执行事件] loop=open plan_v=0 C2 type=station_turnaround target=-1 station_ord=2 planned_finish=225.33 actual_finish=349.73 dev=+124.40 injected=0.0
[charge_scheduler-1] [INFO] [1785773364.716974811] [charge_scheduler]: [执行事件] loop=open plan_v=0 C1 type=target_service target=19 station_ord=0 planned_finish=293.26 actual_finish=355.29 dev=+62.03 injected=0.0
[charge_scheduler-1] [INFO] [1785773364.716981008] [charge_scheduler]: [执行事件] loop=open plan_v=0 C1 type=station_turnaround target=-1 station_ord=3 planned_finish=306.59 actual_finish=368.62 dev=+62.03 injected=0.0
[charge_scheduler-1] [INFO] [1785773364.716986958] [charge_scheduler]: [执行事件] loop=open plan_v=0 C3 type=target_service target=25 station_ord=0 planned_finish=323.91 actual_finish=385.58 dev=+61.67 injected=0.0
[charge_scheduler-1] [INFO] [1785773364.716992645] [charge_scheduler]: [执行事件] loop=open plan_v=0 C2 type=target_service target=10 station_ord=0 planned_finish=263.38 actual_finish=387.78 dev=+124.40 injected=0.0
[charge_scheduler-1] [INFO] [1785773364.716998433] [charge_scheduler]: [执行事件] loop=open plan_v=0 C3 type=station_turnaround target=-1 station_ord=3 planned_finish=338.84 actual_finish=400.52 dev=+61.67 injected=0.0
[charge_scheduler-1] [INFO] [1785773364.717004171] [charge_scheduler]: [执行事件] loop=open plan_v=0 C1 type=target_service target=2 station_ord=0 planned_finish=356.38 actual_finish=418.41 dev=+62.03 injected=0.0
[charge_scheduler-1] [INFO] [1785773364.717009852] [charge_scheduler]: [执行事件] loop=open plan_v=0 C1 type=final_return target=-1 station_ord=0 planned_finish=359.03 actual_finish=421.06 dev=+62.03 injected=0.0
[charge_scheduler-1] [INFO] [1785773364.717015581] [charge_scheduler]: [执行事件] loop=open plan_v=0 C2 type=target_service target=23 station_ord=0 planned_finish=310.93 actual_finish=435.33 dev=+124.40 injected=0.0
[charge_scheduler-1] [INFO] [1785773364.717021562] [charge_scheduler]: [执行事件] loop=open plan_v=0 C3 type=target_service target=17 station_ord=0 planned_finish=384.21 actual_finish=445.88 dev=+61.67 injected=0.0
[charge_scheduler-1] [INFO] [1785773364.717026992] [charge_scheduler]: [执行事件] loop=open plan_v=0 C2 type=station_turnaround target=-1 station_ord=3 planned_finish=323.07 actual_finish=447.47 dev=+124.40 injected=0.0
[charge_scheduler-1] [INFO] [1785773364.717032738] [charge_scheduler]: [执行事件] loop=open plan_v=0 C3 type=final_return target=-1 station_ord=0 planned_finish=386.14 actual_finish=447.81 dev=+61.67 injected=0.0
[charge_scheduler-1] [INFO] [1785773364.717038518] [charge_scheduler]: [执行事件] loop=open plan_v=0 C2 type=target_service target=14 station_ord=0 planned_finish=371.37 actual_finish=495.77 dev=+124.40 injected=0.0
[charge_scheduler-1] [INFO] [1785773364.717043859] [charge_scheduler]: [执行事件] loop=open plan_v=0 C2 type=final_return target=-1 station_ord=0 planned_finish=375.64 actual_finish=500.04 dev=+124.40 injected=0.0
[charge_scheduler-1] [INFO] [1785773364.717058818] [charge_scheduler]: [执行事件] loop=fixed plan_v=0 C1 type=target_service target=12 station_ord=0 planned_finish=8.50 actual_finish=8.50 dev=+0.00 injected=0.0
[charge_scheduler-1] [INFO] [1785773364.717064730] [charge_scheduler]: [执行事件] loop=fixed plan_v=0 C3 type=target_service target=4 station_ord=0 planned_finish=11.77 actual_finish=11.77 dev=+0.00 injected=0.0
[charge_scheduler-1] [INFO] [1785773364.717070548] [charge_scheduler]: [执行事件] loop=fixed plan_v=0 C1 type=target_service target=21 station_ord=0 planned_finish=16.66 actual_finish=16.66 dev=+0.00 injected=0.0
[charge_scheduler-1] [INFO] [1785773364.717076311] [charge_scheduler]: [执行事件] loop=fixed plan_v=0 C2 type=target_service target=9 station_ord=0 planned_finish=24.86 actual_finish=24.86 dev=+0.00 injected=0.0
[charge_scheduler-1] [INFO] [1785773364.717083417] [charge_scheduler]: [执行事件] loop=fixed plan_v=0 C3 type=target_service target=8 station_ord=0 planned_finish=29.29 actual_finish=29.29 dev=+0.00 injected=0.0
[charge_scheduler-1] [INFO] [1785773364.717089678] [charge_scheduler]: [执行事件] loop=fixed plan_v=0 C3 type=target_service target=27 station_ord=0 planned_finish=38.54 actual_finish=38.54 dev=+0.00 injected=0.0
[charge_scheduler-1] [INFO] [1785773364.717095384] [charge_scheduler]: [执行事件] loop=fixed plan_v=0 C1 type=target_service target=15 station_ord=0 planned_finish=41.31 actual_finish=41.31 dev=+0.00 injected=0.0
[charge_scheduler-1] [INFO] [1785773364.717101001] [charge_scheduler]: [执行事件] loop=fixed plan_v=0 C3 type=target_service target=7 station_ord=0 planned_finish=64.46 actual_finish=64.46 dev=+0.00 injected=0.0
[charge_scheduler-1] [INFO] [1785773364.717108549] [charge_scheduler]: [执行事件] loop=fixed plan_v=0 C1 type=target_service target=3 station_ord=0 planned_finish=68.11 actual_finish=68.11 dev=+0.00 injected=0.0
[charge_scheduler-1] [INFO] [1785773364.717116016] [charge_scheduler]: [执行事件] loop=fixed plan_v=0 C3 type=target_service target=22 station_ord=0 planned_finish=100.53 actual_finish=100.53 dev=+0.00 injected=0.0
[charge_scheduler-1] [INFO] [1785773364.717122428] [charge_scheduler]: [执行事件] loop=fixed plan_v=0 C2 type=target_service target=1 station_ord=0 planned_finish=47.17 actual_finish=107.17 dev=+60.00 injected=60.0
[charge_scheduler-1] [WARN] [1785773365.117295812] [charge_scheduler]: [重调度事件] policy=fixed #1 t=107.17min trigger=C2/target_service dev=+60.00 pool=18 committed=1 plan_v=1 solve_ms=400.1 changed_assign=0 changed_order=18
[charge_scheduler-1] [INFO] [1785773365.117353012] [charge_scheduler]: [执行事件] loop=fixed plan_v=0 C1 type=target_service target=11 station_ord=0 planned_finish=111.00 actual_finish=111.00 dev=+0.00 injected=0.0
[charge_scheduler-1] [INFO] [1785773365.117362948] [charge_scheduler]: [执行事件] loop=fixed plan_v=1 C1 type=station_turnaround target=-1 station_ord=1 planned_finish=122.54 actual_finish=122.54 dev=+0.00 injected=0.0
[charge_scheduler-1] [INFO] [1785773365.117371786] [charge_scheduler]: [执行事件] loop=fixed plan_v=1 C2 type=target_service target=28 station_ord=0 planned_finish=143.41 actual_finish=143.41 dev=+0.00 injected=0.0
[charge_scheduler-1] [INFO] [1785773365.117379133] [charge_scheduler]: [执行事件] loop=fixed plan_v=0 C3 type=station_turnaround target=-1 station_ord=1 planned_finish=114.70 actual_finish=174.70 dev=+60.00 injected=60.0
[charge_scheduler-1] [WARN] [1785773365.462660387] [charge_scheduler]: [重调度事件] policy=fixed #2 t=174.70min trigger=C3/station_turnaround dev=+60.00 pool=16 committed=1 plan_v=2 solve_ms=345.2 changed_assign=0 changed_order=15
[charge_scheduler-1] [INFO] [1785773365.462705163] [charge_scheduler]: [执行事件] loop=fixed plan_v=2 C3 type=target_service target=24 station_ord=0 planned_finish=202.69 actual_finish=202.69 dev=+0.00 injected=0.0
[charge_scheduler-1] [INFO] [1785773365.462713964] [charge_scheduler]: [执行事件] loop=fixed plan_v=1 C2 type=station_turnaround target=-1 station_ord=1 planned_finish=155.92 actual_finish=215.92 dev=+60.00 injected=60.0
[charge_scheduler-1] [WARN] [1785773365.756830687] [charge_scheduler]: [重调度事件] policy=fixed #3 t=215.92min trigger=C2/station_turnaround dev=+60.00 pool=14 committed=2 plan_v=3 solve_ms=294.1 changed_assign=0 changed_order=11
[charge_scheduler-1] [INFO] [1785773365.756879587] [charge_scheduler]: [执行事件] loop=fixed plan_v=1 C1 type=target_service target=13 station_ord=0 planned_finish=159.09 actual_finish=219.09 dev=+60.00 injected=60.0
[charge_scheduler-1] [WARN] [1785773366.024767896] [charge_scheduler]: [重调度事件] policy=fixed #4 t=219.09min trigger=C1/target_service dev=+60.00 pool=13 committed=2 plan_v=4 solve_ms=267.8 changed_assign=0 changed_order=0
[charge_scheduler-1] [INFO] [1785773366.024819534] [charge_scheduler]: [执行事件] loop=fixed plan_v=2 C3 type=target_service target=0 station_ord=0 planned_finish=243.32 actual_finish=243.32 dev=+0.00 injected=0.0
[charge_scheduler-1] [INFO] [1785773366.024828247] [charge_scheduler]: [执行事件] loop=fixed plan_v=3 C2 type=target_service target=18 station_ord=0 planned_finish=243.40 actual_finish=243.40 dev=+0.00 injected=0.0
[charge_scheduler-1] [INFO] [1785773366.024834642] [charge_scheduler]: [执行事件] loop=fixed plan_v=4 C1 type=target_service target=16 station_ord=0 planned_finish=255.87 actual_finish=255.87 dev=+0.00 injected=0.0
[charge_scheduler-1] [INFO] [1785773366.024840617] [charge_scheduler]: [执行事件] loop=fixed plan_v=4 C3 type=station_turnaround target=-1 station_ord=2 planned_finish=258.79 actual_finish=258.79 dev=+0.00 injected=0.0
[charge_scheduler-1] [INFO] [1785773366.024846553] [charge_scheduler]: [执行事件] loop=fixed plan_v=4 C1 type=station_turnaround target=-1 station_ord=2 planned_finish=268.20 actual_finish=268.20 dev=+0.00 injected=0.0
[charge_scheduler-1] [INFO] [1785773366.024852172] [charge_scheduler]: [执行事件] loop=fixed plan_v=4 C2 type=target_service target=10 station_ord=0 planned_finish=280.43 actual_finish=280.43 dev=+0.00 injected=0.0
[charge_scheduler-1] [INFO] [1785773366.024886585] [charge_scheduler]: [执行事件] loop=fixed plan_v=4 C3 type=target_service target=29 station_ord=0 planned_finish=303.76 actual_finish=303.76 dev=+0.00 injected=0.0
[charge_scheduler-1] [INFO] [1785773366.024892466] [charge_scheduler]: [执行事件] loop=fixed plan_v=4 C1 type=target_service target=19 station_ord=0 planned_finish=308.95 actual_finish=308.95 dev=+0.00 injected=0.0
[charge_scheduler-1] [INFO] [1785773366.024898002] [charge_scheduler]: [执行事件] loop=fixed plan_v=4 C2 type=target_service target=14 station_ord=0 planned_finish=331.42 actual_finish=331.42 dev=+0.00 injected=0.0
[charge_scheduler-1] [INFO] [1785773366.024903603] [charge_scheduler]: [执行事件] loop=fixed plan_v=4 C3 type=target_service target=25 station_ord=0 planned_finish=341.76 actual_finish=341.76 dev=+0.00 injected=0.0
[charge_scheduler-1] [INFO] [1785773366.024909103] [charge_scheduler]: [执行事件] loop=fixed plan_v=4 C2 type=station_turnaround target=-1 station_ord=2 planned_finish=345.69 actual_finish=345.69 dev=+0.00 injected=0.0
[charge_scheduler-1] [INFO] [1785773366.024914616] [charge_scheduler]: [执行事件] loop=fixed plan_v=4 C1 type=target_service target=20 station_ord=0 planned_finish=356.69 actual_finish=356.69 dev=+0.00 injected=0.0
[charge_scheduler-1] [INFO] [1785773366.024920042] [charge_scheduler]: [执行事件] loop=fixed plan_v=4 C3 type=station_turnaround target=-1 station_ord=3 planned_finish=356.69 actual_finish=356.69 dev=+0.00 injected=0.0
[charge_scheduler-1] [INFO] [1785773366.024925559] [charge_scheduler]: [执行事件] loop=fixed plan_v=4 C1 type=station_turnaround target=-1 station_ord=3 planned_finish=369.14 actual_finish=369.14 dev=+0.00 injected=0.0
[charge_scheduler-1] [INFO] [1785773366.024931509] [charge_scheduler]: [执行事件] loop=fixed plan_v=4 C2 type=target_service target=26 station_ord=0 planned_finish=391.64 actual_finish=391.64 dev=+0.00 injected=0.0
[charge_scheduler-1] [INFO] [1785773366.024937076] [charge_scheduler]: [执行事件] loop=fixed plan_v=4 C3 type=target_service target=17 station_ord=0 planned_finish=402.06 actual_finish=402.06 dev=+0.00 injected=0.0
[charge_scheduler-1] [INFO] [1785773366.024942755] [charge_scheduler]: [执行事件] loop=fixed plan_v=4 C1 type=target_service target=2 station_ord=0 planned_finish=418.93 actual_finish=418.93 dev=+0.00 injected=0.0
[charge_scheduler-1] [INFO] [1785773366.024948295] [charge_scheduler]: [执行事件] loop=fixed plan_v=4 C1 type=final_return target=-1 station_ord=0 planned_finish=421.58 actual_finish=421.58 dev=+0.00 injected=0.0
[charge_scheduler-1] [INFO] [1785773366.024953747] [charge_scheduler]: [执行事件] loop=fixed plan_v=4 C2 type=target_service target=5 station_ord=0 planned_finish=436.48 actual_finish=436.48 dev=+0.00 injected=0.0
[charge_scheduler-1] [INFO] [1785773366.024959190] [charge_scheduler]: [执行事件] loop=fixed plan_v=4 C2 type=station_turnaround target=-1 station_ord=3 planned_finish=448.10 actual_finish=448.10 dev=+0.00 injected=0.0
[charge_scheduler-1] [INFO] [1785773366.024964995] [charge_scheduler]: [执行事件] loop=fixed plan_v=4 C3 type=target_service target=6 station_ord=0 planned_finish=451.45 actual_finish=451.45 dev=+0.00 injected=0.0
[charge_scheduler-1] [INFO] [1785773366.024970348] [charge_scheduler]: [执行事件] loop=fixed plan_v=4 C3 type=final_return target=-1 station_ord=0 planned_finish=455.97 actual_finish=455.97 dev=+0.00 injected=0.0
[charge_scheduler-1] [INFO] [1785773366.024975500] [charge_scheduler]: [执行事件] loop=fixed plan_v=4 C2 type=target_service target=23 station_ord=0 planned_finish=498.37 actual_finish=498.37 dev=+0.00 injected=0.0
[charge_scheduler-1] [INFO] [1785773366.024980586] [charge_scheduler]: [执行事件] loop=fixed plan_v=4 C2 type=final_return target=-1 station_ord=0 planned_finish=500.52 actual_finish=500.52 dev=+0.00 injected=0.0
[charge_scheduler-1] [INFO] [1785773366.024997091] [charge_scheduler]: [执行事件] loop=global plan_v=0 C1 type=target_service target=12 station_ord=0 planned_finish=8.50 actual_finish=8.50 dev=+0.00 injected=0.0
[charge_scheduler-1] [INFO] [1785773366.025003213] [charge_scheduler]: [执行事件] loop=global plan_v=0 C3 type=target_service target=4 station_ord=0 planned_finish=11.77 actual_finish=11.77 dev=+0.00 injected=0.0
[charge_scheduler-1] [INFO] [1785773366.025009016] [charge_scheduler]: [执行事件] loop=global plan_v=0 C1 type=target_service target=21 station_ord=0 planned_finish=16.66 actual_finish=16.66 dev=+0.00 injected=0.0
[charge_scheduler-1] [INFO] [1785773366.025016760] [charge_scheduler]: [执行事件] loop=global plan_v=0 C2 type=target_service target=9 station_ord=0 planned_finish=24.86 actual_finish=24.86 dev=+0.00 injected=0.0
[charge_scheduler-1] [INFO] [1785773366.025023180] [charge_scheduler]: [执行事件] loop=global plan_v=0 C3 type=target_service target=8 station_ord=0 planned_finish=29.29 actual_finish=29.29 dev=+0.00 injected=0.0
[charge_scheduler-1] [INFO] [1785773366.025028617] [charge_scheduler]: [执行事件] loop=global plan_v=0 C3 type=target_service target=27 station_ord=0 planned_finish=38.54 actual_finish=38.54 dev=+0.00 injected=0.0
[charge_scheduler-1] [INFO] [1785773366.025034254] [charge_scheduler]: [执行事件] loop=global plan_v=0 C1 type=target_service target=15 station_ord=0 planned_finish=41.31 actual_finish=41.31 dev=+0.00 injected=0.0
[charge_scheduler-1] [INFO] [1785773366.025039614] [charge_scheduler]: [执行事件] loop=global plan_v=0 C3 type=target_service target=7 station_ord=0 planned_finish=64.46 actual_finish=64.46 dev=+0.00 injected=0.0
[charge_scheduler-1] [INFO] [1785773366.025045191] [charge_scheduler]: [执行事件] loop=global plan_v=0 C1 type=target_service target=3 station_ord=0 planned_finish=68.11 actual_finish=68.11 dev=+0.00 injected=0.0
[charge_scheduler-1] [INFO] [1785773366.025050643] [charge_scheduler]: [执行事件] loop=global plan_v=0 C3 type=target_service target=22 station_ord=0 planned_finish=100.53 actual_finish=100.53 dev=+0.00 injected=0.0
[charge_scheduler-1] [INFO] [1785773366.025057153] [charge_scheduler]: [执行事件] loop=global plan_v=0 C2 type=target_service target=1 station_ord=0 planned_finish=47.17 actual_finish=107.17 dev=+60.00 injected=60.0
[charge_scheduler-1] [WARN] [1785773368.816769622] [charge_scheduler]: [重调度事件] policy=global #1 t=107.17min trigger=C2/target_service dev=+60.00 pool=18 committed=1 plan_v=1 solve_ms=2791.7 changed_assign=12 changed_order=15
[charge_scheduler-1] [INFO] [1785773368.816828403] [charge_scheduler]: [执行事件] loop=global plan_v=0 C1 type=target_service target=11 station_ord=0 planned_finish=111.00 actual_finish=111.00 dev=+0.00 injected=0.0
[charge_scheduler-1] [INFO] [1785773368.816842265] [charge_scheduler]: [执行事件] loop=global plan_v=1 C1 type=station_turnaround target=-1 station_ord=1 planned_finish=122.54 actual_finish=122.54 dev=+0.00 injected=0.0
[charge_scheduler-1] [INFO] [1785773368.816851636] [charge_scheduler]: [执行事件] loop=global plan_v=1 C2 type=target_service target=28 station_ord=0 planned_finish=143.41 actual_finish=143.41 dev=+0.00 injected=0.0
[charge_scheduler-1] [INFO] [1785773368.816862748] [charge_scheduler]: [执行事件] loop=global plan_v=1 C1 type=target_service target=18 station_ord=0 planned_finish=150.02 actual_finish=150.02 dev=+0.00 injected=0.0
[charge_scheduler-1] [INFO] [1785773368.816871502] [charge_scheduler]: [执行事件] loop=global plan_v=0 C3 type=station_turnaround target=-1 station_ord=1 planned_finish=114.70 actual_finish=174.70 dev=+60.00 injected=60.0
[charge_scheduler-1] [WARN] [1785773370.345731086] [charge_scheduler]: [重调度事件] policy=global #2 t=174.70min trigger=C3/station_turnaround dev=+60.00 pool=15 committed=1 plan_v=2 solve_ms=1528.8 changed_assign=11 changed_order=12
[charge_scheduler-1] [INFO] [1785773370.345793547] [charge_scheduler]: [执行事件] loop=global plan_v=1 C1 type=target_service target=0 station_ord=0 planned_finish=186.15 actual_finish=186.15 dev=+0.00 injected=0.0
[charge_scheduler-1] [INFO] [1785773370.345805448] [charge_scheduler]: [执行事件] loop=global plan_v=1 C2 type=station_turnaround target=-1 station_ord=1 planned_finish=155.92 actual_finish=215.92 dev=+60.00 injected=60.0
[charge_scheduler-1] [WARN] [1785773371.529892074] [charge_scheduler]: [重调度事件] policy=global #3 t=215.92min trigger=C2/station_turnaround dev=+60.00 pool=13 committed=2 plan_v=3 solve_ms=1184.1 changed_assign=10 changed_order=11
[charge_scheduler-1] [INFO] [1785773371.529945512] [charge_scheduler]: [执行事件] loop=global plan_v=2 C1 type=target_service target=6 station_ord=0 planned_finish=230.92 actual_finish=230.92 dev=+0.00 injected=0.0
[charge_scheduler-1] [INFO] [1785773371.529964884] [charge_scheduler]: [执行事件] loop=global plan_v=3 C1 type=station_turnaround target=-1 station_ord=2 planned_finish=245.44 actual_finish=245.44 dev=+0.00 injected=0.0
[charge_scheduler-1] [INFO] [1785773371.529998754] [charge_scheduler]: [执行事件] loop=global plan_v=3 C2 type=target_service target=29 station_ord=0 planned_finish=260.89 actual_finish=260.89 dev=+0.00 injected=0.0
[charge_scheduler-1] [INFO] [1785773371.530008652] [charge_scheduler]: [执行事件] loop=global plan_v=2 C3 type=target_service target=13 station_ord=0 planned_finish=211.63 actual_finish=271.63 dev=+60.00 injected=60.0
[charge_scheduler-1] [WARN] [1785773372.101624602] [charge_scheduler]: [重调度事件] policy=global #4 t=271.63min trigger=C3/target_service dev=+60.00 pool=10 committed=2 plan_v=4 solve_ms=571.6 changed_assign=5 changed_order=7
[charge_scheduler-1] [INFO] [1785773372.101685125] [charge_scheduler]: [执行事件] loop=global plan_v=3 C1 type=target_service target=10 station_ord=0 planned_finish=283.49 actual_finish=283.49 dev=+0.00 injected=0.0
[charge_scheduler-1] [INFO] [1785773372.101694665] [charge_scheduler]: [执行事件] loop=global plan_v=3 C2 type=target_service target=19 station_ord=0 planned_finish=300.51 actual_finish=300.51 dev=+0.00 injected=0.0
[charge_scheduler-1] [INFO] [1785773372.101701612] [charge_scheduler]: [执行事件] loop=global plan_v=4 C3 type=target_service target=16 station_ord=0 planned_finish=308.42 actual_finish=308.42 dev=+0.00 injected=0.0
[charge_scheduler-1] [INFO] [1785773372.101707723] [charge_scheduler]: [执行事件] loop=global plan_v=4 C2 type=station_turnaround target=-1 station_ord=2 planned_finish=313.84 actual_finish=313.84 dev=+0.00 injected=0.0
[charge_scheduler-1] [INFO] [1785773372.101713972] [charge_scheduler]: [执行事件] loop=global plan_v=4 C1 type=target_service target=23 station_ord=0 planned_finish=331.04 actual_finish=331.04 dev=+0.00 injected=0.0
[charge_scheduler-1] [INFO] [1785773372.101719941] [charge_scheduler]: [执行事件] loop=global plan_v=4 C3 type=target_service target=24 station_ord=0 planned_finish=337.31 actual_finish=337.31 dev=+0.00 injected=0.0
[charge_scheduler-1] [INFO] [1785773372.101725651] [charge_scheduler]: [执行事件] loop=global plan_v=4 C1 type=station_turnaround target=-1 station_ord=3 planned_finish=343.18 actual_finish=343.18 dev=+0.00 injected=0.0
[charge_scheduler-1] [INFO] [1785773372.101731341] [charge_scheduler]: [执行事件] loop=global plan_v=4 C3 type=station_turnaround target=-1 station_ord=2 planned_finish=351.01 actual_finish=351.01 dev=+0.00 injected=0.0
[charge_scheduler-1] [INFO] [1785773372.101737343] [charge_scheduler]: [执行事件] loop=global plan_v=4 C2 type=target_service target=25 station_ord=0 planned_finish=352.98 actual_finish=352.98 dev=+0.00 injected=0.0
[charge_scheduler-1] [INFO] [1785773372.101743145] [charge_scheduler]: [执行事件] loop=global plan_v=4 C1 type=target_service target=20 station_ord=0 planned_finish=389.01 actual_finish=389.01 dev=+0.00 injected=0.0
[charge_scheduler-1] [INFO] [1785773372.101748719] [charge_scheduler]: [执行事件] loop=global plan_v=4 C3 type=target_service target=26 station_ord=0 planned_finish=396.96 actual_finish=396.96 dev=+0.00 injected=0.0
[charge_scheduler-1] [INFO] [1785773372.101754389] [charge_scheduler]: [执行事件] loop=global plan_v=4 C2 type=target_service target=14 station_ord=0 planned_finish=397.48 actual_finish=397.48 dev=+0.00 injected=0.0
[charge_scheduler-1] [INFO] [1785773372.101759988] [charge_scheduler]: [执行事件] loop=global plan_v=4 C2 type=station_turnaround target=-1 station_ord=3 planned_finish=411.74 actual_finish=411.74 dev=+0.00 injected=0.0
[charge_scheduler-1] [INFO] [1785773372.101765660] [charge_scheduler]: [执行事件] loop=global plan_v=4 C1 type=target_service target=2 station_ord=0 planned_finish=438.20 actual_finish=438.20 dev=+0.00 injected=0.0
[charge_scheduler-1] [INFO] [1785773372.101771296] [charge_scheduler]: [执行事件] loop=global plan_v=4 C1 type=final_return target=-1 station_ord=0 planned_finish=440.85 actual_finish=440.85 dev=+0.00 injected=0.0
[charge_scheduler-1] [INFO] [1785773372.101776754] [charge_scheduler]: [执行事件] loop=global plan_v=4 C3 type=target_service target=5 station_ord=0 planned_finish=441.81 actual_finish=441.81 dev=+0.00 injected=0.0
[charge_scheduler-1] [INFO] [1785773372.101782180] [charge_scheduler]: [执行事件] loop=global plan_v=4 C3 type=final_return target=-1 station_ord=0 planned_finish=443.43 actual_finish=443.43 dev=+0.00 injected=0.0
[charge_scheduler-1] [INFO] [1785773372.101787534] [charge_scheduler]: [执行事件] loop=global plan_v=4 C2 type=target_service target=17 station_ord=0 planned_finish=457.11 actual_finish=457.11 dev=+0.00 injected=0.0
[charge_scheduler-1] [INFO] [1785773372.101817249] [charge_scheduler]: [执行事件] loop=global plan_v=4 C2 type=final_return target=-1 station_ord=0 planned_finish=459.04 actual_finish=459.04 dev=+0.00 injected=0.0
[charge_scheduler-1] [INFO] [1785773372.101831829] [charge_scheduler]: ★闭环实验结果 mode=open M=30 K=3 disturbance=combined delay=60.0 seed=2 N_late=19 T_overtime=1476.226 C_total=7366.145 makespan=500.039 served=30 energy_viol=4 reschedules=0 reschedule_ms=0.000 changed_assign=0 changed_order=0 applied_target=2 applied_station=2 initial_solve_ms=48747.455 objective_order=Tover,Nlate,Ctotal
[charge_scheduler-1] [INFO] [1785773372.101842676] [charge_scheduler]: ★闭环实验结果 mode=fixed M=30 K=3 disturbance=combined delay=60.0 seed=2 N_late=18 T_overtime=1580.909 C_total=8050.457 makespan=500.516 served=30 energy_viol=0 reschedules=4 reschedule_ms=1307.242 changed_assign=0 changed_order=44 applied_target=2 applied_station=2 initial_solve_ms=48747.455 objective_order=Tover,Nlate,Ctotal
[charge_scheduler-1] [INFO] [1785773372.101850829] [charge_scheduler]: ★闭环实验收益 policy=fixed M=30 K=3 disturbance=combined delay=60.0 seed=2 recovered_late=1 overtime_reduction=-104.684 distance_delta=684.312 makespan_reduction=-0.478
[charge_scheduler-1] [INFO] [1785773372.101857459] [charge_scheduler]: ★闭环实验结果 mode=closed M=30 K=3 disturbance=combined delay=60.0 seed=2 N_late=19 T_overtime=1427.516 C_total=6388.283 makespan=459.037 served=30 energy_viol=0 reschedules=4 reschedule_ms=6076.113 changed_assign=38 changed_order=45 applied_target=2 applied_station=2 initial_solve_ms=48747.455 objective_order=Tover,Nlate,Ctotal
[charge_scheduler-1] [INFO] [1785773372.101865184] [charge_scheduler]: ★闭环实验收益 policy=closed M=30 K=3 disturbance=combined delay=60.0 seed=2 recovered_late=0 overtime_reduction=48.709 distance_delta=-977.862 makespan_reduction=41.002
