[INFO] [launch]: All log files can be found below /root/.ros/log/2026-08-03-14-14-38-336755-YYYY-53799
[INFO] [launch]: Default logging verbosity is set to INFO
[INFO] [charge_scheduler-1]: process started with pid [53803]
[charge_scheduler-1] [INFO] [1785766478.457284068] [charge_scheduler]: [目标顺序] objective_order=Tover,Nlate,Ctotal
[charge_scheduler-1] [INFO] [1785766478.457762115] [charge_scheduler]: [Scheduler] 20辆车 | 电池800.0kWh(20%=160.0 80%=640.0) | 充电360kW效率97% | 行驶0.6kWh/km | 桩350kW
[charge_scheduler-1] [INFO] [1785766478.457793608] [charge_scheduler]: [Scheduler] 站端周转: 换电 10 min(换后满电) | 单趟可用 640 kWh
[charge_scheduler-1] [INFO] [1785766478.457807126] [charge_scheduler]:   车#0 [电动装载机282|light] 位置(3865.2,73751.0) 容量282kWh 剩余35% | α=6→6min/% τ=168min → 需130.8kWh(充21.2min)
[charge_scheduler-1] [INFO] [1785766478.457823020] [charge_scheduler]:   车#1 [重型叉车|light] 位置(3785.0,73749.2) 容量200kWh 剩余20% | α=6→6min/% τ=96min → 需123.7kWh(充20.0min)
[charge_scheduler-1] [INFO] [1785766478.457836884] [charge_scheduler]:   车#2 [电动装载机350|light] 位置(3811.5,73799.9) 容量350kWh 剩余50% | α=6→6min/% τ=288min → 需108.2kWh(充17.5min)
[charge_scheduler-1] [INFO] [1785766478.457849917] [charge_scheduler]:   车#3 [重型叉车|light] 位置(3810.8,73773.1) 容量200kWh 剩余10% | α=6→6min/% τ=32min → 需144.3kWh(充23.3min)
[charge_scheduler-1] [INFO] [1785766478.457862489] [charge_scheduler]:   车#4 [电动装载机282|heavy→降级] 位置(3905.0,73793.5) 容量282kWh 剩余60% | α=3→6min/% τ=212min → 需58.1kWh(充9.4min)
[charge_scheduler-1] [INFO] [1785766478.457875102] [charge_scheduler]:   车#5 [电动装载机350|light] 位置(3894.3,73756.9) 容量350kWh 剩余25% | α=6→6min/% τ=128min → 需198.5kWh(充32.1min)
[charge_scheduler-1] [INFO] [1785766478.457889609] [charge_scheduler]:   车#6 [电动装载机350|heavy→降级] 位置(3818.5,73716.2) 容量350kWh 剩余40% | α=4→6min/% τ=176min → 需144.3kWh(充23.3min)
[charge_scheduler-1] [INFO] [1785766478.457901633] [charge_scheduler]:   车#7 [重型叉车|light] 位置(3733.2,73772.4) 容量200kWh 剩余15% | α=6→6min/% τ=64min → 需134.0kWh(充21.7min)
[charge_scheduler-1] [INFO] [1785766478.457913456] [charge_scheduler]:   车#8 [电动装载机282|heavy→降级] 位置(3764.7,73699.0) 容量282kWh 剩余55% | α=3→6min/% τ=196min → 需72.7kWh(充11.8min)
[charge_scheduler-1] [INFO] [1785766478.457925780] [charge_scheduler]:   车#9 [电动装载机282|heavy→降级] 位置(3878.4,73747.9) 容量282kWh 剩余30% | α=3→6min/% τ=116min → 需145.4kWh(充23.5min)
[charge_scheduler-1] [INFO] [1785766478.457938827] [charge_scheduler]:   车#10 [电动装载机282|light] 位置(3740.3,73686.9) 容量282kWh 剩余45% | α=6→6min/% τ=224min → 需101.8kWh(充16.4min)
[charge_scheduler-1] [INFO] [1785766478.457951889] [charge_scheduler]:   车#11 [电动装载机350|light] 位置(3895.4,73811.9) 容量350kWh 剩余18% | α=6→6min/% τ=83min → 需223.7kWh(充36.2min)
[charge_scheduler-1] [INFO] [1785766478.457965106] [charge_scheduler]:   车#12 [重型叉车|heavy→降级] 位置(3876.0,73830.2) 容量200kWh 剩余62% | α=3→6min/% τ=230min → 需37.1kWh(充6.0min)
[charge_scheduler-1] [INFO] [1785766478.457980088] [charge_scheduler]:   车#13 [电动装载机282|light] 位置(3765.9,73790.3) 容量282kWh 剩余28% | α=6→6min/% τ=129min → 需151.2kWh(充24.4min)
[charge_scheduler-1] [INFO] [1785766478.457992840] [charge_scheduler]:   车#14 [电动装载机350|light] 位置(3637.1,73698.1) 容量350kWh 剩余52% | α=6→6min/% τ=301min → 需101.0kWh(充16.3min)
[charge_scheduler-1] [INFO] [1785766478.458005959] [charge_scheduler]:   车#15 [重型叉车|light] 位置(3884.5,73833.1) 容量200kWh 剩余12% | α=6→6min/% τ=45min → 需140.2kWh(充22.7min)
[charge_scheduler-1] [INFO] [1785766478.458019102] [charge_scheduler]:   车#16 [电动装载机282|light] 位置(3699.3,73765.4) 容量282kWh 剩余38% | α=6→6min/% τ=185min → 需122.1kWh(充19.7min)
[charge_scheduler-1] [INFO] [1785766478.458059575] [charge_scheduler]:   车#17 [电动装载机350|light] 位置(3800.8,73717.7) 容量350kWh 剩余58% | α=6→6min/% τ=339min → 需79.4kWh(充12.8min)
[charge_scheduler-1] [INFO] [1785766478.458095521] [charge_scheduler]:   车#18 [重型叉车|heavy→降级] 位置(3825.0,73792.7) 容量200kWh 剩余22% | α=3→6min/% τ=102min → 需119.6kWh(充19.3min)
[charge_scheduler-1] [INFO] [1785766478.458122737] [charge_scheduler]:   车#19 [电动装载机282|light] 位置(3784.3,73759.0) 容量282kWh 剩余48% | α=6→6min/% τ=241min → 需93.0kWh(充15.0min)
[charge_scheduler-1] [INFO] [1785766478.467052043] [charge_scheduler]: [Scheduler] 闭环接口: threshold=10.0min | event_sim=on | policy=all | structured_feedback=optional (/task_planner/execution_event)
[charge_scheduler-1] [INFO] [1785766478.467102517] [charge_scheduler]: [Scheduler] 已启动, 等待地图...
[charge_scheduler-1] [INFO] [1785766478.467116938] [charge_scheduler]: [Scheduler] 充电车1接口: sequence/served/arrived_target/arrived_station/return_goal/task_complete 后缀=_1
[charge_scheduler-1] [INFO] [1785766478.467129929] [charge_scheduler]: [Scheduler] 充电车2接口: sequence/served/arrived_target/arrived_station/return_goal/task_complete 后缀=_2
[charge_scheduler-1] [INFO] [1785766478.555074271] [charge_scheduler]: [Scheduler] RoutingGraph 就绪
[charge_scheduler-1] [INFO] [1785766478.555503711] [charge_scheduler]: [Scheduler] 提取到 0 条虚线捷径
[charge_scheduler-1] [INFO] [1785766478.582575317] [charge_scheduler]: [Scheduler] 下层兼容增强图: 190 节点, 0 条虚线掉头边
[charge_scheduler-1] [INFO] [1785766487.982176853] [charge_scheduler]: [Scheduler] 距离矩阵完成 21x21, 9399.5 ms | 模式=maneuver | 真实不可达=0 抽象不可达=0 | 缺少对向投影节点=0 | 对向识别(ID/几何/法向)=0/0/0 | 单向驿站投影=0
[charge_scheduler-1] [INFO] [1785766487.982237391] [charge_scheduler]:   ✓ 比值自检：420 个 OD 满足 机动/直线≥1 | 均值=3.73 最大=54.86 (车#15→车#12)
[charge_scheduler-1] [INFO] [1785766487.982252349] [charge_scheduler]: [Scheduler] 地图就绪, 190 条 lanelet（与下层一致）
[charge_scheduler-1] [INFO] [1785766487.982300036] [charge_scheduler]: ======== 开始VRPTW调度 20 辆车 ========
[charge_scheduler-1] [INFO] [1785766487.982307301] [charge_scheduler]:   规模20>8 → 启发式(alns)
[charge_scheduler-1] [INFO] [1785766499.526505812] [charge_scheduler]: [ALNS] objective_order=Tover,Nlate,Ctotal seed=3 iters=15000 | N_late=9(成功率55.0%) T_overtime=185.6min C_total=5376.3m | 趟数=8 makespan=397.1min
[charge_scheduler-1] [INFO] [1785766499.526560834] [charge_scheduler]:   求解耗时 11544.3 ms
[charge_scheduler-1] [INFO] [1785766499.526568469] [charge_scheduler]: ════════ 调度结果 ════════
[charge_scheduler-1] [INFO] [1785766499.526573111] [charge_scheduler]:   ★目标(字典序): objective_order=Tover,Nlate,Ctotal | N_late=9 辆 (按时成功率 11/20 = 55.0%)  T_overtime=185.6min  C_total=5376.3m
[charge_scheduler-1] [INFO] [1785766499.526579410] [charge_scheduler]:   附: 趟数=8 | makespan=397.1min | 能量可行=是
[charge_scheduler-1] [INFO] [1785766499.526589731] [charge_scheduler]:   [充电车2] 趟1: 站 → 车#8(到2.5/限196.0✓) → 车#3(到16.4/限32.0✓) → 车#15(到42.8/限44.8✓) → 车#7(到72.4/限64.0✗超时) → 站
[charge_scheduler-1] [INFO] [1785766499.526595982] [charge_scheduler]:   [充电车1] 趟2: 站 → 车#4(到4.6/限212.0✓) → 车#11(到15.0/限83.2✓) → 车#9(到53.8/限116.0✓) → 车#1(到85.8/限96.0✓) → 站
[charge_scheduler-1] [INFO] [1785766499.526601615] [charge_scheduler]:   [充电车2] 趟3: 站 → 车#18(到112.2/限102.4✗超时) → 车#13(到142.2/限128.8✗超时) → 车#16(到180.3/限184.8✓) → 站
[charge_scheduler-1] [INFO] [1785766499.526606704] [charge_scheduler]:   [充电车1] 趟4: 站 → 车#5(到127.0/限128.0✓) → 车#0(到175.0/限168.0✗超时) → 车#12(到212.0/限230.4✓) → 站
[charge_scheduler-1] [INFO] [1785766499.526611424] [charge_scheduler]:   [充电车2] 趟5: 站 → 车#10(到229.9/限224.0✗超时) → 车#6(到268.8/限176.0✗超时) → 站
[charge_scheduler-1] [INFO] [1785766499.526616602] [charge_scheduler]:   [充电车1] 趟6: 站 → 车#19(到251.4/限240.8✗超时) → 车#2(到287.8/限288.0✓) → 站
[charge_scheduler-1] [INFO] [1785766499.526620708] [charge_scheduler]:   [充电车1] 趟7: 站 → 车#17(到349.8/限339.2✗超时) → 站
[charge_scheduler-1] [INFO] [1785766499.526624657] [charge_scheduler]:   [充电车2] 趟8: 站 → 车#14(到327.9/限300.8✗超时) → 站
[charge_scheduler-1] [INFO] [1785766499.526627746] [charge_scheduler]: ════════════════════════
[charge_scheduler-1] [INFO] [1785766499.526674372] [charge_scheduler]: [扰动清单] type=target delay=15.0min targets={9,13,} station={}
[charge_scheduler-1] [INFO] [1785766499.526688026] [charge_scheduler]: [执行事件] loop=open plan_v=0 C2 type=target_service target=8 station_ord=0 planned_finish=14.59 actual_finish=14.59 dev=+0.00 injected=0.0
[charge_scheduler-1] [INFO] [1785766499.526695531] [charge_scheduler]: [执行事件] loop=open plan_v=0 C1 type=target_service target=4 station_ord=0 planned_finish=14.62 actual_finish=14.62 dev=+0.00 injected=0.0
[charge_scheduler-1] [INFO] [1785766499.526729786] [charge_scheduler]: [执行事件] loop=open plan_v=0 C2 type=target_service target=3 station_ord=0 planned_finish=40.55 actual_finish=40.55 dev=+0.00 injected=0.0
[charge_scheduler-1] [INFO] [1785766499.526735423] [charge_scheduler]: [执行事件] loop=open plan_v=0 C1 type=target_service target=11 station_ord=0 planned_finish=52.50 actual_finish=52.50 dev=+0.00 injected=0.0
[charge_scheduler-1] [INFO] [1785766499.526741146] [charge_scheduler]: [执行事件] loop=open plan_v=0 C2 type=target_service target=15 station_ord=0 planned_finish=67.75 actual_finish=67.75 dev=+0.00 injected=0.0
[charge_scheduler-1] [INFO] [1785766499.526746824] [charge_scheduler]: [执行事件] loop=open plan_v=0 C2 type=target_service target=7 station_ord=0 planned_finish=97.36 actual_finish=97.36 dev=+0.00 injected=0.0
[charge_scheduler-1] [INFO] [1785766499.526752316] [charge_scheduler]: [执行事件] loop=open plan_v=0 C1 type=target_service target=9 station_ord=0 planned_finish=83.88 actual_finish=98.88 dev=+15.00 injected=15.0
[charge_scheduler-1] [INFO] [1785766499.526758168] [charge_scheduler]: [执行事件] loop=open plan_v=0 C2 type=station_turnaround target=-1 station_ord=1 planned_finish=109.29 actual_finish=109.29 dev=+0.00 injected=0.0
[charge_scheduler-1] [INFO] [1785766499.526764123] [charge_scheduler]: [执行事件] loop=open plan_v=0 C1 type=target_service target=1 station_ord=0 planned_finish=110.24 actual_finish=125.77 dev=+15.53 injected=0.0
[charge_scheduler-1] [INFO] [1785766499.526769855] [charge_scheduler]: [执行事件] loop=open plan_v=0 C2 type=target_service target=18 station_ord=0 planned_finish=137.25 actual_finish=137.25 dev=+0.00 injected=0.0
[charge_scheduler-1] [INFO] [1785766499.526775488] [charge_scheduler]: [执行事件] loop=open plan_v=0 C1 type=station_turnaround target=-1 station_ord=1 planned_finish=121.78 actual_finish=137.31 dev=+15.53 injected=0.0
[charge_scheduler-1] [INFO] [1785766499.526781131] [charge_scheduler]: [执行事件] loop=open plan_v=0 C1 type=target_service target=5 station_ord=0 planned_finish=170.65 actual_finish=186.28 dev=+15.62 injected=0.0
[charge_scheduler-1] [INFO] [1785766499.526786610] [charge_scheduler]: [执行事件] loop=open plan_v=0 C2 type=target_service target=13 station_ord=0 planned_finish=177.42 actual_finish=192.42 dev=+15.00 injected=15.0
[charge_scheduler-1] [INFO] [1785766499.526792366] [charge_scheduler]: [执行事件] loop=open plan_v=0 C1 type=target_service target=0 station_ord=0 planned_finish=210.23 actual_finish=225.85 dev=+15.62 injected=0.0
[charge_scheduler-1] [INFO] [1785766499.526797992] [charge_scheduler]: [执行事件] loop=open plan_v=0 C2 type=target_service target=16 station_ord=0 planned_finish=215.22 actual_finish=230.60 dev=+15.37 injected=0.0
[charge_scheduler-1] [INFO] [1785766499.526803491] [charge_scheduler]: [执行事件] loop=open plan_v=0 C2 type=station_turnaround target=-1 station_ord=2 planned_finish=227.84 actual_finish=243.21 dev=+15.37 injected=0.0
[charge_scheduler-1] [INFO] [1785766499.526809040] [charge_scheduler]: [执行事件] loop=open plan_v=0 C1 type=target_service target=12 station_ord=0 planned_finish=236.06 actual_finish=252.49 dev=+16.44 injected=0.0
[charge_scheduler-1] [INFO] [1785766499.526814490] [charge_scheduler]: [执行事件] loop=open plan_v=0 C1 type=station_turnaround target=-1 station_ord=2 planned_finish=250.23 actual_finish=266.67 dev=+16.44 injected=0.0
[charge_scheduler-1] [INFO] [1785766499.526820049] [charge_scheduler]: [执行事件] loop=open plan_v=0 C2 type=target_service target=10 station_ord=0 planned_finish=265.16 actual_finish=280.54 dev=+15.37 injected=0.0
[charge_scheduler-1] [INFO] [1785766499.526825584] [charge_scheduler]: [执行事件] loop=open plan_v=0 C1 type=target_service target=19 station_ord=0 planned_finish=286.70 actual_finish=303.13 dev=+16.44 injected=0.0
[charge_scheduler-1] [INFO] [1785766499.526831087] [charge_scheduler]: [执行事件] loop=open plan_v=0 C2 type=target_service target=6 station_ord=0 planned_finish=312.55 actual_finish=327.93 dev=+15.37 injected=0.0
[charge_scheduler-1] [INFO] [1785766499.526837333] [charge_scheduler]: [执行事件] loop=open plan_v=0 C2 type=station_turnaround target=-1 station_ord=3 planned_finish=324.88 actual_finish=340.25 dev=+15.37 injected=0.0
[charge_scheduler-1] [INFO] [1785766499.526844929] [charge_scheduler]: [执行事件] loop=open plan_v=0 C1 type=target_service target=2 station_ord=0 planned_finish=331.55 actual_finish=348.01 dev=+16.45 injected=0.0
[charge_scheduler-1] [INFO] [1785766499.526850550] [charge_scheduler]: [执行事件] loop=open plan_v=0 C1 type=station_turnaround target=-1 station_ord=3 planned_finish=348.11 actual_finish=364.57 dev=+16.45 injected=0.0
[charge_scheduler-1] [INFO] [1785766499.526855961] [charge_scheduler]: [执行事件] loop=open plan_v=0 C2 type=target_service target=14 station_ord=0 planned_finish=371.62 actual_finish=386.99 dev=+15.37 injected=0.0
[charge_scheduler-1] [INFO] [1785766499.526861452] [charge_scheduler]: [执行事件] loop=open plan_v=0 C2 type=final_return target=-1 station_ord=0 planned_finish=375.32 actual_finish=390.69 dev=+15.37 injected=0.0
[charge_scheduler-1] [INFO] [1785766499.526866878] [charge_scheduler]: [执行事件] loop=open plan_v=0 C1 type=target_service target=17 station_ord=0 planned_finish=393.58 actual_finish=410.03 dev=+16.45 injected=0.0
[charge_scheduler-1] [INFO] [1785766499.526872169] [charge_scheduler]: [执行事件] loop=open plan_v=0 C1 type=final_return target=-1 station_ord=0 planned_finish=397.15 actual_finish=413.60 dev=+16.45 injected=0.0
[charge_scheduler-1] [INFO] [1785766499.526883670] [charge_scheduler]: [执行事件] loop=fixed plan_v=0 C2 type=target_service target=8 station_ord=0 planned_finish=14.59 actual_finish=14.59 dev=+0.00 injected=0.0
[charge_scheduler-1] [INFO] [1785766499.526889592] [charge_scheduler]: [执行事件] loop=fixed plan_v=0 C1 type=target_service target=4 station_ord=0 planned_finish=14.62 actual_finish=14.62 dev=+0.00 injected=0.0
[charge_scheduler-1] [INFO] [1785766499.526895126] [charge_scheduler]: [执行事件] loop=fixed plan_v=0 C2 type=target_service target=3 station_ord=0 planned_finish=40.55 actual_finish=40.55 dev=+0.00 injected=0.0
[charge_scheduler-1] [INFO] [1785766499.526900480] [charge_scheduler]: [执行事件] loop=fixed plan_v=0 C1 type=target_service target=11 station_ord=0 planned_finish=52.50 actual_finish=52.50 dev=+0.00 injected=0.0
[charge_scheduler-1] [INFO] [1785766499.526906863] [charge_scheduler]: [执行事件] loop=fixed plan_v=0 C2 type=target_service target=15 station_ord=0 planned_finish=67.75 actual_finish=67.75 dev=+0.00 injected=0.0
[charge_scheduler-1] [INFO] [1785766499.526912474] [charge_scheduler]: [执行事件] loop=fixed plan_v=0 C2 type=target_service target=7 station_ord=0 planned_finish=97.36 actual_finish=97.36 dev=+0.00 injected=0.0
[charge_scheduler-1] [INFO] [1785766499.526917804] [charge_scheduler]: [执行事件] loop=fixed plan_v=0 C1 type=target_service target=9 station_ord=0 planned_finish=83.88 actual_finish=98.88 dev=+15.00 injected=15.0
[charge_scheduler-1] [WARN] [1785766499.803191380] [charge_scheduler]: [重调度事件] policy=fixed #1 t=98.88min trigger=C1/target_service dev=+15.00 pool=13 committed=0 plan_v=1 solve_ms=276.2 changed_assign=0 changed_order=3
[charge_scheduler-1] [INFO] [1785766499.803234979] [charge_scheduler]: [执行事件] loop=fixed plan_v=0 C2 type=station_turnaround target=-1 station_ord=1 planned_finish=109.29 actual_finish=109.29 dev=+0.00 injected=0.0
[charge_scheduler-1] [INFO] [1785766499.803249775] [charge_scheduler]: [执行事件] loop=fixed plan_v=1 C1 type=target_service target=1 station_ord=0 planned_finish=125.77 actual_finish=125.77 dev=+0.00 injected=0.0
[charge_scheduler-1] [INFO] [1785766499.803256698] [charge_scheduler]: [执行事件] loop=fixed plan_v=1 C2 type=target_service target=18 station_ord=0 planned_finish=137.25 actual_finish=137.25 dev=+0.00 injected=0.0
[charge_scheduler-1] [INFO] [1785766499.803263872] [charge_scheduler]: [执行事件] loop=fixed plan_v=1 C1 type=station_turnaround target=-1 station_ord=1 planned_finish=137.31 actual_finish=137.31 dev=+0.00 injected=0.0
[charge_scheduler-1] [INFO] [1785766499.803269604] [charge_scheduler]: [执行事件] loop=fixed plan_v=1 C1 type=target_service target=0 station_ord=0 planned_finish=173.02 actual_finish=173.02 dev=+0.00 injected=0.0
[charge_scheduler-1] [INFO] [1785766499.803275413] [charge_scheduler]: [执行事件] loop=fixed plan_v=1 C2 type=target_service target=13 station_ord=0 planned_finish=177.42 actual_finish=192.42 dev=+15.00 injected=15.0
[charge_scheduler-1] [WARN] [1785766499.961176800] [charge_scheduler]: [重调度事件] policy=fixed #2 t=192.42min trigger=C2/target_service dev=+15.00 pool=8 committed=1 plan_v=2 solve_ms=157.9 changed_assign=0 changed_order=0
[charge_scheduler-1] [INFO] [1785766499.961254444] [charge_scheduler]: [执行事件] loop=fixed plan_v=1 C1 type=target_service target=12 station_ord=0 planned_finish=196.91 actual_finish=196.91 dev=+0.00 injected=0.0
[charge_scheduler-1] [INFO] [1785766499.961263765] [charge_scheduler]: [执行事件] loop=fixed plan_v=2 C2 type=target_service target=16 station_ord=0 planned_finish=230.60 actual_finish=230.60 dev=+0.00 injected=0.0
[charge_scheduler-1] [INFO] [1785766499.961270538] [charge_scheduler]: [执行事件] loop=fixed plan_v=2 C2 type=station_turnaround target=-1 station_ord=2 planned_finish=243.21 actual_finish=243.21 dev=+0.00 injected=0.0
[charge_scheduler-1] [INFO] [1785766499.961276474] [charge_scheduler]: [执行事件] loop=fixed plan_v=2 C1 type=target_service target=5 station_ord=0 planned_finish=247.96 actual_finish=247.96 dev=+0.00 injected=0.0
[charge_scheduler-1] [INFO] [1785766499.961281961] [charge_scheduler]: [执行事件] loop=fixed plan_v=2 C1 type=station_turnaround target=-1 station_ord=2 planned_finish=261.57 actual_finish=261.57 dev=+0.00 injected=0.0
[charge_scheduler-1] [INFO] [1785766499.961287549] [charge_scheduler]: [执行事件] loop=fixed plan_v=2 C2 type=target_service target=10 station_ord=0 planned_finish=280.54 actual_finish=280.54 dev=+0.00 injected=0.0
[charge_scheduler-1] [INFO] [1785766499.961293143] [charge_scheduler]: [执行事件] loop=fixed plan_v=2 C1 type=target_service target=19 station_ord=0 planned_finish=298.04 actual_finish=298.04 dev=+0.00 injected=0.0
[charge_scheduler-1] [INFO] [1785766499.961301701] [charge_scheduler]: [执行事件] loop=fixed plan_v=2 C2 type=target_service target=6 station_ord=0 planned_finish=327.93 actual_finish=327.93 dev=+0.00 injected=0.0
[charge_scheduler-1] [INFO] [1785766499.961307533] [charge_scheduler]: [执行事件] loop=fixed plan_v=2 C2 type=station_turnaround target=-1 station_ord=3 planned_finish=340.25 actual_finish=340.25 dev=+0.00 injected=0.0
[charge_scheduler-1] [INFO] [1785766499.961313152] [charge_scheduler]: [执行事件] loop=fixed plan_v=2 C1 type=target_service target=2 station_ord=0 planned_finish=342.91 actual_finish=342.91 dev=+0.00 injected=0.0
[charge_scheduler-1] [INFO] [1785766499.961318524] [charge_scheduler]: [执行事件] loop=fixed plan_v=2 C1 type=station_turnaround target=-1 station_ord=3 planned_finish=359.47 actual_finish=359.47 dev=+0.00 injected=0.0
[charge_scheduler-1] [INFO] [1785766499.961324100] [charge_scheduler]: [执行事件] loop=fixed plan_v=2 C2 type=target_service target=14 station_ord=0 planned_finish=386.99 actual_finish=386.99 dev=+0.00 injected=0.0
[charge_scheduler-1] [INFO] [1785766499.961329483] [charge_scheduler]: [执行事件] loop=fixed plan_v=2 C2 type=final_return target=-1 station_ord=0 planned_finish=390.69 actual_finish=390.69 dev=+0.00 injected=0.0
[charge_scheduler-1] [INFO] [1785766499.961334708] [charge_scheduler]: [执行事件] loop=fixed plan_v=2 C1 type=target_service target=17 station_ord=0 planned_finish=404.94 actual_finish=404.94 dev=+0.00 injected=0.0
[charge_scheduler-1] [INFO] [1785766499.961339888] [charge_scheduler]: [执行事件] loop=fixed plan_v=2 C1 type=final_return target=-1 station_ord=0 planned_finish=408.50 actual_finish=408.50 dev=+0.00 injected=0.0
[charge_scheduler-1] [INFO] [1785766499.961357773] [charge_scheduler]: [执行事件] loop=global plan_v=0 C2 type=target_service target=8 station_ord=0 planned_finish=14.59 actual_finish=14.59 dev=+0.00 injected=0.0
[charge_scheduler-1] [INFO] [1785766499.961363634] [charge_scheduler]: [执行事件] loop=global plan_v=0 C1 type=target_service target=4 station_ord=0 planned_finish=14.62 actual_finish=14.62 dev=+0.00 injected=0.0
[charge_scheduler-1] [INFO] [1785766499.961368910] [charge_scheduler]: [执行事件] loop=global plan_v=0 C2 type=target_service target=3 station_ord=0 planned_finish=40.55 actual_finish=40.55 dev=+0.00 injected=0.0
[charge_scheduler-1] [INFO] [1785766499.961374262] [charge_scheduler]: [执行事件] loop=global plan_v=0 C1 type=target_service target=11 station_ord=0 planned_finish=52.50 actual_finish=52.50 dev=+0.00 injected=0.0
[charge_scheduler-1] [INFO] [1785766499.961380452] [charge_scheduler]: [执行事件] loop=global plan_v=0 C2 type=target_service target=15 station_ord=0 planned_finish=67.75 actual_finish=67.75 dev=+0.00 injected=0.0
[charge_scheduler-1] [INFO] [1785766499.961386002] [charge_scheduler]: [执行事件] loop=global plan_v=0 C2 type=target_service target=7 station_ord=0 planned_finish=97.36 actual_finish=97.36 dev=+0.00 injected=0.0
[charge_scheduler-1] [INFO] [1785766499.961394334] [charge_scheduler]: [执行事件] loop=global plan_v=0 C1 type=target_service target=9 station_ord=0 planned_finish=83.88 actual_finish=98.88 dev=+15.00 injected=15.0
[charge_scheduler-1] [WARN] [1785766501.021684629] [charge_scheduler]: [重调度事件] policy=global #1 t=98.88min trigger=C1/target_service dev=+15.00 pool=13 committed=0 plan_v=1 solve_ms=1060.3 changed_assign=2 changed_order=4
[charge_scheduler-1] [INFO] [1785766501.021730332] [charge_scheduler]: [执行事件] loop=global plan_v=0 C2 type=station_turnaround target=-1 station_ord=1 planned_finish=109.29 actual_finish=109.29 dev=+0.00 injected=0.0
[charge_scheduler-1] [INFO] [1785766501.021739774] [charge_scheduler]: [执行事件] loop=global plan_v=1 C1 type=target_service target=1 station_ord=0 planned_finish=125.77 actual_finish=125.77 dev=+0.00 injected=0.0
[charge_scheduler-1] [INFO] [1785766501.021746586] [charge_scheduler]: [执行事件] loop=global plan_v=1 C2 type=target_service target=18 station_ord=0 planned_finish=137.25 actual_finish=137.25 dev=+0.00 injected=0.0
[charge_scheduler-1] [INFO] [1785766501.021754157] [charge_scheduler]: [执行事件] loop=global plan_v=1 C1 type=station_turnaround target=-1 station_ord=1 planned_finish=137.31 actual_finish=137.31 dev=+0.00 injected=0.0
[charge_scheduler-1] [INFO] [1785766501.021760462] [charge_scheduler]: [执行事件] loop=global plan_v=1 C1 type=target_service target=0 station_ord=0 planned_finish=173.02 actual_finish=173.02 dev=+0.00 injected=0.0
[charge_scheduler-1] [INFO] [1785766501.021766311] [charge_scheduler]: [执行事件] loop=global plan_v=1 C2 type=target_service target=13 station_ord=0 planned_finish=177.42 actual_finish=192.42 dev=+15.00 injected=15.0
[charge_scheduler-1] [WARN] [1785766501.356428086] [charge_scheduler]: [重调度事件] policy=global #2 t=192.42min trigger=C2/target_service dev=+15.00 pool=8 committed=1 plan_v=2 solve_ms=334.6 changed_assign=0 changed_order=0
[charge_scheduler-1] [INFO] [1785766501.356479379] [charge_scheduler]: [执行事件] loop=global plan_v=1 C1 type=target_service target=12 station_ord=0 planned_finish=196.91 actual_finish=196.91 dev=+0.00 injected=0.0
[charge_scheduler-1] [INFO] [1785766501.356487989] [charge_scheduler]: [执行事件] loop=global plan_v=2 C2 type=target_service target=16 station_ord=0 planned_finish=230.60 actual_finish=230.60 dev=+0.00 injected=0.0
[charge_scheduler-1] [INFO] [1785766501.356494692] [charge_scheduler]: [执行事件] loop=global plan_v=2 C2 type=station_turnaround target=-1 station_ord=2 planned_finish=243.21 actual_finish=243.21 dev=+0.00 injected=0.0
[charge_scheduler-1] [INFO] [1785766501.356500921] [charge_scheduler]: [执行事件] loop=global plan_v=2 C1 type=target_service target=6 station_ord=0 planned_finish=243.84 actual_finish=243.84 dev=+0.00 injected=0.0
[charge_scheduler-1] [INFO] [1785766501.356506491] [charge_scheduler]: [执行事件] loop=global plan_v=2 C1 type=station_turnaround target=-1 station_ord=2 planned_finish=256.17 actual_finish=256.17 dev=+0.00 injected=0.0
[charge_scheduler-1] [INFO] [1785766501.356512114] [charge_scheduler]: [执行事件] loop=global plan_v=2 C2 type=target_service target=10 station_ord=0 planned_finish=280.54 actual_finish=280.54 dev=+0.00 injected=0.0
[charge_scheduler-1] [INFO] [1785766501.356517597] [charge_scheduler]: [执行事件] loop=global plan_v=2 C1 type=target_service target=19 station_ord=0 planned_finish=292.64 actual_finish=292.64 dev=+0.00 injected=0.0
[charge_scheduler-1] [INFO] [1785766501.356523131] [charge_scheduler]: [执行事件] loop=global plan_v=2 C2 type=target_service target=5 station_ord=0 planned_finish=330.02 actual_finish=330.02 dev=+0.00 injected=0.0
[charge_scheduler-1] [INFO] [1785766501.356528789] [charge_scheduler]: [执行事件] loop=global plan_v=2 C1 type=target_service target=2 station_ord=0 planned_finish=337.51 actual_finish=337.51 dev=+0.00 injected=0.0
[charge_scheduler-1] [INFO] [1785766501.356534452] [charge_scheduler]: [执行事件] loop=global plan_v=2 C2 type=station_turnaround target=-1 station_ord=3 planned_finish=343.62 actual_finish=343.62 dev=+0.00 injected=0.0
[charge_scheduler-1] [INFO] [1785766501.356539995] [charge_scheduler]: [执行事件] loop=global plan_v=2 C1 type=station_turnaround target=-1 station_ord=3 planned_finish=354.07 actual_finish=354.07 dev=+0.00 injected=0.0
[charge_scheduler-1] [INFO] [1785766501.356571690] [charge_scheduler]: [执行事件] loop=global plan_v=2 C2 type=target_service target=14 station_ord=0 planned_finish=390.36 actual_finish=390.36 dev=+0.00 injected=0.0
[charge_scheduler-1] [INFO] [1785766501.356577765] [charge_scheduler]: [执行事件] loop=global plan_v=2 C2 type=final_return target=-1 station_ord=0 planned_finish=394.06 actual_finish=394.06 dev=+0.00 injected=0.0
[charge_scheduler-1] [INFO] [1785766501.356583434] [charge_scheduler]: [执行事件] loop=global plan_v=2 C1 type=target_service target=17 station_ord=0 planned_finish=399.54 actual_finish=399.54 dev=+0.00 injected=0.0
[charge_scheduler-1] [INFO] [1785766501.356588842] [charge_scheduler]: [执行事件] loop=global plan_v=2 C1 type=final_return target=-1 station_ord=0 planned_finish=403.10 actual_finish=403.10 dev=+0.00 injected=0.0
[charge_scheduler-1] [INFO] [1785766501.356600799] [charge_scheduler]: ★闭环实验结果 mode=open M=20 K=2 disturbance=target delay=15.0 seed=3 N_late=13 T_overtime=326.347 C_total=5376.299 makespan=413.600 served=20 energy_viol=2 reschedules=0 reschedule_ms=0.000 changed_assign=0 changed_order=0 applied_target=2 applied_station=0 initial_solve_ms=11544.253 objective_order=Tover,Nlate,Ctotal
[charge_scheduler-1] [INFO] [1785766501.356611931] [charge_scheduler]: ★闭环实验结果 mode=fixed M=20 K=2 disturbance=target delay=15.0 seed=3 N_late=12 T_overtime=350.138 C_total=5375.973 makespan=408.502 served=20 energy_viol=0 reschedules=2 reschedule_ms=434.091 changed_assign=0 changed_order=3 applied_target=2 applied_station=0 initial_solve_ms=11544.253 objective_order=Tover,Nlate,Ctotal
[charge_scheduler-1] [INFO] [1785766501.356619800] [charge_scheduler]: ★闭环实验收益 policy=fixed M=20 K=2 disturbance=target delay=15.0 seed=3 recovered_late=1 overtime_reduction=-23.791 distance_delta=-0.326 makespan_reduction=5.097
[charge_scheduler-1] [INFO] [1785766501.356626002] [charge_scheduler]: ★闭环实验结果 mode=closed M=20 K=2 disturbance=target delay=15.0 seed=3 N_late=12 T_overtime=335.277 C_total=5240.531 makespan=403.102 served=20 energy_viol=0 reschedules=2 reschedule_ms=1394.899 changed_assign=2 changed_order=4 applied_target=2 applied_station=0 initial_solve_ms=11544.253 objective_order=Tover,Nlate,Ctotal
[charge_scheduler-1] [INFO] [1785766501.356633457] [charge_scheduler]: ★闭环实验收益 policy=closed M=20 K=2 disturbance=target delay=15.0 seed=3 recovered_late=1 overtime_reduction=-8.929 distance_delta=-135.768 makespan_reduction=10.497
