[INFO] [launch]: All log files can be found below /root/.ros/log/2026-08-03-15-32-59-001454-YYYY-70545
[INFO] [launch]: Default logging verbosity is set to INFO
[INFO] [charge_scheduler-1]: process started with pid [70549]
[charge_scheduler-1] [INFO] [1785771179.127942729] [charge_scheduler]: [目标顺序] objective_order=Tover,Nlate,Ctotal
[charge_scheduler-1] [INFO] [1785771179.128436822] [charge_scheduler]: [Scheduler] 30辆车 | 电池800.0kWh(20%=160.0 80%=640.0) | 充电360kW效率97% | 行驶0.6kWh/km | 桩350kW
[charge_scheduler-1] [INFO] [1785771179.128470728] [charge_scheduler]: [Scheduler] 站端周转: 换电 10 min(换后满电) | 单趟可用 640 kWh
[charge_scheduler-1] [INFO] [1785771179.128479675] [charge_scheduler]:   车#0 [电动装载机282|light] 位置(3889.6,73764.7) 容量282kWh 剩余35% | α=6→6min/% τ=168min → 需130.8kWh(充21.2min)
[charge_scheduler-1] [INFO] [1785771179.128493101] [charge_scheduler]:   车#1 [重型叉车|light] 位置(3778.9,73807.0) 容量200kWh 剩余20% | α=6→6min/% τ=96min → 需123.7kWh(充20.0min)
[charge_scheduler-1] [INFO] [1785771179.128502639] [charge_scheduler]:   车#2 [电动装载机350|light] 位置(3794.9,73804.6) 容量350kWh 剩余50% | α=6→6min/% τ=288min → 需108.2kWh(充17.5min)
[charge_scheduler-1] [INFO] [1785771179.128514627] [charge_scheduler]:   车#3 [重型叉车|light] 位置(3806.9,73760.3) 容量200kWh 剩余10% | α=6→6min/% τ=32min → 需144.3kWh(充23.3min)
[charge_scheduler-1] [INFO] [1785771179.128527223] [charge_scheduler]:   车#4 [电动装载机282|heavy→降级] 位置(3705.1,73758.2) 容量282kWh 剩余60% | α=3→6min/% τ=212min → 需58.1kWh(充9.4min)
[charge_scheduler-1] [INFO] [1785771179.128536434] [charge_scheduler]:   车#5 [电动装载机350|light] 位置(3756.5,73770.2) 容量350kWh 剩余25% | α=6→6min/% τ=128min → 需198.5kWh(充32.1min)
[charge_scheduler-1] [INFO] [1785771179.128545130] [charge_scheduler]:   车#6 [电动装载机350|heavy→降级] 位置(3887.4,73809.4) 容量350kWh 剩余40% | α=4→6min/% τ=176min → 需144.3kWh(充23.3min)
[charge_scheduler-1] [INFO] [1785771179.128557379] [charge_scheduler]:   车#7 [重型叉车|light] 位置(3899.0,73786.6) 容量200kWh 剩余15% | α=6→6min/% τ=64min → 需134.0kWh(充21.7min)
[charge_scheduler-1] [INFO] [1785771179.128575355] [charge_scheduler]:   车#8 [电动装载机282|heavy→降级] 位置(3689.7,73663.1) 容量282kWh 剩余55% | α=3→6min/% τ=196min → 需72.7kWh(充11.8min)
[charge_scheduler-1] [INFO] [1785771179.128587165] [charge_scheduler]:   车#9 [电动装载机282|heavy→降级] 位置(3748.4,73767.2) 容量282kWh 剩余30% | α=3→6min/% τ=116min → 需145.4kWh(充23.5min)
[charge_scheduler-1] [INFO] [1785771179.128598427] [charge_scheduler]:   车#10 [电动装载机282|light] 位置(3865.2,73751.0) 容量282kWh 剩余45% | α=6→6min/% τ=224min → 需101.8kWh(充16.4min)
[charge_scheduler-1] [INFO] [1785771179.128611114] [charge_scheduler]:   车#11 [电动装载机350|light] 位置(3785.0,73749.2) 容量350kWh 剩余18% | α=6→6min/% τ=83min → 需223.7kWh(充36.2min)
[charge_scheduler-1] [INFO] [1785771179.128622910] [charge_scheduler]:   车#12 [重型叉车|heavy→降级] 位置(3811.5,73799.9) 容量200kWh 剩余62% | α=3→6min/% τ=230min → 需37.1kWh(充6.0min)
[charge_scheduler-1] [INFO] [1785771179.128639446] [charge_scheduler]:   车#13 [电动装载机282|light] 位置(3810.8,73773.1) 容量282kWh 剩余28% | α=6→6min/% τ=129min → 需151.2kWh(充24.4min)
[charge_scheduler-1] [INFO] [1785771179.128652339] [charge_scheduler]:   车#14 [电动装载机350|light] 位置(3905.0,73793.5) 容量350kWh 剩余52% | α=6→6min/% τ=301min → 需101.0kWh(充16.3min)
[charge_scheduler-1] [INFO] [1785771179.128664276] [charge_scheduler]:   车#15 [重型叉车|light] 位置(3894.3,73756.9) 容量200kWh 剩余12% | α=6→6min/% τ=45min → 需140.2kWh(充22.7min)
[charge_scheduler-1] [INFO] [1785771179.128676273] [charge_scheduler]:   车#16 [电动装载机282|light] 位置(3818.5,73716.2) 容量282kWh 剩余38% | α=6→6min/% τ=185min → 需122.1kWh(充19.7min)
[charge_scheduler-1] [INFO] [1785771179.128687466] [charge_scheduler]:   车#17 [电动装载机350|light] 位置(3733.2,73772.4) 容量350kWh 剩余58% | α=6→6min/% τ=339min → 需79.4kWh(充12.8min)
[charge_scheduler-1] [INFO] [1785771179.128700196] [charge_scheduler]:   车#18 [重型叉车|heavy→降级] 位置(3764.7,73699.0) 容量200kWh 剩余22% | α=3→6min/% τ=102min → 需119.6kWh(充19.3min)
[charge_scheduler-1] [INFO] [1785771179.128720650] [charge_scheduler]:   车#19 [电动装载机282|light] 位置(3878.4,73747.9) 容量282kWh 剩余48% | α=6→6min/% τ=241min → 需93.0kWh(充15.0min)
[charge_scheduler-1] [INFO] [1785771179.128773427] [charge_scheduler]:   车#20 [电动装载机350|light] 位置(3740.3,73686.9) 容量350kWh 剩余33% | α=6→6min/% τ=179min → 需169.6kWh(充27.4min)
[charge_scheduler-1] [INFO] [1785771179.128786417] [charge_scheduler]:   车#21 [重型叉车|heavy→降级] 位置(3895.4,73811.9) 容量200kWh 剩余65% | α=3→6min/% τ=240min → 需30.9kWh(充5.0min)
[charge_scheduler-1] [INFO] [1785771179.128798449] [charge_scheduler]:   车#22 [电动装载机282|light] 位置(3876.0,73830.2) 容量282kWh 剩余16% | α=6→6min/% τ=62min → 需186.1kWh(充30.1min)
[charge_scheduler-1] [INFO] [1785771179.128810396] [charge_scheduler]:   车#23 [电动装载机350|light] 位置(3765.9,73790.3) 容量350kWh 剩余42% | α=6→6min/% τ=237min → 需137.1kWh(充22.2min)
[charge_scheduler-1] [INFO] [1785771179.128822451] [charge_scheduler]:   车#24 [重型叉车|heavy→降级] 位置(3637.1,73698.1) 容量200kWh 剩余25% | α=3→6min/% τ=112min → 需113.4kWh(充18.3min)
[charge_scheduler-1] [INFO] [1785771179.128834643] [charge_scheduler]:   车#25 [电动装载机282|light] 位置(3884.5,73833.1) 容量282kWh 剩余55% | α=6→6min/% τ=280min → 需72.7kWh(充11.8min)
[charge_scheduler-1] [INFO] [1785771179.128849121] [charge_scheduler]:   车#26 [电动装载机350|light] 位置(3699.3,73765.4) 容量350kWh 剩余30% | α=6→6min/% τ=160min → 需180.4kWh(充29.2min)
[charge_scheduler-1] [INFO] [1785771179.128861674] [charge_scheduler]:   车#27 [重型叉车|heavy→降级] 位置(3800.8,73717.7) 容量200kWh 剩余68% | α=3→6min/% τ=250min → 需24.7kWh(充4.0min)
[charge_scheduler-1] [INFO] [1785771179.128873123] [charge_scheduler]:   车#28 [电动装载机282|light] 位置(3825.0,73792.7) 容量282kWh 剩余20% | α=6→6min/% τ=84min → 需174.4kWh(充28.2min)
[charge_scheduler-1] [INFO] [1785771179.128884156] [charge_scheduler]:   车#29 [电动装载机350|light] 位置(3784.3,73759.0) 容量350kWh 剩余36% | α=6→6min/% τ=198min → 需158.8kWh(充25.7min)
[charge_scheduler-1] [INFO] [1785771179.141051080] [charge_scheduler]: [Scheduler] 闭环接口: threshold=10.0min | event_sim=on | policy=all | structured_feedback=optional (/task_planner/execution_event)
[charge_scheduler-1] [INFO] [1785771179.141110530] [charge_scheduler]: [Scheduler] 已启动, 等待地图...
[charge_scheduler-1] [INFO] [1785771179.141121396] [charge_scheduler]: [Scheduler] 充电车1接口: sequence/served/arrived_target/arrived_station/return_goal/task_complete 后缀=_1
[charge_scheduler-1] [INFO] [1785771179.141134668] [charge_scheduler]: [Scheduler] 充电车2接口: sequence/served/arrived_target/arrived_station/return_goal/task_complete 后缀=_2
[charge_scheduler-1] [INFO] [1785771179.141144627] [charge_scheduler]: [Scheduler] 充电车3接口: sequence/served/arrived_target/arrived_station/return_goal/task_complete 后缀=_3
[charge_scheduler-1] [INFO] [1785771179.231085262] [charge_scheduler]: [Scheduler] RoutingGraph 就绪
[charge_scheduler-1] [INFO] [1785771179.231604574] [charge_scheduler]: [Scheduler] 提取到 0 条虚线捷径
[charge_scheduler-1] [INFO] [1785771179.259557039] [charge_scheduler]: [Scheduler] 下层兼容增强图: 190 节点, 0 条虚线掉头边
[charge_scheduler-1] [INFO] [1785771199.963589240] [charge_scheduler]: [Scheduler] 距离矩阵完成 31x31, 20704.0 ms | 模式=maneuver | 真实不可达=0 抽象不可达=0 | 缺少对向投影节点=0 | 对向识别(ID/几何/法向)=0/0/0 | 单向驿站投影=0
[charge_scheduler-1] [INFO] [1785771199.963653025] [charge_scheduler]:   ✓ 比值自检：930 个 OD 满足 机动/直线≥1 | 均值=4.11 最大=62.63 (车#0→车#15)
[charge_scheduler-1] [INFO] [1785771199.963664883] [charge_scheduler]: [Scheduler] 地图就绪, 190 条 lanelet（与下层一致）
[charge_scheduler-1] [INFO] [1785771199.963704401] [charge_scheduler]: ======== 开始VRPTW调度 30 辆车 ========
[charge_scheduler-1] [INFO] [1785771199.963708988] [charge_scheduler]:   规模30>8 → 启发式(alns)
[charge_scheduler-1] [INFO] [1785771248.225003515] [charge_scheduler]: [ALNS] objective_order=Tover,Nlate,Ctotal seed=3 iters=15000 | N_late=10(成功率66.7%) T_overtime=204.9min C_total=7008.4m | 趟数=11 makespan=383.9min
[charge_scheduler-1] [INFO] [1785771248.225055278] [charge_scheduler]:   求解耗时 48261.3 ms
[charge_scheduler-1] [INFO] [1785771248.225063199] [charge_scheduler]: ════════ 调度结果 ════════
[charge_scheduler-1] [INFO] [1785771248.225068212] [charge_scheduler]:   ★目标(字典序): objective_order=Tover,Nlate,Ctotal | N_late=10 辆 (按时成功率 20/30 = 66.7%)  T_overtime=204.9min  C_total=7008.4m
[charge_scheduler-1] [INFO] [1785771248.225101238] [charge_scheduler]:   附: 趟数=11 | makespan=383.9min | 能量可行=是
[charge_scheduler-1] [INFO] [1785771248.225112751] [charge_scheduler]:   [充电车1] 趟1: 站 → 车#27(到1.7/限249.6✓) → 车#7(到8.0/限64.0✓) → 车#22(到30.9/限61.6✓) → 车#28(到65.4/限84.0✓) → 站
[charge_scheduler-1] [INFO] [1785771248.225119599] [charge_scheduler]:   [充电车3] 趟2: 站 → 车#4(到2.1/限212.0✓) → 车#8(到15.3/限196.0✓) → 车#18(到30.7/限102.4✓) → 车#9(到53.3/限116.0✓) → 车#1(到84.3/限96.0✓) → 站
[charge_scheduler-1] [INFO] [1785771248.225125746] [charge_scheduler]:   [充电车2] 趟3: 站 → 车#12(到2.3/限230.4✓) → 车#21(到10.6/限240.0✓) → 车#15(到17.7/限44.8✓) → 车#3(到43.1/限32.0✗超时) → 车#11(到68.6/限83.2✓) → 站
[charge_scheduler-1] [INFO] [1785771248.225130928] [charge_scheduler]:   [充电车2] 趟4: 站 → 车#5(到125.7/限128.0✓) → 车#20(到171.6/限179.2✓) → 站
[charge_scheduler-1] [INFO] [1785771248.225140264] [charge_scheduler]:   [充电车1] 趟5: 站 → 车#24(到114.5/限112.0✗超时) → 车#26(到143.6/限160.0✓) → 车#16(到189.5/限184.8✗超时) → 站
[charge_scheduler-1] [INFO] [1785771248.225145558] [charge_scheduler]:   [充电车3] 趟6: 站 → 车#13(到123.8/限128.8✓) → 车#0(到160.2/限168.0✓) → 车#10(到195.3/限224.0✓) → 站
[charge_scheduler-1] [INFO] [1785771248.225150051] [charge_scheduler]:   [充电车1] 趟7: 站 → 车#19(到242.6/限240.8✗超时) → 车#25(到281.1/限280.0✗超时) → 站
[charge_scheduler-1] [INFO] [1785771248.225154606] [charge_scheduler]:   [充电车2] 趟8: 站 → 车#29(到228.3/限198.4✗超时) → 车#23(到277.4/限236.8✗超时) → 站
[charge_scheduler-1] [INFO] [1785771248.225158639] [charge_scheduler]:   [充电车1] 趟9: 站 → 车#14(到335.9/限300.8✗超时) → 站
[charge_scheduler-1] [INFO] [1785771248.225163039] [charge_scheduler]:   [充电车2] 趟10: 站 → 车#17(到334.9/限339.2✓) → 站
[charge_scheduler-1] [INFO] [1785771248.225167586] [charge_scheduler]:   [充电车3] 趟11: 站 → 车#6(到248.2/限176.0✗超时) → 车#2(到293.9/限288.0✗超时) → 站
[charge_scheduler-1] [INFO] [1785771248.225170823] [charge_scheduler]: ════════════════════════
[charge_scheduler-1] [INFO] [1785771248.225226725] [charge_scheduler]: [扰动清单] type=station delay=15.0min targets={} station={C1-S1,C3-S1,}
[charge_scheduler-1] [INFO] [1785771248.225241708] [charge_scheduler]: [执行事件] loop=open plan_v=0 C1 type=target_service target=27 station_ord=0 planned_finish=5.89 actual_finish=5.89 dev=+0.00 injected=0.0
[charge_scheduler-1] [INFO] [1785771248.225251655] [charge_scheduler]: [执行事件] loop=open plan_v=0 C2 type=target_service target=12 station_ord=0 planned_finish=8.50 actual_finish=8.50 dev=+0.00 injected=0.0
[charge_scheduler-1] [INFO] [1785771248.225257334] [charge_scheduler]: [执行事件] loop=open plan_v=0 C3 type=target_service target=4 station_ord=0 planned_finish=11.77 actual_finish=11.77 dev=+0.00 injected=0.0
[charge_scheduler-1] [INFO] [1785771248.225263252] [charge_scheduler]: [执行事件] loop=open plan_v=0 C2 type=target_service target=21 station_ord=0 planned_finish=16.66 actual_finish=16.66 dev=+0.00 injected=0.0
[charge_scheduler-1] [INFO] [1785771248.225268848] [charge_scheduler]: [执行事件] loop=open plan_v=0 C3 type=target_service target=8 station_ord=0 planned_finish=29.29 actual_finish=29.29 dev=+0.00 injected=0.0
[charge_scheduler-1] [INFO] [1785771248.225275757] [charge_scheduler]: [执行事件] loop=open plan_v=0 C1 type=target_service target=7 station_ord=0 planned_finish=30.11 actual_finish=30.11 dev=+0.00 injected=0.0
[charge_scheduler-1] [INFO] [1785771248.225298893] [charge_scheduler]: [执行事件] loop=open plan_v=0 C2 type=target_service target=15 station_ord=0 planned_finish=41.31 actual_finish=41.31 dev=+0.00 injected=0.0
[charge_scheduler-1] [INFO] [1785771248.225304249] [charge_scheduler]: [执行事件] loop=open plan_v=0 C3 type=target_service target=18 station_ord=0 planned_finish=51.93 actual_finish=51.93 dev=+0.00 injected=0.0
[charge_scheduler-1] [INFO] [1785771248.225310204] [charge_scheduler]: [执行事件] loop=open plan_v=0 C1 type=target_service target=22 station_ord=0 planned_finish=63.61 actual_finish=63.61 dev=+0.00 injected=0.0
[charge_scheduler-1] [INFO] [1785771248.225319602] [charge_scheduler]: [执行事件] loop=open plan_v=0 C2 type=target_service target=3 station_ord=0 planned_finish=68.11 actual_finish=68.11 dev=+0.00 injected=0.0
[charge_scheduler-1] [INFO] [1785771248.225325117] [charge_scheduler]: [执行事件] loop=open plan_v=0 C3 type=target_service target=9 station_ord=0 planned_finish=83.32 actual_finish=83.32 dev=+0.00 injected=0.0
[charge_scheduler-1] [INFO] [1785771248.225330485] [charge_scheduler]: [执行事件] loop=open plan_v=0 C1 type=target_service target=28 station_ord=0 planned_finish=99.04 actual_finish=99.04 dev=+0.00 injected=0.0
[charge_scheduler-1] [INFO] [1785771248.225336356] [charge_scheduler]: [执行事件] loop=open plan_v=0 C3 type=target_service target=1 station_ord=0 planned_finish=108.67 actual_finish=108.67 dev=+0.00 injected=0.0
[charge_scheduler-1] [INFO] [1785771248.225343369] [charge_scheduler]: [执行事件] loop=open plan_v=0 C2 type=target_service target=11 station_ord=0 planned_finish=111.00 actual_finish=111.00 dev=+0.00 injected=0.0
[charge_scheduler-1] [INFO] [1785771248.225349182] [charge_scheduler]: [执行事件] loop=open plan_v=0 C2 type=station_turnaround target=-1 station_ord=1 planned_finish=122.54 actual_finish=122.54 dev=+0.00 injected=0.0
[charge_scheduler-1] [INFO] [1785771248.225354902] [charge_scheduler]: [执行事件] loop=open plan_v=0 C1 type=station_turnaround target=-1 station_ord=1 planned_finish=111.56 actual_finish=126.56 dev=+15.00 injected=15.0
[charge_scheduler-1] [INFO] [1785771248.225362048] [charge_scheduler]: [执行事件] loop=open plan_v=0 C3 type=station_turnaround target=-1 station_ord=1 planned_finish=122.09 actual_finish=137.09 dev=+15.00 injected=15.0
[charge_scheduler-1] [INFO] [1785771248.225368167] [charge_scheduler]: [执行事件] loop=open plan_v=0 C1 type=target_service target=24 station_ord=0 planned_finish=139.54 actual_finish=154.54 dev=+15.00 injected=0.0
[charge_scheduler-1] [INFO] [1785771248.225373965] [charge_scheduler]: [执行事件] loop=open plan_v=0 C2 type=target_service target=5 station_ord=0 planned_finish=169.28 actual_finish=169.28 dev=+0.00 injected=0.0
[charge_scheduler-1] [INFO] [1785771248.225379562] [charge_scheduler]: [执行事件] loop=open plan_v=0 C3 type=target_service target=13 station_ord=0 planned_finish=158.60 actual_finish=174.02 dev=+15.42 injected=0.0
[charge_scheduler-1] [INFO] [1785771248.225385408] [charge_scheduler]: [执行事件] loop=open plan_v=0 C1 type=target_service target=26 station_ord=0 planned_finish=185.88 actual_finish=202.25 dev=+16.37 injected=0.0
[charge_scheduler-1] [INFO] [1785771248.225391099] [charge_scheduler]: [执行事件] loop=open plan_v=0 C3 type=target_service target=0 station_ord=0 planned_finish=194.83 actual_finish=210.91 dev=+16.07 injected=0.0
[charge_scheduler-1] [INFO] [1785771248.225396759] [charge_scheduler]: [执行事件] loop=open plan_v=0 C2 type=target_service target=20 station_ord=0 planned_finish=214.61 actual_finish=214.61 dev=+0.00 injected=0.0
[charge_scheduler-1] [INFO] [1785771248.225402356] [charge_scheduler]: [执行事件] loop=open plan_v=0 C2 type=station_turnaround target=-1 station_ord=2 planned_finish=227.06 actual_finish=227.06 dev=+0.00 injected=0.0
[charge_scheduler-1] [INFO] [1785771248.225408319] [charge_scheduler]: [执行事件] loop=open plan_v=0 C1 type=target_service target=16 station_ord=0 planned_finish=224.80 actual_finish=241.16 dev=+16.37 injected=0.0
[charge_scheduler-1] [INFO] [1785771248.225414618] [charge_scheduler]: [执行事件] loop=open plan_v=0 C3 type=target_service target=10 station_ord=0 planned_finish=228.15 actual_finish=245.57 dev=+17.42 injected=0.0
[charge_scheduler-1] [INFO] [1785771248.225420544] [charge_scheduler]: [执行事件] loop=open plan_v=0 C1 type=station_turnaround target=-1 station_ord=2 planned_finish=237.12 actual_finish=253.49 dev=+16.37 injected=0.0
[charge_scheduler-1] [INFO] [1785771248.225426219] [charge_scheduler]: [执行事件] loop=open plan_v=0 C3 type=station_turnaround target=-1 station_ord=2 planned_finish=244.02 actual_finish=261.44 dev=+17.42 injected=0.0
[charge_scheduler-1] [INFO] [1785771248.225432290] [charge_scheduler]: [执行事件] loop=open plan_v=0 C2 type=target_service target=29 station_ord=0 planned_finish=272.03 actual_finish=272.03 dev=+0.00 injected=0.0
[charge_scheduler-1] [INFO] [1785771248.225437957] [charge_scheduler]: [执行事件] loop=open plan_v=0 C1 type=target_service target=19 station_ord=0 planned_finish=277.87 actual_finish=294.24 dev=+16.37 injected=0.0
[charge_scheduler-1] [INFO] [1785771248.225445813] [charge_scheduler]: [执行事件] loop=open plan_v=0 C3 type=target_service target=6 station_ord=0 planned_finish=291.91 actual_finish=309.33 dev=+17.42 injected=0.0
[charge_scheduler-1] [INFO] [1785771248.225451692] [charge_scheduler]: [执行事件] loop=open plan_v=0 C2 type=target_service target=23 station_ord=0 planned_finish=321.17 actual_finish=321.17 dev=+0.00 injected=0.0
[charge_scheduler-1] [INFO] [1785771248.225457447] [charge_scheduler]: [执行事件] loop=open plan_v=0 C1 type=target_service target=25 station_ord=0 planned_finish=316.37 actual_finish=332.74 dev=+16.37 injected=0.0
[charge_scheduler-1] [INFO] [1785771248.225463119] [charge_scheduler]: [执行事件] loop=open plan_v=0 C2 type=station_turnaround target=-1 station_ord=3 planned_finish=333.32 actual_finish=333.32 dev=+0.00 injected=0.0
[charge_scheduler-1] [INFO] [1785771248.225468629] [charge_scheduler]: [执行事件] loop=open plan_v=0 C1 type=station_turnaround target=-1 station_ord=3 planned_finish=331.31 actual_finish=347.67 dev=+16.37 injected=0.0
[charge_scheduler-1] [INFO] [1785771248.225475422] [charge_scheduler]: [执行事件] loop=open plan_v=0 C3 type=target_service target=2 station_ord=0 planned_finish=337.63 actual_finish=355.05 dev=+17.42 injected=0.0
[charge_scheduler-1] [INFO] [1785771248.225481047] [charge_scheduler]: [执行事件] loop=open plan_v=0 C3 type=final_return target=-1 station_ord=0 planned_finish=340.27 actual_finish=357.70 dev=+17.42 injected=0.0
[charge_scheduler-1] [INFO] [1785771248.225486584] [charge_scheduler]: [执行事件] loop=open plan_v=0 C2 type=target_service target=17 station_ord=0 planned_finish=378.29 actual_finish=378.29 dev=+0.00 injected=0.0
[charge_scheduler-1] [INFO] [1785771248.225491797] [charge_scheduler]: [执行事件] loop=open plan_v=0 C2 type=final_return target=-1 station_ord=0 planned_finish=380.22 actual_finish=380.22 dev=+0.00 injected=0.0
[charge_scheduler-1] [INFO] [1785771248.225497065] [charge_scheduler]: [执行事件] loop=open plan_v=0 C1 type=target_service target=14 station_ord=0 planned_finish=379.61 actual_finish=395.97 dev=+16.37 injected=0.0
[charge_scheduler-1] [INFO] [1785771248.225502209] [charge_scheduler]: [执行事件] loop=open plan_v=0 C1 type=final_return target=-1 station_ord=0 planned_finish=383.87 actual_finish=400.24 dev=+16.37 injected=0.0
[charge_scheduler-1] [INFO] [1785771248.225518641] [charge_scheduler]: [执行事件] loop=fixed plan_v=0 C1 type=target_service target=27 station_ord=0 planned_finish=5.89 actual_finish=5.89 dev=+0.00 injected=0.0
[charge_scheduler-1] [INFO] [1785771248.225524001] [charge_scheduler]: [执行事件] loop=fixed plan_v=0 C2 type=target_service target=12 station_ord=0 planned_finish=8.50 actual_finish=8.50 dev=+0.00 injected=0.0
[charge_scheduler-1] [INFO] [1785771248.225529084] [charge_scheduler]: [执行事件] loop=fixed plan_v=0 C3 type=target_service target=4 station_ord=0 planned_finish=11.77 actual_finish=11.77 dev=+0.00 injected=0.0
[charge_scheduler-1] [INFO] [1785771248.225534560] [charge_scheduler]: [执行事件] loop=fixed plan_v=0 C2 type=target_service target=21 station_ord=0 planned_finish=16.66 actual_finish=16.66 dev=+0.00 injected=0.0
[charge_scheduler-1] [INFO] [1785771248.225539910] [charge_scheduler]: [执行事件] loop=fixed plan_v=0 C3 type=target_service target=8 station_ord=0 planned_finish=29.29 actual_finish=29.29 dev=+0.00 injected=0.0
[charge_scheduler-1] [INFO] [1785771248.225545271] [charge_scheduler]: [执行事件] loop=fixed plan_v=0 C1 type=target_service target=7 station_ord=0 planned_finish=30.11 actual_finish=30.11 dev=+0.00 injected=0.0
[charge_scheduler-1] [INFO] [1785771248.225551563] [charge_scheduler]: [执行事件] loop=fixed plan_v=0 C2 type=target_service target=15 station_ord=0 planned_finish=41.31 actual_finish=41.31 dev=+0.00 injected=0.0
[charge_scheduler-1] [INFO] [1785771248.225557273] [charge_scheduler]: [执行事件] loop=fixed plan_v=0 C3 type=target_service target=18 station_ord=0 planned_finish=51.93 actual_finish=51.93 dev=+0.00 injected=0.0
[charge_scheduler-1] [INFO] [1785771248.225562553] [charge_scheduler]: [执行事件] loop=fixed plan_v=0 C1 type=target_service target=22 station_ord=0 planned_finish=63.61 actual_finish=63.61 dev=+0.00 injected=0.0
[charge_scheduler-1] [INFO] [1785771248.225567835] [charge_scheduler]: [执行事件] loop=fixed plan_v=0 C2 type=target_service target=3 station_ord=0 planned_finish=68.11 actual_finish=68.11 dev=+0.00 injected=0.0
[charge_scheduler-1] [INFO] [1785771248.225575044] [charge_scheduler]: [执行事件] loop=fixed plan_v=0 C3 type=target_service target=9 station_ord=0 planned_finish=83.32 actual_finish=83.32 dev=+0.00 injected=0.0
[charge_scheduler-1] [INFO] [1785771248.225580408] [charge_scheduler]: [执行事件] loop=fixed plan_v=0 C1 type=target_service target=28 station_ord=0 planned_finish=99.04 actual_finish=99.04 dev=+0.00 injected=0.0
[charge_scheduler-1] [INFO] [1785771248.225586118] [charge_scheduler]: [执行事件] loop=fixed plan_v=0 C3 type=target_service target=1 station_ord=0 planned_finish=108.67 actual_finish=108.67 dev=+0.00 injected=0.0
[charge_scheduler-1] [INFO] [1785771248.225591969] [charge_scheduler]: [执行事件] loop=fixed plan_v=0 C2 type=target_service target=11 station_ord=0 planned_finish=111.00 actual_finish=111.00 dev=+0.00 injected=0.0
[charge_scheduler-1] [INFO] [1785771248.225597718] [charge_scheduler]: [执行事件] loop=fixed plan_v=0 C2 type=station_turnaround target=-1 station_ord=1 planned_finish=122.54 actual_finish=122.54 dev=+0.00 injected=0.0
[charge_scheduler-1] [INFO] [1785771248.225603376] [charge_scheduler]: [执行事件] loop=fixed plan_v=0 C1 type=station_turnaround target=-1 station_ord=1 planned_finish=111.56 actual_finish=126.56 dev=+15.00 injected=15.0
[charge_scheduler-1] [WARN] [1785771248.545009104] [charge_scheduler]: [重调度事件] policy=fixed #1 t=126.56min trigger=C1/station_turnaround dev=+15.00 pool=15 committed=1 plan_v=1 solve_ms=319.3 changed_assign=0 changed_order=4
[charge_scheduler-1] [INFO] [1785771248.545063378] [charge_scheduler]: [执行事件] loop=fixed plan_v=0 C3 type=station_turnaround target=-1 station_ord=1 planned_finish=122.09 actual_finish=137.09 dev=+15.00 injected=15.0
[charge_scheduler-1] [WARN] [1785771248.832129925] [charge_scheduler]: [重调度事件] policy=fixed #2 t=137.09min trigger=C3/station_turnaround dev=+15.00 pool=14 committed=2 plan_v=2 solve_ms=287.0 changed_assign=0 changed_order=2
[charge_scheduler-1] [INFO] [1785771248.832183699] [charge_scheduler]: [执行事件] loop=fixed plan_v=1 C1 type=target_service target=24 station_ord=0 planned_finish=154.54 actual_finish=154.54 dev=+0.00 injected=0.0
[charge_scheduler-1] [INFO] [1785771248.832193150] [charge_scheduler]: [执行事件] loop=fixed plan_v=0 C2 type=target_service target=5 station_ord=0 planned_finish=169.28 actual_finish=169.28 dev=+0.00 injected=0.0
[charge_scheduler-1] [INFO] [1785771248.832199379] [charge_scheduler]: [执行事件] loop=fixed plan_v=2 C3 type=target_service target=13 station_ord=0 planned_finish=174.02 actual_finish=174.02 dev=+0.00 injected=0.0
[charge_scheduler-1] [INFO] [1785771248.832207257] [charge_scheduler]: [执行事件] loop=fixed plan_v=2 C1 type=target_service target=16 station_ord=0 planned_finish=194.19 actual_finish=194.19 dev=+0.00 injected=0.0
[charge_scheduler-1] [INFO] [1785771248.832213345] [charge_scheduler]: [执行事件] loop=fixed plan_v=2 C3 type=target_service target=10 station_ord=0 planned_finish=206.39 actual_finish=206.39 dev=+0.00 injected=0.0
[charge_scheduler-1] [INFO] [1785771248.832219234] [charge_scheduler]: [执行事件] loop=fixed plan_v=2 C2 type=target_service target=20 station_ord=0 planned_finish=214.61 actual_finish=214.61 dev=+0.00 injected=0.0
[charge_scheduler-1] [INFO] [1785771248.832226324] [charge_scheduler]: [执行事件] loop=fixed plan_v=2 C2 type=station_turnaround target=-1 station_ord=2 planned_finish=227.06 actual_finish=227.06 dev=+0.00 injected=0.0
[charge_scheduler-1] [INFO] [1785771248.832233142] [charge_scheduler]: [执行事件] loop=fixed plan_v=2 C1 type=target_service target=26 station_ord=0 planned_finish=241.04 actual_finish=241.04 dev=+0.00 injected=0.0
[charge_scheduler-1] [INFO] [1785771248.832239257] [charge_scheduler]: [执行事件] loop=fixed plan_v=2 C3 type=target_service target=0 station_ord=0 planned_finish=242.14 actual_finish=242.14 dev=+0.00 injected=0.0
[charge_scheduler-1] [INFO] [1785771248.832249957] [charge_scheduler]: [执行事件] loop=fixed plan_v=2 C1 type=station_turnaround target=-1 station_ord=2 planned_finish=253.66 actual_finish=253.66 dev=+0.00 injected=0.0
[charge_scheduler-1] [INFO] [1785771248.832256444] [charge_scheduler]: [执行事件] loop=fixed plan_v=2 C3 type=station_turnaround target=-1 station_ord=2 planned_finish=257.61 actual_finish=257.61 dev=+0.00 injected=0.0
[charge_scheduler-1] [INFO] [1785771248.832295258] [charge_scheduler]: [执行事件] loop=fixed plan_v=2 C2 type=target_service target=29 station_ord=0 planned_finish=272.03 actual_finish=272.03 dev=+0.00 injected=0.0
[charge_scheduler-1] [INFO] [1785771248.832301241] [charge_scheduler]: [执行事件] loop=fixed plan_v=2 C1 type=target_service target=19 station_ord=0 planned_finish=294.42 actual_finish=294.42 dev=+0.00 injected=0.0
[charge_scheduler-1] [INFO] [1785771248.832306809] [charge_scheduler]: [执行事件] loop=fixed plan_v=2 C3 type=target_service target=6 station_ord=0 planned_finish=305.50 actual_finish=305.50 dev=+0.00 injected=0.0
[charge_scheduler-1] [INFO] [1785771248.832313013] [charge_scheduler]: [执行事件] loop=fixed plan_v=2 C2 type=target_service target=23 station_ord=0 planned_finish=321.17 actual_finish=321.17 dev=+0.00 injected=0.0
[charge_scheduler-1] [INFO] [1785771248.832331852] [charge_scheduler]: [执行事件] loop=fixed plan_v=2 C1 type=target_service target=25 station_ord=0 planned_finish=332.91 actual_finish=332.91 dev=+0.00 injected=0.0
[charge_scheduler-1] [INFO] [1785771248.832337867] [charge_scheduler]: [执行事件] loop=fixed plan_v=2 C2 type=station_turnaround target=-1 station_ord=3 planned_finish=333.32 actual_finish=333.32 dev=+0.00 injected=0.0
[charge_scheduler-1] [INFO] [1785771248.832343935] [charge_scheduler]: [执行事件] loop=fixed plan_v=2 C1 type=station_turnaround target=-1 station_ord=3 planned_finish=347.85 actual_finish=347.85 dev=+0.00 injected=0.0
[charge_scheduler-1] [INFO] [1785771248.832350111] [charge_scheduler]: [执行事件] loop=fixed plan_v=2 C3 type=target_service target=2 station_ord=0 planned_finish=351.22 actual_finish=351.22 dev=+0.00 injected=0.0
[charge_scheduler-1] [INFO] [1785771248.832356793] [charge_scheduler]: [执行事件] loop=fixed plan_v=2 C3 type=final_return target=-1 station_ord=0 planned_finish=353.86 actual_finish=353.86 dev=+0.00 injected=0.0
[charge_scheduler-1] [INFO] [1785771248.832372747] [charge_scheduler]: [执行事件] loop=fixed plan_v=2 C2 type=target_service target=17 station_ord=0 planned_finish=378.29 actual_finish=378.29 dev=+0.00 injected=0.0
[charge_scheduler-1] [INFO] [1785771248.832379513] [charge_scheduler]: [执行事件] loop=fixed plan_v=2 C2 type=final_return target=-1 station_ord=0 planned_finish=380.22 actual_finish=380.22 dev=+0.00 injected=0.0
[charge_scheduler-1] [INFO] [1785771248.832386129] [charge_scheduler]: [执行事件] loop=fixed plan_v=2 C1 type=target_service target=14 station_ord=0 planned_finish=396.15 actual_finish=396.15 dev=+0.00 injected=0.0
[charge_scheduler-1] [INFO] [1785771248.832392584] [charge_scheduler]: [执行事件] loop=fixed plan_v=2 C1 type=final_return target=-1 station_ord=0 planned_finish=400.42 actual_finish=400.42 dev=+0.00 injected=0.0
[charge_scheduler-1] [INFO] [1785771248.832422012] [charge_scheduler]: [执行事件] loop=global plan_v=0 C1 type=target_service target=27 station_ord=0 planned_finish=5.89 actual_finish=5.89 dev=+0.00 injected=0.0
[charge_scheduler-1] [INFO] [1785771248.832428937] [charge_scheduler]: [执行事件] loop=global plan_v=0 C2 type=target_service target=12 station_ord=0 planned_finish=8.50 actual_finish=8.50 dev=+0.00 injected=0.0
[charge_scheduler-1] [INFO] [1785771248.832435214] [charge_scheduler]: [执行事件] loop=global plan_v=0 C3 type=target_service target=4 station_ord=0 planned_finish=11.77 actual_finish=11.77 dev=+0.00 injected=0.0
[charge_scheduler-1] [INFO] [1785771248.832443260] [charge_scheduler]: [执行事件] loop=global plan_v=0 C2 type=target_service target=21 station_ord=0 planned_finish=16.66 actual_finish=16.66 dev=+0.00 injected=0.0
[charge_scheduler-1] [INFO] [1785771248.832449633] [charge_scheduler]: [执行事件] loop=global plan_v=0 C3 type=target_service target=8 station_ord=0 planned_finish=29.29 actual_finish=29.29 dev=+0.00 injected=0.0
[charge_scheduler-1] [INFO] [1785771248.832455828] [charge_scheduler]: [执行事件] loop=global plan_v=0 C1 type=target_service target=7 station_ord=0 planned_finish=30.11 actual_finish=30.11 dev=+0.00 injected=0.0
[charge_scheduler-1] [INFO] [1785771248.832461786] [charge_scheduler]: [执行事件] loop=global plan_v=0 C2 type=target_service target=15 station_ord=0 planned_finish=41.31 actual_finish=41.31 dev=+0.00 injected=0.0
[charge_scheduler-1] [INFO] [1785771248.832467764] [charge_scheduler]: [执行事件] loop=global plan_v=0 C3 type=target_service target=18 station_ord=0 planned_finish=51.93 actual_finish=51.93 dev=+0.00 injected=0.0
[charge_scheduler-1] [INFO] [1785771248.832476721] [charge_scheduler]: [执行事件] loop=global plan_v=0 C1 type=target_service target=22 station_ord=0 planned_finish=63.61 actual_finish=63.61 dev=+0.00 injected=0.0
[charge_scheduler-1] [INFO] [1785771248.832512667] [charge_scheduler]: [执行事件] loop=global plan_v=0 C2 type=target_service target=3 station_ord=0 planned_finish=68.11 actual_finish=68.11 dev=+0.00 injected=0.0
[charge_scheduler-1] [INFO] [1785771248.832518637] [charge_scheduler]: [执行事件] loop=global plan_v=0 C3 type=target_service target=9 station_ord=0 planned_finish=83.32 actual_finish=83.32 dev=+0.00 injected=0.0
[charge_scheduler-1] [INFO] [1785771248.832524410] [charge_scheduler]: [执行事件] loop=global plan_v=0 C1 type=target_service target=28 station_ord=0 planned_finish=99.04 actual_finish=99.04 dev=+0.00 injected=0.0
[charge_scheduler-1] [INFO] [1785771248.832531173] [charge_scheduler]: [执行事件] loop=global plan_v=0 C3 type=target_service target=1 station_ord=0 planned_finish=108.67 actual_finish=108.67 dev=+0.00 injected=0.0
[charge_scheduler-1] [INFO] [1785771248.832537787] [charge_scheduler]: [执行事件] loop=global plan_v=0 C2 type=target_service target=11 station_ord=0 planned_finish=111.00 actual_finish=111.00 dev=+0.00 injected=0.0
[charge_scheduler-1] [INFO] [1785771248.832543838] [charge_scheduler]: [执行事件] loop=global plan_v=0 C2 type=station_turnaround target=-1 station_ord=1 planned_finish=122.54 actual_finish=122.54 dev=+0.00 injected=0.0
[charge_scheduler-1] [INFO] [1785771248.832550319] [charge_scheduler]: [执行事件] loop=global plan_v=0 C1 type=station_turnaround target=-1 station_ord=1 planned_finish=111.56 actual_finish=126.56 dev=+15.00 injected=15.0
[charge_scheduler-1] [WARN] [1785771250.336225355] [charge_scheduler]: [重调度事件] policy=global #1 t=126.56min trigger=C1/station_turnaround dev=+15.00 pool=15 committed=1 plan_v=1 solve_ms=1503.6 changed_assign=8 changed_order=11
[charge_scheduler-1] [INFO] [1785771250.336273532] [charge_scheduler]: [执行事件] loop=global plan_v=0 C3 type=station_turnaround target=-1 station_ord=1 planned_finish=122.09 actual_finish=137.09 dev=+15.00 injected=15.0
[charge_scheduler-1] [WARN] [1785771251.668551480] [charge_scheduler]: [重调度事件] policy=global #2 t=137.09min trigger=C3/station_turnaround dev=+15.00 pool=14 committed=2 plan_v=2 solve_ms=1332.2 changed_assign=4 changed_order=7
[charge_scheduler-1] [INFO] [1785771251.668592903] [charge_scheduler]: [执行事件] loop=global plan_v=1 C1 type=target_service target=13 station_ord=0 planned_finish=163.44 actual_finish=163.44 dev=+0.00 injected=0.0
[charge_scheduler-1] [INFO] [1785771251.668602382] [charge_scheduler]: [执行事件] loop=global plan_v=2 C3 type=target_service target=24 station_ord=0 planned_finish=165.07 actual_finish=165.07 dev=+0.00 injected=0.0
[charge_scheduler-1] [INFO] [1785771251.668608573] [charge_scheduler]: [执行事件] loop=global plan_v=0 C2 type=target_service target=5 station_ord=0 planned_finish=169.28 actual_finish=169.28 dev=+0.00 injected=0.0
[charge_scheduler-1] [INFO] [1785771251.668614769] [charge_scheduler]: [执行事件] loop=global plan_v=2 C1 type=target_service target=10 station_ord=0 planned_finish=194.92 actual_finish=194.92 dev=+0.00 injected=0.0
[charge_scheduler-1] [INFO] [1785771251.668620856] [charge_scheduler]: [执行事件] loop=global plan_v=2 C3 type=target_service target=20 station_ord=0 planned_finish=210.66 actual_finish=210.66 dev=+0.00 injected=0.0
[charge_scheduler-1] [INFO] [1785771251.668626555] [charge_scheduler]: [执行事件] loop=global plan_v=2 C2 type=target_service target=26 station_ord=0 planned_finish=215.43 actual_finish=215.43 dev=+0.00 injected=0.0
[charge_scheduler-1] [INFO] [1785771251.668633692] [charge_scheduler]: [执行事件] loop=global plan_v=2 C2 type=station_turnaround target=-1 station_ord=2 planned_finish=228.05 actual_finish=228.05 dev=+0.00 injected=0.0
[charge_scheduler-1] [INFO] [1785771251.668639938] [charge_scheduler]: [执行事件] loop=global plan_v=2 C1 type=target_service target=0 station_ord=0 planned_finish=230.67 actual_finish=230.67 dev=+0.00 injected=0.0
[charge_scheduler-1] [INFO] [1785771251.668651190] [charge_scheduler]: [执行事件] loop=global plan_v=2 C1 type=station_turnaround target=-1 station_ord=2 planned_finish=246.14 actual_finish=246.14 dev=+0.00 injected=0.0
[charge_scheduler-1] [INFO] [1785771251.668676228] [charge_scheduler]: [执行事件] loop=global plan_v=2 C3 type=target_service target=16 station_ord=0 planned_finish=249.55 actual_finish=249.55 dev=+0.00 injected=0.0
[charge_scheduler-1] [INFO] [1785771251.668682190] [charge_scheduler]: [执行事件] loop=global plan_v=2 C3 type=station_turnaround target=-1 station_ord=2 planned_finish=261.87 actual_finish=261.87 dev=+0.00 injected=0.0
[charge_scheduler-1] [INFO] [1785771251.668688123] [charge_scheduler]: [执行事件] loop=global plan_v=2 C2 type=target_service target=29 station_ord=0 planned_finish=273.02 actual_finish=273.02 dev=+0.00 injected=0.0
[charge_scheduler-1] [INFO] [1785771251.668693849] [charge_scheduler]: [执行事件] loop=global plan_v=2 C1 type=target_service target=19 station_ord=0 planned_finish=286.89 actual_finish=286.89 dev=+0.00 injected=0.0
[charge_scheduler-1] [INFO] [1785771251.668699694] [charge_scheduler]: [执行事件] loop=global plan_v=2 C3 type=target_service target=6 station_ord=0 planned_finish=309.77 actual_finish=309.77 dev=+0.00 injected=0.0
[charge_scheduler-1] [INFO] [1785771251.668705720] [charge_scheduler]: [执行事件] loop=global plan_v=2 C2 type=target_service target=23 station_ord=0 planned_finish=322.16 actual_finish=322.16 dev=+0.00 injected=0.0
[charge_scheduler-1] [INFO] [1785771251.668711763] [charge_scheduler]: [执行事件] loop=global plan_v=2 C1 type=target_service target=25 station_ord=0 planned_finish=325.39 actual_finish=325.39 dev=+0.00 injected=0.0
[charge_scheduler-1] [INFO] [1785771251.668717348] [charge_scheduler]: [执行事件] loop=global plan_v=2 C2 type=station_turnaround target=-1 station_ord=3 planned_finish=334.30 actual_finish=334.30 dev=+0.00 injected=0.0
[charge_scheduler-1] [INFO] [1785771251.668722974] [charge_scheduler]: [执行事件] loop=global plan_v=2 C1 type=station_turnaround target=-1 station_ord=3 planned_finish=340.32 actual_finish=340.32 dev=+0.00 injected=0.0
[charge_scheduler-1] [INFO] [1785771251.668728527] [charge_scheduler]: [执行事件] loop=global plan_v=2 C3 type=target_service target=2 station_ord=0 planned_finish=355.48 actual_finish=355.48 dev=+0.00 injected=0.0
[charge_scheduler-1] [INFO] [1785771251.668734279] [charge_scheduler]: [执行事件] loop=global plan_v=2 C3 type=final_return target=-1 station_ord=0 planned_finish=358.13 actual_finish=358.13 dev=+0.00 injected=0.0
[charge_scheduler-1] [INFO] [1785771251.668739847] [charge_scheduler]: [执行事件] loop=global plan_v=2 C2 type=target_service target=14 station_ord=0 planned_finish=382.61 actual_finish=382.61 dev=+0.00 injected=0.0
[charge_scheduler-1] [INFO] [1785771251.668745350] [charge_scheduler]: [执行事件] loop=global plan_v=2 C1 type=target_service target=17 station_ord=0 planned_finish=385.69 actual_finish=385.69 dev=+0.00 injected=0.0
[charge_scheduler-1] [INFO] [1785771251.668750852] [charge_scheduler]: [执行事件] loop=global plan_v=2 C2 type=final_return target=-1 station_ord=0 planned_finish=386.87 actual_finish=386.87 dev=+0.00 injected=0.0
[charge_scheduler-1] [INFO] [1785771251.668756073] [charge_scheduler]: [执行事件] loop=global plan_v=2 C1 type=final_return target=-1 station_ord=0 planned_finish=387.62 actual_finish=387.62 dev=+0.00 injected=0.0
[charge_scheduler-1] [INFO] [1785771251.668768064] [charge_scheduler]: ★闭环实验结果 mode=open M=30 K=3 disturbance=station delay=15.0 seed=3 N_late=12 T_overtime=337.885 C_total=7008.384 makespan=400.239 served=30 energy_viol=4 reschedules=0 reschedule_ms=0.000 changed_assign=0 changed_order=0 applied_target=0 applied_station=2 initial_solve_ms=48261.345 objective_order=Tover,Nlate,Ctotal
[charge_scheduler-1] [INFO] [1785771251.668778394] [charge_scheduler]: ★闭环实验结果 mode=fixed M=30 K=3 disturbance=station delay=15.0 seed=3 N_late=12 T_overtime=378.162 C_total=7092.065 makespan=400.416 served=30 energy_viol=0 reschedules=2 reschedule_ms=606.341 changed_assign=0 changed_order=6 applied_target=0 applied_station=2 initial_solve_ms=48261.345 objective_order=Tover,Nlate,Ctotal
[charge_scheduler-1] [INFO] [1785771251.668785956] [charge_scheduler]: ★闭环实验收益 policy=fixed M=30 K=3 disturbance=station delay=15.0 seed=3 recovered_late=0 overtime_reduction=-40.277 distance_delta=83.681 makespan_reduction=-0.176
[charge_scheduler-1] [INFO] [1785771251.668792400] [charge_scheduler]: ★闭环实验结果 mode=closed M=30 K=3 disturbance=station delay=15.0 seed=3 N_late=13 T_overtime=355.801 C_total=6891.489 makespan=387.619 served=30 energy_viol=0 reschedules=2 reschedule_ms=2835.888 changed_assign=12 changed_order=18 applied_target=0 applied_station=2 initial_solve_ms=48261.345 objective_order=Tover,Nlate,Ctotal
[charge_scheduler-1] [INFO] [1785771251.668802379] [charge_scheduler]: ★闭环实验收益 policy=closed M=30 K=3 disturbance=station delay=15.0 seed=3 recovered_late=-1 overtime_reduction=-17.915 distance_delta=-116.895 makespan_reduction=12.621
