[INFO] [launch]: All log files can be found below /root/.ros/log/2026-08-03-15-25-41-735187-YYYY-69099
[INFO] [launch]: Default logging verbosity is set to INFO
[INFO] [charge_scheduler-1]: process started with pid [69103]
[charge_scheduler-1] [INFO] [1785770741.856903208] [charge_scheduler]: [目标顺序] objective_order=Tover,Nlate,Ctotal
[charge_scheduler-1] [INFO] [1785770741.857418104] [charge_scheduler]: [Scheduler] 30辆车 | 电池800.0kWh(20%=160.0 80%=640.0) | 充电360kW效率97% | 行驶0.6kWh/km | 桩350kW
[charge_scheduler-1] [INFO] [1785770741.857452706] [charge_scheduler]: [Scheduler] 站端周转: 换电 10 min(换后满电) | 单趟可用 640 kWh
[charge_scheduler-1] [INFO] [1785770741.857466405] [charge_scheduler]:   车#0 [电动装载机282|light] 位置(3889.6,73764.7) 容量282kWh 剩余35% | α=6→6min/% τ=168min → 需130.8kWh(充21.2min)
[charge_scheduler-1] [INFO] [1785770741.857481567] [charge_scheduler]:   车#1 [重型叉车|light] 位置(3778.9,73807.0) 容量200kWh 剩余20% | α=6→6min/% τ=96min → 需123.7kWh(充20.0min)
[charge_scheduler-1] [INFO] [1785770741.857493885] [charge_scheduler]:   车#2 [电动装载机350|light] 位置(3794.9,73804.6) 容量350kWh 剩余50% | α=6→6min/% τ=288min → 需108.2kWh(充17.5min)
[charge_scheduler-1] [INFO] [1785770741.857505729] [charge_scheduler]:   车#3 [重型叉车|light] 位置(3806.9,73760.3) 容量200kWh 剩余10% | α=6→6min/% τ=32min → 需144.3kWh(充23.3min)
[charge_scheduler-1] [INFO] [1785770741.857517481] [charge_scheduler]:   车#4 [电动装载机282|heavy→降级] 位置(3705.1,73758.2) 容量282kWh 剩余60% | α=3→6min/% τ=212min → 需58.1kWh(充9.4min)
[charge_scheduler-1] [INFO] [1785770741.857529823] [charge_scheduler]:   车#5 [电动装载机350|light] 位置(3756.5,73770.2) 容量350kWh 剩余25% | α=6→6min/% τ=128min → 需198.5kWh(充32.1min)
[charge_scheduler-1] [INFO] [1785770741.857542538] [charge_scheduler]:   车#6 [电动装载机350|heavy→降级] 位置(3887.4,73809.4) 容量350kWh 剩余40% | α=4→6min/% τ=176min → 需144.3kWh(充23.3min)
[charge_scheduler-1] [INFO] [1785770741.857554787] [charge_scheduler]:   车#7 [重型叉车|light] 位置(3899.0,73786.6) 容量200kWh 剩余15% | α=6→6min/% τ=64min → 需134.0kWh(充21.7min)
[charge_scheduler-1] [INFO] [1785770741.857565769] [charge_scheduler]:   车#8 [电动装载机282|heavy→降级] 位置(3689.7,73663.1) 容量282kWh 剩余55% | α=3→6min/% τ=196min → 需72.7kWh(充11.8min)
[charge_scheduler-1] [INFO] [1785770741.857577069] [charge_scheduler]:   车#9 [电动装载机282|heavy→降级] 位置(3748.4,73767.2) 容量282kWh 剩余30% | α=3→6min/% τ=116min → 需145.4kWh(充23.5min)
[charge_scheduler-1] [INFO] [1785770741.857589113] [charge_scheduler]:   车#10 [电动装载机282|light] 位置(3865.2,73751.0) 容量282kWh 剩余45% | α=6→6min/% τ=224min → 需101.8kWh(充16.4min)
[charge_scheduler-1] [INFO] [1785770741.857602595] [charge_scheduler]:   车#11 [电动装载机350|light] 位置(3785.0,73749.2) 容量350kWh 剩余18% | α=6→6min/% τ=83min → 需223.7kWh(充36.2min)
[charge_scheduler-1] [INFO] [1785770741.857613880] [charge_scheduler]:   车#12 [重型叉车|heavy→降级] 位置(3811.5,73799.9) 容量200kWh 剩余62% | α=3→6min/% τ=230min → 需37.1kWh(充6.0min)
[charge_scheduler-1] [INFO] [1785770741.857626729] [charge_scheduler]:   车#13 [电动装载机282|light] 位置(3810.8,73773.1) 容量282kWh 剩余28% | α=6→6min/% τ=129min → 需151.2kWh(充24.4min)
[charge_scheduler-1] [INFO] [1785770741.857639396] [charge_scheduler]:   车#14 [电动装载机350|light] 位置(3905.0,73793.5) 容量350kWh 剩余52% | α=6→6min/% τ=301min → 需101.0kWh(充16.3min)
[charge_scheduler-1] [INFO] [1785770741.857651094] [charge_scheduler]:   车#15 [重型叉车|light] 位置(3894.3,73756.9) 容量200kWh 剩余12% | α=6→6min/% τ=45min → 需140.2kWh(充22.7min)
[charge_scheduler-1] [INFO] [1785770741.857661860] [charge_scheduler]:   车#16 [电动装载机282|light] 位置(3818.5,73716.2) 容量282kWh 剩余38% | α=6→6min/% τ=185min → 需122.1kWh(充19.7min)
[charge_scheduler-1] [INFO] [1785770741.857673801] [charge_scheduler]:   车#17 [电动装载机350|light] 位置(3733.2,73772.4) 容量350kWh 剩余58% | α=6→6min/% τ=339min → 需79.4kWh(充12.8min)
[charge_scheduler-1] [INFO] [1785770741.857688377] [charge_scheduler]:   车#18 [重型叉车|heavy→降级] 位置(3764.7,73699.0) 容量200kWh 剩余22% | α=3→6min/% τ=102min → 需119.6kWh(充19.3min)
[charge_scheduler-1] [INFO] [1785770741.857700121] [charge_scheduler]:   车#19 [电动装载机282|light] 位置(3878.4,73747.9) 容量282kWh 剩余48% | α=6→6min/% τ=241min → 需93.0kWh(充15.0min)
[charge_scheduler-1] [INFO] [1785770741.857749973] [charge_scheduler]:   车#20 [电动装载机350|light] 位置(3740.3,73686.9) 容量350kWh 剩余33% | α=6→6min/% τ=179min → 需169.6kWh(充27.4min)
[charge_scheduler-1] [INFO] [1785770741.857761567] [charge_scheduler]:   车#21 [重型叉车|heavy→降级] 位置(3895.4,73811.9) 容量200kWh 剩余65% | α=3→6min/% τ=240min → 需30.9kWh(充5.0min)
[charge_scheduler-1] [INFO] [1785770741.857772247] [charge_scheduler]:   车#22 [电动装载机282|light] 位置(3876.0,73830.2) 容量282kWh 剩余16% | α=6→6min/% τ=62min → 需186.1kWh(充30.1min)
[charge_scheduler-1] [INFO] [1785770741.857783195] [charge_scheduler]:   车#23 [电动装载机350|light] 位置(3765.9,73790.3) 容量350kWh 剩余42% | α=6→6min/% τ=237min → 需137.1kWh(充22.2min)
[charge_scheduler-1] [INFO] [1785770741.857795687] [charge_scheduler]:   车#24 [重型叉车|heavy→降级] 位置(3637.1,73698.1) 容量200kWh 剩余25% | α=3→6min/% τ=112min → 需113.4kWh(充18.3min)
[charge_scheduler-1] [INFO] [1785770741.857806383] [charge_scheduler]:   车#25 [电动装载机282|light] 位置(3884.5,73833.1) 容量282kWh 剩余55% | α=6→6min/% τ=280min → 需72.7kWh(充11.8min)
[charge_scheduler-1] [INFO] [1785770741.857817148] [charge_scheduler]:   车#26 [电动装载机350|light] 位置(3699.3,73765.4) 容量350kWh 剩余30% | α=6→6min/% τ=160min → 需180.4kWh(充29.2min)
[charge_scheduler-1] [INFO] [1785770741.857826936] [charge_scheduler]:   车#27 [重型叉车|heavy→降级] 位置(3800.8,73717.7) 容量200kWh 剩余68% | α=3→6min/% τ=250min → 需24.7kWh(充4.0min)
[charge_scheduler-1] [INFO] [1785770741.857836342] [charge_scheduler]:   车#28 [电动装载机282|light] 位置(3825.0,73792.7) 容量282kWh 剩余20% | α=6→6min/% τ=84min → 需174.4kWh(充28.2min)
[charge_scheduler-1] [INFO] [1785770741.858374147] [charge_scheduler]:   车#29 [电动装载机350|light] 位置(3784.3,73759.0) 容量350kWh 剩余36% | α=6→6min/% τ=198min → 需158.8kWh(充25.7min)
[charge_scheduler-1] [INFO] [1785770741.869308427] [charge_scheduler]: [Scheduler] 闭环接口: threshold=10.0min | event_sim=on | policy=all | structured_feedback=optional (/task_planner/execution_event)
[charge_scheduler-1] [INFO] [1785770741.869361825] [charge_scheduler]: [Scheduler] 已启动, 等待地图...
[charge_scheduler-1] [INFO] [1785770741.869371632] [charge_scheduler]: [Scheduler] 充电车1接口: sequence/served/arrived_target/arrived_station/return_goal/task_complete 后缀=_1
[charge_scheduler-1] [INFO] [1785770741.869380234] [charge_scheduler]: [Scheduler] 充电车2接口: sequence/served/arrived_target/arrived_station/return_goal/task_complete 后缀=_2
[charge_scheduler-1] [INFO] [1785770741.869392294] [charge_scheduler]: [Scheduler] 充电车3接口: sequence/served/arrived_target/arrived_station/return_goal/task_complete 后缀=_3
[charge_scheduler-1] [INFO] [1785770741.966912778] [charge_scheduler]: [Scheduler] RoutingGraph 就绪
[charge_scheduler-1] [INFO] [1785770741.967357777] [charge_scheduler]: [Scheduler] 提取到 0 条虚线捷径
[charge_scheduler-1] [INFO] [1785770742.000748473] [charge_scheduler]: [Scheduler] 下层兼容增强图: 190 节点, 0 条虚线掉头边
[charge_scheduler-1] [INFO] [1785770762.730772085] [charge_scheduler]: [Scheduler] 距离矩阵完成 31x31, 20730.0 ms | 模式=maneuver | 真实不可达=0 抽象不可达=0 | 缺少对向投影节点=0 | 对向识别(ID/几何/法向)=0/0/0 | 单向驿站投影=0
[charge_scheduler-1] [INFO] [1785770762.730853971] [charge_scheduler]:   ✓ 比值自检：930 个 OD 满足 机动/直线≥1 | 均值=4.11 最大=62.63 (车#0→车#15)
[charge_scheduler-1] [INFO] [1785770762.730870631] [charge_scheduler]: [Scheduler] 地图就绪, 190 条 lanelet（与下层一致）
[charge_scheduler-1] [INFO] [1785770762.730927609] [charge_scheduler]: ======== 开始VRPTW调度 30 辆车 ========
[charge_scheduler-1] [INFO] [1785770762.730936549] [charge_scheduler]:   规模30>8 → 启发式(alns)
[charge_scheduler-1] [INFO] [1785770809.328747212] [charge_scheduler]: [ALNS] objective_order=Tover,Nlate,Ctotal seed=7 iters=15000 | N_late=10(成功率66.7%) T_overtime=212.8min C_total=7292.4m | 趟数=11 makespan=386.3min
[charge_scheduler-1] [INFO] [1785770809.328804972] [charge_scheduler]:   求解耗时 46597.9 ms
[charge_scheduler-1] [INFO] [1785770809.328814792] [charge_scheduler]: ════════ 调度结果 ════════
[charge_scheduler-1] [INFO] [1785770809.328822421] [charge_scheduler]:   ★目标(字典序): objective_order=Tover,Nlate,Ctotal | N_late=10 辆 (按时成功率 20/30 = 66.7%)  T_overtime=212.8min  C_total=7292.4m
[charge_scheduler-1] [INFO] [1785770809.328873794] [charge_scheduler]:   附: 趟数=11 | makespan=386.3min | 能量可行=是
[charge_scheduler-1] [INFO] [1785770809.328887688] [charge_scheduler]:   [充电车2] 趟1: 站 → 车#4(到2.1/限212.0✓) → 车#9(到14.0/限116.0✓) → 车#1(到40.5/限96.0✓) → 车#28(到63.6/限84.0✓) → 站
[charge_scheduler-1] [INFO] [1785770809.328898569] [charge_scheduler]:   [充电车1] 趟2: 站 → 车#12(到2.3/限230.4✓) → 车#21(到10.6/限240.0✓) → 车#15(到17.7/限44.8✓) → 车#3(到43.1/限32.0✗超时) → 车#11(到68.6/限83.2✓) → 站
[charge_scheduler-1] [INFO] [1785770809.328908188] [charge_scheduler]:   [充电车3] 趟3: 站 → 车#8(到5.0/限196.0✓) → 车#27(到19.4/限249.6✓) → 车#7(到27.6/限64.0✓) → 车#22(到51.5/限61.6✓) → 车#18(到91.2/限102.4✓) → 站
[charge_scheduler-1] [INFO] [1785770809.328914888] [charge_scheduler]:   [充电车3] 趟4: 站 → 车#5(到130.8/限128.0✗超时) → 车#20(到176.8/限179.2✓) → 站
[charge_scheduler-1] [INFO] [1785770809.328923377] [charge_scheduler]:   [充电车2] 趟5: 站 → 车#24(到112.7/限112.0✗超时) → 车#26(到141.7/限160.0✓) → 车#16(到187.5/限184.8✗超时) → 站
[charge_scheduler-1] [INFO] [1785770809.328931109] [charge_scheduler]:   [充电车1] 趟6: 站 → 车#13(到124.2/限128.8✓) → 车#0(到160.7/限168.0✓) → 车#10(到195.8/限224.0✓) → 站
[charge_scheduler-1] [INFO] [1785770809.328937732] [charge_scheduler]:   [充电车2] 趟7: 站 → 车#19(到240.6/限240.8✓) → 车#25(到279.0/限280.0✓) → 站
[charge_scheduler-1] [INFO] [1785770809.328944656] [charge_scheduler]:   [充电车3] 趟8: 站 → 车#6(到237.0/限176.0✗超时) → 车#23(到283.2/限236.8✗超时) → 站
[charge_scheduler-1] [INFO] [1785770809.328951260] [charge_scheduler]:   [充电车1] 趟9: 站 → 车#29(到245.8/限198.4✗超时) → 车#2(到294.5/限288.0✗超时) → 站
[charge_scheduler-1] [INFO] [1785770809.328957306] [charge_scheduler]:   [充电车2] 趟10: 站 → 车#14(到333.7/限300.8✗超时) → 站
[charge_scheduler-1] [INFO] [1785770809.328963561] [charge_scheduler]:   [充电车3] 趟11: 站 → 车#17(到340.7/限339.2✗超时) → 站
[charge_scheduler-1] [INFO] [1785770809.328968421] [charge_scheduler]: ════════════════════════
[charge_scheduler-1] [INFO] [1785770809.329042056] [charge_scheduler]: [扰动清单] type=target delay=60.0min targets={7,13,} station={}
[charge_scheduler-1] [INFO] [1785770809.329064459] [charge_scheduler]: [执行事件] loop=open plan_v=0 C1 type=target_service target=12 station_ord=0 planned_finish=8.50 actual_finish=8.50 dev=+0.00 injected=0.0
[charge_scheduler-1] [INFO] [1785770809.329075193] [charge_scheduler]: [执行事件] loop=open plan_v=0 C2 type=target_service target=4 station_ord=0 planned_finish=11.77 actual_finish=11.77 dev=+0.00 injected=0.0
[charge_scheduler-1] [INFO] [1785770809.329084302] [charge_scheduler]: [执行事件] loop=open plan_v=0 C1 type=target_service target=21 station_ord=0 planned_finish=16.66 actual_finish=16.66 dev=+0.00 injected=0.0
[charge_scheduler-1] [INFO] [1785770809.329093085] [charge_scheduler]: [执行事件] loop=open plan_v=0 C3 type=target_service target=8 station_ord=0 planned_finish=17.45 actual_finish=17.45 dev=+0.00 injected=0.0
[charge_scheduler-1] [INFO] [1785770809.329101903] [charge_scheduler]: [执行事件] loop=open plan_v=0 C3 type=target_service target=27 station_ord=0 planned_finish=25.46 actual_finish=25.46 dev=+0.00 injected=0.0
[charge_scheduler-1] [INFO] [1785770809.329111207] [charge_scheduler]: [执行事件] loop=open plan_v=0 C2 type=target_service target=9 station_ord=0 planned_finish=39.55 actual_finish=39.55 dev=+0.00 injected=0.0
[charge_scheduler-1] [INFO] [1785770809.329119861] [charge_scheduler]: [执行事件] loop=open plan_v=0 C1 type=target_service target=15 station_ord=0 planned_finish=41.31 actual_finish=41.31 dev=+0.00 injected=0.0
[charge_scheduler-1] [INFO] [1785770809.329129425] [charge_scheduler]: [执行事件] loop=open plan_v=0 C2 type=target_service target=1 station_ord=0 planned_finish=62.62 actual_finish=62.62 dev=+0.00 injected=0.0
[charge_scheduler-1] [INFO] [1785770809.329138786] [charge_scheduler]: [执行事件] loop=open plan_v=0 C1 type=target_service target=3 station_ord=0 planned_finish=68.11 actual_finish=68.11 dev=+0.00 injected=0.0
[charge_scheduler-1] [INFO] [1785770809.329155806] [charge_scheduler]: [执行事件] loop=open plan_v=0 C2 type=target_service target=28 station_ord=0 planned_finish=97.15 actual_finish=97.15 dev=+0.00 injected=0.0
[charge_scheduler-1] [INFO] [1785770809.329164537] [charge_scheduler]: [执行事件] loop=open plan_v=0 C2 type=station_turnaround target=-1 station_ord=1 planned_finish=109.66 actual_finish=109.66 dev=+0.00 injected=0.0
[charge_scheduler-1] [INFO] [1785770809.329174791] [charge_scheduler]: [执行事件] loop=open plan_v=0 C3 type=target_service target=7 station_ord=0 planned_finish=50.69 actual_finish=110.69 dev=+60.00 injected=60.0
[charge_scheduler-1] [INFO] [1785770809.329184354] [charge_scheduler]: [执行事件] loop=open plan_v=0 C1 type=target_service target=11 station_ord=0 planned_finish=111.00 actual_finish=111.00 dev=+0.00 injected=0.0
[charge_scheduler-1] [INFO] [1785770809.329192895] [charge_scheduler]: [执行事件] loop=open plan_v=0 C1 type=station_turnaround target=-1 station_ord=1 planned_finish=122.54 actual_finish=122.54 dev=+0.00 injected=0.0
[charge_scheduler-1] [INFO] [1785770809.329202428] [charge_scheduler]: [执行事件] loop=open plan_v=0 C2 type=target_service target=24 station_ord=0 planned_finish=137.65 actual_finish=137.65 dev=+0.00 injected=0.0
[charge_scheduler-1] [INFO] [1785770809.329212493] [charge_scheduler]: [执行事件] loop=open plan_v=0 C3 type=target_service target=22 station_ord=0 planned_finish=85.92 actual_finish=146.77 dev=+60.85 injected=0.0
[charge_scheduler-1] [INFO] [1785770809.329221921] [charge_scheduler]: [执行事件] loop=open plan_v=0 C3 type=target_service target=18 station_ord=0 planned_finish=115.56 actual_finish=177.00 dev=+61.43 injected=0.0
[charge_scheduler-1] [INFO] [1785770809.329231037] [charge_scheduler]: [执行事件] loop=open plan_v=0 C2 type=target_service target=26 station_ord=0 planned_finish=183.82 actual_finish=183.82 dev=+0.00 injected=0.0
[charge_scheduler-1] [INFO] [1785770809.329240213] [charge_scheduler]: [执行事件] loop=open plan_v=0 C3 type=station_turnaround target=-1 station_ord=1 planned_finish=127.60 actual_finish=189.04 dev=+61.43 injected=0.0
[charge_scheduler-1] [INFO] [1785770809.329255420] [charge_scheduler]: [执行事件] loop=open plan_v=0 C1 type=target_service target=13 station_ord=0 planned_finish=159.09 actual_finish=219.09 dev=+60.00 injected=60.0
[charge_scheduler-1] [INFO] [1785770809.329264778] [charge_scheduler]: [执行事件] loop=open plan_v=0 C2 type=target_service target=16 station_ord=0 planned_finish=222.73 actual_finish=222.73 dev=+0.00 injected=0.0
[charge_scheduler-1] [INFO] [1785770809.329273306] [charge_scheduler]: [执行事件] loop=open plan_v=0 C2 type=station_turnaround target=-1 station_ord=2 planned_finish=235.06 actual_finish=235.06 dev=+0.00 injected=0.0
[charge_scheduler-1] [INFO] [1785770809.329282056] [charge_scheduler]: [执行事件] loop=open plan_v=0 C3 type=target_service target=5 station_ord=0 planned_finish=174.55 actual_finish=235.98 dev=+61.43 injected=0.0
[charge_scheduler-1] [INFO] [1785770809.329291650] [charge_scheduler]: [执行事件] loop=open plan_v=0 C1 type=target_service target=0 station_ord=0 planned_finish=195.37 actual_finish=255.98 dev=+60.61 injected=0.0
[charge_scheduler-1] [INFO] [1785770809.329300792] [charge_scheduler]: [执行事件] loop=open plan_v=0 C2 type=target_service target=19 station_ord=0 planned_finish=275.79 actual_finish=275.79 dev=+0.00 injected=0.0
[charge_scheduler-1] [INFO] [1785770809.329310001] [charge_scheduler]: [执行事件] loop=open plan_v=0 C3 type=target_service target=20 station_ord=0 planned_finish=220.35 actual_finish=282.00 dev=+61.65 injected=0.0
[charge_scheduler-1] [INFO] [1785770809.329319797] [charge_scheduler]: [执行事件] loop=open plan_v=0 C1 type=target_service target=10 station_ord=0 planned_finish=228.73 actual_finish=291.70 dev=+62.97 injected=0.0
[charge_scheduler-1] [INFO] [1785770809.329329562] [charge_scheduler]: [执行事件] loop=open plan_v=0 C3 type=station_turnaround target=-1 station_ord=2 planned_finish=232.81 actual_finish=294.46 dev=+61.65 injected=0.0
[charge_scheduler-1] [INFO] [1785770809.329338506] [charge_scheduler]: [执行事件] loop=open plan_v=0 C1 type=station_turnaround target=-1 station_ord=2 planned_finish=244.60 actual_finish=307.57 dev=+62.97 injected=0.0
[charge_scheduler-1] [INFO] [1785770809.329348040] [charge_scheduler]: [执行事件] loop=open plan_v=0 C2 type=target_service target=25 station_ord=0 planned_finish=314.21 actual_finish=314.21 dev=+0.00 injected=0.0
[charge_scheduler-1] [INFO] [1785770809.329364177] [charge_scheduler]: [执行事件] loop=open plan_v=0 C2 type=station_turnaround target=-1 station_ord=3 planned_finish=329.14 actual_finish=329.14 dev=+0.00 injected=0.0
[charge_scheduler-1] [INFO] [1785770809.329373924] [charge_scheduler]: [执行事件] loop=open plan_v=0 C3 type=target_service target=6 station_ord=0 planned_finish=280.70 actual_finish=342.35 dev=+61.65 injected=0.0
[charge_scheduler-1] [INFO] [1785770809.329384034] [charge_scheduler]: [执行事件] loop=open plan_v=0 C1 type=target_service target=29 station_ord=0 planned_finish=289.57 actual_finish=352.54 dev=+62.97 injected=0.0
[charge_scheduler-1] [INFO] [1785770809.329398436] [charge_scheduler]: [执行事件] loop=open plan_v=0 C2 type=target_service target=14 station_ord=0 planned_finish=377.44 actual_finish=377.44 dev=+0.00 injected=0.0
[charge_scheduler-1] [INFO] [1785770809.329408243] [charge_scheduler]: [执行事件] loop=open plan_v=0 C2 type=final_return target=-1 station_ord=0 planned_finish=381.71 actual_finish=381.71 dev=+0.00 injected=0.0
[charge_scheduler-1] [INFO] [1785770809.329417450] [charge_scheduler]: [执行事件] loop=open plan_v=0 C3 type=target_service target=23 station_ord=0 planned_finish=326.90 actual_finish=388.55 dev=+61.65 injected=0.0
[charge_scheduler-1] [INFO] [1785770809.329428077] [charge_scheduler]: [执行事件] loop=open plan_v=0 C3 type=station_turnaround target=-1 station_ord=3 planned_finish=339.05 actual_finish=400.70 dev=+61.65 injected=0.0
[charge_scheduler-1] [INFO] [1785770809.329442998] [charge_scheduler]: [执行事件] loop=open plan_v=0 C1 type=target_service target=2 station_ord=0 planned_finish=338.22 actual_finish=401.20 dev=+62.97 injected=0.0
[charge_scheduler-1] [INFO] [1785770809.329453917] [charge_scheduler]: [执行事件] loop=open plan_v=0 C1 type=final_return target=-1 station_ord=0 planned_finish=340.87 actual_finish=403.84 dev=+62.97 injected=0.0
[charge_scheduler-1] [INFO] [1785770809.329510519] [charge_scheduler]: [执行事件] loop=open plan_v=0 C3 type=target_service target=17 station_ord=0 planned_finish=384.41 actual_finish=446.06 dev=+61.65 injected=0.0
[charge_scheduler-1] [INFO] [1785770809.329528010] [charge_scheduler]: [执行事件] loop=open plan_v=0 C3 type=final_return target=-1 station_ord=0 planned_finish=386.34 actual_finish=447.99 dev=+61.65 injected=0.0
[charge_scheduler-1] [INFO] [1785770809.329561948] [charge_scheduler]: [执行事件] loop=fixed plan_v=0 C1 type=target_service target=12 station_ord=0 planned_finish=8.50 actual_finish=8.50 dev=+0.00 injected=0.0
[charge_scheduler-1] [INFO] [1785770809.329584114] [charge_scheduler]: [执行事件] loop=fixed plan_v=0 C2 type=target_service target=4 station_ord=0 planned_finish=11.77 actual_finish=11.77 dev=+0.00 injected=0.0
[charge_scheduler-1] [INFO] [1785770809.329597542] [charge_scheduler]: [执行事件] loop=fixed plan_v=0 C1 type=target_service target=21 station_ord=0 planned_finish=16.66 actual_finish=16.66 dev=+0.00 injected=0.0
[charge_scheduler-1] [INFO] [1785770809.329610408] [charge_scheduler]: [执行事件] loop=fixed plan_v=0 C3 type=target_service target=8 station_ord=0 planned_finish=17.45 actual_finish=17.45 dev=+0.00 injected=0.0
[charge_scheduler-1] [INFO] [1785770809.329623315] [charge_scheduler]: [执行事件] loop=fixed plan_v=0 C3 type=target_service target=27 station_ord=0 planned_finish=25.46 actual_finish=25.46 dev=+0.00 injected=0.0
[charge_scheduler-1] [INFO] [1785770809.329637550] [charge_scheduler]: [执行事件] loop=fixed plan_v=0 C2 type=target_service target=9 station_ord=0 planned_finish=39.55 actual_finish=39.55 dev=+0.00 injected=0.0
[charge_scheduler-1] [INFO] [1785770809.329655379] [charge_scheduler]: [执行事件] loop=fixed plan_v=0 C1 type=target_service target=15 station_ord=0 planned_finish=41.31 actual_finish=41.31 dev=+0.00 injected=0.0
[charge_scheduler-1] [INFO] [1785770809.329669199] [charge_scheduler]: [执行事件] loop=fixed plan_v=0 C2 type=target_service target=1 station_ord=0 planned_finish=62.62 actual_finish=62.62 dev=+0.00 injected=0.0
[charge_scheduler-1] [INFO] [1785770809.329682464] [charge_scheduler]: [执行事件] loop=fixed plan_v=0 C1 type=target_service target=3 station_ord=0 planned_finish=68.11 actual_finish=68.11 dev=+0.00 injected=0.0
[charge_scheduler-1] [INFO] [1785770809.329695959] [charge_scheduler]: [执行事件] loop=fixed plan_v=0 C2 type=target_service target=28 station_ord=0 planned_finish=97.15 actual_finish=97.15 dev=+0.00 injected=0.0
[charge_scheduler-1] [INFO] [1785770809.329728741] [charge_scheduler]: [执行事件] loop=fixed plan_v=0 C2 type=station_turnaround target=-1 station_ord=1 planned_finish=109.66 actual_finish=109.66 dev=+0.00 injected=0.0
[charge_scheduler-1] [INFO] [1785770809.329745560] [charge_scheduler]: [执行事件] loop=fixed plan_v=0 C3 type=target_service target=7 station_ord=0 planned_finish=50.69 actual_finish=110.69 dev=+60.00 injected=60.0
[charge_scheduler-1] [WARN] [1785770809.704453279] [charge_scheduler]: [重调度事件] policy=fixed #1 t=110.69min trigger=C3/target_service dev=+60.00 pool=17 committed=2 plan_v=1 solve_ms=374.6 changed_assign=0 changed_order=15
[charge_scheduler-1] [INFO] [1785770809.704504240] [charge_scheduler]: [执行事件] loop=fixed plan_v=0 C1 type=target_service target=11 station_ord=0 planned_finish=111.00 actual_finish=111.00 dev=+0.00 injected=0.0
[charge_scheduler-1] [INFO] [1785770809.704514348] [charge_scheduler]: [执行事件] loop=fixed plan_v=1 C1 type=station_turnaround target=-1 station_ord=1 planned_finish=122.54 actual_finish=122.54 dev=+0.00 injected=0.0
[charge_scheduler-1] [INFO] [1785770809.704522229] [charge_scheduler]: [执行事件] loop=fixed plan_v=0 C2 type=target_service target=24 station_ord=0 planned_finish=137.65 actual_finish=137.65 dev=+0.00 injected=0.0
[charge_scheduler-1] [INFO] [1785770809.704528294] [charge_scheduler]: [执行事件] loop=fixed plan_v=1 C3 type=target_service target=22 station_ord=0 planned_finish=146.77 actual_finish=146.77 dev=+0.00 injected=0.0
[charge_scheduler-1] [INFO] [1785770809.704536182] [charge_scheduler]: [执行事件] loop=fixed plan_v=1 C3 type=target_service target=18 station_ord=0 planned_finish=177.00 actual_finish=177.00 dev=+0.00 injected=0.0
[charge_scheduler-1] [INFO] [1785770809.704543545] [charge_scheduler]: [执行事件] loop=fixed plan_v=1 C2 type=target_service target=26 station_ord=0 planned_finish=183.82 actual_finish=183.82 dev=+0.00 injected=0.0
[charge_scheduler-1] [INFO] [1785770809.704550669] [charge_scheduler]: [执行事件] loop=fixed plan_v=1 C3 type=station_turnaround target=-1 station_ord=1 planned_finish=189.04 actual_finish=189.04 dev=+0.00 injected=0.0
[charge_scheduler-1] [INFO] [1785770809.704557864] [charge_scheduler]: [执行事件] loop=fixed plan_v=1 C1 type=target_service target=13 station_ord=0 planned_finish=159.09 actual_finish=219.09 dev=+60.00 injected=60.0
[charge_scheduler-1] [WARN] [1785770809.926308686] [charge_scheduler]: [重调度事件] policy=fixed #2 t=219.09min trigger=C1/target_service dev=+60.00 pool=11 committed=2 plan_v=2 solve_ms=221.7 changed_assign=0 changed_order=8
[charge_scheduler-1] [INFO] [1785770809.926373551] [charge_scheduler]: [执行事件] loop=fixed plan_v=1 C2 type=target_service target=16 station_ord=0 planned_finish=222.73 actual_finish=222.73 dev=+0.00 injected=0.0
[charge_scheduler-1] [INFO] [1785770809.926383290] [charge_scheduler]: [执行事件] loop=fixed plan_v=1 C3 type=target_service target=20 station_ord=0 planned_finish=234.86 actual_finish=234.86 dev=+0.00 injected=0.0
[charge_scheduler-1] [INFO] [1785770809.926389653] [charge_scheduler]: [执行事件] loop=fixed plan_v=2 C2 type=station_turnaround target=-1 station_ord=2 planned_finish=235.06 actual_finish=235.06 dev=+0.00 injected=0.0
[charge_scheduler-1] [INFO] [1785770809.926395827] [charge_scheduler]: [执行事件] loop=fixed plan_v=2 C1 type=target_service target=0 station_ord=0 planned_finish=255.98 actual_finish=255.98 dev=+0.00 injected=0.0
[charge_scheduler-1] [INFO] [1785770809.926401653] [charge_scheduler]: [执行事件] loop=fixed plan_v=2 C1 type=station_turnaround target=-1 station_ord=2 planned_finish=271.45 actual_finish=271.45 dev=+0.00 injected=0.0
[charge_scheduler-1] [INFO] [1785770809.926407532] [charge_scheduler]: [执行事件] loop=fixed plan_v=2 C2 type=target_service target=19 station_ord=0 planned_finish=275.79 actual_finish=275.79 dev=+0.00 injected=0.0
[charge_scheduler-1] [INFO] [1785770809.926413640] [charge_scheduler]: [执行事件] loop=fixed plan_v=2 C3 type=target_service target=5 station_ord=0 planned_finish=282.84 actual_finish=282.84 dev=+0.00 injected=0.0
[charge_scheduler-1] [INFO] [1785770809.926419217] [charge_scheduler]: [执行事件] loop=fixed plan_v=2 C3 type=station_turnaround target=-1 station_ord=2 planned_finish=294.46 actual_finish=294.46 dev=+0.00 injected=0.0
[charge_scheduler-1] [INFO] [1785770809.926452918] [charge_scheduler]: [执行事件] loop=fixed plan_v=2 C1 type=target_service target=10 station_ord=0 planned_finish=309.49 actual_finish=309.49 dev=+0.00 injected=0.0
[charge_scheduler-1] [INFO] [1785770809.926459207] [charge_scheduler]: [执行事件] loop=fixed plan_v=2 C2 type=target_service target=25 station_ord=0 planned_finish=314.21 actual_finish=314.21 dev=+0.00 injected=0.0
[charge_scheduler-1] [INFO] [1785770809.926464901] [charge_scheduler]: [执行事件] loop=fixed plan_v=2 C2 type=station_turnaround target=-1 station_ord=3 planned_finish=329.14 actual_finish=329.14 dev=+0.00 injected=0.0
[charge_scheduler-1] [INFO] [1785770809.926470792] [charge_scheduler]: [执行事件] loop=fixed plan_v=2 C3 type=target_service target=6 station_ord=0 planned_finish=342.35 actual_finish=342.35 dev=+0.00 injected=0.0
[charge_scheduler-1] [INFO] [1785770809.926476423] [charge_scheduler]: [执行事件] loop=fixed plan_v=2 C1 type=target_service target=2 station_ord=0 planned_finish=356.56 actual_finish=356.56 dev=+0.00 injected=0.0
[charge_scheduler-1] [INFO] [1785770809.926481987] [charge_scheduler]: [执行事件] loop=fixed plan_v=2 C1 type=station_turnaround target=-1 station_ord=3 planned_finish=369.21 actual_finish=369.21 dev=+0.00 injected=0.0
[charge_scheduler-1] [INFO] [1785770809.926487476] [charge_scheduler]: [执行事件] loop=fixed plan_v=2 C2 type=target_service target=14 station_ord=0 planned_finish=377.44 actual_finish=377.44 dev=+0.00 injected=0.0
[charge_scheduler-1] [INFO] [1785770809.926493128] [charge_scheduler]: [执行事件] loop=fixed plan_v=2 C2 type=final_return target=-1 station_ord=0 planned_finish=381.71 actual_finish=381.71 dev=+0.00 injected=0.0
[charge_scheduler-1] [INFO] [1785770809.926498686] [charge_scheduler]: [执行事件] loop=fixed plan_v=2 C3 type=target_service target=23 station_ord=0 planned_finish=388.55 actual_finish=388.55 dev=+0.00 injected=0.0
[charge_scheduler-1] [INFO] [1785770809.926504014] [charge_scheduler]: [执行事件] loop=fixed plan_v=2 C3 type=station_turnaround target=-1 station_ord=3 planned_finish=400.70 actual_finish=400.70 dev=+0.00 injected=0.0
[charge_scheduler-1] [INFO] [1785770809.926509672] [charge_scheduler]: [执行事件] loop=fixed plan_v=2 C1 type=target_service target=29 station_ord=0 planned_finish=414.18 actual_finish=414.18 dev=+0.00 injected=0.0
[charge_scheduler-1] [INFO] [1785770809.926515092] [charge_scheduler]: [执行事件] loop=fixed plan_v=2 C1 type=final_return target=-1 station_ord=0 planned_finish=418.38 actual_finish=418.38 dev=+0.00 injected=0.0
[charge_scheduler-1] [INFO] [1785770809.926520217] [charge_scheduler]: [执行事件] loop=fixed plan_v=2 C3 type=target_service target=17 station_ord=0 planned_finish=446.06 actual_finish=446.06 dev=+0.00 injected=0.0
[charge_scheduler-1] [INFO] [1785770809.926525357] [charge_scheduler]: [执行事件] loop=fixed plan_v=2 C3 type=final_return target=-1 station_ord=0 planned_finish=447.99 actual_finish=447.99 dev=+0.00 injected=0.0
[charge_scheduler-1] [INFO] [1785770809.926547035] [charge_scheduler]: [执行事件] loop=global plan_v=0 C1 type=target_service target=12 station_ord=0 planned_finish=8.50 actual_finish=8.50 dev=+0.00 injected=0.0
[charge_scheduler-1] [INFO] [1785770809.926553496] [charge_scheduler]: [执行事件] loop=global plan_v=0 C2 type=target_service target=4 station_ord=0 planned_finish=11.77 actual_finish=11.77 dev=+0.00 injected=0.0
[charge_scheduler-1] [INFO] [1785770809.926559120] [charge_scheduler]: [执行事件] loop=global plan_v=0 C1 type=target_service target=21 station_ord=0 planned_finish=16.66 actual_finish=16.66 dev=+0.00 injected=0.0
[charge_scheduler-1] [INFO] [1785770809.926564888] [charge_scheduler]: [执行事件] loop=global plan_v=0 C3 type=target_service target=8 station_ord=0 planned_finish=17.45 actual_finish=17.45 dev=+0.00 injected=0.0
[charge_scheduler-1] [INFO] [1785770809.926570623] [charge_scheduler]: [执行事件] loop=global plan_v=0 C3 type=target_service target=27 station_ord=0 planned_finish=25.46 actual_finish=25.46 dev=+0.00 injected=0.0
[charge_scheduler-1] [INFO] [1785770809.926577109] [charge_scheduler]: [执行事件] loop=global plan_v=0 C2 type=target_service target=9 station_ord=0 planned_finish=39.55 actual_finish=39.55 dev=+0.00 injected=0.0
[charge_scheduler-1] [INFO] [1785770809.926582580] [charge_scheduler]: [执行事件] loop=global plan_v=0 C1 type=target_service target=15 station_ord=0 planned_finish=41.31 actual_finish=41.31 dev=+0.00 injected=0.0
[charge_scheduler-1] [INFO] [1785770809.926591125] [charge_scheduler]: [执行事件] loop=global plan_v=0 C2 type=target_service target=1 station_ord=0 planned_finish=62.62 actual_finish=62.62 dev=+0.00 injected=0.0
[charge_scheduler-1] [INFO] [1785770809.926596957] [charge_scheduler]: [执行事件] loop=global plan_v=0 C1 type=target_service target=3 station_ord=0 planned_finish=68.11 actual_finish=68.11 dev=+0.00 injected=0.0
[charge_scheduler-1] [INFO] [1785770809.926602679] [charge_scheduler]: [执行事件] loop=global plan_v=0 C2 type=target_service target=28 station_ord=0 planned_finish=97.15 actual_finish=97.15 dev=+0.00 injected=0.0
[charge_scheduler-1] [INFO] [1785770809.926608043] [charge_scheduler]: [执行事件] loop=global plan_v=0 C2 type=station_turnaround target=-1 station_ord=1 planned_finish=109.66 actual_finish=109.66 dev=+0.00 injected=0.0
[charge_scheduler-1] [INFO] [1785770809.926614591] [charge_scheduler]: [执行事件] loop=global plan_v=0 C3 type=target_service target=7 station_ord=0 planned_finish=50.69 actual_finish=110.69 dev=+60.00 injected=60.0
[charge_scheduler-1] [WARN] [1785770812.457725332] [charge_scheduler]: [重调度事件] policy=global #1 t=110.69min trigger=C3/target_service dev=+60.00 pool=17 committed=2 plan_v=1 solve_ms=2531.1 changed_assign=11 changed_order=10
[charge_scheduler-1] [INFO] [1785770812.457776719] [charge_scheduler]: [执行事件] loop=global plan_v=0 C1 type=target_service target=11 station_ord=0 planned_finish=111.00 actual_finish=111.00 dev=+0.00 injected=0.0
[charge_scheduler-1] [INFO] [1785770812.457786623] [charge_scheduler]: [执行事件] loop=global plan_v=1 C1 type=station_turnaround target=-1 station_ord=1 planned_finish=122.54 actual_finish=122.54 dev=+0.00 injected=0.0
[charge_scheduler-1] [INFO] [1785770812.457793468] [charge_scheduler]: [执行事件] loop=global plan_v=0 C2 type=target_service target=24 station_ord=0 planned_finish=137.65 actual_finish=137.65 dev=+0.00 injected=0.0
[charge_scheduler-1] [INFO] [1785770812.457800581] [charge_scheduler]: [执行事件] loop=global plan_v=1 C3 type=target_service target=22 station_ord=0 planned_finish=146.77 actual_finish=146.77 dev=+0.00 injected=0.0
[charge_scheduler-1] [INFO] [1785770812.457806644] [charge_scheduler]: [执行事件] loop=global plan_v=1 C1 type=target_service target=18 station_ord=0 planned_finish=150.02 actual_finish=150.02 dev=+0.00 injected=0.0
[charge_scheduler-1] [INFO] [1785770812.457812413] [charge_scheduler]: [执行事件] loop=global plan_v=1 C3 type=station_turnaround target=-1 station_ord=1 planned_finish=160.94 actual_finish=160.94 dev=+0.00 injected=0.0
[charge_scheduler-1] [INFO] [1785770812.457818435] [charge_scheduler]: [执行事件] loop=global plan_v=1 C1 type=target_service target=0 station_ord=0 planned_finish=186.15 actual_finish=186.15 dev=+0.00 injected=0.0
[charge_scheduler-1] [INFO] [1785770812.457824302] [charge_scheduler]: [执行事件] loop=global plan_v=1 C3 type=target_service target=26 station_ord=0 planned_finish=206.89 actual_finish=206.89 dev=+0.00 injected=0.0
[charge_scheduler-1] [INFO] [1785770812.457830252] [charge_scheduler]: [执行事件] loop=global plan_v=1 C1 type=target_service target=6 station_ord=0 planned_finish=230.92 actual_finish=230.92 dev=+0.00 injected=0.0
[charge_scheduler-1] [INFO] [1785770812.457836275] [charge_scheduler]: [执行事件] loop=global plan_v=1 C2 type=target_service target=13 station_ord=0 planned_finish=177.85 actual_finish=237.85 dev=+60.00 injected=60.0
[charge_scheduler-1] [WARN] [1785770813.015404580] [charge_scheduler]: [重调度事件] policy=global #2 t=237.85min trigger=C2/target_service dev=+60.00 pool=10 committed=1 plan_v=2 solve_ms=557.5 changed_assign=7 changed_order=7
[charge_scheduler-1] [INFO] [1785770813.015482071] [charge_scheduler]: [执行事件] loop=global plan_v=1 C1 type=station_turnaround target=-1 station_ord=2 planned_finish=245.44 actual_finish=245.44 dev=+0.00 injected=0.0
[charge_scheduler-1] [INFO] [1785770813.015498214] [charge_scheduler]: [执行事件] loop=global plan_v=1 C3 type=target_service target=5 station_ord=0 planned_finish=251.74 actual_finish=251.74 dev=+0.00 injected=0.0
[charge_scheduler-1] [INFO] [1785770813.015516216] [charge_scheduler]: [执行事件] loop=global plan_v=2 C3 type=station_turnaround target=-1 station_ord=2 planned_finish=263.36 actual_finish=263.36 dev=+0.00 injected=0.0
[charge_scheduler-1] [INFO] [1785770813.015550392] [charge_scheduler]: [执行事件] loop=global plan_v=2 C2 type=target_service target=16 station_ord=0 planned_finish=274.64 actual_finish=274.64 dev=+0.00 injected=0.0
[charge_scheduler-1] [INFO] [1785770813.015557386] [charge_scheduler]: [执行事件] loop=global plan_v=2 C1 type=target_service target=10 station_ord=0 planned_finish=283.49 actual_finish=283.49 dev=+0.00 injected=0.0
[charge_scheduler-1] [INFO] [1785770813.015563893] [charge_scheduler]: [执行事件] loop=global plan_v=2 C2 type=station_turnaround target=-1 station_ord=2 planned_finish=286.96 actual_finish=286.96 dev=+0.00 injected=0.0
[charge_scheduler-1] [INFO] [1785770813.015570373] [charge_scheduler]: [执行事件] loop=global plan_v=2 C3 type=target_service target=29 station_ord=0 planned_finish=308.32 actual_finish=308.32 dev=+0.00 injected=0.0
[charge_scheduler-1] [INFO] [1785770813.015576956] [charge_scheduler]: [执行事件] loop=global plan_v=2 C2 type=target_service target=25 station_ord=0 planned_finish=326.10 actual_finish=326.10 dev=+0.00 injected=0.0
[charge_scheduler-1] [INFO] [1785770813.015583258] [charge_scheduler]: [执行事件] loop=global plan_v=2 C1 type=target_service target=23 station_ord=0 planned_finish=331.04 actual_finish=331.04 dev=+0.00 injected=0.0
[charge_scheduler-1] [INFO] [1785770813.015594005] [charge_scheduler]: [执行事件] loop=global plan_v=2 C1 type=station_turnaround target=-1 station_ord=3 planned_finish=343.18 actual_finish=343.18 dev=+0.00 injected=0.0
[charge_scheduler-1] [INFO] [1785770813.015599543] [charge_scheduler]: [执行事件] loop=global plan_v=2 C3 type=target_service target=2 station_ord=0 planned_finish=356.98 actual_finish=356.98 dev=+0.00 injected=0.0
[charge_scheduler-1] [INFO] [1785770813.015605403] [charge_scheduler]: [执行事件] loop=global plan_v=2 C2 type=target_service target=19 station_ord=0 planned_finish=363.05 actual_finish=363.05 dev=+0.00 injected=0.0
[charge_scheduler-1] [INFO] [1785770813.015611029] [charge_scheduler]: [执行事件] loop=global plan_v=2 C3 type=station_turnaround target=-1 station_ord=3 planned_finish=369.63 actual_finish=369.63 dev=+0.00 injected=0.0
[charge_scheduler-1] [INFO] [1785770813.015616849] [charge_scheduler]: [执行事件] loop=global plan_v=2 C2 type=station_turnaround target=-1 station_ord=3 planned_finish=376.38 actual_finish=376.38 dev=+0.00 injected=0.0
[charge_scheduler-1] [INFO] [1785770813.015622578] [charge_scheduler]: [执行事件] loop=global plan_v=2 C1 type=target_service target=14 station_ord=0 planned_finish=391.49 actual_finish=391.49 dev=+0.00 injected=0.0
[charge_scheduler-1] [INFO] [1785770813.015628290] [charge_scheduler]: [执行事件] loop=global plan_v=2 C1 type=final_return target=-1 station_ord=0 planned_finish=395.75 actual_finish=395.75 dev=+0.00 injected=0.0
[charge_scheduler-1] [INFO] [1785770813.015633968] [charge_scheduler]: [执行事件] loop=global plan_v=2 C3 type=target_service target=20 station_ord=0 planned_finish=415.45 actual_finish=415.45 dev=+0.00 injected=0.0
[charge_scheduler-1] [INFO] [1785770813.015639263] [charge_scheduler]: [执行事件] loop=global plan_v=2 C3 type=final_return target=-1 station_ord=0 planned_finish=417.91 actual_finish=417.91 dev=+0.00 injected=0.0
[charge_scheduler-1] [INFO] [1785770813.015644595] [charge_scheduler]: [执行事件] loop=global plan_v=2 C2 type=target_service target=17 station_ord=0 planned_finish=421.75 actual_finish=421.75 dev=+0.00 injected=0.0
[charge_scheduler-1] [INFO] [1785770813.015649952] [charge_scheduler]: [执行事件] loop=global plan_v=2 C2 type=final_return target=-1 station_ord=0 planned_finish=423.68 actual_finish=423.68 dev=+0.00 injected=0.0
[charge_scheduler-1] [INFO] [1785770813.015664322] [charge_scheduler]: ★闭环实验结果 mode=open M=30 K=3 disturbance=target delay=60.0 seed=7 N_late=15 T_overtime=828.858 C_total=7292.439 makespan=447.989 served=30 energy_viol=2 reschedules=0 reschedule_ms=0.000 changed_assign=0 changed_order=0 applied_target=2 applied_station=0 initial_solve_ms=46597.867 objective_order=Tover,Nlate,Ctotal
[charge_scheduler-1] [INFO] [1785770813.015674341] [charge_scheduler]: ★闭环实验结果 mode=fixed M=30 K=3 disturbance=target delay=60.0 seed=7 N_late=15 T_overtime=863.368 C_total=7594.939 makespan=447.989 served=30 energy_viol=0 reschedules=2 reschedule_ms=596.322 changed_assign=0 changed_order=23 applied_target=2 applied_station=0 initial_solve_ms=46597.867 objective_order=Tover,Nlate,Ctotal
[charge_scheduler-1] [INFO] [1785770813.015684429] [charge_scheduler]: ★闭环实验收益 policy=fixed M=30 K=3 disturbance=target delay=60.0 seed=7 recovered_late=0 overtime_reduction=-34.509 distance_delta=302.500 makespan_reduction=0.000
[charge_scheduler-1] [INFO] [1785770813.015690953] [charge_scheduler]: ★闭环实验结果 mode=closed M=30 K=3 disturbance=target delay=60.0 seed=7 N_late=18 T_overtime=789.206 C_total=6823.435 makespan=423.676 served=30 energy_viol=0 reschedules=2 reschedule_ms=3088.615 changed_assign=18 changed_order=17 applied_target=2 applied_station=0 initial_solve_ms=46597.867 objective_order=Tover,Nlate,Ctotal
[charge_scheduler-1] [INFO] [1785770813.015698369] [charge_scheduler]: ★闭环实验收益 policy=closed M=30 K=3 disturbance=target delay=60.0 seed=7 recovered_late=-3 overtime_reduction=39.653 distance_delta=-469.004 makespan_reduction=24.313
