[INFO] [launch]: All log files can be found below /root/.ros/log/2026-08-03-14-22-33-063857-YYYY-55725
[INFO] [launch]: Default logging verbosity is set to INFO
[INFO] [charge_scheduler-1]: process started with pid [55729]
[charge_scheduler-1] [INFO] [1785766953.195070310] [charge_scheduler]: [目标顺序] objective_order=Tover,Nlate,Ctotal
[charge_scheduler-1] [INFO] [1785766953.195939976] [charge_scheduler]: [Scheduler] 20辆车 | 电池800.0kWh(20%=160.0 80%=640.0) | 充电360kW效率97% | 行驶0.6kWh/km | 桩350kW
[charge_scheduler-1] [INFO] [1785766953.195983287] [charge_scheduler]: [Scheduler] 站端周转: 换电 10 min(换后满电) | 单趟可用 640 kWh
[charge_scheduler-1] [INFO] [1785766953.196004181] [charge_scheduler]:   车#0 [电动装载机282|light] 位置(3865.2,73751.0) 容量282kWh 剩余35% | α=6→6min/% τ=168min → 需130.8kWh(充21.2min)
[charge_scheduler-1] [INFO] [1785766953.196026407] [charge_scheduler]:   车#1 [重型叉车|light] 位置(3785.0,73749.2) 容量200kWh 剩余20% | α=6→6min/% τ=96min → 需123.7kWh(充20.0min)
[charge_scheduler-1] [INFO] [1785766953.196045510] [charge_scheduler]:   车#2 [电动装载机350|light] 位置(3811.5,73799.9) 容量350kWh 剩余50% | α=6→6min/% τ=288min → 需108.2kWh(充17.5min)
[charge_scheduler-1] [INFO] [1785766953.196062298] [charge_scheduler]:   车#3 [重型叉车|light] 位置(3810.8,73773.1) 容量200kWh 剩余10% | α=6→6min/% τ=32min → 需144.3kWh(充23.3min)
[charge_scheduler-1] [INFO] [1785766953.196083248] [charge_scheduler]:   车#4 [电动装载机282|heavy→降级] 位置(3905.0,73793.5) 容量282kWh 剩余60% | α=3→6min/% τ=212min → 需58.1kWh(充9.4min)
[charge_scheduler-1] [INFO] [1785766953.196100594] [charge_scheduler]:   车#5 [电动装载机350|light] 位置(3894.3,73756.9) 容量350kWh 剩余25% | α=6→6min/% τ=128min → 需198.5kWh(充32.1min)
[charge_scheduler-1] [INFO] [1785766953.196117090] [charge_scheduler]:   车#6 [电动装载机350|heavy→降级] 位置(3818.5,73716.2) 容量350kWh 剩余40% | α=4→6min/% τ=176min → 需144.3kWh(充23.3min)
[charge_scheduler-1] [INFO] [1785766953.196133301] [charge_scheduler]:   车#7 [重型叉车|light] 位置(3733.2,73772.4) 容量200kWh 剩余15% | α=6→6min/% τ=64min → 需134.0kWh(充21.7min)
[charge_scheduler-1] [INFO] [1785766953.196149600] [charge_scheduler]:   车#8 [电动装载机282|heavy→降级] 位置(3764.7,73699.0) 容量282kWh 剩余55% | α=3→6min/% τ=196min → 需72.7kWh(充11.8min)
[charge_scheduler-1] [INFO] [1785766953.196165714] [charge_scheduler]:   车#9 [电动装载机282|heavy→降级] 位置(3878.4,73747.9) 容量282kWh 剩余30% | α=3→6min/% τ=116min → 需145.4kWh(充23.5min)
[charge_scheduler-1] [INFO] [1785766953.196185808] [charge_scheduler]:   车#10 [电动装载机282|light] 位置(3740.3,73686.9) 容量282kWh 剩余45% | α=6→6min/% τ=224min → 需101.8kWh(充16.4min)
[charge_scheduler-1] [INFO] [1785766953.196203078] [charge_scheduler]:   车#11 [电动装载机350|light] 位置(3895.4,73811.9) 容量350kWh 剩余18% | α=6→6min/% τ=83min → 需223.7kWh(充36.2min)
[charge_scheduler-1] [INFO] [1785766953.196219245] [charge_scheduler]:   车#12 [重型叉车|heavy→降级] 位置(3876.0,73830.2) 容量200kWh 剩余62% | α=3→6min/% τ=230min → 需37.1kWh(充6.0min)
[charge_scheduler-1] [INFO] [1785766953.196235499] [charge_scheduler]:   车#13 [电动装载机282|light] 位置(3765.9,73790.3) 容量282kWh 剩余28% | α=6→6min/% τ=129min → 需151.2kWh(充24.4min)
[charge_scheduler-1] [INFO] [1785766953.196260791] [charge_scheduler]:   车#14 [电动装载机350|light] 位置(3637.1,73698.1) 容量350kWh 剩余52% | α=6→6min/% τ=301min → 需101.0kWh(充16.3min)
[charge_scheduler-1] [INFO] [1785766953.196277363] [charge_scheduler]:   车#15 [重型叉车|light] 位置(3884.5,73833.1) 容量200kWh 剩余12% | α=6→6min/% τ=45min → 需140.2kWh(充22.7min)
[charge_scheduler-1] [INFO] [1785766953.196293504] [charge_scheduler]:   车#16 [电动装载机282|light] 位置(3699.3,73765.4) 容量282kWh 剩余38% | α=6→6min/% τ=185min → 需122.1kWh(充19.7min)
[charge_scheduler-1] [INFO] [1785766953.196313173] [charge_scheduler]:   车#17 [电动装载机350|light] 位置(3800.8,73717.7) 容量350kWh 剩余58% | α=6→6min/% τ=339min → 需79.4kWh(充12.8min)
[charge_scheduler-1] [INFO] [1785766953.196330015] [charge_scheduler]:   车#18 [重型叉车|heavy→降级] 位置(3825.0,73792.7) 容量200kWh 剩余22% | α=3→6min/% τ=102min → 需119.6kWh(充19.3min)
[charge_scheduler-1] [INFO] [1785766953.196347267] [charge_scheduler]:   车#19 [电动装载机282|light] 位置(3784.3,73759.0) 容量282kWh 剩余48% | α=6→6min/% τ=241min → 需93.0kWh(充15.0min)
[charge_scheduler-1] [INFO] [1785766953.207160399] [charge_scheduler]: [Scheduler] 闭环接口: threshold=10.0min | event_sim=on | policy=all | structured_feedback=optional (/task_planner/execution_event)
[charge_scheduler-1] [INFO] [1785766953.207218791] [charge_scheduler]: [Scheduler] 已启动, 等待地图...
[charge_scheduler-1] [INFO] [1785766953.207236108] [charge_scheduler]: [Scheduler] 充电车1接口: sequence/served/arrived_target/arrived_station/return_goal/task_complete 后缀=_1
[charge_scheduler-1] [INFO] [1785766953.207252665] [charge_scheduler]: [Scheduler] 充电车2接口: sequence/served/arrived_target/arrived_station/return_goal/task_complete 后缀=_2
[charge_scheduler-1] [INFO] [1785766953.377243054] [charge_scheduler]: [Scheduler] RoutingGraph 就绪
[charge_scheduler-1] [INFO] [1785766953.377722078] [charge_scheduler]: [Scheduler] 提取到 0 条虚线捷径
[charge_scheduler-1] [INFO] [1785766953.404536672] [charge_scheduler]: [Scheduler] 下层兼容增强图: 190 节点, 0 条虚线掉头边
[charge_scheduler-1] [INFO] [1785766962.693354911] [charge_scheduler]: [Scheduler] 距离矩阵完成 21x21, 9288.8 ms | 模式=maneuver | 真实不可达=0 抽象不可达=0 | 缺少对向投影节点=0 | 对向识别(ID/几何/法向)=0/0/0 | 单向驿站投影=0
[charge_scheduler-1] [INFO] [1785766962.693422817] [charge_scheduler]:   ✓ 比值自检：420 个 OD 满足 机动/直线≥1 | 均值=3.73 最大=54.86 (车#15→车#12)
[charge_scheduler-1] [INFO] [1785766962.693441296] [charge_scheduler]: [Scheduler] 地图就绪, 190 条 lanelet（与下层一致）
[charge_scheduler-1] [INFO] [1785766962.693493191] [charge_scheduler]: ======== 开始VRPTW调度 20 辆车 ========
[charge_scheduler-1] [INFO] [1785766962.693498940] [charge_scheduler]:   规模20>8 → 启发式(alns)
[charge_scheduler-1] [INFO] [1785766974.323109726] [charge_scheduler]: [ALNS] objective_order=Tover,Nlate,Ctotal seed=3 iters=15000 | N_late=9(成功率55.0%) T_overtime=185.6min C_total=5376.3m | 趟数=8 makespan=397.1min
[charge_scheduler-1] [INFO] [1785766974.323158349] [charge_scheduler]:   求解耗时 11629.7 ms
[charge_scheduler-1] [INFO] [1785766974.323165980] [charge_scheduler]: ════════ 调度结果 ════════
[charge_scheduler-1] [INFO] [1785766974.323170595] [charge_scheduler]:   ★目标(字典序): objective_order=Tover,Nlate,Ctotal | N_late=9 辆 (按时成功率 11/20 = 55.0%)  T_overtime=185.6min  C_total=5376.3m
[charge_scheduler-1] [INFO] [1785766974.323177536] [charge_scheduler]:   附: 趟数=8 | makespan=397.1min | 能量可行=是
[charge_scheduler-1] [INFO] [1785766974.323187274] [charge_scheduler]:   [充电车2] 趟1: 站 → 车#8(到2.5/限196.0✓) → 车#3(到16.4/限32.0✓) → 车#15(到42.8/限44.8✓) → 车#7(到72.4/限64.0✗超时) → 站
[charge_scheduler-1] [INFO] [1785766974.323193567] [charge_scheduler]:   [充电车1] 趟2: 站 → 车#4(到4.6/限212.0✓) → 车#11(到15.0/限83.2✓) → 车#9(到53.8/限116.0✓) → 车#1(到85.8/限96.0✓) → 站
[charge_scheduler-1] [INFO] [1785766974.323199183] [charge_scheduler]:   [充电车2] 趟3: 站 → 车#18(到112.2/限102.4✗超时) → 车#13(到142.2/限128.8✗超时) → 车#16(到180.3/限184.8✓) → 站
[charge_scheduler-1] [INFO] [1785766974.323204806] [charge_scheduler]:   [充电车1] 趟4: 站 → 车#5(到127.0/限128.0✓) → 车#0(到175.0/限168.0✗超时) → 车#12(到212.0/限230.4✓) → 站
[charge_scheduler-1] [INFO] [1785766974.323210556] [charge_scheduler]:   [充电车2] 趟5: 站 → 车#10(到229.9/限224.0✗超时) → 车#6(到268.8/限176.0✗超时) → 站
[charge_scheduler-1] [INFO] [1785766974.323215410] [charge_scheduler]:   [充电车1] 趟6: 站 → 车#19(到251.4/限240.8✗超时) → 车#2(到287.8/限288.0✓) → 站
[charge_scheduler-1] [INFO] [1785766974.323219568] [charge_scheduler]:   [充电车1] 趟7: 站 → 车#17(到349.8/限339.2✗超时) → 站
[charge_scheduler-1] [INFO] [1785766974.323223575] [charge_scheduler]:   [充电车2] 趟8: 站 → 车#14(到327.9/限300.8✗超时) → 站
[charge_scheduler-1] [INFO] [1785766974.323226813] [charge_scheduler]: ════════════════════════
[charge_scheduler-1] [INFO] [1785766974.323274995] [charge_scheduler]: [扰动清单] type=target delay=60.0min targets={9,13,} station={}
[charge_scheduler-1] [INFO] [1785766974.323292434] [charge_scheduler]: [执行事件] loop=open plan_v=0 C2 type=target_service target=8 station_ord=0 planned_finish=14.59 actual_finish=14.59 dev=+0.00 injected=0.0
[charge_scheduler-1] [INFO] [1785766974.323302623] [charge_scheduler]: [执行事件] loop=open plan_v=0 C1 type=target_service target=4 station_ord=0 planned_finish=14.62 actual_finish=14.62 dev=+0.00 injected=0.0
[charge_scheduler-1] [INFO] [1785766974.323345575] [charge_scheduler]: [执行事件] loop=open plan_v=0 C2 type=target_service target=3 station_ord=0 planned_finish=40.55 actual_finish=40.55 dev=+0.00 injected=0.0
[charge_scheduler-1] [INFO] [1785766974.323354135] [charge_scheduler]: [执行事件] loop=open plan_v=0 C1 type=target_service target=11 station_ord=0 planned_finish=52.50 actual_finish=52.50 dev=+0.00 injected=0.0
[charge_scheduler-1] [INFO] [1785766974.323361309] [charge_scheduler]: [执行事件] loop=open plan_v=0 C2 type=target_service target=15 station_ord=0 planned_finish=67.75 actual_finish=67.75 dev=+0.00 injected=0.0
[charge_scheduler-1] [INFO] [1785766974.323367161] [charge_scheduler]: [执行事件] loop=open plan_v=0 C2 type=target_service target=7 station_ord=0 planned_finish=97.36 actual_finish=97.36 dev=+0.00 injected=0.0
[charge_scheduler-1] [INFO] [1785766974.323372874] [charge_scheduler]: [执行事件] loop=open plan_v=0 C2 type=station_turnaround target=-1 station_ord=1 planned_finish=109.29 actual_finish=109.29 dev=+0.00 injected=0.0
[charge_scheduler-1] [INFO] [1785766974.323379158] [charge_scheduler]: [执行事件] loop=open plan_v=0 C2 type=target_service target=18 station_ord=0 planned_finish=137.25 actual_finish=137.25 dev=+0.00 injected=0.0
[charge_scheduler-1] [INFO] [1785766974.323385270] [charge_scheduler]: [执行事件] loop=open plan_v=0 C1 type=target_service target=9 station_ord=0 planned_finish=83.88 actual_finish=143.88 dev=+60.00 injected=60.0
[charge_scheduler-1] [INFO] [1785766974.323391277] [charge_scheduler]: [执行事件] loop=open plan_v=0 C1 type=target_service target=1 station_ord=0 planned_finish=110.24 actual_finish=170.77 dev=+60.53 injected=0.0
[charge_scheduler-1] [INFO] [1785766974.323396866] [charge_scheduler]: [执行事件] loop=open plan_v=0 C1 type=station_turnaround target=-1 station_ord=1 planned_finish=121.78 actual_finish=182.31 dev=+60.53 injected=0.0
[charge_scheduler-1] [INFO] [1785766974.323402482] [charge_scheduler]: [执行事件] loop=open plan_v=0 C1 type=target_service target=5 station_ord=0 planned_finish=170.65 actual_finish=231.28 dev=+60.62 injected=0.0
[charge_scheduler-1] [INFO] [1785766974.323407985] [charge_scheduler]: [执行事件] loop=open plan_v=0 C2 type=target_service target=13 station_ord=0 planned_finish=177.42 actual_finish=237.42 dev=+60.00 injected=60.0
[charge_scheduler-1] [INFO] [1785766974.323414075] [charge_scheduler]: [执行事件] loop=open plan_v=0 C1 type=target_service target=0 station_ord=0 planned_finish=210.23 actual_finish=270.85 dev=+60.62 injected=0.0
[charge_scheduler-1] [INFO] [1785766974.323419877] [charge_scheduler]: [执行事件] loop=open plan_v=0 C2 type=target_service target=16 station_ord=0 planned_finish=215.22 actual_finish=275.60 dev=+60.37 injected=0.0
[charge_scheduler-1] [INFO] [1785766974.323425421] [charge_scheduler]: [执行事件] loop=open plan_v=0 C2 type=station_turnaround target=-1 station_ord=2 planned_finish=227.84 actual_finish=288.21 dev=+60.37 injected=0.0
[charge_scheduler-1] [INFO] [1785766974.323431261] [charge_scheduler]: [执行事件] loop=open plan_v=0 C1 type=target_service target=12 station_ord=0 planned_finish=236.06 actual_finish=297.64 dev=+61.58 injected=0.0
[charge_scheduler-1] [INFO] [1785766974.323436807] [charge_scheduler]: [执行事件] loop=open plan_v=0 C1 type=station_turnaround target=-1 station_ord=2 planned_finish=250.23 actual_finish=311.81 dev=+61.58 injected=0.0
[charge_scheduler-1] [INFO] [1785766974.323442446] [charge_scheduler]: [执行事件] loop=open plan_v=0 C2 type=target_service target=10 station_ord=0 planned_finish=265.16 actual_finish=325.54 dev=+60.37 injected=0.0
[charge_scheduler-1] [INFO] [1785766974.323448080] [charge_scheduler]: [执行事件] loop=open plan_v=0 C1 type=target_service target=19 station_ord=0 planned_finish=286.70 actual_finish=348.28 dev=+61.58 injected=0.0
[charge_scheduler-1] [INFO] [1785766974.323453700] [charge_scheduler]: [执行事件] loop=open plan_v=0 C2 type=target_service target=6 station_ord=0 planned_finish=312.55 actual_finish=372.93 dev=+60.37 injected=0.0
[charge_scheduler-1] [INFO] [1785766974.323460386] [charge_scheduler]: [执行事件] loop=open plan_v=0 C2 type=station_turnaround target=-1 station_ord=3 planned_finish=324.88 actual_finish=385.25 dev=+60.37 injected=0.0
[charge_scheduler-1] [INFO] [1785766974.323468448] [charge_scheduler]: [执行事件] loop=open plan_v=0 C1 type=target_service target=2 station_ord=0 planned_finish=331.55 actual_finish=393.15 dev=+61.60 injected=0.0
[charge_scheduler-1] [INFO] [1785766974.323474095] [charge_scheduler]: [执行事件] loop=open plan_v=0 C1 type=station_turnaround target=-1 station_ord=3 planned_finish=348.11 actual_finish=409.71 dev=+61.60 injected=0.0
[charge_scheduler-1] [INFO] [1785766974.323479725] [charge_scheduler]: [执行事件] loop=open plan_v=0 C2 type=target_service target=14 station_ord=0 planned_finish=371.62 actual_finish=431.99 dev=+60.37 injected=0.0
[charge_scheduler-1] [INFO] [1785766974.323485302] [charge_scheduler]: [执行事件] loop=open plan_v=0 C2 type=final_return target=-1 station_ord=0 planned_finish=375.32 actual_finish=435.69 dev=+60.37 injected=0.0
[charge_scheduler-1] [INFO] [1785766974.323491012] [charge_scheduler]: [执行事件] loop=open plan_v=0 C1 type=target_service target=17 station_ord=0 planned_finish=393.58 actual_finish=455.18 dev=+61.60 injected=0.0
[charge_scheduler-1] [INFO] [1785766974.323496466] [charge_scheduler]: [执行事件] loop=open plan_v=0 C1 type=final_return target=-1 station_ord=0 planned_finish=397.15 actual_finish=458.74 dev=+61.60 injected=0.0
[charge_scheduler-1] [INFO] [1785766974.323509583] [charge_scheduler]: [执行事件] loop=fixed plan_v=0 C2 type=target_service target=8 station_ord=0 planned_finish=14.59 actual_finish=14.59 dev=+0.00 injected=0.0
[charge_scheduler-1] [INFO] [1785766974.323515595] [charge_scheduler]: [执行事件] loop=fixed plan_v=0 C1 type=target_service target=4 station_ord=0 planned_finish=14.62 actual_finish=14.62 dev=+0.00 injected=0.0
[charge_scheduler-1] [INFO] [1785766974.323521021] [charge_scheduler]: [执行事件] loop=fixed plan_v=0 C2 type=target_service target=3 station_ord=0 planned_finish=40.55 actual_finish=40.55 dev=+0.00 injected=0.0
[charge_scheduler-1] [INFO] [1785766974.323526351] [charge_scheduler]: [执行事件] loop=fixed plan_v=0 C1 type=target_service target=11 station_ord=0 planned_finish=52.50 actual_finish=52.50 dev=+0.00 injected=0.0
[charge_scheduler-1] [INFO] [1785766974.323531965] [charge_scheduler]: [执行事件] loop=fixed plan_v=0 C2 type=target_service target=15 station_ord=0 planned_finish=67.75 actual_finish=67.75 dev=+0.00 injected=0.0
[charge_scheduler-1] [INFO] [1785766974.323537441] [charge_scheduler]: [执行事件] loop=fixed plan_v=0 C2 type=target_service target=7 station_ord=0 planned_finish=97.36 actual_finish=97.36 dev=+0.00 injected=0.0
[charge_scheduler-1] [INFO] [1785766974.323542745] [charge_scheduler]: [执行事件] loop=fixed plan_v=0 C2 type=station_turnaround target=-1 station_ord=1 planned_finish=109.29 actual_finish=109.29 dev=+0.00 injected=0.0
[charge_scheduler-1] [INFO] [1785766974.323548800] [charge_scheduler]: [执行事件] loop=fixed plan_v=0 C2 type=target_service target=18 station_ord=0 planned_finish=137.25 actual_finish=137.25 dev=+0.00 injected=0.0
[charge_scheduler-1] [INFO] [1785766974.323554670] [charge_scheduler]: [执行事件] loop=fixed plan_v=0 C1 type=target_service target=9 station_ord=0 planned_finish=83.88 actual_finish=143.88 dev=+60.00 injected=60.0
[charge_scheduler-1] [WARN] [1785766974.558924112] [charge_scheduler]: [重调度事件] policy=fixed #1 t=143.88min trigger=C1/target_service dev=+60.00 pool=11 committed=1 plan_v=1 solve_ms=235.3 changed_assign=0 changed_order=8
[charge_scheduler-1] [INFO] [1785766974.558972191] [charge_scheduler]: [执行事件] loop=fixed plan_v=1 C1 type=target_service target=1 station_ord=0 planned_finish=170.77 actual_finish=170.77 dev=+0.00 injected=0.0
[charge_scheduler-1] [INFO] [1785766974.558981758] [charge_scheduler]: [执行事件] loop=fixed plan_v=1 C1 type=station_turnaround target=-1 station_ord=1 planned_finish=182.31 actual_finish=182.31 dev=+0.00 injected=0.0
[charge_scheduler-1] [INFO] [1785766974.558988321] [charge_scheduler]: [执行事件] loop=fixed plan_v=1 C1 type=target_service target=0 station_ord=0 planned_finish=220.36 actual_finish=220.36 dev=+0.00 injected=0.0
[charge_scheduler-1] [INFO] [1785766974.558994522] [charge_scheduler]: [执行事件] loop=fixed plan_v=0 C2 type=target_service target=13 station_ord=0 planned_finish=177.42 actual_finish=237.42 dev=+60.00 injected=60.0
[charge_scheduler-1] [WARN] [1785766974.714893793] [charge_scheduler]: [重调度事件] policy=fixed #2 t=237.42min trigger=C2/target_service dev=+60.00 pool=8 committed=1 plan_v=2 solve_ms=155.9 changed_assign=0 changed_order=7
[charge_scheduler-1] [INFO] [1785766974.714957019] [charge_scheduler]: [执行事件] loop=fixed plan_v=1 C1 type=target_service target=12 station_ord=0 planned_finish=246.71 actual_finish=246.71 dev=+0.00 injected=0.0
[charge_scheduler-1] [INFO] [1785766974.714967247] [charge_scheduler]: [执行事件] loop=fixed plan_v=2 C2 type=target_service target=10 station_ord=0 planned_finish=275.47 actual_finish=275.47 dev=+0.00 injected=0.0
[charge_scheduler-1] [INFO] [1785766974.714974064] [charge_scheduler]: [执行事件] loop=fixed plan_v=2 C1 type=target_service target=19 station_ord=0 planned_finish=285.27 actual_finish=285.27 dev=+0.00 injected=0.0
[charge_scheduler-1] [INFO] [1785766974.714980021] [charge_scheduler]: [执行事件] loop=fixed plan_v=2 C2 type=station_turnaround target=-1 station_ord=2 planned_finish=287.92 actual_finish=287.92 dev=+0.00 injected=0.0
[charge_scheduler-1] [INFO] [1785766974.714985993] [charge_scheduler]: [执行事件] loop=fixed plan_v=2 C1 type=station_turnaround target=-1 station_ord=2 planned_finish=299.47 actual_finish=299.47 dev=+0.00 injected=0.0
[charge_scheduler-1] [INFO] [1785766974.714991742] [charge_scheduler]: [执行事件] loop=fixed plan_v=2 C2 type=target_service target=16 station_ord=0 planned_finish=325.37 actual_finish=325.37 dev=+0.00 injected=0.0
[charge_scheduler-1] [INFO] [1785766974.714997438] [charge_scheduler]: [执行事件] loop=fixed plan_v=2 C1 type=target_service target=2 station_ord=0 planned_finish=345.48 actual_finish=345.48 dev=+0.00 injected=0.0
[charge_scheduler-1] [INFO] [1785766974.715006169] [charge_scheduler]: [执行事件] loop=fixed plan_v=2 C2 type=target_service target=6 station_ord=0 planned_finish=372.79 actual_finish=372.79 dev=+0.00 injected=0.0
[charge_scheduler-1] [INFO] [1785766974.715012148] [charge_scheduler]: [执行事件] loop=fixed plan_v=2 C2 type=station_turnaround target=-1 station_ord=3 planned_finish=385.11 actual_finish=385.11 dev=+0.00 injected=0.0
[charge_scheduler-1] [INFO] [1785766974.715017819] [charge_scheduler]: [执行事件] loop=fixed plan_v=2 C1 type=target_service target=5 station_ord=0 planned_finish=392.27 actual_finish=392.27 dev=+0.00 injected=0.0
[charge_scheduler-1] [INFO] [1785766974.715023268] [charge_scheduler]: [执行事件] loop=fixed plan_v=2 C1 type=station_turnaround target=-1 station_ord=3 planned_finish=405.88 actual_finish=405.88 dev=+0.00 injected=0.0
[charge_scheduler-1] [INFO] [1785766974.715028757] [charge_scheduler]: [执行事件] loop=fixed plan_v=2 C2 type=target_service target=14 station_ord=0 planned_finish=431.85 actual_finish=431.85 dev=+0.00 injected=0.0
[charge_scheduler-1] [INFO] [1785766974.715034375] [charge_scheduler]: [执行事件] loop=fixed plan_v=2 C2 type=final_return target=-1 station_ord=0 planned_finish=435.55 actual_finish=435.55 dev=+0.00 injected=0.0
[charge_scheduler-1] [INFO] [1785766974.715039946] [charge_scheduler]: [执行事件] loop=fixed plan_v=2 C1 type=target_service target=17 station_ord=0 planned_finish=451.34 actual_finish=451.34 dev=+0.00 injected=0.0
[charge_scheduler-1] [INFO] [1785766974.715045218] [charge_scheduler]: [执行事件] loop=fixed plan_v=2 C1 type=final_return target=-1 station_ord=0 planned_finish=454.91 actual_finish=454.91 dev=+0.00 injected=0.0
[charge_scheduler-1] [INFO] [1785766974.715060917] [charge_scheduler]: [执行事件] loop=global plan_v=0 C2 type=target_service target=8 station_ord=0 planned_finish=14.59 actual_finish=14.59 dev=+0.00 injected=0.0
[charge_scheduler-1] [INFO] [1785766974.715066964] [charge_scheduler]: [执行事件] loop=global plan_v=0 C1 type=target_service target=4 station_ord=0 planned_finish=14.62 actual_finish=14.62 dev=+0.00 injected=0.0
[charge_scheduler-1] [INFO] [1785766974.715072531] [charge_scheduler]: [执行事件] loop=global plan_v=0 C2 type=target_service target=3 station_ord=0 planned_finish=40.55 actual_finish=40.55 dev=+0.00 injected=0.0
[charge_scheduler-1] [INFO] [1785766974.715078098] [charge_scheduler]: [执行事件] loop=global plan_v=0 C1 type=target_service target=11 station_ord=0 planned_finish=52.50 actual_finish=52.50 dev=+0.00 injected=0.0
[charge_scheduler-1] [INFO] [1785766974.715084286] [charge_scheduler]: [执行事件] loop=global plan_v=0 C2 type=target_service target=15 station_ord=0 planned_finish=67.75 actual_finish=67.75 dev=+0.00 injected=0.0
[charge_scheduler-1] [INFO] [1785766974.715089976] [charge_scheduler]: [执行事件] loop=global plan_v=0 C2 type=target_service target=7 station_ord=0 planned_finish=97.36 actual_finish=97.36 dev=+0.00 injected=0.0
[charge_scheduler-1] [INFO] [1785766974.715098026] [charge_scheduler]: [执行事件] loop=global plan_v=0 C2 type=station_turnaround target=-1 station_ord=1 planned_finish=109.29 actual_finish=109.29 dev=+0.00 injected=0.0
[charge_scheduler-1] [INFO] [1785766974.715103984] [charge_scheduler]: [执行事件] loop=global plan_v=0 C2 type=target_service target=18 station_ord=0 planned_finish=137.25 actual_finish=137.25 dev=+0.00 injected=0.0
[charge_scheduler-1] [INFO] [1785766974.715110152] [charge_scheduler]: [执行事件] loop=global plan_v=0 C1 type=target_service target=9 station_ord=0 planned_finish=83.88 actual_finish=143.88 dev=+60.00 injected=60.0
[charge_scheduler-1] [WARN] [1785766975.262144616] [charge_scheduler]: [重调度事件] policy=global #1 t=143.88min trigger=C1/target_service dev=+60.00 pool=11 committed=1 plan_v=1 solve_ms=547.0 changed_assign=3 changed_order=8
[charge_scheduler-1] [INFO] [1785766975.262194446] [charge_scheduler]: [执行事件] loop=global plan_v=1 C1 type=target_service target=1 station_ord=0 planned_finish=170.77 actual_finish=170.77 dev=+0.00 injected=0.0
[charge_scheduler-1] [INFO] [1785766975.262207283] [charge_scheduler]: [执行事件] loop=global plan_v=1 C1 type=station_turnaround target=-1 station_ord=1 planned_finish=182.31 actual_finish=182.31 dev=+0.00 injected=0.0
[charge_scheduler-1] [INFO] [1785766975.262215977] [charge_scheduler]: [执行事件] loop=global plan_v=1 C1 type=target_service target=0 station_ord=0 planned_finish=220.36 actual_finish=220.36 dev=+0.00 injected=0.0
[charge_scheduler-1] [INFO] [1785766975.262224792] [charge_scheduler]: [执行事件] loop=global plan_v=0 C2 type=target_service target=13 station_ord=0 planned_finish=177.42 actual_finish=237.42 dev=+60.00 injected=60.0
[charge_scheduler-1] [WARN] [1785766975.599387655] [charge_scheduler]: [重调度事件] policy=global #2 t=237.42min trigger=C2/target_service dev=+60.00 pool=8 committed=1 plan_v=2 solve_ms=337.1 changed_assign=3 changed_order=5
[charge_scheduler-1] [INFO] [1785766975.599433761] [charge_scheduler]: [执行事件] loop=global plan_v=1 C1 type=target_service target=12 station_ord=0 planned_finish=246.71 actual_finish=246.71 dev=+0.00 injected=0.0
[charge_scheduler-1] [INFO] [1785766975.599442814] [charge_scheduler]: [执行事件] loop=global plan_v=2 C2 type=target_service target=16 station_ord=0 planned_finish=275.60 actual_finish=275.60 dev=+0.00 injected=0.0
[charge_scheduler-1] [INFO] [1785766975.599449528] [charge_scheduler]: [执行事件] loop=global plan_v=2 C1 type=target_service target=10 station_ord=0 planned_finish=286.79 actual_finish=286.79 dev=+0.00 injected=0.0
[charge_scheduler-1] [INFO] [1785766975.599455428] [charge_scheduler]: [执行事件] loop=global plan_v=2 C2 type=station_turnaround target=-1 station_ord=2 planned_finish=288.21 actual_finish=288.21 dev=+0.00 injected=0.0
[charge_scheduler-1] [INFO] [1785766975.599461289] [charge_scheduler]: [执行事件] loop=global plan_v=2 C1 type=station_turnaround target=-1 station_ord=2 planned_finish=299.25 actual_finish=299.25 dev=+0.00 injected=0.0
[charge_scheduler-1] [INFO] [1785766975.599466920] [charge_scheduler]: [执行事件] loop=global plan_v=2 C2 type=target_service target=2 station_ord=0 planned_finish=334.22 actual_finish=334.22 dev=+0.00 injected=0.0
[charge_scheduler-1] [INFO] [1785766975.599472652] [charge_scheduler]: [执行事件] loop=global plan_v=2 C1 type=target_service target=19 station_ord=0 planned_finish=335.72 actual_finish=335.72 dev=+0.00 injected=0.0
[charge_scheduler-1] [INFO] [1785766975.599478429] [charge_scheduler]: [执行事件] loop=global plan_v=2 C2 type=target_service target=5 station_ord=0 planned_finish=381.01 actual_finish=381.01 dev=+0.00 injected=0.0
[charge_scheduler-1] [INFO] [1785766975.599484402] [charge_scheduler]: [执行事件] loop=global plan_v=2 C1 type=target_service target=6 station_ord=0 planned_finish=381.45 actual_finish=381.45 dev=+0.00 injected=0.0
[charge_scheduler-1] [INFO] [1785766975.599490366] [charge_scheduler]: [执行事件] loop=global plan_v=2 C1 type=station_turnaround target=-1 station_ord=3 planned_finish=393.78 actual_finish=393.78 dev=+0.00 injected=0.0
[charge_scheduler-1] [INFO] [1785766975.599496166] [charge_scheduler]: [执行事件] loop=global plan_v=2 C2 type=station_turnaround target=-1 station_ord=3 planned_finish=394.62 actual_finish=394.62 dev=+0.00 injected=0.0
[charge_scheduler-1] [INFO] [1785766975.599529057] [charge_scheduler]: [执行事件] loop=global plan_v=2 C2 type=target_service target=17 station_ord=0 planned_finish=440.09 actual_finish=440.09 dev=+0.00 injected=0.0
[charge_scheduler-1] [INFO] [1785766975.599535069] [charge_scheduler]: [执行事件] loop=global plan_v=2 C1 type=target_service target=14 station_ord=0 planned_finish=440.52 actual_finish=440.52 dev=+0.00 injected=0.0
[charge_scheduler-1] [INFO] [1785766975.599540687] [charge_scheduler]: [执行事件] loop=global plan_v=2 C2 type=final_return target=-1 station_ord=0 planned_finish=443.65 actual_finish=443.65 dev=+0.00 injected=0.0
[charge_scheduler-1] [INFO] [1785766975.599546096] [charge_scheduler]: [执行事件] loop=global plan_v=2 C1 type=final_return target=-1 station_ord=0 planned_finish=444.22 actual_finish=444.22 dev=+0.00 injected=0.0
[charge_scheduler-1] [INFO] [1785766975.599558484] [charge_scheduler]: ★闭环实验结果 mode=open M=20 K=2 disturbance=target delay=60.0 seed=3 N_late=14 T_overtime=819.016 C_total=5376.299 makespan=458.744 served=20 energy_viol=2 reschedules=0 reschedule_ms=0.000 changed_assign=0 changed_order=0 applied_target=2 applied_station=0 initial_solve_ms=11629.659 objective_order=Tover,Nlate,Ctotal
[charge_scheduler-1] [INFO] [1785766975.599570254] [charge_scheduler]: ★闭环实验结果 mode=fixed M=20 K=2 disturbance=target delay=60.0 seed=3 N_late=13 T_overtime=772.207 C_total=5140.015 makespan=454.912 served=20 energy_viol=0 reschedules=2 reschedule_ms=391.184 changed_assign=0 changed_order=15 applied_target=2 applied_station=0 initial_solve_ms=11629.659 objective_order=Tover,Nlate,Ctotal
[charge_scheduler-1] [INFO] [1785766975.599578293] [charge_scheduler]: ★闭环实验收益 policy=fixed M=20 K=2 disturbance=target delay=60.0 seed=3 recovered_late=1 overtime_reduction=46.809 distance_delta=-236.283 makespan_reduction=3.832
[charge_scheduler-1] [INFO] [1785766975.599584849] [charge_scheduler]: ★闭环实验结果 mode=closed M=20 K=2 disturbance=target delay=60.0 seed=3 N_late=13 T_overtime=767.751 C_total=4967.117 makespan=444.218 served=20 energy_viol=0 reschedules=2 reschedule_ms=884.140 changed_assign=6 changed_order=13 applied_target=2 applied_station=0 initial_solve_ms=11629.659 objective_order=Tover,Nlate,Ctotal
[charge_scheduler-1] [INFO] [1785766975.599592405] [charge_scheduler]: ★闭环实验收益 policy=closed M=20 K=2 disturbance=target delay=60.0 seed=3 recovered_late=1 overtime_reduction=51.265 distance_delta=-409.182 makespan_reduction=14.526
