[INFO] [launch]: All log files can be found below /root/.ros/log/2026-08-03-16-05-44-638931-YYYY-77046
[INFO] [launch]: Default logging verbosity is set to INFO
[INFO] [charge_scheduler-1]: process started with pid [77050]
[charge_scheduler-1] [INFO] [1785773144.758453739] [charge_scheduler]: [目标顺序] objective_order=Tover,Nlate,Ctotal
[charge_scheduler-1] [INFO] [1785773144.758960927] [charge_scheduler]: [Scheduler] 30辆车 | 电池800.0kWh(20%=160.0 80%=640.0) | 充电360kW效率97% | 行驶0.6kWh/km | 桩350kW
[charge_scheduler-1] [INFO] [1785773144.758989971] [charge_scheduler]: [Scheduler] 站端周转: 换电 10 min(换后满电) | 单趟可用 640 kWh
[charge_scheduler-1] [INFO] [1785773144.759003706] [charge_scheduler]:   车#0 [电动装载机282|light] 位置(3889.6,73764.7) 容量282kWh 剩余35% | α=6→6min/% τ=168min → 需130.8kWh(充21.2min)
[charge_scheduler-1] [INFO] [1785773144.759018267] [charge_scheduler]:   车#1 [重型叉车|light] 位置(3778.9,73807.0) 容量200kWh 剩余20% | α=6→6min/% τ=96min → 需123.7kWh(充20.0min)
[charge_scheduler-1] [INFO] [1785773144.759030945] [charge_scheduler]:   车#2 [电动装载机350|light] 位置(3794.9,73804.6) 容量350kWh 剩余50% | α=6→6min/% τ=288min → 需108.2kWh(充17.5min)
[charge_scheduler-1] [INFO] [1785773144.759042130] [charge_scheduler]:   车#3 [重型叉车|light] 位置(3806.9,73760.3) 容量200kWh 剩余10% | α=6→6min/% τ=32min → 需144.3kWh(充23.3min)
[charge_scheduler-1] [INFO] [1785773144.759055065] [charge_scheduler]:   车#4 [电动装载机282|heavy→降级] 位置(3705.1,73758.2) 容量282kWh 剩余60% | α=3→6min/% τ=212min → 需58.1kWh(充9.4min)
[charge_scheduler-1] [INFO] [1785773144.759070106] [charge_scheduler]:   车#5 [电动装载机350|light] 位置(3756.5,73770.2) 容量350kWh 剩余25% | α=6→6min/% τ=128min → 需198.5kWh(充32.1min)
[charge_scheduler-1] [INFO] [1785773144.759082288] [charge_scheduler]:   车#6 [电动装载机350|heavy→降级] 位置(3887.4,73809.4) 容量350kWh 剩余40% | α=4→6min/% τ=176min → 需144.3kWh(充23.3min)
[charge_scheduler-1] [INFO] [1785773144.759094602] [charge_scheduler]:   车#7 [重型叉车|light] 位置(3899.0,73786.6) 容量200kWh 剩余15% | α=6→6min/% τ=64min → 需134.0kWh(充21.7min)
[charge_scheduler-1] [INFO] [1785773144.759107021] [charge_scheduler]:   车#8 [电动装载机282|heavy→降级] 位置(3689.7,73663.1) 容量282kWh 剩余55% | α=3→6min/% τ=196min → 需72.7kWh(充11.8min)
[charge_scheduler-1] [INFO] [1785773144.759119062] [charge_scheduler]:   车#9 [电动装载机282|heavy→降级] 位置(3748.4,73767.2) 容量282kWh 剩余30% | α=3→6min/% τ=116min → 需145.4kWh(充23.5min)
[charge_scheduler-1] [INFO] [1785773144.759131182] [charge_scheduler]:   车#10 [电动装载机282|light] 位置(3865.2,73751.0) 容量282kWh 剩余45% | α=6→6min/% τ=224min → 需101.8kWh(充16.4min)
[charge_scheduler-1] [INFO] [1785773144.759143652] [charge_scheduler]:   车#11 [电动装载机350|light] 位置(3785.0,73749.2) 容量350kWh 剩余18% | α=6→6min/% τ=83min → 需223.7kWh(充36.2min)
[charge_scheduler-1] [INFO] [1785773144.759165902] [charge_scheduler]:   车#12 [重型叉车|heavy→降级] 位置(3811.5,73799.9) 容量200kWh 剩余62% | α=3→6min/% τ=230min → 需37.1kWh(充6.0min)
[charge_scheduler-1] [INFO] [1785773144.759177667] [charge_scheduler]:   车#13 [电动装载机282|light] 位置(3810.8,73773.1) 容量282kWh 剩余28% | α=6→6min/% τ=129min → 需151.2kWh(充24.4min)
[charge_scheduler-1] [INFO] [1785773144.759189764] [charge_scheduler]:   车#14 [电动装载机350|light] 位置(3905.0,73793.5) 容量350kWh 剩余52% | α=6→6min/% τ=301min → 需101.0kWh(充16.3min)
[charge_scheduler-1] [INFO] [1785773144.759201355] [charge_scheduler]:   车#15 [重型叉车|light] 位置(3894.3,73756.9) 容量200kWh 剩余12% | α=6→6min/% τ=45min → 需140.2kWh(充22.7min)
[charge_scheduler-1] [INFO] [1785773144.759213476] [charge_scheduler]:   车#16 [电动装载机282|light] 位置(3818.5,73716.2) 容量282kWh 剩余38% | α=6→6min/% τ=185min → 需122.1kWh(充19.7min)
[charge_scheduler-1] [INFO] [1785773144.759225074] [charge_scheduler]:   车#17 [电动装载机350|light] 位置(3733.2,73772.4) 容量350kWh 剩余58% | α=6→6min/% τ=339min → 需79.4kWh(充12.8min)
[charge_scheduler-1] [INFO] [1785773144.759239503] [charge_scheduler]:   车#18 [重型叉车|heavy→降级] 位置(3764.7,73699.0) 容量200kWh 剩余22% | α=3→6min/% τ=102min → 需119.6kWh(充19.3min)
[charge_scheduler-1] [INFO] [1785773144.759287676] [charge_scheduler]:   车#19 [电动装载机282|light] 位置(3878.4,73747.9) 容量282kWh 剩余48% | α=6→6min/% τ=241min → 需93.0kWh(充15.0min)
[charge_scheduler-1] [INFO] [1785773144.759338500] [charge_scheduler]:   车#20 [电动装载机350|light] 位置(3740.3,73686.9) 容量350kWh 剩余33% | α=6→6min/% τ=179min → 需169.6kWh(充27.4min)
[charge_scheduler-1] [INFO] [1785773144.759352138] [charge_scheduler]:   车#21 [重型叉车|heavy→降级] 位置(3895.4,73811.9) 容量200kWh 剩余65% | α=3→6min/% τ=240min → 需30.9kWh(充5.0min)
[charge_scheduler-1] [INFO] [1785773144.759363851] [charge_scheduler]:   车#22 [电动装载机282|light] 位置(3876.0,73830.2) 容量282kWh 剩余16% | α=6→6min/% τ=62min → 需186.1kWh(充30.1min)
[charge_scheduler-1] [INFO] [1785773144.759375563] [charge_scheduler]:   车#23 [电动装载机350|light] 位置(3765.9,73790.3) 容量350kWh 剩余42% | α=6→6min/% τ=237min → 需137.1kWh(充22.2min)
[charge_scheduler-1] [INFO] [1785773144.759387427] [charge_scheduler]:   车#24 [重型叉车|heavy→降级] 位置(3637.1,73698.1) 容量200kWh 剩余25% | α=3→6min/% τ=112min → 需113.4kWh(充18.3min)
[charge_scheduler-1] [INFO] [1785773144.759401826] [charge_scheduler]:   车#25 [电动装载机282|light] 位置(3884.5,73833.1) 容量282kWh 剩余55% | α=6→6min/% τ=280min → 需72.7kWh(充11.8min)
[charge_scheduler-1] [INFO] [1785773144.759413456] [charge_scheduler]:   车#26 [电动装载机350|light] 位置(3699.3,73765.4) 容量350kWh 剩余30% | α=6→6min/% τ=160min → 需180.4kWh(充29.2min)
[charge_scheduler-1] [INFO] [1785773144.759425695] [charge_scheduler]:   车#27 [重型叉车|heavy→降级] 位置(3800.8,73717.7) 容量200kWh 剩余68% | α=3→6min/% τ=250min → 需24.7kWh(充4.0min)
[charge_scheduler-1] [INFO] [1785773144.759437587] [charge_scheduler]:   车#28 [电动装载机282|light] 位置(3825.0,73792.7) 容量282kWh 剩余20% | α=6→6min/% τ=84min → 需174.4kWh(充28.2min)
[charge_scheduler-1] [INFO] [1785773144.759448851] [charge_scheduler]:   车#29 [电动装载机350|light] 位置(3784.3,73759.0) 容量350kWh 剩余36% | α=6→6min/% τ=198min → 需158.8kWh(充25.7min)
[charge_scheduler-1] [INFO] [1785773144.773512745] [charge_scheduler]: [Scheduler] 闭环接口: threshold=10.0min | event_sim=on | policy=all | structured_feedback=optional (/task_planner/execution_event)
[charge_scheduler-1] [INFO] [1785773144.773561191] [charge_scheduler]: [Scheduler] 已启动, 等待地图...
[charge_scheduler-1] [INFO] [1785773144.773571278] [charge_scheduler]: [Scheduler] 充电车1接口: sequence/served/arrived_target/arrived_station/return_goal/task_complete 后缀=_1
[charge_scheduler-1] [INFO] [1785773144.773600802] [charge_scheduler]: [Scheduler] 充电车2接口: sequence/served/arrived_target/arrived_station/return_goal/task_complete 后缀=_2
[charge_scheduler-1] [INFO] [1785773144.773615707] [charge_scheduler]: [Scheduler] 充电车3接口: sequence/served/arrived_target/arrived_station/return_goal/task_complete 后缀=_3
[charge_scheduler-1] [INFO] [1785773144.861998320] [charge_scheduler]: [Scheduler] RoutingGraph 就绪
[charge_scheduler-1] [INFO] [1785773144.862476428] [charge_scheduler]: [Scheduler] 提取到 0 条虚线捷径
[charge_scheduler-1] [INFO] [1785773144.889740736] [charge_scheduler]: [Scheduler] 下层兼容增强图: 190 节点, 0 条虚线掉头边
[charge_scheduler-1] [INFO] [1785773165.615794222] [charge_scheduler]: [Scheduler] 距离矩阵完成 31x31, 20726.0 ms | 模式=maneuver | 真实不可达=0 抽象不可达=0 | 缺少对向投影节点=0 | 对向识别(ID/几何/法向)=0/0/0 | 单向驿站投影=0
[charge_scheduler-1] [INFO] [1785773165.615862543] [charge_scheduler]:   ✓ 比值自检：930 个 OD 满足 机动/直线≥1 | 均值=4.11 最大=62.63 (车#0→车#15)
[charge_scheduler-1] [INFO] [1785773165.615874318] [charge_scheduler]: [Scheduler] 地图就绪, 190 条 lanelet（与下层一致）
[charge_scheduler-1] [INFO] [1785773165.615921541] [charge_scheduler]: ======== 开始VRPTW调度 30 辆车 ========
[charge_scheduler-1] [INFO] [1785773165.615926433] [charge_scheduler]:   规模30>8 → 启发式(alns)
[charge_scheduler-1] [INFO] [1785773211.716390764] [charge_scheduler]: [ALNS] objective_order=Tover,Nlate,Ctotal seed=10 iters=15000 | N_late=10(成功率66.7%) T_overtime=212.8min C_total=7292.4m | 趟数=11 makespan=386.3min
[charge_scheduler-1] [INFO] [1785773211.716440317] [charge_scheduler]:   求解耗时 46100.5 ms
[charge_scheduler-1] [INFO] [1785773211.716448898] [charge_scheduler]: ════════ 调度结果 ════════
[charge_scheduler-1] [INFO] [1785773211.716454383] [charge_scheduler]:   ★目标(字典序): objective_order=Tover,Nlate,Ctotal | N_late=10 辆 (按时成功率 20/30 = 66.7%)  T_overtime=212.8min  C_total=7292.4m
[charge_scheduler-1] [INFO] [1785773211.716517620] [charge_scheduler]:   附: 趟数=11 | makespan=386.3min | 能量可行=是
[charge_scheduler-1] [INFO] [1785773211.716530437] [charge_scheduler]:   [充电车1] 趟1: 站 → 车#4(到2.1/限212.0✓) → 车#9(到14.0/限116.0✓) → 车#1(到40.5/限96.0✓) → 车#28(到63.6/限84.0✓) → 站
[charge_scheduler-1] [INFO] [1785773211.716540423] [charge_scheduler]:   [充电车3] 趟2: 站 → 车#12(到2.3/限230.4✓) → 车#21(到10.6/限240.0✓) → 车#15(到17.7/限44.8✓) → 车#3(到43.1/限32.0✗超时) → 车#11(到68.6/限83.2✓) → 站
[charge_scheduler-1] [INFO] [1785773211.716547756] [charge_scheduler]:   [充电车2] 趟3: 站 → 车#8(到5.0/限196.0✓) → 车#27(到19.4/限249.6✓) → 车#7(到27.6/限64.0✓) → 车#22(到51.5/限61.6✓) → 车#18(到91.2/限102.4✓) → 站
[charge_scheduler-1] [INFO] [1785773211.716553456] [charge_scheduler]:   [充电车2] 趟4: 站 → 车#5(到130.8/限128.0✗超时) → 车#20(到176.8/限179.2✓) → 站
[charge_scheduler-1] [INFO] [1785773211.716560833] [charge_scheduler]:   [充电车1] 趟5: 站 → 车#24(到112.7/限112.0✗超时) → 车#26(到141.7/限160.0✓) → 车#16(到187.5/限184.8✗超时) → 站
[charge_scheduler-1] [INFO] [1785773211.716566978] [charge_scheduler]:   [充电车3] 趟6: 站 → 车#13(到124.2/限128.8✓) → 车#0(到160.7/限168.0✓) → 车#10(到195.8/限224.0✓) → 站
[charge_scheduler-1] [INFO] [1785773211.716572220] [charge_scheduler]:   [充电车1] 趟7: 站 → 车#19(到240.6/限240.8✓) → 车#25(到279.0/限280.0✓) → 站
[charge_scheduler-1] [INFO] [1785773211.716577534] [charge_scheduler]:   [充电车2] 趟8: 站 → 车#6(到237.0/限176.0✗超时) → 车#23(到283.2/限236.8✗超时) → 站
[charge_scheduler-1] [INFO] [1785773211.716582343] [charge_scheduler]:   [充电车1] 趟9: 站 → 车#14(到333.7/限300.8✗超时) → 站
[charge_scheduler-1] [INFO] [1785773211.716590342] [charge_scheduler]:   [充电车2] 趟10: 站 → 车#17(到340.7/限339.2✗超时) → 站
[charge_scheduler-1] [INFO] [1785773211.716595927] [charge_scheduler]:   [充电车3] 趟11: 站 → 车#29(到245.8/限198.4✗超时) → 车#2(到294.5/限288.0✗超时) → 站
[charge_scheduler-1] [INFO] [1785773211.716599873] [charge_scheduler]: ════════════════════════
[charge_scheduler-1] [INFO] [1785773211.716662436] [charge_scheduler]: [扰动清单] type=station delay=60.0min targets={} station={C1-S1,C3-S1,}
[charge_scheduler-1] [INFO] [1785773211.716677591] [charge_scheduler]: [执行事件] loop=open plan_v=0 C3 type=target_service target=12 station_ord=0 planned_finish=8.50 actual_finish=8.50 dev=+0.00 injected=0.0
[charge_scheduler-1] [INFO] [1785773211.716684663] [charge_scheduler]: [执行事件] loop=open plan_v=0 C1 type=target_service target=4 station_ord=0 planned_finish=11.77 actual_finish=11.77 dev=+0.00 injected=0.0
[charge_scheduler-1] [INFO] [1785773211.716690607] [charge_scheduler]: [执行事件] loop=open plan_v=0 C3 type=target_service target=21 station_ord=0 planned_finish=16.66 actual_finish=16.66 dev=+0.00 injected=0.0
[charge_scheduler-1] [INFO] [1785773211.716696177] [charge_scheduler]: [执行事件] loop=open plan_v=0 C2 type=target_service target=8 station_ord=0 planned_finish=17.45 actual_finish=17.45 dev=+0.00 injected=0.0
[charge_scheduler-1] [INFO] [1785773211.716706032] [charge_scheduler]: [执行事件] loop=open plan_v=0 C2 type=target_service target=27 station_ord=0 planned_finish=25.46 actual_finish=25.46 dev=+0.00 injected=0.0
[charge_scheduler-1] [INFO] [1785773211.716711948] [charge_scheduler]: [执行事件] loop=open plan_v=0 C1 type=target_service target=9 station_ord=0 planned_finish=39.55 actual_finish=39.55 dev=+0.00 injected=0.0
[charge_scheduler-1] [INFO] [1785773211.716717474] [charge_scheduler]: [执行事件] loop=open plan_v=0 C3 type=target_service target=15 station_ord=0 planned_finish=41.31 actual_finish=41.31 dev=+0.00 injected=0.0
[charge_scheduler-1] [INFO] [1785773211.716723064] [charge_scheduler]: [执行事件] loop=open plan_v=0 C2 type=target_service target=7 station_ord=0 planned_finish=50.69 actual_finish=50.69 dev=+0.00 injected=0.0
[charge_scheduler-1] [INFO] [1785773211.716729377] [charge_scheduler]: [执行事件] loop=open plan_v=0 C1 type=target_service target=1 station_ord=0 planned_finish=62.62 actual_finish=62.62 dev=+0.00 injected=0.0
[charge_scheduler-1] [INFO] [1785773211.716741998] [charge_scheduler]: [执行事件] loop=open plan_v=0 C3 type=target_service target=3 station_ord=0 planned_finish=68.11 actual_finish=68.11 dev=+0.00 injected=0.0
[charge_scheduler-1] [INFO] [1785773211.716748817] [charge_scheduler]: [执行事件] loop=open plan_v=0 C2 type=target_service target=22 station_ord=0 planned_finish=85.92 actual_finish=85.92 dev=+0.00 injected=0.0
[charge_scheduler-1] [INFO] [1785773211.716754997] [charge_scheduler]: [执行事件] loop=open plan_v=0 C1 type=target_service target=28 station_ord=0 planned_finish=97.15 actual_finish=97.15 dev=+0.00 injected=0.0
[charge_scheduler-1] [INFO] [1785773211.716761958] [charge_scheduler]: [执行事件] loop=open plan_v=0 C3 type=target_service target=11 station_ord=0 planned_finish=111.00 actual_finish=111.00 dev=+0.00 injected=0.0
[charge_scheduler-1] [INFO] [1785773211.716768950] [charge_scheduler]: [执行事件] loop=open plan_v=0 C2 type=target_service target=18 station_ord=0 planned_finish=115.56 actual_finish=115.56 dev=+0.00 injected=0.0
[charge_scheduler-1] [INFO] [1785773211.716775341] [charge_scheduler]: [执行事件] loop=open plan_v=0 C2 type=station_turnaround target=-1 station_ord=1 planned_finish=127.60 actual_finish=127.60 dev=+0.00 injected=0.0
[charge_scheduler-1] [INFO] [1785773211.716781797] [charge_scheduler]: [执行事件] loop=open plan_v=0 C1 type=station_turnaround target=-1 station_ord=1 planned_finish=109.66 actual_finish=169.66 dev=+60.00 injected=60.0
[charge_scheduler-1] [INFO] [1785773211.716789202] [charge_scheduler]: [执行事件] loop=open plan_v=0 C2 type=target_service target=5 station_ord=0 planned_finish=174.55 actual_finish=174.55 dev=+0.00 injected=0.0
[charge_scheduler-1] [INFO] [1785773211.716795330] [charge_scheduler]: [执行事件] loop=open plan_v=0 C3 type=station_turnaround target=-1 station_ord=1 planned_finish=122.54 actual_finish=182.54 dev=+60.00 injected=60.0
[charge_scheduler-1] [INFO] [1785773211.716801877] [charge_scheduler]: [执行事件] loop=open plan_v=0 C1 type=target_service target=24 station_ord=0 planned_finish=137.65 actual_finish=197.65 dev=+60.00 injected=0.0
[charge_scheduler-1] [INFO] [1785773211.716808695] [charge_scheduler]: [执行事件] loop=open plan_v=0 C3 type=target_service target=13 station_ord=0 planned_finish=159.09 actual_finish=219.47 dev=+60.38 injected=0.0
[charge_scheduler-1] [INFO] [1785773211.716824905] [charge_scheduler]: [执行事件] loop=open plan_v=0 C2 type=target_service target=20 station_ord=0 planned_finish=220.35 actual_finish=220.35 dev=+0.00 injected=0.0
[charge_scheduler-1] [INFO] [1785773211.716831815] [charge_scheduler]: [执行事件] loop=open plan_v=0 C2 type=station_turnaround target=-1 station_ord=2 planned_finish=232.81 actual_finish=232.81 dev=+0.00 injected=0.0
[charge_scheduler-1] [INFO] [1785773211.716842102] [charge_scheduler]: [执行事件] loop=open plan_v=0 C1 type=target_service target=26 station_ord=0 planned_finish=183.82 actual_finish=245.48 dev=+61.66 injected=0.0
[charge_scheduler-1] [INFO] [1785773211.716850050] [charge_scheduler]: [执行事件] loop=open plan_v=0 C3 type=target_service target=0 station_ord=0 planned_finish=195.37 actual_finish=256.36 dev=+60.99 injected=0.0
[charge_scheduler-1] [INFO] [1785773211.716857933] [charge_scheduler]: [执行事件] loop=open plan_v=0 C2 type=target_service target=6 station_ord=0 planned_finish=280.70 actual_finish=280.70 dev=+0.00 injected=0.0
[charge_scheduler-1] [INFO] [1785773211.716865206] [charge_scheduler]: [执行事件] loop=open plan_v=0 C1 type=target_service target=16 station_ord=0 planned_finish=222.73 actual_finish=284.40 dev=+61.66 injected=0.0
[charge_scheduler-1] [INFO] [1785773211.716872774] [charge_scheduler]: [执行事件] loop=open plan_v=0 C3 type=target_service target=10 station_ord=0 planned_finish=228.73 actual_finish=292.08 dev=+63.36 injected=0.0
[charge_scheduler-1] [INFO] [1785773211.716880095] [charge_scheduler]: [执行事件] loop=open plan_v=0 C1 type=station_turnaround target=-1 station_ord=2 planned_finish=235.06 actual_finish=296.72 dev=+61.66 injected=0.0
[charge_scheduler-1] [INFO] [1785773211.716887567] [charge_scheduler]: [执行事件] loop=open plan_v=0 C3 type=station_turnaround target=-1 station_ord=2 planned_finish=244.60 actual_finish=307.95 dev=+63.36 injected=0.0
[charge_scheduler-1] [INFO] [1785773211.716894990] [charge_scheduler]: [执行事件] loop=open plan_v=0 C2 type=target_service target=23 station_ord=0 planned_finish=326.90 actual_finish=326.90 dev=+0.00 injected=0.0
[charge_scheduler-1] [INFO] [1785773211.716907694] [charge_scheduler]: [执行事件] loop=open plan_v=0 C1 type=target_service target=19 station_ord=0 planned_finish=275.79 actual_finish=337.47 dev=+61.69 injected=0.0
[charge_scheduler-1] [INFO] [1785773211.716914906] [charge_scheduler]: [执行事件] loop=open plan_v=0 C2 type=station_turnaround target=-1 station_ord=3 planned_finish=339.05 actual_finish=339.05 dev=+0.00 injected=0.0
[charge_scheduler-1] [INFO] [1785773211.716922079] [charge_scheduler]: [执行事件] loop=open plan_v=0 C3 type=target_service target=29 station_ord=0 planned_finish=289.57 actual_finish=352.92 dev=+63.36 injected=0.0
[charge_scheduler-1] [INFO] [1785773211.716929354] [charge_scheduler]: [执行事件] loop=open plan_v=0 C1 type=target_service target=25 station_ord=0 planned_finish=314.21 actual_finish=375.97 dev=+61.77 injected=0.0
[charge_scheduler-1] [INFO] [1785773211.716936697] [charge_scheduler]: [执行事件] loop=open plan_v=0 C2 type=target_service target=17 station_ord=0 planned_finish=384.41 actual_finish=384.41 dev=+0.00 injected=0.0
[charge_scheduler-1] [INFO] [1785773211.716943909] [charge_scheduler]: [执行事件] loop=open plan_v=0 C2 type=final_return target=-1 station_ord=0 planned_finish=386.34 actual_finish=386.34 dev=+0.00 injected=0.0
[charge_scheduler-1] [INFO] [1785773211.716950949] [charge_scheduler]: [执行事件] loop=open plan_v=0 C1 type=station_turnaround target=-1 station_ord=3 planned_finish=329.14 actual_finish=390.91 dev=+61.77 injected=0.0
[charge_scheduler-1] [INFO] [1785773211.716958341] [charge_scheduler]: [执行事件] loop=open plan_v=0 C3 type=target_service target=2 station_ord=0 planned_finish=338.22 actual_finish=401.58 dev=+63.36 injected=0.0
[charge_scheduler-1] [INFO] [1785773211.716965462] [charge_scheduler]: [执行事件] loop=open plan_v=0 C3 type=final_return target=-1 station_ord=0 planned_finish=340.87 actual_finish=404.23 dev=+63.36 injected=0.0
[charge_scheduler-1] [INFO] [1785773211.716972402] [charge_scheduler]: [执行事件] loop=open plan_v=0 C1 type=target_service target=14 station_ord=0 planned_finish=377.44 actual_finish=439.21 dev=+61.77 injected=0.0
[charge_scheduler-1] [INFO] [1785773211.716979410] [charge_scheduler]: [执行事件] loop=open plan_v=0 C1 type=final_return target=-1 station_ord=0 planned_finish=381.71 actual_finish=443.47 dev=+61.77 injected=0.0
[charge_scheduler-1] [INFO] [1785773211.716998067] [charge_scheduler]: [执行事件] loop=fixed plan_v=0 C3 type=target_service target=12 station_ord=0 planned_finish=8.50 actual_finish=8.50 dev=+0.00 injected=0.0
[charge_scheduler-1] [INFO] [1785773211.717005554] [charge_scheduler]: [执行事件] loop=fixed plan_v=0 C1 type=target_service target=4 station_ord=0 planned_finish=11.77 actual_finish=11.77 dev=+0.00 injected=0.0
[charge_scheduler-1] [INFO] [1785773211.717012958] [charge_scheduler]: [执行事件] loop=fixed plan_v=0 C3 type=target_service target=21 station_ord=0 planned_finish=16.66 actual_finish=16.66 dev=+0.00 injected=0.0
[charge_scheduler-1] [INFO] [1785773211.717020484] [charge_scheduler]: [执行事件] loop=fixed plan_v=0 C2 type=target_service target=8 station_ord=0 planned_finish=17.45 actual_finish=17.45 dev=+0.00 injected=0.0
[charge_scheduler-1] [INFO] [1785773211.717027980] [charge_scheduler]: [执行事件] loop=fixed plan_v=0 C2 type=target_service target=27 station_ord=0 planned_finish=25.46 actual_finish=25.46 dev=+0.00 injected=0.0
[charge_scheduler-1] [INFO] [1785773211.717035148] [charge_scheduler]: [执行事件] loop=fixed plan_v=0 C1 type=target_service target=9 station_ord=0 planned_finish=39.55 actual_finish=39.55 dev=+0.00 injected=0.0
[charge_scheduler-1] [INFO] [1785773211.717043866] [charge_scheduler]: [执行事件] loop=fixed plan_v=0 C3 type=target_service target=15 station_ord=0 planned_finish=41.31 actual_finish=41.31 dev=+0.00 injected=0.0
[charge_scheduler-1] [INFO] [1785773211.717055101] [charge_scheduler]: [执行事件] loop=fixed plan_v=0 C2 type=target_service target=7 station_ord=0 planned_finish=50.69 actual_finish=50.69 dev=+0.00 injected=0.0
[charge_scheduler-1] [INFO] [1785773211.717063009] [charge_scheduler]: [执行事件] loop=fixed plan_v=0 C1 type=target_service target=1 station_ord=0 planned_finish=62.62 actual_finish=62.62 dev=+0.00 injected=0.0
[charge_scheduler-1] [INFO] [1785773211.717070337] [charge_scheduler]: [执行事件] loop=fixed plan_v=0 C3 type=target_service target=3 station_ord=0 planned_finish=68.11 actual_finish=68.11 dev=+0.00 injected=0.0
[charge_scheduler-1] [INFO] [1785773211.717080620] [charge_scheduler]: [执行事件] loop=fixed plan_v=0 C2 type=target_service target=22 station_ord=0 planned_finish=85.92 actual_finish=85.92 dev=+0.00 injected=0.0
[charge_scheduler-1] [INFO] [1785773211.717088477] [charge_scheduler]: [执行事件] loop=fixed plan_v=0 C1 type=target_service target=28 station_ord=0 planned_finish=97.15 actual_finish=97.15 dev=+0.00 injected=0.0
[charge_scheduler-1] [INFO] [1785773211.717096482] [charge_scheduler]: [执行事件] loop=fixed plan_v=0 C3 type=target_service target=11 station_ord=0 planned_finish=111.00 actual_finish=111.00 dev=+0.00 injected=0.0
[charge_scheduler-1] [INFO] [1785773211.717104690] [charge_scheduler]: [执行事件] loop=fixed plan_v=0 C2 type=target_service target=18 station_ord=0 planned_finish=115.56 actual_finish=115.56 dev=+0.00 injected=0.0
[charge_scheduler-1] [INFO] [1785773211.717112342] [charge_scheduler]: [执行事件] loop=fixed plan_v=0 C2 type=station_turnaround target=-1 station_ord=1 planned_finish=127.60 actual_finish=127.60 dev=+0.00 injected=0.0
[charge_scheduler-1] [INFO] [1785773211.717120442] [charge_scheduler]: [执行事件] loop=fixed plan_v=0 C1 type=station_turnaround target=-1 station_ord=1 planned_finish=109.66 actual_finish=169.66 dev=+60.00 injected=60.0
[charge_scheduler-1] [WARN] [1785773212.026971995] [charge_scheduler]: [重调度事件] policy=fixed #1 t=169.66min trigger=C1/station_turnaround dev=+60.00 pool=15 committed=1 plan_v=1 solve_ms=309.8 changed_assign=0 changed_order=13
[charge_scheduler-1] [INFO] [1785773212.027028886] [charge_scheduler]: [执行事件] loop=fixed plan_v=0 C2 type=target_service target=5 station_ord=0 planned_finish=174.55 actual_finish=174.55 dev=+0.00 injected=0.0
[charge_scheduler-1] [INFO] [1785773212.027038804] [charge_scheduler]: [执行事件] loop=fixed plan_v=0 C3 type=station_turnaround target=-1 station_ord=1 planned_finish=122.54 actual_finish=182.54 dev=+60.00 injected=60.0
[charge_scheduler-1] [WARN] [1785773212.320483150] [charge_scheduler]: [重调度事件] policy=fixed #2 t=182.54min trigger=C3/station_turnaround dev=+60.00 pool=13 committed=2 plan_v=2 solve_ms=293.4 changed_assign=0 changed_order=0
[charge_scheduler-1] [INFO] [1785773212.320544888] [charge_scheduler]: [执行事件] loop=fixed plan_v=1 C1 type=target_service target=24 station_ord=0 planned_finish=197.65 actual_finish=197.65 dev=+0.00 injected=0.0
[charge_scheduler-1] [INFO] [1785773212.320569083] [charge_scheduler]: [执行事件] loop=fixed plan_v=2 C3 type=target_service target=13 station_ord=0 planned_finish=219.47 actual_finish=219.47 dev=+0.00 injected=0.0
[charge_scheduler-1] [INFO] [1785773212.320580235] [charge_scheduler]: [执行事件] loop=fixed plan_v=1 C2 type=target_service target=20 station_ord=0 planned_finish=220.35 actual_finish=220.35 dev=+0.00 injected=0.0
[charge_scheduler-1] [INFO] [1785773212.320592831] [charge_scheduler]: [执行事件] loop=fixed plan_v=2 C2 type=station_turnaround target=-1 station_ord=2 planned_finish=232.81 actual_finish=232.81 dev=+0.00 injected=0.0
[charge_scheduler-1] [INFO] [1785773212.320609135] [charge_scheduler]: [执行事件] loop=fixed plan_v=2 C1 type=target_service target=16 station_ord=0 planned_finish=239.30 actual_finish=239.30 dev=+0.00 injected=0.0
[charge_scheduler-1] [INFO] [1785773212.320619866] [charge_scheduler]: [执行事件] loop=fixed plan_v=2 C3 type=target_service target=0 station_ord=0 planned_finish=256.36 actual_finish=256.36 dev=+0.00 injected=0.0
[charge_scheduler-1] [INFO] [1785773212.320630993] [charge_scheduler]: [执行事件] loop=fixed plan_v=2 C3 type=station_turnaround target=-1 station_ord=2 planned_finish=271.83 actual_finish=271.83 dev=+0.00 injected=0.0
[charge_scheduler-1] [INFO] [1785773212.320641573] [charge_scheduler]: [执行事件] loop=fixed plan_v=2 C1 type=target_service target=19 station_ord=0 planned_finish=280.44 actual_finish=280.44 dev=+0.00 injected=0.0
[charge_scheduler-1] [INFO] [1785773212.320656417] [charge_scheduler]: [执行事件] loop=fixed plan_v=2 C2 type=target_service target=6 station_ord=0 planned_finish=280.70 actual_finish=280.70 dev=+0.00 injected=0.0
[charge_scheduler-1] [INFO] [1785773212.320666790] [charge_scheduler]: [执行事件] loop=fixed plan_v=2 C1 type=station_turnaround target=-1 station_ord=2 planned_finish=293.77 actual_finish=293.77 dev=+0.00 injected=0.0
[charge_scheduler-1] [INFO] [1785773212.320715493] [charge_scheduler]: [执行事件] loop=fixed plan_v=2 C3 type=target_service target=10 station_ord=0 planned_finish=309.88 actual_finish=309.88 dev=+0.00 injected=0.0
[charge_scheduler-1] [INFO] [1785773212.320725014] [charge_scheduler]: [执行事件] loop=fixed plan_v=2 C2 type=target_service target=23 station_ord=0 planned_finish=326.90 actual_finish=326.90 dev=+0.00 injected=0.0
[charge_scheduler-1] [INFO] [1785773212.320733744] [charge_scheduler]: [执行事件] loop=fixed plan_v=2 C1 type=target_service target=25 station_ord=0 planned_finish=332.90 actual_finish=332.90 dev=+0.00 injected=0.0
[charge_scheduler-1] [INFO] [1785773212.320741565] [charge_scheduler]: [执行事件] loop=fixed plan_v=2 C2 type=station_turnaround target=-1 station_ord=3 planned_finish=339.05 actual_finish=339.05 dev=+0.00 injected=0.0
[charge_scheduler-1] [INFO] [1785773212.320749776] [charge_scheduler]: [执行事件] loop=fixed plan_v=2 C3 type=target_service target=2 station_ord=0 planned_finish=356.94 actual_finish=356.94 dev=+0.00 injected=0.0
[charge_scheduler-1] [INFO] [1785773212.320758796] [charge_scheduler]: [执行事件] loop=fixed plan_v=2 C3 type=station_turnaround target=-1 station_ord=3 planned_finish=369.59 actual_finish=369.59 dev=+0.00 injected=0.0
[charge_scheduler-1] [INFO] [1785773212.320767376] [charge_scheduler]: [执行事件] loop=fixed plan_v=2 C1 type=target_service target=14 station_ord=0 planned_finish=377.40 actual_finish=377.40 dev=+0.00 injected=0.0
[charge_scheduler-1] [INFO] [1785773212.320775925] [charge_scheduler]: [执行事件] loop=fixed plan_v=2 C2 type=target_service target=17 station_ord=0 planned_finish=384.41 actual_finish=384.41 dev=+0.00 injected=0.0
[charge_scheduler-1] [INFO] [1785773212.320784608] [charge_scheduler]: [执行事件] loop=fixed plan_v=2 C2 type=final_return target=-1 station_ord=0 planned_finish=386.34 actual_finish=386.34 dev=+0.00 injected=0.0
[charge_scheduler-1] [INFO] [1785773212.320793082] [charge_scheduler]: [执行事件] loop=fixed plan_v=2 C1 type=station_turnaround target=-1 station_ord=3 planned_finish=391.67 actual_finish=391.67 dev=+0.00 injected=0.0
[charge_scheduler-1] [INFO] [1785773212.320801274] [charge_scheduler]: [执行事件] loop=fixed plan_v=2 C3 type=target_service target=29 station_ord=0 planned_finish=414.56 actual_finish=414.56 dev=+0.00 injected=0.0
[charge_scheduler-1] [INFO] [1785773212.320808914] [charge_scheduler]: [执行事件] loop=fixed plan_v=2 C3 type=final_return target=-1 station_ord=0 planned_finish=418.76 actual_finish=418.76 dev=+0.00 injected=0.0
[charge_scheduler-1] [INFO] [1785773212.320817199] [charge_scheduler]: [执行事件] loop=fixed plan_v=2 C1 type=target_service target=26 station_ord=0 planned_finish=437.62 actual_finish=437.62 dev=+0.00 injected=0.0
[charge_scheduler-1] [INFO] [1785773212.320825088] [charge_scheduler]: [执行事件] loop=fixed plan_v=2 C1 type=final_return target=-1 station_ord=0 planned_finish=440.24 actual_finish=440.24 dev=+0.00 injected=0.0
[charge_scheduler-1] [INFO] [1785773212.320852919] [charge_scheduler]: [执行事件] loop=global plan_v=0 C3 type=target_service target=12 station_ord=0 planned_finish=8.50 actual_finish=8.50 dev=+0.00 injected=0.0
[charge_scheduler-1] [INFO] [1785773212.320862393] [charge_scheduler]: [执行事件] loop=global plan_v=0 C1 type=target_service target=4 station_ord=0 planned_finish=11.77 actual_finish=11.77 dev=+0.00 injected=0.0
[charge_scheduler-1] [INFO] [1785773212.320871311] [charge_scheduler]: [执行事件] loop=global plan_v=0 C3 type=target_service target=21 station_ord=0 planned_finish=16.66 actual_finish=16.66 dev=+0.00 injected=0.0
[charge_scheduler-1] [INFO] [1785773212.320880399] [charge_scheduler]: [执行事件] loop=global plan_v=0 C2 type=target_service target=8 station_ord=0 planned_finish=17.45 actual_finish=17.45 dev=+0.00 injected=0.0
[charge_scheduler-1] [INFO] [1785773212.320889964] [charge_scheduler]: [执行事件] loop=global plan_v=0 C2 type=target_service target=27 station_ord=0 planned_finish=25.46 actual_finish=25.46 dev=+0.00 injected=0.0
[charge_scheduler-1] [INFO] [1785773212.320898735] [charge_scheduler]: [执行事件] loop=global plan_v=0 C1 type=target_service target=9 station_ord=0 planned_finish=39.55 actual_finish=39.55 dev=+0.00 injected=0.0
[charge_scheduler-1] [INFO] [1785773212.320913586] [charge_scheduler]: [执行事件] loop=global plan_v=0 C3 type=target_service target=15 station_ord=0 planned_finish=41.31 actual_finish=41.31 dev=+0.00 injected=0.0
[charge_scheduler-1] [INFO] [1785773212.320929195] [charge_scheduler]: [执行事件] loop=global plan_v=0 C2 type=target_service target=7 station_ord=0 planned_finish=50.69 actual_finish=50.69 dev=+0.00 injected=0.0
[charge_scheduler-1] [INFO] [1785773212.320938508] [charge_scheduler]: [执行事件] loop=global plan_v=0 C1 type=target_service target=1 station_ord=0 planned_finish=62.62 actual_finish=62.62 dev=+0.00 injected=0.0
[charge_scheduler-1] [INFO] [1785773212.320947078] [charge_scheduler]: [执行事件] loop=global plan_v=0 C3 type=target_service target=3 station_ord=0 planned_finish=68.11 actual_finish=68.11 dev=+0.00 injected=0.0
[charge_scheduler-1] [INFO] [1785773212.320956593] [charge_scheduler]: [执行事件] loop=global plan_v=0 C2 type=target_service target=22 station_ord=0 planned_finish=85.92 actual_finish=85.92 dev=+0.00 injected=0.0
[charge_scheduler-1] [INFO] [1785773212.320966329] [charge_scheduler]: [执行事件] loop=global plan_v=0 C1 type=target_service target=28 station_ord=0 planned_finish=97.15 actual_finish=97.15 dev=+0.00 injected=0.0
[charge_scheduler-1] [INFO] [1785773212.320977199] [charge_scheduler]: [执行事件] loop=global plan_v=0 C3 type=target_service target=11 station_ord=0 planned_finish=111.00 actual_finish=111.00 dev=+0.00 injected=0.0
[charge_scheduler-1] [INFO] [1785773212.320987957] [charge_scheduler]: [执行事件] loop=global plan_v=0 C2 type=target_service target=18 station_ord=0 planned_finish=115.56 actual_finish=115.56 dev=+0.00 injected=0.0
[charge_scheduler-1] [INFO] [1785773212.320997690] [charge_scheduler]: [执行事件] loop=global plan_v=0 C2 type=station_turnaround target=-1 station_ord=1 planned_finish=127.60 actual_finish=127.60 dev=+0.00 injected=0.0
[charge_scheduler-1] [INFO] [1785773212.321017819] [charge_scheduler]: [执行事件] loop=global plan_v=0 C1 type=station_turnaround target=-1 station_ord=1 planned_finish=109.66 actual_finish=169.66 dev=+60.00 injected=60.0
[charge_scheduler-1] [WARN] [1785773213.801066893] [charge_scheduler]: [重调度事件] policy=global #1 t=169.66min trigger=C1/station_turnaround dev=+60.00 pool=15 committed=1 plan_v=1 solve_ms=1480.0 changed_assign=11 changed_order=11
[charge_scheduler-1] [INFO] [1785773213.801146911] [charge_scheduler]: [执行事件] loop=global plan_v=0 C2 type=target_service target=5 station_ord=0 planned_finish=174.55 actual_finish=174.55 dev=+0.00 injected=0.0
[charge_scheduler-1] [INFO] [1785773213.801158076] [charge_scheduler]: [执行事件] loop=global plan_v=0 C3 type=station_turnaround target=-1 station_ord=1 planned_finish=122.54 actual_finish=182.54 dev=+60.00 injected=60.0
[charge_scheduler-1] [WARN] [1785773215.031355888] [charge_scheduler]: [重调度事件] policy=global #2 t=182.54min trigger=C3/station_turnaround dev=+60.00 pool=13 committed=2 plan_v=2 solve_ms=1230.2 changed_assign=7 changed_order=11
[charge_scheduler-1] [INFO] [1785773215.031406110] [charge_scheduler]: [执行事件] loop=global plan_v=1 C1 type=target_service target=13 station_ord=0 planned_finish=206.59 actual_finish=206.59 dev=+0.00 injected=0.0
[charge_scheduler-1] [INFO] [1785773215.031416250] [charge_scheduler]: [执行事件] loop=global plan_v=2 C3 type=target_service target=24 station_ord=0 planned_finish=210.53 actual_finish=210.53 dev=+0.00 injected=0.0
[charge_scheduler-1] [INFO] [1785773215.031422313] [charge_scheduler]: [执行事件] loop=global plan_v=1 C2 type=target_service target=26 station_ord=0 planned_finish=220.70 actual_finish=220.70 dev=+0.00 injected=0.0
[charge_scheduler-1] [INFO] [1785773215.031429559] [charge_scheduler]: [执行事件] loop=global plan_v=2 C2 type=station_turnaround target=-1 station_ord=2 planned_finish=233.32 actual_finish=233.32 dev=+0.00 injected=0.0
[charge_scheduler-1] [INFO] [1785773215.031435850] [charge_scheduler]: [执行事件] loop=global plan_v=2 C1 type=target_service target=19 station_ord=0 planned_finish=243.22 actual_finish=243.22 dev=+0.00 injected=0.0
[charge_scheduler-1] [INFO] [1785773215.031441628] [charge_scheduler]: [执行事件] loop=global plan_v=2 C3 type=target_service target=10 station_ord=0 planned_finish=250.02 actual_finish=250.02 dev=+0.00 injected=0.0
[charge_scheduler-1] [INFO] [1785773215.031452537] [charge_scheduler]: [执行事件] loop=global plan_v=2 C2 type=target_service target=0 station_ord=0 planned_finish=271.79 actual_finish=271.79 dev=+0.00 injected=0.0
[charge_scheduler-1] [INFO] [1785773215.031483860] [charge_scheduler]: [执行事件] loop=global plan_v=2 C1 type=target_service target=16 station_ord=0 planned_finish=279.58 actual_finish=279.58 dev=+0.00 injected=0.0
[charge_scheduler-1] [INFO] [1785773215.031489794] [charge_scheduler]: [执行事件] loop=global plan_v=2 C1 type=station_turnaround target=-1 station_ord=2 planned_finish=291.91 actual_finish=291.91 dev=+0.00 injected=0.0
[charge_scheduler-1] [INFO] [1785773215.031495467] [charge_scheduler]: [执行事件] loop=global plan_v=2 C3 type=target_service target=6 station_ord=0 planned_finish=295.19 actual_finish=295.19 dev=+0.00 injected=0.0
[charge_scheduler-1] [INFO] [1785773215.031501231] [charge_scheduler]: [执行事件] loop=global plan_v=2 C3 type=station_turnaround target=-1 station_ord=2 planned_finish=309.71 actual_finish=309.71 dev=+0.00 injected=0.0
[charge_scheduler-1] [INFO] [1785773215.031506978] [charge_scheduler]: [执行事件] loop=global plan_v=2 C2 type=target_service target=23 station_ord=0 planned_finish=318.94 actual_finish=318.94 dev=+0.00 injected=0.0
[charge_scheduler-1] [INFO] [1785773215.031512858] [charge_scheduler]: [执行事件] loop=global plan_v=2 C2 type=station_turnaround target=-1 station_ord=3 planned_finish=331.08 actual_finish=331.08 dev=+0.00 injected=0.0
[charge_scheduler-1] [INFO] [1785773215.031518529] [charge_scheduler]: [执行事件] loop=global plan_v=2 C1 type=target_service target=29 station_ord=0 planned_finish=336.88 actual_finish=336.88 dev=+0.00 injected=0.0
[charge_scheduler-1] [INFO] [1785773215.031524102] [charge_scheduler]: [执行事件] loop=global plan_v=2 C3 type=target_service target=25 station_ord=0 planned_finish=348.85 actual_finish=348.85 dev=+0.00 injected=0.0
[charge_scheduler-1] [INFO] [1785773215.031529762] [charge_scheduler]: [执行事件] loop=global plan_v=2 C2 type=target_service target=20 station_ord=0 planned_finish=376.91 actual_finish=376.91 dev=+0.00 injected=0.0
[charge_scheduler-1] [INFO] [1785773215.031535245] [charge_scheduler]: [执行事件] loop=global plan_v=2 C1 type=target_service target=2 station_ord=0 planned_finish=385.53 actual_finish=385.53 dev=+0.00 injected=0.0
[charge_scheduler-1] [INFO] [1785773215.031541054] [charge_scheduler]: [执行事件] loop=global plan_v=2 C1 type=final_return target=-1 station_ord=0 planned_finish=388.18 actual_finish=388.18 dev=+0.00 injected=0.0
[charge_scheduler-1] [INFO] [1785773215.031546479] [charge_scheduler]: [执行事件] loop=global plan_v=2 C3 type=target_service target=14 station_ord=0 planned_finish=393.35 actual_finish=393.35 dev=+0.00 injected=0.0
[charge_scheduler-1] [INFO] [1785773215.031552014] [charge_scheduler]: [执行事件] loop=global plan_v=2 C3 type=final_return target=-1 station_ord=0 planned_finish=397.62 actual_finish=397.62 dev=+0.00 injected=0.0
[charge_scheduler-1] [INFO] [1785773215.031557313] [charge_scheduler]: [执行事件] loop=global plan_v=2 C2 type=target_service target=17 station_ord=0 planned_finish=422.90 actual_finish=422.90 dev=+0.00 injected=0.0
[charge_scheduler-1] [INFO] [1785773215.031562639] [charge_scheduler]: [执行事件] loop=global plan_v=2 C2 type=final_return target=-1 station_ord=0 planned_finish=424.83 actual_finish=424.83 dev=+0.00 injected=0.0
[charge_scheduler-1] [INFO] [1785773215.031574366] [charge_scheduler]: ★闭环实验结果 mode=open M=30 K=3 disturbance=station delay=60.0 seed=10 N_late=16 T_overtime=828.184 C_total=7292.439 makespan=443.473 served=30 energy_viol=4 reschedules=0 reschedule_ms=0.000 changed_assign=0 changed_order=0 applied_target=0 applied_station=2 initial_solve_ms=46100.513 objective_order=Tover,Nlate,Ctotal
[charge_scheduler-1] [INFO] [1785773215.031584137] [charge_scheduler]: ★闭环实验结果 mode=fixed M=30 K=3 disturbance=station delay=60.0 seed=10 N_late=16 T_overtime=848.106 C_total=7379.389 makespan=440.241 served=30 energy_viol=0 reschedules=2 reschedule_ms=603.165 changed_assign=0 changed_order=13 applied_target=0 applied_station=2 initial_solve_ms=46100.513 objective_order=Tover,Nlate,Ctotal
[charge_scheduler-1] [INFO] [1785773215.031591570] [charge_scheduler]: ★闭环实验收益 policy=fixed M=30 K=3 disturbance=station delay=60.0 seed=10 recovered_late=0 overtime_reduction=-19.922 distance_delta=86.950 makespan_reduction=3.232
[charge_scheduler-1] [INFO] [1785773215.031597700] [charge_scheduler]: ★闭环实验结果 mode=closed M=30 K=3 disturbance=station delay=60.0 seed=10 N_late=15 T_overtime=813.662 C_total=6600.492 makespan=424.829 served=30 energy_viol=0 reschedules=2 reschedule_ms=2710.167 changed_assign=18 changed_order=22 applied_target=0 applied_station=2 initial_solve_ms=46100.513 objective_order=Tover,Nlate,Ctotal
[charge_scheduler-1] [INFO] [1785773215.031609102] [charge_scheduler]: ★闭环实验收益 policy=closed M=30 K=3 disturbance=station delay=60.0 seed=10 recovered_late=1 overtime_reduction=14.521 distance_delta=-691.947 makespan_reduction=18.644
