[RUN_META] map=map2 experiment=E2 objective=OBJ-N method=ECD internal_mode=maneuver scale=M20 K=2 seed=10 iters=15000
[RUN_META] case=./cases_map2/charge_scheduler_M20_K2_param.yaml
[INFO] [launch]: All log files can be found below /root/.ros/log/2026-08-08-14-02-16-484285-YYYY-8152
[INFO] [launch]: Default logging verbosity is set to INFO
[INFO] [charge_scheduler-1]: process started with pid [8155]
[charge_scheduler-1] [INFO] [1786197736.619115032] [charge_scheduler]: [目标顺序] objective_order=Nlate,Tover,Ctotal
[charge_scheduler-1] [INFO] [1786197736.619993348] [charge_scheduler]: [Scheduler] 20辆车 | 电池800.0kWh(20%=160.0 80%=640.0) | 充电360kW效率97% | 行驶0.6kWh/km | 桩350kW
[charge_scheduler-1] [INFO] [1786197736.620035865] [charge_scheduler]: [Scheduler] 站端周转: 换电 10 min(换后满电) | 单趟可用 640 kWh
[charge_scheduler-1] [INFO] [1786197736.620048134] [charge_scheduler]:   车#0 [电动装载机282|light] 位置(3865.2,73751.0) 容量282kWh 剩余35% | α=6→6min/% τ=168min → 需130.8kWh(充21.2min)
[charge_scheduler-1] [INFO] [1786197736.620063485] [charge_scheduler]:   车#1 [重型叉车|light] 位置(3785.0,73749.2) 容量200kWh 剩余20% | α=6→6min/% τ=96min → 需123.7kWh(充20.0min)
[charge_scheduler-1] [INFO] [1786197736.620074437] [charge_scheduler]:   车#2 [电动装载机350|light] 位置(3811.5,73799.9) 容量350kWh 剩余50% | α=6→6min/% τ=288min → 需108.2kWh(充17.5min)
[charge_scheduler-1] [INFO] [1786197736.620084446] [charge_scheduler]:   车#3 [重型叉车|light] 位置(3810.8,73773.1) 容量200kWh 剩余10% | α=6→6min/% τ=32min → 需144.3kWh(充23.3min)
[charge_scheduler-1] [INFO] [1786197736.620094797] [charge_scheduler]:   车#4 [电动装载机282|heavy→降级] 位置(3905.0,73793.5) 容量282kWh 剩余60% | α=3→6min/% τ=212min → 需58.1kWh(充9.4min)
[charge_scheduler-1] [INFO] [1786197736.620107562] [charge_scheduler]:   车#5 [电动装载机350|light] 位置(3894.3,73756.9) 容量350kWh 剩余25% | α=6→6min/% τ=128min → 需198.5kWh(充32.1min)
[charge_scheduler-1] [INFO] [1786197736.620117898] [charge_scheduler]:   车#6 [电动装载机350|heavy→降级] 位置(3818.5,73716.2) 容量350kWh 剩余40% | α=4→6min/% τ=176min → 需144.3kWh(充23.3min)
[charge_scheduler-1] [INFO] [1786197736.620127926] [charge_scheduler]:   车#7 [重型叉车|light] 位置(3733.2,73772.4) 容量200kWh 剩余15% | α=6→6min/% τ=64min → 需134.0kWh(充21.7min)
[charge_scheduler-1] [INFO] [1786197736.620138372] [charge_scheduler]:   车#8 [电动装载机282|heavy→降级] 位置(3764.7,73699.0) 容量282kWh 剩余55% | α=3→6min/% τ=196min → 需72.7kWh(充11.8min)
[charge_scheduler-1] [INFO] [1786197736.620149640] [charge_scheduler]:   车#9 [电动装载机282|heavy→降级] 位置(3878.4,73747.9) 容量282kWh 剩余30% | α=3→6min/% τ=116min → 需145.4kWh(充23.5min)
[charge_scheduler-1] [INFO] [1786197736.620160016] [charge_scheduler]:   车#10 [电动装载机282|light] 位置(3740.3,73686.9) 容量282kWh 剩余45% | α=6→6min/% τ=224min → 需101.8kWh(充16.4min)
[charge_scheduler-1] [INFO] [1786197736.620172436] [charge_scheduler]:   车#11 [电动装载机350|light] 位置(3895.4,73811.9) 容量350kWh 剩余18% | α=6→6min/% τ=83min → 需223.7kWh(充36.2min)
[charge_scheduler-1] [INFO] [1786197736.620783815] [charge_scheduler]:   车#12 [重型叉车|heavy→降级] 位置(3876.0,73830.2) 容量200kWh 剩余62% | α=3→6min/% τ=230min → 需37.1kWh(充6.0min)
[charge_scheduler-1] [INFO] [1786197736.621665769] [charge_scheduler]:   车#13 [电动装载机282|light] 位置(3765.9,73790.3) 容量282kWh 剩余28% | α=6→6min/% τ=129min → 需151.2kWh(充24.4min)
[charge_scheduler-1] [INFO] [1786197736.621952043] [charge_scheduler]:   车#14 [电动装载机350|light] 位置(3637.1,73698.1) 容量350kWh 剩余52% | α=6→6min/% τ=301min → 需101.0kWh(充16.3min)
[charge_scheduler-1] [INFO] [1786197736.621969990] [charge_scheduler]:   车#15 [重型叉车|light] 位置(3884.5,73833.1) 容量200kWh 剩余12% | α=6→6min/% τ=45min → 需140.2kWh(充22.7min)
[charge_scheduler-1] [INFO] [1786197736.621984845] [charge_scheduler]:   车#16 [电动装载机282|light] 位置(3699.3,73765.4) 容量282kWh 剩余38% | α=6→6min/% τ=185min → 需122.1kWh(充19.7min)
[charge_scheduler-1] [INFO] [1786197736.621999186] [charge_scheduler]:   车#17 [电动装载机350|light] 位置(3800.8,73717.7) 容量350kWh 剩余58% | α=6→6min/% τ=339min → 需79.4kWh(充12.8min)
[charge_scheduler-1] [INFO] [1786197736.622029794] [charge_scheduler]:   车#18 [重型叉车|heavy→降级] 位置(3825.0,73792.7) 容量200kWh 剩余22% | α=3→6min/% τ=102min → 需119.6kWh(充19.3min)
[charge_scheduler-1] [INFO] [1786197736.622044062] [charge_scheduler]:   车#19 [电动装载机282|light] 位置(3784.3,73759.0) 容量282kWh 剩余48% | α=6→6min/% τ=241min → 需93.0kWh(充15.0min)
[charge_scheduler-1] [INFO] [1786197736.661494996] [charge_scheduler]: [Scheduler] 闭环接口: threshold=10.0min | event_sim=off | policy=all | structured_feedback=optional (/task_planner/execution_event)
[charge_scheduler-1] [INFO] [1786197736.661547371] [charge_scheduler]: [Scheduler] 已启动, 等待地图...
[charge_scheduler-1] [INFO] [1786197736.661560529] [charge_scheduler]: [Scheduler] 充电车1接口: sequence/served/arrived_target/arrived_station/return_goal/task_complete 后缀=_1
[charge_scheduler-1] [INFO] [1786197736.661571873] [charge_scheduler]: [Scheduler] 充电车2接口: sequence/served/arrived_target/arrived_station/return_goal/task_complete 后缀=_2
[charge_scheduler-1] [INFO] [1786197736.867179704] [charge_scheduler]: [Scheduler] RoutingGraph 就绪
[charge_scheduler-1] [INFO] [1786197736.867990869] [charge_scheduler]: [Scheduler] 提取到 0 条虚线捷径
[charge_scheduler-1] [INFO] [1786197736.893382555] [charge_scheduler]: [Scheduler] 下层兼容增强图: 190 节点, 0 条虚线掉头边
[charge_scheduler-1] [INFO] [1786197746.808502244] [charge_scheduler]: [Scheduler] 距离矩阵完成 21x21, 9915.1 ms | 模式=maneuver | ECD不可达=0 DSP原始不可达=0 DSP虚线兜底=0 DSP最终不可达=0 抽象不可达=0 | 缺少对向投影节点=0 | 对向识别(ID/几何/法向)=0/0/0 | 单向驿站投影=0
[charge_scheduler-1] [INFO] [1786197746.808557302] [charge_scheduler]:   ✓ 比值自检：420 个 OD 满足 机动/直线≥1 | 均值=3.73 最大=54.86 (车#15→车#12)
[charge_scheduler-1] [INFO] [1786197746.808568955] [charge_scheduler]: [Scheduler] 地图就绪, 190 条 lanelet（与下层一致）
[charge_scheduler-1] [INFO] [1786197746.808611670] [charge_scheduler]: ======== 开始VRPTW调度 20 辆车 ========
[charge_scheduler-1] [INFO] [1786197746.808616856] [charge_scheduler]:   规模20>8 → 启发式(alns)
[charge_scheduler-1] [INFO] [1786197759.202804710] [charge_scheduler]: [ALNS] objective_order=Nlate,Tover,Ctotal seed=10 iters=15000 | N_late=2(成功率90.0%) T_overtime=287.5min C_total=5538.6m | 趟数=8 makespan=396.1min
[charge_scheduler-1] [INFO] [1786197759.202885081] [charge_scheduler]:   求解耗时 12394.3 ms
[charge_scheduler-1] [INFO] [1786197759.202900023] [charge_scheduler]: ════════ 调度结果 ════════
[charge_scheduler-1] [INFO] [1786197759.202908381] [charge_scheduler]:   ★目标(字典序): objective_order=Nlate,Tover,Ctotal | N_late=2 辆 (按时成功率 18/20 = 90.0%)  T_overtime=287.5min  C_total=5538.6m
[charge_scheduler-1] [INFO] [1786197759.202918898] [charge_scheduler]:   附: 趟数=8 | makespan=396.1min | 能量可行=是
[charge_scheduler-1] [INFO] [1786197759.202935865] [charge_scheduler]:   [充电车2] 趟1: 站 → 车#4(到4.6/限212.0✓) → 车#15(到15.3/限44.8✓) → 车#11(到39.2/限83.2✓) → 车#1(到82.1/限96.0✓) → 站
[charge_scheduler-1] [INFO] [1786197759.202947954] [charge_scheduler]:   [充电车1] 趟2: 站 → 车#3(到1.7/限32.0✓) → 车#9(到29.0/限116.0✓) → 车#7(到59.8/限64.0✓) → 车#18(到89.0/限102.4✓) → 站
[charge_scheduler-1] [INFO] [1786197759.202956878] [charge_scheduler]:   [充电车2] 趟3: 站 → 车#13(到124.5/限128.8✓) → 车#0(到162.2/限168.0✓) → 车#12(到198.7/限230.4✓) → 站
[charge_scheduler-1] [INFO] [1786197759.202967003] [charge_scheduler]:   [充电车1] 趟4: 站 → 车#16(到128.0/限184.8✓) → 车#10(到161.8/限224.0✓) → 车#8(到192.3/限196.0✓) → 站
[charge_scheduler-1] [INFO] [1786197759.202977144] [charge_scheduler]:   [充电车1] 趟5: 站 → 车#19(到240.5/限240.8✓) → 车#2(到276.9/限288.0✓) → 站
[charge_scheduler-1] [INFO] [1786197759.202988982] [charge_scheduler]:   [充电车2] 趟6: 站 → 车#5(到241.5/限128.0✗超时) → 车#14(到290.4/限300.8✓) → 站
[charge_scheduler-1] [INFO] [1786197759.202996139] [charge_scheduler]:   [充电车1] 趟7: 站 → 车#17(到337.9/限339.2✓) → 站
[charge_scheduler-1] [INFO] [1786197759.203003021] [charge_scheduler]:   [充电车2] 趟8: 站 → 车#6(到350.0/限176.0✗超时) → 站
[charge_scheduler-1] [INFO] [1786197759.203008438] [charge_scheduler]: ════════════════════════
[charge_scheduler-1] [INFO] [1786197759.203017900] [charge_scheduler]:   ⏱ 任务计时开始 (t=0)
[charge_scheduler-1] [INFO] [1786197759.203472826] [charge_scheduler]: [多车派发] 充电车1分配4趟、10辆目标车，开始独立逐任务派发
[charge_scheduler-1] [INFO] [1786197759.203566802] [charge_scheduler]:   → [充电车1] 第1/4趟 第1/4辆: 车#3 (3810.77,73773.05) | topic后缀=_1 | 承诺完成=25.10min
[charge_scheduler-1] [INFO] [1786197759.203983562] [charge_scheduler]: [多车派发] 充电车2分配4趟、10辆目标车，开始独立逐任务派发
[charge_scheduler-1] [INFO] [1786197759.204038079] [charge_scheduler]:   → [充电车2] 第1/4趟 第1/4辆: 车#4 (3904.99,73793.46) | topic后缀=_2 | 承诺完成=14.62min
