[INFO] [launch]: All log files can be found below /root/.ros/log/2026-07-29-14-20-41-023324-YYYY-24872
[INFO] [launch]: Default logging verbosity is set to INFO
[INFO] [charge_scheduler-1]: process started with pid [24874]
[charge_scheduler-1] [INFO] [1785334841.173997498] [charge_scheduler]: [目标顺序] objective_order=Tover,Nlate,Ctotal
[charge_scheduler-1] [INFO] [1785334841.174551278] [charge_scheduler]: [Scheduler] 30辆车 | 电池800.0kWh(20%=160.0 80%=640.0) | 充电360kW效率97% | 行驶0.6kWh/km | 桩350kW
[charge_scheduler-1] [INFO] [1785334841.174583301] [charge_scheduler]: [Scheduler] 站端周转: 换电 10 min(换后满电) | 单趟可用 640 kWh
[charge_scheduler-1] [INFO] [1785334841.174593300] [charge_scheduler]:   车#0 [电动装载机282|light] 位置(-47.3,-2.6) 容量282kWh 剩余35% | α=6→6min/% τ=168min → 需130.8kWh(充21.2min)
[charge_scheduler-1] [INFO] [1785334841.174610280] [charge_scheduler]:   车#1 [重型叉车|light] 位置(-44.0,-64.1) 容量200kWh 剩余20% | α=6→6min/% τ=96min → 需123.7kWh(充20.0min)
[charge_scheduler-1] [INFO] [1785334841.174625784] [charge_scheduler]:   车#2 [电动装载机350|light] 位置(-51.1,-38.8) 容量350kWh 剩余50% | α=6→6min/% τ=288min → 需108.2kWh(充17.5min)
[charge_scheduler-1] [INFO] [1785334841.174640471] [charge_scheduler]:   车#3 [重型叉车|light] 位置(-71.0,-19.0) 容量200kWh 剩余10% | α=6→6min/% τ=32min → 需144.3kWh(充23.3min)
[charge_scheduler-1] [INFO] [1785334841.174655484] [charge_scheduler]:   车#4 [电动装载机282|heavy→降级] 位置(-93.3,6.6) 容量282kWh 剩余60% | α=3→6min/% τ=212min → 需58.1kWh(充9.4min)
[charge_scheduler-1] [INFO] [1785334841.174670284] [charge_scheduler]:   车#5 [电动装载机350|light] 位置(-104.4,47.7) 容量350kWh 剩余25% | α=6→6min/% τ=128min → 需198.5kWh(充32.1min)
[charge_scheduler-1] [INFO] [1785334841.174687732] [charge_scheduler]:   车#6 [电动装载机350|heavy→降级] 位置(-37.0,-75.1) 容量350kWh 剩余40% | α=4→6min/% τ=176min → 需144.3kWh(充23.3min)
[charge_scheduler-1] [INFO] [1785334841.174701879] [charge_scheduler]:   车#7 [重型叉车|light] 位置(-88.8,-37.1) 容量200kWh 剩余15% | α=6→6min/% τ=64min → 需134.0kWh(充21.7min)
[charge_scheduler-1] [INFO] [1785334841.174714999] [charge_scheduler]:   车#8 [电动装载机282|heavy→降级] 位置(-70.9,27.7) 容量282kWh 剩余55% | α=3→6min/% τ=196min → 需72.7kWh(充11.8min)
[charge_scheduler-1] [INFO] [1785334841.174728823] [charge_scheduler]:   车#9 [电动装载机282|heavy→降级] 位置(-35.4,-47.4) 容量282kWh 剩余30% | α=3→6min/% τ=116min → 需145.4kWh(充23.5min)
[charge_scheduler-1] [INFO] [1785334841.174741504] [charge_scheduler]:   车#10 [电动装载机282|light] 位置(-100.0,-1.0) 容量282kWh 剩余45% | α=6→6min/% τ=224min → 需101.8kWh(充16.4min)
[charge_scheduler-1] [INFO] [1785334841.174754488] [charge_scheduler]:   车#11 [电动装载机350|light] 位置(-72.8,-15.6) 容量350kWh 剩余18% | α=6→6min/% τ=83min → 需223.7kWh(充36.2min)
[charge_scheduler-1] [INFO] [1785334841.174776857] [charge_scheduler]:   车#12 [重型叉车|heavy→降级] 位置(-61.7,-20.7) 容量200kWh 剩余62% | α=3→6min/% τ=230min → 需37.1kWh(充6.0min)
[charge_scheduler-1] [INFO] [1785334841.174789680] [charge_scheduler]:   车#13 [电动装载机282|light] 位置(-133.0,-25.3) 容量282kWh 剩余28% | α=6→6min/% τ=129min → 需151.2kWh(充24.4min)
[charge_scheduler-1] [INFO] [1785334841.174802342] [charge_scheduler]:   车#14 [电动装载机350|light] 位置(-132.0,-8.9) 容量350kWh 剩余52% | α=6→6min/% τ=301min → 需101.0kWh(充16.3min)
[charge_scheduler-1] [INFO] [1785334841.174815178] [charge_scheduler]:   车#15 [重型叉车|light] 位置(-120.0,7.9) 容量200kWh 剩余12% | α=6→6min/% τ=45min → 需140.2kWh(充22.7min)
[charge_scheduler-1] [INFO] [1785334841.174827505] [charge_scheduler]:   车#16 [电动装载机282|light] 位置(-43.8,-82.9) 容量282kWh 剩余38% | α=6→6min/% τ=185min → 需122.1kWh(充19.7min)
[charge_scheduler-1] [INFO] [1785334841.174840710] [charge_scheduler]:   车#17 [电动装载机350|light] 位置(-31.1,-74.7) 容量350kWh 剩余58% | α=6→6min/% τ=339min → 需79.4kWh(充12.8min)
[charge_scheduler-1] [INFO] [1785334841.174853269] [charge_scheduler]:   车#18 [重型叉车|heavy→降级] 位置(-75.4,-68.2) 容量200kWh 剩余22% | α=3→6min/% τ=102min → 需119.6kWh(充19.3min)
[charge_scheduler-1] [INFO] [1785334841.174868690] [charge_scheduler]:   车#19 [电动装载机282|light] 位置(-88.2,47.1) 容量282kWh 剩余48% | α=6→6min/% τ=241min → 需93.0kWh(充15.0min)
[charge_scheduler-1] [INFO] [1785334841.174881287] [charge_scheduler]:   车#20 [电动装载机350|light] 位置(-71.4,16.3) 容量350kWh 剩余33% | α=6→6min/% τ=179min → 需169.6kWh(充27.4min)
[charge_scheduler-1] [INFO] [1785334841.174925042] [charge_scheduler]:   车#21 [重型叉车|heavy→降级] 位置(-122.0,-0.6) 容量200kWh 剩余65% | α=3→6min/% τ=240min → 需30.9kWh(充5.0min)
[charge_scheduler-1] [INFO] [1785334841.174939459] [charge_scheduler]:   车#22 [电动装载机282|light] 位置(-71.6,11.6) 容量282kWh 剩余16% | α=6→6min/% τ=62min → 需186.1kWh(充30.1min)
[charge_scheduler-1] [INFO] [1785334841.174953349] [charge_scheduler]:   车#23 [电动装载机350|light] 位置(-131.0,37.2) 容量350kWh 剩余42% | α=6→6min/% τ=237min → 需137.1kWh(充22.2min)
[charge_scheduler-1] [INFO] [1785334841.174967207] [charge_scheduler]:   车#24 [重型叉车|heavy→降级] 位置(-51.3,5.9) 容量200kWh 剩余25% | α=3→6min/% τ=112min → 需113.4kWh(充18.3min)
[charge_scheduler-1] [INFO] [1785334841.174980379] [charge_scheduler]:   车#25 [电动装载机282|light] 位置(-62.2,-10.7) 容量282kWh 剩余55% | α=6→6min/% τ=280min → 需72.7kWh(充11.8min)
[charge_scheduler-1] [INFO] [1785334841.174994923] [charge_scheduler]:   车#26 [电动装载机350|light] 位置(-116.0,60.4) 容量350kWh 剩余30% | α=6→6min/% τ=160min → 需180.4kWh(充29.2min)
[charge_scheduler-1] [INFO] [1785334841.175007366] [charge_scheduler]:   车#27 [重型叉车|heavy→降级] 位置(-90.4,60.5) 容量200kWh 剩余68% | α=3→6min/% τ=250min → 需24.7kWh(充4.0min)
[charge_scheduler-1] [INFO] [1785334841.175019922] [charge_scheduler]:   车#28 [电动装载机282|light] 位置(-85.5,-46.0) 容量282kWh 剩余20% | α=6→6min/% τ=84min → 需174.4kWh(充28.2min)
[charge_scheduler-1] [INFO] [1785334841.175032601] [charge_scheduler]:   车#29 [电动装载机350|light] 位置(-87.0,-36.6) 容量350kWh 剩余36% | α=6→6min/% τ=198min → 需158.8kWh(充25.7min)
[charge_scheduler-1] [INFO] [1785334841.185278523] [charge_scheduler]: [Scheduler] 闭环接口: threshold=10.0min | event_sim=on | policy=all | structured_feedback=optional (/task_planner/execution_event)
[charge_scheduler-1] [INFO] [1785334841.185338138] [charge_scheduler]: [Scheduler] 已启动, 等待地图...
[charge_scheduler-1] [INFO] [1785334841.249618721] [charge_scheduler]: [Scheduler] RoutingGraph 就绪
[charge_scheduler-1] [INFO] [1785334841.249983269] [charge_scheduler]: [Scheduler] 提取到 6 条虚线捷径
[charge_scheduler-1] [INFO] [1785334841.269146990] [charge_scheduler]: [Scheduler] 下层兼容增强图: 166 节点, 6 条虚线掉头边
[charge_scheduler-1] [INFO] [1785334848.374611271] [charge_scheduler]: [Scheduler] 距离矩阵完成 31x31, 7105.4 ms | 模式=maneuver | 真实不可达=0 抽象不可达=0 | 缺少对向投影节点=0
[charge_scheduler-1] [INFO] [1785334848.374748351] [charge_scheduler]:   ✓ 比值自检：930 个 OD 满足 机动/直线≥1 | 均值=2.97 最大=42.81 (车#15→车#21)
[charge_scheduler-1] [INFO] [1785334848.374768527] [charge_scheduler]: [Scheduler] 地图就绪, 166 条 lanelet（与下层一致）
[charge_scheduler-1] [INFO] [1785334848.374884968] [charge_scheduler]: ======== 开始VRPTW调度 30 辆车 ========
[charge_scheduler-1] [INFO] [1785334848.374895898] [charge_scheduler]:   规模30>8 → 启发式(alns)
[charge_scheduler-1] [INFO] [1785334901.306961109] [charge_scheduler]: [ALNS] objective_order=Tover,Nlate,Ctotal seed=10 iters=15000 | N_late=9(成功率70.0%) T_overtime=145.8min C_total=5736.9m | 趟数=11 makespan=378.4min
[charge_scheduler-1] [INFO] [1785334901.307029424] [charge_scheduler]:   求解耗时 52932.1 ms
[charge_scheduler-1] [INFO] [1785334901.307036837] [charge_scheduler]: ════════ 调度结果 ════════
[charge_scheduler-1] [INFO] [1785334901.307041042] [charge_scheduler]:   ★目标(字典序): objective_order=Tover,Nlate,Ctotal | N_late=9 辆 (按时成功率 21/30 = 70.0%)  T_overtime=145.8min  C_total=5736.9m
[charge_scheduler-1] [INFO] [1785334901.307046658] [charge_scheduler]:   附: 趟数=11 | makespan=378.4min | 能量可行=是
[charge_scheduler-1] [INFO] [1785334901.307057425] [charge_scheduler]:   [充电车2] 趟1: 站 → 车#9(到2.2/限116.0✓) → 车#3(到27.9/限32.0✓) → 车#18(到53.6/限102.4✓) → 车#1(到77.2/限96.0✓) → 站
[charge_scheduler-1] [INFO] [1785334901.307063279] [charge_scheduler]:   [充电车1] 趟2: 站 → 车#4(到1.4/限212.0✓) → 车#8(到13.7/限196.0✓) → 车#22(到27.8/限61.6✓) → 车#11(到60.7/限83.2✓) → 站
[charge_scheduler-1] [INFO] [1785334901.307069258] [charge_scheduler]:   [充电车3] 趟3: 站 → 车#27(到2.1/限249.6✓) → 车#21(到8.2/限240.0✓) → 车#12(到16.2/限230.4✓) → 车#15(到25.1/限44.8✓) → 车#7(到50.9/限64.0✓) → 车#28(到75.5/限84.0✓) → 站
[charge_scheduler-1] [INFO] [1785334901.307113517] [charge_scheduler]:   [充电车1] 趟4: 站 → 车#5(到118.1/限128.0✓) → 车#20(到162.1/限179.2✓) → 站
[charge_scheduler-1] [INFO] [1785334901.307119459] [charge_scheduler]:   [充电车2] 趟5: 站 → 车#24(到114.4/限112.0✗超时) → 车#26(到141.2/限160.0✓) → 车#16(到187.0/限184.8✗超时) → 站
[charge_scheduler-1] [INFO] [1785334901.307124677] [charge_scheduler]:   [充电车3] 趟6: 站 → 车#13(到124.9/限128.8✓) → 车#0(到163.0/限168.0✓) → 车#10(到201.5/限224.0✓) → 站
[charge_scheduler-1] [INFO] [1785334901.307128861] [charge_scheduler]:   [充电车1] 趟7: 站 → 车#29(到217.6/限198.4✗超时) → 车#19(到264.2/限240.8✗超时) → 站
[charge_scheduler-1] [INFO] [1785334901.307133121] [charge_scheduler]:   [充电车2] 趟8: 站 → 车#6(到237.8/限176.0✗超时) → 车#25(到283.0/限280.0✗超时) → 站
[charge_scheduler-1] [INFO] [1785334901.307137050] [charge_scheduler]:   [充电车1] 趟9: 站 → 车#14(到314.7/限300.8✗超时) → 站
[charge_scheduler-1] [INFO] [1785334901.307141291] [charge_scheduler]:   [充电车2] 趟10: 站 → 车#17(到332.5/限339.2✓) → 站
[charge_scheduler-1] [INFO] [1785334901.307145384] [charge_scheduler]:   [充电车3] 趟11: 站 → 车#23(到249.0/限236.8✗超时) → 车#2(到295.7/限288.0✗超时) → 站
[charge_scheduler-1] [INFO] [1785334901.307148539] [charge_scheduler]: ════════════════════════
[charge_scheduler-1] [INFO] [1785334901.307205234] [charge_scheduler]: [扰动清单] type=station delay=60.0min targets={} station={C1-S1,C2-S1,}
[charge_scheduler-1] [INFO] [1785334901.307220066] [charge_scheduler]: [执行事件] loop=open plan_v=0 C3 type=target_service target=27 station_ord=0 planned_finish=6.36 actual_finish=6.36 dev=+0.00 injected=0.0
[charge_scheduler-1] [INFO] [1785334901.307227020] [charge_scheduler]: [执行事件] loop=open plan_v=0 C1 type=target_service target=4 station_ord=0 planned_finish=11.04 actual_finish=11.04 dev=+0.00 injected=0.0
[charge_scheduler-1] [INFO] [1785334901.307232985] [charge_scheduler]: [执行事件] loop=open plan_v=0 C3 type=target_service target=21 station_ord=0 planned_finish=14.00 actual_finish=14.00 dev=+0.00 injected=0.0
[charge_scheduler-1] [INFO] [1785334901.307238635] [charge_scheduler]: [执行事件] loop=open plan_v=0 C3 type=target_service target=12 station_ord=0 planned_finish=23.83 actual_finish=23.83 dev=+0.00 injected=0.0
[charge_scheduler-1] [INFO] [1785334901.307244100] [charge_scheduler]: [执行事件] loop=open plan_v=0 C2 type=target_service target=9 station_ord=0 planned_finish=25.99 actual_finish=25.99 dev=+0.00 injected=0.0
[charge_scheduler-1] [INFO] [1785334901.307249316] [charge_scheduler]: [执行事件] loop=open plan_v=0 C1 type=target_service target=8 station_ord=0 planned_finish=27.46 actual_finish=27.46 dev=+0.00 injected=0.0
[charge_scheduler-1] [INFO] [1785334901.307254534] [charge_scheduler]: [执行事件] loop=open plan_v=0 C3 type=target_service target=15 station_ord=0 planned_finish=49.07 actual_finish=49.07 dev=+0.00 injected=0.0
[charge_scheduler-1] [INFO] [1785334901.307259755] [charge_scheduler]: [执行事件] loop=open plan_v=0 C2 type=target_service target=3 station_ord=0 planned_finish=52.69 actual_finish=52.69 dev=+0.00 injected=0.0
[charge_scheduler-1] [INFO] [1785334901.307265257] [charge_scheduler]: [执行事件] loop=open plan_v=0 C1 type=target_service target=22 station_ord=0 planned_finish=60.21 actual_finish=60.21 dev=+0.00 injected=0.0
[charge_scheduler-1] [INFO] [1785334901.307270707] [charge_scheduler]: [执行事件] loop=open plan_v=0 C3 type=target_service target=7 station_ord=0 planned_finish=75.27 actual_finish=75.27 dev=+0.00 injected=0.0
[charge_scheduler-1] [INFO] [1785334901.307276069] [charge_scheduler]: [执行事件] loop=open plan_v=0 C2 type=target_service target=18 station_ord=0 planned_finish=76.02 actual_finish=76.02 dev=+0.00 injected=0.0
[charge_scheduler-1] [INFO] [1785334901.307281362] [charge_scheduler]: [执行事件] loop=open plan_v=0 C2 type=target_service target=1 station_ord=0 planned_finish=101.21 actual_finish=101.21 dev=+0.00 injected=0.0
[charge_scheduler-1] [INFO] [1785334901.307287627] [charge_scheduler]: [执行事件] loop=open plan_v=0 C1 type=target_service target=11 station_ord=0 planned_finish=102.44 actual_finish=102.44 dev=+0.00 injected=0.0
[charge_scheduler-1] [INFO] [1785334901.307296872] [charge_scheduler]: [执行事件] loop=open plan_v=0 C3 type=target_service target=28 station_ord=0 planned_finish=110.06 actual_finish=110.06 dev=+0.00 injected=0.0
[charge_scheduler-1] [INFO] [1785334901.307302528] [charge_scheduler]: [执行事件] loop=open plan_v=0 C3 type=station_turnaround target=-1 station_ord=1 planned_finish=122.09 actual_finish=122.09 dev=+0.00 injected=0.0
[charge_scheduler-1] [INFO] [1785334901.307308227] [charge_scheduler]: [执行事件] loop=open plan_v=0 C3 type=target_service target=13 station_ord=0 planned_finish=159.81 actual_finish=159.81 dev=+0.00 injected=0.0
[charge_scheduler-1] [INFO] [1785334901.307313611] [charge_scheduler]: [执行事件] loop=open plan_v=0 C2 type=station_turnaround target=-1 station_ord=1 planned_finish=113.63 actual_finish=173.63 dev=+60.00 injected=60.0
[charge_scheduler-1] [INFO] [1785334901.307319494] [charge_scheduler]: [执行事件] loop=open plan_v=0 C1 type=station_turnaround target=-1 station_ord=1 planned_finish=114.93 actual_finish=174.93 dev=+60.00 injected=60.0
[charge_scheduler-1] [INFO] [1785334901.307325054] [charge_scheduler]: [执行事件] loop=open plan_v=0 C3 type=target_service target=0 station_ord=0 planned_finish=197.86 actual_finish=197.86 dev=+0.00 injected=0.0
[charge_scheduler-1] [INFO] [1785334901.307330594] [charge_scheduler]: [执行事件] loop=open plan_v=0 C2 type=target_service target=24 station_ord=0 planned_finish=139.45 actual_finish=199.45 dev=+60.00 injected=0.0
[charge_scheduler-1] [INFO] [1785334901.307336153] [charge_scheduler]: [执行事件] loop=open plan_v=0 C1 type=target_service target=5 station_ord=0 planned_finish=160.95 actual_finish=221.86 dev=+60.90 injected=0.0
[charge_scheduler-1] [INFO] [1785334901.307342508] [charge_scheduler]: [执行事件] loop=open plan_v=0 C3 type=target_service target=10 station_ord=0 planned_finish=234.81 actual_finish=234.81 dev=+0.00 injected=0.0
[charge_scheduler-1] [INFO] [1785334901.307347923] [charge_scheduler]: [执行事件] loop=open plan_v=0 C2 type=target_service target=26 station_ord=0 planned_finish=183.28 actual_finish=244.99 dev=+61.71 injected=0.0
[charge_scheduler-1] [INFO] [1785334901.307353358] [charge_scheduler]: [执行事件] loop=open plan_v=0 C3 type=station_turnaround target=-1 station_ord=2 planned_finish=246.46 actual_finish=246.46 dev=+0.00 injected=0.0
[charge_scheduler-1] [INFO] [1785334901.307358781] [charge_scheduler]: [执行事件] loop=open plan_v=0 C1 type=target_service target=20 station_ord=0 planned_finish=204.28 actual_finish=266.74 dev=+62.46 injected=0.0
[charge_scheduler-1] [INFO] [1785334901.307364355] [charge_scheduler]: [执行事件] loop=open plan_v=0 C1 type=station_turnaround target=-1 station_ord=2 planned_finish=215.67 actual_finish=278.13 dev=+62.46 injected=0.0
[charge_scheduler-1] [INFO] [1785334901.307369907] [charge_scheduler]: [执行事件] loop=open plan_v=0 C2 type=target_service target=16 station_ord=0 planned_finish=222.23 actual_finish=283.94 dev=+61.71 injected=0.0
[charge_scheduler-1] [INFO] [1785334901.307375730] [charge_scheduler]: [执行事件] loop=open plan_v=0 C3 type=target_service target=23 station_ord=0 planned_finish=292.75 actual_finish=292.75 dev=+0.00 injected=0.0
[charge_scheduler-1] [INFO] [1785334901.307381004] [charge_scheduler]: [执行事件] loop=open plan_v=0 C2 type=station_turnaround target=-1 station_ord=2 planned_finish=234.95 actual_finish=296.66 dev=+61.71 injected=0.0
[charge_scheduler-1] [INFO] [1785334901.307386555] [charge_scheduler]: [执行事件] loop=open plan_v=0 C1 type=target_service target=29 station_ord=0 planned_finish=261.32 actual_finish=323.78 dev=+62.46 injected=0.0
[charge_scheduler-1] [INFO] [1785334901.307392028] [charge_scheduler]: [执行事件] loop=open plan_v=0 C3 type=target_service target=2 station_ord=0 planned_finish=339.49 actual_finish=339.49 dev=+0.00 injected=0.0
[charge_scheduler-1] [INFO] [1785334901.307397293] [charge_scheduler]: [执行事件] loop=open plan_v=0 C3 type=final_return target=-1 station_ord=0 planned_finish=341.42 actual_finish=341.42 dev=+0.00 injected=0.0
[charge_scheduler-1] [INFO] [1785334901.307402493] [charge_scheduler]: [执行事件] loop=open plan_v=0 C2 type=target_service target=6 station_ord=0 planned_finish=281.51 actual_finish=343.22 dev=+61.71 injected=0.0
[charge_scheduler-1] [INFO] [1785334901.307409365] [charge_scheduler]: [执行事件] loop=open plan_v=0 C1 type=target_service target=19 station_ord=0 planned_finish=299.41 actual_finish=361.87 dev=+62.46 injected=0.0
[charge_scheduler-1] [INFO] [1785334901.307414890] [charge_scheduler]: [执行事件] loop=open plan_v=0 C1 type=station_turnaround target=-1 station_ord=3 planned_finish=311.61 actual_finish=374.08 dev=+62.46 injected=0.0
[charge_scheduler-1] [INFO] [1785334901.307420421] [charge_scheduler]: [执行事件] loop=open plan_v=0 C2 type=target_service target=25 station_ord=0 planned_finish=318.28 actual_finish=379.99 dev=+61.71 injected=0.0
[charge_scheduler-1] [INFO] [1785334901.307425826] [charge_scheduler]: [执行事件] loop=open plan_v=0 C2 type=station_turnaround target=-1 station_ord=3 planned_finish=329.56 actual_finish=391.27 dev=+61.71 injected=0.0
[charge_scheduler-1] [INFO] [1785334901.307431320] [charge_scheduler]: [执行事件] loop=open plan_v=0 C1 type=target_service target=14 station_ord=0 planned_finish=358.42 actual_finish=420.88 dev=+62.46 injected=0.0
[charge_scheduler-1] [INFO] [1785334901.307436659] [charge_scheduler]: [执行事件] loop=open plan_v=0 C1 type=final_return target=-1 station_ord=0 planned_finish=362.18 actual_finish=424.64 dev=+62.46 injected=0.0
[charge_scheduler-1] [INFO] [1785334901.307441942] [charge_scheduler]: [执行事件] loop=open plan_v=0 C2 type=target_service target=17 station_ord=0 planned_finish=375.60 actual_finish=437.93 dev=+62.32 injected=0.0
[charge_scheduler-1] [INFO] [1785334901.307447069] [charge_scheduler]: [执行事件] loop=open plan_v=0 C2 type=final_return target=-1 station_ord=0 planned_finish=378.39 actual_finish=440.72 dev=+62.32 injected=0.0
[charge_scheduler-1] [INFO] [1785334901.307460392] [charge_scheduler]: [执行事件] loop=fixed plan_v=0 C3 type=target_service target=27 station_ord=0 planned_finish=6.36 actual_finish=6.36 dev=+0.00 injected=0.0
[charge_scheduler-1] [INFO] [1785334901.307465761] [charge_scheduler]: [执行事件] loop=fixed plan_v=0 C1 type=target_service target=4 station_ord=0 planned_finish=11.04 actual_finish=11.04 dev=+0.00 injected=0.0
[charge_scheduler-1] [INFO] [1785334901.307471193] [charge_scheduler]: [执行事件] loop=fixed plan_v=0 C3 type=target_service target=21 station_ord=0 planned_finish=14.00 actual_finish=14.00 dev=+0.00 injected=0.0
[charge_scheduler-1] [INFO] [1785334901.307476567] [charge_scheduler]: [执行事件] loop=fixed plan_v=0 C3 type=target_service target=12 station_ord=0 planned_finish=23.83 actual_finish=23.83 dev=+0.00 injected=0.0
[charge_scheduler-1] [INFO] [1785334901.307481938] [charge_scheduler]: [执行事件] loop=fixed plan_v=0 C2 type=target_service target=9 station_ord=0 planned_finish=25.99 actual_finish=25.99 dev=+0.00 injected=0.0
[charge_scheduler-1] [INFO] [1785334901.307487182] [charge_scheduler]: [执行事件] loop=fixed plan_v=0 C1 type=target_service target=8 station_ord=0 planned_finish=27.46 actual_finish=27.46 dev=+0.00 injected=0.0
[charge_scheduler-1] [INFO] [1785334901.307499040] [charge_scheduler]: [执行事件] loop=fixed plan_v=0 C3 type=target_service target=15 station_ord=0 planned_finish=49.07 actual_finish=49.07 dev=+0.00 injected=0.0
[charge_scheduler-1] [INFO] [1785334901.307504724] [charge_scheduler]: [执行事件] loop=fixed plan_v=0 C2 type=target_service target=3 station_ord=0 planned_finish=52.69 actual_finish=52.69 dev=+0.00 injected=0.0
[charge_scheduler-1] [INFO] [1785334901.307510054] [charge_scheduler]: [执行事件] loop=fixed plan_v=0 C1 type=target_service target=22 station_ord=0 planned_finish=60.21 actual_finish=60.21 dev=+0.00 injected=0.0
[charge_scheduler-1] [INFO] [1785334901.307515206] [charge_scheduler]: [执行事件] loop=fixed plan_v=0 C3 type=target_service target=7 station_ord=0 planned_finish=75.27 actual_finish=75.27 dev=+0.00 injected=0.0
[charge_scheduler-1] [INFO] [1785334901.307520475] [charge_scheduler]: [执行事件] loop=fixed plan_v=0 C2 type=target_service target=18 station_ord=0 planned_finish=76.02 actual_finish=76.02 dev=+0.00 injected=0.0
[charge_scheduler-1] [INFO] [1785334901.307525801] [charge_scheduler]: [执行事件] loop=fixed plan_v=0 C2 type=target_service target=1 station_ord=0 planned_finish=101.21 actual_finish=101.21 dev=+0.00 injected=0.0
[charge_scheduler-1] [INFO] [1785334901.307531480] [charge_scheduler]: [执行事件] loop=fixed plan_v=0 C1 type=target_service target=11 station_ord=0 planned_finish=102.44 actual_finish=102.44 dev=+0.00 injected=0.0
[charge_scheduler-1] [INFO] [1785334901.307539780] [charge_scheduler]: [执行事件] loop=fixed plan_v=0 C3 type=target_service target=28 station_ord=0 planned_finish=110.06 actual_finish=110.06 dev=+0.00 injected=0.0
[charge_scheduler-1] [INFO] [1785334901.307545201] [charge_scheduler]: [执行事件] loop=fixed plan_v=0 C3 type=station_turnaround target=-1 station_ord=1 planned_finish=122.09 actual_finish=122.09 dev=+0.00 injected=0.0
[charge_scheduler-1] [INFO] [1785334901.307550923] [charge_scheduler]: [执行事件] loop=fixed plan_v=0 C3 type=target_service target=13 station_ord=0 planned_finish=159.81 actual_finish=159.81 dev=+0.00 injected=0.0
[charge_scheduler-1] [INFO] [1785334901.307556354] [charge_scheduler]: [执行事件] loop=fixed plan_v=0 C2 type=station_turnaround target=-1 station_ord=1 planned_finish=113.63 actual_finish=173.63 dev=+60.00 injected=60.0
[charge_scheduler-1] [WARN] [1785334901.916521618] [charge_scheduler]: [重调度事件] policy=fixed #1 t=173.63min trigger=C2/station_turnaround dev=+60.00 pool=14 committed=1 plan_v=1 solve_ms=608.9 changed_assign=0 changed_order=10
[charge_scheduler-1] [INFO] [1785334901.916593057] [charge_scheduler]: [执行事件] loop=fixed plan_v=0 C1 type=station_turnaround target=-1 station_ord=1 planned_finish=114.93 actual_finish=174.93 dev=+60.00 injected=60.0
[charge_scheduler-1] [WARN] [1785334902.499795316] [charge_scheduler]: [重调度事件] policy=fixed #2 t=174.93min trigger=C1/station_turnaround dev=+60.00 pool=13 committed=2 plan_v=2 solve_ms=583.1 changed_assign=0 changed_order=0
[charge_scheduler-1] [INFO] [1785334902.499871628] [charge_scheduler]: [执行事件] loop=fixed plan_v=0 C3 type=target_service target=0 station_ord=0 planned_finish=197.86 actual_finish=197.86 dev=+0.00 injected=0.0
[charge_scheduler-1] [INFO] [1785334902.499888067] [charge_scheduler]: [执行事件] loop=fixed plan_v=1 C2 type=target_service target=24 station_ord=0 planned_finish=199.45 actual_finish=199.45 dev=+0.00 injected=0.0
[charge_scheduler-1] [INFO] [1785334902.499897979] [charge_scheduler]: [执行事件] loop=fixed plan_v=2 C1 type=target_service target=5 station_ord=0 planned_finish=221.86 actual_finish=221.86 dev=+0.00 injected=0.0
[charge_scheduler-1] [INFO] [1785334902.499907303] [charge_scheduler]: [执行事件] loop=fixed plan_v=2 C3 type=target_service target=10 station_ord=0 planned_finish=234.81 actual_finish=234.81 dev=+0.00 injected=0.0
[charge_scheduler-1] [INFO] [1785334902.499917561] [charge_scheduler]: [执行事件] loop=fixed plan_v=2 C2 type=target_service target=16 station_ord=0 planned_finish=236.54 actual_finish=236.54 dev=+0.00 injected=0.0
[charge_scheduler-1] [INFO] [1785334902.499926730] [charge_scheduler]: [执行事件] loop=fixed plan_v=2 C3 type=station_turnaround target=-1 station_ord=2 planned_finish=246.46 actual_finish=246.46 dev=+0.00 injected=0.0
[charge_scheduler-1] [INFO] [1785334902.499939887] [charge_scheduler]: [执行事件] loop=fixed plan_v=2 C1 type=target_service target=20 station_ord=0 planned_finish=266.74 actual_finish=266.74 dev=+0.00 injected=0.0
[charge_scheduler-1] [INFO] [1785334902.499948714] [charge_scheduler]: [执行事件] loop=fixed plan_v=2 C2 type=target_service target=25 station_ord=0 planned_finish=269.82 actual_finish=269.82 dev=+0.00 injected=0.0
[charge_scheduler-1] [INFO] [1785334902.499956800] [charge_scheduler]: [执行事件] loop=fixed plan_v=2 C1 type=station_turnaround target=-1 station_ord=2 planned_finish=278.13 actual_finish=278.13 dev=+0.00 injected=0.0
[charge_scheduler-1] [INFO] [1785334902.499965065] [charge_scheduler]: [执行事件] loop=fixed plan_v=2 C2 type=station_turnaround target=-1 station_ord=2 planned_finish=281.10 actual_finish=281.10 dev=+0.00 injected=0.0
[charge_scheduler-1] [INFO] [1785334902.499973437] [charge_scheduler]: [执行事件] loop=fixed plan_v=2 C3 type=target_service target=23 station_ord=0 planned_finish=292.75 actual_finish=292.75 dev=+0.00 injected=0.0
[charge_scheduler-1] [INFO] [1785334902.499981810] [charge_scheduler]: [执行事件] loop=fixed plan_v=2 C1 type=target_service target=19 station_ord=0 planned_finish=316.80 actual_finish=316.80 dev=+0.00 injected=0.0
[charge_scheduler-1] [INFO] [1785334902.499990365] [charge_scheduler]: [执行事件] loop=fixed plan_v=2 C2 type=target_service target=26 station_ord=0 planned_finish=327.37 actual_finish=327.37 dev=+0.00 injected=0.0
[charge_scheduler-1] [INFO] [1785334902.500033002] [charge_scheduler]: [执行事件] loop=fixed plan_v=2 C3 type=target_service target=2 station_ord=0 planned_finish=339.49 actual_finish=339.49 dev=+0.00 injected=0.0
[charge_scheduler-1] [INFO] [1785334902.500041119] [charge_scheduler]: [执行事件] loop=fixed plan_v=2 C3 type=final_return target=-1 station_ord=0 planned_finish=341.42 actual_finish=341.42 dev=+0.00 injected=0.0
[charge_scheduler-1] [INFO] [1785334902.500048719] [charge_scheduler]: [执行事件] loop=fixed plan_v=2 C1 type=target_service target=29 station_ord=0 planned_finish=362.53 actual_finish=362.53 dev=+0.00 injected=0.0
[charge_scheduler-1] [INFO] [1785334902.500056671] [charge_scheduler]: [执行事件] loop=fixed plan_v=2 C1 type=station_turnaround target=-1 station_ord=3 planned_finish=374.71 actual_finish=374.71 dev=+0.00 injected=0.0
[charge_scheduler-1] [INFO] [1785334902.500064696] [charge_scheduler]: [执行事件] loop=fixed plan_v=2 C2 type=target_service target=6 station_ord=0 planned_finish=375.06 actual_finish=375.06 dev=+0.00 injected=0.0
[charge_scheduler-1] [INFO] [1785334902.500072419] [charge_scheduler]: [执行事件] loop=fixed plan_v=2 C2 type=station_turnaround target=-1 station_ord=3 planned_finish=387.75 actual_finish=387.75 dev=+0.00 injected=0.0
[charge_scheduler-1] [INFO] [1785334902.500080004] [charge_scheduler]: [执行事件] loop=fixed plan_v=2 C1 type=target_service target=14 station_ord=0 planned_finish=421.52 actual_finish=421.52 dev=+0.00 injected=0.0
[charge_scheduler-1] [INFO] [1785334902.500087648] [charge_scheduler]: [执行事件] loop=fixed plan_v=2 C1 type=final_return target=-1 station_ord=0 planned_finish=425.28 actual_finish=425.28 dev=+0.00 injected=0.0
[charge_scheduler-1] [INFO] [1785334902.500096151] [charge_scheduler]: [执行事件] loop=fixed plan_v=2 C2 type=target_service target=17 station_ord=0 planned_finish=434.41 actual_finish=434.41 dev=+0.00 injected=0.0
[charge_scheduler-1] [INFO] [1785334902.500107133] [charge_scheduler]: [执行事件] loop=fixed plan_v=2 C2 type=final_return target=-1 station_ord=0 planned_finish=437.20 actual_finish=437.20 dev=+0.00 injected=0.0
[charge_scheduler-1] [INFO] [1785334902.500149416] [charge_scheduler]: [执行事件] loop=global plan_v=0 C3 type=target_service target=27 station_ord=0 planned_finish=6.36 actual_finish=6.36 dev=+0.00 injected=0.0
[charge_scheduler-1] [INFO] [1785334902.500161547] [charge_scheduler]: [执行事件] loop=global plan_v=0 C1 type=target_service target=4 station_ord=0 planned_finish=11.04 actual_finish=11.04 dev=+0.00 injected=0.0
[charge_scheduler-1] [INFO] [1785334902.500183900] [charge_scheduler]: [执行事件] loop=global plan_v=0 C3 type=target_service target=21 station_ord=0 planned_finish=14.00 actual_finish=14.00 dev=+0.00 injected=0.0
[charge_scheduler-1] [INFO] [1785334902.500196564] [charge_scheduler]: [执行事件] loop=global plan_v=0 C3 type=target_service target=12 station_ord=0 planned_finish=23.83 actual_finish=23.83 dev=+0.00 injected=0.0
[charge_scheduler-1] [INFO] [1785334902.500209844] [charge_scheduler]: [执行事件] loop=global plan_v=0 C2 type=target_service target=9 station_ord=0 planned_finish=25.99 actual_finish=25.99 dev=+0.00 injected=0.0
[charge_scheduler-1] [INFO] [1785334902.500224650] [charge_scheduler]: [执行事件] loop=global plan_v=0 C1 type=target_service target=8 station_ord=0 planned_finish=27.46 actual_finish=27.46 dev=+0.00 injected=0.0
[charge_scheduler-1] [INFO] [1785334902.500237758] [charge_scheduler]: [执行事件] loop=global plan_v=0 C3 type=target_service target=15 station_ord=0 planned_finish=49.07 actual_finish=49.07 dev=+0.00 injected=0.0
[charge_scheduler-1] [INFO] [1785334902.500249770] [charge_scheduler]: [执行事件] loop=global plan_v=0 C2 type=target_service target=3 station_ord=0 planned_finish=52.69 actual_finish=52.69 dev=+0.00 injected=0.0
[charge_scheduler-1] [INFO] [1785334902.500263455] [charge_scheduler]: [执行事件] loop=global plan_v=0 C1 type=target_service target=22 station_ord=0 planned_finish=60.21 actual_finish=60.21 dev=+0.00 injected=0.0
[charge_scheduler-1] [INFO] [1785334902.500278155] [charge_scheduler]: [执行事件] loop=global plan_v=0 C3 type=target_service target=7 station_ord=0 planned_finish=75.27 actual_finish=75.27 dev=+0.00 injected=0.0
[charge_scheduler-1] [INFO] [1785334902.500290464] [charge_scheduler]: [执行事件] loop=global plan_v=0 C2 type=target_service target=18 station_ord=0 planned_finish=76.02 actual_finish=76.02 dev=+0.00 injected=0.0
[charge_scheduler-1] [INFO] [1785334902.500311072] [charge_scheduler]: [执行事件] loop=global plan_v=0 C2 type=target_service target=1 station_ord=0 planned_finish=101.21 actual_finish=101.21 dev=+0.00 injected=0.0
[charge_scheduler-1] [INFO] [1785334902.500326360] [charge_scheduler]: [执行事件] loop=global plan_v=0 C1 type=target_service target=11 station_ord=0 planned_finish=102.44 actual_finish=102.44 dev=+0.00 injected=0.0
[charge_scheduler-1] [INFO] [1785334902.500342751] [charge_scheduler]: [执行事件] loop=global plan_v=0 C3 type=target_service target=28 station_ord=0 planned_finish=110.06 actual_finish=110.06 dev=+0.00 injected=0.0
[charge_scheduler-1] [INFO] [1785334902.500355771] [charge_scheduler]: [执行事件] loop=global plan_v=0 C3 type=station_turnaround target=-1 station_ord=1 planned_finish=122.09 actual_finish=122.09 dev=+0.00 injected=0.0
[charge_scheduler-1] [INFO] [1785334902.500369954] [charge_scheduler]: [执行事件] loop=global plan_v=0 C3 type=target_service target=13 station_ord=0 planned_finish=159.81 actual_finish=159.81 dev=+0.00 injected=0.0
[charge_scheduler-1] [INFO] [1785334902.500384191] [charge_scheduler]: [执行事件] loop=global plan_v=0 C2 type=station_turnaround target=-1 station_ord=1 planned_finish=113.63 actual_finish=173.63 dev=+60.00 injected=60.0
[charge_scheduler-1] [WARN] [1785334905.396828227] [charge_scheduler]: [重调度事件] policy=global #1 t=173.63min trigger=C2/station_turnaround dev=+60.00 pool=14 committed=1 plan_v=1 solve_ms=2896.4 changed_assign=9 changed_order=10
[charge_scheduler-1] [INFO] [1785334905.396918288] [charge_scheduler]: [执行事件] loop=global plan_v=0 C1 type=station_turnaround target=-1 station_ord=1 planned_finish=114.93 actual_finish=174.93 dev=+60.00 injected=60.0
[charge_scheduler-1] [WARN] [1785334907.989981293] [charge_scheduler]: [重调度事件] policy=global #2 t=174.93min trigger=C1/station_turnaround dev=+60.00 pool=13 committed=2 plan_v=2 solve_ms=2593.0 changed_assign=0 changed_order=0
[charge_scheduler-1] [INFO] [1785334907.990069756] [charge_scheduler]: [执行事件] loop=global plan_v=0 C3 type=target_service target=0 station_ord=0 planned_finish=197.86 actual_finish=197.86 dev=+0.00 injected=0.0
[charge_scheduler-1] [INFO] [1785334907.990093864] [charge_scheduler]: [执行事件] loop=global plan_v=1 C2 type=target_service target=24 station_ord=0 planned_finish=199.45 actual_finish=199.45 dev=+0.00 injected=0.0
[charge_scheduler-1] [INFO] [1785334907.990101819] [charge_scheduler]: [执行事件] loop=global plan_v=2 C1 type=target_service target=5 station_ord=0 planned_finish=221.86 actual_finish=221.86 dev=+0.00 injected=0.0
[charge_scheduler-1] [INFO] [1785334907.990109823] [charge_scheduler]: [执行事件] loop=global plan_v=2 C3 type=target_service target=10 station_ord=0 planned_finish=234.81 actual_finish=234.81 dev=+0.00 injected=0.0
[charge_scheduler-1] [INFO] [1785334907.990118904] [charge_scheduler]: [执行事件] loop=global plan_v=2 C2 type=target_service target=16 station_ord=0 planned_finish=236.54 actual_finish=236.54 dev=+0.00 injected=0.0
[charge_scheduler-1] [INFO] [1785334907.990126555] [charge_scheduler]: [执行事件] loop=global plan_v=2 C3 type=station_turnaround target=-1 station_ord=2 planned_finish=246.46 actual_finish=246.46 dev=+0.00 injected=0.0
[charge_scheduler-1] [INFO] [1785334907.990134438] [charge_scheduler]: [执行事件] loop=global plan_v=2 C1 type=target_service target=20 station_ord=0 planned_finish=266.74 actual_finish=266.74 dev=+0.00 injected=0.0
[charge_scheduler-1] [INFO] [1785334907.990152886] [charge_scheduler]: [执行事件] loop=global plan_v=2 C2 type=target_service target=19 station_ord=0 planned_finish=275.87 actual_finish=275.87 dev=+0.00 injected=0.0
[charge_scheduler-1] [INFO] [1785334907.990160084] [charge_scheduler]: [执行事件] loop=global plan_v=2 C1 type=station_turnaround target=-1 station_ord=2 planned_finish=278.13 actual_finish=278.13 dev=+0.00 injected=0.0
[charge_scheduler-1] [INFO] [1785334907.990167057] [charge_scheduler]: [执行事件] loop=global plan_v=2 C2 type=station_turnaround target=-1 station_ord=2 planned_finish=288.07 actual_finish=288.07 dev=+0.00 injected=0.0
[charge_scheduler-1] [INFO] [1785334907.990173906] [charge_scheduler]: [执行事件] loop=global plan_v=2 C3 type=target_service target=29 station_ord=0 planned_finish=292.11 actual_finish=292.11 dev=+0.00 injected=0.0
[charge_scheduler-1] [INFO] [1785334907.990181596] [charge_scheduler]: [执行事件] loop=global plan_v=2 C1 type=target_service target=25 station_ord=0 planned_finish=315.87 actual_finish=315.87 dev=+0.00 injected=0.0
[charge_scheduler-1] [INFO] [1785334907.990234286] [charge_scheduler]: [执行事件] loop=global plan_v=2 C2 type=target_service target=2 station_ord=0 planned_finish=333.86 actual_finish=333.86 dev=+0.00 injected=0.0
[charge_scheduler-1] [INFO] [1785334907.990240637] [charge_scheduler]: [执行事件] loop=global plan_v=2 C3 type=target_service target=6 station_ord=0 planned_finish=337.43 actual_finish=337.43 dev=+0.00 injected=0.0
[charge_scheduler-1] [INFO] [1785334907.990246596] [charge_scheduler]: [执行事件] loop=global plan_v=2 C3 type=station_turnaround target=-1 station_ord=3 planned_finish=350.12 actual_finish=350.12 dev=+0.00 injected=0.0
[charge_scheduler-1] [INFO] [1785334907.990252620] [charge_scheduler]: [执行事件] loop=global plan_v=2 C1 type=target_service target=23 station_ord=0 planned_finish=361.39 actual_finish=361.39 dev=+0.00 injected=0.0
[charge_scheduler-1] [INFO] [1785334907.990258727] [charge_scheduler]: [执行事件] loop=global plan_v=2 C1 type=station_turnaround target=-1 station_ord=3 planned_finish=374.45 actual_finish=374.45 dev=+0.00 injected=0.0
[charge_scheduler-1] [INFO] [1785334907.990264901] [charge_scheduler]: [执行事件] loop=global plan_v=2 C2 type=target_service target=14 station_ord=0 planned_finish=379.40 actual_finish=379.40 dev=+0.00 injected=0.0
[charge_scheduler-1] [INFO] [1785334907.990270963] [charge_scheduler]: [执行事件] loop=global plan_v=2 C2 type=final_return target=-1 station_ord=0 planned_finish=383.16 actual_finish=383.16 dev=+0.00 injected=0.0
[charge_scheduler-1] [INFO] [1785334907.990277557] [charge_scheduler]: [执行事件] loop=global plan_v=2 C3 type=target_service target=26 station_ord=0 planned_finish=396.40 actual_finish=396.40 dev=+0.00 injected=0.0
[charge_scheduler-1] [INFO] [1785334907.990283597] [charge_scheduler]: [执行事件] loop=global plan_v=2 C3 type=final_return target=-1 station_ord=0 planned_finish=399.70 actual_finish=399.70 dev=+0.00 injected=0.0
[charge_scheduler-1] [INFO] [1785334907.990289522] [charge_scheduler]: [执行事件] loop=global plan_v=2 C1 type=target_service target=17 station_ord=0 planned_finish=421.11 actual_finish=421.11 dev=+0.00 injected=0.0
[charge_scheduler-1] [INFO] [1785334907.990295356] [charge_scheduler]: [执行事件] loop=global plan_v=2 C1 type=final_return target=-1 station_ord=0 planned_finish=423.90 actual_finish=423.90 dev=+0.00 injected=0.0
[charge_scheduler-1] [INFO] [1785334907.990310957] [charge_scheduler]: ★闭环实验结果 mode=open M=30 K=3 disturbance=station delay=60.0 seed=10 N_late=13 T_overtime=768.394 C_total=5736.883 makespan=440.717 served=30 energy_viol=2 reschedules=0 reschedule_ms=0.000 changed_assign=0 changed_order=0 applied_target=0 applied_station=2 initial_solve_ms=52932.133 objective_order=Tover,Nlate,Ctotal
[charge_scheduler-1] [INFO] [1785334907.990321576] [charge_scheduler]: ★闭环实验结果 mode=fixed M=30 K=3 disturbance=station delay=60.0 seed=10 N_late=12 T_overtime=761.263 C_total=5779.476 makespan=437.200 served=30 energy_viol=0 reschedules=2 reschedule_ms=1192.025 changed_assign=0 changed_order=10 applied_target=0 applied_station=2 initial_solve_ms=52932.133 objective_order=Tover,Nlate,Ctotal
[charge_scheduler-1] [INFO] [1785334907.990330505] [charge_scheduler]: ★闭环实验收益 policy=fixed M=30 K=3 disturbance=station delay=60.0 seed=10 recovered_late=1 overtime_reduction=7.131 distance_delta=42.593 makespan_reduction=3.518
[charge_scheduler-1] [INFO] [1785334907.990337154] [charge_scheduler]: ★闭环实验结果 mode=closed M=30 K=3 disturbance=station delay=60.0 seed=10 N_late=12 T_overtime=689.695 C_total=5736.458 makespan=423.899 served=30 energy_viol=0 reschedules=2 reschedule_ms=5489.392 changed_assign=9 changed_order=10 applied_target=0 applied_station=2 initial_solve_ms=52932.133 objective_order=Tover,Nlate,Ctotal
[charge_scheduler-1] [INFO] [1785334907.990345026] [charge_scheduler]: ★闭环实验收益 policy=closed M=30 K=3 disturbance=station delay=60.0 seed=10 recovered_late=1 overtime_reduction=78.699 distance_delta=-0.425 makespan_reduction=16.818
