[INFO] [launch]: All log files can be found below /root/.ros/log/2026-07-29-13-08-07-821301-YYYY-14719
[INFO] [launch]: Default logging verbosity is set to INFO
[INFO] [charge_scheduler-1]: process started with pid [14721]
[charge_scheduler-1] [INFO] [1785330487.966871543] [charge_scheduler]: [目标顺序] objective_order=Tover,Nlate,Ctotal
[charge_scheduler-1] [INFO] [1785330487.967557017] [charge_scheduler]: [Scheduler] 30辆车 | 电池800.0kWh(20%=160.0 80%=640.0) | 充电360kW效率97% | 行驶0.6kWh/km | 桩350kW
[charge_scheduler-1] [INFO] [1785330487.967601215] [charge_scheduler]: [Scheduler] 站端周转: 换电 10 min(换后满电) | 单趟可用 640 kWh
[charge_scheduler-1] [INFO] [1785330487.967612494] [charge_scheduler]:   车#0 [电动装载机282|light] 位置(-47.3,-2.6) 容量282kWh 剩余35% | α=6→6min/% τ=168min → 需130.8kWh(充21.2min)
[charge_scheduler-1] [INFO] [1785330487.967632806] [charge_scheduler]:   车#1 [重型叉车|light] 位置(-44.0,-64.1) 容量200kWh 剩余20% | α=6→6min/% τ=96min → 需123.7kWh(充20.0min)
[charge_scheduler-1] [INFO] [1785330487.967650675] [charge_scheduler]:   车#2 [电动装载机350|light] 位置(-51.1,-38.8) 容量350kWh 剩余50% | α=6→6min/% τ=288min → 需108.2kWh(充17.5min)
[charge_scheduler-1] [INFO] [1785330487.967666713] [charge_scheduler]:   车#3 [重型叉车|light] 位置(-71.0,-19.0) 容量200kWh 剩余10% | α=6→6min/% τ=32min → 需144.3kWh(充23.3min)
[charge_scheduler-1] [INFO] [1785330487.967683605] [charge_scheduler]:   车#4 [电动装载机282|heavy→降级] 位置(-93.3,6.6) 容量282kWh 剩余60% | α=3→6min/% τ=212min → 需58.1kWh(充9.4min)
[charge_scheduler-1] [INFO] [1785330487.967698498] [charge_scheduler]:   车#5 [电动装载机350|light] 位置(-104.4,47.7) 容量350kWh 剩余25% | α=6→6min/% τ=128min → 需198.5kWh(充32.1min)
[charge_scheduler-1] [INFO] [1785330487.967716203] [charge_scheduler]:   车#6 [电动装载机350|heavy→降级] 位置(-37.0,-75.1) 容量350kWh 剩余40% | α=4→6min/% τ=176min → 需144.3kWh(充23.3min)
[charge_scheduler-1] [INFO] [1785330487.967731952] [charge_scheduler]:   车#7 [重型叉车|light] 位置(-88.8,-37.1) 容量200kWh 剩余15% | α=6→6min/% τ=64min → 需134.0kWh(充21.7min)
[charge_scheduler-1] [INFO] [1785330487.967747727] [charge_scheduler]:   车#8 [电动装载机282|heavy→降级] 位置(-70.9,27.7) 容量282kWh 剩余55% | α=3→6min/% τ=196min → 需72.7kWh(充11.8min)
[charge_scheduler-1] [INFO] [1785330487.967763444] [charge_scheduler]:   车#9 [电动装载机282|heavy→降级] 位置(-35.4,-47.4) 容量282kWh 剩余30% | α=3→6min/% τ=116min → 需145.4kWh(充23.5min)
[charge_scheduler-1] [INFO] [1785330487.967779430] [charge_scheduler]:   车#10 [电动装载机282|light] 位置(-100.0,-1.0) 容量282kWh 剩余45% | α=6→6min/% τ=224min → 需101.8kWh(充16.4min)
[charge_scheduler-1] [INFO] [1785330487.967794766] [charge_scheduler]:   车#11 [电动装载机350|light] 位置(-72.8,-15.6) 容量350kWh 剩余18% | α=6→6min/% τ=83min → 需223.7kWh(充36.2min)
[charge_scheduler-1] [INFO] [1785330487.967818725] [charge_scheduler]:   车#12 [重型叉车|heavy→降级] 位置(-61.7,-20.7) 容量200kWh 剩余62% | α=3→6min/% τ=230min → 需37.1kWh(充6.0min)
[charge_scheduler-1] [INFO] [1785330487.967834402] [charge_scheduler]:   车#13 [电动装载机282|light] 位置(-133.0,-25.3) 容量282kWh 剩余28% | α=6→6min/% τ=129min → 需151.2kWh(充24.4min)
[charge_scheduler-1] [INFO] [1785330487.967850261] [charge_scheduler]:   车#14 [电动装载机350|light] 位置(-132.0,-8.9) 容量350kWh 剩余52% | α=6→6min/% τ=301min → 需101.0kWh(充16.3min)
[charge_scheduler-1] [INFO] [1785330487.967865577] [charge_scheduler]:   车#15 [重型叉车|light] 位置(-120.0,7.9) 容量200kWh 剩余12% | α=6→6min/% τ=45min → 需140.2kWh(充22.7min)
[charge_scheduler-1] [INFO] [1785330487.967880751] [charge_scheduler]:   车#16 [电动装载机282|light] 位置(-43.8,-82.9) 容量282kWh 剩余38% | α=6→6min/% τ=185min → 需122.1kWh(充19.7min)
[charge_scheduler-1] [INFO] [1785330487.967895949] [charge_scheduler]:   车#17 [电动装载机350|light] 位置(-31.1,-74.7) 容量350kWh 剩余58% | α=6→6min/% τ=339min → 需79.4kWh(充12.8min)
[charge_scheduler-1] [INFO] [1785330487.967911020] [charge_scheduler]:   车#18 [重型叉车|heavy→降级] 位置(-75.4,-68.2) 容量200kWh 剩余22% | α=3→6min/% τ=102min → 需119.6kWh(充19.3min)
[charge_scheduler-1] [INFO] [1785330487.967929654] [charge_scheduler]:   车#19 [电动装载机282|light] 位置(-88.2,47.1) 容量282kWh 剩余48% | α=6→6min/% τ=241min → 需93.0kWh(充15.0min)
[charge_scheduler-1] [INFO] [1785330487.967945702] [charge_scheduler]:   车#20 [电动装载机350|light] 位置(-71.4,16.3) 容量350kWh 剩余33% | α=6→6min/% τ=179min → 需169.6kWh(充27.4min)
[charge_scheduler-1] [INFO] [1785330487.967996897] [charge_scheduler]:   车#21 [重型叉车|heavy→降级] 位置(-122.0,-0.6) 容量200kWh 剩余65% | α=3→6min/% τ=240min → 需30.9kWh(充5.0min)
[charge_scheduler-1] [INFO] [1785330487.968012317] [charge_scheduler]:   车#22 [电动装载机282|light] 位置(-71.6,11.6) 容量282kWh 剩余16% | α=6→6min/% τ=62min → 需186.1kWh(充30.1min)
[charge_scheduler-1] [INFO] [1785330487.968028071] [charge_scheduler]:   车#23 [电动装载机350|light] 位置(-131.0,37.2) 容量350kWh 剩余42% | α=6→6min/% τ=237min → 需137.1kWh(充22.2min)
[charge_scheduler-1] [INFO] [1785330487.968043762] [charge_scheduler]:   车#24 [重型叉车|heavy→降级] 位置(-51.3,5.9) 容量200kWh 剩余25% | α=3→6min/% τ=112min → 需113.4kWh(充18.3min)
[charge_scheduler-1] [INFO] [1785330487.968059162] [charge_scheduler]:   车#25 [电动装载机282|light] 位置(-62.2,-10.7) 容量282kWh 剩余55% | α=6→6min/% τ=280min → 需72.7kWh(充11.8min)
[charge_scheduler-1] [INFO] [1785330487.968076016] [charge_scheduler]:   车#26 [电动装载机350|light] 位置(-116.0,60.4) 容量350kWh 剩余30% | α=6→6min/% τ=160min → 需180.4kWh(充29.2min)
[charge_scheduler-1] [INFO] [1785330487.968091347] [charge_scheduler]:   车#27 [重型叉车|heavy→降级] 位置(-90.4,60.5) 容量200kWh 剩余68% | α=3→6min/% τ=250min → 需24.7kWh(充4.0min)
[charge_scheduler-1] [INFO] [1785330487.968105766] [charge_scheduler]:   车#28 [电动装载机282|light] 位置(-85.5,-46.0) 容量282kWh 剩余20% | α=6→6min/% τ=84min → 需174.4kWh(充28.2min)
[charge_scheduler-1] [INFO] [1785330487.968121323] [charge_scheduler]:   车#29 [电动装载机350|light] 位置(-87.0,-36.6) 容量350kWh 剩余36% | α=6→6min/% τ=198min → 需158.8kWh(充25.7min)
[charge_scheduler-1] [INFO] [1785330487.982443100] [charge_scheduler]: [Scheduler] 闭环接口: threshold=10.0min | event_sim=on | policy=all | structured_feedback=optional (/task_planner/execution_event)
[charge_scheduler-1] [INFO] [1785330487.982483059] [charge_scheduler]: [Scheduler] 已启动, 等待地图...
[charge_scheduler-1] [INFO] [1785330488.047985245] [charge_scheduler]: [Scheduler] RoutingGraph 就绪
[charge_scheduler-1] [INFO] [1785330488.048240181] [charge_scheduler]: [Scheduler] 提取到 6 条虚线捷径
[charge_scheduler-1] [INFO] [1785330488.063477597] [charge_scheduler]: [Scheduler] 下层兼容增强图: 166 节点, 6 条虚线掉头边
[charge_scheduler-1] [INFO] [1785330495.155953290] [charge_scheduler]: [Scheduler] 距离矩阵完成 31x31, 7092.4 ms | 模式=maneuver | 真实不可达=0 抽象不可达=0 | 缺少对向投影节点=0
[charge_scheduler-1] [INFO] [1785330495.156018554] [charge_scheduler]:   ✓ 比值自检：930 个 OD 满足 机动/直线≥1 | 均值=2.97 最大=42.81 (车#15→车#21)
[charge_scheduler-1] [INFO] [1785330495.156028038] [charge_scheduler]: [Scheduler] 地图就绪, 166 条 lanelet（与下层一致）
[charge_scheduler-1] [INFO] [1785330495.156070378] [charge_scheduler]: ======== 开始VRPTW调度 30 辆车 ========
[charge_scheduler-1] [INFO] [1785330495.156075542] [charge_scheduler]:   规模30>8 → 启发式(alns)
[charge_scheduler-1] [INFO] [1785330547.450417689] [charge_scheduler]: [ALNS] objective_order=Tover,Nlate,Ctotal seed=7 iters=15000 | N_late=9(成功率70.0%) T_overtime=148.6min C_total=5661.0m | 趟数=11 makespan=378.7min
[charge_scheduler-1] [INFO] [1785330547.450520439] [charge_scheduler]:   求解耗时 52294.4 ms
[charge_scheduler-1] [INFO] [1785330547.450536848] [charge_scheduler]: ════════ 调度结果 ════════
[charge_scheduler-1] [INFO] [1785330547.450546924] [charge_scheduler]:   ★目标(字典序): objective_order=Tover,Nlate,Ctotal | N_late=9 辆 (按时成功率 21/30 = 70.0%)  T_overtime=148.6min  C_total=5661.0m
[charge_scheduler-1] [INFO] [1785330547.450559235] [charge_scheduler]:   附: 趟数=11 | makespan=378.7min | 能量可行=是
[charge_scheduler-1] [INFO] [1785330547.450580302] [charge_scheduler]:   [充电车2] 趟1: 站 → 车#12(到2.3/限230.4✓) → 车#4(到9.4/限212.0✓) → 车#15(到20.7/限44.8✓) → 车#9(到47.0/限116.0✓) → 车#1(到77.5/限96.0✓) → 站
[charge_scheduler-1] [INFO] [1785330547.450594611] [charge_scheduler]:   [充电车3] 趟2: 站 → 车#27(到2.1/限249.6✓) → 车#21(到8.2/限240.0✓) → 车#3(到15.1/限32.0✓) → 车#11(到39.4/限83.2✓) → 车#18(到80.1/限102.4✓) → 站
[charge_scheduler-1] [INFO] [1785330547.450664122] [charge_scheduler]:   [充电车1] 趟3: 站 → 车#8(到4.0/限196.0✓) → 车#22(到16.7/限61.6✓) → 车#7(到49.3/限64.0✓) → 车#28(到73.8/限84.0✓) → 站
[charge_scheduler-1] [INFO] [1785330547.450676389] [charge_scheduler]:   [充电车3] 趟4: 站 → 车#5(到119.9/限128.0✓) → 车#20(到164.1/限179.2✓) → 站
[charge_scheduler-1] [INFO] [1785330547.450689574] [charge_scheduler]:   [充电车2] 趟5: 站 → 车#24(到114.7/限112.0✗超时) → 车#26(到141.5/限160.0✓) → 车#16(到187.3/限184.8✗超时) → 站
[charge_scheduler-1] [INFO] [1785330547.450701259] [charge_scheduler]:   [充电车1] 趟6: 站 → 车#13(到123.0/限128.8✓) → 车#0(到161.0/限168.0✓) → 车#10(到199.2/限224.0✓) → 站
[charge_scheduler-1] [INFO] [1785330547.450711499] [charge_scheduler]:   [充电车3] 趟7: 站 → 车#29(到219.7/限198.4✗超时) → 车#19(到266.3/限240.8✗超时) → 站
[charge_scheduler-1] [INFO] [1785330547.450722884] [charge_scheduler]:   [充电车2] 趟8: 站 → 车#6(到238.1/限176.0✗超时) → 车#25(到283.3/限280.0✗超时) → 站
[charge_scheduler-1] [INFO] [1785330547.450732344] [charge_scheduler]:   [充电车1] 趟9: 站 → 车#23(到246.6/限236.8✗超时) → 车#2(到293.3/限288.0✗超时) → 站
[charge_scheduler-1] [INFO] [1785330547.450741846] [charge_scheduler]:   [充电车2] 趟10: 站 → 车#17(到332.8/限339.2✓) → 站
[charge_scheduler-1] [INFO] [1785330547.450751354] [charge_scheduler]:   [充电车3] 趟11: 站 → 车#14(到316.8/限300.8✗超时) → 站
[charge_scheduler-1] [INFO] [1785330547.450760120] [charge_scheduler]: ════════════════════════
[charge_scheduler-1] [INFO] [1785330547.450873735] [charge_scheduler]: [扰动清单] type=none delay=0.0min targets={} station={}
[charge_scheduler-1] [INFO] [1785330547.450909273] [charge_scheduler]: [执行事件] loop=open plan_v=0 C3 type=target_service target=27 station_ord=0 planned_finish=6.36 actual_finish=6.36 dev=+0.00 injected=0.0
[charge_scheduler-1] [INFO] [1785330547.450925261] [charge_scheduler]: [执行事件] loop=open plan_v=0 C2 type=target_service target=12 station_ord=0 planned_finish=8.58 actual_finish=8.58 dev=+0.00 injected=0.0
[charge_scheduler-1] [INFO] [1785330547.450938429] [charge_scheduler]: [执行事件] loop=open plan_v=0 C3 type=target_service target=21 station_ord=0 planned_finish=14.00 actual_finish=14.00 dev=+0.00 injected=0.0
[charge_scheduler-1] [INFO] [1785330547.450952667] [charge_scheduler]: [执行事件] loop=open plan_v=0 C1 type=target_service target=8 station_ord=0 planned_finish=16.35 actual_finish=16.35 dev=+0.00 injected=0.0
[charge_scheduler-1] [INFO] [1785330547.450966357] [charge_scheduler]: [执行事件] loop=open plan_v=0 C2 type=target_service target=4 station_ord=0 planned_finish=20.20 actual_finish=20.20 dev=+0.00 injected=0.0
[charge_scheduler-1] [INFO] [1785330547.450980623] [charge_scheduler]: [执行事件] loop=open plan_v=0 C3 type=target_service target=3 station_ord=0 planned_finish=39.26 actual_finish=39.26 dev=+0.00 injected=0.0
[charge_scheduler-1] [INFO] [1785330547.450994274] [charge_scheduler]: [执行事件] loop=open plan_v=0 C2 type=target_service target=15 station_ord=0 planned_finish=44.45 actual_finish=44.45 dev=+0.00 injected=0.0
[charge_scheduler-1] [INFO] [1785330547.451010130] [charge_scheduler]: [执行事件] loop=open plan_v=0 C1 type=target_service target=22 station_ord=0 planned_finish=48.17 actual_finish=48.17 dev=+0.00 injected=0.0
[charge_scheduler-1] [INFO] [1785330547.451023502] [charge_scheduler]: [执行事件] loop=open plan_v=0 C1 type=target_service target=7 station_ord=0 planned_finish=73.54 actual_finish=73.54 dev=+0.00 injected=0.0
[charge_scheduler-1] [INFO] [1785330547.451036173] [charge_scheduler]: [执行事件] loop=open plan_v=0 C2 type=target_service target=9 station_ord=0 planned_finish=76.48 actual_finish=76.48 dev=+0.00 injected=0.0
[charge_scheduler-1] [INFO] [1785330547.451049177] [charge_scheduler]: [执行事件] loop=open plan_v=0 C3 type=target_service target=11 station_ord=0 planned_finish=79.14 actual_finish=79.14 dev=+0.00 injected=0.0
[charge_scheduler-1] [INFO] [1785330547.451061954] [charge_scheduler]: [执行事件] loop=open plan_v=0 C2 type=target_service target=1 station_ord=0 planned_finish=101.49 actual_finish=101.49 dev=+0.00 injected=0.0
[charge_scheduler-1] [INFO] [1785330547.451076241] [charge_scheduler]: [执行事件] loop=open plan_v=0 C3 type=target_service target=18 station_ord=0 planned_finish=103.93 actual_finish=103.93 dev=+0.00 injected=0.0
[charge_scheduler-1] [INFO] [1785330547.451104306] [charge_scheduler]: [执行事件] loop=open plan_v=0 C1 type=target_service target=28 station_ord=0 planned_finish=108.18 actual_finish=108.18 dev=+0.00 injected=0.0
[charge_scheduler-1] [INFO] [1785330547.451117965] [charge_scheduler]: [执行事件] loop=open plan_v=0 C2 type=station_turnaround target=-1 station_ord=1 planned_finish=113.91 actual_finish=113.91 dev=+0.00 injected=0.0
[charge_scheduler-1] [INFO] [1785330547.451131296] [charge_scheduler]: [执行事件] loop=open plan_v=0 C3 type=station_turnaround target=-1 station_ord=1 planned_finish=116.73 actual_finish=116.73 dev=+0.00 injected=0.0
[charge_scheduler-1] [INFO] [1785330547.451146296] [charge_scheduler]: [执行事件] loop=open plan_v=0 C1 type=station_turnaround target=-1 station_ord=1 planned_finish=120.21 actual_finish=120.21 dev=+0.00 injected=0.0
[charge_scheduler-1] [INFO] [1785330547.451160450] [charge_scheduler]: [执行事件] loop=open plan_v=0 C2 type=target_service target=24 station_ord=0 planned_finish=139.73 actual_finish=139.73 dev=+0.00 injected=0.0
[charge_scheduler-1] [INFO] [1785330547.451175550] [charge_scheduler]: [执行事件] loop=open plan_v=0 C1 type=target_service target=13 station_ord=0 planned_finish=157.77 actual_finish=157.77 dev=+0.00 injected=0.0
[charge_scheduler-1] [INFO] [1785330547.451189396] [charge_scheduler]: [执行事件] loop=open plan_v=0 C3 type=target_service target=5 station_ord=0 planned_finish=162.92 actual_finish=162.92 dev=+0.00 injected=0.0
[charge_scheduler-1] [INFO] [1785330547.451204208] [charge_scheduler]: [执行事件] loop=open plan_v=0 C2 type=target_service target=26 station_ord=0 planned_finish=183.59 actual_finish=183.59 dev=+0.00 injected=0.0
[charge_scheduler-1] [INFO] [1785330547.451217817] [charge_scheduler]: [执行事件] loop=open plan_v=0 C1 type=target_service target=0 station_ord=0 planned_finish=195.66 actual_finish=195.66 dev=+0.00 injected=0.0
[charge_scheduler-1] [INFO] [1785330547.451231490] [charge_scheduler]: [执行事件] loop=open plan_v=0 C3 type=target_service target=20 station_ord=0 planned_finish=206.42 actual_finish=206.42 dev=+0.00 injected=0.0
[charge_scheduler-1] [INFO] [1785330547.451243654] [charge_scheduler]: [执行事件] loop=open plan_v=0 C3 type=station_turnaround target=-1 station_ord=2 planned_finish=217.82 actual_finish=217.82 dev=+0.00 injected=0.0
[charge_scheduler-1] [INFO] [1785330547.451256695] [charge_scheduler]: [执行事件] loop=open plan_v=0 C2 type=target_service target=16 station_ord=0 planned_finish=222.54 actual_finish=222.54 dev=+0.00 injected=0.0
[charge_scheduler-1] [INFO] [1785330547.451270826] [charge_scheduler]: [执行事件] loop=open plan_v=0 C1 type=target_service target=10 station_ord=0 planned_finish=232.42 actual_finish=232.42 dev=+0.00 injected=0.0
[charge_scheduler-1] [INFO] [1785330547.451285138] [charge_scheduler]: [执行事件] loop=open plan_v=0 C2 type=station_turnaround target=-1 station_ord=2 planned_finish=235.26 actual_finish=235.26 dev=+0.00 injected=0.0
[charge_scheduler-1] [INFO] [1785330547.451298032] [charge_scheduler]: [执行事件] loop=open plan_v=0 C1 type=station_turnaround target=-1 station_ord=2 planned_finish=244.07 actual_finish=244.07 dev=+0.00 injected=0.0
[charge_scheduler-1] [INFO] [1785330547.451311503] [charge_scheduler]: [执行事件] loop=open plan_v=0 C3 type=target_service target=29 station_ord=0 planned_finish=263.47 actual_finish=263.47 dev=+0.00 injected=0.0
[charge_scheduler-1] [INFO] [1785330547.451324364] [charge_scheduler]: [执行事件] loop=open plan_v=0 C2 type=target_service target=6 station_ord=0 planned_finish=281.82 actual_finish=281.82 dev=+0.00 injected=0.0
[charge_scheduler-1] [INFO] [1785330547.451338098] [charge_scheduler]: [执行事件] loop=open plan_v=0 C1 type=target_service target=23 station_ord=0 planned_finish=290.35 actual_finish=290.35 dev=+0.00 injected=0.0
[charge_scheduler-1] [INFO] [1785330547.451352024] [charge_scheduler]: [执行事件] loop=open plan_v=0 C3 type=target_service target=19 station_ord=0 planned_finish=301.56 actual_finish=301.56 dev=+0.00 injected=0.0
[charge_scheduler-1] [INFO] [1785330547.451366383] [charge_scheduler]: [执行事件] loop=open plan_v=0 C3 type=station_turnaround target=-1 station_ord=3 planned_finish=313.76 actual_finish=313.76 dev=+0.00 injected=0.0
[charge_scheduler-1] [INFO] [1785330547.451389364] [charge_scheduler]: [执行事件] loop=open plan_v=0 C2 type=target_service target=25 station_ord=0 planned_finish=318.59 actual_finish=318.59 dev=+0.00 injected=0.0
[charge_scheduler-1] [INFO] [1785330547.451403249] [charge_scheduler]: [执行事件] loop=open plan_v=0 C2 type=station_turnaround target=-1 station_ord=3 planned_finish=329.87 actual_finish=329.87 dev=+0.00 injected=0.0
[charge_scheduler-1] [INFO] [1785330547.451415995] [charge_scheduler]: [执行事件] loop=open plan_v=0 C1 type=target_service target=2 station_ord=0 planned_finish=337.10 actual_finish=337.10 dev=+0.00 injected=0.0
[charge_scheduler-1] [INFO] [1785330547.451429374] [charge_scheduler]: [执行事件] loop=open plan_v=0 C1 type=final_return target=-1 station_ord=0 planned_finish=339.03 actual_finish=339.03 dev=+0.00 injected=0.0
[charge_scheduler-1] [INFO] [1785330547.451442043] [charge_scheduler]: [执行事件] loop=open plan_v=0 C3 type=target_service target=14 station_ord=0 planned_finish=360.56 actual_finish=360.56 dev=+0.00 injected=0.0
[charge_scheduler-1] [INFO] [1785330547.451454344] [charge_scheduler]: [执行事件] loop=open plan_v=0 C3 type=final_return target=-1 station_ord=0 planned_finish=364.33 actual_finish=364.33 dev=+0.00 injected=0.0
[charge_scheduler-1] [INFO] [1785330547.451466347] [charge_scheduler]: [执行事件] loop=open plan_v=0 C2 type=target_service target=17 station_ord=0 planned_finish=375.94 actual_finish=375.94 dev=+0.00 injected=0.0
[charge_scheduler-1] [INFO] [1785330547.451477830] [charge_scheduler]: [执行事件] loop=open plan_v=0 C2 type=final_return target=-1 station_ord=0 planned_finish=378.73 actual_finish=378.73 dev=+0.00 injected=0.0
[charge_scheduler-1] [INFO] [1785330547.451523107] [charge_scheduler]: [执行事件] loop=fixed plan_v=0 C3 type=target_service target=27 station_ord=0 planned_finish=6.36 actual_finish=6.36 dev=+0.00 injected=0.0
[charge_scheduler-1] [INFO] [1785330547.451538152] [charge_scheduler]: [执行事件] loop=fixed plan_v=0 C2 type=target_service target=12 station_ord=0 planned_finish=8.58 actual_finish=8.58 dev=+0.00 injected=0.0
[charge_scheduler-1] [INFO] [1785330547.451550940] [charge_scheduler]: [执行事件] loop=fixed plan_v=0 C3 type=target_service target=21 station_ord=0 planned_finish=14.00 actual_finish=14.00 dev=+0.00 injected=0.0
[charge_scheduler-1] [INFO] [1785330547.451564368] [charge_scheduler]: [执行事件] loop=fixed plan_v=0 C1 type=target_service target=8 station_ord=0 planned_finish=16.35 actual_finish=16.35 dev=+0.00 injected=0.0
[charge_scheduler-1] [INFO] [1785330547.451578990] [charge_scheduler]: [执行事件] loop=fixed plan_v=0 C2 type=target_service target=4 station_ord=0 planned_finish=20.20 actual_finish=20.20 dev=+0.00 injected=0.0
[charge_scheduler-1] [INFO] [1785330547.451593209] [charge_scheduler]: [执行事件] loop=fixed plan_v=0 C3 type=target_service target=3 station_ord=0 planned_finish=39.26 actual_finish=39.26 dev=+0.00 injected=0.0
[charge_scheduler-1] [INFO] [1785330547.451610128] [charge_scheduler]: [执行事件] loop=fixed plan_v=0 C2 type=target_service target=15 station_ord=0 planned_finish=44.45 actual_finish=44.45 dev=+0.00 injected=0.0
[charge_scheduler-1] [INFO] [1785330547.451625219] [charge_scheduler]: [执行事件] loop=fixed plan_v=0 C1 type=target_service target=22 station_ord=0 planned_finish=48.17 actual_finish=48.17 dev=+0.00 injected=0.0
[charge_scheduler-1] [INFO] [1785330547.451635618] [charge_scheduler]: [执行事件] loop=fixed plan_v=0 C1 type=target_service target=7 station_ord=0 planned_finish=73.54 actual_finish=73.54 dev=+0.00 injected=0.0
[charge_scheduler-1] [INFO] [1785330547.451643512] [charge_scheduler]: [执行事件] loop=fixed plan_v=0 C2 type=target_service target=9 station_ord=0 planned_finish=76.48 actual_finish=76.48 dev=+0.00 injected=0.0
[charge_scheduler-1] [INFO] [1785330547.451651999] [charge_scheduler]: [执行事件] loop=fixed plan_v=0 C3 type=target_service target=11 station_ord=0 planned_finish=79.14 actual_finish=79.14 dev=+0.00 injected=0.0
[charge_scheduler-1] [INFO] [1785330547.451660197] [charge_scheduler]: [执行事件] loop=fixed plan_v=0 C2 type=target_service target=1 station_ord=0 planned_finish=101.49 actual_finish=101.49 dev=+0.00 injected=0.0
[charge_scheduler-1] [INFO] [1785330547.451668302] [charge_scheduler]: [执行事件] loop=fixed plan_v=0 C3 type=target_service target=18 station_ord=0 planned_finish=103.93 actual_finish=103.93 dev=+0.00 injected=0.0
[charge_scheduler-1] [INFO] [1785330547.451684906] [charge_scheduler]: [执行事件] loop=fixed plan_v=0 C1 type=target_service target=28 station_ord=0 planned_finish=108.18 actual_finish=108.18 dev=+0.00 injected=0.0
[charge_scheduler-1] [INFO] [1785330547.451693940] [charge_scheduler]: [执行事件] loop=fixed plan_v=0 C2 type=station_turnaround target=-1 station_ord=1 planned_finish=113.91 actual_finish=113.91 dev=+0.00 injected=0.0
[charge_scheduler-1] [INFO] [1785330547.451702575] [charge_scheduler]: [执行事件] loop=fixed plan_v=0 C3 type=station_turnaround target=-1 station_ord=1 planned_finish=116.73 actual_finish=116.73 dev=+0.00 injected=0.0
[charge_scheduler-1] [INFO] [1785330547.451709982] [charge_scheduler]: [执行事件] loop=fixed plan_v=0 C1 type=station_turnaround target=-1 station_ord=1 planned_finish=120.21 actual_finish=120.21 dev=+0.00 injected=0.0
[charge_scheduler-1] [INFO] [1785330547.451717707] [charge_scheduler]: [执行事件] loop=fixed plan_v=0 C2 type=target_service target=24 station_ord=0 planned_finish=139.73 actual_finish=139.73 dev=+0.00 injected=0.0
[charge_scheduler-1] [INFO] [1785330547.451726821] [charge_scheduler]: [执行事件] loop=fixed plan_v=0 C1 type=target_service target=13 station_ord=0 planned_finish=157.77 actual_finish=157.77 dev=+0.00 injected=0.0
[charge_scheduler-1] [INFO] [1785330547.451734555] [charge_scheduler]: [执行事件] loop=fixed plan_v=0 C3 type=target_service target=5 station_ord=0 planned_finish=162.92 actual_finish=162.92 dev=+0.00 injected=0.0
[charge_scheduler-1] [INFO] [1785330547.451742040] [charge_scheduler]: [执行事件] loop=fixed plan_v=0 C2 type=target_service target=26 station_ord=0 planned_finish=183.59 actual_finish=183.59 dev=+0.00 injected=0.0
[charge_scheduler-1] [INFO] [1785330547.451749725] [charge_scheduler]: [执行事件] loop=fixed plan_v=0 C1 type=target_service target=0 station_ord=0 planned_finish=195.66 actual_finish=195.66 dev=+0.00 injected=0.0
[charge_scheduler-1] [INFO] [1785330547.451757501] [charge_scheduler]: [执行事件] loop=fixed plan_v=0 C3 type=target_service target=20 station_ord=0 planned_finish=206.42 actual_finish=206.42 dev=+0.00 injected=0.0
[charge_scheduler-1] [INFO] [1785330547.451764813] [charge_scheduler]: [执行事件] loop=fixed plan_v=0 C3 type=station_turnaround target=-1 station_ord=2 planned_finish=217.82 actual_finish=217.82 dev=+0.00 injected=0.0
[charge_scheduler-1] [INFO] [1785330547.451773775] [charge_scheduler]: [执行事件] loop=fixed plan_v=0 C2 type=target_service target=16 station_ord=0 planned_finish=222.54 actual_finish=222.54 dev=+0.00 injected=0.0
[charge_scheduler-1] [INFO] [1785330547.451781399] [charge_scheduler]: [执行事件] loop=fixed plan_v=0 C1 type=target_service target=10 station_ord=0 planned_finish=232.42 actual_finish=232.42 dev=+0.00 injected=0.0
[charge_scheduler-1] [INFO] [1785330547.451788750] [charge_scheduler]: [执行事件] loop=fixed plan_v=0 C2 type=station_turnaround target=-1 station_ord=2 planned_finish=235.26 actual_finish=235.26 dev=+0.00 injected=0.0
[charge_scheduler-1] [INFO] [1785330547.451796310] [charge_scheduler]: [执行事件] loop=fixed plan_v=0 C1 type=station_turnaround target=-1 station_ord=2 planned_finish=244.07 actual_finish=244.07 dev=+0.00 injected=0.0
[charge_scheduler-1] [INFO] [1785330547.451803842] [charge_scheduler]: [执行事件] loop=fixed plan_v=0 C3 type=target_service target=29 station_ord=0 planned_finish=263.47 actual_finish=263.47 dev=+0.00 injected=0.0
[charge_scheduler-1] [INFO] [1785330547.451812024] [charge_scheduler]: [执行事件] loop=fixed plan_v=0 C2 type=target_service target=6 station_ord=0 planned_finish=281.82 actual_finish=281.82 dev=+0.00 injected=0.0
[charge_scheduler-1] [INFO] [1785330547.451820535] [charge_scheduler]: [执行事件] loop=fixed plan_v=0 C1 type=target_service target=23 station_ord=0 planned_finish=290.35 actual_finish=290.35 dev=+0.00 injected=0.0
[charge_scheduler-1] [INFO] [1785330547.451828175] [charge_scheduler]: [执行事件] loop=fixed plan_v=0 C3 type=target_service target=19 station_ord=0 planned_finish=301.56 actual_finish=301.56 dev=+0.00 injected=0.0
[charge_scheduler-1] [INFO] [1785330547.451836310] [charge_scheduler]: [执行事件] loop=fixed plan_v=0 C3 type=station_turnaround target=-1 station_ord=3 planned_finish=313.76 actual_finish=313.76 dev=+0.00 injected=0.0
[charge_scheduler-1] [INFO] [1785330547.451843914] [charge_scheduler]: [执行事件] loop=fixed plan_v=0 C2 type=target_service target=25 station_ord=0 planned_finish=318.59 actual_finish=318.59 dev=+0.00 injected=0.0
[charge_scheduler-1] [INFO] [1785330547.451854416] [charge_scheduler]: [执行事件] loop=fixed plan_v=0 C2 type=station_turnaround target=-1 station_ord=3 planned_finish=329.87 actual_finish=329.87 dev=+0.00 injected=0.0
[charge_scheduler-1] [INFO] [1785330547.451862672] [charge_scheduler]: [执行事件] loop=fixed plan_v=0 C1 type=target_service target=2 station_ord=0 planned_finish=337.10 actual_finish=337.10 dev=+0.00 injected=0.0
[charge_scheduler-1] [INFO] [1785330547.451870434] [charge_scheduler]: [执行事件] loop=fixed plan_v=0 C1 type=final_return target=-1 station_ord=0 planned_finish=339.03 actual_finish=339.03 dev=+0.00 injected=0.0
[charge_scheduler-1] [INFO] [1785330547.451877926] [charge_scheduler]: [执行事件] loop=fixed plan_v=0 C3 type=target_service target=14 station_ord=0 planned_finish=360.56 actual_finish=360.56 dev=+0.00 injected=0.0
[charge_scheduler-1] [INFO] [1785330547.451885622] [charge_scheduler]: [执行事件] loop=fixed plan_v=0 C3 type=final_return target=-1 station_ord=0 planned_finish=364.33 actual_finish=364.33 dev=+0.00 injected=0.0
[charge_scheduler-1] [INFO] [1785330547.451893197] [charge_scheduler]: [执行事件] loop=fixed plan_v=0 C2 type=target_service target=17 station_ord=0 planned_finish=375.94 actual_finish=375.94 dev=+0.00 injected=0.0
[charge_scheduler-1] [INFO] [1785330547.451900523] [charge_scheduler]: [执行事件] loop=fixed plan_v=0 C2 type=final_return target=-1 station_ord=0 planned_finish=378.73 actual_finish=378.73 dev=+0.00 injected=0.0
[charge_scheduler-1] [INFO] [1785330547.451921581] [charge_scheduler]: [执行事件] loop=global plan_v=0 C3 type=target_service target=27 station_ord=0 planned_finish=6.36 actual_finish=6.36 dev=+0.00 injected=0.0
[charge_scheduler-1] [INFO] [1785330547.451929883] [charge_scheduler]: [执行事件] loop=global plan_v=0 C2 type=target_service target=12 station_ord=0 planned_finish=8.58 actual_finish=8.58 dev=+0.00 injected=0.0
[charge_scheduler-1] [INFO] [1785330547.451936946] [charge_scheduler]: [执行事件] loop=global plan_v=0 C3 type=target_service target=21 station_ord=0 planned_finish=14.00 actual_finish=14.00 dev=+0.00 injected=0.0
[charge_scheduler-1] [INFO] [1785330547.451962072] [charge_scheduler]: [执行事件] loop=global plan_v=0 C1 type=target_service target=8 station_ord=0 planned_finish=16.35 actual_finish=16.35 dev=+0.00 injected=0.0
[charge_scheduler-1] [INFO] [1785330547.451969797] [charge_scheduler]: [执行事件] loop=global plan_v=0 C2 type=target_service target=4 station_ord=0 planned_finish=20.20 actual_finish=20.20 dev=+0.00 injected=0.0
[charge_scheduler-1] [INFO] [1785330547.451977596] [charge_scheduler]: [执行事件] loop=global plan_v=0 C3 type=target_service target=3 station_ord=0 planned_finish=39.26 actual_finish=39.26 dev=+0.00 injected=0.0
[charge_scheduler-1] [INFO] [1785330547.451984968] [charge_scheduler]: [执行事件] loop=global plan_v=0 C2 type=target_service target=15 station_ord=0 planned_finish=44.45 actual_finish=44.45 dev=+0.00 injected=0.0
[charge_scheduler-1] [INFO] [1785330547.451992683] [charge_scheduler]: [执行事件] loop=global plan_v=0 C1 type=target_service target=22 station_ord=0 planned_finish=48.17 actual_finish=48.17 dev=+0.00 injected=0.0
[charge_scheduler-1] [INFO] [1785330547.452000024] [charge_scheduler]: [执行事件] loop=global plan_v=0 C1 type=target_service target=7 station_ord=0 planned_finish=73.54 actual_finish=73.54 dev=+0.00 injected=0.0
[charge_scheduler-1] [INFO] [1785330547.452007877] [charge_scheduler]: [执行事件] loop=global plan_v=0 C2 type=target_service target=9 station_ord=0 planned_finish=76.48 actual_finish=76.48 dev=+0.00 injected=0.0
[charge_scheduler-1] [INFO] [1785330547.452015861] [charge_scheduler]: [执行事件] loop=global plan_v=0 C3 type=target_service target=11 station_ord=0 planned_finish=79.14 actual_finish=79.14 dev=+0.00 injected=0.0
[charge_scheduler-1] [INFO] [1785330547.452023601] [charge_scheduler]: [执行事件] loop=global plan_v=0 C2 type=target_service target=1 station_ord=0 planned_finish=101.49 actual_finish=101.49 dev=+0.00 injected=0.0
[charge_scheduler-1] [INFO] [1785330547.452031842] [charge_scheduler]: [执行事件] loop=global plan_v=0 C3 type=target_service target=18 station_ord=0 planned_finish=103.93 actual_finish=103.93 dev=+0.00 injected=0.0
[charge_scheduler-1] [INFO] [1785330547.452040358] [charge_scheduler]: [执行事件] loop=global plan_v=0 C1 type=target_service target=28 station_ord=0 planned_finish=108.18 actual_finish=108.18 dev=+0.00 injected=0.0
[charge_scheduler-1] [INFO] [1785330547.452050174] [charge_scheduler]: [执行事件] loop=global plan_v=0 C2 type=station_turnaround target=-1 station_ord=1 planned_finish=113.91 actual_finish=113.91 dev=+0.00 injected=0.0
[charge_scheduler-1] [INFO] [1785330547.452058483] [charge_scheduler]: [执行事件] loop=global plan_v=0 C3 type=station_turnaround target=-1 station_ord=1 planned_finish=116.73 actual_finish=116.73 dev=+0.00 injected=0.0
[charge_scheduler-1] [INFO] [1785330547.452066098] [charge_scheduler]: [执行事件] loop=global plan_v=0 C1 type=station_turnaround target=-1 station_ord=1 planned_finish=120.21 actual_finish=120.21 dev=+0.00 injected=0.0
[charge_scheduler-1] [INFO] [1785330547.452074539] [charge_scheduler]: [执行事件] loop=global plan_v=0 C2 type=target_service target=24 station_ord=0 planned_finish=139.73 actual_finish=139.73 dev=+0.00 injected=0.0
[charge_scheduler-1] [INFO] [1785330547.452082460] [charge_scheduler]: [执行事件] loop=global plan_v=0 C1 type=target_service target=13 station_ord=0 planned_finish=157.77 actual_finish=157.77 dev=+0.00 injected=0.0
[charge_scheduler-1] [INFO] [1785330547.452090067] [charge_scheduler]: [执行事件] loop=global plan_v=0 C3 type=target_service target=5 station_ord=0 planned_finish=162.92 actual_finish=162.92 dev=+0.00 injected=0.0
[charge_scheduler-1] [INFO] [1785330547.452097759] [charge_scheduler]: [执行事件] loop=global plan_v=0 C2 type=target_service target=26 station_ord=0 planned_finish=183.59 actual_finish=183.59 dev=+0.00 injected=0.0
[charge_scheduler-1] [INFO] [1785330547.452105478] [charge_scheduler]: [执行事件] loop=global plan_v=0 C1 type=target_service target=0 station_ord=0 planned_finish=195.66 actual_finish=195.66 dev=+0.00 injected=0.0
[charge_scheduler-1] [INFO] [1785330547.452113252] [charge_scheduler]: [执行事件] loop=global plan_v=0 C3 type=target_service target=20 station_ord=0 planned_finish=206.42 actual_finish=206.42 dev=+0.00 injected=0.0
[charge_scheduler-1] [INFO] [1785330547.452122398] [charge_scheduler]: [执行事件] loop=global plan_v=0 C3 type=station_turnaround target=-1 station_ord=2 planned_finish=217.82 actual_finish=217.82 dev=+0.00 injected=0.0
[charge_scheduler-1] [INFO] [1785330547.452130255] [charge_scheduler]: [执行事件] loop=global plan_v=0 C2 type=target_service target=16 station_ord=0 planned_finish=222.54 actual_finish=222.54 dev=+0.00 injected=0.0
[charge_scheduler-1] [INFO] [1785330547.452138444] [charge_scheduler]: [执行事件] loop=global plan_v=0 C1 type=target_service target=10 station_ord=0 planned_finish=232.42 actual_finish=232.42 dev=+0.00 injected=0.0
[charge_scheduler-1] [INFO] [1785330547.452146069] [charge_scheduler]: [执行事件] loop=global plan_v=0 C2 type=station_turnaround target=-1 station_ord=2 planned_finish=235.26 actual_finish=235.26 dev=+0.00 injected=0.0
[charge_scheduler-1] [INFO] [1785330547.452153838] [charge_scheduler]: [执行事件] loop=global plan_v=0 C1 type=station_turnaround target=-1 station_ord=2 planned_finish=244.07 actual_finish=244.07 dev=+0.00 injected=0.0
[charge_scheduler-1] [INFO] [1785330547.452161890] [charge_scheduler]: [执行事件] loop=global plan_v=0 C3 type=target_service target=29 station_ord=0 planned_finish=263.47 actual_finish=263.47 dev=+0.00 injected=0.0
[charge_scheduler-1] [INFO] [1785330547.452171677] [charge_scheduler]: [执行事件] loop=global plan_v=0 C2 type=target_service target=6 station_ord=0 planned_finish=281.82 actual_finish=281.82 dev=+0.00 injected=0.0
[charge_scheduler-1] [INFO] [1785330547.452180138] [charge_scheduler]: [执行事件] loop=global plan_v=0 C1 type=target_service target=23 station_ord=0 planned_finish=290.35 actual_finish=290.35 dev=+0.00 injected=0.0
[charge_scheduler-1] [INFO] [1785330547.452187969] [charge_scheduler]: [执行事件] loop=global plan_v=0 C3 type=target_service target=19 station_ord=0 planned_finish=301.56 actual_finish=301.56 dev=+0.00 injected=0.0
[charge_scheduler-1] [INFO] [1785330547.452196086] [charge_scheduler]: [执行事件] loop=global plan_v=0 C3 type=station_turnaround target=-1 station_ord=3 planned_finish=313.76 actual_finish=313.76 dev=+0.00 injected=0.0
[charge_scheduler-1] [INFO] [1785330547.452203908] [charge_scheduler]: [执行事件] loop=global plan_v=0 C2 type=target_service target=25 station_ord=0 planned_finish=318.59 actual_finish=318.59 dev=+0.00 injected=0.0
[charge_scheduler-1] [INFO] [1785330547.452213690] [charge_scheduler]: [执行事件] loop=global plan_v=0 C2 type=station_turnaround target=-1 station_ord=3 planned_finish=329.87 actual_finish=329.87 dev=+0.00 injected=0.0
[charge_scheduler-1] [INFO] [1785330547.452221605] [charge_scheduler]: [执行事件] loop=global plan_v=0 C1 type=target_service target=2 station_ord=0 planned_finish=337.10 actual_finish=337.10 dev=+0.00 injected=0.0
[charge_scheduler-1] [INFO] [1785330547.452229397] [charge_scheduler]: [执行事件] loop=global plan_v=0 C1 type=final_return target=-1 station_ord=0 planned_finish=339.03 actual_finish=339.03 dev=+0.00 injected=0.0
[charge_scheduler-1] [INFO] [1785330547.452236857] [charge_scheduler]: [执行事件] loop=global plan_v=0 C3 type=target_service target=14 station_ord=0 planned_finish=360.56 actual_finish=360.56 dev=+0.00 injected=0.0
[charge_scheduler-1] [INFO] [1785330547.452244215] [charge_scheduler]: [执行事件] loop=global plan_v=0 C3 type=final_return target=-1 station_ord=0 planned_finish=364.33 actual_finish=364.33 dev=+0.00 injected=0.0
[charge_scheduler-1] [INFO] [1785330547.452251873] [charge_scheduler]: [执行事件] loop=global plan_v=0 C2 type=target_service target=17 station_ord=0 planned_finish=375.94 actual_finish=375.94 dev=+0.00 injected=0.0
[charge_scheduler-1] [INFO] [1785330547.452259456] [charge_scheduler]: [执行事件] loop=global plan_v=0 C2 type=final_return target=-1 station_ord=0 planned_finish=378.73 actual_finish=378.73 dev=+0.00 injected=0.0
[charge_scheduler-1] [INFO] [1785330547.452273160] [charge_scheduler]: ★闭环实验结果 mode=open M=30 K=3 disturbance=none delay=0.0 seed=7 N_late=9 T_overtime=148.629 C_total=5661.037 makespan=378.729 served=30 energy_viol=0 reschedules=0 reschedule_ms=0.000 changed_assign=0 changed_order=0 applied_target=0 applied_station=0 initial_solve_ms=52294.443 objective_order=Tover,Nlate,Ctotal
[charge_scheduler-1] [INFO] [1785330547.452288802] [charge_scheduler]: ★闭环实验结果 mode=fixed M=30 K=3 disturbance=none delay=0.0 seed=7 N_late=9 T_overtime=148.629 C_total=5661.037 makespan=378.729 served=30 energy_viol=0 reschedules=0 reschedule_ms=0.000 changed_assign=0 changed_order=0 applied_target=0 applied_station=0 initial_solve_ms=52294.443 objective_order=Tover,Nlate,Ctotal
[charge_scheduler-1] [INFO] [1785330547.452299265] [charge_scheduler]: ★闭环实验收益 policy=fixed M=30 K=3 disturbance=none delay=0.0 seed=7 recovered_late=0 overtime_reduction=0.000 distance_delta=0.000 makespan_reduction=0.000
[charge_scheduler-1] [INFO] [1785330547.452306669] [charge_scheduler]: ★闭环实验结果 mode=closed M=30 K=3 disturbance=none delay=0.0 seed=7 N_late=9 T_overtime=148.629 C_total=5661.037 makespan=378.729 served=30 energy_viol=0 reschedules=0 reschedule_ms=0.000 changed_assign=0 changed_order=0 applied_target=0 applied_station=0 initial_solve_ms=52294.443 objective_order=Tover,Nlate,Ctotal
[charge_scheduler-1] [INFO] [1785330547.452317213] [charge_scheduler]: ★闭环实验收益 policy=closed M=30 K=3 disturbance=none delay=0.0 seed=7 recovered_late=0 overtime_reduction=0.000 distance_delta=0.000 makespan_reduction=0.000
