[INFO] [launch]: All log files can be found below /root/.ros/log/2026-07-29-13-02-02-878353-YYYY-13852
[INFO] [launch]: Default logging verbosity is set to INFO
[INFO] [charge_scheduler-1]: process started with pid [13853]
[charge_scheduler-1] [INFO] [1785330123.021484194] [charge_scheduler]: [目标顺序] objective_order=Tover,Nlate,Ctotal
[charge_scheduler-1] [INFO] [1785330123.022793195] [charge_scheduler]: [Scheduler] 30辆车 | 电池800.0kWh(20%=160.0 80%=640.0) | 充电360kW效率97% | 行驶0.6kWh/km | 桩350kW
[charge_scheduler-1] [INFO] [1785330123.022847142] [charge_scheduler]: [Scheduler] 站端周转: 换电 10 min(换后满电) | 单趟可用 640 kWh
[charge_scheduler-1] [INFO] [1785330123.022860084] [charge_scheduler]:   车#0 [电动装载机282|light] 位置(-47.3,-2.6) 容量282kWh 剩余35% | α=6→6min/% τ=168min → 需130.8kWh(充21.2min)
[charge_scheduler-1] [INFO] [1785330123.022877538] [charge_scheduler]:   车#1 [重型叉车|light] 位置(-44.0,-64.1) 容量200kWh 剩余20% | α=6→6min/% τ=96min → 需123.7kWh(充20.0min)
[charge_scheduler-1] [INFO] [1785330123.022892546] [charge_scheduler]:   车#2 [电动装载机350|light] 位置(-51.1,-38.8) 容量350kWh 剩余50% | α=6→6min/% τ=288min → 需108.2kWh(充17.5min)
[charge_scheduler-1] [INFO] [1785330123.022906158] [charge_scheduler]:   车#3 [重型叉车|light] 位置(-71.0,-19.0) 容量200kWh 剩余10% | α=6→6min/% τ=32min → 需144.3kWh(充23.3min)
[charge_scheduler-1] [INFO] [1785330123.022921703] [charge_scheduler]:   车#4 [电动装载机282|heavy→降级] 位置(-93.3,6.6) 容量282kWh 剩余60% | α=3→6min/% τ=212min → 需58.1kWh(充9.4min)
[charge_scheduler-1] [INFO] [1785330123.022936044] [charge_scheduler]:   车#5 [电动装载机350|light] 位置(-104.4,47.7) 容量350kWh 剩余25% | α=6→6min/% τ=128min → 需198.5kWh(充32.1min)
[charge_scheduler-1] [INFO] [1785330123.022950407] [charge_scheduler]:   车#6 [电动装载机350|heavy→降级] 位置(-37.0,-75.1) 容量350kWh 剩余40% | α=4→6min/% τ=176min → 需144.3kWh(充23.3min)
[charge_scheduler-1] [INFO] [1785330123.022964098] [charge_scheduler]:   车#7 [重型叉车|light] 位置(-88.8,-37.1) 容量200kWh 剩余15% | α=6→6min/% τ=64min → 需134.0kWh(充21.7min)
[charge_scheduler-1] [INFO] [1785330123.022981910] [charge_scheduler]:   车#8 [电动装载机282|heavy→降级] 位置(-70.9,27.7) 容量282kWh 剩余55% | α=3→6min/% τ=196min → 需72.7kWh(充11.8min)
[charge_scheduler-1] [INFO] [1785330123.022996079] [charge_scheduler]:   车#9 [电动装载机282|heavy→降级] 位置(-35.4,-47.4) 容量282kWh 剩余30% | α=3→6min/% τ=116min → 需145.4kWh(充23.5min)
[charge_scheduler-1] [INFO] [1785330123.023010444] [charge_scheduler]:   车#10 [电动装载机282|light] 位置(-100.0,-1.0) 容量282kWh 剩余45% | α=6→6min/% τ=224min → 需101.8kWh(充16.4min)
[charge_scheduler-1] [INFO] [1785330123.023025030] [charge_scheduler]:   车#11 [电动装载机350|light] 位置(-72.8,-15.6) 容量350kWh 剩余18% | α=6→6min/% τ=83min → 需223.7kWh(充36.2min)
[charge_scheduler-1] [INFO] [1785330123.023039652] [charge_scheduler]:   车#12 [重型叉车|heavy→降级] 位置(-61.7,-20.7) 容量200kWh 剩余62% | α=3→6min/% τ=230min → 需37.1kWh(充6.0min)
[charge_scheduler-1] [INFO] [1785330123.023053084] [charge_scheduler]:   车#13 [电动装载机282|light] 位置(-133.0,-25.3) 容量282kWh 剩余28% | α=6→6min/% τ=129min → 需151.2kWh(充24.4min)
[charge_scheduler-1] [INFO] [1785330123.023078687] [charge_scheduler]:   车#14 [电动装载机350|light] 位置(-132.0,-8.9) 容量350kWh 剩余52% | α=6→6min/% τ=301min → 需101.0kWh(充16.3min)
[charge_scheduler-1] [INFO] [1785330123.023094308] [charge_scheduler]:   车#15 [重型叉车|light] 位置(-120.0,7.9) 容量200kWh 剩余12% | α=6→6min/% τ=45min → 需140.2kWh(充22.7min)
[charge_scheduler-1] [INFO] [1785330123.023109277] [charge_scheduler]:   车#16 [电动装载机282|light] 位置(-43.8,-82.9) 容量282kWh 剩余38% | α=6→6min/% τ=185min → 需122.1kWh(充19.7min)
[charge_scheduler-1] [INFO] [1785330123.023124774] [charge_scheduler]:   车#17 [电动装载机350|light] 位置(-31.1,-74.7) 容量350kWh 剩余58% | α=6→6min/% τ=339min → 需79.4kWh(充12.8min)
[charge_scheduler-1] [INFO] [1785330123.023140839] [charge_scheduler]:   车#18 [重型叉车|heavy→降级] 位置(-75.4,-68.2) 容量200kWh 剩余22% | α=3→6min/% τ=102min → 需119.6kWh(充19.3min)
[charge_scheduler-1] [INFO] [1785330123.023157258] [charge_scheduler]:   车#19 [电动装载机282|light] 位置(-88.2,47.1) 容量282kWh 剩余48% | α=6→6min/% τ=241min → 需93.0kWh(充15.0min)
[charge_scheduler-1] [INFO] [1785330123.023174044] [charge_scheduler]:   车#20 [电动装载机350|light] 位置(-71.4,16.3) 容量350kWh 剩余33% | α=6→6min/% τ=179min → 需169.6kWh(充27.4min)
[charge_scheduler-1] [INFO] [1785330123.023226803] [charge_scheduler]:   车#21 [重型叉车|heavy→降级] 位置(-122.0,-0.6) 容量200kWh 剩余65% | α=3→6min/% τ=240min → 需30.9kWh(充5.0min)
[charge_scheduler-1] [INFO] [1785330123.023243983] [charge_scheduler]:   车#22 [电动装载机282|light] 位置(-71.6,11.6) 容量282kWh 剩余16% | α=6→6min/% τ=62min → 需186.1kWh(充30.1min)
[charge_scheduler-1] [INFO] [1785330123.023259089] [charge_scheduler]:   车#23 [电动装载机350|light] 位置(-131.0,37.2) 容量350kWh 剩余42% | α=6→6min/% τ=237min → 需137.1kWh(充22.2min)
[charge_scheduler-1] [INFO] [1785330123.023274145] [charge_scheduler]:   车#24 [重型叉车|heavy→降级] 位置(-51.3,5.9) 容量200kWh 剩余25% | α=3→6min/% τ=112min → 需113.4kWh(充18.3min)
[charge_scheduler-1] [INFO] [1785330123.023290030] [charge_scheduler]:   车#25 [电动装载机282|light] 位置(-62.2,-10.7) 容量282kWh 剩余55% | α=6→6min/% τ=280min → 需72.7kWh(充11.8min)
[charge_scheduler-1] [INFO] [1785330123.023305308] [charge_scheduler]:   车#26 [电动装载机350|light] 位置(-116.0,60.4) 容量350kWh 剩余30% | α=6→6min/% τ=160min → 需180.4kWh(充29.2min)
[charge_scheduler-1] [INFO] [1785330123.023321526] [charge_scheduler]:   车#27 [重型叉车|heavy→降级] 位置(-90.4,60.5) 容量200kWh 剩余68% | α=3→6min/% τ=250min → 需24.7kWh(充4.0min)
[charge_scheduler-1] [INFO] [1785330123.023340699] [charge_scheduler]:   车#28 [电动装载机282|light] 位置(-85.5,-46.0) 容量282kWh 剩余20% | α=6→6min/% τ=84min → 需174.4kWh(充28.2min)
[charge_scheduler-1] [INFO] [1785330123.023357656] [charge_scheduler]:   车#29 [电动装载机350|light] 位置(-87.0,-36.6) 容量350kWh 剩余36% | α=6→6min/% τ=198min → 需158.8kWh(充25.7min)
[charge_scheduler-1] [INFO] [1785330123.031941742] [charge_scheduler]: [Scheduler] 闭环接口: threshold=10.0min | event_sim=on | policy=all | structured_feedback=optional (/task_planner/execution_event)
[charge_scheduler-1] [INFO] [1785330123.031991682] [charge_scheduler]: [Scheduler] 已启动, 等待地图...
[charge_scheduler-1] [INFO] [1785330123.092585932] [charge_scheduler]: [Scheduler] RoutingGraph 就绪
[charge_scheduler-1] [INFO] [1785330123.092835499] [charge_scheduler]: [Scheduler] 提取到 6 条虚线捷径
[charge_scheduler-1] [INFO] [1785330123.106473327] [charge_scheduler]: [Scheduler] 下层兼容增强图: 166 节点, 6 条虚线掉头边
[charge_scheduler-1] [INFO] [1785330130.195716250] [charge_scheduler]: [Scheduler] 距离矩阵完成 31x31, 7089.2 ms | 模式=maneuver | 真实不可达=0 抽象不可达=0 | 缺少对向投影节点=0
[charge_scheduler-1] [INFO] [1785330130.195781292] [charge_scheduler]:   ✓ 比值自检：930 个 OD 满足 机动/直线≥1 | 均值=2.97 最大=42.81 (车#15→车#21)
[charge_scheduler-1] [INFO] [1785330130.195791068] [charge_scheduler]: [Scheduler] 地图就绪, 166 条 lanelet（与下层一致）
[charge_scheduler-1] [INFO] [1785330130.195838144] [charge_scheduler]: ======== 开始VRPTW调度 30 辆车 ========
[charge_scheduler-1] [INFO] [1785330130.195843280] [charge_scheduler]:   规模30>8 → 启发式(alns)
[charge_scheduler-1] [INFO] [1785330182.323878782] [charge_scheduler]: [ALNS] objective_order=Tover,Nlate,Ctotal seed=1 iters=15000 | N_late=11(成功率63.3%) T_overtime=147.3min C_total=5385.7m | 趟数=11 makespan=375.7min
[charge_scheduler-1] [INFO] [1785330182.323930455] [charge_scheduler]:   求解耗时 52128.1 ms
[charge_scheduler-1] [INFO] [1785330182.323938427] [charge_scheduler]: ════════ 调度结果 ════════
[charge_scheduler-1] [INFO] [1785330182.323943315] [charge_scheduler]:   ★目标(字典序): objective_order=Tover,Nlate,Ctotal | N_late=11 辆 (按时成功率 19/30 = 63.3%)  T_overtime=147.3min  C_total=5385.7m
[charge_scheduler-1] [INFO] [1785330182.323949599] [charge_scheduler]:   附: 趟数=11 | makespan=375.7min | 能量可行=是
[charge_scheduler-1] [INFO] [1785330182.323959606] [charge_scheduler]:   [充电车2] 趟1: 站 → 车#8(到4.0/限196.0✓) → 车#22(到16.7/限61.6✓) → 车#9(到49.6/限116.0✓) → 车#1(到80.2/限96.0✓) → 站
[charge_scheduler-1] [INFO] [1785330182.323966821] [charge_scheduler]:   [充电车1] 趟2: 站 → 车#27(到2.1/限249.6✓) → 车#21(到8.2/限240.0✓) → 车#12(到16.2/限230.4✓) → 车#3(到24.9/限32.0✓) → 车#7(到50.2/限64.0✓) → 车#28(到74.7/限84.0✓) → 站
[charge_scheduler-1] [INFO] [1785330182.324000691] [charge_scheduler]:   [充电车3] 趟3: 站 → 车#4(到1.4/限212.0✓) → 车#15(到11.5/限44.8✓) → 车#13(到36.4/限128.8✓) → 车#11(到67.1/限83.2✓) → 站
[charge_scheduler-1] [INFO] [1785330182.324005921] [charge_scheduler]:   [充电车3] 趟4: 站 → 车#5(到125.1/限128.0✓) → 车#20(到169.7/限179.2✓) → 站
[charge_scheduler-1] [INFO] [1785330182.324011519] [charge_scheduler]:   [充电车2] 趟5: 站 → 车#18(到118.9/限102.4✗超时) → 车#6(到144.8/限176.0✓) → 车#16(到186.0/限184.8✗超时) → 站
[charge_scheduler-1] [INFO] [1785330182.324016725] [charge_scheduler]:   [充电车1] 趟6: 站 → 车#24(到122.1/限112.0✗超时) → 车#26(到148.9/限160.0✓) → 车#0(到194.1/限168.0✗超时) → 站
[charge_scheduler-1] [INFO] [1785330182.324020954] [charge_scheduler]:   [充电车3] 趟7: 站 → 车#10(到228.1/限224.0✗超时) → 车#19(到267.5/限240.8✗超时) → 站
[charge_scheduler-1] [INFO] [1785330182.324025426] [charge_scheduler]:   [充电车2] 趟8: 站 → 车#29(到235.8/限198.4✗超时) → 车#25(到280.6/限280.0✗超时) → 站
[charge_scheduler-1] [INFO] [1785330182.324029689] [charge_scheduler]:   [充电车1] 趟9: 站 → 车#23(到242.7/限236.8✗超时) → 车#2(到289.5/限288.0✗超时) → 站
[charge_scheduler-1] [INFO] [1785330182.324034004] [charge_scheduler]:   [充电车2] 趟10: 站 → 车#17(到330.0/限339.2✓) → 站
[charge_scheduler-1] [INFO] [1785330182.324038109] [charge_scheduler]:   [充电车3] 趟11: 站 → 车#14(到318.0/限300.8✗超时) → 站
[charge_scheduler-1] [INFO] [1785330182.324041448] [charge_scheduler]: ════════════════════════
[charge_scheduler-1] [INFO] [1785330182.324089226] [charge_scheduler]: [扰动清单] type=none delay=0.0min targets={} station={}
[charge_scheduler-1] [INFO] [1785330182.324103177] [charge_scheduler]: [执行事件] loop=open plan_v=0 C1 type=target_service target=27 station_ord=0 planned_finish=6.36 actual_finish=6.36 dev=+0.00 injected=0.0
[charge_scheduler-1] [INFO] [1785330182.324109716] [charge_scheduler]: [执行事件] loop=open plan_v=0 C3 type=target_service target=4 station_ord=0 planned_finish=11.04 actual_finish=11.04 dev=+0.00 injected=0.0
[charge_scheduler-1] [INFO] [1785330182.324115665] [charge_scheduler]: [执行事件] loop=open plan_v=0 C1 type=target_service target=21 station_ord=0 planned_finish=14.00 actual_finish=14.00 dev=+0.00 injected=0.0
[charge_scheduler-1] [INFO] [1785330182.324121208] [charge_scheduler]: [执行事件] loop=open plan_v=0 C2 type=target_service target=8 station_ord=0 planned_finish=16.35 actual_finish=16.35 dev=+0.00 injected=0.0
[charge_scheduler-1] [INFO] [1785330182.324126515] [charge_scheduler]: [执行事件] loop=open plan_v=0 C1 type=target_service target=12 station_ord=0 planned_finish=23.83 actual_finish=23.83 dev=+0.00 injected=0.0
[charge_scheduler-1] [INFO] [1785330182.324131826] [charge_scheduler]: [执行事件] loop=open plan_v=0 C3 type=target_service target=15 station_ord=0 planned_finish=34.81 actual_finish=34.81 dev=+0.00 injected=0.0
[charge_scheduler-1] [INFO] [1785330182.324137090] [charge_scheduler]: [执行事件] loop=open plan_v=0 C2 type=target_service target=22 station_ord=0 planned_finish=48.17 actual_finish=48.17 dev=+0.00 injected=0.0
[charge_scheduler-1] [INFO] [1785330182.324142284] [charge_scheduler]: [执行事件] loop=open plan_v=0 C1 type=target_service target=3 station_ord=0 planned_finish=49.54 actual_finish=49.54 dev=+0.00 injected=0.0
[charge_scheduler-1] [INFO] [1785330182.324147466] [charge_scheduler]: [执行事件] loop=open plan_v=0 C3 type=target_service target=13 station_ord=0 planned_finish=63.93 actual_finish=63.93 dev=+0.00 injected=0.0
[charge_scheduler-1] [INFO] [1785330182.324152555] [charge_scheduler]: [执行事件] loop=open plan_v=0 C1 type=target_service target=7 station_ord=0 planned_finish=74.48 actual_finish=74.48 dev=+0.00 injected=0.0
[charge_scheduler-1] [INFO] [1785330182.324157933] [charge_scheduler]: [执行事件] loop=open plan_v=0 C2 type=target_service target=9 station_ord=0 planned_finish=79.23 actual_finish=79.23 dev=+0.00 injected=0.0
[charge_scheduler-1] [INFO] [1785330182.324163212] [charge_scheduler]: [执行事件] loop=open plan_v=0 C2 type=target_service target=1 station_ord=0 planned_finish=104.39 actual_finish=104.39 dev=+0.00 injected=0.0
[charge_scheduler-1] [INFO] [1785330182.324168853] [charge_scheduler]: [执行事件] loop=open plan_v=0 C1 type=target_service target=28 station_ord=0 planned_finish=109.21 actual_finish=109.21 dev=+0.00 injected=0.0
[charge_scheduler-1] [INFO] [1785330182.324177359] [charge_scheduler]: [执行事件] loop=open plan_v=0 C3 type=target_service target=11 station_ord=0 planned_finish=109.42 actual_finish=109.42 dev=+0.00 injected=0.0
[charge_scheduler-1] [INFO] [1785330182.324182941] [charge_scheduler]: [执行事件] loop=open plan_v=0 C2 type=station_turnaround target=-1 station_ord=1 planned_finish=116.81 actual_finish=116.81 dev=+0.00 injected=0.0
[charge_scheduler-1] [INFO] [1785330182.324188391] [charge_scheduler]: [执行事件] loop=open plan_v=0 C1 type=station_turnaround target=-1 station_ord=1 planned_finish=121.24 actual_finish=121.24 dev=+0.00 injected=0.0
[charge_scheduler-1] [INFO] [1785330182.324193600] [charge_scheduler]: [执行事件] loop=open plan_v=0 C3 type=station_turnaround target=-1 station_ord=1 planned_finish=121.91 actual_finish=121.91 dev=+0.00 injected=0.0
[charge_scheduler-1] [INFO] [1785330182.324198978] [charge_scheduler]: [执行事件] loop=open plan_v=0 C2 type=target_service target=18 station_ord=0 planned_finish=143.93 actual_finish=143.93 dev=+0.00 injected=0.0
[charge_scheduler-1] [INFO] [1785330182.324204468] [charge_scheduler]: [执行事件] loop=open plan_v=0 C1 type=target_service target=24 station_ord=0 planned_finish=147.06 actual_finish=147.06 dev=+0.00 injected=0.0
[charge_scheduler-1] [INFO] [1785330182.324209787] [charge_scheduler]: [执行事件] loop=open plan_v=0 C3 type=target_service target=5 station_ord=0 planned_finish=168.57 actual_finish=168.57 dev=+0.00 injected=0.0
[charge_scheduler-1] [INFO] [1785330182.324215409] [charge_scheduler]: [执行事件] loop=open plan_v=0 C2 type=target_service target=6 station_ord=0 planned_finish=185.71 actual_finish=185.71 dev=+0.00 injected=0.0
[charge_scheduler-1] [INFO] [1785330182.324221384] [charge_scheduler]: [执行事件] loop=open plan_v=0 C1 type=target_service target=26 station_ord=0 planned_finish=191.59 actual_finish=191.59 dev=+0.00 injected=0.0
[charge_scheduler-1] [INFO] [1785330182.324226715] [charge_scheduler]: [执行事件] loop=open plan_v=0 C3 type=target_service target=20 station_ord=0 planned_finish=212.58 actual_finish=212.58 dev=+0.00 injected=0.0
[charge_scheduler-1] [INFO] [1785330182.324232053] [charge_scheduler]: [执行事件] loop=open plan_v=0 C2 type=target_service target=16 station_ord=0 planned_finish=221.23 actual_finish=221.23 dev=+0.00 injected=0.0
[charge_scheduler-1] [INFO] [1785330182.324237230] [charge_scheduler]: [执行事件] loop=open plan_v=0 C3 type=station_turnaround target=-1 station_ord=2 planned_finish=223.98 actual_finish=223.98 dev=+0.00 injected=0.0
[charge_scheduler-1] [INFO] [1785330182.324242497] [charge_scheduler]: [执行事件] loop=open plan_v=0 C1 type=target_service target=0 station_ord=0 planned_finish=229.36 actual_finish=229.36 dev=+0.00 injected=0.0
[charge_scheduler-1] [INFO] [1785330182.324247898] [charge_scheduler]: [执行事件] loop=open plan_v=0 C2 type=station_turnaround target=-1 station_ord=2 planned_finish=233.95 actual_finish=233.95 dev=+0.00 injected=0.0
[charge_scheduler-1] [INFO] [1785330182.324253153] [charge_scheduler]: [执行事件] loop=open plan_v=0 C1 type=station_turnaround target=-1 station_ord=2 planned_finish=240.21 actual_finish=240.21 dev=+0.00 injected=0.0
[charge_scheduler-1] [INFO] [1785330182.324258493] [charge_scheduler]: [执行事件] loop=open plan_v=0 C3 type=target_service target=10 station_ord=0 planned_finish=263.36 actual_finish=263.36 dev=+0.00 injected=0.0
[charge_scheduler-1] [INFO] [1785330182.324263798] [charge_scheduler]: [执行事件] loop=open plan_v=0 C2 type=target_service target=29 station_ord=0 planned_finish=279.59 actual_finish=279.59 dev=+0.00 injected=0.0
[charge_scheduler-1] [INFO] [1785330182.324269131] [charge_scheduler]: [执行事件] loop=open plan_v=0 C1 type=target_service target=23 station_ord=0 planned_finish=286.49 actual_finish=286.49 dev=+0.00 injected=0.0
[charge_scheduler-1] [INFO] [1785330182.324274288] [charge_scheduler]: [执行事件] loop=open plan_v=0 C3 type=target_service target=19 station_ord=0 planned_finish=302.72 actual_finish=302.72 dev=+0.00 injected=0.0
[charge_scheduler-1] [INFO] [1785330182.324279579] [charge_scheduler]: [执行事件] loop=open plan_v=0 C3 type=station_turnaround target=-1 station_ord=3 planned_finish=314.92 actual_finish=314.92 dev=+0.00 injected=0.0
[charge_scheduler-1] [INFO] [1785330182.324286469] [charge_scheduler]: [执行事件] loop=open plan_v=0 C2 type=target_service target=25 station_ord=0 planned_finish=315.85 actual_finish=315.85 dev=+0.00 injected=0.0
[charge_scheduler-1] [INFO] [1785330182.324291765] [charge_scheduler]: [执行事件] loop=open plan_v=0 C2 type=station_turnaround target=-1 station_ord=3 planned_finish=327.12 actual_finish=327.12 dev=+0.00 injected=0.0
[charge_scheduler-1] [INFO] [1785330182.324297162] [charge_scheduler]: [执行事件] loop=open plan_v=0 C1 type=target_service target=2 station_ord=0 planned_finish=333.24 actual_finish=333.24 dev=+0.00 injected=0.0
[charge_scheduler-1] [INFO] [1785330182.324302569] [charge_scheduler]: [执行事件] loop=open plan_v=0 C1 type=final_return target=-1 station_ord=0 planned_finish=335.17 actual_finish=335.17 dev=+0.00 injected=0.0
[charge_scheduler-1] [INFO] [1785330182.324307989] [charge_scheduler]: [执行事件] loop=open plan_v=0 C3 type=target_service target=14 station_ord=0 planned_finish=361.72 actual_finish=361.72 dev=+0.00 injected=0.0
[charge_scheduler-1] [INFO] [1785330182.324313144] [charge_scheduler]: [执行事件] loop=open plan_v=0 C3 type=final_return target=-1 station_ord=0 planned_finish=365.49 actual_finish=365.49 dev=+0.00 injected=0.0
[charge_scheduler-1] [INFO] [1785330182.324318400] [charge_scheduler]: [执行事件] loop=open plan_v=0 C2 type=target_service target=17 station_ord=0 planned_finish=372.94 actual_finish=372.94 dev=+0.00 injected=0.0
[charge_scheduler-1] [INFO] [1785330182.324323478] [charge_scheduler]: [执行事件] loop=open plan_v=0 C2 type=final_return target=-1 station_ord=0 planned_finish=375.73 actual_finish=375.73 dev=+0.00 injected=0.0
[charge_scheduler-1] [INFO] [1785330182.324336524] [charge_scheduler]: [执行事件] loop=fixed plan_v=0 C1 type=target_service target=27 station_ord=0 planned_finish=6.36 actual_finish=6.36 dev=+0.00 injected=0.0
[charge_scheduler-1] [INFO] [1785330182.324341912] [charge_scheduler]: [执行事件] loop=fixed plan_v=0 C3 type=target_service target=4 station_ord=0 planned_finish=11.04 actual_finish=11.04 dev=+0.00 injected=0.0
[charge_scheduler-1] [INFO] [1785330182.324349810] [charge_scheduler]: [执行事件] loop=fixed plan_v=0 C1 type=target_service target=21 station_ord=0 planned_finish=14.00 actual_finish=14.00 dev=+0.00 injected=0.0
[charge_scheduler-1] [INFO] [1785330182.324355560] [charge_scheduler]: [执行事件] loop=fixed plan_v=0 C2 type=target_service target=8 station_ord=0 planned_finish=16.35 actual_finish=16.35 dev=+0.00 injected=0.0
[charge_scheduler-1] [INFO] [1785330182.324361495] [charge_scheduler]: [执行事件] loop=fixed plan_v=0 C1 type=target_service target=12 station_ord=0 planned_finish=23.83 actual_finish=23.83 dev=+0.00 injected=0.0
[charge_scheduler-1] [INFO] [1785330182.324367307] [charge_scheduler]: [执行事件] loop=fixed plan_v=0 C3 type=target_service target=15 station_ord=0 planned_finish=34.81 actual_finish=34.81 dev=+0.00 injected=0.0
[charge_scheduler-1] [INFO] [1785330182.324375282] [charge_scheduler]: [执行事件] loop=fixed plan_v=0 C2 type=target_service target=22 station_ord=0 planned_finish=48.17 actual_finish=48.17 dev=+0.00 injected=0.0
[charge_scheduler-1] [INFO] [1785330182.324381329] [charge_scheduler]: [执行事件] loop=fixed plan_v=0 C1 type=target_service target=3 station_ord=0 planned_finish=49.54 actual_finish=49.54 dev=+0.00 injected=0.0
[charge_scheduler-1] [INFO] [1785330182.324387018] [charge_scheduler]: [执行事件] loop=fixed plan_v=0 C3 type=target_service target=13 station_ord=0 planned_finish=63.93 actual_finish=63.93 dev=+0.00 injected=0.0
[charge_scheduler-1] [INFO] [1785330182.324392635] [charge_scheduler]: [执行事件] loop=fixed plan_v=0 C1 type=target_service target=7 station_ord=0 planned_finish=74.48 actual_finish=74.48 dev=+0.00 injected=0.0
[charge_scheduler-1] [INFO] [1785330182.324398383] [charge_scheduler]: [执行事件] loop=fixed plan_v=0 C2 type=target_service target=9 station_ord=0 planned_finish=79.23 actual_finish=79.23 dev=+0.00 injected=0.0
[charge_scheduler-1] [INFO] [1785330182.324404175] [charge_scheduler]: [执行事件] loop=fixed plan_v=0 C2 type=target_service target=1 station_ord=0 planned_finish=104.39 actual_finish=104.39 dev=+0.00 injected=0.0
[charge_scheduler-1] [INFO] [1785330182.324409930] [charge_scheduler]: [执行事件] loop=fixed plan_v=0 C1 type=target_service target=28 station_ord=0 planned_finish=109.21 actual_finish=109.21 dev=+0.00 injected=0.0
[charge_scheduler-1] [INFO] [1785330182.324417734] [charge_scheduler]: [执行事件] loop=fixed plan_v=0 C3 type=target_service target=11 station_ord=0 planned_finish=109.42 actual_finish=109.42 dev=+0.00 injected=0.0
[charge_scheduler-1] [INFO] [1785330182.324423580] [charge_scheduler]: [执行事件] loop=fixed plan_v=0 C2 type=station_turnaround target=-1 station_ord=1 planned_finish=116.81 actual_finish=116.81 dev=+0.00 injected=0.0
[charge_scheduler-1] [INFO] [1785330182.324429686] [charge_scheduler]: [执行事件] loop=fixed plan_v=0 C1 type=station_turnaround target=-1 station_ord=1 planned_finish=121.24 actual_finish=121.24 dev=+0.00 injected=0.0
[charge_scheduler-1] [INFO] [1785330182.324435300] [charge_scheduler]: [执行事件] loop=fixed plan_v=0 C3 type=station_turnaround target=-1 station_ord=1 planned_finish=121.91 actual_finish=121.91 dev=+0.00 injected=0.0
[charge_scheduler-1] [INFO] [1785330182.324443070] [charge_scheduler]: [执行事件] loop=fixed plan_v=0 C2 type=target_service target=18 station_ord=0 planned_finish=143.93 actual_finish=143.93 dev=+0.00 injected=0.0
[charge_scheduler-1] [INFO] [1785330182.324448458] [charge_scheduler]: [执行事件] loop=fixed plan_v=0 C1 type=target_service target=24 station_ord=0 planned_finish=147.06 actual_finish=147.06 dev=+0.00 injected=0.0
[charge_scheduler-1] [INFO] [1785330182.324453977] [charge_scheduler]: [执行事件] loop=fixed plan_v=0 C3 type=target_service target=5 station_ord=0 planned_finish=168.57 actual_finish=168.57 dev=+0.00 injected=0.0
[charge_scheduler-1] [INFO] [1785330182.324461183] [charge_scheduler]: [执行事件] loop=fixed plan_v=0 C2 type=target_service target=6 station_ord=0 planned_finish=185.71 actual_finish=185.71 dev=+0.00 injected=0.0
[charge_scheduler-1] [INFO] [1785330182.324468678] [charge_scheduler]: [执行事件] loop=fixed plan_v=0 C1 type=target_service target=26 station_ord=0 planned_finish=191.59 actual_finish=191.59 dev=+0.00 injected=0.0
[charge_scheduler-1] [INFO] [1785330182.324482761] [charge_scheduler]: [执行事件] loop=fixed plan_v=0 C3 type=target_service target=20 station_ord=0 planned_finish=212.58 actual_finish=212.58 dev=+0.00 injected=0.0
[charge_scheduler-1] [INFO] [1785330182.324491710] [charge_scheduler]: [执行事件] loop=fixed plan_v=0 C2 type=target_service target=16 station_ord=0 planned_finish=221.23 actual_finish=221.23 dev=+0.00 injected=0.0
[charge_scheduler-1] [INFO] [1785330182.324503991] [charge_scheduler]: [执行事件] loop=fixed plan_v=0 C3 type=station_turnaround target=-1 station_ord=2 planned_finish=223.98 actual_finish=223.98 dev=+0.00 injected=0.0
[charge_scheduler-1] [INFO] [1785330182.324513405] [charge_scheduler]: [执行事件] loop=fixed plan_v=0 C1 type=target_service target=0 station_ord=0 planned_finish=229.36 actual_finish=229.36 dev=+0.00 injected=0.0
[charge_scheduler-1] [INFO] [1785330182.324534097] [charge_scheduler]: [执行事件] loop=fixed plan_v=0 C2 type=station_turnaround target=-1 station_ord=2 planned_finish=233.95 actual_finish=233.95 dev=+0.00 injected=0.0
[charge_scheduler-1] [INFO] [1785330182.324544915] [charge_scheduler]: [执行事件] loop=fixed plan_v=0 C1 type=station_turnaround target=-1 station_ord=2 planned_finish=240.21 actual_finish=240.21 dev=+0.00 injected=0.0
[charge_scheduler-1] [INFO] [1785330182.324556414] [charge_scheduler]: [执行事件] loop=fixed plan_v=0 C3 type=target_service target=10 station_ord=0 planned_finish=263.36 actual_finish=263.36 dev=+0.00 injected=0.0
[charge_scheduler-1] [INFO] [1785330182.324571276] [charge_scheduler]: [执行事件] loop=fixed plan_v=0 C2 type=target_service target=29 station_ord=0 planned_finish=279.59 actual_finish=279.59 dev=+0.00 injected=0.0
[charge_scheduler-1] [INFO] [1785330182.324582432] [charge_scheduler]: [执行事件] loop=fixed plan_v=0 C1 type=target_service target=23 station_ord=0 planned_finish=286.49 actual_finish=286.49 dev=+0.00 injected=0.0
[charge_scheduler-1] [INFO] [1785330182.324594287] [charge_scheduler]: [执行事件] loop=fixed plan_v=0 C3 type=target_service target=19 station_ord=0 planned_finish=302.72 actual_finish=302.72 dev=+0.00 injected=0.0
[charge_scheduler-1] [INFO] [1785330182.324607122] [charge_scheduler]: [执行事件] loop=fixed plan_v=0 C3 type=station_turnaround target=-1 station_ord=3 planned_finish=314.92 actual_finish=314.92 dev=+0.00 injected=0.0
[charge_scheduler-1] [INFO] [1785330182.324631393] [charge_scheduler]: [执行事件] loop=fixed plan_v=0 C2 type=target_service target=25 station_ord=0 planned_finish=315.85 actual_finish=315.85 dev=+0.00 injected=0.0
[charge_scheduler-1] [INFO] [1785330182.324645348] [charge_scheduler]: [执行事件] loop=fixed plan_v=0 C2 type=station_turnaround target=-1 station_ord=3 planned_finish=327.12 actual_finish=327.12 dev=+0.00 injected=0.0
[charge_scheduler-1] [INFO] [1785330182.324654178] [charge_scheduler]: [执行事件] loop=fixed plan_v=0 C1 type=target_service target=2 station_ord=0 planned_finish=333.24 actual_finish=333.24 dev=+0.00 injected=0.0
[charge_scheduler-1] [INFO] [1785330182.324665466] [charge_scheduler]: [执行事件] loop=fixed plan_v=0 C1 type=final_return target=-1 station_ord=0 planned_finish=335.17 actual_finish=335.17 dev=+0.00 injected=0.0
[charge_scheduler-1] [INFO] [1785330182.324674023] [charge_scheduler]: [执行事件] loop=fixed plan_v=0 C3 type=target_service target=14 station_ord=0 planned_finish=361.72 actual_finish=361.72 dev=+0.00 injected=0.0
[charge_scheduler-1] [INFO] [1785330182.324681866] [charge_scheduler]: [执行事件] loop=fixed plan_v=0 C3 type=final_return target=-1 station_ord=0 planned_finish=365.49 actual_finish=365.49 dev=+0.00 injected=0.0
[charge_scheduler-1] [INFO] [1785330182.324689617] [charge_scheduler]: [执行事件] loop=fixed plan_v=0 C2 type=target_service target=17 station_ord=0 planned_finish=372.94 actual_finish=372.94 dev=+0.00 injected=0.0
[charge_scheduler-1] [INFO] [1785330182.324697313] [charge_scheduler]: [执行事件] loop=fixed plan_v=0 C2 type=final_return target=-1 station_ord=0 planned_finish=375.73 actual_finish=375.73 dev=+0.00 injected=0.0
[charge_scheduler-1] [INFO] [1785330182.324718712] [charge_scheduler]: [执行事件] loop=global plan_v=0 C1 type=target_service target=27 station_ord=0 planned_finish=6.36 actual_finish=6.36 dev=+0.00 injected=0.0
[charge_scheduler-1] [INFO] [1785330182.324726154] [charge_scheduler]: [执行事件] loop=global plan_v=0 C3 type=target_service target=4 station_ord=0 planned_finish=11.04 actual_finish=11.04 dev=+0.00 injected=0.0
[charge_scheduler-1] [INFO] [1785330182.324733769] [charge_scheduler]: [执行事件] loop=global plan_v=0 C1 type=target_service target=21 station_ord=0 planned_finish=14.00 actual_finish=14.00 dev=+0.00 injected=0.0
[charge_scheduler-1] [INFO] [1785330182.324746858] [charge_scheduler]: [执行事件] loop=global plan_v=0 C2 type=target_service target=8 station_ord=0 planned_finish=16.35 actual_finish=16.35 dev=+0.00 injected=0.0
[charge_scheduler-1] [INFO] [1785330182.324754811] [charge_scheduler]: [执行事件] loop=global plan_v=0 C1 type=target_service target=12 station_ord=0 planned_finish=23.83 actual_finish=23.83 dev=+0.00 injected=0.0
[charge_scheduler-1] [INFO] [1785330182.324762541] [charge_scheduler]: [执行事件] loop=global plan_v=0 C3 type=target_service target=15 station_ord=0 planned_finish=34.81 actual_finish=34.81 dev=+0.00 injected=0.0
[charge_scheduler-1] [INFO] [1785330182.324770161] [charge_scheduler]: [执行事件] loop=global plan_v=0 C2 type=target_service target=22 station_ord=0 planned_finish=48.17 actual_finish=48.17 dev=+0.00 injected=0.0
[charge_scheduler-1] [INFO] [1785330182.324777777] [charge_scheduler]: [执行事件] loop=global plan_v=0 C1 type=target_service target=3 station_ord=0 planned_finish=49.54 actual_finish=49.54 dev=+0.00 injected=0.0
[charge_scheduler-1] [INFO] [1785330182.324785481] [charge_scheduler]: [执行事件] loop=global plan_v=0 C3 type=target_service target=13 station_ord=0 planned_finish=63.93 actual_finish=63.93 dev=+0.00 injected=0.0
[charge_scheduler-1] [INFO] [1785330182.324793161] [charge_scheduler]: [执行事件] loop=global plan_v=0 C1 type=target_service target=7 station_ord=0 planned_finish=74.48 actual_finish=74.48 dev=+0.00 injected=0.0
[charge_scheduler-1] [INFO] [1785330182.324801412] [charge_scheduler]: [执行事件] loop=global plan_v=0 C2 type=target_service target=9 station_ord=0 planned_finish=79.23 actual_finish=79.23 dev=+0.00 injected=0.0
[charge_scheduler-1] [INFO] [1785330182.324809117] [charge_scheduler]: [执行事件] loop=global plan_v=0 C2 type=target_service target=1 station_ord=0 planned_finish=104.39 actual_finish=104.39 dev=+0.00 injected=0.0
[charge_scheduler-1] [INFO] [1785330182.324816931] [charge_scheduler]: [执行事件] loop=global plan_v=0 C1 type=target_service target=28 station_ord=0 planned_finish=109.21 actual_finish=109.21 dev=+0.00 injected=0.0
[charge_scheduler-1] [INFO] [1785330182.324825066] [charge_scheduler]: [执行事件] loop=global plan_v=0 C3 type=target_service target=11 station_ord=0 planned_finish=109.42 actual_finish=109.42 dev=+0.00 injected=0.0
[charge_scheduler-1] [INFO] [1785330182.324840146] [charge_scheduler]: [执行事件] loop=global plan_v=0 C2 type=station_turnaround target=-1 station_ord=1 planned_finish=116.81 actual_finish=116.81 dev=+0.00 injected=0.0
[charge_scheduler-1] [INFO] [1785330182.324848714] [charge_scheduler]: [执行事件] loop=global plan_v=0 C1 type=station_turnaround target=-1 station_ord=1 planned_finish=121.24 actual_finish=121.24 dev=+0.00 injected=0.0
[charge_scheduler-1] [INFO] [1785330182.324857323] [charge_scheduler]: [执行事件] loop=global plan_v=0 C3 type=station_turnaround target=-1 station_ord=1 planned_finish=121.91 actual_finish=121.91 dev=+0.00 injected=0.0
[charge_scheduler-1] [INFO] [1785330182.324865143] [charge_scheduler]: [执行事件] loop=global plan_v=0 C2 type=target_service target=18 station_ord=0 planned_finish=143.93 actual_finish=143.93 dev=+0.00 injected=0.0
[charge_scheduler-1] [INFO] [1785330182.324874161] [charge_scheduler]: [执行事件] loop=global plan_v=0 C1 type=target_service target=24 station_ord=0 planned_finish=147.06 actual_finish=147.06 dev=+0.00 injected=0.0
[charge_scheduler-1] [INFO] [1785330182.324882554] [charge_scheduler]: [执行事件] loop=global plan_v=0 C3 type=target_service target=5 station_ord=0 planned_finish=168.57 actual_finish=168.57 dev=+0.00 injected=0.0
[charge_scheduler-1] [INFO] [1785330182.324890506] [charge_scheduler]: [执行事件] loop=global plan_v=0 C2 type=target_service target=6 station_ord=0 planned_finish=185.71 actual_finish=185.71 dev=+0.00 injected=0.0
[charge_scheduler-1] [INFO] [1785330182.324898656] [charge_scheduler]: [执行事件] loop=global plan_v=0 C1 type=target_service target=26 station_ord=0 planned_finish=191.59 actual_finish=191.59 dev=+0.00 injected=0.0
[charge_scheduler-1] [INFO] [1785330182.324906661] [charge_scheduler]: [执行事件] loop=global plan_v=0 C3 type=target_service target=20 station_ord=0 planned_finish=212.58 actual_finish=212.58 dev=+0.00 injected=0.0
[charge_scheduler-1] [INFO] [1785330182.324914497] [charge_scheduler]: [执行事件] loop=global plan_v=0 C2 type=target_service target=16 station_ord=0 planned_finish=221.23 actual_finish=221.23 dev=+0.00 injected=0.0
[charge_scheduler-1] [INFO] [1785330182.324927064] [charge_scheduler]: [执行事件] loop=global plan_v=0 C3 type=station_turnaround target=-1 station_ord=2 planned_finish=223.98 actual_finish=223.98 dev=+0.00 injected=0.0
[charge_scheduler-1] [INFO] [1785330182.324934935] [charge_scheduler]: [执行事件] loop=global plan_v=0 C1 type=target_service target=0 station_ord=0 planned_finish=229.36 actual_finish=229.36 dev=+0.00 injected=0.0
[charge_scheduler-1] [INFO] [1785330182.324942498] [charge_scheduler]: [执行事件] loop=global plan_v=0 C2 type=station_turnaround target=-1 station_ord=2 planned_finish=233.95 actual_finish=233.95 dev=+0.00 injected=0.0
[charge_scheduler-1] [INFO] [1785330182.324950241] [charge_scheduler]: [执行事件] loop=global plan_v=0 C1 type=station_turnaround target=-1 station_ord=2 planned_finish=240.21 actual_finish=240.21 dev=+0.00 injected=0.0
[charge_scheduler-1] [INFO] [1785330182.324958700] [charge_scheduler]: [执行事件] loop=global plan_v=0 C3 type=target_service target=10 station_ord=0 planned_finish=263.36 actual_finish=263.36 dev=+0.00 injected=0.0
[charge_scheduler-1] [INFO] [1785330182.324972476] [charge_scheduler]: [执行事件] loop=global plan_v=0 C2 type=target_service target=29 station_ord=0 planned_finish=279.59 actual_finish=279.59 dev=+0.00 injected=0.0
[charge_scheduler-1] [INFO] [1785330182.324980916] [charge_scheduler]: [执行事件] loop=global plan_v=0 C1 type=target_service target=23 station_ord=0 planned_finish=286.49 actual_finish=286.49 dev=+0.00 injected=0.0
[charge_scheduler-1] [INFO] [1785330182.324988286] [charge_scheduler]: [执行事件] loop=global plan_v=0 C3 type=target_service target=19 station_ord=0 planned_finish=302.72 actual_finish=302.72 dev=+0.00 injected=0.0
[charge_scheduler-1] [INFO] [1785330182.324995880] [charge_scheduler]: [执行事件] loop=global plan_v=0 C3 type=station_turnaround target=-1 station_ord=3 planned_finish=314.92 actual_finish=314.92 dev=+0.00 injected=0.0
[charge_scheduler-1] [INFO] [1785330182.325003671] [charge_scheduler]: [执行事件] loop=global plan_v=0 C2 type=target_service target=25 station_ord=0 planned_finish=315.85 actual_finish=315.85 dev=+0.00 injected=0.0
[charge_scheduler-1] [INFO] [1785330182.325015002] [charge_scheduler]: [执行事件] loop=global plan_v=0 C2 type=station_turnaround target=-1 station_ord=3 planned_finish=327.12 actual_finish=327.12 dev=+0.00 injected=0.0
[charge_scheduler-1] [INFO] [1785330182.325023633] [charge_scheduler]: [执行事件] loop=global plan_v=0 C1 type=target_service target=2 station_ord=0 planned_finish=333.24 actual_finish=333.24 dev=+0.00 injected=0.0
[charge_scheduler-1] [INFO] [1785330182.325031196] [charge_scheduler]: [执行事件] loop=global plan_v=0 C1 type=final_return target=-1 station_ord=0 planned_finish=335.17 actual_finish=335.17 dev=+0.00 injected=0.0
[charge_scheduler-1] [INFO] [1785330182.325039302] [charge_scheduler]: [执行事件] loop=global plan_v=0 C3 type=target_service target=14 station_ord=0 planned_finish=361.72 actual_finish=361.72 dev=+0.00 injected=0.0
[charge_scheduler-1] [INFO] [1785330182.325046340] [charge_scheduler]: [执行事件] loop=global plan_v=0 C3 type=final_return target=-1 station_ord=0 planned_finish=365.49 actual_finish=365.49 dev=+0.00 injected=0.0
[charge_scheduler-1] [INFO] [1785330182.325054582] [charge_scheduler]: [执行事件] loop=global plan_v=0 C2 type=target_service target=17 station_ord=0 planned_finish=372.94 actual_finish=372.94 dev=+0.00 injected=0.0
[charge_scheduler-1] [INFO] [1785330182.325061297] [charge_scheduler]: [执行事件] loop=global plan_v=0 C2 type=final_return target=-1 station_ord=0 planned_finish=375.73 actual_finish=375.73 dev=+0.00 injected=0.0
[charge_scheduler-1] [INFO] [1785330182.325073197] [charge_scheduler]: ★闭环实验结果 mode=open M=30 K=3 disturbance=none delay=0.0 seed=1 N_late=11 T_overtime=147.306 C_total=5385.720 makespan=375.734 served=30 energy_viol=0 reschedules=0 reschedule_ms=0.000 changed_assign=0 changed_order=0 applied_target=0 applied_station=0 initial_solve_ms=52128.086 objective_order=Tover,Nlate,Ctotal
[charge_scheduler-1] [INFO] [1785330182.325088227] [charge_scheduler]: ★闭环实验结果 mode=fixed M=30 K=3 disturbance=none delay=0.0 seed=1 N_late=11 T_overtime=147.306 C_total=5385.720 makespan=375.734 served=30 energy_viol=0 reschedules=0 reschedule_ms=0.000 changed_assign=0 changed_order=0 applied_target=0 applied_station=0 initial_solve_ms=52128.086 objective_order=Tover,Nlate,Ctotal
[charge_scheduler-1] [INFO] [1785330182.325097333] [charge_scheduler]: ★闭环实验收益 policy=fixed M=30 K=3 disturbance=none delay=0.0 seed=1 recovered_late=0 overtime_reduction=0.000 distance_delta=0.000 makespan_reduction=0.000
[charge_scheduler-1] [INFO] [1785330182.325104247] [charge_scheduler]: ★闭环实验结果 mode=closed M=30 K=3 disturbance=none delay=0.0 seed=1 N_late=11 T_overtime=147.306 C_total=5385.720 makespan=375.734 served=30 energy_viol=0 reschedules=0 reschedule_ms=0.000 changed_assign=0 changed_order=0 applied_target=0 applied_station=0 initial_solve_ms=52128.086 objective_order=Tover,Nlate,Ctotal
[charge_scheduler-1] [INFO] [1785330182.325113483] [charge_scheduler]: ★闭环实验收益 policy=closed M=30 K=3 disturbance=none delay=0.0 seed=1 recovered_late=0 overtime_reduction=0.000 distance_delta=0.000 makespan_reduction=0.000
