[INFO] [launch]: All log files can be found below /root/.ros/log/2026-07-29-14-18-23-854266-YYYY-24552
[INFO] [launch]: Default logging verbosity is set to INFO
[INFO] [charge_scheduler-1]: process started with pid [24554]
[charge_scheduler-1] [INFO] [1785334704.046138103] [charge_scheduler]: [目标顺序] objective_order=Tover,Nlate,Ctotal
[charge_scheduler-1] [INFO] [1785334704.047291515] [charge_scheduler]: [Scheduler] 30辆车 | 电池800.0kWh(20%=160.0 80%=640.0) | 充电360kW效率97% | 行驶0.6kWh/km | 桩350kW
[charge_scheduler-1] [INFO] [1785334704.047357479] [charge_scheduler]: [Scheduler] 站端周转: 换电 10 min(换后满电) | 单趟可用 640 kWh
[charge_scheduler-1] [INFO] [1785334704.047378360] [charge_scheduler]:   车#0 [电动装载机282|light] 位置(-47.3,-2.6) 容量282kWh 剩余35% | α=6→6min/% τ=168min → 需130.8kWh(充21.2min)
[charge_scheduler-1] [INFO] [1785334704.047411398] [charge_scheduler]:   车#1 [重型叉车|light] 位置(-44.0,-64.1) 容量200kWh 剩余20% | α=6→6min/% τ=96min → 需123.7kWh(充20.0min)
[charge_scheduler-1] [INFO] [1785334704.047440578] [charge_scheduler]:   车#2 [电动装载机350|light] 位置(-51.1,-38.8) 容量350kWh 剩余50% | α=6→6min/% τ=288min → 需108.2kWh(充17.5min)
[charge_scheduler-1] [INFO] [1785334704.047469557] [charge_scheduler]:   车#3 [重型叉车|light] 位置(-71.0,-19.0) 容量200kWh 剩余10% | α=6→6min/% τ=32min → 需144.3kWh(充23.3min)
[charge_scheduler-1] [INFO] [1785334704.047609658] [charge_scheduler]:   车#4 [电动装载机282|heavy→降级] 位置(-93.3,6.6) 容量282kWh 剩余60% | α=3→6min/% τ=212min → 需58.1kWh(充9.4min)
[charge_scheduler-1] [INFO] [1785334704.047695951] [charge_scheduler]:   车#5 [电动装载机350|light] 位置(-104.4,47.7) 容量350kWh 剩余25% | α=6→6min/% τ=128min → 需198.5kWh(充32.1min)
[charge_scheduler-1] [INFO] [1785334704.047986516] [charge_scheduler]:   车#6 [电动装载机350|heavy→降级] 位置(-37.0,-75.1) 容量350kWh 剩余40% | α=4→6min/% τ=176min → 需144.3kWh(充23.3min)
[charge_scheduler-1] [INFO] [1785334704.048036331] [charge_scheduler]:   车#7 [重型叉车|light] 位置(-88.8,-37.1) 容量200kWh 剩余15% | α=6→6min/% τ=64min → 需134.0kWh(充21.7min)
[charge_scheduler-1] [INFO] [1785334704.048076493] [charge_scheduler]:   车#8 [电动装载机282|heavy→降级] 位置(-70.9,27.7) 容量282kWh 剩余55% | α=3→6min/% τ=196min → 需72.7kWh(充11.8min)
[charge_scheduler-1] [INFO] [1785334704.048112180] [charge_scheduler]:   车#9 [电动装载机282|heavy→降级] 位置(-35.4,-47.4) 容量282kWh 剩余30% | α=3→6min/% τ=116min → 需145.4kWh(充23.5min)
[charge_scheduler-1] [INFO] [1785334704.048148223] [charge_scheduler]:   车#10 [电动装载机282|light] 位置(-100.0,-1.0) 容量282kWh 剩余45% | α=6→6min/% τ=224min → 需101.8kWh(充16.4min)
[charge_scheduler-1] [INFO] [1785334704.048202044] [charge_scheduler]:   车#11 [电动装载机350|light] 位置(-72.8,-15.6) 容量350kWh 剩余18% | α=6→6min/% τ=83min → 需223.7kWh(充36.2min)
[charge_scheduler-1] [INFO] [1785334704.048252385] [charge_scheduler]:   车#12 [重型叉车|heavy→降级] 位置(-61.7,-20.7) 容量200kWh 剩余62% | α=3→6min/% τ=230min → 需37.1kWh(充6.0min)
[charge_scheduler-1] [INFO] [1785334704.048291423] [charge_scheduler]:   车#13 [电动装载机282|light] 位置(-133.0,-25.3) 容量282kWh 剩余28% | α=6→6min/% τ=129min → 需151.2kWh(充24.4min)
[charge_scheduler-1] [INFO] [1785334704.048327837] [charge_scheduler]:   车#14 [电动装载机350|light] 位置(-132.0,-8.9) 容量350kWh 剩余52% | α=6→6min/% τ=301min → 需101.0kWh(充16.3min)
[charge_scheduler-1] [INFO] [1785334704.048362198] [charge_scheduler]:   车#15 [重型叉车|light] 位置(-120.0,7.9) 容量200kWh 剩余12% | α=6→6min/% τ=45min → 需140.2kWh(充22.7min)
[charge_scheduler-1] [INFO] [1785334704.048398796] [charge_scheduler]:   车#16 [电动装载机282|light] 位置(-43.8,-82.9) 容量282kWh 剩余38% | α=6→6min/% τ=185min → 需122.1kWh(充19.7min)
[charge_scheduler-1] [INFO] [1785334704.048446521] [charge_scheduler]:   车#17 [电动装载机350|light] 位置(-31.1,-74.7) 容量350kWh 剩余58% | α=6→6min/% τ=339min → 需79.4kWh(充12.8min)
[charge_scheduler-1] [INFO] [1785334704.048486046] [charge_scheduler]:   车#18 [重型叉车|heavy→降级] 位置(-75.4,-68.2) 容量200kWh 剩余22% | α=3→6min/% τ=102min → 需119.6kWh(充19.3min)
[charge_scheduler-1] [INFO] [1785334704.048544970] [charge_scheduler]:   车#19 [电动装载机282|light] 位置(-88.2,47.1) 容量282kWh 剩余48% | α=6→6min/% τ=241min → 需93.0kWh(充15.0min)
[charge_scheduler-1] [INFO] [1785334704.048582874] [charge_scheduler]:   车#20 [电动装载机350|light] 位置(-71.4,16.3) 容量350kWh 剩余33% | α=6→6min/% τ=179min → 需169.6kWh(充27.4min)
[charge_scheduler-1] [INFO] [1785334704.048682713] [charge_scheduler]:   车#21 [重型叉车|heavy→降级] 位置(-122.0,-0.6) 容量200kWh 剩余65% | α=3→6min/% τ=240min → 需30.9kWh(充5.0min)
[charge_scheduler-1] [INFO] [1785334704.048729312] [charge_scheduler]:   车#22 [电动装载机282|light] 位置(-71.6,11.6) 容量282kWh 剩余16% | α=6→6min/% τ=62min → 需186.1kWh(充30.1min)
[charge_scheduler-1] [INFO] [1785334704.048767578] [charge_scheduler]:   车#23 [电动装载机350|light] 位置(-131.0,37.2) 容量350kWh 剩余42% | α=6→6min/% τ=237min → 需137.1kWh(充22.2min)
[charge_scheduler-1] [INFO] [1785334704.048816291] [charge_scheduler]:   车#24 [重型叉车|heavy→降级] 位置(-51.3,5.9) 容量200kWh 剩余25% | α=3→6min/% τ=112min → 需113.4kWh(充18.3min)
[charge_scheduler-1] [INFO] [1785334704.048853299] [charge_scheduler]:   车#25 [电动装载机282|light] 位置(-62.2,-10.7) 容量282kWh 剩余55% | α=6→6min/% τ=280min → 需72.7kWh(充11.8min)
[charge_scheduler-1] [INFO] [1785334704.048889731] [charge_scheduler]:   车#26 [电动装载机350|light] 位置(-116.0,60.4) 容量350kWh 剩余30% | α=6→6min/% τ=160min → 需180.4kWh(充29.2min)
[charge_scheduler-1] [INFO] [1785334704.048925924] [charge_scheduler]:   车#27 [重型叉车|heavy→降级] 位置(-90.4,60.5) 容量200kWh 剩余68% | α=3→6min/% τ=250min → 需24.7kWh(充4.0min)
[charge_scheduler-1] [INFO] [1785334704.048962254] [charge_scheduler]:   车#28 [电动装载机282|light] 位置(-85.5,-46.0) 容量282kWh 剩余20% | α=6→6min/% τ=84min → 需174.4kWh(充28.2min)
[charge_scheduler-1] [INFO] [1785334704.049001016] [charge_scheduler]:   车#29 [电动装载机350|light] 位置(-87.0,-36.6) 容量350kWh 剩余36% | α=6→6min/% τ=198min → 需158.8kWh(充25.7min)
[charge_scheduler-1] [INFO] [1785334704.060556867] [charge_scheduler]: [Scheduler] 闭环接口: threshold=10.0min | event_sim=on | policy=all | structured_feedback=optional (/task_planner/execution_event)
[charge_scheduler-1] [INFO] [1785334704.060603873] [charge_scheduler]: [Scheduler] 已启动, 等待地图...
[charge_scheduler-1] [INFO] [1785334704.208394811] [charge_scheduler]: [Scheduler] RoutingGraph 就绪
[charge_scheduler-1] [INFO] [1785334704.208732422] [charge_scheduler]: [Scheduler] 提取到 6 条虚线捷径
[charge_scheduler-1] [INFO] [1785334704.220243533] [charge_scheduler]: [Scheduler] 下层兼容增强图: 166 节点, 6 条虚线掉头边
[charge_scheduler-1] [INFO] [1785334711.342895205] [charge_scheduler]: [Scheduler] 距离矩阵完成 31x31, 7122.6 ms | 模式=maneuver | 真实不可达=0 抽象不可达=0 | 缺少对向投影节点=0
[charge_scheduler-1] [INFO] [1785334711.342973295] [charge_scheduler]:   ✓ 比值自检：930 个 OD 满足 机动/直线≥1 | 均值=2.97 最大=42.81 (车#15→车#21)
[charge_scheduler-1] [INFO] [1785334711.342987326] [charge_scheduler]: [Scheduler] 地图就绪, 166 条 lanelet（与下层一致）
[charge_scheduler-1] [INFO] [1785334711.343057060] [charge_scheduler]: ======== 开始VRPTW调度 30 辆车 ========
[charge_scheduler-1] [INFO] [1785334711.343067930] [charge_scheduler]:   规模30>8 → 启发式(alns)
[charge_scheduler-1] [INFO] [1785334763.962824736] [charge_scheduler]: [ALNS] objective_order=Tover,Nlate,Ctotal seed=8 iters=15000 | N_late=7(成功率76.7%) T_overtime=154.8min C_total=5633.5m | 趟数=11 makespan=373.0min
[charge_scheduler-1] [INFO] [1785334763.962879836] [charge_scheduler]:   求解耗时 52619.8 ms
[charge_scheduler-1] [INFO] [1785334763.962888904] [charge_scheduler]: ════════ 调度结果 ════════
[charge_scheduler-1] [INFO] [1785334763.962894515] [charge_scheduler]:   ★目标(字典序): objective_order=Tover,Nlate,Ctotal | N_late=7 辆 (按时成功率 23/30 = 76.7%)  T_overtime=154.8min  C_total=5633.5m
[charge_scheduler-1] [INFO] [1785334763.962901376] [charge_scheduler]:   附: 趟数=11 | makespan=373.0min | 能量可行=是
[charge_scheduler-1] [INFO] [1785334763.962925030] [charge_scheduler]:   [充电车1] 趟1: 站 → 车#27(到2.1/限249.6✓) → 车#21(到8.2/限240.0✓) → 车#3(到15.1/限32.0✓) → 车#7(到39.9/限64.0✓) → 车#28(到63.9/限84.0✓) → 站
[charge_scheduler-1] [INFO] [1785334763.962935914] [charge_scheduler]:   [充电车2] 趟2: 站 → 车#12(到2.3/限230.4✓) → 车#8(到12.0/限196.0✓) → 车#22(到25.8/限61.6✓) → 车#18(到59.4/限102.4✓) → 车#1(到83.4/限96.0✓) → 站
[charge_scheduler-1] [INFO] [1785334763.963000505] [charge_scheduler]:   [充电车3] 趟3: 站 → 车#4(到1.4/限212.0✓) → 车#15(到11.5/限44.8✓) → 车#13(到36.4/限128.8✓) → 车#11(到67.1/限83.2✓) → 站
[charge_scheduler-1] [INFO] [1785334763.963006824] [charge_scheduler]:   [充电车2] 趟4: 站 → 车#5(到123.3/限128.0✓) → 车#20(到167.8/限179.2✓) → 站
[charge_scheduler-1] [INFO] [1785334763.963015660] [charge_scheduler]:   [充电车1] 趟5: 站 → 车#24(到110.3/限112.0✓) → 车#26(到137.1/限160.0✓) → 车#16(到182.4/限184.8✓) → 站
[charge_scheduler-1] [INFO] [1785334763.963023855] [charge_scheduler]:   [充电车3] 趟6: 站 → 车#9(到124.1/限116.0✗超时) → 车#0(到160.8/限168.0✓) → 车#10(到199.1/限224.0✓) → 站
[charge_scheduler-1] [INFO] [1785334763.963032288] [charge_scheduler]:   [充电车2] 趟7: 站 → 车#29(到223.8/限198.4✗超时) → 车#19(到270.3/限240.8✗超时) → 站
[charge_scheduler-1] [INFO] [1785334763.963039715] [charge_scheduler]:   [充电车1] 趟8: 站 → 车#6(到233.0/限176.0✗超时) → 车#25(到278.3/限280.0✓) → 站
[charge_scheduler-1] [INFO] [1785334763.963047020] [charge_scheduler]:   [充电车1] 趟9: 站 → 车#17(到327.5/限339.2✓) → 站
[charge_scheduler-1] [INFO] [1785334763.963054830] [charge_scheduler]:   [充电车2] 趟10: 站 → 车#14(到320.9/限300.8✗超时) → 站
[charge_scheduler-1] [INFO] [1785334763.963075476] [charge_scheduler]:   [充电车3] 趟11: 站 → 车#23(到246.4/限236.8✗超时) → 车#2(到293.2/限288.0✗超时) → 站
[charge_scheduler-1] [INFO] [1785334763.963081589] [charge_scheduler]: ════════════════════════
[charge_scheduler-1] [INFO] [1785334763.963227065] [charge_scheduler]: [扰动清单] type=station delay=60.0min targets={} station={C1-S1,C2-S1,}
[charge_scheduler-1] [INFO] [1785334763.963249627] [charge_scheduler]: [执行事件] loop=open plan_v=0 C1 type=target_service target=27 station_ord=0 planned_finish=6.36 actual_finish=6.36 dev=+0.00 injected=0.0
[charge_scheduler-1] [INFO] [1785334763.963259600] [charge_scheduler]: [执行事件] loop=open plan_v=0 C2 type=target_service target=12 station_ord=0 planned_finish=8.58 actual_finish=8.58 dev=+0.00 injected=0.0
[charge_scheduler-1] [INFO] [1785334763.963267327] [charge_scheduler]: [执行事件] loop=open plan_v=0 C3 type=target_service target=4 station_ord=0 planned_finish=11.04 actual_finish=11.04 dev=+0.00 injected=0.0
[charge_scheduler-1] [INFO] [1785334763.963275517] [charge_scheduler]: [执行事件] loop=open plan_v=0 C1 type=target_service target=21 station_ord=0 planned_finish=14.00 actual_finish=14.00 dev=+0.00 injected=0.0
[charge_scheduler-1] [INFO] [1785334763.963283376] [charge_scheduler]: [执行事件] loop=open plan_v=0 C2 type=target_service target=8 station_ord=0 planned_finish=25.50 actual_finish=25.50 dev=+0.00 injected=0.0
[charge_scheduler-1] [INFO] [1785334763.963291072] [charge_scheduler]: [执行事件] loop=open plan_v=0 C3 type=target_service target=15 station_ord=0 planned_finish=34.81 actual_finish=34.81 dev=+0.00 injected=0.0
[charge_scheduler-1] [INFO] [1785334763.963298893] [charge_scheduler]: [执行事件] loop=open plan_v=0 C1 type=target_service target=3 station_ord=0 planned_finish=39.26 actual_finish=39.26 dev=+0.00 injected=0.0
[charge_scheduler-1] [INFO] [1785334763.963329084] [charge_scheduler]: [执行事件] loop=open plan_v=0 C2 type=target_service target=22 station_ord=0 planned_finish=58.10 actual_finish=58.10 dev=+0.00 injected=0.0
[charge_scheduler-1] [INFO] [1785334763.963337151] [charge_scheduler]: [执行事件] loop=open plan_v=0 C1 type=target_service target=7 station_ord=0 planned_finish=63.68 actual_finish=63.68 dev=+0.00 injected=0.0
[charge_scheduler-1] [INFO] [1785334763.963344752] [charge_scheduler]: [执行事件] loop=open plan_v=0 C3 type=target_service target=13 station_ord=0 planned_finish=63.93 actual_finish=63.93 dev=+0.00 injected=0.0
[charge_scheduler-1] [INFO] [1785334763.963352487] [charge_scheduler]: [执行事件] loop=open plan_v=0 C2 type=target_service target=18 station_ord=0 planned_finish=82.20 actual_finish=82.20 dev=+0.00 injected=0.0
[charge_scheduler-1] [INFO] [1785334763.963363359] [charge_scheduler]: [执行事件] loop=open plan_v=0 C1 type=target_service target=28 station_ord=0 planned_finish=97.49 actual_finish=97.49 dev=+0.00 injected=0.0
[charge_scheduler-1] [INFO] [1785334763.963371520] [charge_scheduler]: [执行事件] loop=open plan_v=0 C2 type=target_service target=1 station_ord=0 planned_finish=107.70 actual_finish=107.70 dev=+0.00 injected=0.0
[charge_scheduler-1] [INFO] [1785334763.963385903] [charge_scheduler]: [执行事件] loop=open plan_v=0 C3 type=target_service target=11 station_ord=0 planned_finish=109.42 actual_finish=109.42 dev=+0.00 injected=0.0
[charge_scheduler-1] [INFO] [1785334763.963393818] [charge_scheduler]: [执行事件] loop=open plan_v=0 C3 type=station_turnaround target=-1 station_ord=1 planned_finish=121.91 actual_finish=121.91 dev=+0.00 injected=0.0
[charge_scheduler-1] [INFO] [1785334763.963402379] [charge_scheduler]: [执行事件] loop=open plan_v=0 C3 type=target_service target=9 station_ord=0 planned_finish=159.33 actual_finish=159.33 dev=+0.00 injected=0.0
[charge_scheduler-1] [INFO] [1785334763.963409837] [charge_scheduler]: [执行事件] loop=open plan_v=0 C1 type=station_turnaround target=-1 station_ord=1 planned_finish=109.52 actual_finish=169.52 dev=+60.00 injected=60.0
[charge_scheduler-1] [INFO] [1785334763.963418084] [charge_scheduler]: [执行事件] loop=open plan_v=0 C2 type=station_turnaround target=-1 station_ord=1 planned_finish=120.12 actual_finish=180.12 dev=+60.00 injected=60.0
[charge_scheduler-1] [INFO] [1785334763.963426047] [charge_scheduler]: [执行事件] loop=open plan_v=0 C1 type=target_service target=24 station_ord=0 planned_finish=135.26 actual_finish=195.34 dev=+60.09 injected=0.0
[charge_scheduler-1] [INFO] [1785334763.963434851] [charge_scheduler]: [执行事件] loop=open plan_v=0 C3 type=target_service target=0 station_ord=0 planned_finish=195.49 actual_finish=195.49 dev=+0.00 injected=0.0
[charge_scheduler-1] [INFO] [1785334763.963442720] [charge_scheduler]: [执行事件] loop=open plan_v=0 C2 type=target_service target=5 station_ord=0 planned_finish=166.62 actual_finish=227.05 dev=+60.43 injected=0.0
[charge_scheduler-1] [INFO] [1785334763.963450461] [charge_scheduler]: [执行事件] loop=open plan_v=0 C3 type=target_service target=10 station_ord=0 planned_finish=232.24 actual_finish=232.24 dev=+0.00 injected=0.0
[charge_scheduler-1] [INFO] [1785334763.963457992] [charge_scheduler]: [执行事件] loop=open plan_v=0 C1 type=target_service target=26 station_ord=0 planned_finish=178.71 actual_finish=240.89 dev=+62.18 injected=0.0
[charge_scheduler-1] [INFO] [1785334763.963465755] [charge_scheduler]: [执行事件] loop=open plan_v=0 C3 type=station_turnaround target=-1 station_ord=2 planned_finish=243.89 actual_finish=243.89 dev=+0.00 injected=0.0
[charge_scheduler-1] [INFO] [1785334763.963473282] [charge_scheduler]: [执行事件] loop=open plan_v=0 C2 type=target_service target=20 station_ord=0 planned_finish=210.46 actual_finish=271.93 dev=+61.47 injected=0.0
[charge_scheduler-1] [INFO] [1785334763.963481149] [charge_scheduler]: [执行事件] loop=open plan_v=0 C1 type=target_service target=16 station_ord=0 planned_finish=217.46 actual_finish=279.84 dev=+62.38 injected=0.0
[charge_scheduler-1] [INFO] [1785334763.963488783] [charge_scheduler]: [执行事件] loop=open plan_v=0 C2 type=station_turnaround target=-1 station_ord=2 planned_finish=221.86 actual_finish=283.33 dev=+61.47 injected=0.0
[charge_scheduler-1] [INFO] [1785334763.963507857] [charge_scheduler]: [执行事件] loop=open plan_v=0 C3 type=target_service target=23 station_ord=0 planned_finish=290.17 actual_finish=290.17 dev=+0.00 injected=0.0
[charge_scheduler-1] [INFO] [1785334763.963515313] [charge_scheduler]: [执行事件] loop=open plan_v=0 C1 type=station_turnaround target=-1 station_ord=2 planned_finish=230.18 actual_finish=292.56 dev=+62.38 injected=0.0
[charge_scheduler-1] [INFO] [1785334763.963522568] [charge_scheduler]: [执行事件] loop=open plan_v=0 C2 type=target_service target=29 station_ord=0 planned_finish=267.50 actual_finish=328.97 dev=+61.47 injected=0.0
[charge_scheduler-1] [INFO] [1785334763.963529730] [charge_scheduler]: [执行事件] loop=open plan_v=0 C3 type=target_service target=2 station_ord=0 planned_finish=336.92 actual_finish=336.92 dev=+0.00 injected=0.0
[charge_scheduler-1] [INFO] [1785334763.963536822] [charge_scheduler]: [执行事件] loop=open plan_v=0 C3 type=final_return target=-1 station_ord=0 planned_finish=338.84 actual_finish=338.84 dev=+0.00 injected=0.0
[charge_scheduler-1] [INFO] [1785334763.963545986] [charge_scheduler]: [执行事件] loop=open plan_v=0 C1 type=target_service target=6 station_ord=0 planned_finish=276.74 actual_finish=339.12 dev=+62.38 injected=0.0
[charge_scheduler-1] [INFO] [1785334763.963557179] [charge_scheduler]: [执行事件] loop=open plan_v=0 C2 type=target_service target=19 station_ord=0 planned_finish=305.60 actual_finish=367.07 dev=+61.47 injected=0.0
[charge_scheduler-1] [INFO] [1785334763.963564348] [charge_scheduler]: [执行事件] loop=open plan_v=0 C1 type=target_service target=25 station_ord=0 planned_finish=313.36 actual_finish=375.89 dev=+62.52 injected=0.0
[charge_scheduler-1] [INFO] [1785334763.963571328] [charge_scheduler]: [执行事件] loop=open plan_v=0 C2 type=station_turnaround target=-1 station_ord=3 planned_finish=317.80 actual_finish=379.27 dev=+61.47 injected=0.0
[charge_scheduler-1] [INFO] [1785334763.963578194] [charge_scheduler]: [执行事件] loop=open plan_v=0 C1 type=station_turnaround target=-1 station_ord=3 planned_finish=324.64 actual_finish=387.17 dev=+62.52 injected=0.0
[charge_scheduler-1] [INFO] [1785334763.963585655] [charge_scheduler]: [执行事件] loop=open plan_v=0 C2 type=target_service target=14 station_ord=0 planned_finish=364.60 actual_finish=426.07 dev=+61.47 injected=0.0
[charge_scheduler-1] [INFO] [1785334763.963593768] [charge_scheduler]: [执行事件] loop=open plan_v=0 C2 type=final_return target=-1 station_ord=0 planned_finish=368.36 actual_finish=429.84 dev=+61.47 injected=0.0
[charge_scheduler-1] [INFO] [1785334763.963601363] [charge_scheduler]: [执行事件] loop=open plan_v=0 C1 type=target_service target=17 station_ord=0 planned_finish=370.23 actual_finish=433.82 dev=+63.59 injected=0.0
[charge_scheduler-1] [INFO] [1785334763.963608581] [charge_scheduler]: [执行事件] loop=open plan_v=0 C1 type=final_return target=-1 station_ord=0 planned_finish=373.03 actual_finish=436.61 dev=+63.59 injected=0.0
[charge_scheduler-1] [INFO] [1785334763.963632638] [charge_scheduler]: [执行事件] loop=fixed plan_v=0 C1 type=target_service target=27 station_ord=0 planned_finish=6.36 actual_finish=6.36 dev=+0.00 injected=0.0
[charge_scheduler-1] [INFO] [1785334763.963643275] [charge_scheduler]: [执行事件] loop=fixed plan_v=0 C2 type=target_service target=12 station_ord=0 planned_finish=8.58 actual_finish=8.58 dev=+0.00 injected=0.0
[charge_scheduler-1] [INFO] [1785334763.963653399] [charge_scheduler]: [执行事件] loop=fixed plan_v=0 C3 type=target_service target=4 station_ord=0 planned_finish=11.04 actual_finish=11.04 dev=+0.00 injected=0.0
[charge_scheduler-1] [INFO] [1785334763.963665184] [charge_scheduler]: [执行事件] loop=fixed plan_v=0 C1 type=target_service target=21 station_ord=0 planned_finish=14.00 actual_finish=14.00 dev=+0.00 injected=0.0
[charge_scheduler-1] [INFO] [1785334763.963680176] [charge_scheduler]: [执行事件] loop=fixed plan_v=0 C2 type=target_service target=8 station_ord=0 planned_finish=25.50 actual_finish=25.50 dev=+0.00 injected=0.0
[charge_scheduler-1] [INFO] [1785334763.963691433] [charge_scheduler]: [执行事件] loop=fixed plan_v=0 C3 type=target_service target=15 station_ord=0 planned_finish=34.81 actual_finish=34.81 dev=+0.00 injected=0.0
[charge_scheduler-1] [INFO] [1785334763.963700682] [charge_scheduler]: [执行事件] loop=fixed plan_v=0 C1 type=target_service target=3 station_ord=0 planned_finish=39.26 actual_finish=39.26 dev=+0.00 injected=0.0
[charge_scheduler-1] [INFO] [1785334763.963713608] [charge_scheduler]: [执行事件] loop=fixed plan_v=0 C2 type=target_service target=22 station_ord=0 planned_finish=58.10 actual_finish=58.10 dev=+0.00 injected=0.0
[charge_scheduler-1] [INFO] [1785334763.963720882] [charge_scheduler]: [执行事件] loop=fixed plan_v=0 C1 type=target_service target=7 station_ord=0 planned_finish=63.68 actual_finish=63.68 dev=+0.00 injected=0.0
[charge_scheduler-1] [INFO] [1785334763.963727824] [charge_scheduler]: [执行事件] loop=fixed plan_v=0 C3 type=target_service target=13 station_ord=0 planned_finish=63.93 actual_finish=63.93 dev=+0.00 injected=0.0
[charge_scheduler-1] [INFO] [1785334763.963734881] [charge_scheduler]: [执行事件] loop=fixed plan_v=0 C2 type=target_service target=18 station_ord=0 planned_finish=82.20 actual_finish=82.20 dev=+0.00 injected=0.0
[charge_scheduler-1] [INFO] [1785334763.963742132] [charge_scheduler]: [执行事件] loop=fixed plan_v=0 C1 type=target_service target=28 station_ord=0 planned_finish=97.49 actual_finish=97.49 dev=+0.00 injected=0.0
[charge_scheduler-1] [INFO] [1785334763.963751003] [charge_scheduler]: [执行事件] loop=fixed plan_v=0 C2 type=target_service target=1 station_ord=0 planned_finish=107.70 actual_finish=107.70 dev=+0.00 injected=0.0
[charge_scheduler-1] [INFO] [1785334763.963761626] [charge_scheduler]: [执行事件] loop=fixed plan_v=0 C3 type=target_service target=11 station_ord=0 planned_finish=109.42 actual_finish=109.42 dev=+0.00 injected=0.0
[charge_scheduler-1] [INFO] [1785334763.963769191] [charge_scheduler]: [执行事件] loop=fixed plan_v=0 C3 type=station_turnaround target=-1 station_ord=1 planned_finish=121.91 actual_finish=121.91 dev=+0.00 injected=0.0
[charge_scheduler-1] [INFO] [1785334763.963776994] [charge_scheduler]: [执行事件] loop=fixed plan_v=0 C3 type=target_service target=9 station_ord=0 planned_finish=159.33 actual_finish=159.33 dev=+0.00 injected=0.0
[charge_scheduler-1] [INFO] [1785334763.963784471] [charge_scheduler]: [执行事件] loop=fixed plan_v=0 C1 type=station_turnaround target=-1 station_ord=1 planned_finish=109.52 actual_finish=169.52 dev=+60.00 injected=60.0
[charge_scheduler-1] [WARN] [1785334764.587698727] [charge_scheduler]: [重调度事件] policy=fixed #1 t=169.52min trigger=C1/station_turnaround dev=+60.00 pool=14 committed=1 plan_v=1 solve_ms=623.8 changed_assign=0 changed_order=10
[charge_scheduler-1] [INFO] [1785334764.587747238] [charge_scheduler]: [执行事件] loop=fixed plan_v=0 C2 type=station_turnaround target=-1 station_ord=1 planned_finish=120.12 actual_finish=180.12 dev=+60.00 injected=60.0
[charge_scheduler-1] [WARN] [1785334765.145252446] [charge_scheduler]: [重调度事件] policy=fixed #2 t=180.12min trigger=C2/station_turnaround dev=+60.00 pool=13 committed=2 plan_v=2 solve_ms=557.4 changed_assign=0 changed_order=4
[charge_scheduler-1] [INFO] [1785334765.145341932] [charge_scheduler]: [执行事件] loop=fixed plan_v=1 C1 type=target_service target=24 station_ord=0 planned_finish=195.34 actual_finish=195.34 dev=+0.00 injected=0.0
[charge_scheduler-1] [INFO] [1785334765.145354093] [charge_scheduler]: [执行事件] loop=fixed plan_v=0 C3 type=target_service target=0 station_ord=0 planned_finish=195.49 actual_finish=195.49 dev=+0.00 injected=0.0
[charge_scheduler-1] [INFO] [1785334765.145362552] [charge_scheduler]: [执行事件] loop=fixed plan_v=2 C2 type=target_service target=5 station_ord=0 planned_finish=227.05 actual_finish=227.05 dev=+0.00 injected=0.0
[charge_scheduler-1] [INFO] [1785334765.145370379] [charge_scheduler]: [执行事件] loop=fixed plan_v=2 C3 type=target_service target=10 station_ord=0 planned_finish=232.24 actual_finish=232.24 dev=+0.00 injected=0.0
[charge_scheduler-1] [INFO] [1785334765.145381908] [charge_scheduler]: [执行事件] loop=fixed plan_v=2 C1 type=target_service target=16 station_ord=0 planned_finish=232.44 actual_finish=232.44 dev=+0.00 injected=0.0
[charge_scheduler-1] [INFO] [1785334765.145389866] [charge_scheduler]: [执行事件] loop=fixed plan_v=2 C3 type=station_turnaround target=-1 station_ord=2 planned_finish=243.89 actual_finish=243.89 dev=+0.00 injected=0.0
[charge_scheduler-1] [INFO] [1785334765.145398013] [charge_scheduler]: [执行事件] loop=fixed plan_v=2 C2 type=target_service target=19 station_ord=0 planned_finish=261.53 actual_finish=261.53 dev=+0.00 injected=0.0
[charge_scheduler-1] [INFO] [1785334765.145406131] [charge_scheduler]: [执行事件] loop=fixed plan_v=2 C1 type=target_service target=25 station_ord=0 planned_finish=265.37 actual_finish=265.37 dev=+0.00 injected=0.0
[charge_scheduler-1] [INFO] [1785334765.145413957] [charge_scheduler]: [执行事件] loop=fixed plan_v=2 C2 type=station_turnaround target=-1 station_ord=2 planned_finish=273.73 actual_finish=273.73 dev=+0.00 injected=0.0
[charge_scheduler-1] [INFO] [1785334765.145421641] [charge_scheduler]: [执行事件] loop=fixed plan_v=2 C1 type=station_turnaround target=-1 station_ord=2 planned_finish=276.65 actual_finish=276.65 dev=+0.00 injected=0.0
[charge_scheduler-1] [INFO] [1785334765.145429152] [charge_scheduler]: [执行事件] loop=fixed plan_v=2 C3 type=target_service target=23 station_ord=0 planned_finish=290.17 actual_finish=290.17 dev=+0.00 injected=0.0
[charge_scheduler-1] [INFO] [1785334765.145436886] [charge_scheduler]: [执行事件] loop=fixed plan_v=2 C2 type=target_service target=29 station_ord=0 planned_finish=319.38 actual_finish=319.38 dev=+0.00 injected=0.0
[charge_scheduler-1] [INFO] [1785334765.145444887] [charge_scheduler]: [执行事件] loop=fixed plan_v=2 C1 type=target_service target=26 station_ord=0 planned_finish=322.92 actual_finish=322.92 dev=+0.00 injected=0.0
[charge_scheduler-1] [INFO] [1785334765.145452860] [charge_scheduler]: [执行事件] loop=fixed plan_v=2 C3 type=target_service target=2 station_ord=0 planned_finish=336.92 actual_finish=336.92 dev=+0.00 injected=0.0
[charge_scheduler-1] [INFO] [1785334765.145503000] [charge_scheduler]: [执行事件] loop=fixed plan_v=2 C3 type=final_return target=-1 station_ord=0 planned_finish=338.84 actual_finish=338.84 dev=+0.00 injected=0.0
[charge_scheduler-1] [INFO] [1785334765.145512715] [charge_scheduler]: [执行事件] loop=fixed plan_v=2 C2 type=target_service target=14 station_ord=0 planned_finish=364.40 actual_finish=364.40 dev=+0.00 injected=0.0
[charge_scheduler-1] [INFO] [1785334765.145520400] [charge_scheduler]: [执行事件] loop=fixed plan_v=2 C1 type=target_service target=6 station_ord=0 planned_finish=370.61 actual_finish=370.61 dev=+0.00 injected=0.0
[charge_scheduler-1] [INFO] [1785334765.145528188] [charge_scheduler]: [执行事件] loop=fixed plan_v=2 C2 type=station_turnaround target=-1 station_ord=3 planned_finish=378.16 actual_finish=378.16 dev=+0.00 injected=0.0
[charge_scheduler-1] [INFO] [1785334765.145535593] [charge_scheduler]: [执行事件] loop=fixed plan_v=2 C1 type=station_turnaround target=-1 station_ord=3 planned_finish=383.30 actual_finish=383.30 dev=+0.00 injected=0.0
[charge_scheduler-1] [INFO] [1785334765.145543002] [charge_scheduler]: [执行事件] loop=fixed plan_v=2 C2 type=target_service target=20 station_ord=0 planned_finish=426.10 actual_finish=426.10 dev=+0.00 injected=0.0
[charge_scheduler-1] [INFO] [1785334765.145550310] [charge_scheduler]: [执行事件] loop=fixed plan_v=2 C2 type=final_return target=-1 station_ord=0 planned_finish=427.49 actual_finish=427.49 dev=+0.00 injected=0.0
[charge_scheduler-1] [INFO] [1785334765.145560361] [charge_scheduler]: [执行事件] loop=fixed plan_v=2 C1 type=target_service target=17 station_ord=0 planned_finish=429.96 actual_finish=429.96 dev=+0.00 injected=0.0
[charge_scheduler-1] [INFO] [1785334765.145567287] [charge_scheduler]: [执行事件] loop=fixed plan_v=2 C1 type=final_return target=-1 station_ord=0 planned_finish=432.75 actual_finish=432.75 dev=+0.00 injected=0.0
[charge_scheduler-1] [INFO] [1785334765.145594030] [charge_scheduler]: [执行事件] loop=global plan_v=0 C1 type=target_service target=27 station_ord=0 planned_finish=6.36 actual_finish=6.36 dev=+0.00 injected=0.0
[charge_scheduler-1] [INFO] [1785334765.145608603] [charge_scheduler]: [执行事件] loop=global plan_v=0 C2 type=target_service target=12 station_ord=0 planned_finish=8.58 actual_finish=8.58 dev=+0.00 injected=0.0
[charge_scheduler-1] [INFO] [1785334765.145616467] [charge_scheduler]: [执行事件] loop=global plan_v=0 C3 type=target_service target=4 station_ord=0 planned_finish=11.04 actual_finish=11.04 dev=+0.00 injected=0.0
[charge_scheduler-1] [INFO] [1785334765.145624789] [charge_scheduler]: [执行事件] loop=global plan_v=0 C1 type=target_service target=21 station_ord=0 planned_finish=14.00 actual_finish=14.00 dev=+0.00 injected=0.0
[charge_scheduler-1] [INFO] [1785334765.145633094] [charge_scheduler]: [执行事件] loop=global plan_v=0 C2 type=target_service target=8 station_ord=0 planned_finish=25.50 actual_finish=25.50 dev=+0.00 injected=0.0
[charge_scheduler-1] [INFO] [1785334765.145641275] [charge_scheduler]: [执行事件] loop=global plan_v=0 C3 type=target_service target=15 station_ord=0 planned_finish=34.81 actual_finish=34.81 dev=+0.00 injected=0.0
[charge_scheduler-1] [INFO] [1785334765.145649444] [charge_scheduler]: [执行事件] loop=global plan_v=0 C1 type=target_service target=3 station_ord=0 planned_finish=39.26 actual_finish=39.26 dev=+0.00 injected=0.0
[charge_scheduler-1] [INFO] [1785334765.145657580] [charge_scheduler]: [执行事件] loop=global plan_v=0 C2 type=target_service target=22 station_ord=0 planned_finish=58.10 actual_finish=58.10 dev=+0.00 injected=0.0
[charge_scheduler-1] [INFO] [1785334765.145665900] [charge_scheduler]: [执行事件] loop=global plan_v=0 C1 type=target_service target=7 station_ord=0 planned_finish=63.68 actual_finish=63.68 dev=+0.00 injected=0.0
[charge_scheduler-1] [INFO] [1785334765.145673712] [charge_scheduler]: [执行事件] loop=global plan_v=0 C3 type=target_service target=13 station_ord=0 planned_finish=63.93 actual_finish=63.93 dev=+0.00 injected=0.0
[charge_scheduler-1] [INFO] [1785334765.145681620] [charge_scheduler]: [执行事件] loop=global plan_v=0 C2 type=target_service target=18 station_ord=0 planned_finish=82.20 actual_finish=82.20 dev=+0.00 injected=0.0
[charge_scheduler-1] [INFO] [1785334765.145694609] [charge_scheduler]: [执行事件] loop=global plan_v=0 C1 type=target_service target=28 station_ord=0 planned_finish=97.49 actual_finish=97.49 dev=+0.00 injected=0.0
[charge_scheduler-1] [INFO] [1785334765.145704369] [charge_scheduler]: [执行事件] loop=global plan_v=0 C2 type=target_service target=1 station_ord=0 planned_finish=107.70 actual_finish=107.70 dev=+0.00 injected=0.0
[charge_scheduler-1] [INFO] [1785334765.145714478] [charge_scheduler]: [执行事件] loop=global plan_v=0 C3 type=target_service target=11 station_ord=0 planned_finish=109.42 actual_finish=109.42 dev=+0.00 injected=0.0
[charge_scheduler-1] [INFO] [1785334765.145722790] [charge_scheduler]: [执行事件] loop=global plan_v=0 C3 type=station_turnaround target=-1 station_ord=1 planned_finish=121.91 actual_finish=121.91 dev=+0.00 injected=0.0
[charge_scheduler-1] [INFO] [1785334765.145731748] [charge_scheduler]: [执行事件] loop=global plan_v=0 C3 type=target_service target=9 station_ord=0 planned_finish=159.33 actual_finish=159.33 dev=+0.00 injected=0.0
[charge_scheduler-1] [INFO] [1785334765.145740510] [charge_scheduler]: [执行事件] loop=global plan_v=0 C1 type=station_turnaround target=-1 station_ord=1 planned_finish=109.52 actual_finish=169.52 dev=+60.00 injected=60.0
[charge_scheduler-1] [WARN] [1785334768.013304308] [charge_scheduler]: [重调度事件] policy=global #1 t=169.52min trigger=C1/station_turnaround dev=+60.00 pool=14 committed=1 plan_v=1 solve_ms=2867.5 changed_assign=7 changed_order=11
[charge_scheduler-1] [INFO] [1785334768.013379330] [charge_scheduler]: [执行事件] loop=global plan_v=0 C2 type=station_turnaround target=-1 station_ord=1 planned_finish=120.12 actual_finish=180.12 dev=+60.00 injected=60.0
[charge_scheduler-1] [WARN] [1785334770.619042009] [charge_scheduler]: [重调度事件] policy=global #2 t=180.12min trigger=C2/station_turnaround dev=+60.00 pool=13 committed=2 plan_v=2 solve_ms=2605.6 changed_assign=5 changed_order=6
[charge_scheduler-1] [INFO] [1785334770.619095333] [charge_scheduler]: [执行事件] loop=global plan_v=1 C1 type=target_service target=24 station_ord=0 planned_finish=195.34 actual_finish=195.34 dev=+0.00 injected=0.0
[charge_scheduler-1] [INFO] [1785334770.619103966] [charge_scheduler]: [执行事件] loop=global plan_v=0 C3 type=target_service target=0 station_ord=0 planned_finish=195.49 actual_finish=195.49 dev=+0.00 injected=0.0
[charge_scheduler-1] [INFO] [1785334770.619111311] [charge_scheduler]: [执行事件] loop=global plan_v=2 C3 type=station_turnaround target=-1 station_ord=2 planned_finish=206.34 actual_finish=206.34 dev=+0.00 injected=0.0
[charge_scheduler-1] [INFO] [1785334770.619117792] [charge_scheduler]: [执行事件] loop=global plan_v=2 C2 type=target_service target=26 station_ord=0 planned_finish=226.40 actual_finish=226.40 dev=+0.00 injected=0.0
[charge_scheduler-1] [INFO] [1785334770.619123551] [charge_scheduler]: [执行事件] loop=global plan_v=2 C1 type=target_service target=16 station_ord=0 planned_finish=232.44 actual_finish=232.44 dev=+0.00 injected=0.0
[charge_scheduler-1] [INFO] [1785334770.619129331] [charge_scheduler]: [执行事件] loop=global plan_v=2 C3 type=target_service target=5 station_ord=0 planned_finish=253.27 actual_finish=253.27 dev=+0.00 injected=0.0
[charge_scheduler-1] [INFO] [1785334770.619134973] [charge_scheduler]: [执行事件] loop=global plan_v=2 C2 type=target_service target=10 station_ord=0 planned_finish=263.37 actual_finish=263.37 dev=+0.00 injected=0.0
[charge_scheduler-1] [INFO] [1785334770.619144848] [charge_scheduler]: [执行事件] loop=global plan_v=2 C1 type=target_service target=19 station_ord=0 planned_finish=271.42 actual_finish=271.42 dev=+0.00 injected=0.0
[charge_scheduler-1] [INFO] [1785334770.619150831] [charge_scheduler]: [执行事件] loop=global plan_v=2 C2 type=station_turnaround target=-1 station_ord=2 planned_finish=275.02 actual_finish=275.02 dev=+0.00 injected=0.0
[charge_scheduler-1] [INFO] [1785334770.619156716] [charge_scheduler]: [执行事件] loop=global plan_v=2 C1 type=station_turnaround target=-1 station_ord=2 planned_finish=283.62 actual_finish=283.62 dev=+0.00 injected=0.0
[charge_scheduler-1] [INFO] [1785334770.619162329] [charge_scheduler]: [执行事件] loop=global plan_v=2 C3 type=target_service target=20 station_ord=0 planned_finish=298.15 actual_finish=298.15 dev=+0.00 injected=0.0
[charge_scheduler-1] [INFO] [1785334770.619168048] [charge_scheduler]: [执行事件] loop=global plan_v=2 C3 type=station_turnaround target=-1 station_ord=3 planned_finish=309.55 actual_finish=309.55 dev=+0.00 injected=0.0
[charge_scheduler-1] [INFO] [1785334770.619201498] [charge_scheduler]: [执行事件] loop=global plan_v=2 C2 type=target_service target=25 station_ord=0 planned_finish=312.55 actual_finish=312.55 dev=+0.00 injected=0.0
[charge_scheduler-1] [INFO] [1785334770.619207707] [charge_scheduler]: [执行事件] loop=global plan_v=2 C1 type=target_service target=29 station_ord=0 planned_finish=329.26 actual_finish=329.26 dev=+0.00 injected=0.0
[charge_scheduler-1] [INFO] [1785334770.619213340] [charge_scheduler]: [执行事件] loop=global plan_v=2 C3 type=target_service target=2 station_ord=0 planned_finish=355.34 actual_finish=355.34 dev=+0.00 injected=0.0
[charge_scheduler-1] [INFO] [1785334770.619218967] [charge_scheduler]: [执行事件] loop=global plan_v=2 C2 type=target_service target=23 station_ord=0 planned_finish=358.06 actual_finish=358.06 dev=+0.00 injected=0.0
[charge_scheduler-1] [INFO] [1785334770.619224580] [charge_scheduler]: [执行事件] loop=global plan_v=2 C2 type=station_turnaround target=-1 station_ord=3 planned_finish=371.13 actual_finish=371.13 dev=+0.00 injected=0.0
[charge_scheduler-1] [INFO] [1785334770.619230220] [charge_scheduler]: [执行事件] loop=global plan_v=2 C1 type=target_service target=14 station_ord=0 planned_finish=374.28 actual_finish=374.28 dev=+0.00 injected=0.0
[charge_scheduler-1] [INFO] [1785334770.619235711] [charge_scheduler]: [执行事件] loop=global plan_v=2 C1 type=final_return target=-1 station_ord=0 planned_finish=378.04 actual_finish=378.04 dev=+0.00 injected=0.0
[charge_scheduler-1] [INFO] [1785334770.619241266] [charge_scheduler]: [执行事件] loop=global plan_v=2 C3 type=target_service target=17 station_ord=0 planned_finish=400.41 actual_finish=400.41 dev=+0.00 injected=0.0
[charge_scheduler-1] [INFO] [1785334770.619246775] [charge_scheduler]: [执行事件] loop=global plan_v=2 C3 type=final_return target=-1 station_ord=0 planned_finish=403.20 actual_finish=403.20 dev=+0.00 injected=0.0
[charge_scheduler-1] [INFO] [1785334770.619252111] [charge_scheduler]: [执行事件] loop=global plan_v=2 C2 type=target_service target=6 station_ord=0 planned_finish=417.69 actual_finish=417.69 dev=+0.00 injected=0.0
[charge_scheduler-1] [INFO] [1785334770.619257407] [charge_scheduler]: [执行事件] loop=global plan_v=2 C2 type=final_return target=-1 station_ord=0 planned_finish=420.39 actual_finish=420.39 dev=+0.00 injected=0.0
[charge_scheduler-1] [INFO] [1785334770.619271814] [charge_scheduler]: ★闭环实验结果 mode=open M=30 K=3 disturbance=station delay=60.0 seed=8 N_late=14 T_overtime=772.661 C_total=5633.485 makespan=436.613 served=30 energy_viol=2 reschedules=0 reschedule_ms=0.000 changed_assign=0 changed_order=0 applied_target=0 applied_station=2 initial_solve_ms=52619.811 objective_order=Tover,Nlate,Ctotal
[charge_scheduler-1] [INFO] [1785334770.619282140] [charge_scheduler]: ★闭环实验结果 mode=fixed M=30 K=3 disturbance=station delay=60.0 seed=8 N_late=12 T_overtime=766.163 C_total=5552.234 makespan=432.750 served=30 energy_viol=0 reschedules=2 reschedule_ms=1181.273 changed_assign=0 changed_order=14 applied_target=0 applied_station=2 initial_solve_ms=52619.811 objective_order=Tover,Nlate,Ctotal
[charge_scheduler-1] [INFO] [1785334770.619289838] [charge_scheduler]: ★闭环实验收益 policy=fixed M=30 K=3 disturbance=station delay=60.0 seed=8 recovered_late=2 overtime_reduction=6.498 distance_delta=-81.252 makespan_reduction=3.862
[charge_scheduler-1] [INFO] [1785334770.619295711] [charge_scheduler]: ★闭环实验结果 mode=closed M=30 K=3 disturbance=station delay=60.0 seed=8 N_late=13 T_overtime=695.645 C_total=5287.685 makespan=420.386 served=30 energy_viol=0 reschedules=2 reschedule_ms=5473.149 changed_assign=12 changed_order=17 applied_target=0 applied_station=2 initial_solve_ms=52619.811 objective_order=Tover,Nlate,Ctotal
[charge_scheduler-1] [INFO] [1785334770.619303796] [charge_scheduler]: ★闭环实验收益 policy=closed M=30 K=3 disturbance=station delay=60.0 seed=8 recovered_late=1 overtime_reduction=77.016 distance_delta=-345.800 makespan_reduction=16.227
