[INFO] [launch]: All log files can be found below /root/.ros/log/2026-07-29-14-09-19-023221-YYYY-23278
[INFO] [launch]: Default logging verbosity is set to INFO
[INFO] [charge_scheduler-1]: process started with pid [23280]
[charge_scheduler-1] [INFO] [1785334159.174358336] [charge_scheduler]: [目标顺序] objective_order=Tover,Nlate,Ctotal
[charge_scheduler-1] [INFO] [1785334159.175230906] [charge_scheduler]: [Scheduler] 30辆车 | 电池800.0kWh(20%=160.0 80%=640.0) | 充电360kW效率97% | 行驶0.6kWh/km | 桩350kW
[charge_scheduler-1] [INFO] [1785334159.175277965] [charge_scheduler]: [Scheduler] 站端周转: 换电 10 min(换后满电) | 单趟可用 640 kWh
[charge_scheduler-1] [INFO] [1785334159.175293513] [charge_scheduler]:   车#0 [电动装载机282|light] 位置(-47.3,-2.6) 容量282kWh 剩余35% | α=6→6min/% τ=168min → 需130.8kWh(充21.2min)
[charge_scheduler-1] [INFO] [1785334159.175313784] [charge_scheduler]:   车#1 [重型叉车|light] 位置(-44.0,-64.1) 容量200kWh 剩余20% | α=6→6min/% τ=96min → 需123.7kWh(充20.0min)
[charge_scheduler-1] [INFO] [1785334159.175332205] [charge_scheduler]:   车#2 [电动装载机350|light] 位置(-51.1,-38.8) 容量350kWh 剩余50% | α=6→6min/% τ=288min → 需108.2kWh(充17.5min)
[charge_scheduler-1] [INFO] [1785334159.175348924] [charge_scheduler]:   车#3 [重型叉车|light] 位置(-71.0,-19.0) 容量200kWh 剩余10% | α=6→6min/% τ=32min → 需144.3kWh(充23.3min)
[charge_scheduler-1] [INFO] [1785334159.175365953] [charge_scheduler]:   车#4 [电动装载机282|heavy→降级] 位置(-93.3,6.6) 容量282kWh 剩余60% | α=3→6min/% τ=212min → 需58.1kWh(充9.4min)
[charge_scheduler-1] [INFO] [1785334159.175382468] [charge_scheduler]:   车#5 [电动装载机350|light] 位置(-104.4,47.7) 容量350kWh 剩余25% | α=6→6min/% τ=128min → 需198.5kWh(充32.1min)
[charge_scheduler-1] [INFO] [1785334159.175398766] [charge_scheduler]:   车#6 [电动装载机350|heavy→降级] 位置(-37.0,-75.1) 容量350kWh 剩余40% | α=4→6min/% τ=176min → 需144.3kWh(充23.3min)
[charge_scheduler-1] [INFO] [1785334159.175414456] [charge_scheduler]:   车#7 [重型叉车|light] 位置(-88.8,-37.1) 容量200kWh 剩余15% | α=6→6min/% τ=64min → 需134.0kWh(充21.7min)
[charge_scheduler-1] [INFO] [1785334159.175430383] [charge_scheduler]:   车#8 [电动装载机282|heavy→降级] 位置(-70.9,27.7) 容量282kWh 剩余55% | α=3→6min/% τ=196min → 需72.7kWh(充11.8min)
[charge_scheduler-1] [INFO] [1785334159.175749300] [charge_scheduler]:   车#9 [电动装载机282|heavy→降级] 位置(-35.4,-47.4) 容量282kWh 剩余30% | α=3→6min/% τ=116min → 需145.4kWh(充23.5min)
[charge_scheduler-1] [INFO] [1785334159.175769026] [charge_scheduler]:   车#10 [电动装载机282|light] 位置(-100.0,-1.0) 容量282kWh 剩余45% | α=6→6min/% τ=224min → 需101.8kWh(充16.4min)
[charge_scheduler-1] [INFO] [1785334159.175777572] [charge_scheduler]:   车#11 [电动装载机350|light] 位置(-72.8,-15.6) 容量350kWh 剩余18% | α=6→6min/% τ=83min → 需223.7kWh(充36.2min)
[charge_scheduler-1] [INFO] [1785334159.175785334] [charge_scheduler]:   车#12 [重型叉车|heavy→降级] 位置(-61.7,-20.7) 容量200kWh 剩余62% | α=3→6min/% τ=230min → 需37.1kWh(充6.0min)
[charge_scheduler-1] [INFO] [1785334159.175792690] [charge_scheduler]:   车#13 [电动装载机282|light] 位置(-133.0,-25.3) 容量282kWh 剩余28% | α=6→6min/% τ=129min → 需151.2kWh(充24.4min)
[charge_scheduler-1] [INFO] [1785334159.175801487] [charge_scheduler]:   车#14 [电动装载机350|light] 位置(-132.0,-8.9) 容量350kWh 剩余52% | α=6→6min/% τ=301min → 需101.0kWh(充16.3min)
[charge_scheduler-1] [INFO] [1785334159.175809291] [charge_scheduler]:   车#15 [重型叉车|light] 位置(-120.0,7.9) 容量200kWh 剩余12% | α=6→6min/% τ=45min → 需140.2kWh(充22.7min)
[charge_scheduler-1] [INFO] [1785334159.175821452] [charge_scheduler]:   车#16 [电动装载机282|light] 位置(-43.8,-82.9) 容量282kWh 剩余38% | α=6→6min/% τ=185min → 需122.1kWh(充19.7min)
[charge_scheduler-1] [INFO] [1785334159.175828472] [charge_scheduler]:   车#17 [电动装载机350|light] 位置(-31.1,-74.7) 容量350kWh 剩余58% | α=6→6min/% τ=339min → 需79.4kWh(充12.8min)
[charge_scheduler-1] [INFO] [1785334159.175835497] [charge_scheduler]:   车#18 [重型叉车|heavy→降级] 位置(-75.4,-68.2) 容量200kWh 剩余22% | α=3→6min/% τ=102min → 需119.6kWh(充19.3min)
[charge_scheduler-1] [INFO] [1785334159.175842319] [charge_scheduler]:   车#19 [电动装载机282|light] 位置(-88.2,47.1) 容量282kWh 剩余48% | α=6→6min/% τ=241min → 需93.0kWh(充15.0min)
[charge_scheduler-1] [INFO] [1785334159.175849392] [charge_scheduler]:   车#20 [电动装载机350|light] 位置(-71.4,16.3) 容量350kWh 剩余33% | α=6→6min/% τ=179min → 需169.6kWh(充27.4min)
[charge_scheduler-1] [INFO] [1785334159.175879057] [charge_scheduler]:   车#21 [重型叉车|heavy→降级] 位置(-122.0,-0.6) 容量200kWh 剩余65% | α=3→6min/% τ=240min → 需30.9kWh(充5.0min)
[charge_scheduler-1] [INFO] [1785334159.175892665] [charge_scheduler]:   车#22 [电动装载机282|light] 位置(-71.6,11.6) 容量282kWh 剩余16% | α=6→6min/% τ=62min → 需186.1kWh(充30.1min)
[charge_scheduler-1] [INFO] [1785334159.175901537] [charge_scheduler]:   车#23 [电动装载机350|light] 位置(-131.0,37.2) 容量350kWh 剩余42% | α=6→6min/% τ=237min → 需137.1kWh(充22.2min)
[charge_scheduler-1] [INFO] [1785334159.175908802] [charge_scheduler]:   车#24 [重型叉车|heavy→降级] 位置(-51.3,5.9) 容量200kWh 剩余25% | α=3→6min/% τ=112min → 需113.4kWh(充18.3min)
[charge_scheduler-1] [INFO] [1785334159.175915700] [charge_scheduler]:   车#25 [电动装载机282|light] 位置(-62.2,-10.7) 容量282kWh 剩余55% | α=6→6min/% τ=280min → 需72.7kWh(充11.8min)
[charge_scheduler-1] [INFO] [1785334159.175922750] [charge_scheduler]:   车#26 [电动装载机350|light] 位置(-116.0,60.4) 容量350kWh 剩余30% | α=6→6min/% τ=160min → 需180.4kWh(充29.2min)
[charge_scheduler-1] [INFO] [1785334159.175929730] [charge_scheduler]:   车#27 [重型叉车|heavy→降级] 位置(-90.4,60.5) 容量200kWh 剩余68% | α=3→6min/% τ=250min → 需24.7kWh(充4.0min)
[charge_scheduler-1] [INFO] [1785334159.175936629] [charge_scheduler]:   车#28 [电动装载机282|light] 位置(-85.5,-46.0) 容量282kWh 剩余20% | α=6→6min/% τ=84min → 需174.4kWh(充28.2min)
[charge_scheduler-1] [INFO] [1785334159.175943860] [charge_scheduler]:   车#29 [电动装载机350|light] 位置(-87.0,-36.6) 容量350kWh 剩余36% | α=6→6min/% τ=198min → 需158.8kWh(充25.7min)
[charge_scheduler-1] [INFO] [1785334159.182936343] [charge_scheduler]: [Scheduler] 闭环接口: threshold=10.0min | event_sim=on | policy=all | structured_feedback=optional (/task_planner/execution_event)
[charge_scheduler-1] [INFO] [1785334159.182975973] [charge_scheduler]: [Scheduler] 已启动, 等待地图...
[charge_scheduler-1] [INFO] [1785334159.246519691] [charge_scheduler]: [Scheduler] RoutingGraph 就绪
[charge_scheduler-1] [INFO] [1785334159.246770512] [charge_scheduler]: [Scheduler] 提取到 6 条虚线捷径
[charge_scheduler-1] [INFO] [1785334159.261137395] [charge_scheduler]: [Scheduler] 下层兼容增强图: 166 节点, 6 条虚线掉头边
[charge_scheduler-1] [INFO] [1785334166.410630985] [charge_scheduler]: [Scheduler] 距离矩阵完成 31x31, 7149.4 ms | 模式=maneuver | 真实不可达=0 抽象不可达=0 | 缺少对向投影节点=0
[charge_scheduler-1] [INFO] [1785334166.410743788] [charge_scheduler]:   ✓ 比值自检：930 个 OD 满足 机动/直线≥1 | 均值=2.97 最大=42.81 (车#15→车#21)
[charge_scheduler-1] [INFO] [1785334166.410767635] [charge_scheduler]: [Scheduler] 地图就绪, 166 条 lanelet（与下层一致）
[charge_scheduler-1] [INFO] [1785334166.410832520] [charge_scheduler]: ======== 开始VRPTW调度 30 辆车 ========
[charge_scheduler-1] [INFO] [1785334166.410843625] [charge_scheduler]:   规模30>8 → 启发式(alns)
[charge_scheduler-1] [INFO] [1785334219.658299922] [charge_scheduler]: [ALNS] objective_order=Tover,Nlate,Ctotal seed=10 iters=15000 | N_late=9(成功率70.0%) T_overtime=145.8min C_total=5736.9m | 趟数=11 makespan=378.4min
[charge_scheduler-1] [INFO] [1785334219.658351802] [charge_scheduler]:   求解耗时 53247.5 ms
[charge_scheduler-1] [INFO] [1785334219.658359661] [charge_scheduler]: ════════ 调度结果 ════════
[charge_scheduler-1] [INFO] [1785334219.658364240] [charge_scheduler]:   ★目标(字典序): objective_order=Tover,Nlate,Ctotal | N_late=9 辆 (按时成功率 21/30 = 70.0%)  T_overtime=145.8min  C_total=5736.9m
[charge_scheduler-1] [INFO] [1785334219.658370199] [charge_scheduler]:   附: 趟数=11 | makespan=378.4min | 能量可行=是
[charge_scheduler-1] [INFO] [1785334219.658380735] [charge_scheduler]:   [充电车2] 趟1: 站 → 车#9(到2.2/限116.0✓) → 车#3(到27.9/限32.0✓) → 车#18(到53.6/限102.4✓) → 车#1(到77.2/限96.0✓) → 站
[charge_scheduler-1] [INFO] [1785334219.658387121] [charge_scheduler]:   [充电车1] 趟2: 站 → 车#4(到1.4/限212.0✓) → 车#8(到13.7/限196.0✓) → 车#22(到27.8/限61.6✓) → 车#11(到60.7/限83.2✓) → 站
[charge_scheduler-1] [INFO] [1785334219.658393524] [charge_scheduler]:   [充电车3] 趟3: 站 → 车#27(到2.1/限249.6✓) → 车#21(到8.2/限240.0✓) → 车#12(到16.2/限230.4✓) → 车#15(到25.1/限44.8✓) → 车#7(到50.9/限64.0✓) → 车#28(到75.5/限84.0✓) → 站
[charge_scheduler-1] [INFO] [1785334219.658434601] [charge_scheduler]:   [充电车1] 趟4: 站 → 车#5(到118.1/限128.0✓) → 车#20(到162.1/限179.2✓) → 站
[charge_scheduler-1] [INFO] [1785334219.658440955] [charge_scheduler]:   [充电车2] 趟5: 站 → 车#24(到114.4/限112.0✗超时) → 车#26(到141.2/限160.0✓) → 车#16(到187.0/限184.8✗超时) → 站
[charge_scheduler-1] [INFO] [1785334219.658446380] [charge_scheduler]:   [充电车3] 趟6: 站 → 车#13(到124.9/限128.8✓) → 车#0(到163.0/限168.0✓) → 车#10(到201.5/限224.0✓) → 站
[charge_scheduler-1] [INFO] [1785334219.658450980] [charge_scheduler]:   [充电车1] 趟7: 站 → 车#29(到217.6/限198.4✗超时) → 车#19(到264.2/限240.8✗超时) → 站
[charge_scheduler-1] [INFO] [1785334219.658455544] [charge_scheduler]:   [充电车2] 趟8: 站 → 车#6(到237.8/限176.0✗超时) → 车#25(到283.0/限280.0✗超时) → 站
[charge_scheduler-1] [INFO] [1785334219.658459585] [charge_scheduler]:   [充电车1] 趟9: 站 → 车#14(到314.7/限300.8✗超时) → 站
[charge_scheduler-1] [INFO] [1785334219.658464017] [charge_scheduler]:   [充电车2] 趟10: 站 → 车#17(到332.5/限339.2✓) → 站
[charge_scheduler-1] [INFO] [1785334219.658468433] [charge_scheduler]:   [充电车3] 趟11: 站 → 车#23(到249.0/限236.8✗超时) → 车#2(到295.7/限288.0✗超时) → 站
[charge_scheduler-1] [INFO] [1785334219.658471767] [charge_scheduler]: ════════════════════════
[charge_scheduler-1] [INFO] [1785334219.658536612] [charge_scheduler]: [扰动清单] type=station delay=30.0min targets={} station={C1-S1,C2-S1,}
[charge_scheduler-1] [INFO] [1785334219.658556577] [charge_scheduler]: [执行事件] loop=open plan_v=0 C3 type=target_service target=27 station_ord=0 planned_finish=6.36 actual_finish=6.36 dev=+0.00 injected=0.0
[charge_scheduler-1] [INFO] [1785334219.658564939] [charge_scheduler]: [执行事件] loop=open plan_v=0 C1 type=target_service target=4 station_ord=0 planned_finish=11.04 actual_finish=11.04 dev=+0.00 injected=0.0
[charge_scheduler-1] [INFO] [1785334219.658572078] [charge_scheduler]: [执行事件] loop=open plan_v=0 C3 type=target_service target=21 station_ord=0 planned_finish=14.00 actual_finish=14.00 dev=+0.00 injected=0.0
[charge_scheduler-1] [INFO] [1785334219.658578692] [charge_scheduler]: [执行事件] loop=open plan_v=0 C3 type=target_service target=12 station_ord=0 planned_finish=23.83 actual_finish=23.83 dev=+0.00 injected=0.0
[charge_scheduler-1] [INFO] [1785334219.658585215] [charge_scheduler]: [执行事件] loop=open plan_v=0 C2 type=target_service target=9 station_ord=0 planned_finish=25.99 actual_finish=25.99 dev=+0.00 injected=0.0
[charge_scheduler-1] [INFO] [1785334219.658598813] [charge_scheduler]: [执行事件] loop=open plan_v=0 C1 type=target_service target=8 station_ord=0 planned_finish=27.46 actual_finish=27.46 dev=+0.00 injected=0.0
[charge_scheduler-1] [INFO] [1785334219.658606597] [charge_scheduler]: [执行事件] loop=open plan_v=0 C3 type=target_service target=15 station_ord=0 planned_finish=49.07 actual_finish=49.07 dev=+0.00 injected=0.0
[charge_scheduler-1] [INFO] [1785334219.658614418] [charge_scheduler]: [执行事件] loop=open plan_v=0 C2 type=target_service target=3 station_ord=0 planned_finish=52.69 actual_finish=52.69 dev=+0.00 injected=0.0
[charge_scheduler-1] [INFO] [1785334219.658622209] [charge_scheduler]: [执行事件] loop=open plan_v=0 C1 type=target_service target=22 station_ord=0 planned_finish=60.21 actual_finish=60.21 dev=+0.00 injected=0.0
[charge_scheduler-1] [INFO] [1785334219.658629817] [charge_scheduler]: [执行事件] loop=open plan_v=0 C3 type=target_service target=7 station_ord=0 planned_finish=75.27 actual_finish=75.27 dev=+0.00 injected=0.0
[charge_scheduler-1] [INFO] [1785334219.658637721] [charge_scheduler]: [执行事件] loop=open plan_v=0 C2 type=target_service target=18 station_ord=0 planned_finish=76.02 actual_finish=76.02 dev=+0.00 injected=0.0
[charge_scheduler-1] [INFO] [1785334219.658645552] [charge_scheduler]: [执行事件] loop=open plan_v=0 C2 type=target_service target=1 station_ord=0 planned_finish=101.21 actual_finish=101.21 dev=+0.00 injected=0.0
[charge_scheduler-1] [INFO] [1785334219.658654670] [charge_scheduler]: [执行事件] loop=open plan_v=0 C1 type=target_service target=11 station_ord=0 planned_finish=102.44 actual_finish=102.44 dev=+0.00 injected=0.0
[charge_scheduler-1] [INFO] [1785334219.658669089] [charge_scheduler]: [执行事件] loop=open plan_v=0 C3 type=target_service target=28 station_ord=0 planned_finish=110.06 actual_finish=110.06 dev=+0.00 injected=0.0
[charge_scheduler-1] [INFO] [1785334219.658678113] [charge_scheduler]: [执行事件] loop=open plan_v=0 C3 type=station_turnaround target=-1 station_ord=1 planned_finish=122.09 actual_finish=122.09 dev=+0.00 injected=0.0
[charge_scheduler-1] [INFO] [1785334219.658686004] [charge_scheduler]: [执行事件] loop=open plan_v=0 C2 type=station_turnaround target=-1 station_ord=1 planned_finish=113.63 actual_finish=143.63 dev=+30.00 injected=30.0
[charge_scheduler-1] [INFO] [1785334219.658694839] [charge_scheduler]: [执行事件] loop=open plan_v=0 C1 type=station_turnaround target=-1 station_ord=1 planned_finish=114.93 actual_finish=144.93 dev=+30.00 injected=30.0
[charge_scheduler-1] [INFO] [1785334219.658703143] [charge_scheduler]: [执行事件] loop=open plan_v=0 C3 type=target_service target=13 station_ord=0 planned_finish=159.81 actual_finish=159.81 dev=+0.00 injected=0.0
[charge_scheduler-1] [INFO] [1785334219.658711196] [charge_scheduler]: [执行事件] loop=open plan_v=0 C2 type=target_service target=24 station_ord=0 planned_finish=139.45 actual_finish=169.45 dev=+30.00 injected=0.0
[charge_scheduler-1] [INFO] [1785334219.658719228] [charge_scheduler]: [执行事件] loop=open plan_v=0 C1 type=target_service target=5 station_ord=0 planned_finish=160.95 actual_finish=191.86 dev=+30.90 injected=0.0
[charge_scheduler-1] [INFO] [1785334219.658727420] [charge_scheduler]: [执行事件] loop=open plan_v=0 C3 type=target_service target=0 station_ord=0 planned_finish=197.86 actual_finish=197.86 dev=+0.00 injected=0.0
[charge_scheduler-1] [INFO] [1785334219.658737758] [charge_scheduler]: [执行事件] loop=open plan_v=0 C2 type=target_service target=26 station_ord=0 planned_finish=183.28 actual_finish=214.99 dev=+31.71 injected=0.0
[charge_scheduler-1] [INFO] [1785334219.658746002] [charge_scheduler]: [执行事件] loop=open plan_v=0 C3 type=target_service target=10 station_ord=0 planned_finish=234.81 actual_finish=234.81 dev=+0.00 injected=0.0
[charge_scheduler-1] [INFO] [1785334219.658753899] [charge_scheduler]: [执行事件] loop=open plan_v=0 C1 type=target_service target=20 station_ord=0 planned_finish=204.28 actual_finish=236.74 dev=+32.46 injected=0.0
[charge_scheduler-1] [INFO] [1785334219.658762146] [charge_scheduler]: [执行事件] loop=open plan_v=0 C3 type=station_turnaround target=-1 station_ord=2 planned_finish=246.46 actual_finish=246.46 dev=+0.00 injected=0.0
[charge_scheduler-1] [INFO] [1785334219.658770046] [charge_scheduler]: [执行事件] loop=open plan_v=0 C1 type=station_turnaround target=-1 station_ord=2 planned_finish=215.67 actual_finish=248.13 dev=+32.46 injected=0.0
[charge_scheduler-1] [INFO] [1785334219.658778580] [charge_scheduler]: [执行事件] loop=open plan_v=0 C2 type=target_service target=16 station_ord=0 planned_finish=222.23 actual_finish=253.94 dev=+31.71 injected=0.0
[charge_scheduler-1] [INFO] [1785334219.658792730] [charge_scheduler]: [执行事件] loop=open plan_v=0 C2 type=station_turnaround target=-1 station_ord=2 planned_finish=234.95 actual_finish=266.66 dev=+31.71 injected=0.0
[charge_scheduler-1] [INFO] [1785334219.658801254] [charge_scheduler]: [执行事件] loop=open plan_v=0 C3 type=target_service target=23 station_ord=0 planned_finish=292.75 actual_finish=292.75 dev=+0.00 injected=0.0
[charge_scheduler-1] [INFO] [1785334219.658809518] [charge_scheduler]: [执行事件] loop=open plan_v=0 C1 type=target_service target=29 station_ord=0 planned_finish=261.32 actual_finish=293.78 dev=+32.46 injected=0.0
[charge_scheduler-1] [INFO] [1785334219.658817707] [charge_scheduler]: [执行事件] loop=open plan_v=0 C2 type=target_service target=6 station_ord=0 planned_finish=281.51 actual_finish=313.22 dev=+31.71 injected=0.0
[charge_scheduler-1] [INFO] [1785334219.658827183] [charge_scheduler]: [执行事件] loop=open plan_v=0 C1 type=target_service target=19 station_ord=0 planned_finish=299.41 actual_finish=331.87 dev=+32.46 injected=0.0
[charge_scheduler-1] [INFO] [1785334219.658835976] [charge_scheduler]: [执行事件] loop=open plan_v=0 C3 type=target_service target=2 station_ord=0 planned_finish=339.49 actual_finish=339.49 dev=+0.00 injected=0.0
[charge_scheduler-1] [INFO] [1785334219.658845865] [charge_scheduler]: [执行事件] loop=open plan_v=0 C3 type=final_return target=-1 station_ord=0 planned_finish=341.42 actual_finish=341.42 dev=+0.00 injected=0.0
[charge_scheduler-1] [INFO] [1785334219.658853485] [charge_scheduler]: [执行事件] loop=open plan_v=0 C1 type=station_turnaround target=-1 station_ord=3 planned_finish=311.61 actual_finish=344.08 dev=+32.46 injected=0.0
[charge_scheduler-1] [INFO] [1785334219.658861410] [charge_scheduler]: [执行事件] loop=open plan_v=0 C2 type=target_service target=25 station_ord=0 planned_finish=318.28 actual_finish=349.99 dev=+31.71 injected=0.0
[charge_scheduler-1] [INFO] [1785334219.658869535] [charge_scheduler]: [执行事件] loop=open plan_v=0 C2 type=station_turnaround target=-1 station_ord=3 planned_finish=329.56 actual_finish=361.27 dev=+31.71 injected=0.0
[charge_scheduler-1] [INFO] [1785334219.658877583] [charge_scheduler]: [执行事件] loop=open plan_v=0 C1 type=target_service target=14 station_ord=0 planned_finish=358.42 actual_finish=390.88 dev=+32.46 injected=0.0
[charge_scheduler-1] [INFO] [1785334219.658884000] [charge_scheduler]: [执行事件] loop=open plan_v=0 C1 type=final_return target=-1 station_ord=0 planned_finish=362.18 actual_finish=394.64 dev=+32.46 injected=0.0
[charge_scheduler-1] [INFO] [1785334219.658890322] [charge_scheduler]: [执行事件] loop=open plan_v=0 C2 type=target_service target=17 station_ord=0 planned_finish=375.60 actual_finish=407.93 dev=+32.32 injected=0.0
[charge_scheduler-1] [INFO] [1785334219.658896591] [charge_scheduler]: [执行事件] loop=open plan_v=0 C2 type=final_return target=-1 station_ord=0 planned_finish=378.39 actual_finish=410.72 dev=+32.32 injected=0.0
[charge_scheduler-1] [INFO] [1785334219.658911840] [charge_scheduler]: [执行事件] loop=fixed plan_v=0 C3 type=target_service target=27 station_ord=0 planned_finish=6.36 actual_finish=6.36 dev=+0.00 injected=0.0
[charge_scheduler-1] [INFO] [1785334219.658918275] [charge_scheduler]: [执行事件] loop=fixed plan_v=0 C1 type=target_service target=4 station_ord=0 planned_finish=11.04 actual_finish=11.04 dev=+0.00 injected=0.0
[charge_scheduler-1] [INFO] [1785334219.658924881] [charge_scheduler]: [执行事件] loop=fixed plan_v=0 C3 type=target_service target=21 station_ord=0 planned_finish=14.00 actual_finish=14.00 dev=+0.00 injected=0.0
[charge_scheduler-1] [INFO] [1785334219.658931522] [charge_scheduler]: [执行事件] loop=fixed plan_v=0 C3 type=target_service target=12 station_ord=0 planned_finish=23.83 actual_finish=23.83 dev=+0.00 injected=0.0
[charge_scheduler-1] [INFO] [1785334219.658938041] [charge_scheduler]: [执行事件] loop=fixed plan_v=0 C2 type=target_service target=9 station_ord=0 planned_finish=25.99 actual_finish=25.99 dev=+0.00 injected=0.0
[charge_scheduler-1] [INFO] [1785334219.658944282] [charge_scheduler]: [执行事件] loop=fixed plan_v=0 C1 type=target_service target=8 station_ord=0 planned_finish=27.46 actual_finish=27.46 dev=+0.00 injected=0.0
[charge_scheduler-1] [INFO] [1785334219.658951798] [charge_scheduler]: [执行事件] loop=fixed plan_v=0 C3 type=target_service target=15 station_ord=0 planned_finish=49.07 actual_finish=49.07 dev=+0.00 injected=0.0
[charge_scheduler-1] [INFO] [1785334219.658958312] [charge_scheduler]: [执行事件] loop=fixed plan_v=0 C2 type=target_service target=3 station_ord=0 planned_finish=52.69 actual_finish=52.69 dev=+0.00 injected=0.0
[charge_scheduler-1] [INFO] [1785334219.658964630] [charge_scheduler]: [执行事件] loop=fixed plan_v=0 C1 type=target_service target=22 station_ord=0 planned_finish=60.21 actual_finish=60.21 dev=+0.00 injected=0.0
[charge_scheduler-1] [INFO] [1785334219.658970800] [charge_scheduler]: [执行事件] loop=fixed plan_v=0 C3 type=target_service target=7 station_ord=0 planned_finish=75.27 actual_finish=75.27 dev=+0.00 injected=0.0
[charge_scheduler-1] [INFO] [1785334219.658977793] [charge_scheduler]: [执行事件] loop=fixed plan_v=0 C2 type=target_service target=18 station_ord=0 planned_finish=76.02 actual_finish=76.02 dev=+0.00 injected=0.0
[charge_scheduler-1] [INFO] [1785334219.658984197] [charge_scheduler]: [执行事件] loop=fixed plan_v=0 C2 type=target_service target=1 station_ord=0 planned_finish=101.21 actual_finish=101.21 dev=+0.00 injected=0.0
[charge_scheduler-1] [INFO] [1785334219.658990945] [charge_scheduler]: [执行事件] loop=fixed plan_v=0 C1 type=target_service target=11 station_ord=0 planned_finish=102.44 actual_finish=102.44 dev=+0.00 injected=0.0
[charge_scheduler-1] [INFO] [1785334219.658999413] [charge_scheduler]: [执行事件] loop=fixed plan_v=0 C3 type=target_service target=28 station_ord=0 planned_finish=110.06 actual_finish=110.06 dev=+0.00 injected=0.0
[charge_scheduler-1] [INFO] [1785334219.659006024] [charge_scheduler]: [执行事件] loop=fixed plan_v=0 C3 type=station_turnaround target=-1 station_ord=1 planned_finish=122.09 actual_finish=122.09 dev=+0.00 injected=0.0
[charge_scheduler-1] [INFO] [1785334219.659012784] [charge_scheduler]: [执行事件] loop=fixed plan_v=0 C2 type=station_turnaround target=-1 station_ord=1 planned_finish=113.63 actual_finish=143.63 dev=+30.00 injected=30.0
[charge_scheduler-1] [WARN] [1785334220.331429717] [charge_scheduler]: [重调度事件] policy=fixed #1 t=143.63min trigger=C2/station_turnaround dev=+30.00 pool=15 committed=1 plan_v=1 solve_ms=672.3 changed_assign=0 changed_order=11
[charge_scheduler-1] [INFO] [1785334220.331508198] [charge_scheduler]: [执行事件] loop=fixed plan_v=0 C1 type=station_turnaround target=-1 station_ord=1 planned_finish=114.93 actual_finish=144.93 dev=+30.00 injected=30.0
[charge_scheduler-1] [WARN] [1785334220.926172555] [charge_scheduler]: [重调度事件] policy=fixed #2 t=144.93min trigger=C1/station_turnaround dev=+30.00 pool=14 committed=2 plan_v=2 solve_ms=594.6 changed_assign=0 changed_order=0
[charge_scheduler-1] [INFO] [1785334220.926225578] [charge_scheduler]: [执行事件] loop=fixed plan_v=0 C3 type=target_service target=13 station_ord=0 planned_finish=159.81 actual_finish=159.81 dev=+0.00 injected=0.0
[charge_scheduler-1] [INFO] [1785334220.926238083] [charge_scheduler]: [执行事件] loop=fixed plan_v=1 C2 type=target_service target=24 station_ord=0 planned_finish=169.45 actual_finish=169.45 dev=+0.00 injected=0.0
[charge_scheduler-1] [INFO] [1785334220.926244634] [charge_scheduler]: [执行事件] loop=fixed plan_v=2 C1 type=target_service target=5 station_ord=0 planned_finish=191.86 actual_finish=191.86 dev=+0.00 injected=0.0
[charge_scheduler-1] [INFO] [1785334220.926250472] [charge_scheduler]: [执行事件] loop=fixed plan_v=2 C3 type=target_service target=0 station_ord=0 planned_finish=197.86 actual_finish=197.86 dev=+0.00 injected=0.0
[charge_scheduler-1] [INFO] [1785334220.926270050] [charge_scheduler]: [执行事件] loop=fixed plan_v=2 C2 type=target_service target=16 station_ord=0 planned_finish=205.41 actual_finish=205.41 dev=+0.00 injected=0.0
[charge_scheduler-1] [INFO] [1785334220.926276630] [charge_scheduler]: [执行事件] loop=fixed plan_v=2 C3 type=target_service target=10 station_ord=0 planned_finish=234.81 actual_finish=234.81 dev=+0.00 injected=0.0
[charge_scheduler-1] [INFO] [1785334220.926284810] [charge_scheduler]: [执行事件] loop=fixed plan_v=2 C1 type=target_service target=20 station_ord=0 planned_finish=236.74 actual_finish=236.74 dev=+0.00 injected=0.0
[charge_scheduler-1] [INFO] [1785334220.926292276] [charge_scheduler]: [执行事件] loop=fixed plan_v=2 C3 type=station_turnaround target=-1 station_ord=2 planned_finish=246.46 actual_finish=246.46 dev=+0.00 injected=0.0
[charge_scheduler-1] [INFO] [1785334220.926298795] [charge_scheduler]: [执行事件] loop=fixed plan_v=2 C1 type=station_turnaround target=-1 station_ord=2 planned_finish=248.13 actual_finish=248.13 dev=+0.00 injected=0.0
[charge_scheduler-1] [INFO] [1785334220.926305167] [charge_scheduler]: [执行事件] loop=fixed plan_v=2 C2 type=target_service target=6 station_ord=0 planned_finish=249.42 actual_finish=249.42 dev=+0.00 injected=0.0
[charge_scheduler-1] [INFO] [1785334220.926317893] [charge_scheduler]: [执行事件] loop=fixed plan_v=2 C2 type=station_turnaround target=-1 station_ord=2 planned_finish=262.11 actual_finish=262.11 dev=+0.00 injected=0.0
[charge_scheduler-1] [INFO] [1785334220.926324783] [charge_scheduler]: [执行事件] loop=fixed plan_v=2 C1 type=target_service target=19 station_ord=0 planned_finish=286.80 actual_finish=286.80 dev=+0.00 injected=0.0
[charge_scheduler-1] [INFO] [1785334220.926331599] [charge_scheduler]: [执行事件] loop=fixed plan_v=2 C3 type=target_service target=23 station_ord=0 planned_finish=292.75 actual_finish=292.75 dev=+0.00 injected=0.0
[charge_scheduler-1] [INFO] [1785334220.926338376] [charge_scheduler]: [执行事件] loop=fixed plan_v=2 C2 type=target_service target=26 station_ord=0 planned_finish=308.39 actual_finish=308.39 dev=+0.00 injected=0.0
[charge_scheduler-1] [INFO] [1785334220.926345162] [charge_scheduler]: [执行事件] loop=fixed plan_v=2 C1 type=target_service target=29 station_ord=0 planned_finish=332.53 actual_finish=332.53 dev=+0.00 injected=0.0
[charge_scheduler-1] [INFO] [1785334220.926379527] [charge_scheduler]: [执行事件] loop=fixed plan_v=2 C3 type=target_service target=2 station_ord=0 planned_finish=339.49 actual_finish=339.49 dev=+0.00 injected=0.0
[charge_scheduler-1] [INFO] [1785334220.926391165] [charge_scheduler]: [执行事件] loop=fixed plan_v=2 C3 type=final_return target=-1 station_ord=0 planned_finish=341.42 actual_finish=341.42 dev=+0.00 injected=0.0
[charge_scheduler-1] [INFO] [1785334220.926400496] [charge_scheduler]: [执行事件] loop=fixed plan_v=2 C1 type=station_turnaround target=-1 station_ord=3 planned_finish=344.71 actual_finish=344.71 dev=+0.00 injected=0.0
[charge_scheduler-1] [INFO] [1785334220.926409169] [charge_scheduler]: [执行事件] loop=fixed plan_v=2 C2 type=target_service target=25 station_ord=0 planned_finish=347.05 actual_finish=347.05 dev=+0.00 injected=0.0
[charge_scheduler-1] [INFO] [1785334220.926418996] [charge_scheduler]: [执行事件] loop=fixed plan_v=2 C2 type=station_turnaround target=-1 station_ord=3 planned_finish=358.33 actual_finish=358.33 dev=+0.00 injected=0.0
[charge_scheduler-1] [INFO] [1785334220.926428076] [charge_scheduler]: [执行事件] loop=fixed plan_v=2 C1 type=target_service target=14 station_ord=0 planned_finish=391.52 actual_finish=391.52 dev=+0.00 injected=0.0
[charge_scheduler-1] [INFO] [1785334220.926434740] [charge_scheduler]: [执行事件] loop=fixed plan_v=2 C1 type=final_return target=-1 station_ord=0 planned_finish=395.28 actual_finish=395.28 dev=+0.00 injected=0.0
[charge_scheduler-1] [INFO] [1785334220.926441606] [charge_scheduler]: [执行事件] loop=fixed plan_v=2 C2 type=target_service target=17 station_ord=0 planned_finish=404.98 actual_finish=404.98 dev=+0.00 injected=0.0
[charge_scheduler-1] [INFO] [1785334220.926448096] [charge_scheduler]: [执行事件] loop=fixed plan_v=2 C2 type=final_return target=-1 station_ord=0 planned_finish=407.77 actual_finish=407.77 dev=+0.00 injected=0.0
[charge_scheduler-1] [INFO] [1785334220.926474127] [charge_scheduler]: [执行事件] loop=global plan_v=0 C3 type=target_service target=27 station_ord=0 planned_finish=6.36 actual_finish=6.36 dev=+0.00 injected=0.0
[charge_scheduler-1] [INFO] [1785334220.926481410] [charge_scheduler]: [执行事件] loop=global plan_v=0 C1 type=target_service target=4 station_ord=0 planned_finish=11.04 actual_finish=11.04 dev=+0.00 injected=0.0
[charge_scheduler-1] [INFO] [1785334220.926488389] [charge_scheduler]: [执行事件] loop=global plan_v=0 C3 type=target_service target=21 station_ord=0 planned_finish=14.00 actual_finish=14.00 dev=+0.00 injected=0.0
[charge_scheduler-1] [INFO] [1785334220.926500299] [charge_scheduler]: [执行事件] loop=global plan_v=0 C3 type=target_service target=12 station_ord=0 planned_finish=23.83 actual_finish=23.83 dev=+0.00 injected=0.0
[charge_scheduler-1] [INFO] [1785334220.926507610] [charge_scheduler]: [执行事件] loop=global plan_v=0 C2 type=target_service target=9 station_ord=0 planned_finish=25.99 actual_finish=25.99 dev=+0.00 injected=0.0
[charge_scheduler-1] [INFO] [1785334220.926517449] [charge_scheduler]: [执行事件] loop=global plan_v=0 C1 type=target_service target=8 station_ord=0 planned_finish=27.46 actual_finish=27.46 dev=+0.00 injected=0.0
[charge_scheduler-1] [INFO] [1785334220.926526934] [charge_scheduler]: [执行事件] loop=global plan_v=0 C3 type=target_service target=15 station_ord=0 planned_finish=49.07 actual_finish=49.07 dev=+0.00 injected=0.0
[charge_scheduler-1] [INFO] [1785334220.926537917] [charge_scheduler]: [执行事件] loop=global plan_v=0 C2 type=target_service target=3 station_ord=0 planned_finish=52.69 actual_finish=52.69 dev=+0.00 injected=0.0
[charge_scheduler-1] [INFO] [1785334220.926560196] [charge_scheduler]: [执行事件] loop=global plan_v=0 C1 type=target_service target=22 station_ord=0 planned_finish=60.21 actual_finish=60.21 dev=+0.00 injected=0.0
[charge_scheduler-1] [INFO] [1785334220.926570340] [charge_scheduler]: [执行事件] loop=global plan_v=0 C3 type=target_service target=7 station_ord=0 planned_finish=75.27 actual_finish=75.27 dev=+0.00 injected=0.0
[charge_scheduler-1] [INFO] [1785334220.926577647] [charge_scheduler]: [执行事件] loop=global plan_v=0 C2 type=target_service target=18 station_ord=0 planned_finish=76.02 actual_finish=76.02 dev=+0.00 injected=0.0
[charge_scheduler-1] [INFO] [1785334220.926594027] [charge_scheduler]: [执行事件] loop=global plan_v=0 C2 type=target_service target=1 station_ord=0 planned_finish=101.21 actual_finish=101.21 dev=+0.00 injected=0.0
[charge_scheduler-1] [INFO] [1785334220.926603520] [charge_scheduler]: [执行事件] loop=global plan_v=0 C1 type=target_service target=11 station_ord=0 planned_finish=102.44 actual_finish=102.44 dev=+0.00 injected=0.0
[charge_scheduler-1] [INFO] [1785334220.926612812] [charge_scheduler]: [执行事件] loop=global plan_v=0 C3 type=target_service target=28 station_ord=0 planned_finish=110.06 actual_finish=110.06 dev=+0.00 injected=0.0
[charge_scheduler-1] [INFO] [1785334220.926620608] [charge_scheduler]: [执行事件] loop=global plan_v=0 C3 type=station_turnaround target=-1 station_ord=1 planned_finish=122.09 actual_finish=122.09 dev=+0.00 injected=0.0
[charge_scheduler-1] [INFO] [1785334220.926631649] [charge_scheduler]: [执行事件] loop=global plan_v=0 C2 type=station_turnaround target=-1 station_ord=1 planned_finish=113.63 actual_finish=143.63 dev=+30.00 injected=30.0
[charge_scheduler-1] [WARN] [1785334224.177876479] [charge_scheduler]: [重调度事件] policy=global #1 t=143.63min trigger=C2/station_turnaround dev=+30.00 pool=15 committed=1 plan_v=1 solve_ms=3251.2 changed_assign=12 changed_order=13
[charge_scheduler-1] [INFO] [1785334224.177923230] [charge_scheduler]: [执行事件] loop=global plan_v=0 C1 type=station_turnaround target=-1 station_ord=1 planned_finish=114.93 actual_finish=144.93 dev=+30.00 injected=30.0
[charge_scheduler-1] [WARN] [1785334227.275070626] [charge_scheduler]: [重调度事件] policy=global #2 t=144.93min trigger=C1/station_turnaround dev=+30.00 pool=14 committed=2 plan_v=2 solve_ms=3097.1 changed_assign=0 changed_order=0
[charge_scheduler-1] [INFO] [1785334227.275138772] [charge_scheduler]: [执行事件] loop=global plan_v=0 C3 type=target_service target=13 station_ord=0 planned_finish=159.81 actual_finish=159.81 dev=+0.00 injected=0.0
[charge_scheduler-1] [INFO] [1785334227.275152142] [charge_scheduler]: [执行事件] loop=global plan_v=2 C1 type=target_service target=24 station_ord=0 planned_finish=170.75 actual_finish=170.75 dev=+0.00 injected=0.0
[charge_scheduler-1] [INFO] [1785334227.275160902] [charge_scheduler]: [执行事件] loop=global plan_v=1 C2 type=target_service target=5 station_ord=0 planned_finish=190.56 actual_finish=190.56 dev=+0.00 injected=0.0
[charge_scheduler-1] [INFO] [1785334227.275172926] [charge_scheduler]: [执行事件] loop=global plan_v=2 C3 type=target_service target=0 station_ord=0 planned_finish=197.86 actual_finish=197.86 dev=+0.00 injected=0.0
[charge_scheduler-1] [INFO] [1785334227.275180500] [charge_scheduler]: [执行事件] loop=global plan_v=2 C1 type=target_service target=16 station_ord=0 planned_finish=206.82 actual_finish=206.82 dev=+0.00 injected=0.0
[charge_scheduler-1] [INFO] [1785334227.275187929] [charge_scheduler]: [执行事件] loop=global plan_v=2 C3 type=target_service target=10 station_ord=0 planned_finish=234.81 actual_finish=234.81 dev=+0.00 injected=0.0
[charge_scheduler-1] [INFO] [1785334227.275196792] [charge_scheduler]: [执行事件] loop=global plan_v=2 C2 type=target_service target=20 station_ord=0 planned_finish=235.44 actual_finish=235.44 dev=+0.00 injected=0.0
[charge_scheduler-1] [INFO] [1785334227.275206853] [charge_scheduler]: [执行事件] loop=global plan_v=2 C3 type=station_turnaround target=-1 station_ord=2 planned_finish=246.46 actual_finish=246.46 dev=+0.00 injected=0.0
[charge_scheduler-1] [INFO] [1785334227.275219536] [charge_scheduler]: [执行事件] loop=global plan_v=2 C2 type=station_turnaround target=-1 station_ord=2 planned_finish=246.83 actual_finish=246.83 dev=+0.00 injected=0.0
[charge_scheduler-1] [INFO] [1785334227.275226214] [charge_scheduler]: [执行事件] loop=global plan_v=2 C1 type=target_service target=6 station_ord=0 planned_finish=250.83 actual_finish=250.83 dev=+0.00 injected=0.0
[charge_scheduler-1] [INFO] [1785334227.275233002] [charge_scheduler]: [执行事件] loop=global plan_v=2 C1 type=station_turnaround target=-1 station_ord=2 planned_finish=263.52 actual_finish=263.52 dev=+0.00 injected=0.0
[charge_scheduler-1] [INFO] [1785334227.275239401] [charge_scheduler]: [执行事件] loop=global plan_v=2 C2 type=target_service target=19 station_ord=0 planned_finish=285.50 actual_finish=285.50 dev=+0.00 injected=0.0
[charge_scheduler-1] [INFO] [1785334227.275246142] [charge_scheduler]: [执行事件] loop=global plan_v=2 C3 type=target_service target=29 station_ord=0 planned_finish=292.11 actual_finish=292.11 dev=+0.00 injected=0.0
[charge_scheduler-1] [INFO] [1785334227.275282631] [charge_scheduler]: [执行事件] loop=global plan_v=2 C1 type=target_service target=26 station_ord=0 planned_finish=309.80 actual_finish=309.80 dev=+0.00 injected=0.0
[charge_scheduler-1] [INFO] [1785334227.275293391] [charge_scheduler]: [执行事件] loop=global plan_v=2 C3 type=target_service target=25 station_ord=0 planned_finish=328.36 actual_finish=328.36 dev=+0.00 injected=0.0
[charge_scheduler-1] [INFO] [1785334227.275300502] [charge_scheduler]: [执行事件] loop=global plan_v=2 C2 type=target_service target=2 station_ord=0 planned_finish=331.35 actual_finish=331.35 dev=+0.00 injected=0.0
[charge_scheduler-1] [INFO] [1785334227.275307273] [charge_scheduler]: [执行事件] loop=global plan_v=2 C3 type=station_turnaround target=-1 station_ord=3 planned_finish=339.64 actual_finish=339.64 dev=+0.00 injected=0.0
[charge_scheduler-1] [INFO] [1785334227.275314064] [charge_scheduler]: [执行事件] loop=global plan_v=2 C2 type=station_turnaround target=-1 station_ord=3 planned_finish=343.27 actual_finish=343.27 dev=+0.00 injected=0.0
[charge_scheduler-1] [INFO] [1785334227.275320974] [charge_scheduler]: [执行事件] loop=global plan_v=2 C1 type=target_service target=14 station_ord=0 planned_finish=356.26 actual_finish=356.26 dev=+0.00 injected=0.0
[charge_scheduler-1] [INFO] [1785334227.275327786] [charge_scheduler]: [执行事件] loop=global plan_v=2 C1 type=final_return target=-1 station_ord=0 planned_finish=360.02 actual_finish=360.02 dev=+0.00 injected=0.0
[charge_scheduler-1] [INFO] [1785334227.275334533] [charge_scheduler]: [执行事件] loop=global plan_v=2 C3 type=target_service target=17 station_ord=0 planned_finish=386.29 actual_finish=386.29 dev=+0.00 injected=0.0
[charge_scheduler-1] [INFO] [1785334227.275343857] [charge_scheduler]: [执行事件] loop=global plan_v=2 C3 type=final_return target=-1 station_ord=0 planned_finish=389.09 actual_finish=389.09 dev=+0.00 injected=0.0
[charge_scheduler-1] [INFO] [1785334227.275350177] [charge_scheduler]: [执行事件] loop=global plan_v=2 C2 type=target_service target=23 station_ord=0 planned_finish=389.56 actual_finish=389.56 dev=+0.00 injected=0.0
[charge_scheduler-1] [INFO] [1785334227.275356409] [charge_scheduler]: [执行事件] loop=global plan_v=2 C2 type=final_return target=-1 station_ord=0 planned_finish=392.62 actual_finish=392.62 dev=+0.00 injected=0.0
[charge_scheduler-1] [INFO] [1785334227.275376145] [charge_scheduler]: ★闭环实验结果 mode=open M=30 K=3 disturbance=station delay=30.0 seed=10 N_late=13 T_overtime=438.394 C_total=5736.883 makespan=410.717 served=30 energy_viol=2 reschedules=0 reschedule_ms=0.000 changed_assign=0 changed_order=0 applied_target=0 applied_station=2 initial_solve_ms=53247.507 objective_order=Tover,Nlate,Ctotal
[charge_scheduler-1] [INFO] [1785334227.275390861] [charge_scheduler]: ★闭环实验结果 mode=fixed M=30 K=3 disturbance=station delay=30.0 seed=10 N_late=12 T_overtime=422.523 C_total=5658.759 makespan=407.774 served=30 energy_viol=0 reschedules=2 reschedule_ms=1266.927 changed_assign=0 changed_order=11 applied_target=0 applied_station=2 initial_solve_ms=53247.507 objective_order=Tover,Nlate,Ctotal
[charge_scheduler-1] [INFO] [1785334227.275404536] [charge_scheduler]: ★闭环实验收益 policy=fixed M=30 K=3 disturbance=station delay=30.0 seed=10 recovered_late=1 overtime_reduction=15.871 distance_delta=-78.124 makespan_reduction=2.943
[charge_scheduler-1] [INFO] [1785334227.275412692] [charge_scheduler]: ★闭环实验结果 mode=closed M=30 K=3 disturbance=station delay=30.0 seed=10 N_late=11 T_overtime=398.750 C_total=5470.772 makespan=392.622 served=30 energy_viol=0 reschedules=2 reschedule_ms=6348.318 changed_assign=12 changed_order=13 applied_target=0 applied_station=2 initial_solve_ms=53247.507 objective_order=Tover,Nlate,Ctotal
[charge_scheduler-1] [INFO] [1785334227.275422779] [charge_scheduler]: ★闭环实验收益 policy=closed M=30 K=3 disturbance=station delay=30.0 seed=10 recovered_late=2 overtime_reduction=39.644 distance_delta=-266.111 makespan_reduction=18.095
