[INFO] [launch]: All log files can be found below /root/.ros/log/2026-07-29-13-48-38-092328-YYYY-20384
[INFO] [launch]: Default logging verbosity is set to INFO
[INFO] [charge_scheduler-1]: process started with pid [20386]
[charge_scheduler-1] [INFO] [1785332918.244660403] [charge_scheduler]: [目标顺序] objective_order=Tover,Nlate,Ctotal
[charge_scheduler-1] [INFO] [1785332918.245490552] [charge_scheduler]: [Scheduler] 30辆车 | 电池800.0kWh(20%=160.0 80%=640.0) | 充电360kW效率97% | 行驶0.6kWh/km | 桩350kW
[charge_scheduler-1] [INFO] [1785332918.245547261] [charge_scheduler]: [Scheduler] 站端周转: 换电 10 min(换后满电) | 单趟可用 640 kWh
[charge_scheduler-1] [INFO] [1785332918.245565789] [charge_scheduler]:   车#0 [电动装载机282|light] 位置(-47.3,-2.6) 容量282kWh 剩余35% | α=6→6min/% τ=168min → 需130.8kWh(充21.2min)
[charge_scheduler-1] [INFO] [1785332918.245591013] [charge_scheduler]:   车#1 [重型叉车|light] 位置(-44.0,-64.1) 容量200kWh 剩余20% | α=6→6min/% τ=96min → 需123.7kWh(充20.0min)
[charge_scheduler-1] [INFO] [1785332918.245612157] [charge_scheduler]:   车#2 [电动装载机350|light] 位置(-51.1,-38.8) 容量350kWh 剩余50% | α=6→6min/% τ=288min → 需108.2kWh(充17.5min)
[charge_scheduler-1] [INFO] [1785332918.245631079] [charge_scheduler]:   车#3 [重型叉车|light] 位置(-71.0,-19.0) 容量200kWh 剩余10% | α=6→6min/% τ=32min → 需144.3kWh(充23.3min)
[charge_scheduler-1] [INFO] [1785332918.245655581] [charge_scheduler]:   车#4 [电动装载机282|heavy→降级] 位置(-93.3,6.6) 容量282kWh 剩余60% | α=3→6min/% τ=212min → 需58.1kWh(充9.4min)
[charge_scheduler-1] [INFO] [1785332918.245675433] [charge_scheduler]:   车#5 [电动装载机350|light] 位置(-104.4,47.7) 容量350kWh 剩余25% | α=6→6min/% τ=128min → 需198.5kWh(充32.1min)
[charge_scheduler-1] [INFO] [1785332918.245694292] [charge_scheduler]:   车#6 [电动装载机350|heavy→降级] 位置(-37.0,-75.1) 容量350kWh 剩余40% | α=4→6min/% τ=176min → 需144.3kWh(充23.3min)
[charge_scheduler-1] [INFO] [1785332918.245713055] [charge_scheduler]:   车#7 [重型叉车|light] 位置(-88.8,-37.1) 容量200kWh 剩余15% | α=6→6min/% τ=64min → 需134.0kWh(充21.7min)
[charge_scheduler-1] [INFO] [1785332918.245731447] [charge_scheduler]:   车#8 [电动装载机282|heavy→降级] 位置(-70.9,27.7) 容量282kWh 剩余55% | α=3→6min/% τ=196min → 需72.7kWh(充11.8min)
[charge_scheduler-1] [INFO] [1785332918.245776949] [charge_scheduler]:   车#9 [电动装载机282|heavy→降级] 位置(-35.4,-47.4) 容量282kWh 剩余30% | α=3→6min/% τ=116min → 需145.4kWh(充23.5min)
[charge_scheduler-1] [INFO] [1785332918.245796973] [charge_scheduler]:   车#10 [电动装载机282|light] 位置(-100.0,-1.0) 容量282kWh 剩余45% | α=6→6min/% τ=224min → 需101.8kWh(充16.4min)
[charge_scheduler-1] [INFO] [1785332918.245815394] [charge_scheduler]:   车#11 [电动装载机350|light] 位置(-72.8,-15.6) 容量350kWh 剩余18% | α=6→6min/% τ=83min → 需223.7kWh(充36.2min)
[charge_scheduler-1] [INFO] [1785332918.245833896] [charge_scheduler]:   车#12 [重型叉车|heavy→降级] 位置(-61.7,-20.7) 容量200kWh 剩余62% | α=3→6min/% τ=230min → 需37.1kWh(充6.0min)
[charge_scheduler-1] [INFO] [1785332918.245852599] [charge_scheduler]:   车#13 [电动装载机282|light] 位置(-133.0,-25.3) 容量282kWh 剩余28% | α=6→6min/% τ=129min → 需151.2kWh(充24.4min)
[charge_scheduler-1] [INFO] [1785332918.245871136] [charge_scheduler]:   车#14 [电动装载机350|light] 位置(-132.0,-8.9) 容量350kWh 剩余52% | α=6→6min/% τ=301min → 需101.0kWh(充16.3min)
[charge_scheduler-1] [INFO] [1785332918.245889320] [charge_scheduler]:   车#15 [重型叉车|light] 位置(-120.0,7.9) 容量200kWh 剩余12% | α=6→6min/% τ=45min → 需140.2kWh(充22.7min)
[charge_scheduler-1] [INFO] [1785332918.245912499] [charge_scheduler]:   车#16 [电动装载机282|light] 位置(-43.8,-82.9) 容量282kWh 剩余38% | α=6→6min/% τ=185min → 需122.1kWh(充19.7min)
[charge_scheduler-1] [INFO] [1785332918.245930964] [charge_scheduler]:   车#17 [电动装载机350|light] 位置(-31.1,-74.7) 容量350kWh 剩余58% | α=6→6min/% τ=339min → 需79.4kWh(充12.8min)
[charge_scheduler-1] [INFO] [1785332918.245949291] [charge_scheduler]:   车#18 [重型叉车|heavy→降级] 位置(-75.4,-68.2) 容量200kWh 剩余22% | α=3→6min/% τ=102min → 需119.6kWh(充19.3min)
[charge_scheduler-1] [INFO] [1785332918.246035536] [charge_scheduler]:   车#19 [电动装载机282|light] 位置(-88.2,47.1) 容量282kWh 剩余48% | α=6→6min/% τ=241min → 需93.0kWh(充15.0min)
[charge_scheduler-1] [INFO] [1785332918.246054624] [charge_scheduler]:   车#20 [电动装载机350|light] 位置(-71.4,16.3) 容量350kWh 剩余33% | α=6→6min/% τ=179min → 需169.6kWh(充27.4min)
[charge_scheduler-1] [INFO] [1785332918.246124859] [charge_scheduler]:   车#21 [重型叉车|heavy→降级] 位置(-122.0,-0.6) 容量200kWh 剩余65% | α=3→6min/% τ=240min → 需30.9kWh(充5.0min)
[charge_scheduler-1] [INFO] [1785332918.246149394] [charge_scheduler]:   车#22 [电动装载机282|light] 位置(-71.6,11.6) 容量282kWh 剩余16% | α=6→6min/% τ=62min → 需186.1kWh(充30.1min)
[charge_scheduler-1] [INFO] [1785332918.246174266] [charge_scheduler]:   车#23 [电动装载机350|light] 位置(-131.0,37.2) 容量350kWh 剩余42% | α=6→6min/% τ=237min → 需137.1kWh(充22.2min)
[charge_scheduler-1] [INFO] [1785332918.246193433] [charge_scheduler]:   车#24 [重型叉车|heavy→降级] 位置(-51.3,5.9) 容量200kWh 剩余25% | α=3→6min/% τ=112min → 需113.4kWh(充18.3min)
[charge_scheduler-1] [INFO] [1785332918.246211223] [charge_scheduler]:   车#25 [电动装载机282|light] 位置(-62.2,-10.7) 容量282kWh 剩余55% | α=6→6min/% τ=280min → 需72.7kWh(充11.8min)
[charge_scheduler-1] [INFO] [1785332918.246230406] [charge_scheduler]:   车#26 [电动装载机350|light] 位置(-116.0,60.4) 容量350kWh 剩余30% | α=6→6min/% τ=160min → 需180.4kWh(充29.2min)
[charge_scheduler-1] [INFO] [1785332918.246249208] [charge_scheduler]:   车#27 [重型叉车|heavy→降级] 位置(-90.4,60.5) 容量200kWh 剩余68% | α=3→6min/% τ=250min → 需24.7kWh(充4.0min)
[charge_scheduler-1] [INFO] [1785332918.246267290] [charge_scheduler]:   车#28 [电动装载机282|light] 位置(-85.5,-46.0) 容量282kWh 剩余20% | α=6→6min/% τ=84min → 需174.4kWh(充28.2min)
[charge_scheduler-1] [INFO] [1785332918.246286388] [charge_scheduler]:   车#29 [电动装载机350|light] 位置(-87.0,-36.6) 容量350kWh 剩余36% | α=6→6min/% τ=198min → 需158.8kWh(充25.7min)
[charge_scheduler-1] [INFO] [1785332918.256831407] [charge_scheduler]: [Scheduler] 闭环接口: threshold=10.0min | event_sim=on | policy=all | structured_feedback=optional (/task_planner/execution_event)
[charge_scheduler-1] [INFO] [1785332918.256878743] [charge_scheduler]: [Scheduler] 已启动, 等待地图...
[charge_scheduler-1] [INFO] [1785332918.321874093] [charge_scheduler]: [Scheduler] RoutingGraph 就绪
[charge_scheduler-1] [INFO] [1785332918.322144402] [charge_scheduler]: [Scheduler] 提取到 6 条虚线捷径
[charge_scheduler-1] [INFO] [1785332918.335815915] [charge_scheduler]: [Scheduler] 下层兼容增强图: 166 节点, 6 条虚线掉头边
[charge_scheduler-1] [INFO] [1785332925.473344786] [charge_scheduler]: [Scheduler] 距离矩阵完成 31x31, 7137.5 ms | 模式=maneuver | 真实不可达=0 抽象不可达=0 | 缺少对向投影节点=0
[charge_scheduler-1] [INFO] [1785332925.473442885] [charge_scheduler]:   ✓ 比值自检：930 个 OD 满足 机动/直线≥1 | 均值=2.97 最大=42.81 (车#15→车#21)
[charge_scheduler-1] [INFO] [1785332925.473452830] [charge_scheduler]: [Scheduler] 地图就绪, 166 条 lanelet（与下层一致）
[charge_scheduler-1] [INFO] [1785332925.473517997] [charge_scheduler]: ======== 开始VRPTW调度 30 辆车 ========
[charge_scheduler-1] [INFO] [1785332925.473523663] [charge_scheduler]:   规模30>8 → 启发式(alns)
[charge_scheduler-1] [INFO] [1785332977.085970762] [charge_scheduler]: [ALNS] objective_order=Tover,Nlate,Ctotal seed=2 iters=15000 | N_late=12(成功率60.0%) T_overtime=155.3min C_total=5651.6m | 趟数=12 makespan=381.4min
[charge_scheduler-1] [INFO] [1785332977.086025686] [charge_scheduler]:   求解耗时 51612.5 ms
[charge_scheduler-1] [INFO] [1785332977.086033523] [charge_scheduler]: ════════ 调度结果 ════════
[charge_scheduler-1] [INFO] [1785332977.086038068] [charge_scheduler]:   ★目标(字典序): objective_order=Tover,Nlate,Ctotal | N_late=12 辆 (按时成功率 18/30 = 60.0%)  T_overtime=155.3min  C_total=5651.6m
[charge_scheduler-1] [INFO] [1785332977.086043609] [charge_scheduler]:   附: 趟数=12 | makespan=381.4min | 能量可行=是
[charge_scheduler-1] [INFO] [1785332977.086054666] [charge_scheduler]:   [充电车1] 趟1: 站 → 车#4(到1.4/限212.0✓) → 车#15(到11.5/限44.8✓) → 车#8(到37.1/限196.0✓) → 车#22(到54.6/限61.6✓) → 站
[charge_scheduler-1] [INFO] [1785332977.086060926] [charge_scheduler]:   [充电车3] 趟2: 站 → 车#27(到2.1/限249.6✓) → 车#21(到8.2/限240.0✓) → 车#3(到15.1/限32.0✓) → 车#7(到39.9/限64.0✓) → 车#28(到63.9/限84.0✓) → 站
[charge_scheduler-1] [INFO] [1785332977.086093906] [charge_scheduler]:   [充电车2] 趟3: 站 → 车#12(到2.3/限230.4✓) → 车#11(到9.6/限83.2✓) → 车#9(到47.7/限116.0✓) → 车#1(到78.2/限96.0✓) → 站
[charge_scheduler-1] [INFO] [1785332977.086099025] [charge_scheduler]:   [充电车3] 趟4: 站 → 车#5(到112.7/限128.0✓) → 车#0(到156.7/限168.0✓) → 站
[charge_scheduler-1] [INFO] [1785332977.086104691] [charge_scheduler]:   [充电车1] 趟5: 站 → 车#18(到102.7/限102.4✗超时) → 车#13(到130.0/限128.8✗超时) → 车#20(到168.0/限179.2✓) → 站
[charge_scheduler-1] [INFO] [1785332977.086109649] [charge_scheduler]:   [充电车2] 趟6: 站 → 车#24(到115.5/限112.0✗超时) → 车#26(到142.3/限160.0✓) → 车#16(到188.1/限184.8✗超时) → 站
[charge_scheduler-1] [INFO] [1785332977.086114077] [charge_scheduler]:   [充电车3] 趟7: 站 → 车#29(到203.8/限198.4✗超时) → 车#19(到250.4/限240.8✗超时) → 站
[charge_scheduler-1] [INFO] [1785332977.086118532] [charge_scheduler]:   [充电车1] 趟8: 站 → 车#10(到226.3/限224.0✗超时) → 车#6(到263.8/限176.0✗超时) → 站
[charge_scheduler-1] [INFO] [1785332977.086122760] [charge_scheduler]:   [充电车2] 趟9: 站 → 车#23(到238.6/限236.8✗超时) → 车#25(到285.8/限280.0✗超时) → 站
[charge_scheduler-1] [INFO] [1785332977.086126797] [charge_scheduler]:   [充电车1] 趟10: 站 → 车#14(到323.3/限300.8✗超时) → 站
[charge_scheduler-1] [INFO] [1785332977.086131104] [charge_scheduler]:   [充电车2] 趟11: 站 → 车#17(到335.2/限339.2✓) → 站
[charge_scheduler-1] [INFO] [1785332977.086134870] [charge_scheduler]:   [充电车3] 趟12: 站 → 车#2(到299.9/限288.0✗超时) → 站
[charge_scheduler-1] [INFO] [1785332977.086137906] [charge_scheduler]: ════════════════════════
[charge_scheduler-1] [INFO] [1785332977.086204418] [charge_scheduler]: [扰动清单] type=station delay=15.0min targets={} station={C1-S1,C3-S1,}
[charge_scheduler-1] [INFO] [1785332977.086220911] [charge_scheduler]: [执行事件] loop=open plan_v=0 C3 type=target_service target=27 station_ord=0 planned_finish=6.36 actual_finish=6.36 dev=+0.00 injected=0.0
[charge_scheduler-1] [INFO] [1785332977.086228190] [charge_scheduler]: [执行事件] loop=open plan_v=0 C2 type=target_service target=12 station_ord=0 planned_finish=8.58 actual_finish=8.58 dev=+0.00 injected=0.0
[charge_scheduler-1] [INFO] [1785332977.086234189] [charge_scheduler]: [执行事件] loop=open plan_v=0 C1 type=target_service target=4 station_ord=0 planned_finish=11.04 actual_finish=11.04 dev=+0.00 injected=0.0
[charge_scheduler-1] [INFO] [1785332977.086241164] [charge_scheduler]: [执行事件] loop=open plan_v=0 C3 type=target_service target=21 station_ord=0 planned_finish=14.00 actual_finish=14.00 dev=+0.00 injected=0.0
[charge_scheduler-1] [INFO] [1785332977.086246691] [charge_scheduler]: [执行事件] loop=open plan_v=0 C1 type=target_service target=15 station_ord=0 planned_finish=34.81 actual_finish=34.81 dev=+0.00 injected=0.0
[charge_scheduler-1] [INFO] [1785332977.086252030] [charge_scheduler]: [执行事件] loop=open plan_v=0 C3 type=target_service target=3 station_ord=0 planned_finish=39.26 actual_finish=39.26 dev=+0.00 injected=0.0
[charge_scheduler-1] [INFO] [1785332977.086257622] [charge_scheduler]: [执行事件] loop=open plan_v=0 C2 type=target_service target=11 station_ord=0 planned_finish=46.69 actual_finish=46.69 dev=+0.00 injected=0.0
[charge_scheduler-1] [INFO] [1785332977.086263184] [charge_scheduler]: [执行事件] loop=open plan_v=0 C1 type=target_service target=8 station_ord=0 planned_finish=54.26 actual_finish=54.26 dev=+0.00 injected=0.0
[charge_scheduler-1] [INFO] [1785332977.086268567] [charge_scheduler]: [执行事件] loop=open plan_v=0 C3 type=target_service target=7 station_ord=0 planned_finish=63.68 actual_finish=63.68 dev=+0.00 injected=0.0
[charge_scheduler-1] [INFO] [1785332977.086273802] [charge_scheduler]: [执行事件] loop=open plan_v=0 C2 type=target_service target=9 station_ord=0 planned_finish=77.20 actual_finish=77.20 dev=+0.00 injected=0.0
[charge_scheduler-1] [INFO] [1785332977.086279051] [charge_scheduler]: [执行事件] loop=open plan_v=0 C1 type=target_service target=22 station_ord=0 planned_finish=89.26 actual_finish=89.26 dev=+0.00 injected=0.0
[charge_scheduler-1] [INFO] [1785332977.086285145] [charge_scheduler]: [执行事件] loop=open plan_v=0 C3 type=target_service target=28 station_ord=0 planned_finish=97.49 actual_finish=97.49 dev=+0.00 injected=0.0
[charge_scheduler-1] [INFO] [1785332977.086294381] [charge_scheduler]: [执行事件] loop=open plan_v=0 C2 type=target_service target=1 station_ord=0 planned_finish=102.24 actual_finish=102.24 dev=+0.00 injected=0.0
[charge_scheduler-1] [INFO] [1785332977.086300562] [charge_scheduler]: [执行事件] loop=open plan_v=0 C2 type=station_turnaround target=-1 station_ord=1 planned_finish=114.67 actual_finish=114.67 dev=+0.00 injected=0.0
[charge_scheduler-1] [INFO] [1785332977.086306251] [charge_scheduler]: [执行事件] loop=open plan_v=0 C1 type=station_turnaround target=-1 station_ord=1 planned_finish=100.58 actual_finish=115.58 dev=+15.00 injected=15.0
[charge_scheduler-1] [INFO] [1785332977.086312006] [charge_scheduler]: [执行事件] loop=open plan_v=0 C3 type=station_turnaround target=-1 station_ord=1 planned_finish=109.52 actual_finish=124.52 dev=+15.00 injected=15.0
[charge_scheduler-1] [INFO] [1785332977.086317690] [charge_scheduler]: [执行事件] loop=open plan_v=0 C2 type=target_service target=24 station_ord=0 planned_finish=140.49 actual_finish=140.49 dev=+0.00 injected=0.0
[charge_scheduler-1] [INFO] [1785332977.086323178] [charge_scheduler]: [执行事件] loop=open plan_v=0 C1 type=target_service target=18 station_ord=0 planned_finish=127.71 actual_finish=142.71 dev=+15.00 injected=0.0
[charge_scheduler-1] [INFO] [1785332977.086328796] [charge_scheduler]: [执行事件] loop=open plan_v=0 C3 type=target_service target=5 station_ord=0 planned_finish=155.06 actual_finish=171.42 dev=+16.37 injected=0.0
[charge_scheduler-1] [INFO] [1785332977.086334521] [charge_scheduler]: [执行事件] loop=open plan_v=0 C1 type=target_service target=13 station_ord=0 planned_finish=165.30 actual_finish=180.30 dev=+15.00 injected=0.0
[charge_scheduler-1] [INFO] [1785332977.086340197] [charge_scheduler]: [执行事件] loop=open plan_v=0 C2 type=target_service target=26 station_ord=0 planned_finish=184.42 actual_finish=184.42 dev=+0.00 injected=0.0
[charge_scheduler-1] [INFO] [1785332977.086346467] [charge_scheduler]: [执行事件] loop=open plan_v=0 C3 type=target_service target=0 station_ord=0 planned_finish=191.01 actual_finish=208.33 dev=+17.31 injected=0.0
[charge_scheduler-1] [INFO] [1785332977.086352148] [charge_scheduler]: [执行事件] loop=open plan_v=0 C3 type=station_turnaround target=-1 station_ord=2 planned_finish=201.87 actual_finish=219.18 dev=+17.31 injected=0.0
[charge_scheduler-1] [INFO] [1785332977.086357738] [charge_scheduler]: [执行事件] loop=open plan_v=0 C2 type=target_service target=16 station_ord=0 planned_finish=223.37 actual_finish=223.37 dev=+0.00 injected=0.0
[charge_scheduler-1] [INFO] [1785332977.086363280] [charge_scheduler]: [执行事件] loop=open plan_v=0 C1 type=target_service target=20 station_ord=0 planned_finish=210.73 actual_finish=226.75 dev=+16.02 injected=0.0
[charge_scheduler-1] [INFO] [1785332977.086368956] [charge_scheduler]: [执行事件] loop=open plan_v=0 C2 type=station_turnaround target=-1 station_ord=2 planned_finish=236.09 actual_finish=236.09 dev=+0.00 injected=0.0
[charge_scheduler-1] [INFO] [1785332977.086374344] [charge_scheduler]: [执行事件] loop=open plan_v=0 C1 type=station_turnaround target=-1 station_ord=2 planned_finish=222.12 actual_finish=238.14 dev=+16.02 injected=0.0
[charge_scheduler-1] [INFO] [1785332977.086380088] [charge_scheduler]: [执行事件] loop=open plan_v=0 C3 type=target_service target=29 station_ord=0 planned_finish=247.52 actual_finish=264.83 dev=+17.31 injected=0.0
[charge_scheduler-1] [INFO] [1785332977.086385616] [charge_scheduler]: [执行事件] loop=open plan_v=0 C1 type=target_service target=10 station_ord=0 planned_finish=261.50 actual_finish=277.52 dev=+16.02 injected=0.0
[charge_scheduler-1] [INFO] [1785332977.086391253] [charge_scheduler]: [执行事件] loop=open plan_v=0 C2 type=target_service target=23 station_ord=0 planned_finish=282.37 actual_finish=282.37 dev=+0.00 injected=0.0
[charge_scheduler-1] [INFO] [1785332977.086396689] [charge_scheduler]: [执行事件] loop=open plan_v=0 C3 type=target_service target=19 station_ord=0 planned_finish=285.61 actual_finish=302.92 dev=+17.31 injected=0.0
[charge_scheduler-1] [INFO] [1785332977.086402303] [charge_scheduler]: [执行事件] loop=open plan_v=0 C3 type=station_turnaround target=-1 station_ord=3 planned_finish=297.81 actual_finish=315.13 dev=+17.31 injected=0.0
[charge_scheduler-1] [INFO] [1785332977.086407959] [charge_scheduler]: [执行事件] loop=open plan_v=0 C2 type=target_service target=25 station_ord=0 planned_finish=321.06 actual_finish=321.06 dev=+0.00 injected=0.0
[charge_scheduler-1] [INFO] [1785332977.086415015] [charge_scheduler]: [执行事件] loop=open plan_v=0 C1 type=target_service target=6 station_ord=0 planned_finish=307.54 actual_finish=323.56 dev=+16.02 injected=0.0
[charge_scheduler-1] [INFO] [1785332977.086420708] [charge_scheduler]: [执行事件] loop=open plan_v=0 C2 type=station_turnaround target=-1 station_ord=3 planned_finish=332.34 actual_finish=332.34 dev=+0.00 injected=0.0
[charge_scheduler-1] [INFO] [1785332977.086426362] [charge_scheduler]: [执行事件] loop=open plan_v=0 C1 type=station_turnaround target=-1 station_ord=3 planned_finish=320.24 actual_finish=336.26 dev=+16.02 injected=0.0
[charge_scheduler-1] [INFO] [1785332977.086432043] [charge_scheduler]: [执行事件] loop=open plan_v=0 C3 type=target_service target=2 station_ord=0 planned_finish=343.60 actual_finish=360.92 dev=+17.31 injected=0.0
[charge_scheduler-1] [INFO] [1785332977.086437677] [charge_scheduler]: [执行事件] loop=open plan_v=0 C3 type=final_return target=-1 station_ord=0 planned_finish=345.53 actual_finish=362.84 dev=+17.31 injected=0.0
[charge_scheduler-1] [INFO] [1785332977.086443187] [charge_scheduler]: [执行事件] loop=open plan_v=0 C2 type=target_service target=17 station_ord=0 planned_finish=378.64 actual_finish=378.64 dev=+0.00 injected=0.0
[charge_scheduler-1] [INFO] [1785332977.086448649] [charge_scheduler]: [执行事件] loop=open plan_v=0 C2 type=final_return target=-1 station_ord=0 planned_finish=381.43 actual_finish=381.43 dev=+0.00 injected=0.0
[charge_scheduler-1] [INFO] [1785332977.086455749] [charge_scheduler]: [执行事件] loop=open plan_v=0 C1 type=target_service target=14 station_ord=0 planned_finish=367.04 actual_finish=383.06 dev=+16.02 injected=0.0
[charge_scheduler-1] [INFO] [1785332977.086461427] [charge_scheduler]: [执行事件] loop=open plan_v=0 C1 type=final_return target=-1 station_ord=0 planned_finish=370.80 actual_finish=386.82 dev=+16.02 injected=0.0
[charge_scheduler-1] [INFO] [1785332977.086474465] [charge_scheduler]: [执行事件] loop=fixed plan_v=0 C3 type=target_service target=27 station_ord=0 planned_finish=6.36 actual_finish=6.36 dev=+0.00 injected=0.0
[charge_scheduler-1] [INFO] [1785332977.086480227] [charge_scheduler]: [执行事件] loop=fixed plan_v=0 C2 type=target_service target=12 station_ord=0 planned_finish=8.58 actual_finish=8.58 dev=+0.00 injected=0.0
[charge_scheduler-1] [INFO] [1785332977.086485584] [charge_scheduler]: [执行事件] loop=fixed plan_v=0 C1 type=target_service target=4 station_ord=0 planned_finish=11.04 actual_finish=11.04 dev=+0.00 injected=0.0
[charge_scheduler-1] [INFO] [1785332977.086491325] [charge_scheduler]: [执行事件] loop=fixed plan_v=0 C3 type=target_service target=21 station_ord=0 planned_finish=14.00 actual_finish=14.00 dev=+0.00 injected=0.0
[charge_scheduler-1] [INFO] [1785332977.086505890] [charge_scheduler]: [执行事件] loop=fixed plan_v=0 C1 type=target_service target=15 station_ord=0 planned_finish=34.81 actual_finish=34.81 dev=+0.00 injected=0.0
[charge_scheduler-1] [INFO] [1785332977.086511467] [charge_scheduler]: [执行事件] loop=fixed plan_v=0 C3 type=target_service target=3 station_ord=0 planned_finish=39.26 actual_finish=39.26 dev=+0.00 injected=0.0
[charge_scheduler-1] [INFO] [1785332977.086516992] [charge_scheduler]: [执行事件] loop=fixed plan_v=0 C2 type=target_service target=11 station_ord=0 planned_finish=46.69 actual_finish=46.69 dev=+0.00 injected=0.0
[charge_scheduler-1] [INFO] [1785332977.086522470] [charge_scheduler]: [执行事件] loop=fixed plan_v=0 C1 type=target_service target=8 station_ord=0 planned_finish=54.26 actual_finish=54.26 dev=+0.00 injected=0.0
[charge_scheduler-1] [INFO] [1785332977.086527711] [charge_scheduler]: [执行事件] loop=fixed plan_v=0 C3 type=target_service target=7 station_ord=0 planned_finish=63.68 actual_finish=63.68 dev=+0.00 injected=0.0
[charge_scheduler-1] [INFO] [1785332977.086533281] [charge_scheduler]: [执行事件] loop=fixed plan_v=0 C2 type=target_service target=9 station_ord=0 planned_finish=77.20 actual_finish=77.20 dev=+0.00 injected=0.0
[charge_scheduler-1] [INFO] [1785332977.086538720] [charge_scheduler]: [执行事件] loop=fixed plan_v=0 C1 type=target_service target=22 station_ord=0 planned_finish=89.26 actual_finish=89.26 dev=+0.00 injected=0.0
[charge_scheduler-1] [INFO] [1785332977.086799600] [charge_scheduler]: [执行事件] loop=fixed plan_v=0 C3 type=target_service target=28 station_ord=0 planned_finish=97.49 actual_finish=97.49 dev=+0.00 injected=0.0
[charge_scheduler-1] [INFO] [1785332977.086837097] [charge_scheduler]: [执行事件] loop=fixed plan_v=0 C2 type=target_service target=1 station_ord=0 planned_finish=102.24 actual_finish=102.24 dev=+0.00 injected=0.0
[charge_scheduler-1] [INFO] [1785332977.086850879] [charge_scheduler]: [执行事件] loop=fixed plan_v=0 C2 type=station_turnaround target=-1 station_ord=1 planned_finish=114.67 actual_finish=114.67 dev=+0.00 injected=0.0
[charge_scheduler-1] [INFO] [1785332977.086860732] [charge_scheduler]: [执行事件] loop=fixed plan_v=0 C1 type=station_turnaround target=-1 station_ord=1 planned_finish=100.58 actual_finish=115.58 dev=+15.00 injected=15.0
[charge_scheduler-1] [WARN] [1785332977.836652014] [charge_scheduler]: [重调度事件] policy=fixed #1 t=115.58min trigger=C1/station_turnaround dev=+15.00 pool=16 committed=1 plan_v=1 solve_ms=749.7 changed_assign=0 changed_order=8
[charge_scheduler-1] [INFO] [1785332977.836724078] [charge_scheduler]: [执行事件] loop=fixed plan_v=0 C3 type=station_turnaround target=-1 station_ord=1 planned_finish=109.52 actual_finish=124.52 dev=+15.00 injected=15.0
[charge_scheduler-1] [WARN] [1785332978.476984489] [charge_scheduler]: [重调度事件] policy=fixed #2 t=124.52min trigger=C3/station_turnaround dev=+15.00 pool=15 committed=2 plan_v=2 solve_ms=640.2 changed_assign=0 changed_order=0
[charge_scheduler-1] [INFO] [1785332978.477039459] [charge_scheduler]: [执行事件] loop=fixed plan_v=0 C2 type=target_service target=24 station_ord=0 planned_finish=140.49 actual_finish=140.49 dev=+0.00 injected=0.0
[charge_scheduler-1] [INFO] [1785332978.477047889] [charge_scheduler]: [执行事件] loop=fixed plan_v=1 C1 type=target_service target=13 station_ord=0 planned_finish=152.76 actual_finish=152.76 dev=+0.00 injected=0.0
[charge_scheduler-1] [INFO] [1785332978.477054957] [charge_scheduler]: [执行事件] loop=fixed plan_v=2 C3 type=target_service target=5 station_ord=0 planned_finish=171.42 actual_finish=171.42 dev=+0.00 injected=0.0
[charge_scheduler-1] [INFO] [1785332978.477061039] [charge_scheduler]: [执行事件] loop=fixed plan_v=2 C1 type=target_service target=18 station_ord=0 planned_finish=181.77 actual_finish=181.77 dev=+0.00 injected=0.0
[charge_scheduler-1] [INFO] [1785332978.477066750] [charge_scheduler]: [执行事件] loop=fixed plan_v=2 C2 type=target_service target=26 station_ord=0 planned_finish=184.42 actual_finish=184.42 dev=+0.00 injected=0.0
[charge_scheduler-1] [INFO] [1785332978.477072518] [charge_scheduler]: [执行事件] loop=fixed plan_v=2 C3 type=target_service target=0 station_ord=0 planned_finish=208.33 actual_finish=208.33 dev=+0.00 injected=0.0
[charge_scheduler-1] [INFO] [1785332978.477079158] [charge_scheduler]: [执行事件] loop=fixed plan_v=2 C3 type=station_turnaround target=-1 station_ord=2 planned_finish=219.18 actual_finish=219.18 dev=+0.00 injected=0.0
[charge_scheduler-1] [INFO] [1785332978.477084871] [charge_scheduler]: [执行事件] loop=fixed plan_v=2 C2 type=target_service target=16 station_ord=0 planned_finish=223.37 actual_finish=223.37 dev=+0.00 injected=0.0
[charge_scheduler-1] [INFO] [1785332978.477090437] [charge_scheduler]: [执行事件] loop=fixed plan_v=2 C1 type=target_service target=6 station_ord=0 planned_finish=226.39 actual_finish=226.39 dev=+0.00 injected=0.0
[charge_scheduler-1] [INFO] [1785332978.477095907] [charge_scheduler]: [执行事件] loop=fixed plan_v=2 C2 type=station_turnaround target=-1 station_ord=2 planned_finish=236.09 actual_finish=236.09 dev=+0.00 injected=0.0
[charge_scheduler-1] [INFO] [1785332978.477101398] [charge_scheduler]: [执行事件] loop=fixed plan_v=2 C1 type=station_turnaround target=-1 station_ord=2 planned_finish=239.09 actual_finish=239.09 dev=+0.00 injected=0.0
[charge_scheduler-1] [INFO] [1785332978.477107047] [charge_scheduler]: [执行事件] loop=fixed plan_v=2 C3 type=target_service target=29 station_ord=0 planned_finish=264.83 actual_finish=264.83 dev=+0.00 injected=0.0
[charge_scheduler-1] [INFO] [1785332978.477112560] [charge_scheduler]: [执行事件] loop=fixed plan_v=2 C1 type=target_service target=10 station_ord=0 planned_finish=278.47 actual_finish=278.47 dev=+0.00 injected=0.0
[charge_scheduler-1] [INFO] [1785332978.477118013] [charge_scheduler]: [执行事件] loop=fixed plan_v=2 C2 type=target_service target=23 station_ord=0 planned_finish=282.37 actual_finish=282.37 dev=+0.00 injected=0.0
[charge_scheduler-1] [INFO] [1785332978.477146741] [charge_scheduler]: [执行事件] loop=fixed plan_v=2 C3 type=target_service target=19 station_ord=0 planned_finish=302.92 actual_finish=302.92 dev=+0.00 injected=0.0
[charge_scheduler-1] [INFO] [1785332978.477152521] [charge_scheduler]: [执行事件] loop=fixed plan_v=2 C3 type=station_turnaround target=-1 station_ord=3 planned_finish=315.13 actual_finish=315.13 dev=+0.00 injected=0.0
[charge_scheduler-1] [INFO] [1785332978.477158096] [charge_scheduler]: [执行事件] loop=fixed plan_v=2 C2 type=target_service target=25 station_ord=0 planned_finish=321.06 actual_finish=321.06 dev=+0.00 injected=0.0
[charge_scheduler-1] [INFO] [1785332978.477163577] [charge_scheduler]: [执行事件] loop=fixed plan_v=2 C1 type=target_service target=20 station_ord=0 planned_finish=327.10 actual_finish=327.10 dev=+0.00 injected=0.0
[charge_scheduler-1] [INFO] [1785332978.477168943] [charge_scheduler]: [执行事件] loop=fixed plan_v=2 C2 type=station_turnaround target=-1 station_ord=3 planned_finish=332.34 actual_finish=332.34 dev=+0.00 injected=0.0
[charge_scheduler-1] [INFO] [1785332978.477174366] [charge_scheduler]: [执行事件] loop=fixed plan_v=2 C1 type=station_turnaround target=-1 station_ord=3 planned_finish=338.50 actual_finish=338.50 dev=+0.00 injected=0.0
[charge_scheduler-1] [INFO] [1785332978.477179751] [charge_scheduler]: [执行事件] loop=fixed plan_v=2 C3 type=target_service target=2 station_ord=0 planned_finish=360.92 actual_finish=360.92 dev=+0.00 injected=0.0
[charge_scheduler-1] [INFO] [1785332978.477185236] [charge_scheduler]: [执行事件] loop=fixed plan_v=2 C3 type=final_return target=-1 station_ord=0 planned_finish=362.84 actual_finish=362.84 dev=+0.00 injected=0.0
[charge_scheduler-1] [INFO] [1785332978.477190703] [charge_scheduler]: [执行事件] loop=fixed plan_v=2 C2 type=target_service target=17 station_ord=0 planned_finish=378.64 actual_finish=378.64 dev=+0.00 injected=0.0
[charge_scheduler-1] [INFO] [1785332978.477196071] [charge_scheduler]: [执行事件] loop=fixed plan_v=2 C2 type=final_return target=-1 station_ord=0 planned_finish=381.43 actual_finish=381.43 dev=+0.00 injected=0.0
[charge_scheduler-1] [INFO] [1785332978.477201381] [charge_scheduler]: [执行事件] loop=fixed plan_v=2 C1 type=target_service target=14 station_ord=0 planned_finish=385.30 actual_finish=385.30 dev=+0.00 injected=0.0
[charge_scheduler-1] [INFO] [1785332978.477206582] [charge_scheduler]: [执行事件] loop=fixed plan_v=2 C1 type=final_return target=-1 station_ord=0 planned_finish=389.07 actual_finish=389.07 dev=+0.00 injected=0.0
[charge_scheduler-1] [INFO] [1785332978.477227988] [charge_scheduler]: [执行事件] loop=global plan_v=0 C3 type=target_service target=27 station_ord=0 planned_finish=6.36 actual_finish=6.36 dev=+0.00 injected=0.0
[charge_scheduler-1] [INFO] [1785332978.477233667] [charge_scheduler]: [执行事件] loop=global plan_v=0 C2 type=target_service target=12 station_ord=0 planned_finish=8.58 actual_finish=8.58 dev=+0.00 injected=0.0
[charge_scheduler-1] [INFO] [1785332978.477238827] [charge_scheduler]: [执行事件] loop=global plan_v=0 C1 type=target_service target=4 station_ord=0 planned_finish=11.04 actual_finish=11.04 dev=+0.00 injected=0.0
[charge_scheduler-1] [INFO] [1785332978.477244368] [charge_scheduler]: [执行事件] loop=global plan_v=0 C3 type=target_service target=21 station_ord=0 planned_finish=14.00 actual_finish=14.00 dev=+0.00 injected=0.0
[charge_scheduler-1] [INFO] [1785332978.477250526] [charge_scheduler]: [执行事件] loop=global plan_v=0 C1 type=target_service target=15 station_ord=0 planned_finish=34.81 actual_finish=34.81 dev=+0.00 injected=0.0
[charge_scheduler-1] [INFO] [1785332978.477255774] [charge_scheduler]: [执行事件] loop=global plan_v=0 C3 type=target_service target=3 station_ord=0 planned_finish=39.26 actual_finish=39.26 dev=+0.00 injected=0.0
[charge_scheduler-1] [INFO] [1785332978.477260916] [charge_scheduler]: [执行事件] loop=global plan_v=0 C2 type=target_service target=11 station_ord=0 planned_finish=46.69 actual_finish=46.69 dev=+0.00 injected=0.0
[charge_scheduler-1] [INFO] [1785332978.477266096] [charge_scheduler]: [执行事件] loop=global plan_v=0 C1 type=target_service target=8 station_ord=0 planned_finish=54.26 actual_finish=54.26 dev=+0.00 injected=0.0
[charge_scheduler-1] [INFO] [1785332978.477271327] [charge_scheduler]: [执行事件] loop=global plan_v=0 C3 type=target_service target=7 station_ord=0 planned_finish=63.68 actual_finish=63.68 dev=+0.00 injected=0.0
[charge_scheduler-1] [INFO] [1785332978.477278612] [charge_scheduler]: [执行事件] loop=global plan_v=0 C2 type=target_service target=9 station_ord=0 planned_finish=77.20 actual_finish=77.20 dev=+0.00 injected=0.0
[charge_scheduler-1] [INFO] [1785332978.477284079] [charge_scheduler]: [执行事件] loop=global plan_v=0 C1 type=target_service target=22 station_ord=0 planned_finish=89.26 actual_finish=89.26 dev=+0.00 injected=0.0
[charge_scheduler-1] [INFO] [1785332978.477290257] [charge_scheduler]: [执行事件] loop=global plan_v=0 C3 type=target_service target=28 station_ord=0 planned_finish=97.49 actual_finish=97.49 dev=+0.00 injected=0.0
[charge_scheduler-1] [INFO] [1785332978.477295986] [charge_scheduler]: [执行事件] loop=global plan_v=0 C2 type=target_service target=1 station_ord=0 planned_finish=102.24 actual_finish=102.24 dev=+0.00 injected=0.0
[charge_scheduler-1] [INFO] [1785332978.477301553] [charge_scheduler]: [执行事件] loop=global plan_v=0 C2 type=station_turnaround target=-1 station_ord=1 planned_finish=114.67 actual_finish=114.67 dev=+0.00 injected=0.0
[charge_scheduler-1] [INFO] [1785332978.477307499] [charge_scheduler]: [执行事件] loop=global plan_v=0 C1 type=station_turnaround target=-1 station_ord=1 planned_finish=100.58 actual_finish=115.58 dev=+15.00 injected=15.0
[charge_scheduler-1] [WARN] [1785332983.363434577] [charge_scheduler]: [重调度事件] policy=global #1 t=115.58min trigger=C1/station_turnaround dev=+15.00 pool=16 committed=1 plan_v=1 solve_ms=4886.1 changed_assign=12 changed_order=8
[charge_scheduler-1] [INFO] [1785332983.363505538] [charge_scheduler]: [执行事件] loop=global plan_v=0 C3 type=station_turnaround target=-1 station_ord=1 planned_finish=109.52 actual_finish=124.52 dev=+15.00 injected=15.0
[charge_scheduler-1] [WARN] [1785332986.798225350] [charge_scheduler]: [重调度事件] policy=global #2 t=124.52min trigger=C3/station_turnaround dev=+15.00 pool=15 committed=2 plan_v=2 solve_ms=3434.7 changed_assign=7 changed_order=4
[charge_scheduler-1] [INFO] [1785332986.798276218] [charge_scheduler]: [执行事件] loop=global plan_v=0 C2 type=target_service target=24 station_ord=0 planned_finish=140.49 actual_finish=140.49 dev=+0.00 injected=0.0
[charge_scheduler-1] [INFO] [1785332986.798285280] [charge_scheduler]: [执行事件] loop=global plan_v=2 C3 type=target_service target=18 station_ord=0 planned_finish=151.65 actual_finish=151.65 dev=+0.00 injected=0.0
[charge_scheduler-1] [INFO] [1785332986.798291169] [charge_scheduler]: [执行事件] loop=global plan_v=1 C1 type=target_service target=13 station_ord=0 planned_finish=152.76 actual_finish=152.76 dev=+0.00 injected=0.0
[charge_scheduler-1] [INFO] [1785332986.798296875] [charge_scheduler]: [执行事件] loop=global plan_v=2 C2 type=target_service target=0 station_ord=0 planned_finish=173.73 actual_finish=173.73 dev=+0.00 injected=0.0
[charge_scheduler-1] [INFO] [1785332986.798302790] [charge_scheduler]: [执行事件] loop=global plan_v=2 C3 type=target_service target=16 station_ord=0 planned_finish=184.81 actual_finish=184.81 dev=+0.00 injected=0.0
[charge_scheduler-1] [INFO] [1785332986.798308529] [charge_scheduler]: [执行事件] loop=global plan_v=2 C1 type=target_service target=5 station_ord=0 planned_finish=198.19 actual_finish=198.19 dev=+0.00 injected=0.0
[charge_scheduler-1] [INFO] [1785332986.798324039] [charge_scheduler]: [执行事件] loop=global plan_v=2 C1 type=station_turnaround target=-1 station_ord=2 planned_finish=210.63 actual_finish=210.63 dev=+0.00 injected=0.0
[charge_scheduler-1] [INFO] [1785332986.798330535] [charge_scheduler]: [执行事件] loop=global plan_v=2 C2 type=target_service target=26 station_ord=0 planned_finish=219.47 actual_finish=219.47 dev=+0.00 injected=0.0
[charge_scheduler-1] [INFO] [1785332986.798336858] [charge_scheduler]: [执行事件] loop=global plan_v=2 C3 type=target_service target=6 station_ord=0 planned_finish=228.82 actual_finish=228.82 dev=+0.00 injected=0.0
[charge_scheduler-1] [INFO] [1785332986.798342761] [charge_scheduler]: [执行事件] loop=global plan_v=2 C2 type=station_turnaround target=-1 station_ord=2 planned_finish=232.77 actual_finish=232.77 dev=+0.00 injected=0.0
[charge_scheduler-1] [INFO] [1785332986.798350089] [charge_scheduler]: [执行事件] loop=global plan_v=2 C3 type=station_turnaround target=-1 station_ord=2 planned_finish=241.51 actual_finish=241.51 dev=+0.00 injected=0.0
[charge_scheduler-1] [INFO] [1785332986.798378305] [charge_scheduler]: [执行事件] loop=global plan_v=2 C1 type=target_service target=29 station_ord=0 planned_finish=256.27 actual_finish=256.27 dev=+0.00 injected=0.0
[charge_scheduler-1] [INFO] [1785332986.798384276] [charge_scheduler]: [执行事件] loop=global plan_v=2 C2 type=target_service target=10 station_ord=0 planned_finish=272.15 actual_finish=272.15 dev=+0.00 injected=0.0
[charge_scheduler-1] [INFO] [1785332986.798389901] [charge_scheduler]: [执行事件] loop=global plan_v=2 C3 type=target_service target=19 station_ord=0 planned_finish=280.18 actual_finish=280.18 dev=+0.00 injected=0.0
[charge_scheduler-1] [INFO] [1785332986.798395428] [charge_scheduler]: [执行事件] loop=global plan_v=2 C1 type=target_service target=23 station_ord=0 planned_finish=301.99 actual_finish=301.99 dev=+0.00 injected=0.0
[charge_scheduler-1] [INFO] [1785332986.798401151] [charge_scheduler]: [执行事件] loop=global plan_v=2 C2 type=target_service target=25 station_ord=0 planned_finish=308.87 actual_finish=308.87 dev=+0.00 injected=0.0
[charge_scheduler-1] [INFO] [1785332986.798406521] [charge_scheduler]: [执行事件] loop=global plan_v=2 C1 type=station_turnaround target=-1 station_ord=3 planned_finish=315.05 actual_finish=315.05 dev=+0.00 injected=0.0
[charge_scheduler-1] [INFO] [1785332986.798412084] [charge_scheduler]: [执行事件] loop=global plan_v=2 C2 type=station_turnaround target=-1 station_ord=3 planned_finish=320.15 actual_finish=320.15 dev=+0.00 injected=0.0
[charge_scheduler-1] [INFO] [1785332986.798417751] [charge_scheduler]: [执行事件] loop=global plan_v=2 C3 type=target_service target=20 station_ord=0 planned_finish=324.83 actual_finish=324.83 dev=+0.00 injected=0.0
[charge_scheduler-1] [INFO] [1785332986.798423098] [charge_scheduler]: [执行事件] loop=global plan_v=2 C3 type=station_turnaround target=-1 station_ord=3 planned_finish=336.22 actual_finish=336.22 dev=+0.00 injected=0.0
[charge_scheduler-1] [INFO] [1785332986.798428733] [charge_scheduler]: [执行事件] loop=global plan_v=2 C1 type=target_service target=2 station_ord=0 planned_finish=360.84 actual_finish=360.84 dev=+0.00 injected=0.0
[charge_scheduler-1] [INFO] [1785332986.798434259] [charge_scheduler]: [执行事件] loop=global plan_v=2 C1 type=final_return target=-1 station_ord=0 planned_finish=362.77 actual_finish=362.77 dev=+0.00 injected=0.0
[charge_scheduler-1] [INFO] [1785332986.798439552] [charge_scheduler]: [执行事件] loop=global plan_v=2 C2 type=target_service target=14 station_ord=0 planned_finish=366.95 actual_finish=366.95 dev=+0.00 injected=0.0
[charge_scheduler-1] [INFO] [1785332986.798444833] [charge_scheduler]: [执行事件] loop=global plan_v=2 C2 type=final_return target=-1 station_ord=0 planned_finish=370.71 actual_finish=370.71 dev=+0.00 injected=0.0
[charge_scheduler-1] [INFO] [1785332986.798450002] [charge_scheduler]: [执行事件] loop=global plan_v=2 C3 type=target_service target=17 station_ord=0 planned_finish=382.87 actual_finish=382.87 dev=+0.00 injected=0.0
[charge_scheduler-1] [INFO] [1785332986.798455056] [charge_scheduler]: [执行事件] loop=global plan_v=2 C3 type=final_return target=-1 station_ord=0 planned_finish=385.66 actual_finish=385.66 dev=+0.00 injected=0.0
[charge_scheduler-1] [INFO] [1785332986.798468465] [charge_scheduler]: ★闭环实验结果 mode=open M=30 K=3 disturbance=station delay=15.0 seed=2 N_late=14 T_overtime=294.183 C_total=5651.571 makespan=386.823 served=30 energy_viol=2 reschedules=0 reschedule_ms=0.000 changed_assign=0 changed_order=0 applied_target=0 applied_station=2 initial_solve_ms=51612.501 objective_order=Tover,Nlate,Ctotal
[charge_scheduler-1] [INFO] [1785332986.798478517] [charge_scheduler]: ★闭环实验结果 mode=fixed M=30 K=3 disturbance=station delay=15.0 seed=2 N_late=13 T_overtime=323.378 C_total=5859.525 makespan=389.067 served=30 energy_viol=0 reschedules=2 reschedule_ms=1389.902 changed_assign=0 changed_order=8 applied_target=0 applied_station=2 initial_solve_ms=51612.501 objective_order=Tover,Nlate,Ctotal
[charge_scheduler-1] [INFO] [1785332986.798486566] [charge_scheduler]: ★闭环实验收益 policy=fixed M=30 K=3 disturbance=station delay=15.0 seed=2 recovered_late=1 overtime_reduction=-29.195 distance_delta=207.954 makespan_reduction=-2.243
[charge_scheduler-1] [INFO] [1785332986.798493701] [charge_scheduler]: ★闭环实验结果 mode=closed M=30 K=3 disturbance=station delay=15.0 seed=2 N_late=12 T_overtime=284.929 C_total=5147.404 makespan=385.664 served=30 energy_viol=0 reschedules=2 reschedule_ms=8320.772 changed_assign=19 changed_order=12 applied_target=0 applied_station=2 initial_solve_ms=51612.501 objective_order=Tover,Nlate,Ctotal
[charge_scheduler-1] [INFO] [1785332986.798522038] [charge_scheduler]: ★闭环实验收益 policy=closed M=30 K=3 disturbance=station delay=15.0 seed=2 recovered_late=2 overtime_reduction=9.255 distance_delta=-504.168 makespan_reduction=1.160
