[INFO] [launch]: All log files can be found below /root/.ros/log/2026-07-29-12-36-35-017505-YYYY-8929
[INFO] [launch]: Default logging verbosity is set to INFO
[INFO] [charge_scheduler-1]: process started with pid [8931]
[charge_scheduler-1] [INFO] [1785328595.173509431] [charge_scheduler]: [目标顺序] objective_order=Tover,Nlate,Ctotal
[charge_scheduler-1] [INFO] [1785328595.174384743] [charge_scheduler]: [Scheduler] 20辆车 | 电池800.0kWh(20%=160.0 80%=640.0) | 充电360kW效率97% | 行驶0.6kWh/km | 桩350kW
[charge_scheduler-1] [INFO] [1785328595.174436237] [charge_scheduler]: [Scheduler] 站端周转: 换电 10 min(换后满电) | 单趟可用 640 kWh
[charge_scheduler-1] [INFO] [1785328595.174456121] [charge_scheduler]:   车#0 [电动装载机282|light] 位置(-47.3,-2.6) 容量282kWh 剩余35% | α=6→6min/% τ=168min → 需130.8kWh(充21.2min)
[charge_scheduler-1] [INFO] [1785328595.174481040] [charge_scheduler]:   车#1 [重型叉车|light] 位置(-44.0,-64.1) 容量200kWh 剩余20% | α=6→6min/% τ=96min → 需123.7kWh(充20.0min)
[charge_scheduler-1] [INFO] [1785328595.174515955] [charge_scheduler]:   车#2 [电动装载机350|light] 位置(-51.1,-38.8) 容量350kWh 剩余50% | α=6→6min/% τ=288min → 需108.2kWh(充17.5min)
[charge_scheduler-1] [INFO] [1785328595.174538604] [charge_scheduler]:   车#3 [重型叉车|light] 位置(-71.0,-19.0) 容量200kWh 剩余10% | α=6→6min/% τ=32min → 需144.3kWh(充23.3min)
[charge_scheduler-1] [INFO] [1785328595.174557010] [charge_scheduler]:   车#4 [电动装载机282|heavy→降级] 位置(-93.3,6.6) 容量282kWh 剩余60% | α=3→6min/% τ=212min → 需58.1kWh(充9.4min)
[charge_scheduler-1] [INFO] [1785328595.174573208] [charge_scheduler]:   车#5 [电动装载机350|light] 位置(-104.4,47.7) 容量350kWh 剩余25% | α=6→6min/% τ=128min → 需198.5kWh(充32.1min)
[charge_scheduler-1] [INFO] [1785328595.174589403] [charge_scheduler]:   车#6 [电动装载机350|heavy→降级] 位置(-37.0,-75.1) 容量350kWh 剩余40% | α=4→6min/% τ=176min → 需144.3kWh(充23.3min)
[charge_scheduler-1] [INFO] [1785328595.174604972] [charge_scheduler]:   车#7 [重型叉车|light] 位置(-88.8,-37.1) 容量200kWh 剩余15% | α=6→6min/% τ=64min → 需134.0kWh(充21.7min)
[charge_scheduler-1] [INFO] [1785328595.174620965] [charge_scheduler]:   车#8 [电动装载机282|heavy→降级] 位置(-70.9,27.7) 容量282kWh 剩余55% | α=3→6min/% τ=196min → 需72.7kWh(充11.8min)
[charge_scheduler-1] [INFO] [1785328595.174642653] [charge_scheduler]:   车#9 [电动装载机282|heavy→降级] 位置(-35.4,-47.4) 容量282kWh 剩余30% | α=3→6min/% τ=116min → 需145.4kWh(充23.5min)
[charge_scheduler-1] [INFO] [1785328595.174658504] [charge_scheduler]:   车#10 [电动装载机282|light] 位置(-100.0,-1.0) 容量282kWh 剩余45% | α=6→6min/% τ=224min → 需101.8kWh(充16.4min)
[charge_scheduler-1] [INFO] [1785328595.174674331] [charge_scheduler]:   车#11 [电动装载机350|light] 位置(-72.8,-15.6) 容量350kWh 剩余18% | α=6→6min/% τ=83min → 需223.7kWh(充36.2min)
[charge_scheduler-1] [INFO] [1785328595.174690012] [charge_scheduler]:   车#12 [重型叉车|heavy→降级] 位置(-61.7,-20.7) 容量200kWh 剩余62% | α=3→6min/% τ=230min → 需37.1kWh(充6.0min)
[charge_scheduler-1] [INFO] [1785328595.174705588] [charge_scheduler]:   车#13 [电动装载机282|light] 位置(-133.0,-25.3) 容量282kWh 剩余28% | α=6→6min/% τ=129min → 需151.2kWh(充24.4min)
[charge_scheduler-1] [INFO] [1785328595.174721300] [charge_scheduler]:   车#14 [电动装载机350|light] 位置(-132.0,-8.9) 容量350kWh 剩余52% | α=6→6min/% τ=301min → 需101.0kWh(充16.3min)
[charge_scheduler-1] [INFO] [1785328595.174736679] [charge_scheduler]:   车#15 [重型叉车|light] 位置(-120.0,7.9) 容量200kWh 剩余12% | α=6→6min/% τ=45min → 需140.2kWh(充22.7min)
[charge_scheduler-1] [INFO] [1785328595.174755814] [charge_scheduler]:   车#16 [电动装载机282|light] 位置(-43.8,-82.9) 容量282kWh 剩余38% | α=6→6min/% τ=185min → 需122.1kWh(充19.7min)
[charge_scheduler-1] [INFO] [1785328595.174771375] [charge_scheduler]:   车#17 [电动装载机350|light] 位置(-31.1,-74.7) 容量350kWh 剩余58% | α=6→6min/% τ=339min → 需79.4kWh(充12.8min)
[charge_scheduler-1] [INFO] [1785328595.174787460] [charge_scheduler]:   车#18 [重型叉车|heavy→降级] 位置(-75.4,-68.2) 容量200kWh 剩余22% | α=3→6min/% τ=102min → 需119.6kWh(充19.3min)
[charge_scheduler-1] [INFO] [1785328595.174803735] [charge_scheduler]:   车#19 [电动装载机282|light] 位置(-88.2,47.1) 容量282kWh 剩余48% | α=6→6min/% τ=241min → 需93.0kWh(充15.0min)
[charge_scheduler-1] [INFO] [1785328595.185562589] [charge_scheduler]: [Scheduler] 闭环接口: threshold=10.0min | event_sim=on | policy=all | structured_feedback=optional (/task_planner/execution_event)
[charge_scheduler-1] [INFO] [1785328595.185633685] [charge_scheduler]: [Scheduler] 已启动, 等待地图...
[charge_scheduler-1] [INFO] [1785328595.241504365] [charge_scheduler]: [Scheduler] RoutingGraph 就绪
[charge_scheduler-1] [INFO] [1785328595.241842495] [charge_scheduler]: [Scheduler] 提取到 6 条虚线捷径
[charge_scheduler-1] [INFO] [1785328595.255095258] [charge_scheduler]: [Scheduler] 下层兼容增强图: 166 节点, 6 条虚线掉头边
[charge_scheduler-1] [INFO] [1785328598.505217610] [charge_scheduler]: [Scheduler] 距离矩阵完成 21x21, 3250.1 ms | 模式=maneuver | 真实不可达=0 抽象不可达=0 | 缺少对向投影节点=0
[charge_scheduler-1] [INFO] [1785328598.505269690] [charge_scheduler]:   ✓ 比值自检：420 个 OD 满足 机动/直线≥1 | 均值=2.70 最大=41.42 (车#4→车#10)
[charge_scheduler-1] [INFO] [1785328598.505278983] [charge_scheduler]: [Scheduler] 地图就绪, 166 条 lanelet（与下层一致）
[charge_scheduler-1] [INFO] [1785328598.505330179] [charge_scheduler]: ======== 开始VRPTW调度 20 辆车 ========
[charge_scheduler-1] [INFO] [1785328598.505335987] [charge_scheduler]:   规模20>8 → 启发式(alns)
[charge_scheduler-1] [INFO] [1785328611.572032386] [charge_scheduler]: [ALNS] objective_order=Tover,Nlate,Ctotal seed=5 iters=15000 | N_late=6(成功率70.0%) T_overtime=110.2min C_total=3922.5m | 趟数=8 makespan=387.0min
[charge_scheduler-1] [INFO] [1785328611.572077954] [charge_scheduler]:   求解耗时 13066.7 ms
[charge_scheduler-1] [INFO] [1785328611.572086021] [charge_scheduler]: ════════ 调度结果 ════════
[charge_scheduler-1] [INFO] [1785328611.572097272] [charge_scheduler]:   ★目标(字典序): objective_order=Tover,Nlate,Ctotal | N_late=6 辆 (按时成功率 14/20 = 70.0%)  T_overtime=110.2min  C_total=3922.5m
[charge_scheduler-1] [INFO] [1785328611.572103802] [charge_scheduler]:   附: 趟数=8 | makespan=387.0min | 能量可行=是
[charge_scheduler-1] [INFO] [1785328611.572114743] [charge_scheduler]:   [充电车1] 趟1: 站 → 车#4(到1.4/限212.0✓) → 车#8(到13.7/限196.0✓) → 车#3(到28.2/限32.0✓) → 车#11(到53.2/限83.2✓) → 站
[charge_scheduler-1] [INFO] [1785328611.572122214] [charge_scheduler]:   [充电车2] 趟2: 站 → 车#12(到2.3/限230.4✓) → 车#15(到9.8/限44.8✓) → 车#7(到34.9/限64.0✓) → 车#18(到59.3/限102.4✓) → 车#1(到83.2/限96.0✓) → 站
[charge_scheduler-1] [INFO] [1785328611.572128514] [charge_scheduler]:   [充电车1] 趟3: 站 → 车#13(到109.5/限128.8✓) → 车#5(到144.8/限128.0✗超时) → 站
[charge_scheduler-1] [INFO] [1785328611.572135323] [charge_scheduler]:   [充电车2] 趟4: 站 → 车#9(到122.1/限116.0✗超时) → 车#0(到158.9/限168.0✓) → 车#10(到197.0/限224.0✓) → 站
[charge_scheduler-1] [INFO] [1785328611.572141009] [charge_scheduler]:   [充电车1] 趟5: 站 → 车#16(到203.5/限184.8✗超时) → 车#6(到239.0/限176.0✗超时) → 站
[charge_scheduler-1] [INFO] [1785328611.572146640] [charge_scheduler]:   [充电车2] 趟6: 站 → 车#19(到245.0/限240.8✗超时) → 车#2(到282.4/限288.0✓) → 站
[charge_scheduler-1] [INFO] [1785328611.572151622] [charge_scheduler]:   [充电车1] 趟7: 站 → 车#14(到298.5/限300.8✓) → 站
[charge_scheduler-1] [INFO] [1785328611.572156634] [charge_scheduler]:   [充电车2] 趟8: 站 → 车#17(到340.5/限339.2✗超时) → 站
[charge_scheduler-1] [INFO] [1785328611.572160521] [charge_scheduler]: ════════════════════════
[charge_scheduler-1] [INFO] [1785328611.572207393] [charge_scheduler]: [扰动清单] type=none delay=0.0min targets={} station={}
[charge_scheduler-1] [INFO] [1785328611.572225077] [charge_scheduler]: [执行事件] loop=open plan_v=0 C2 type=target_service target=12 station_ord=0 planned_finish=8.58 actual_finish=8.58 dev=+0.00 injected=0.0
[charge_scheduler-1] [INFO] [1785328611.572234027] [charge_scheduler]: [执行事件] loop=open plan_v=0 C1 type=target_service target=4 station_ord=0 planned_finish=11.04 actual_finish=11.04 dev=+0.00 injected=0.0
[charge_scheduler-1] [INFO] [1785328611.572241830] [charge_scheduler]: [执行事件] loop=open plan_v=0 C1 type=target_service target=8 station_ord=0 planned_finish=27.46 actual_finish=27.46 dev=+0.00 injected=0.0
[charge_scheduler-1] [INFO] [1785328611.572248830] [charge_scheduler]: [执行事件] loop=open plan_v=0 C2 type=target_service target=15 station_ord=0 planned_finish=33.02 actual_finish=33.02 dev=+0.00 injected=0.0
[charge_scheduler-1] [INFO] [1785328611.572287776] [charge_scheduler]: [执行事件] loop=open plan_v=0 C1 type=target_service target=3 station_ord=0 planned_finish=53.05 actual_finish=53.05 dev=+0.00 injected=0.0
[charge_scheduler-1] [INFO] [1785328611.572295444] [charge_scheduler]: [执行事件] loop=open plan_v=0 C2 type=target_service target=7 station_ord=0 planned_finish=58.39 actual_finish=58.39 dev=+0.00 injected=0.0
[charge_scheduler-1] [INFO] [1785328611.572302839] [charge_scheduler]: [执行事件] loop=open plan_v=0 C2 type=target_service target=18 station_ord=0 planned_finish=82.05 actual_finish=82.05 dev=+0.00 injected=0.0
[charge_scheduler-1] [INFO] [1785328611.572310239] [charge_scheduler]: [执行事件] loop=open plan_v=0 C1 type=target_service target=11 station_ord=0 planned_finish=94.18 actual_finish=94.18 dev=+0.00 injected=0.0
[charge_scheduler-1] [INFO] [1785328611.572317780] [charge_scheduler]: [执行事件] loop=open plan_v=0 C1 type=station_turnaround target=-1 station_ord=1 planned_finish=106.67 actual_finish=106.67 dev=+0.00 injected=0.0
[charge_scheduler-1] [INFO] [1785328611.572325686] [charge_scheduler]: [执行事件] loop=open plan_v=0 C2 type=target_service target=1 station_ord=0 planned_finish=107.54 actual_finish=107.54 dev=+0.00 injected=0.0
[charge_scheduler-1] [INFO] [1785328611.572333131] [charge_scheduler]: [执行事件] loop=open plan_v=0 C2 type=station_turnaround target=-1 station_ord=1 planned_finish=119.97 actual_finish=119.97 dev=+0.00 injected=0.0
[charge_scheduler-1] [INFO] [1785328611.572343023] [charge_scheduler]: [执行事件] loop=open plan_v=0 C1 type=target_service target=13 station_ord=0 planned_finish=143.09 actual_finish=143.09 dev=+0.00 injected=0.0
[charge_scheduler-1] [INFO] [1785328611.572351166] [charge_scheduler]: [执行事件] loop=open plan_v=0 C2 type=target_service target=9 station_ord=0 planned_finish=157.39 actual_finish=157.39 dev=+0.00 injected=0.0
[charge_scheduler-1] [INFO] [1785328611.572359151] [charge_scheduler]: [执行事件] loop=open plan_v=0 C1 type=target_service target=5 station_ord=0 planned_finish=188.53 actual_finish=188.53 dev=+0.00 injected=0.0
[charge_scheduler-1] [INFO] [1785328611.572366936] [charge_scheduler]: [执行事件] loop=open plan_v=0 C2 type=target_service target=0 station_ord=0 planned_finish=193.38 actual_finish=193.38 dev=+0.00 injected=0.0
[charge_scheduler-1] [INFO] [1785328611.572374693] [charge_scheduler]: [执行事件] loop=open plan_v=0 C1 type=station_turnaround target=-1 station_ord=2 planned_finish=200.96 actual_finish=200.96 dev=+0.00 injected=0.0
[charge_scheduler-1] [INFO] [1785328611.572382786] [charge_scheduler]: [执行事件] loop=open plan_v=0 C2 type=target_service target=10 station_ord=0 planned_finish=229.95 actual_finish=229.95 dev=+0.00 injected=0.0
[charge_scheduler-1] [INFO] [1785328611.572390632] [charge_scheduler]: [执行事件] loop=open plan_v=0 C1 type=target_service target=16 station_ord=0 planned_finish=238.79 actual_finish=238.79 dev=+0.00 injected=0.0
[charge_scheduler-1] [INFO] [1785328611.572398247] [charge_scheduler]: [执行事件] loop=open plan_v=0 C2 type=station_turnaround target=-1 station_ord=2 planned_finish=241.61 actual_finish=241.61 dev=+0.00 injected=0.0
[charge_scheduler-1] [INFO] [1785328611.572406537] [charge_scheduler]: [执行事件] loop=open plan_v=0 C2 type=target_service target=19 station_ord=0 planned_finish=280.27 actual_finish=280.27 dev=+0.00 injected=0.0
[charge_scheduler-1] [INFO] [1785328611.572414389] [charge_scheduler]: [执行事件] loop=open plan_v=0 C1 type=target_service target=6 station_ord=0 planned_finish=282.80 actual_finish=282.80 dev=+0.00 injected=0.0
[charge_scheduler-1] [INFO] [1785328611.572423325] [charge_scheduler]: [执行事件] loop=open plan_v=0 C1 type=station_turnaround target=-1 station_ord=3 planned_finish=295.50 actual_finish=295.50 dev=+0.00 injected=0.0
[charge_scheduler-1] [INFO] [1785328611.572431530] [charge_scheduler]: [执行事件] loop=open plan_v=0 C2 type=target_service target=2 station_ord=0 planned_finish=325.64 actual_finish=325.64 dev=+0.00 injected=0.0
[charge_scheduler-1] [INFO] [1785328611.572439215] [charge_scheduler]: [执行事件] loop=open plan_v=0 C2 type=station_turnaround target=-1 station_ord=3 planned_finish=337.57 actual_finish=337.57 dev=+0.00 injected=0.0
[charge_scheduler-1] [INFO] [1785328611.572447291] [charge_scheduler]: [执行事件] loop=open plan_v=0 C1 type=target_service target=14 station_ord=0 planned_finish=342.09 actual_finish=342.09 dev=+0.00 injected=0.0
[charge_scheduler-1] [INFO] [1785328611.572457828] [charge_scheduler]: [执行事件] loop=open plan_v=0 C1 type=final_return target=-1 station_ord=0 planned_finish=345.86 actual_finish=345.86 dev=+0.00 injected=0.0
[charge_scheduler-1] [INFO] [1785328611.572465522] [charge_scheduler]: [执行事件] loop=open plan_v=0 C2 type=target_service target=17 station_ord=0 planned_finish=384.22 actual_finish=384.22 dev=+0.00 injected=0.0
[charge_scheduler-1] [INFO] [1785328611.572472988] [charge_scheduler]: [执行事件] loop=open plan_v=0 C2 type=final_return target=-1 station_ord=0 planned_finish=387.02 actual_finish=387.02 dev=+0.00 injected=0.0
[charge_scheduler-1] [INFO] [1785328611.572489136] [charge_scheduler]: [执行事件] loop=fixed plan_v=0 C2 type=target_service target=12 station_ord=0 planned_finish=8.58 actual_finish=8.58 dev=+0.00 injected=0.0
[charge_scheduler-1] [INFO] [1785328611.572503126] [charge_scheduler]: [执行事件] loop=fixed plan_v=0 C1 type=target_service target=4 station_ord=0 planned_finish=11.04 actual_finish=11.04 dev=+0.00 injected=0.0
[charge_scheduler-1] [INFO] [1785328611.572511767] [charge_scheduler]: [执行事件] loop=fixed plan_v=0 C1 type=target_service target=8 station_ord=0 planned_finish=27.46 actual_finish=27.46 dev=+0.00 injected=0.0
[charge_scheduler-1] [INFO] [1785328611.572519547] [charge_scheduler]: [执行事件] loop=fixed plan_v=0 C2 type=target_service target=15 station_ord=0 planned_finish=33.02 actual_finish=33.02 dev=+0.00 injected=0.0
[charge_scheduler-1] [INFO] [1785328611.572527302] [charge_scheduler]: [执行事件] loop=fixed plan_v=0 C1 type=target_service target=3 station_ord=0 planned_finish=53.05 actual_finish=53.05 dev=+0.00 injected=0.0
[charge_scheduler-1] [INFO] [1785328611.572535065] [charge_scheduler]: [执行事件] loop=fixed plan_v=0 C2 type=target_service target=7 station_ord=0 planned_finish=58.39 actual_finish=58.39 dev=+0.00 injected=0.0
[charge_scheduler-1] [INFO] [1785328611.572542909] [charge_scheduler]: [执行事件] loop=fixed plan_v=0 C2 type=target_service target=18 station_ord=0 planned_finish=82.05 actual_finish=82.05 dev=+0.00 injected=0.0
[charge_scheduler-1] [INFO] [1785328611.572550797] [charge_scheduler]: [执行事件] loop=fixed plan_v=0 C1 type=target_service target=11 station_ord=0 planned_finish=94.18 actual_finish=94.18 dev=+0.00 injected=0.0
[charge_scheduler-1] [INFO] [1785328611.572558420] [charge_scheduler]: [执行事件] loop=fixed plan_v=0 C1 type=station_turnaround target=-1 station_ord=1 planned_finish=106.67 actual_finish=106.67 dev=+0.00 injected=0.0
[charge_scheduler-1] [INFO] [1785328611.572566886] [charge_scheduler]: [执行事件] loop=fixed plan_v=0 C2 type=target_service target=1 station_ord=0 planned_finish=107.54 actual_finish=107.54 dev=+0.00 injected=0.0
[charge_scheduler-1] [INFO] [1785328611.572574876] [charge_scheduler]: [执行事件] loop=fixed plan_v=0 C2 type=station_turnaround target=-1 station_ord=1 planned_finish=119.97 actual_finish=119.97 dev=+0.00 injected=0.0
[charge_scheduler-1] [INFO] [1785328611.572582817] [charge_scheduler]: [执行事件] loop=fixed plan_v=0 C1 type=target_service target=13 station_ord=0 planned_finish=143.09 actual_finish=143.09 dev=+0.00 injected=0.0
[charge_scheduler-1] [INFO] [1785328611.572590905] [charge_scheduler]: [执行事件] loop=fixed plan_v=0 C2 type=target_service target=9 station_ord=0 planned_finish=157.39 actual_finish=157.39 dev=+0.00 injected=0.0
[charge_scheduler-1] [INFO] [1785328611.572601490] [charge_scheduler]: [执行事件] loop=fixed plan_v=0 C1 type=target_service target=5 station_ord=0 planned_finish=188.53 actual_finish=188.53 dev=+0.00 injected=0.0
[charge_scheduler-1] [INFO] [1785328611.572609805] [charge_scheduler]: [执行事件] loop=fixed plan_v=0 C2 type=target_service target=0 station_ord=0 planned_finish=193.38 actual_finish=193.38 dev=+0.00 injected=0.0
[charge_scheduler-1] [INFO] [1785328611.572617989] [charge_scheduler]: [执行事件] loop=fixed plan_v=0 C1 type=station_turnaround target=-1 station_ord=2 planned_finish=200.96 actual_finish=200.96 dev=+0.00 injected=0.0
[charge_scheduler-1] [INFO] [1785328611.572626217] [charge_scheduler]: [执行事件] loop=fixed plan_v=0 C2 type=target_service target=10 station_ord=0 planned_finish=229.95 actual_finish=229.95 dev=+0.00 injected=0.0
[charge_scheduler-1] [INFO] [1785328611.572634778] [charge_scheduler]: [执行事件] loop=fixed plan_v=0 C1 type=target_service target=16 station_ord=0 planned_finish=238.79 actual_finish=238.79 dev=+0.00 injected=0.0
[charge_scheduler-1] [INFO] [1785328611.572646221] [charge_scheduler]: [执行事件] loop=fixed plan_v=0 C2 type=station_turnaround target=-1 station_ord=2 planned_finish=241.61 actual_finish=241.61 dev=+0.00 injected=0.0
[charge_scheduler-1] [INFO] [1785328611.572654716] [charge_scheduler]: [执行事件] loop=fixed plan_v=0 C2 type=target_service target=19 station_ord=0 planned_finish=280.27 actual_finish=280.27 dev=+0.00 injected=0.0
[charge_scheduler-1] [INFO] [1785328611.572663190] [charge_scheduler]: [执行事件] loop=fixed plan_v=0 C1 type=target_service target=6 station_ord=0 planned_finish=282.80 actual_finish=282.80 dev=+0.00 injected=0.0
[charge_scheduler-1] [INFO] [1785328611.572671386] [charge_scheduler]: [执行事件] loop=fixed plan_v=0 C1 type=station_turnaround target=-1 station_ord=3 planned_finish=295.50 actual_finish=295.50 dev=+0.00 injected=0.0
[charge_scheduler-1] [INFO] [1785328611.572681033] [charge_scheduler]: [执行事件] loop=fixed plan_v=0 C2 type=target_service target=2 station_ord=0 planned_finish=325.64 actual_finish=325.64 dev=+0.00 injected=0.0
[charge_scheduler-1] [INFO] [1785328611.572694562] [charge_scheduler]: [执行事件] loop=fixed plan_v=0 C2 type=station_turnaround target=-1 station_ord=3 planned_finish=337.57 actual_finish=337.57 dev=+0.00 injected=0.0
[charge_scheduler-1] [INFO] [1785328611.572703404] [charge_scheduler]: [执行事件] loop=fixed plan_v=0 C1 type=target_service target=14 station_ord=0 planned_finish=342.09 actual_finish=342.09 dev=+0.00 injected=0.0
[charge_scheduler-1] [INFO] [1785328611.572711701] [charge_scheduler]: [执行事件] loop=fixed plan_v=0 C1 type=final_return target=-1 station_ord=0 planned_finish=345.86 actual_finish=345.86 dev=+0.00 injected=0.0
[charge_scheduler-1] [INFO] [1785328611.572719858] [charge_scheduler]: [执行事件] loop=fixed plan_v=0 C2 type=target_service target=17 station_ord=0 planned_finish=384.22 actual_finish=384.22 dev=+0.00 injected=0.0
[charge_scheduler-1] [INFO] [1785328611.572728215] [charge_scheduler]: [执行事件] loop=fixed plan_v=0 C2 type=final_return target=-1 station_ord=0 planned_finish=387.02 actual_finish=387.02 dev=+0.00 injected=0.0
[charge_scheduler-1] [INFO] [1785328611.572749772] [charge_scheduler]: [执行事件] loop=global plan_v=0 C2 type=target_service target=12 station_ord=0 planned_finish=8.58 actual_finish=8.58 dev=+0.00 injected=0.0
[charge_scheduler-1] [INFO] [1785328611.572757751] [charge_scheduler]: [执行事件] loop=global plan_v=0 C1 type=target_service target=4 station_ord=0 planned_finish=11.04 actual_finish=11.04 dev=+0.00 injected=0.0
[charge_scheduler-1] [INFO] [1785328611.572766008] [charge_scheduler]: [执行事件] loop=global plan_v=0 C1 type=target_service target=8 station_ord=0 planned_finish=27.46 actual_finish=27.46 dev=+0.00 injected=0.0
[charge_scheduler-1] [INFO] [1785328611.572774096] [charge_scheduler]: [执行事件] loop=global plan_v=0 C2 type=target_service target=15 station_ord=0 planned_finish=33.02 actual_finish=33.02 dev=+0.00 injected=0.0
[charge_scheduler-1] [INFO] [1785328611.572783602] [charge_scheduler]: [执行事件] loop=global plan_v=0 C1 type=target_service target=3 station_ord=0 planned_finish=53.05 actual_finish=53.05 dev=+0.00 injected=0.0
[charge_scheduler-1] [INFO] [1785328611.572791891] [charge_scheduler]: [执行事件] loop=global plan_v=0 C2 type=target_service target=7 station_ord=0 planned_finish=58.39 actual_finish=58.39 dev=+0.00 injected=0.0
[charge_scheduler-1] [INFO] [1785328611.572800562] [charge_scheduler]: [执行事件] loop=global plan_v=0 C2 type=target_service target=18 station_ord=0 planned_finish=82.05 actual_finish=82.05 dev=+0.00 injected=0.0
[charge_scheduler-1] [INFO] [1785328611.572809008] [charge_scheduler]: [执行事件] loop=global plan_v=0 C1 type=target_service target=11 station_ord=0 planned_finish=94.18 actual_finish=94.18 dev=+0.00 injected=0.0
[charge_scheduler-1] [INFO] [1785328611.572817511] [charge_scheduler]: [执行事件] loop=global plan_v=0 C1 type=station_turnaround target=-1 station_ord=1 planned_finish=106.67 actual_finish=106.67 dev=+0.00 injected=0.0
[charge_scheduler-1] [INFO] [1785328611.572826598] [charge_scheduler]: [执行事件] loop=global plan_v=0 C2 type=target_service target=1 station_ord=0 planned_finish=107.54 actual_finish=107.54 dev=+0.00 injected=0.0
[charge_scheduler-1] [INFO] [1785328611.572837476] [charge_scheduler]: [执行事件] loop=global plan_v=0 C2 type=station_turnaround target=-1 station_ord=1 planned_finish=119.97 actual_finish=119.97 dev=+0.00 injected=0.0
[charge_scheduler-1] [INFO] [1785328611.572846250] [charge_scheduler]: [执行事件] loop=global plan_v=0 C1 type=target_service target=13 station_ord=0 planned_finish=143.09 actual_finish=143.09 dev=+0.00 injected=0.0
[charge_scheduler-1] [INFO] [1785328611.572855049] [charge_scheduler]: [执行事件] loop=global plan_v=0 C2 type=target_service target=9 station_ord=0 planned_finish=157.39 actual_finish=157.39 dev=+0.00 injected=0.0
[charge_scheduler-1] [INFO] [1785328611.572863509] [charge_scheduler]: [执行事件] loop=global plan_v=0 C1 type=target_service target=5 station_ord=0 planned_finish=188.53 actual_finish=188.53 dev=+0.00 injected=0.0
[charge_scheduler-1] [INFO] [1785328611.572874692] [charge_scheduler]: [执行事件] loop=global plan_v=0 C2 type=target_service target=0 station_ord=0 planned_finish=193.38 actual_finish=193.38 dev=+0.00 injected=0.0
[charge_scheduler-1] [INFO] [1785328611.572882457] [charge_scheduler]: [执行事件] loop=global plan_v=0 C1 type=station_turnaround target=-1 station_ord=2 planned_finish=200.96 actual_finish=200.96 dev=+0.00 injected=0.0
[charge_scheduler-1] [INFO] [1785328611.572890268] [charge_scheduler]: [执行事件] loop=global plan_v=0 C2 type=target_service target=10 station_ord=0 planned_finish=229.95 actual_finish=229.95 dev=+0.00 injected=0.0
[charge_scheduler-1] [INFO] [1785328611.572898379] [charge_scheduler]: [执行事件] loop=global plan_v=0 C1 type=target_service target=16 station_ord=0 planned_finish=238.79 actual_finish=238.79 dev=+0.00 injected=0.0
[charge_scheduler-1] [INFO] [1785328611.572906210] [charge_scheduler]: [执行事件] loop=global plan_v=0 C2 type=station_turnaround target=-1 station_ord=2 planned_finish=241.61 actual_finish=241.61 dev=+0.00 injected=0.0
[charge_scheduler-1] [INFO] [1785328611.572914121] [charge_scheduler]: [执行事件] loop=global plan_v=0 C2 type=target_service target=19 station_ord=0 planned_finish=280.27 actual_finish=280.27 dev=+0.00 injected=0.0
[charge_scheduler-1] [INFO] [1785328611.572921938] [charge_scheduler]: [执行事件] loop=global plan_v=0 C1 type=target_service target=6 station_ord=0 planned_finish=282.80 actual_finish=282.80 dev=+0.00 injected=0.0
[charge_scheduler-1] [INFO] [1785328611.572929711] [charge_scheduler]: [执行事件] loop=global plan_v=0 C1 type=station_turnaround target=-1 station_ord=3 planned_finish=295.50 actual_finish=295.50 dev=+0.00 injected=0.0
[charge_scheduler-1] [INFO] [1785328611.572938059] [charge_scheduler]: [执行事件] loop=global plan_v=0 C2 type=target_service target=2 station_ord=0 planned_finish=325.64 actual_finish=325.64 dev=+0.00 injected=0.0
[charge_scheduler-1] [INFO] [1785328611.572946247] [charge_scheduler]: [执行事件] loop=global plan_v=0 C2 type=station_turnaround target=-1 station_ord=3 planned_finish=337.57 actual_finish=337.57 dev=+0.00 injected=0.0
[charge_scheduler-1] [INFO] [1785328611.572954196] [charge_scheduler]: [执行事件] loop=global plan_v=0 C1 type=target_service target=14 station_ord=0 planned_finish=342.09 actual_finish=342.09 dev=+0.00 injected=0.0
[charge_scheduler-1] [INFO] [1785328611.572961769] [charge_scheduler]: [执行事件] loop=global plan_v=0 C1 type=final_return target=-1 station_ord=0 planned_finish=345.86 actual_finish=345.86 dev=+0.00 injected=0.0
[charge_scheduler-1] [INFO] [1785328611.572969397] [charge_scheduler]: [执行事件] loop=global plan_v=0 C2 type=target_service target=17 station_ord=0 planned_finish=384.22 actual_finish=384.22 dev=+0.00 injected=0.0
[charge_scheduler-1] [INFO] [1785328611.572977004] [charge_scheduler]: [执行事件] loop=global plan_v=0 C2 type=final_return target=-1 station_ord=0 planned_finish=387.02 actual_finish=387.02 dev=+0.00 injected=0.0
[charge_scheduler-1] [INFO] [1785328611.572989419] [charge_scheduler]: ★闭环实验结果 mode=open M=20 K=2 disturbance=none delay=0.0 seed=5 N_late=6 T_overtime=110.202 C_total=3922.484 makespan=387.015 served=20 energy_viol=0 reschedules=0 reschedule_ms=0.000 changed_assign=0 changed_order=0 applied_target=0 applied_station=0 initial_solve_ms=13066.741 objective_order=Tover,Nlate,Ctotal
[charge_scheduler-1] [INFO] [1785328611.573004428] [charge_scheduler]: ★闭环实验结果 mode=fixed M=20 K=2 disturbance=none delay=0.0 seed=5 N_late=6 T_overtime=110.202 C_total=3922.484 makespan=387.015 served=20 energy_viol=0 reschedules=0 reschedule_ms=0.000 changed_assign=0 changed_order=0 applied_target=0 applied_station=0 initial_solve_ms=13066.741 objective_order=Tover,Nlate,Ctotal
[charge_scheduler-1] [INFO] [1785328611.573017400] [charge_scheduler]: ★闭环实验收益 policy=fixed M=20 K=2 disturbance=none delay=0.0 seed=5 recovered_late=0 overtime_reduction=0.000 distance_delta=0.000 makespan_reduction=0.000
[charge_scheduler-1] [INFO] [1785328611.573025437] [charge_scheduler]: ★闭环实验结果 mode=closed M=20 K=2 disturbance=none delay=0.0 seed=5 N_late=6 T_overtime=110.202 C_total=3922.484 makespan=387.015 served=20 energy_viol=0 reschedules=0 reschedule_ms=0.000 changed_assign=0 changed_order=0 applied_target=0 applied_station=0 initial_solve_ms=13066.741 objective_order=Tover,Nlate,Ctotal
[charge_scheduler-1] [INFO] [1785328611.573036461] [charge_scheduler]: ★闭环实验收益 policy=closed M=20 K=2 disturbance=none delay=0.0 seed=5 recovered_late=0 overtime_reduction=0.000 distance_delta=0.000 makespan_reduction=0.000
