[INFO] [launch]: All log files can be found below /root/.ros/log/2026-07-29-13-18-09-614206-YYYY-16130
[INFO] [launch]: Default logging verbosity is set to INFO
[INFO] [charge_scheduler-1]: process started with pid [16132]
[charge_scheduler-1] [INFO] [1785331089.765181356] [charge_scheduler]: [目标顺序] objective_order=Tover,Nlate,Ctotal
[charge_scheduler-1] [INFO] [1785331089.771136253] [charge_scheduler]: [Scheduler] 30辆车 | 电池800.0kWh(20%=160.0 80%=640.0) | 充电360kW效率97% | 行驶0.6kWh/km | 桩350kW
[charge_scheduler-1] [INFO] [1785331089.771198415] [charge_scheduler]: [Scheduler] 站端周转: 换电 10 min(换后满电) | 单趟可用 640 kWh
[charge_scheduler-1] [INFO] [1785331089.771208777] [charge_scheduler]:   车#0 [电动装载机282|light] 位置(-47.3,-2.6) 容量282kWh 剩余35% | α=6→6min/% τ=168min → 需130.8kWh(充21.2min)
[charge_scheduler-1] [INFO] [1785331089.771219068] [charge_scheduler]:   车#1 [重型叉车|light] 位置(-44.0,-64.1) 容量200kWh 剩余20% | α=6→6min/% τ=96min → 需123.7kWh(充20.0min)
[charge_scheduler-1] [INFO] [1785331089.771226785] [charge_scheduler]:   车#2 [电动装载机350|light] 位置(-51.1,-38.8) 容量350kWh 剩余50% | α=6→6min/% τ=288min → 需108.2kWh(充17.5min)
[charge_scheduler-1] [INFO] [1785331089.771234198] [charge_scheduler]:   车#3 [重型叉车|light] 位置(-71.0,-19.0) 容量200kWh 剩余10% | α=6→6min/% τ=32min → 需144.3kWh(充23.3min)
[charge_scheduler-1] [INFO] [1785331089.771241824] [charge_scheduler]:   车#4 [电动装载机282|heavy→降级] 位置(-93.3,6.6) 容量282kWh 剩余60% | α=3→6min/% τ=212min → 需58.1kWh(充9.4min)
[charge_scheduler-1] [INFO] [1785331089.771249293] [charge_scheduler]:   车#5 [电动装载机350|light] 位置(-104.4,47.7) 容量350kWh 剩余25% | α=6→6min/% τ=128min → 需198.5kWh(充32.1min)
[charge_scheduler-1] [INFO] [1785331089.771256677] [charge_scheduler]:   车#6 [电动装载机350|heavy→降级] 位置(-37.0,-75.1) 容量350kWh 剩余40% | α=4→6min/% τ=176min → 需144.3kWh(充23.3min)
[charge_scheduler-1] [INFO] [1785331089.771264377] [charge_scheduler]:   车#7 [重型叉车|light] 位置(-88.8,-37.1) 容量200kWh 剩余15% | α=6→6min/% τ=64min → 需134.0kWh(充21.7min)
[charge_scheduler-1] [INFO] [1785331089.771271320] [charge_scheduler]:   车#8 [电动装载机282|heavy→降级] 位置(-70.9,27.7) 容量282kWh 剩余55% | α=3→6min/% τ=196min → 需72.7kWh(充11.8min)
[charge_scheduler-1] [INFO] [1785331089.771278345] [charge_scheduler]:   车#9 [电动装载机282|heavy→降级] 位置(-35.4,-47.4) 容量282kWh 剩余30% | α=3→6min/% τ=116min → 需145.4kWh(充23.5min)
[charge_scheduler-1] [INFO] [1785331089.771287142] [charge_scheduler]:   车#10 [电动装载机282|light] 位置(-100.0,-1.0) 容量282kWh 剩余45% | α=6→6min/% τ=224min → 需101.8kWh(充16.4min)
[charge_scheduler-1] [INFO] [1785331089.771294240] [charge_scheduler]:   车#11 [电动装载机350|light] 位置(-72.8,-15.6) 容量350kWh 剩余18% | α=6→6min/% τ=83min → 需223.7kWh(充36.2min)
[charge_scheduler-1] [INFO] [1785331089.771301581] [charge_scheduler]:   车#12 [重型叉车|heavy→降级] 位置(-61.7,-20.7) 容量200kWh 剩余62% | α=3→6min/% τ=230min → 需37.1kWh(充6.0min)
[charge_scheduler-1] [INFO] [1785331089.771308676] [charge_scheduler]:   车#13 [电动装载机282|light] 位置(-133.0,-25.3) 容量282kWh 剩余28% | α=6→6min/% τ=129min → 需151.2kWh(充24.4min)
[charge_scheduler-1] [INFO] [1785331089.771315628] [charge_scheduler]:   车#14 [电动装载机350|light] 位置(-132.0,-8.9) 容量350kWh 剩余52% | α=6→6min/% τ=301min → 需101.0kWh(充16.3min)
[charge_scheduler-1] [INFO] [1785331089.771322264] [charge_scheduler]:   车#15 [重型叉车|light] 位置(-120.0,7.9) 容量200kWh 剩余12% | α=6→6min/% τ=45min → 需140.2kWh(充22.7min)
[charge_scheduler-1] [INFO] [1785331089.771330303] [charge_scheduler]:   车#16 [电动装载机282|light] 位置(-43.8,-82.9) 容量282kWh 剩余38% | α=6→6min/% τ=185min → 需122.1kWh(充19.7min)
[charge_scheduler-1] [INFO] [1785331089.771337268] [charge_scheduler]:   车#17 [电动装载机350|light] 位置(-31.1,-74.7) 容量350kWh 剩余58% | α=6→6min/% τ=339min → 需79.4kWh(充12.8min)
[charge_scheduler-1] [INFO] [1785331089.771344276] [charge_scheduler]:   车#18 [重型叉车|heavy→降级] 位置(-75.4,-68.2) 容量200kWh 剩余22% | α=3→6min/% τ=102min → 需119.6kWh(充19.3min)
[charge_scheduler-1] [INFO] [1785331089.771351309] [charge_scheduler]:   车#19 [电动装载机282|light] 位置(-88.2,47.1) 容量282kWh 剩余48% | α=6→6min/% τ=241min → 需93.0kWh(充15.0min)
[charge_scheduler-1] [INFO] [1785331089.771358248] [charge_scheduler]:   车#20 [电动装载机350|light] 位置(-71.4,16.3) 容量350kWh 剩余33% | α=6→6min/% τ=179min → 需169.6kWh(充27.4min)
[charge_scheduler-1] [INFO] [1785331089.771387669] [charge_scheduler]:   车#21 [重型叉车|heavy→降级] 位置(-122.0,-0.6) 容量200kWh 剩余65% | α=3→6min/% τ=240min → 需30.9kWh(充5.0min)
[charge_scheduler-1] [INFO] [1785331089.771399712] [charge_scheduler]:   车#22 [电动装载机282|light] 位置(-71.6,11.6) 容量282kWh 剩余16% | α=6→6min/% τ=62min → 需186.1kWh(充30.1min)
[charge_scheduler-1] [INFO] [1785331089.771408096] [charge_scheduler]:   车#23 [电动装载机350|light] 位置(-131.0,37.2) 容量350kWh 剩余42% | α=6→6min/% τ=237min → 需137.1kWh(充22.2min)
[charge_scheduler-1] [INFO] [1785331089.771415187] [charge_scheduler]:   车#24 [重型叉车|heavy→降级] 位置(-51.3,5.9) 容量200kWh 剩余25% | α=3→6min/% τ=112min → 需113.4kWh(充18.3min)
[charge_scheduler-1] [INFO] [1785331089.771422123] [charge_scheduler]:   车#25 [电动装载机282|light] 位置(-62.2,-10.7) 容量282kWh 剩余55% | α=6→6min/% τ=280min → 需72.7kWh(充11.8min)
[charge_scheduler-1] [INFO] [1785331089.771430311] [charge_scheduler]:   车#26 [电动装载机350|light] 位置(-116.0,60.4) 容量350kWh 剩余30% | α=6→6min/% τ=160min → 需180.4kWh(充29.2min)
[charge_scheduler-1] [INFO] [1785331089.771436916] [charge_scheduler]:   车#27 [重型叉车|heavy→降级] 位置(-90.4,60.5) 容量200kWh 剩余68% | α=3→6min/% τ=250min → 需24.7kWh(充4.0min)
[charge_scheduler-1] [INFO] [1785331089.771447421] [charge_scheduler]:   车#28 [电动装载机282|light] 位置(-85.5,-46.0) 容量282kWh 剩余20% | α=6→6min/% τ=84min → 需174.4kWh(充28.2min)
[charge_scheduler-1] [INFO] [1785331089.771454386] [charge_scheduler]:   车#29 [电动装载机350|light] 位置(-87.0,-36.6) 容量350kWh 剩余36% | α=6→6min/% τ=198min → 需158.8kWh(充25.7min)
[charge_scheduler-1] [INFO] [1785331089.783364714] [charge_scheduler]: [Scheduler] 闭环接口: threshold=10.0min | event_sim=on | policy=all | structured_feedback=optional (/task_planner/execution_event)
[charge_scheduler-1] [INFO] [1785331089.783418264] [charge_scheduler]: [Scheduler] 已启动, 等待地图...
[charge_scheduler-1] [INFO] [1785331089.843107387] [charge_scheduler]: [Scheduler] RoutingGraph 就绪
[charge_scheduler-1] [INFO] [1785331089.843388730] [charge_scheduler]: [Scheduler] 提取到 6 条虚线捷径
[charge_scheduler-1] [INFO] [1785331089.857970839] [charge_scheduler]: [Scheduler] 下层兼容增强图: 166 节点, 6 条虚线掉头边
[charge_scheduler-1] [INFO] [1785331096.881235236] [charge_scheduler]: [Scheduler] 距离矩阵完成 31x31, 7023.2 ms | 模式=maneuver | 真实不可达=0 抽象不可达=0 | 缺少对向投影节点=0
[charge_scheduler-1] [INFO] [1785331096.881301564] [charge_scheduler]:   ✓ 比值自检：930 个 OD 满足 机动/直线≥1 | 均值=2.97 最大=42.81 (车#15→车#21)
[charge_scheduler-1] [INFO] [1785331096.881310642] [charge_scheduler]: [Scheduler] 地图就绪, 166 条 lanelet（与下层一致）
[charge_scheduler-1] [INFO] [1785331096.881346527] [charge_scheduler]: ======== 开始VRPTW调度 30 辆车 ========
[charge_scheduler-1] [INFO] [1785331096.881351598] [charge_scheduler]:   规模30>8 → 启发式(alns)
[charge_scheduler-1] [INFO] [1785331147.313296004] [charge_scheduler]: [ALNS] objective_order=Tover,Nlate,Ctotal seed=6 iters=15000 | N_late=10(成功率66.7%) T_overtime=150.9min C_total=5804.5m | 趟数=11 makespan=383.2min
[charge_scheduler-1] [INFO] [1785331147.313347914] [charge_scheduler]:   求解耗时 50432.0 ms
[charge_scheduler-1] [INFO] [1785331147.313355926] [charge_scheduler]: ════════ 调度结果 ════════
[charge_scheduler-1] [INFO] [1785331147.313360333] [charge_scheduler]:   ★目标(字典序): objective_order=Tover,Nlate,Ctotal | N_late=10 辆 (按时成功率 20/30 = 66.7%)  T_overtime=150.9min  C_total=5804.5m
[charge_scheduler-1] [INFO] [1785331147.313366450] [charge_scheduler]:   附: 趟数=11 | makespan=383.2min | 能量可行=是
[charge_scheduler-1] [INFO] [1785331147.313377266] [charge_scheduler]:   [充电车1] 趟1: 站 → 车#27(到2.1/限249.6✓) → 车#21(到8.2/限240.0✓) → 车#3(到15.1/限32.0✓) → 车#11(到39.4/限83.2✓) → 车#1(到80.3/限96.0✓) → 站
[charge_scheduler-1] [INFO] [1785331147.313385762] [charge_scheduler]:   [充电车2] 趟2: 站 → 车#4(到1.4/限212.0✓) → 车#15(到11.5/限44.8✓) → 车#22(到37.3/限61.6✓) → 车#28(到71.7/限84.0✓) → 站
[charge_scheduler-1] [INFO] [1785331147.313419042] [charge_scheduler]:   [充电车3] 趟3: 站 → 车#12(到2.3/限230.4✓) → 车#8(到12.0/限196.0✓) → 车#9(到27.1/限116.0✓) → 车#7(到55.6/限64.0✓) → 车#13(到81.2/限128.8✓) → 站
[charge_scheduler-1] [INFO] [1785331147.313424356] [charge_scheduler]:   [充电车3] 趟4: 站 → 车#5(到129.6/限128.0✗超时) → 车#20(到174.5/限179.2✓) → 站
[charge_scheduler-1] [INFO] [1785331147.313433307] [charge_scheduler]:   [充电车2] 趟5: 站 → 车#24(到118.8/限112.0✗超时) → 车#0(到144.1/限168.0✓) → 车#6(到179.6/限176.0✗超时) → 站
[charge_scheduler-1] [INFO] [1785331147.313438571] [charge_scheduler]:   [充电车1] 趟6: 站 → 车#18(到119.0/限102.4✗超时) → 车#26(到147.3/限160.0✓) → 车#16(到193.6/限184.8✗超时) → 站
[charge_scheduler-1] [INFO] [1785331147.313442901] [charge_scheduler]:   [充电车3] 趟7: 站 → 车#10(到233.3/限224.0✗超时) → 车#25(到270.5/限280.0✓) → 站
[charge_scheduler-1] [INFO] [1785331147.313447733] [charge_scheduler]:   [充电车2] 趟8: 站 → 车#19(到239.5/限240.8✓) → 车#23(到277.1/限236.8✗超时) → 站
[charge_scheduler-1] [INFO] [1785331147.313453495] [charge_scheduler]:   [充电车1] 趟9: 站 → 车#29(到243.5/限198.4✗超时) → 车#2(到288.1/限288.0✗超时) → 站
[charge_scheduler-1] [INFO] [1785331147.313457820] [charge_scheduler]:   [充电车2] 趟10: 站 → 车#17(到336.8/限339.2✓) → 站
[charge_scheduler-1] [INFO] [1785331147.313462039] [charge_scheduler]:   [充电车3] 趟11: 站 → 车#14(到319.3/限300.8✗超时) → 站
[charge_scheduler-1] [INFO] [1785331147.313465717] [charge_scheduler]: ════════════════════════
[charge_scheduler-1] [INFO] [1785331147.313530344] [charge_scheduler]: [扰动清单] type=target delay=15.0min targets={9,18,} station={}
[charge_scheduler-1] [INFO] [1785331147.313546550] [charge_scheduler]: [执行事件] loop=open plan_v=0 C1 type=target_service target=27 station_ord=0 planned_finish=6.36 actual_finish=6.36 dev=+0.00 injected=0.0
[charge_scheduler-1] [INFO] [1785331147.313559210] [charge_scheduler]: [执行事件] loop=open plan_v=0 C3 type=target_service target=12 station_ord=0 planned_finish=8.58 actual_finish=8.58 dev=+0.00 injected=0.0
[charge_scheduler-1] [INFO] [1785331147.313564673] [charge_scheduler]: [执行事件] loop=open plan_v=0 C2 type=target_service target=4 station_ord=0 planned_finish=11.04 actual_finish=11.04 dev=+0.00 injected=0.0
[charge_scheduler-1] [INFO] [1785331147.313570441] [charge_scheduler]: [执行事件] loop=open plan_v=0 C1 type=target_service target=21 station_ord=0 planned_finish=14.00 actual_finish=14.00 dev=+0.00 injected=0.0
[charge_scheduler-1] [INFO] [1785331147.313576053] [charge_scheduler]: [执行事件] loop=open plan_v=0 C3 type=target_service target=8 station_ord=0 planned_finish=25.50 actual_finish=25.50 dev=+0.00 injected=0.0
[charge_scheduler-1] [INFO] [1785331147.313581754] [charge_scheduler]: [执行事件] loop=open plan_v=0 C2 type=target_service target=15 station_ord=0 planned_finish=34.81 actual_finish=34.81 dev=+0.00 injected=0.0
[charge_scheduler-1] [INFO] [1785331147.313587841] [charge_scheduler]: [执行事件] loop=open plan_v=0 C1 type=target_service target=3 station_ord=0 planned_finish=39.26 actual_finish=39.26 dev=+0.00 injected=0.0
[charge_scheduler-1] [INFO] [1785331147.313602745] [charge_scheduler]: [执行事件] loop=open plan_v=0 C3 type=target_service target=9 station_ord=0 planned_finish=54.62 actual_finish=69.62 dev=+15.00 injected=15.0
[charge_scheduler-1] [INFO] [1785331147.313609333] [charge_scheduler]: [执行事件] loop=open plan_v=0 C2 type=target_service target=22 station_ord=0 planned_finish=70.53 actual_finish=70.53 dev=+0.00 injected=0.0
[charge_scheduler-1] [INFO] [1785331147.313615395] [charge_scheduler]: [执行事件] loop=open plan_v=0 C1 type=target_service target=11 station_ord=0 planned_finish=79.14 actual_finish=79.14 dev=+0.00 injected=0.0
[charge_scheduler-1] [INFO] [1785331147.313621243] [charge_scheduler]: [执行事件] loop=open plan_v=0 C3 type=target_service target=7 station_ord=0 planned_finish=80.20 actual_finish=95.64 dev=+15.44 injected=0.0
[charge_scheduler-1] [INFO] [1785331147.313627414] [charge_scheduler]: [执行事件] loop=open plan_v=0 C1 type=target_service target=1 station_ord=0 planned_finish=104.45 actual_finish=104.45 dev=+0.00 injected=0.0
[charge_scheduler-1] [INFO] [1785331147.313633719] [charge_scheduler]: [执行事件] loop=open plan_v=0 C2 type=target_service target=28 station_ord=0 planned_finish=105.95 actual_finish=105.95 dev=+0.00 injected=0.0
[charge_scheduler-1] [INFO] [1785331147.313649056] [charge_scheduler]: [执行事件] loop=open plan_v=0 C1 type=station_turnaround target=-1 station_ord=1 planned_finish=116.87 actual_finish=116.87 dev=+0.00 injected=0.0
[charge_scheduler-1] [INFO] [1785331147.313657549] [charge_scheduler]: [执行事件] loop=open plan_v=0 C2 type=station_turnaround target=-1 station_ord=1 planned_finish=117.98 actual_finish=117.98 dev=+0.00 injected=0.0
[charge_scheduler-1] [INFO] [1785331147.313665428] [charge_scheduler]: [执行事件] loop=open plan_v=0 C3 type=target_service target=13 station_ord=0 planned_finish=112.42 actual_finish=129.15 dev=+16.73 injected=0.0
[charge_scheduler-1] [INFO] [1785331147.313673393] [charge_scheduler]: [执行事件] loop=open plan_v=0 C3 type=station_turnaround target=-1 station_ord=1 planned_finish=126.42 actual_finish=143.16 dev=+16.73 injected=0.0
[charge_scheduler-1] [INFO] [1785331147.313681452] [charge_scheduler]: [执行事件] loop=open plan_v=0 C2 type=target_service target=24 station_ord=0 planned_finish=143.81 actual_finish=143.81 dev=+0.00 injected=0.0
[charge_scheduler-1] [INFO] [1785331147.313690068] [charge_scheduler]: [执行事件] loop=open plan_v=0 C1 type=target_service target=18 station_ord=0 planned_finish=144.00 actual_finish=159.00 dev=+15.00 injected=15.0
[charge_scheduler-1] [INFO] [1785331147.313697836] [charge_scheduler]: [执行事件] loop=open plan_v=0 C2 type=target_service target=0 station_ord=0 planned_finish=177.33 actual_finish=177.33 dev=+0.00 injected=0.0
[charge_scheduler-1] [INFO] [1785331147.313705008] [charge_scheduler]: [执行事件] loop=open plan_v=0 C3 type=target_service target=5 station_ord=0 planned_finish=173.35 actual_finish=190.08 dev=+16.73 injected=0.0
[charge_scheduler-1] [INFO] [1785331147.313713430] [charge_scheduler]: [执行事件] loop=open plan_v=0 C1 type=target_service target=26 station_ord=0 planned_finish=189.94 actual_finish=206.09 dev=+16.15 injected=0.0
[charge_scheduler-1] [INFO] [1785331147.313720829] [charge_scheduler]: [执行事件] loop=open plan_v=0 C2 type=target_service target=6 station_ord=0 planned_finish=223.35 actual_finish=223.35 dev=+0.00 injected=0.0
[charge_scheduler-1] [INFO] [1785331147.313727780] [charge_scheduler]: [执行事件] loop=open plan_v=0 C3 type=target_service target=20 station_ord=0 planned_finish=217.80 actual_finish=234.96 dev=+17.16 injected=0.0
[charge_scheduler-1] [INFO] [1785331147.313735259] [charge_scheduler]: [执行事件] loop=open plan_v=0 C2 type=station_turnaround target=-1 station_ord=2 planned_finish=236.05 actual_finish=236.05 dev=+0.00 injected=0.0
[charge_scheduler-1] [INFO] [1785331147.313742606] [charge_scheduler]: [执行事件] loop=open plan_v=0 C1 type=target_service target=16 station_ord=0 planned_finish=228.89 actual_finish=245.05 dev=+16.15 injected=0.0
[charge_scheduler-1] [INFO] [1785331147.313749861] [charge_scheduler]: [执行事件] loop=open plan_v=0 C3 type=station_turnaround target=-1 station_ord=2 planned_finish=229.20 actual_finish=246.36 dev=+17.16 injected=0.0
[charge_scheduler-1] [INFO] [1785331147.313757566] [charge_scheduler]: [执行事件] loop=open plan_v=0 C1 type=station_turnaround target=-1 station_ord=2 planned_finish=241.61 actual_finish=257.77 dev=+16.15 injected=0.0
[charge_scheduler-1] [INFO] [1785331147.313764927] [charge_scheduler]: [执行事件] loop=open plan_v=0 C2 type=target_service target=19 station_ord=0 planned_finish=274.60 actual_finish=274.60 dev=+0.00 injected=0.0
[charge_scheduler-1] [INFO] [1785331147.313772065] [charge_scheduler]: [执行事件] loop=open plan_v=0 C3 type=target_service target=10 station_ord=0 planned_finish=268.58 actual_finish=285.74 dev=+17.16 injected=0.0
[charge_scheduler-1] [INFO] [1785331147.313779313] [charge_scheduler]: [执行事件] loop=open plan_v=0 C1 type=target_service target=29 station_ord=0 planned_finish=287.26 actual_finish=303.41 dev=+16.15 injected=0.0
[charge_scheduler-1] [INFO] [1785331147.313786566] [charge_scheduler]: [执行事件] loop=open plan_v=0 C2 type=target_service target=23 station_ord=0 planned_finish=320.87 actual_finish=320.87 dev=+0.00 injected=0.0
[charge_scheduler-1] [INFO] [1785331147.313793633] [charge_scheduler]: [执行事件] loop=open plan_v=0 C3 type=target_service target=25 station_ord=0 planned_finish=305.00 actual_finish=322.96 dev=+17.95 injected=0.0
[charge_scheduler-1] [INFO] [1785331147.313802621] [charge_scheduler]: [执行事件] loop=open plan_v=0 C2 type=station_turnaround target=-1 station_ord=3 planned_finish=333.93 actual_finish=333.93 dev=+0.00 injected=0.0
[charge_scheduler-1] [INFO] [1785331147.313809801] [charge_scheduler]: [执行事件] loop=open plan_v=0 C3 type=station_turnaround target=-1 station_ord=3 planned_finish=316.28 actual_finish=334.23 dev=+17.95 injected=0.0
[charge_scheduler-1] [INFO] [1785331147.313817049] [charge_scheduler]: [执行事件] loop=open plan_v=0 C1 type=target_service target=2 station_ord=0 planned_finish=331.87 actual_finish=348.03 dev=+16.15 injected=0.0
[charge_scheduler-1] [INFO] [1785331147.313824185] [charge_scheduler]: [执行事件] loop=open plan_v=0 C1 type=final_return target=-1 station_ord=0 planned_finish=333.80 actual_finish=349.95 dev=+16.15 injected=0.0
[charge_scheduler-1] [INFO] [1785331147.313831180] [charge_scheduler]: [执行事件] loop=open plan_v=0 C2 type=target_service target=17 station_ord=0 planned_finish=380.37 actual_finish=380.37 dev=+0.00 injected=0.0
[charge_scheduler-1] [INFO] [1785331147.313838637] [charge_scheduler]: [执行事件] loop=open plan_v=0 C3 type=target_service target=14 station_ord=0 planned_finish=363.08 actual_finish=381.04 dev=+17.95 injected=0.0
[charge_scheduler-1] [INFO] [1785331147.313844977] [charge_scheduler]: [执行事件] loop=open plan_v=0 C2 type=final_return target=-1 station_ord=0 planned_finish=383.16 actual_finish=383.16 dev=+0.00 injected=0.0
[charge_scheduler-1] [INFO] [1785331147.313850907] [charge_scheduler]: [执行事件] loop=open plan_v=0 C3 type=final_return target=-1 station_ord=0 planned_finish=366.85 actual_finish=384.80 dev=+17.95 injected=0.0
[charge_scheduler-1] [INFO] [1785331147.313866907] [charge_scheduler]: [执行事件] loop=fixed plan_v=0 C1 type=target_service target=27 station_ord=0 planned_finish=6.36 actual_finish=6.36 dev=+0.00 injected=0.0
[charge_scheduler-1] [INFO] [1785331147.313873478] [charge_scheduler]: [执行事件] loop=fixed plan_v=0 C3 type=target_service target=12 station_ord=0 planned_finish=8.58 actual_finish=8.58 dev=+0.00 injected=0.0
[charge_scheduler-1] [INFO] [1785331147.313879713] [charge_scheduler]: [执行事件] loop=fixed plan_v=0 C2 type=target_service target=4 station_ord=0 planned_finish=11.04 actual_finish=11.04 dev=+0.00 injected=0.0
[charge_scheduler-1] [INFO] [1785331147.313886983] [charge_scheduler]: [执行事件] loop=fixed plan_v=0 C1 type=target_service target=21 station_ord=0 planned_finish=14.00 actual_finish=14.00 dev=+0.00 injected=0.0
[charge_scheduler-1] [INFO] [1785331147.313892977] [charge_scheduler]: [执行事件] loop=fixed plan_v=0 C3 type=target_service target=8 station_ord=0 planned_finish=25.50 actual_finish=25.50 dev=+0.00 injected=0.0
[charge_scheduler-1] [INFO] [1785331147.313899282] [charge_scheduler]: [执行事件] loop=fixed plan_v=0 C2 type=target_service target=15 station_ord=0 planned_finish=34.81 actual_finish=34.81 dev=+0.00 injected=0.0
[charge_scheduler-1] [INFO] [1785331147.313906289] [charge_scheduler]: [执行事件] loop=fixed plan_v=0 C1 type=target_service target=3 station_ord=0 planned_finish=39.26 actual_finish=39.26 dev=+0.00 injected=0.0
[charge_scheduler-1] [INFO] [1785331147.313912516] [charge_scheduler]: [执行事件] loop=fixed plan_v=0 C3 type=target_service target=9 station_ord=0 planned_finish=54.62 actual_finish=69.62 dev=+15.00 injected=15.0
[charge_scheduler-1] [WARN] [1785331148.249466604] [charge_scheduler]: [重调度事件] policy=fixed #1 t=69.62min trigger=C3/target_service dev=+15.00 pool=20 committed=2 plan_v=1 solve_ms=935.5 changed_assign=0 changed_order=13
[charge_scheduler-1] [INFO] [1785331148.249529483] [charge_scheduler]: [执行事件] loop=fixed plan_v=0 C2 type=target_service target=22 station_ord=0 planned_finish=70.53 actual_finish=70.53 dev=+0.00 injected=0.0
[charge_scheduler-1] [INFO] [1785331148.249541570] [charge_scheduler]: [执行事件] loop=fixed plan_v=0 C1 type=target_service target=11 station_ord=0 planned_finish=79.14 actual_finish=79.14 dev=+0.00 injected=0.0
[charge_scheduler-1] [INFO] [1785331148.249549623] [charge_scheduler]: [执行事件] loop=fixed plan_v=1 C3 type=target_service target=13 station_ord=0 planned_finish=101.96 actual_finish=101.96 dev=+0.00 injected=0.0
[charge_scheduler-1] [INFO] [1785331148.249566978] [charge_scheduler]: [执行事件] loop=fixed plan_v=1 C1 type=target_service target=1 station_ord=0 planned_finish=104.45 actual_finish=104.45 dev=+0.00 injected=0.0
[charge_scheduler-1] [INFO] [1785331148.249602006] [charge_scheduler]: [执行事件] loop=fixed plan_v=1 C2 type=target_service target=28 station_ord=0 planned_finish=105.95 actual_finish=105.95 dev=+0.00 injected=0.0
[charge_scheduler-1] [INFO] [1785331148.249609118] [charge_scheduler]: [执行事件] loop=fixed plan_v=1 C1 type=station_turnaround target=-1 station_ord=1 planned_finish=116.87 actual_finish=116.87 dev=+0.00 injected=0.0
[charge_scheduler-1] [INFO] [1785331148.249617761] [charge_scheduler]: [执行事件] loop=fixed plan_v=1 C2 type=station_turnaround target=-1 station_ord=1 planned_finish=117.98 actual_finish=117.98 dev=+0.00 injected=0.0
[charge_scheduler-1] [INFO] [1785331148.249624957] [charge_scheduler]: [执行事件] loop=fixed plan_v=1 C3 type=target_service target=7 station_ord=0 planned_finish=130.77 actual_finish=130.77 dev=+0.00 injected=0.0
[charge_scheduler-1] [INFO] [1785331148.249631935] [charge_scheduler]: [执行事件] loop=fixed plan_v=1 C3 type=station_turnaround target=-1 station_ord=1 planned_finish=142.97 actual_finish=142.97 dev=+0.00 injected=0.0
[charge_scheduler-1] [INFO] [1785331148.249638643] [charge_scheduler]: [执行事件] loop=fixed plan_v=1 C2 type=target_service target=24 station_ord=0 planned_finish=143.81 actual_finish=143.81 dev=+0.00 injected=0.0
[charge_scheduler-1] [INFO] [1785331148.249645378] [charge_scheduler]: [执行事件] loop=fixed plan_v=1 C1 type=target_service target=18 station_ord=0 planned_finish=144.00 actual_finish=159.00 dev=+15.00 injected=15.0
[charge_scheduler-1] [WARN] [1785331148.762602524] [charge_scheduler]: [重调度事件] policy=fixed #2 t=159.00min trigger=C1/target_service dev=+15.00 pool=12 committed=2 plan_v=2 solve_ms=512.9 changed_assign=0 changed_order=4
[charge_scheduler-1] [INFO] [1785331148.762674551] [charge_scheduler]: [执行事件] loop=fixed plan_v=1 C2 type=target_service target=0 station_ord=0 planned_finish=177.33 actual_finish=177.33 dev=+0.00 injected=0.0
[charge_scheduler-1] [INFO] [1785331148.762690159] [charge_scheduler]: [执行事件] loop=fixed plan_v=1 C3 type=target_service target=5 station_ord=0 planned_finish=189.89 actual_finish=189.89 dev=+0.00 injected=0.0
[charge_scheduler-1] [INFO] [1785331148.762696539] [charge_scheduler]: [执行事件] loop=fixed plan_v=2 C1 type=target_service target=16 station_ord=0 planned_finish=192.78 actual_finish=192.78 dev=+0.00 injected=0.0
[charge_scheduler-1] [INFO] [1785331148.762702707] [charge_scheduler]: [执行事件] loop=fixed plan_v=2 C2 type=target_service target=6 station_ord=0 planned_finish=223.35 actual_finish=223.35 dev=+0.00 injected=0.0
[charge_scheduler-1] [INFO] [1785331148.762708979] [charge_scheduler]: [执行事件] loop=fixed plan_v=2 C3 type=target_service target=20 station_ord=0 planned_finish=234.78 actual_finish=234.78 dev=+0.00 injected=0.0
[charge_scheduler-1] [INFO] [1785331148.762714768] [charge_scheduler]: [执行事件] loop=fixed plan_v=2 C2 type=station_turnaround target=-1 station_ord=2 planned_finish=236.05 actual_finish=236.05 dev=+0.00 injected=0.0
[charge_scheduler-1] [INFO] [1785331148.762722155] [charge_scheduler]: [执行事件] loop=fixed plan_v=2 C1 type=target_service target=29 station_ord=0 planned_finish=237.49 actual_finish=237.49 dev=+0.00 injected=0.0
[charge_scheduler-1] [INFO] [1785331148.762728008] [charge_scheduler]: [执行事件] loop=fixed plan_v=2 C3 type=station_turnaround target=-1 station_ord=2 planned_finish=246.17 actual_finish=246.17 dev=+0.00 injected=0.0
[charge_scheduler-1] [INFO] [1785331148.762734088] [charge_scheduler]: [执行事件] loop=fixed plan_v=2 C1 type=station_turnaround target=-1 station_ord=2 planned_finish=249.67 actual_finish=249.67 dev=+0.00 injected=0.0
[charge_scheduler-1] [INFO] [1785331148.762740103] [charge_scheduler]: [执行事件] loop=fixed plan_v=2 C2 type=target_service target=19 station_ord=0 planned_finish=274.60 actual_finish=274.60 dev=+0.00 injected=0.0
[charge_scheduler-1] [INFO] [1785331148.762746467] [charge_scheduler]: [执行事件] loop=fixed plan_v=2 C3 type=target_service target=10 station_ord=0 planned_finish=285.55 actual_finish=285.55 dev=+0.00 injected=0.0
[charge_scheduler-1] [INFO] [1785331148.762752812] [charge_scheduler]: [执行事件] loop=fixed plan_v=2 C1 type=target_service target=26 station_ord=0 planned_finish=295.94 actual_finish=295.94 dev=+0.00 injected=0.0
[charge_scheduler-1] [INFO] [1785331148.762762399] [charge_scheduler]: [执行事件] loop=fixed plan_v=2 C2 type=target_service target=23 station_ord=0 planned_finish=320.87 actual_finish=320.87 dev=+0.00 injected=0.0
[charge_scheduler-1] [INFO] [1785331148.762798026] [charge_scheduler]: [执行事件] loop=fixed plan_v=2 C3 type=target_service target=25 station_ord=0 planned_finish=322.77 actual_finish=322.77 dev=+0.00 injected=0.0
[charge_scheduler-1] [INFO] [1785331148.762804410] [charge_scheduler]: [执行事件] loop=fixed plan_v=2 C2 type=station_turnaround target=-1 station_ord=3 planned_finish=333.93 actual_finish=333.93 dev=+0.00 injected=0.0
[charge_scheduler-1] [INFO] [1785331148.762810652] [charge_scheduler]: [执行事件] loop=fixed plan_v=2 C3 type=station_turnaround target=-1 station_ord=3 planned_finish=334.04 actual_finish=334.04 dev=+0.00 injected=0.0
[charge_scheduler-1] [INFO] [1785331148.762816868] [charge_scheduler]: [执行事件] loop=fixed plan_v=2 C1 type=target_service target=2 station_ord=0 planned_finish=342.86 actual_finish=342.86 dev=+0.00 injected=0.0
[charge_scheduler-1] [INFO] [1785331148.762823076] [charge_scheduler]: [执行事件] loop=fixed plan_v=2 C1 type=final_return target=-1 station_ord=0 planned_finish=344.78 actual_finish=344.78 dev=+0.00 injected=0.0
[charge_scheduler-1] [INFO] [1785331148.762829250] [charge_scheduler]: [执行事件] loop=fixed plan_v=2 C2 type=target_service target=17 station_ord=0 planned_finish=380.37 actual_finish=380.37 dev=+0.00 injected=0.0
[charge_scheduler-1] [INFO] [1785331148.762835276] [charge_scheduler]: [执行事件] loop=fixed plan_v=2 C3 type=target_service target=14 station_ord=0 planned_finish=380.85 actual_finish=380.85 dev=+0.00 injected=0.0
[charge_scheduler-1] [INFO] [1785331148.762842253] [charge_scheduler]: [执行事件] loop=fixed plan_v=2 C2 type=final_return target=-1 station_ord=0 planned_finish=383.16 actual_finish=383.16 dev=+0.00 injected=0.0
[charge_scheduler-1] [INFO] [1785331148.762847781] [charge_scheduler]: [执行事件] loop=fixed plan_v=2 C3 type=final_return target=-1 station_ord=0 planned_finish=384.61 actual_finish=384.61 dev=+0.00 injected=0.0
[charge_scheduler-1] [INFO] [1785331148.762876113] [charge_scheduler]: [执行事件] loop=global plan_v=0 C1 type=target_service target=27 station_ord=0 planned_finish=6.36 actual_finish=6.36 dev=+0.00 injected=0.0
[charge_scheduler-1] [INFO] [1785331148.762882345] [charge_scheduler]: [执行事件] loop=global plan_v=0 C3 type=target_service target=12 station_ord=0 planned_finish=8.58 actual_finish=8.58 dev=+0.00 injected=0.0
[charge_scheduler-1] [INFO] [1785331148.762887838] [charge_scheduler]: [执行事件] loop=global plan_v=0 C2 type=target_service target=4 station_ord=0 planned_finish=11.04 actual_finish=11.04 dev=+0.00 injected=0.0
[charge_scheduler-1] [INFO] [1785331148.762893510] [charge_scheduler]: [执行事件] loop=global plan_v=0 C1 type=target_service target=21 station_ord=0 planned_finish=14.00 actual_finish=14.00 dev=+0.00 injected=0.0
[charge_scheduler-1] [INFO] [1785331148.762899278] [charge_scheduler]: [执行事件] loop=global plan_v=0 C3 type=target_service target=8 station_ord=0 planned_finish=25.50 actual_finish=25.50 dev=+0.00 injected=0.0
[charge_scheduler-1] [INFO] [1785331148.762905649] [charge_scheduler]: [执行事件] loop=global plan_v=0 C2 type=target_service target=15 station_ord=0 planned_finish=34.81 actual_finish=34.81 dev=+0.00 injected=0.0
[charge_scheduler-1] [INFO] [1785331148.762911007] [charge_scheduler]: [执行事件] loop=global plan_v=0 C1 type=target_service target=3 station_ord=0 planned_finish=39.26 actual_finish=39.26 dev=+0.00 injected=0.0
[charge_scheduler-1] [INFO] [1785331148.762916321] [charge_scheduler]: [执行事件] loop=global plan_v=0 C3 type=target_service target=9 station_ord=0 planned_finish=54.62 actual_finish=69.62 dev=+15.00 injected=15.0
[charge_scheduler-1] [WARN] [1785331158.415851786] [charge_scheduler]: [重调度事件] policy=global #1 t=69.62min trigger=C3/target_service dev=+15.00 pool=20 committed=2 plan_v=1 solve_ms=9652.9 changed_assign=11 changed_order=13
[charge_scheduler-1] [INFO] [1785331158.415901379] [charge_scheduler]: [执行事件] loop=global plan_v=0 C2 type=target_service target=22 station_ord=0 planned_finish=70.53 actual_finish=70.53 dev=+0.00 injected=0.0
[charge_scheduler-1] [INFO] [1785331158.415911290] [charge_scheduler]: [执行事件] loop=global plan_v=0 C1 type=target_service target=11 station_ord=0 planned_finish=79.14 actual_finish=79.14 dev=+0.00 injected=0.0
[charge_scheduler-1] [INFO] [1785331158.415938558] [charge_scheduler]: [执行事件] loop=global plan_v=1 C3 type=target_service target=7 station_ord=0 planned_finish=95.64 actual_finish=95.64 dev=+0.00 injected=0.0
[charge_scheduler-1] [INFO] [1785331158.415945634] [charge_scheduler]: [执行事件] loop=global plan_v=1 C1 type=target_service target=1 station_ord=0 planned_finish=104.45 actual_finish=104.45 dev=+0.00 injected=0.0
[charge_scheduler-1] [INFO] [1785331158.415952136] [charge_scheduler]: [执行事件] loop=global plan_v=1 C2 type=target_service target=28 station_ord=0 planned_finish=105.95 actual_finish=105.95 dev=+0.00 injected=0.0
[charge_scheduler-1] [INFO] [1785331158.415958315] [charge_scheduler]: [执行事件] loop=global plan_v=1 C1 type=station_turnaround target=-1 station_ord=1 planned_finish=116.87 actual_finish=116.87 dev=+0.00 injected=0.0
[charge_scheduler-1] [INFO] [1785331158.415964910] [charge_scheduler]: [执行事件] loop=global plan_v=1 C2 type=station_turnaround target=-1 station_ord=1 planned_finish=117.98 actual_finish=117.98 dev=+0.00 injected=0.0
[charge_scheduler-1] [INFO] [1785331158.415970722] [charge_scheduler]: [执行事件] loop=global plan_v=1 C3 type=target_service target=18 station_ord=0 planned_finish=121.23 actual_finish=136.23 dev=+15.00 injected=15.0
[charge_scheduler-1] [WARN] [1785331161.336541071] [charge_scheduler]: [重调度事件] policy=global #2 t=136.23min trigger=C3/target_service dev=+15.00 pool=14 committed=2 plan_v=2 solve_ms=2920.5 changed_assign=5 changed_order=7
[charge_scheduler-1] [INFO] [1785331161.336627916] [charge_scheduler]: [执行事件] loop=global plan_v=1 C1 type=target_service target=24 station_ord=0 planned_finish=142.69 actual_finish=142.69 dev=+0.00 injected=0.0
[charge_scheduler-1] [INFO] [1785331161.336655955] [charge_scheduler]: [执行事件] loop=global plan_v=2 C3 type=station_turnaround target=-1 station_ord=1 planned_finish=149.04 actual_finish=149.04 dev=+0.00 injected=0.0
[charge_scheduler-1] [INFO] [1785331161.336677724] [charge_scheduler]: [执行事件] loop=global plan_v=1 C2 type=target_service target=13 station_ord=0 planned_finish=155.36 actual_finish=155.36 dev=+0.00 injected=0.0
[charge_scheduler-1] [INFO] [1785331161.336697428] [charge_scheduler]: [执行事件] loop=global plan_v=2 C1 type=target_service target=16 station_ord=0 planned_finish=176.41 actual_finish=176.41 dev=+0.00 injected=0.0
[charge_scheduler-1] [INFO] [1785331161.336716471] [charge_scheduler]: [执行事件] loop=global plan_v=2 C2 type=target_service target=0 station_ord=0 planned_finish=193.04 actual_finish=193.04 dev=+0.00 injected=0.0
[charge_scheduler-1] [INFO] [1785331161.336736243] [charge_scheduler]: [执行事件] loop=global plan_v=2 C3 type=target_service target=5 station_ord=0 planned_finish=195.97 actual_finish=195.97 dev=+0.00 injected=0.0
[charge_scheduler-1] [INFO] [1785331161.336755453] [charge_scheduler]: [执行事件] loop=global plan_v=2 C1 type=target_service target=6 station_ord=0 planned_finish=220.42 actual_finish=220.42 dev=+0.00 injected=0.0
[charge_scheduler-1] [INFO] [1785331161.336774954] [charge_scheduler]: [执行事件] loop=global plan_v=2 C2 type=target_service target=10 station_ord=0 planned_finish=229.58 actual_finish=229.58 dev=+0.00 injected=0.0
[charge_scheduler-1] [INFO] [1785331161.336793843] [charge_scheduler]: [执行事件] loop=global plan_v=2 C1 type=station_turnaround target=-1 station_ord=2 planned_finish=233.11 actual_finish=233.11 dev=+0.00 injected=0.0
[charge_scheduler-1] [INFO] [1785331161.336813282] [charge_scheduler]: [执行事件] loop=global plan_v=2 C3 type=target_service target=20 station_ord=0 planned_finish=240.85 actual_finish=240.85 dev=+0.00 injected=0.0
[charge_scheduler-1] [INFO] [1785331161.336831933] [charge_scheduler]: [执行事件] loop=global plan_v=2 C2 type=station_turnaround target=-1 station_ord=2 planned_finish=241.23 actual_finish=241.23 dev=+0.00 injected=0.0
[charge_scheduler-1] [INFO] [1785331161.336850498] [charge_scheduler]: [执行事件] loop=global plan_v=2 C3 type=station_turnaround target=-1 station_ord=2 planned_finish=252.25 actual_finish=252.25 dev=+0.00 injected=0.0
[charge_scheduler-1] [INFO] [1785331161.336868639] [charge_scheduler]: [执行事件] loop=global plan_v=2 C1 type=target_service target=29 station_ord=0 planned_finish=278.76 actual_finish=278.76 dev=+0.00 injected=0.0
[charge_scheduler-1] [INFO] [1785331161.336887653] [charge_scheduler]: [执行事件] loop=global plan_v=2 C2 type=target_service target=19 station_ord=0 planned_finish=279.90 actual_finish=279.90 dev=+0.00 injected=0.0
[charge_scheduler-1] [INFO] [1785331161.336947538] [charge_scheduler]: [执行事件] loop=global plan_v=2 C3 type=target_service target=26 station_ord=0 planned_finish=298.52 actual_finish=298.52 dev=+0.00 injected=0.0
[charge_scheduler-1] [INFO] [1785331161.336969526] [charge_scheduler]: [执行事件] loop=global plan_v=2 C1 type=target_service target=25 station_ord=0 planned_finish=314.99 actual_finish=314.99 dev=+0.00 injected=0.0
[charge_scheduler-1] [INFO] [1785331161.336986774] [charge_scheduler]: [执行事件] loop=global plan_v=2 C2 type=target_service target=23 station_ord=0 planned_finish=326.17 actual_finish=326.17 dev=+0.00 injected=0.0
[charge_scheduler-1] [INFO] [1785331161.337003892] [charge_scheduler]: [执行事件] loop=global plan_v=2 C1 type=station_turnaround target=-1 station_ord=3 planned_finish=326.27 actual_finish=326.27 dev=+0.00 injected=0.0
[charge_scheduler-1] [INFO] [1785331161.337021112] [charge_scheduler]: [执行事件] loop=global plan_v=2 C2 type=station_turnaround target=-1 station_ord=3 planned_finish=339.23 actual_finish=339.23 dev=+0.00 injected=0.0
[charge_scheduler-1] [INFO] [1785331161.337038237] [charge_scheduler]: [执行事件] loop=global plan_v=2 C3 type=target_service target=14 station_ord=0 planned_finish=344.98 actual_finish=344.98 dev=+0.00 injected=0.0
[charge_scheduler-1] [INFO] [1785331161.337055401] [charge_scheduler]: [执行事件] loop=global plan_v=2 C3 type=final_return target=-1 station_ord=0 planned_finish=348.75 actual_finish=348.75 dev=+0.00 injected=0.0
[charge_scheduler-1] [INFO] [1785331161.337073505] [charge_scheduler]: [执行事件] loop=global plan_v=2 C1 type=target_service target=2 station_ord=0 planned_finish=372.06 actual_finish=372.06 dev=+0.00 injected=0.0
[charge_scheduler-1] [INFO] [1785331161.337090529] [charge_scheduler]: [执行事件] loop=global plan_v=2 C1 type=final_return target=-1 station_ord=0 planned_finish=373.99 actual_finish=373.99 dev=+0.00 injected=0.0
[charge_scheduler-1] [INFO] [1785331161.337106666] [charge_scheduler]: [执行事件] loop=global plan_v=2 C2 type=target_service target=17 station_ord=0 planned_finish=385.89 actual_finish=385.89 dev=+0.00 injected=0.0
[charge_scheduler-1] [INFO] [1785331161.337122587] [charge_scheduler]: [执行事件] loop=global plan_v=2 C2 type=final_return target=-1 station_ord=0 planned_finish=388.68 actual_finish=388.68 dev=+0.00 injected=0.0
[charge_scheduler-1] [INFO] [1785331161.337152846] [charge_scheduler]: ★闭环实验结果 mode=open M=30 K=3 disturbance=target delay=15.0 seed=6 N_late=14 T_overtime=279.866 C_total=5804.492 makespan=384.801 served=30 energy_viol=4 reschedules=0 reschedule_ms=0.000 changed_assign=0 changed_order=0 applied_target=2 applied_station=0 initial_solve_ms=50431.996 objective_order=Tover,Nlate,Ctotal
[charge_scheduler-1] [INFO] [1785331161.337174661] [charge_scheduler]: ★闭环实验结果 mode=fixed M=30 K=3 disturbance=target delay=15.0 seed=6 N_late=12 T_overtime=312.464 C_total=5754.244 makespan=384.611 served=30 energy_viol=0 reschedules=2 reschedule_ms=1448.381 changed_assign=0 changed_order=17 applied_target=2 applied_station=0 initial_solve_ms=50431.996 objective_order=Tover,Nlate,Ctotal
[charge_scheduler-1] [INFO] [1785331161.337191110] [charge_scheduler]: ★闭环实验收益 policy=fixed M=30 K=3 disturbance=target delay=15.0 seed=6 recovered_late=2 overtime_reduction=-32.597 distance_delta=-50.248 makespan_reduction=0.190
[charge_scheduler-1] [INFO] [1785331161.337204788] [charge_scheduler]: ★闭环实验结果 mode=closed M=30 K=3 disturbance=target delay=15.0 seed=6 N_late=12 T_overtime=279.639 C_total=5532.459 makespan=388.678 served=30 energy_viol=0 reschedules=2 reschedule_ms=12573.434 changed_assign=16 changed_order=20 applied_target=2 applied_station=0 initial_solve_ms=50431.996 objective_order=Tover,Nlate,Ctotal
[charge_scheduler-1] [INFO] [1785331161.337220778] [charge_scheduler]: ★闭环实验收益 policy=closed M=30 K=3 disturbance=target delay=15.0 seed=6 recovered_late=2 overtime_reduction=0.227 distance_delta=-272.033 makespan_reduction=-3.877
