[INFO] [launch]: All log files can be found below /root/.ros/log/2026-07-29-12-46-09-780741-YYYY-10784
[INFO] [launch]: Default logging verbosity is set to INFO
[INFO] [charge_scheduler-1]: process started with pid [10786]
[charge_scheduler-1] [INFO] [1785329169.935534499] [charge_scheduler]: [目标顺序] objective_order=Tover,Nlate,Ctotal
[charge_scheduler-1] [INFO] [1785329169.936254953] [charge_scheduler]: [Scheduler] 20辆车 | 电池800.0kWh(20%=160.0 80%=640.0) | 充电360kW效率97% | 行驶0.6kWh/km | 桩350kW
[charge_scheduler-1] [INFO] [1785329169.936299731] [charge_scheduler]: [Scheduler] 站端周转: 换电 10 min(换后满电) | 单趟可用 640 kWh
[charge_scheduler-1] [INFO] [1785329169.936318108] [charge_scheduler]:   车#0 [电动装载机282|light] 位置(-47.3,-2.6) 容量282kWh 剩余35% | α=6→6min/% τ=168min → 需130.8kWh(充21.2min)
[charge_scheduler-1] [INFO] [1785329169.936342882] [charge_scheduler]:   车#1 [重型叉车|light] 位置(-44.0,-64.1) 容量200kWh 剩余20% | α=6→6min/% τ=96min → 需123.7kWh(充20.0min)
[charge_scheduler-1] [INFO] [1785329169.936364689] [charge_scheduler]:   车#2 [电动装载机350|light] 位置(-51.1,-38.8) 容量350kWh 剩余50% | α=6→6min/% τ=288min → 需108.2kWh(充17.5min)
[charge_scheduler-1] [INFO] [1785329169.936385012] [charge_scheduler]:   车#3 [重型叉车|light] 位置(-71.0,-19.0) 容量200kWh 剩余10% | α=6→6min/% τ=32min → 需144.3kWh(充23.3min)
[charge_scheduler-1] [INFO] [1785329169.936404560] [charge_scheduler]:   车#4 [电动装载机282|heavy→降级] 位置(-93.3,6.6) 容量282kWh 剩余60% | α=3→6min/% τ=212min → 需58.1kWh(充9.4min)
[charge_scheduler-1] [INFO] [1785329169.936423932] [charge_scheduler]:   车#5 [电动装载机350|light] 位置(-104.4,47.7) 容量350kWh 剩余25% | α=6→6min/% τ=128min → 需198.5kWh(充32.1min)
[charge_scheduler-1] [INFO] [1785329169.936442655] [charge_scheduler]:   车#6 [电动装载机350|heavy→降级] 位置(-37.0,-75.1) 容量350kWh 剩余40% | α=4→6min/% τ=176min → 需144.3kWh(充23.3min)
[charge_scheduler-1] [INFO] [1785329169.936461415] [charge_scheduler]:   车#7 [重型叉车|light] 位置(-88.8,-37.1) 容量200kWh 剩余15% | α=6→6min/% τ=64min → 需134.0kWh(充21.7min)
[charge_scheduler-1] [INFO] [1785329169.936480019] [charge_scheduler]:   车#8 [电动装载机282|heavy→降级] 位置(-70.9,27.7) 容量282kWh 剩余55% | α=3→6min/% τ=196min → 需72.7kWh(充11.8min)
[charge_scheduler-1] [INFO] [1785329169.936515529] [charge_scheduler]:   车#9 [电动装载机282|heavy→降级] 位置(-35.4,-47.4) 容量282kWh 剩余30% | α=3→6min/% τ=116min → 需145.4kWh(充23.5min)
[charge_scheduler-1] [INFO] [1785329169.936535765] [charge_scheduler]:   车#10 [电动装载机282|light] 位置(-100.0,-1.0) 容量282kWh 剩余45% | α=6→6min/% τ=224min → 需101.8kWh(充16.4min)
[charge_scheduler-1] [INFO] [1785329169.936554937] [charge_scheduler]:   车#11 [电动装载机350|light] 位置(-72.8,-15.6) 容量350kWh 剩余18% | α=6→6min/% τ=83min → 需223.7kWh(充36.2min)
[charge_scheduler-1] [INFO] [1785329169.936574069] [charge_scheduler]:   车#12 [重型叉车|heavy→降级] 位置(-61.7,-20.7) 容量200kWh 剩余62% | α=3→6min/% τ=230min → 需37.1kWh(充6.0min)
[charge_scheduler-1] [INFO] [1785329169.936592945] [charge_scheduler]:   车#13 [电动装载机282|light] 位置(-133.0,-25.3) 容量282kWh 剩余28% | α=6→6min/% τ=129min → 需151.2kWh(充24.4min)
[charge_scheduler-1] [INFO] [1785329169.936611408] [charge_scheduler]:   车#14 [电动装载机350|light] 位置(-132.0,-8.9) 容量350kWh 剩余52% | α=6→6min/% τ=301min → 需101.0kWh(充16.3min)
[charge_scheduler-1] [INFO] [1785329169.936635193] [charge_scheduler]:   车#15 [重型叉车|light] 位置(-120.0,7.9) 容量200kWh 剩余12% | α=6→6min/% τ=45min → 需140.2kWh(充22.7min)
[charge_scheduler-1] [INFO] [1785329169.936653692] [charge_scheduler]:   车#16 [电动装载机282|light] 位置(-43.8,-82.9) 容量282kWh 剩余38% | α=6→6min/% τ=185min → 需122.1kWh(充19.7min)
[charge_scheduler-1] [INFO] [1785329169.936671937] [charge_scheduler]:   车#17 [电动装载机350|light] 位置(-31.1,-74.7) 容量350kWh 剩余58% | α=6→6min/% τ=339min → 需79.4kWh(充12.8min)
[charge_scheduler-1] [INFO] [1785329169.936690661] [charge_scheduler]:   车#18 [重型叉车|heavy→降级] 位置(-75.4,-68.2) 容量200kWh 剩余22% | α=3→6min/% τ=102min → 需119.6kWh(充19.3min)
[charge_scheduler-1] [INFO] [1785329169.936708662] [charge_scheduler]:   车#19 [电动装载机282|light] 位置(-88.2,47.1) 容量282kWh 剩余48% | α=6→6min/% τ=241min → 需93.0kWh(充15.0min)
[charge_scheduler-1] [INFO] [1785329169.946196716] [charge_scheduler]: [Scheduler] 闭环接口: threshold=10.0min | event_sim=on | policy=all | structured_feedback=optional (/task_planner/execution_event)
[charge_scheduler-1] [INFO] [1785329169.946305983] [charge_scheduler]: [Scheduler] 已启动, 等待地图...
[charge_scheduler-1] [INFO] [1785329170.009998958] [charge_scheduler]: [Scheduler] RoutingGraph 就绪
[charge_scheduler-1] [INFO] [1785329170.010295478] [charge_scheduler]: [Scheduler] 提取到 6 条虚线捷径
[charge_scheduler-1] [INFO] [1785329170.027381109] [charge_scheduler]: [Scheduler] 下层兼容增强图: 166 节点, 6 条虚线掉头边
[charge_scheduler-1] [INFO] [1785329173.170001980] [charge_scheduler]: [Scheduler] 距离矩阵完成 21x21, 3142.6 ms | 模式=maneuver | 真实不可达=0 抽象不可达=0 | 缺少对向投影节点=0
[charge_scheduler-1] [INFO] [1785329173.170065652] [charge_scheduler]:   ✓ 比值自检：420 个 OD 满足 机动/直线≥1 | 均值=2.70 最大=41.42 (车#4→车#10)
[charge_scheduler-1] [INFO] [1785329173.170074742] [charge_scheduler]: [Scheduler] 地图就绪, 166 条 lanelet（与下层一致）
[charge_scheduler-1] [INFO] [1785329173.170128537] [charge_scheduler]: ======== 开始VRPTW调度 20 辆车 ========
[charge_scheduler-1] [INFO] [1785329173.170133466] [charge_scheduler]:   规模20>8 → 启发式(alns)
[charge_scheduler-1] [INFO] [1785329185.904316721] [charge_scheduler]: [ALNS] objective_order=Tover,Nlate,Ctotal seed=4 iters=15000 | N_late=6(成功率70.0%) T_overtime=110.2min C_total=3922.5m | 趟数=8 makespan=387.0min
[charge_scheduler-1] [INFO] [1785329185.904358252] [charge_scheduler]:   求解耗时 12734.2 ms
[charge_scheduler-1] [INFO] [1785329185.904365645] [charge_scheduler]: ════════ 调度结果 ════════
[charge_scheduler-1] [INFO] [1785329185.904370026] [charge_scheduler]:   ★目标(字典序): objective_order=Tover,Nlate,Ctotal | N_late=6 辆 (按时成功率 14/20 = 70.0%)  T_overtime=110.2min  C_total=3922.5m
[charge_scheduler-1] [INFO] [1785329185.904375544] [charge_scheduler]:   附: 趟数=8 | makespan=387.0min | 能量可行=是
[charge_scheduler-1] [INFO] [1785329185.904384755] [charge_scheduler]:   [充电车1] 趟1: 站 → 车#4(到1.4/限212.0✓) → 车#8(到13.7/限196.0✓) → 车#3(到28.2/限32.0✓) → 车#11(到53.2/限83.2✓) → 站
[charge_scheduler-1] [INFO] [1785329185.904390847] [charge_scheduler]:   [充电车2] 趟2: 站 → 车#12(到2.3/限230.4✓) → 车#15(到9.8/限44.8✓) → 车#7(到34.9/限64.0✓) → 车#18(到59.3/限102.4✓) → 车#1(到83.2/限96.0✓) → 站
[charge_scheduler-1] [INFO] [1785329185.904395677] [charge_scheduler]:   [充电车1] 趟3: 站 → 车#13(到109.5/限128.8✓) → 车#5(到144.8/限128.0✗超时) → 站
[charge_scheduler-1] [INFO] [1785329185.904401077] [charge_scheduler]:   [充电车2] 趟4: 站 → 车#9(到122.1/限116.0✗超时) → 车#0(到158.9/限168.0✓) → 车#10(到197.0/限224.0✓) → 站
[charge_scheduler-1] [INFO] [1785329185.904405703] [charge_scheduler]:   [充电车1] 趟5: 站 → 车#16(到203.5/限184.8✗超时) → 车#6(到239.0/限176.0✗超时) → 站
[charge_scheduler-1] [INFO] [1785329185.904410201] [charge_scheduler]:   [充电车2] 趟6: 站 → 车#19(到245.0/限240.8✗超时) → 车#2(到282.4/限288.0✓) → 站
[charge_scheduler-1] [INFO] [1785329185.904414089] [charge_scheduler]:   [充电车1] 趟7: 站 → 车#14(到298.5/限300.8✓) → 站
[charge_scheduler-1] [INFO] [1785329185.904417926] [charge_scheduler]:   [充电车2] 趟8: 站 → 车#17(到340.5/限339.2✗超时) → 站
[charge_scheduler-1] [INFO] [1785329185.904421031] [charge_scheduler]: ════════════════════════
[charge_scheduler-1] [INFO] [1785329185.904465173] [charge_scheduler]: [扰动清单] type=target delay=60.0min targets={7,9,} station={}
[charge_scheduler-1] [INFO] [1785329185.904478815] [charge_scheduler]: [执行事件] loop=open plan_v=0 C2 type=target_service target=12 station_ord=0 planned_finish=8.58 actual_finish=8.58 dev=+0.00 injected=0.0
[charge_scheduler-1] [INFO] [1785329185.904485810] [charge_scheduler]: [执行事件] loop=open plan_v=0 C1 type=target_service target=4 station_ord=0 planned_finish=11.04 actual_finish=11.04 dev=+0.00 injected=0.0
[charge_scheduler-1] [INFO] [1785329185.904491626] [charge_scheduler]: [执行事件] loop=open plan_v=0 C1 type=target_service target=8 station_ord=0 planned_finish=27.46 actual_finish=27.46 dev=+0.00 injected=0.0
[charge_scheduler-1] [INFO] [1785329185.904501595] [charge_scheduler]: [执行事件] loop=open plan_v=0 C2 type=target_service target=15 station_ord=0 planned_finish=33.02 actual_finish=33.02 dev=+0.00 injected=0.0
[charge_scheduler-1] [INFO] [1785329185.904543030] [charge_scheduler]: [执行事件] loop=open plan_v=0 C1 type=target_service target=3 station_ord=0 planned_finish=53.05 actual_finish=53.05 dev=+0.00 injected=0.0
[charge_scheduler-1] [INFO] [1785329185.904548578] [charge_scheduler]: [执行事件] loop=open plan_v=0 C1 type=target_service target=11 station_ord=0 planned_finish=94.18 actual_finish=94.18 dev=+0.00 injected=0.0
[charge_scheduler-1] [INFO] [1785329185.904554100] [charge_scheduler]: [执行事件] loop=open plan_v=0 C1 type=station_turnaround target=-1 station_ord=1 planned_finish=106.67 actual_finish=106.67 dev=+0.00 injected=0.0
[charge_scheduler-1] [INFO] [1785329185.904559916] [charge_scheduler]: [执行事件] loop=open plan_v=0 C2 type=target_service target=7 station_ord=0 planned_finish=58.39 actual_finish=118.39 dev=+60.00 injected=60.0
[charge_scheduler-1] [INFO] [1785329185.904566055] [charge_scheduler]: [执行事件] loop=open plan_v=0 C1 type=target_service target=13 station_ord=0 planned_finish=143.09 actual_finish=143.09 dev=+0.00 injected=0.0
[charge_scheduler-1] [INFO] [1785329185.904572612] [charge_scheduler]: [执行事件] loop=open plan_v=0 C2 type=target_service target=18 station_ord=0 planned_finish=82.05 actual_finish=144.29 dev=+62.25 injected=0.0
[charge_scheduler-1] [INFO] [1785329185.904580204] [charge_scheduler]: [执行事件] loop=open plan_v=0 C2 type=target_service target=1 station_ord=0 planned_finish=107.54 actual_finish=170.45 dev=+62.91 injected=0.0
[charge_scheduler-1] [INFO] [1785329185.904587711] [charge_scheduler]: [执行事件] loop=open plan_v=0 C2 type=station_turnaround target=-1 station_ord=1 planned_finish=119.97 actual_finish=182.88 dev=+62.91 injected=0.0
[charge_scheduler-1] [INFO] [1785329185.904595495] [charge_scheduler]: [执行事件] loop=open plan_v=0 C1 type=target_service target=5 station_ord=0 planned_finish=188.53 actual_finish=188.53 dev=+0.00 injected=0.0
[charge_scheduler-1] [INFO] [1785329185.904602703] [charge_scheduler]: [执行事件] loop=open plan_v=0 C1 type=station_turnaround target=-1 station_ord=2 planned_finish=200.96 actual_finish=200.96 dev=+0.00 injected=0.0
[charge_scheduler-1] [INFO] [1785329185.904610126] [charge_scheduler]: [执行事件] loop=open plan_v=0 C1 type=target_service target=16 station_ord=0 planned_finish=238.79 actual_finish=238.79 dev=+0.00 injected=0.0
[charge_scheduler-1] [INFO] [1785329185.904617612] [charge_scheduler]: [执行事件] loop=open plan_v=0 C2 type=target_service target=9 station_ord=0 planned_finish=157.39 actual_finish=280.30 dev=+122.91 injected=60.0
[charge_scheduler-1] [INFO] [1785329185.904626605] [charge_scheduler]: [执行事件] loop=open plan_v=0 C1 type=target_service target=6 station_ord=0 planned_finish=282.80 actual_finish=282.80 dev=+0.00 injected=0.0
[charge_scheduler-1] [INFO] [1785329185.904633395] [charge_scheduler]: [执行事件] loop=open plan_v=0 C1 type=station_turnaround target=-1 station_ord=3 planned_finish=295.50 actual_finish=295.50 dev=+0.00 injected=0.0
[charge_scheduler-1] [INFO] [1785329185.904640383] [charge_scheduler]: [执行事件] loop=open plan_v=0 C2 type=target_service target=0 station_ord=0 planned_finish=193.38 actual_finish=317.06 dev=+123.68 injected=0.0
[charge_scheduler-1] [INFO] [1785329185.904647983] [charge_scheduler]: [执行事件] loop=open plan_v=0 C1 type=target_service target=14 station_ord=0 planned_finish=342.09 actual_finish=342.09 dev=+0.00 injected=0.0
[charge_scheduler-1] [INFO] [1785329185.904654941] [charge_scheduler]: [执行事件] loop=open plan_v=0 C1 type=final_return target=-1 station_ord=0 planned_finish=345.86 actual_finish=345.86 dev=+0.00 injected=0.0
[charge_scheduler-1] [INFO] [1785329185.904662671] [charge_scheduler]: [执行事件] loop=open plan_v=0 C2 type=target_service target=10 station_ord=0 planned_finish=229.95 actual_finish=355.90 dev=+125.94 injected=0.0
[charge_scheduler-1] [INFO] [1785329185.904671067] [charge_scheduler]: [执行事件] loop=open plan_v=0 C2 type=station_turnaround target=-1 station_ord=2 planned_finish=241.61 actual_finish=367.55 dev=+125.94 injected=0.0
[charge_scheduler-1] [INFO] [1785329185.904677829] [charge_scheduler]: [执行事件] loop=open plan_v=0 C2 type=target_service target=19 station_ord=0 planned_finish=280.27 actual_finish=406.21 dev=+125.94 injected=0.0
[charge_scheduler-1] [INFO] [1785329185.904684466] [charge_scheduler]: [执行事件] loop=open plan_v=0 C2 type=target_service target=2 station_ord=0 planned_finish=325.64 actual_finish=452.09 dev=+126.45 injected=0.0
[charge_scheduler-1] [INFO] [1785329185.904693099] [charge_scheduler]: [执行事件] loop=open plan_v=0 C2 type=station_turnaround target=-1 station_ord=3 planned_finish=337.57 actual_finish=464.02 dev=+126.45 injected=0.0
[charge_scheduler-1] [INFO] [1785329185.904699677] [charge_scheduler]: [执行事件] loop=open plan_v=0 C2 type=target_service target=17 station_ord=0 planned_finish=384.22 actual_finish=510.68 dev=+126.45 injected=0.0
[charge_scheduler-1] [INFO] [1785329185.904706009] [charge_scheduler]: [执行事件] loop=open plan_v=0 C2 type=final_return target=-1 station_ord=0 planned_finish=387.02 actual_finish=513.47 dev=+126.45 injected=0.0
[charge_scheduler-1] [INFO] [1785329185.904719442] [charge_scheduler]: [执行事件] loop=fixed plan_v=0 C2 type=target_service target=12 station_ord=0 planned_finish=8.58 actual_finish=8.58 dev=+0.00 injected=0.0
[charge_scheduler-1] [INFO] [1785329185.904725895] [charge_scheduler]: [执行事件] loop=fixed plan_v=0 C1 type=target_service target=4 station_ord=0 planned_finish=11.04 actual_finish=11.04 dev=+0.00 injected=0.0
[charge_scheduler-1] [INFO] [1785329185.904732493] [charge_scheduler]: [执行事件] loop=fixed plan_v=0 C1 type=target_service target=8 station_ord=0 planned_finish=27.46 actual_finish=27.46 dev=+0.00 injected=0.0
[charge_scheduler-1] [INFO] [1785329185.904739017] [charge_scheduler]: [执行事件] loop=fixed plan_v=0 C2 type=target_service target=15 station_ord=0 planned_finish=33.02 actual_finish=33.02 dev=+0.00 injected=0.0
[charge_scheduler-1] [INFO] [1785329185.904745603] [charge_scheduler]: [执行事件] loop=fixed plan_v=0 C1 type=target_service target=3 station_ord=0 planned_finish=53.05 actual_finish=53.05 dev=+0.00 injected=0.0
[charge_scheduler-1] [INFO] [1785329185.904752022] [charge_scheduler]: [执行事件] loop=fixed plan_v=0 C1 type=target_service target=11 station_ord=0 planned_finish=94.18 actual_finish=94.18 dev=+0.00 injected=0.0
[charge_scheduler-1] [INFO] [1785329185.904758252] [charge_scheduler]: [执行事件] loop=fixed plan_v=0 C1 type=station_turnaround target=-1 station_ord=1 planned_finish=106.67 actual_finish=106.67 dev=+0.00 injected=0.0
[charge_scheduler-1] [INFO] [1785329185.904765202] [charge_scheduler]: [执行事件] loop=fixed plan_v=0 C2 type=target_service target=7 station_ord=0 planned_finish=58.39 actual_finish=118.39 dev=+60.00 injected=60.0
[charge_scheduler-1] [WARN] [1785329186.285723482] [charge_scheduler]: [重调度事件] policy=fixed #1 t=118.39min trigger=C2/target_service dev=+60.00 pool=12 committed=1 plan_v=1 solve_ms=380.9 changed_assign=0 changed_order=8
[charge_scheduler-1] [INFO] [1785329186.285774587] [charge_scheduler]: [执行事件] loop=fixed plan_v=0 C1 type=target_service target=13 station_ord=0 planned_finish=143.09 actual_finish=143.09 dev=+0.00 injected=0.0
[charge_scheduler-1] [INFO] [1785329186.285784216] [charge_scheduler]: [执行事件] loop=fixed plan_v=1 C2 type=target_service target=18 station_ord=0 planned_finish=144.29 actual_finish=144.29 dev=+0.00 injected=0.0
[charge_scheduler-1] [INFO] [1785329186.285792778] [charge_scheduler]: [执行事件] loop=fixed plan_v=1 C2 type=target_service target=1 station_ord=0 planned_finish=170.45 actual_finish=170.45 dev=+0.00 injected=0.0
[charge_scheduler-1] [INFO] [1785329186.285807927] [charge_scheduler]: [执行事件] loop=fixed plan_v=1 C2 type=station_turnaround target=-1 station_ord=1 planned_finish=182.88 actual_finish=182.88 dev=+0.00 injected=0.0
[charge_scheduler-1] [INFO] [1785329186.285814937] [charge_scheduler]: [执行事件] loop=fixed plan_v=1 C1 type=target_service target=5 station_ord=0 planned_finish=188.53 actual_finish=188.53 dev=+0.00 injected=0.0
[charge_scheduler-1] [INFO] [1785329186.285821621] [charge_scheduler]: [执行事件] loop=fixed plan_v=1 C1 type=station_turnaround target=-1 station_ord=2 planned_finish=200.96 actual_finish=200.96 dev=+0.00 injected=0.0
[charge_scheduler-1] [INFO] [1785329186.285828272] [charge_scheduler]: [执行事件] loop=fixed plan_v=1 C2 type=target_service target=0 station_ord=0 planned_finish=218.96 actual_finish=218.96 dev=+0.00 injected=0.0
[charge_scheduler-1] [INFO] [1785329186.285836342] [charge_scheduler]: [执行事件] loop=fixed plan_v=1 C1 type=target_service target=16 station_ord=0 planned_finish=238.79 actual_finish=238.79 dev=+0.00 injected=0.0
[charge_scheduler-1] [INFO] [1785329186.285871666] [charge_scheduler]: [执行事件] loop=fixed plan_v=1 C1 type=target_service target=6 station_ord=0 planned_finish=282.80 actual_finish=282.80 dev=+0.00 injected=0.0
[charge_scheduler-1] [INFO] [1785329186.285877929] [charge_scheduler]: [执行事件] loop=fixed plan_v=1 C1 type=station_turnaround target=-1 station_ord=3 planned_finish=295.50 actual_finish=295.50 dev=+0.00 injected=0.0
[charge_scheduler-1] [INFO] [1785329186.285884279] [charge_scheduler]: [执行事件] loop=fixed plan_v=1 C2 type=target_service target=9 station_ord=0 planned_finish=255.84 actual_finish=315.84 dev=+60.00 injected=60.0
[charge_scheduler-1] [WARN] [1785329186.368965070] [charge_scheduler]: [重调度事件] policy=fixed #2 t=315.84min trigger=C2/target_service dev=+60.00 pool=4 committed=1 plan_v=2 solve_ms=83.0 changed_assign=0 changed_order=0
[charge_scheduler-1] [INFO] [1785329186.369035872] [charge_scheduler]: [执行事件] loop=fixed plan_v=2 C2 type=station_turnaround target=-1 station_ord=2 planned_finish=328.13 actual_finish=328.13 dev=+0.00 injected=0.0
[charge_scheduler-1] [INFO] [1785329186.369056243] [charge_scheduler]: [执行事件] loop=fixed plan_v=1 C1 type=target_service target=14 station_ord=0 planned_finish=342.09 actual_finish=342.09 dev=+0.00 injected=0.0
[charge_scheduler-1] [INFO] [1785329186.369065517] [charge_scheduler]: [执行事件] loop=fixed plan_v=2 C1 type=final_return target=-1 station_ord=0 planned_finish=345.86 actual_finish=345.86 dev=+0.00 injected=0.0
[charge_scheduler-1] [INFO] [1785329186.369073567] [charge_scheduler]: [执行事件] loop=fixed plan_v=2 C2 type=target_service target=19 station_ord=0 planned_finish=366.79 actual_finish=366.79 dev=+0.00 injected=0.0
[charge_scheduler-1] [INFO] [1785329186.369081452] [charge_scheduler]: [执行事件] loop=fixed plan_v=2 C2 type=target_service target=10 station_ord=0 planned_finish=406.67 actual_finish=406.67 dev=+0.00 injected=0.0
[charge_scheduler-1] [INFO] [1785329186.369093502] [charge_scheduler]: [执行事件] loop=fixed plan_v=2 C2 type=station_turnaround target=-1 station_ord=3 planned_finish=418.32 actual_finish=418.32 dev=+0.00 injected=0.0
[charge_scheduler-1] [INFO] [1785329186.369100345] [charge_scheduler]: [执行事件] loop=fixed plan_v=2 C2 type=target_service target=2 station_ord=0 planned_finish=464.11 actual_finish=464.11 dev=+0.00 injected=0.0
[charge_scheduler-1] [INFO] [1785329186.369107298] [charge_scheduler]: [执行事件] loop=fixed plan_v=2 C2 type=target_service target=17 station_ord=0 planned_finish=509.19 actual_finish=509.19 dev=+0.00 injected=0.0
[charge_scheduler-1] [INFO] [1785329186.369113910] [charge_scheduler]: [执行事件] loop=fixed plan_v=2 C2 type=final_return target=-1 station_ord=0 planned_finish=511.98 actual_finish=511.98 dev=+0.00 injected=0.0
[charge_scheduler-1] [INFO] [1785329186.369141706] [charge_scheduler]: [执行事件] loop=global plan_v=0 C2 type=target_service target=12 station_ord=0 planned_finish=8.58 actual_finish=8.58 dev=+0.00 injected=0.0
[charge_scheduler-1] [INFO] [1785329186.369149165] [charge_scheduler]: [执行事件] loop=global plan_v=0 C1 type=target_service target=4 station_ord=0 planned_finish=11.04 actual_finish=11.04 dev=+0.00 injected=0.0
[charge_scheduler-1] [INFO] [1785329186.369156638] [charge_scheduler]: [执行事件] loop=global plan_v=0 C1 type=target_service target=8 station_ord=0 planned_finish=27.46 actual_finish=27.46 dev=+0.00 injected=0.0
[charge_scheduler-1] [INFO] [1785329186.369163872] [charge_scheduler]: [执行事件] loop=global plan_v=0 C2 type=target_service target=15 station_ord=0 planned_finish=33.02 actual_finish=33.02 dev=+0.00 injected=0.0
[charge_scheduler-1] [INFO] [1785329186.369172146] [charge_scheduler]: [执行事件] loop=global plan_v=0 C1 type=target_service target=3 station_ord=0 planned_finish=53.05 actual_finish=53.05 dev=+0.00 injected=0.0
[charge_scheduler-1] [INFO] [1785329186.369179417] [charge_scheduler]: [执行事件] loop=global plan_v=0 C1 type=target_service target=11 station_ord=0 planned_finish=94.18 actual_finish=94.18 dev=+0.00 injected=0.0
[charge_scheduler-1] [INFO] [1785329186.369186298] [charge_scheduler]: [执行事件] loop=global plan_v=0 C1 type=station_turnaround target=-1 station_ord=1 planned_finish=106.67 actual_finish=106.67 dev=+0.00 injected=0.0
[charge_scheduler-1] [INFO] [1785329186.369193547] [charge_scheduler]: [执行事件] loop=global plan_v=0 C2 type=target_service target=7 station_ord=0 planned_finish=58.39 actual_finish=118.39 dev=+60.00 injected=60.0
[charge_scheduler-1] [WARN] [1785329187.305625706] [charge_scheduler]: [重调度事件] policy=global #1 t=118.39min trigger=C2/target_service dev=+60.00 pool=12 committed=1 plan_v=1 solve_ms=936.4 changed_assign=10 changed_order=6
[charge_scheduler-1] [INFO] [1785329187.305678183] [charge_scheduler]: [执行事件] loop=global plan_v=0 C1 type=target_service target=13 station_ord=0 planned_finish=143.09 actual_finish=143.09 dev=+0.00 injected=0.0
[charge_scheduler-1] [INFO] [1785329187.305688025] [charge_scheduler]: [执行事件] loop=global plan_v=1 C2 type=target_service target=18 station_ord=0 planned_finish=144.29 actual_finish=144.29 dev=+0.00 injected=0.0
[charge_scheduler-1] [INFO] [1785329187.305694383] [charge_scheduler]: [执行事件] loop=global plan_v=1 C2 type=target_service target=1 station_ord=0 planned_finish=170.45 actual_finish=170.45 dev=+0.00 injected=0.0
[charge_scheduler-1] [INFO] [1785329187.305701181] [charge_scheduler]: [执行事件] loop=global plan_v=1 C1 type=target_service target=0 station_ord=0 planned_finish=179.74 actual_finish=179.74 dev=+0.00 injected=0.0
[charge_scheduler-1] [INFO] [1785329187.305708258] [charge_scheduler]: [执行事件] loop=global plan_v=1 C2 type=station_turnaround target=-1 station_ord=1 planned_finish=182.88 actual_finish=182.88 dev=+0.00 injected=0.0
[charge_scheduler-1] [INFO] [1785329187.305714357] [charge_scheduler]: [执行事件] loop=global plan_v=1 C2 type=target_service target=16 station_ord=0 planned_finish=220.70 actual_finish=220.70 dev=+0.00 injected=0.0
[charge_scheduler-1] [INFO] [1785329187.305720108] [charge_scheduler]: [执行事件] loop=global plan_v=1 C2 type=target_service target=6 station_ord=0 planned_finish=264.71 actual_finish=264.71 dev=+0.00 injected=0.0
[charge_scheduler-1] [INFO] [1785329187.305726160] [charge_scheduler]: [执行事件] loop=global plan_v=1 C1 type=target_service target=9 station_ord=0 planned_finish=216.63 actual_finish=276.63 dev=+60.00 injected=60.0
[charge_scheduler-1] [WARN] [1785329187.470762654] [charge_scheduler]: [重调度事件] policy=global #2 t=276.63min trigger=C1/target_service dev=+60.00 pool=6 committed=0 plan_v=2 solve_ms=165.0 changed_assign=3 changed_order=2
[charge_scheduler-1] [INFO] [1785329187.470806523] [charge_scheduler]: [执行事件] loop=global plan_v=1 C2 type=station_turnaround target=-1 station_ord=2 planned_finish=277.41 actual_finish=277.41 dev=+0.00 injected=0.0
[charge_scheduler-1] [INFO] [1785329187.470816446] [charge_scheduler]: [执行事件] loop=global plan_v=2 C1 type=station_turnaround target=-1 station_ord=2 planned_finish=288.91 actual_finish=288.91 dev=+0.00 injected=0.0
[charge_scheduler-1] [INFO] [1785329187.470822529] [charge_scheduler]: [执行事件] loop=global plan_v=2 C2 type=target_service target=10 station_ord=0 planned_finish=316.79 actual_finish=316.79 dev=+0.00 injected=0.0
[charge_scheduler-1] [INFO] [1785329187.470828600] [charge_scheduler]: [执行事件] loop=global plan_v=2 C1 type=target_service target=19 station_ord=0 planned_finish=327.58 actual_finish=327.58 dev=+0.00 injected=0.0
[charge_scheduler-1] [INFO] [1785329187.470834247] [charge_scheduler]: [执行事件] loop=global plan_v=2 C2 type=target_service target=2 station_ord=0 planned_finish=362.06 actual_finish=362.06 dev=+0.00 injected=0.0
[charge_scheduler-1] [INFO] [1785329187.470839805] [charge_scheduler]: [执行事件] loop=global plan_v=2 C1 type=target_service target=5 station_ord=0 planned_finish=371.64 actual_finish=371.64 dev=+0.00 injected=0.0
[charge_scheduler-1] [INFO] [1785329187.470845183] [charge_scheduler]: [执行事件] loop=global plan_v=2 C2 type=station_turnaround target=-1 station_ord=3 planned_finish=373.98 actual_finish=373.98 dev=+0.00 injected=0.0
[charge_scheduler-1] [INFO] [1785329187.470850902] [charge_scheduler]: [执行事件] loop=global plan_v=2 C1 type=station_turnaround target=-1 station_ord=3 planned_finish=384.07 actual_finish=384.07 dev=+0.00 injected=0.0
[charge_scheduler-1] [INFO] [1785329187.470856813] [charge_scheduler]: [执行事件] loop=global plan_v=2 C2 type=target_service target=14 station_ord=0 planned_finish=420.79 actual_finish=420.79 dev=+0.00 injected=0.0
[charge_scheduler-1] [INFO] [1785329187.470862343] [charge_scheduler]: [执行事件] loop=global plan_v=2 C2 type=final_return target=-1 station_ord=0 planned_finish=424.55 actual_finish=424.55 dev=+0.00 injected=0.0
[charge_scheduler-1] [INFO] [1785329187.470888922] [charge_scheduler]: [执行事件] loop=global plan_v=2 C1 type=target_service target=17 station_ord=0 planned_finish=430.73 actual_finish=430.73 dev=+0.00 injected=0.0
[charge_scheduler-1] [INFO] [1785329187.470894408] [charge_scheduler]: [执行事件] loop=global plan_v=2 C1 type=final_return target=-1 station_ord=0 planned_finish=433.52 actual_finish=433.52 dev=+0.00 injected=0.0
[charge_scheduler-1] [INFO] [1785329187.470906894] [charge_scheduler]: ★闭环实验结果 mode=open M=20 K=2 disturbance=target delay=60.0 seed=4 N_late=11 T_overtime=822.658 C_total=3922.484 makespan=513.469 served=20 energy_viol=2 reschedules=0 reschedule_ms=0.000 changed_assign=0 changed_order=0 applied_target=2 applied_station=0 initial_solve_ms=12734.224 objective_order=Tover,Nlate,Ctotal
[charge_scheduler-1] [INFO] [1785329187.470917555] [charge_scheduler]: ★闭环实验结果 mode=fixed M=20 K=2 disturbance=target delay=60.0 seed=4 N_late=11 T_overtime=781.976 C_total=3823.068 makespan=511.979 served=20 energy_viol=0 reschedules=2 reschedule_ms=463.927 changed_assign=0 changed_order=8 applied_target=2 applied_station=0 initial_solve_ms=12734.224 objective_order=Tover,Nlate,Ctotal
[charge_scheduler-1] [INFO] [1785329187.470925253] [charge_scheduler]: ★闭环实验收益 policy=fixed M=20 K=2 disturbance=target delay=60.0 seed=4 recovered_late=0 overtime_reduction=40.682 distance_delta=-99.415 makespan_reduction=1.490
[charge_scheduler-1] [INFO] [1785329187.470931202] [charge_scheduler]: ★闭环实验结果 mode=closed M=20 K=2 disturbance=target delay=60.0 seed=4 N_late=11 T_overtime=640.612 C_total=3946.367 makespan=433.518 served=20 energy_viol=0 reschedules=2 reschedule_ms=1101.381 changed_assign=13 changed_order=8 applied_target=2 applied_station=0 initial_solve_ms=12734.224 objective_order=Tover,Nlate,Ctotal
[charge_scheduler-1] [INFO] [1785329187.470938366] [charge_scheduler]: ★闭环实验收益 policy=closed M=20 K=2 disturbance=target delay=60.0 seed=4 recovered_late=0 overtime_reduction=182.046 distance_delta=23.883 makespan_reduction=79.951
