[INFO] [launch]: All log files can be found below /root/.ros/log/2026-07-29-12-55-44-460008-YYYY-12640
[INFO] [launch]: Default logging verbosity is set to INFO
[INFO] [charge_scheduler-1]: process started with pid [12641]
[charge_scheduler-1] [INFO] [1785329744.612271008] [charge_scheduler]: [目标顺序] objective_order=Tover,Nlate,Ctotal
[charge_scheduler-1] [INFO] [1785329744.613734285] [charge_scheduler]: [Scheduler] 20辆车 | 电池800.0kWh(20%=160.0 80%=640.0) | 充电360kW效率97% | 行驶0.6kWh/km | 桩350kW
[charge_scheduler-1] [INFO] [1785329744.613797375] [charge_scheduler]: [Scheduler] 站端周转: 换电 10 min(换后满电) | 单趟可用 640 kWh
[charge_scheduler-1] [INFO] [1785329744.613815973] [charge_scheduler]:   车#0 [电动装载机282|light] 位置(-47.3,-2.6) 容量282kWh 剩余35% | α=6→6min/% τ=168min → 需130.8kWh(充21.2min)
[charge_scheduler-1] [INFO] [1785329744.613838687] [charge_scheduler]:   车#1 [重型叉车|light] 位置(-44.0,-64.1) 容量200kWh 剩余20% | α=6→6min/% τ=96min → 需123.7kWh(充20.0min)
[charge_scheduler-1] [INFO] [1785329744.613858699] [charge_scheduler]:   车#2 [电动装载机350|light] 位置(-51.1,-38.8) 容量350kWh 剩余50% | α=6→6min/% τ=288min → 需108.2kWh(充17.5min)
[charge_scheduler-1] [INFO] [1785329744.613874761] [charge_scheduler]:   车#3 [重型叉车|light] 位置(-71.0,-19.0) 容量200kWh 剩余10% | α=6→6min/% τ=32min → 需144.3kWh(充23.3min)
[charge_scheduler-1] [INFO] [1785329744.613894695] [charge_scheduler]:   车#4 [电动装载机282|heavy→降级] 位置(-93.3,6.6) 容量282kWh 剩余60% | α=3→6min/% τ=212min → 需58.1kWh(充9.4min)
[charge_scheduler-1] [INFO] [1785329744.613911262] [charge_scheduler]:   车#5 [电动装载机350|light] 位置(-104.4,47.7) 容量350kWh 剩余25% | α=6→6min/% τ=128min → 需198.5kWh(充32.1min)
[charge_scheduler-1] [INFO] [1785329744.613927534] [charge_scheduler]:   车#6 [电动装载机350|heavy→降级] 位置(-37.0,-75.1) 容量350kWh 剩余40% | α=4→6min/% τ=176min → 需144.3kWh(充23.3min)
[charge_scheduler-1] [INFO] [1785329744.613943270] [charge_scheduler]:   车#7 [重型叉车|light] 位置(-88.8,-37.1) 容量200kWh 剩余15% | α=6→6min/% τ=64min → 需134.0kWh(充21.7min)
[charge_scheduler-1] [INFO] [1785329744.613959521] [charge_scheduler]:   车#8 [电动装载机282|heavy→降级] 位置(-70.9,27.7) 容量282kWh 剩余55% | α=3→6min/% τ=196min → 需72.7kWh(充11.8min)
[charge_scheduler-1] [INFO] [1785329744.613975361] [charge_scheduler]:   车#9 [电动装载机282|heavy→降级] 位置(-35.4,-47.4) 容量282kWh 剩余30% | α=3→6min/% τ=116min → 需145.4kWh(充23.5min)
[charge_scheduler-1] [INFO] [1785329744.613995724] [charge_scheduler]:   车#10 [电动装载机282|light] 位置(-100.0,-1.0) 容量282kWh 剩余45% | α=6→6min/% τ=224min → 需101.8kWh(充16.4min)
[charge_scheduler-1] [INFO] [1785329744.614011962] [charge_scheduler]:   车#11 [电动装载机350|light] 位置(-72.8,-15.6) 容量350kWh 剩余18% | α=6→6min/% τ=83min → 需223.7kWh(充36.2min)
[charge_scheduler-1] [INFO] [1785329744.614028797] [charge_scheduler]:   车#12 [重型叉车|heavy→降级] 位置(-61.7,-20.7) 容量200kWh 剩余62% | α=3→6min/% τ=230min → 需37.1kWh(充6.0min)
[charge_scheduler-1] [INFO] [1785329744.614044381] [charge_scheduler]:   车#13 [电动装载机282|light] 位置(-133.0,-25.3) 容量282kWh 剩余28% | α=6→6min/% τ=129min → 需151.2kWh(充24.4min)
[charge_scheduler-1] [INFO] [1785329744.614059915] [charge_scheduler]:   车#14 [电动装载机350|light] 位置(-132.0,-8.9) 容量350kWh 剩余52% | α=6→6min/% τ=301min → 需101.0kWh(充16.3min)
[charge_scheduler-1] [INFO] [1785329744.614075014] [charge_scheduler]:   车#15 [重型叉车|light] 位置(-120.0,7.9) 容量200kWh 剩余12% | α=6→6min/% τ=45min → 需140.2kWh(充22.7min)
[charge_scheduler-1] [INFO] [1785329744.614090143] [charge_scheduler]:   车#16 [电动装载机282|light] 位置(-43.8,-82.9) 容量282kWh 剩余38% | α=6→6min/% τ=185min → 需122.1kWh(充19.7min)
[charge_scheduler-1] [INFO] [1785329744.614108633] [charge_scheduler]:   车#17 [电动装载机350|light] 位置(-31.1,-74.7) 容量350kWh 剩余58% | α=6→6min/% τ=339min → 需79.4kWh(充12.8min)
[charge_scheduler-1] [INFO] [1785329744.614124219] [charge_scheduler]:   车#18 [重型叉车|heavy→降级] 位置(-75.4,-68.2) 容量200kWh 剩余22% | α=3→6min/% τ=102min → 需119.6kWh(充19.3min)
[charge_scheduler-1] [INFO] [1785329744.614140536] [charge_scheduler]:   车#19 [电动装载机282|light] 位置(-88.2,47.1) 容量282kWh 剩余48% | α=6→6min/% τ=241min → 需93.0kWh(充15.0min)
[charge_scheduler-1] [INFO] [1785329744.623586636] [charge_scheduler]: [Scheduler] 闭环接口: threshold=10.0min | event_sim=on | policy=all | structured_feedback=optional (/task_planner/execution_event)
[charge_scheduler-1] [INFO] [1785329744.623670765] [charge_scheduler]: [Scheduler] 已启动, 等待地图...
[charge_scheduler-1] [INFO] [1785329744.677460283] [charge_scheduler]: [Scheduler] RoutingGraph 就绪
[charge_scheduler-1] [INFO] [1785329744.677787228] [charge_scheduler]: [Scheduler] 提取到 6 条虚线捷径
[charge_scheduler-1] [INFO] [1785329744.688785595] [charge_scheduler]: [Scheduler] 下层兼容增强图: 166 节点, 6 条虚线掉头边
[charge_scheduler-1] [INFO] [1785329747.968738257] [charge_scheduler]: [Scheduler] 距离矩阵完成 21x21, 3279.9 ms | 模式=maneuver | 真实不可达=0 抽象不可达=0 | 缺少对向投影节点=0
[charge_scheduler-1] [INFO] [1785329747.968814631] [charge_scheduler]:   ✓ 比值自检：420 个 OD 满足 机动/直线≥1 | 均值=2.70 最大=41.42 (车#4→车#10)
[charge_scheduler-1] [INFO] [1785329747.968827696] [charge_scheduler]: [Scheduler] 地图就绪, 166 条 lanelet（与下层一致）
[charge_scheduler-1] [INFO] [1785329747.968913337] [charge_scheduler]: ======== 开始VRPTW调度 20 辆车 ========
[charge_scheduler-1] [INFO] [1785329747.968923014] [charge_scheduler]:   规模20>8 → 启发式(alns)
[charge_scheduler-1] [INFO] [1785329761.035225678] [charge_scheduler]: [ALNS] objective_order=Tover,Nlate,Ctotal seed=3 iters=15000 | N_late=6(成功率70.0%) T_overtime=110.5min C_total=3941.6m | 趟数=8 makespan=386.0min
[charge_scheduler-1] [INFO] [1785329761.035281058] [charge_scheduler]:   求解耗时 13066.4 ms
[charge_scheduler-1] [INFO] [1785329761.035289272] [charge_scheduler]: ════════ 调度结果 ════════
[charge_scheduler-1] [INFO] [1785329761.035294180] [charge_scheduler]:   ★目标(字典序): objective_order=Tover,Nlate,Ctotal | N_late=6 辆 (按时成功率 14/20 = 70.0%)  T_overtime=110.5min  C_total=3941.6m
[charge_scheduler-1] [INFO] [1785329761.035300887] [charge_scheduler]:   附: 趟数=8 | makespan=386.0min | 能量可行=是
[charge_scheduler-1] [INFO] [1785329761.035312053] [charge_scheduler]:   [充电车2] 趟1: 站 → 车#12(到2.3/限230.4✓) → 车#4(到9.4/限212.0✓) → 车#15(到20.7/限44.8✓) → 车#7(到46.3/限64.0✓) → 车#1(到71.5/限96.0✓) → 站
[charge_scheduler-1] [INFO] [1785329761.035321738] [charge_scheduler]:   [充电车1] 趟2: 站 → 车#8(到4.0/限196.0✓) → 车#3(到17.1/限32.0✓) → 车#11(到41.5/限83.2✓) → 车#18(到82.4/限102.4✓) → 站
[charge_scheduler-1] [INFO] [1785329761.035327257] [charge_scheduler]:   [充电车2] 趟3: 站 → 车#13(到110.4/限128.8✓) → 车#5(到145.8/限128.0✗超时) → 站
[charge_scheduler-1] [INFO] [1785329761.035333980] [charge_scheduler]:   [充电车1] 趟4: 站 → 车#9(到121.3/限116.0✗超时) → 车#0(到158.1/限168.0✓) → 车#10(到196.1/限224.0✓) → 站
[charge_scheduler-1] [INFO] [1785329761.035339463] [charge_scheduler]:   [充电车2] 趟5: 站 → 车#16(到204.6/限184.8✗超时) → 车#6(到240.1/限176.0✗超时) → 站
[charge_scheduler-1] [INFO] [1785329761.035344757] [charge_scheduler]:   [充电车1] 趟6: 站 → 车#19(到244.1/限240.8✗超时) → 车#2(到281.4/限288.0✓) → 站
[charge_scheduler-1] [INFO] [1785329761.035349405] [charge_scheduler]:   [充电车1] 趟7: 站 → 车#17(到339.4/限339.2✗超时) → 站
[charge_scheduler-1] [INFO] [1785329761.035355206] [charge_scheduler]:   [充电车2] 趟8: 站 → 车#14(到299.6/限300.8✓) → 站
[charge_scheduler-1] [INFO] [1785329761.035360704] [charge_scheduler]: ════════════════════════
[charge_scheduler-1] [INFO] [1785329761.035416176] [charge_scheduler]: [扰动清单] type=station delay=60.0min targets={} station={C1-S1,C2-S1,}
[charge_scheduler-1] [INFO] [1785329761.035434164] [charge_scheduler]: [执行事件] loop=open plan_v=0 C2 type=target_service target=12 station_ord=0 planned_finish=8.58 actual_finish=8.58 dev=+0.00 injected=0.0
[charge_scheduler-1] [INFO] [1785329761.035443388] [charge_scheduler]: [执行事件] loop=open plan_v=0 C1 type=target_service target=8 station_ord=0 planned_finish=16.35 actual_finish=16.35 dev=+0.00 injected=0.0
[charge_scheduler-1] [INFO] [1785329761.035451079] [charge_scheduler]: [执行事件] loop=open plan_v=0 C2 type=target_service target=4 station_ord=0 planned_finish=20.20 actual_finish=20.20 dev=+0.00 injected=0.0
[charge_scheduler-1] [INFO] [1785329761.035458079] [charge_scheduler]: [执行事件] loop=open plan_v=0 C1 type=target_service target=3 station_ord=0 planned_finish=41.36 actual_finish=41.36 dev=+0.00 injected=0.0
[charge_scheduler-1] [INFO] [1785329761.035505492] [charge_scheduler]: [执行事件] loop=open plan_v=0 C2 type=target_service target=15 station_ord=0 planned_finish=44.45 actual_finish=44.45 dev=+0.00 injected=0.0
[charge_scheduler-1] [INFO] [1785329761.035514148] [charge_scheduler]: [执行事件] loop=open plan_v=0 C2 type=target_service target=7 station_ord=0 planned_finish=70.41 actual_finish=70.41 dev=+0.00 injected=0.0
[charge_scheduler-1] [INFO] [1785329761.035525531] [charge_scheduler]: [执行事件] loop=open plan_v=0 C1 type=target_service target=11 station_ord=0 planned_finish=81.43 actual_finish=81.43 dev=+0.00 injected=0.0
[charge_scheduler-1] [INFO] [1785329761.035537236] [charge_scheduler]: [执行事件] loop=open plan_v=0 C2 type=target_service target=1 station_ord=0 planned_finish=95.22 actual_finish=95.22 dev=+0.00 injected=0.0
[charge_scheduler-1] [INFO] [1785329761.035549362] [charge_scheduler]: [执行事件] loop=open plan_v=0 C1 type=target_service target=18 station_ord=0 planned_finish=106.33 actual_finish=106.33 dev=+0.00 injected=0.0
[charge_scheduler-1] [INFO] [1785329761.035567019] [charge_scheduler]: [执行事件] loop=open plan_v=0 C2 type=station_turnaround target=-1 station_ord=1 planned_finish=107.64 actual_finish=167.64 dev=+60.00 injected=60.0
[charge_scheduler-1] [INFO] [1785329761.035580757] [charge_scheduler]: [执行事件] loop=open plan_v=0 C1 type=station_turnaround target=-1 station_ord=1 planned_finish=119.14 actual_finish=179.14 dev=+60.00 injected=60.0
[charge_scheduler-1] [INFO] [1785329761.035594289] [charge_scheduler]: [执行事件] loop=open plan_v=0 C2 type=target_service target=13 station_ord=0 planned_finish=144.14 actual_finish=205.69 dev=+61.54 injected=0.0
[charge_scheduler-1] [INFO] [1785329761.035605107] [charge_scheduler]: [执行事件] loop=open plan_v=0 C1 type=target_service target=9 station_ord=0 planned_finish=156.56 actual_finish=216.56 dev=+60.00 injected=0.0
[charge_scheduler-1] [INFO] [1785329761.035613308] [charge_scheduler]: [执行事件] loop=open plan_v=0 C2 type=target_service target=5 station_ord=0 planned_finish=189.58 actual_finish=251.12 dev=+61.54 injected=0.0
[charge_scheduler-1] [INFO] [1785329761.035621137] [charge_scheduler]: [执行事件] loop=open plan_v=0 C1 type=target_service target=0 station_ord=0 planned_finish=192.49 actual_finish=253.32 dev=+60.83 injected=0.0
[charge_scheduler-1] [INFO] [1785329761.035629054] [charge_scheduler]: [执行事件] loop=open plan_v=0 C2 type=station_turnaround target=-1 station_ord=2 planned_finish=202.02 actual_finish=263.56 dev=+61.54 injected=0.0
[charge_scheduler-1] [INFO] [1785329761.035637236] [charge_scheduler]: [执行事件] loop=open plan_v=0 C1 type=target_service target=10 station_ord=0 planned_finish=228.98 actual_finish=292.16 dev=+63.18 injected=0.0
[charge_scheduler-1] [INFO] [1785329761.035645482] [charge_scheduler]: [执行事件] loop=open plan_v=0 C2 type=target_service target=16 station_ord=0 planned_finish=239.84 actual_finish=301.38 dev=+61.54 injected=0.0
[charge_scheduler-1] [INFO] [1785329761.035653075] [charge_scheduler]: [执行事件] loop=open plan_v=0 C1 type=station_turnaround target=-1 station_ord=2 planned_finish=240.64 actual_finish=303.81 dev=+63.18 injected=0.0
[charge_scheduler-1] [INFO] [1785329761.035661022] [charge_scheduler]: [执行事件] loop=open plan_v=0 C1 type=target_service target=19 station_ord=0 planned_finish=279.30 actual_finish=342.48 dev=+63.18 injected=0.0
[charge_scheduler-1] [INFO] [1785329761.035668935] [charge_scheduler]: [执行事件] loop=open plan_v=0 C2 type=target_service target=6 station_ord=0 planned_finish=283.85 actual_finish=345.39 dev=+61.54 injected=0.0
[charge_scheduler-1] [INFO] [1785329761.035676913] [charge_scheduler]: [执行事件] loop=open plan_v=0 C2 type=station_turnaround target=-1 station_ord=3 planned_finish=296.55 actual_finish=358.09 dev=+61.54 injected=0.0
[charge_scheduler-1] [INFO] [1785329761.035684746] [charge_scheduler]: [执行事件] loop=open plan_v=0 C1 type=target_service target=2 station_ord=0 planned_finish=324.58 actual_finish=388.36 dev=+63.78 injected=0.0
[charge_scheduler-1] [INFO] [1785329761.035692566] [charge_scheduler]: [执行事件] loop=open plan_v=0 C1 type=station_turnaround target=-1 station_ord=3 planned_finish=336.51 actual_finish=400.29 dev=+63.78 injected=0.0
[charge_scheduler-1] [INFO] [1785329761.035700414] [charge_scheduler]: [执行事件] loop=open plan_v=0 C2 type=target_service target=14 station_ord=0 planned_finish=343.24 actual_finish=404.89 dev=+61.65 injected=0.0
[charge_scheduler-1] [INFO] [1785329761.035714186] [charge_scheduler]: [执行事件] loop=open plan_v=0 C2 type=final_return target=-1 station_ord=0 planned_finish=347.00 actual_finish=408.66 dev=+61.65 injected=0.0
[charge_scheduler-1] [INFO] [1785329761.035722114] [charge_scheduler]: [执行事件] loop=open plan_v=0 C1 type=target_service target=17 station_ord=0 planned_finish=383.16 actual_finish=446.94 dev=+63.78 injected=0.0
[charge_scheduler-1] [INFO] [1785329761.035729472] [charge_scheduler]: [执行事件] loop=open plan_v=0 C1 type=final_return target=-1 station_ord=0 planned_finish=385.96 actual_finish=449.73 dev=+63.78 injected=0.0
[charge_scheduler-1] [INFO] [1785329761.035746933] [charge_scheduler]: [执行事件] loop=fixed plan_v=0 C2 type=target_service target=12 station_ord=0 planned_finish=8.58 actual_finish=8.58 dev=+0.00 injected=0.0
[charge_scheduler-1] [INFO] [1785329761.035754750] [charge_scheduler]: [执行事件] loop=fixed plan_v=0 C1 type=target_service target=8 station_ord=0 planned_finish=16.35 actual_finish=16.35 dev=+0.00 injected=0.0
[charge_scheduler-1] [INFO] [1785329761.035762453] [charge_scheduler]: [执行事件] loop=fixed plan_v=0 C2 type=target_service target=4 station_ord=0 planned_finish=20.20 actual_finish=20.20 dev=+0.00 injected=0.0
[charge_scheduler-1] [INFO] [1785329761.035770042] [charge_scheduler]: [执行事件] loop=fixed plan_v=0 C1 type=target_service target=3 station_ord=0 planned_finish=41.36 actual_finish=41.36 dev=+0.00 injected=0.0
[charge_scheduler-1] [INFO] [1785329761.035779467] [charge_scheduler]: [执行事件] loop=fixed plan_v=0 C2 type=target_service target=15 station_ord=0 planned_finish=44.45 actual_finish=44.45 dev=+0.00 injected=0.0
[charge_scheduler-1] [INFO] [1785329761.035786820] [charge_scheduler]: [执行事件] loop=fixed plan_v=0 C2 type=target_service target=7 station_ord=0 planned_finish=70.41 actual_finish=70.41 dev=+0.00 injected=0.0
[charge_scheduler-1] [INFO] [1785329761.035794059] [charge_scheduler]: [执行事件] loop=fixed plan_v=0 C1 type=target_service target=11 station_ord=0 planned_finish=81.43 actual_finish=81.43 dev=+0.00 injected=0.0
[charge_scheduler-1] [INFO] [1785329761.035801395] [charge_scheduler]: [执行事件] loop=fixed plan_v=0 C2 type=target_service target=1 station_ord=0 planned_finish=95.22 actual_finish=95.22 dev=+0.00 injected=0.0
[charge_scheduler-1] [INFO] [1785329761.035808934] [charge_scheduler]: [执行事件] loop=fixed plan_v=0 C1 type=target_service target=18 station_ord=0 planned_finish=106.33 actual_finish=106.33 dev=+0.00 injected=0.0
[charge_scheduler-1] [INFO] [1785329761.035816711] [charge_scheduler]: [执行事件] loop=fixed plan_v=0 C2 type=station_turnaround target=-1 station_ord=1 planned_finish=107.64 actual_finish=167.64 dev=+60.00 injected=60.0
[charge_scheduler-1] [WARN] [1785329761.313183635] [charge_scheduler]: [重调度事件] policy=fixed #1 t=167.64min trigger=C2/station_turnaround dev=+60.00 pool=11 committed=0 plan_v=1 solve_ms=277.3 changed_assign=0 changed_order=5
[charge_scheduler-1] [INFO] [1785329761.313251492] [charge_scheduler]: [执行事件] loop=fixed plan_v=0 C1 type=station_turnaround target=-1 station_ord=1 planned_finish=119.14 actual_finish=179.14 dev=+60.00 injected=60.0
[charge_scheduler-1] [WARN] [1785329761.556360996] [charge_scheduler]: [重调度事件] policy=fixed #2 t=179.14min trigger=C1/station_turnaround dev=+60.00 pool=10 committed=1 plan_v=2 solve_ms=243.0 changed_assign=0 changed_order=5
[charge_scheduler-1] [INFO] [1785329761.556420253] [charge_scheduler]: [执行事件] loop=fixed plan_v=1 C2 type=target_service target=13 station_ord=0 planned_finish=205.69 actual_finish=205.69 dev=+0.00 injected=0.0
[charge_scheduler-1] [INFO] [1785329761.556430480] [charge_scheduler]: [执行事件] loop=fixed plan_v=2 C1 type=target_service target=0 station_ord=0 planned_finish=215.22 actual_finish=215.22 dev=+0.00 injected=0.0
[charge_scheduler-1] [INFO] [1785329761.556440840] [charge_scheduler]: [执行事件] loop=fixed plan_v=2 C2 type=target_service target=5 station_ord=0 planned_finish=251.12 actual_finish=251.12 dev=+0.00 injected=0.0
[charge_scheduler-1] [INFO] [1785329761.556448695] [charge_scheduler]: [执行事件] loop=fixed plan_v=2 C1 type=target_service target=9 station_ord=0 planned_finish=252.10 actual_finish=252.10 dev=+0.00 injected=0.0
[charge_scheduler-1] [INFO] [1785329761.556482172] [charge_scheduler]: [执行事件] loop=fixed plan_v=2 C2 type=station_turnaround target=-1 station_ord=2 planned_finish=263.56 actual_finish=263.56 dev=+0.00 injected=0.0
[charge_scheduler-1] [INFO] [1785329761.556489473] [charge_scheduler]: [执行事件] loop=fixed plan_v=2 C1 type=station_turnaround target=-1 station_ord=2 planned_finish=264.39 actual_finish=264.39 dev=+0.00 injected=0.0
[charge_scheduler-1] [INFO] [1785329761.556502162] [charge_scheduler]: [执行事件] loop=fixed plan_v=2 C2 type=target_service target=16 station_ord=0 planned_finish=301.38 actual_finish=301.38 dev=+0.00 injected=0.0
[charge_scheduler-1] [INFO] [1785329761.556509565] [charge_scheduler]: [执行事件] loop=fixed plan_v=2 C1 type=target_service target=19 station_ord=0 planned_finish=303.06 actual_finish=303.06 dev=+0.00 injected=0.0
[charge_scheduler-1] [INFO] [1785329761.556516587] [charge_scheduler]: [执行事件] loop=fixed plan_v=2 C1 type=target_service target=10 station_ord=0 planned_finish=342.93 actual_finish=342.93 dev=+0.00 injected=0.0
[charge_scheduler-1] [INFO] [1785329761.556639478] [charge_scheduler]: [执行事件] loop=fixed plan_v=2 C2 type=target_service target=6 station_ord=0 planned_finish=345.39 actual_finish=345.39 dev=+0.00 injected=0.0
[charge_scheduler-1] [INFO] [1785329761.556648048] [charge_scheduler]: [执行事件] loop=fixed plan_v=2 C1 type=station_turnaround target=-1 station_ord=3 planned_finish=354.59 actual_finish=354.59 dev=+0.00 injected=0.0
[charge_scheduler-1] [INFO] [1785329761.556656152] [charge_scheduler]: [执行事件] loop=fixed plan_v=2 C2 type=station_turnaround target=-1 station_ord=3 planned_finish=358.09 actual_finish=358.09 dev=+0.00 injected=0.0
[charge_scheduler-1] [INFO] [1785329761.556664181] [charge_scheduler]: [执行事件] loop=fixed plan_v=2 C1 type=target_service target=2 station_ord=0 planned_finish=400.38 actual_finish=400.38 dev=+0.00 injected=0.0
[charge_scheduler-1] [INFO] [1785329761.556672394] [charge_scheduler]: [执行事件] loop=fixed plan_v=2 C2 type=target_service target=14 station_ord=0 planned_finish=404.89 actual_finish=404.89 dev=+0.00 injected=0.0
[charge_scheduler-1] [INFO] [1785329761.556680386] [charge_scheduler]: [执行事件] loop=fixed plan_v=2 C2 type=final_return target=-1 station_ord=0 planned_finish=408.66 actual_finish=408.66 dev=+0.00 injected=0.0
[charge_scheduler-1] [INFO] [1785329761.556688508] [charge_scheduler]: [执行事件] loop=fixed plan_v=2 C1 type=target_service target=17 station_ord=0 planned_finish=445.45 actual_finish=445.45 dev=+0.00 injected=0.0
[charge_scheduler-1] [INFO] [1785329761.556696273] [charge_scheduler]: [执行事件] loop=fixed plan_v=2 C1 type=final_return target=-1 station_ord=0 planned_finish=448.24 actual_finish=448.24 dev=+0.00 injected=0.0
[charge_scheduler-1] [INFO] [1785329761.556724453] [charge_scheduler]: [执行事件] loop=global plan_v=0 C2 type=target_service target=12 station_ord=0 planned_finish=8.58 actual_finish=8.58 dev=+0.00 injected=0.0
[charge_scheduler-1] [INFO] [1785329761.556733252] [charge_scheduler]: [执行事件] loop=global plan_v=0 C1 type=target_service target=8 station_ord=0 planned_finish=16.35 actual_finish=16.35 dev=+0.00 injected=0.0
[charge_scheduler-1] [INFO] [1785329761.556741613] [charge_scheduler]: [执行事件] loop=global plan_v=0 C2 type=target_service target=4 station_ord=0 planned_finish=20.20 actual_finish=20.20 dev=+0.00 injected=0.0
[charge_scheduler-1] [INFO] [1785329761.556749372] [charge_scheduler]: [执行事件] loop=global plan_v=0 C1 type=target_service target=3 station_ord=0 planned_finish=41.36 actual_finish=41.36 dev=+0.00 injected=0.0
[charge_scheduler-1] [INFO] [1785329761.556757390] [charge_scheduler]: [执行事件] loop=global plan_v=0 C2 type=target_service target=15 station_ord=0 planned_finish=44.45 actual_finish=44.45 dev=+0.00 injected=0.0
[charge_scheduler-1] [INFO] [1785329761.556765213] [charge_scheduler]: [执行事件] loop=global plan_v=0 C2 type=target_service target=7 station_ord=0 planned_finish=70.41 actual_finish=70.41 dev=+0.00 injected=0.0
[charge_scheduler-1] [INFO] [1785329761.556773321] [charge_scheduler]: [执行事件] loop=global plan_v=0 C1 type=target_service target=11 station_ord=0 planned_finish=81.43 actual_finish=81.43 dev=+0.00 injected=0.0
[charge_scheduler-1] [INFO] [1785329761.556781142] [charge_scheduler]: [执行事件] loop=global plan_v=0 C2 type=target_service target=1 station_ord=0 planned_finish=95.22 actual_finish=95.22 dev=+0.00 injected=0.0
[charge_scheduler-1] [INFO] [1785329761.556796341] [charge_scheduler]: [执行事件] loop=global plan_v=0 C1 type=target_service target=18 station_ord=0 planned_finish=106.33 actual_finish=106.33 dev=+0.00 injected=0.0
[charge_scheduler-1] [INFO] [1785329761.556805103] [charge_scheduler]: [执行事件] loop=global plan_v=0 C2 type=station_turnaround target=-1 station_ord=1 planned_finish=107.64 actual_finish=167.64 dev=+60.00 injected=60.0
[charge_scheduler-1] [WARN] [1785329762.150587394] [charge_scheduler]: [重调度事件] policy=global #1 t=167.64min trigger=C2/station_turnaround dev=+60.00 pool=11 committed=0 plan_v=1 solve_ms=593.7 changed_assign=3 changed_order=8
[charge_scheduler-1] [INFO] [1785329762.150666470] [charge_scheduler]: [执行事件] loop=global plan_v=0 C1 type=station_turnaround target=-1 station_ord=1 planned_finish=119.14 actual_finish=179.14 dev=+60.00 injected=60.0
[charge_scheduler-1] [WARN] [1785329762.636449299] [charge_scheduler]: [重调度事件] policy=global #2 t=179.14min trigger=C1/station_turnaround dev=+60.00 pool=10 committed=1 plan_v=2 solve_ms=485.7 changed_assign=4 changed_order=8
[charge_scheduler-1] [INFO] [1785329762.636501732] [charge_scheduler]: [执行事件] loop=global plan_v=1 C2 type=target_service target=0 station_ord=0 planned_finish=203.72 actual_finish=203.72 dev=+0.00 injected=0.0
[charge_scheduler-1] [INFO] [1785329762.636511375] [charge_scheduler]: [执行事件] loop=global plan_v=2 C1 type=target_service target=10 station_ord=0 planned_finish=215.10 actual_finish=215.10 dev=+0.00 injected=0.0
[charge_scheduler-1] [INFO] [1785329762.636517517] [charge_scheduler]: [执行事件] loop=global plan_v=2 C2 type=target_service target=9 station_ord=0 planned_finish=240.60 actual_finish=240.60 dev=+0.00 injected=0.0
[charge_scheduler-1] [INFO] [1785329762.636524493] [charge_scheduler]: [执行事件] loop=global plan_v=2 C1 type=target_service target=13 station_ord=0 planned_finish=252.63 actual_finish=252.63 dev=+0.00 injected=0.0
[charge_scheduler-1] [INFO] [1785329762.636530345] [charge_scheduler]: [执行事件] loop=global plan_v=2 C2 type=station_turnaround target=-1 station_ord=2 planned_finish=252.89 actual_finish=252.89 dev=+0.00 injected=0.0
[charge_scheduler-1] [INFO] [1785329762.636536298] [charge_scheduler]: [执行事件] loop=global plan_v=2 C1 type=target_service target=19 station_ord=0 planned_finish=289.80 actual_finish=289.80 dev=+0.00 injected=0.0
[charge_scheduler-1] [INFO] [1785329762.636542171] [charge_scheduler]: [执行事件] loop=global plan_v=2 C2 type=target_service target=16 station_ord=0 planned_finish=290.72 actual_finish=290.72 dev=+0.00 injected=0.0
[charge_scheduler-1] [INFO] [1785329762.636548079] [charge_scheduler]: [执行事件] loop=global plan_v=2 C1 type=station_turnaround target=-1 station_ord=2 planned_finish=302.00 actual_finish=302.00 dev=+0.00 injected=0.0
[charge_scheduler-1] [INFO] [1785329762.636565288] [charge_scheduler]: [执行事件] loop=global plan_v=2 C2 type=target_service target=6 station_ord=0 planned_finish=334.73 actual_finish=334.73 dev=+0.00 injected=0.0
[charge_scheduler-1] [INFO] [1785329762.636575228] [charge_scheduler]: [执行事件] loop=global plan_v=2 C2 type=station_turnaround target=-1 station_ord=3 planned_finish=347.42 actual_finish=347.42 dev=+0.00 injected=0.0
[charge_scheduler-1] [INFO] [1785329762.636585720] [charge_scheduler]: [执行事件] loop=global plan_v=2 C1 type=target_service target=14 station_ord=0 planned_finish=348.80 actual_finish=348.80 dev=+0.00 injected=0.0
[charge_scheduler-1] [INFO] [1785329762.636595254] [charge_scheduler]: [执行事件] loop=global plan_v=2 C2 type=target_service target=2 station_ord=0 planned_finish=393.21 actual_finish=393.21 dev=+0.00 injected=0.0
[charge_scheduler-1] [INFO] [1785329762.636612202] [charge_scheduler]: [执行事件] loop=global plan_v=2 C1 type=target_service target=5 station_ord=0 planned_finish=394.01 actual_finish=394.01 dev=+0.00 injected=0.0
[charge_scheduler-1] [INFO] [1785329762.636621938] [charge_scheduler]: [执行事件] loop=global plan_v=2 C1 type=final_return target=-1 station_ord=0 planned_finish=396.44 actual_finish=396.44 dev=+0.00 injected=0.0
[charge_scheduler-1] [INFO] [1785329762.636632134] [charge_scheduler]: [执行事件] loop=global plan_v=2 C2 type=target_service target=17 station_ord=0 planned_finish=438.29 actual_finish=438.29 dev=+0.00 injected=0.0
[charge_scheduler-1] [INFO] [1785329762.636669964] [charge_scheduler]: [执行事件] loop=global plan_v=2 C2 type=final_return target=-1 station_ord=0 planned_finish=441.08 actual_finish=441.08 dev=+0.00 injected=0.0
[charge_scheduler-1] [INFO] [1785329762.636684883] [charge_scheduler]: ★闭环实验结果 mode=open M=20 K=2 disturbance=station delay=60.0 seed=3 N_late=11 T_overtime=723.648 C_total=3941.587 makespan=449.732 served=20 energy_viol=2 reschedules=0 reschedule_ms=0.000 changed_assign=0 changed_order=0 applied_target=0 applied_station=2 initial_solve_ms=13066.358 objective_order=Tover,Nlate,Ctotal
[charge_scheduler-1] [INFO] [1785329762.636697245] [charge_scheduler]: ★闭环实验结果 mode=fixed M=20 K=2 disturbance=station delay=60.0 seed=3 N_late=11 T_overtime=742.966 C_total=3842.171 makespan=448.242 served=20 energy_viol=0 reschedules=2 reschedule_ms=520.346 changed_assign=0 changed_order=10 applied_target=0 applied_station=2 initial_solve_ms=13066.358 objective_order=Tover,Nlate,Ctotal
[charge_scheduler-1] [INFO] [1785329762.636706152] [charge_scheduler]: ★闭环实验收益 policy=fixed M=20 K=2 disturbance=station delay=60.0 seed=3 recovered_late=0 overtime_reduction=-19.318 distance_delta=-99.415 makespan_reduction=1.490
[charge_scheduler-1] [INFO] [1785329762.636713349] [charge_scheduler]: ★闭环实验结果 mode=closed M=20 K=2 disturbance=station delay=60.0 seed=3 N_late=10 T_overtime=721.104 C_total=3444.580 makespan=441.079 served=20 energy_viol=0 reschedules=2 reschedule_ms=1079.472 changed_assign=7 changed_order=16 applied_target=0 applied_station=2 initial_solve_ms=13066.358 objective_order=Tover,Nlate,Ctotal
[charge_scheduler-1] [INFO] [1785329762.636722231] [charge_scheduler]: ★闭环实验收益 policy=closed M=20 K=2 disturbance=station delay=60.0 seed=3 recovered_late=1 overtime_reduction=2.543 distance_delta=-497.007 makespan_reduction=8.654
