[INFO] [launch]: All log files can be found below /root/.ros/log/2026-07-29-14-04-45-653635-YYYY-22640
[INFO] [launch]: Default logging verbosity is set to INFO
[INFO] [charge_scheduler-1]: process started with pid [22642]
[charge_scheduler-1] [INFO] [1785333885.796975480] [charge_scheduler]: [目标顺序] objective_order=Tover,Nlate,Ctotal
[charge_scheduler-1] [INFO] [1785333885.797546705] [charge_scheduler]: [Scheduler] 30辆车 | 电池800.0kWh(20%=160.0 80%=640.0) | 充电360kW效率97% | 行驶0.6kWh/km | 桩350kW
[charge_scheduler-1] [INFO] [1785333885.797582318] [charge_scheduler]: [Scheduler] 站端周转: 换电 10 min(换后满电) | 单趟可用 640 kWh
[charge_scheduler-1] [INFO] [1785333885.797592379] [charge_scheduler]:   车#0 [电动装载机282|light] 位置(-47.3,-2.6) 容量282kWh 剩余35% | α=6→6min/% τ=168min → 需130.8kWh(充21.2min)
[charge_scheduler-1] [INFO] [1785333885.797607941] [charge_scheduler]:   车#1 [重型叉车|light] 位置(-44.0,-64.1) 容量200kWh 剩余20% | α=6→6min/% τ=96min → 需123.7kWh(充20.0min)
[charge_scheduler-1] [INFO] [1785333885.797619821] [charge_scheduler]:   车#2 [电动装载机350|light] 位置(-51.1,-38.8) 容量350kWh 剩余50% | α=6→6min/% τ=288min → 需108.2kWh(充17.5min)
[charge_scheduler-1] [INFO] [1785333885.797631607] [charge_scheduler]:   车#3 [重型叉车|light] 位置(-71.0,-19.0) 容量200kWh 剩余10% | α=6→6min/% τ=32min → 需144.3kWh(充23.3min)
[charge_scheduler-1] [INFO] [1785333885.797643760] [charge_scheduler]:   车#4 [电动装载机282|heavy→降级] 位置(-93.3,6.6) 容量282kWh 剩余60% | α=3→6min/% τ=212min → 需58.1kWh(充9.4min)
[charge_scheduler-1] [INFO] [1785333885.797655501] [charge_scheduler]:   车#5 [电动装载机350|light] 位置(-104.4,47.7) 容量350kWh 剩余25% | α=6→6min/% τ=128min → 需198.5kWh(充32.1min)
[charge_scheduler-1] [INFO] [1785333885.797667498] [charge_scheduler]:   车#6 [电动装载机350|heavy→降级] 位置(-37.0,-75.1) 容量350kWh 剩余40% | α=4→6min/% τ=176min → 需144.3kWh(充23.3min)
[charge_scheduler-1] [INFO] [1785333885.797679101] [charge_scheduler]:   车#7 [重型叉车|light] 位置(-88.8,-37.1) 容量200kWh 剩余15% | α=6→6min/% τ=64min → 需134.0kWh(充21.7min)
[charge_scheduler-1] [INFO] [1785333885.797693731] [charge_scheduler]:   车#8 [电动装载机282|heavy→降级] 位置(-70.9,27.7) 容量282kWh 剩余55% | α=3→6min/% τ=196min → 需72.7kWh(充11.8min)
[charge_scheduler-1] [INFO] [1785333885.797706289] [charge_scheduler]:   车#9 [电动装载机282|heavy→降级] 位置(-35.4,-47.4) 容量282kWh 剩余30% | α=3→6min/% τ=116min → 需145.4kWh(充23.5min)
[charge_scheduler-1] [INFO] [1785333885.797718812] [charge_scheduler]:   车#10 [电动装载机282|light] 位置(-100.0,-1.0) 容量282kWh 剩余45% | α=6→6min/% τ=224min → 需101.8kWh(充16.4min)
[charge_scheduler-1] [INFO] [1785333885.797730627] [charge_scheduler]:   车#11 [电动装载机350|light] 位置(-72.8,-15.6) 容量350kWh 剩余18% | α=6→6min/% τ=83min → 需223.7kWh(充36.2min)
[charge_scheduler-1] [INFO] [1785333885.797742393] [charge_scheduler]:   车#12 [重型叉车|heavy→降级] 位置(-61.7,-20.7) 容量200kWh 剩余62% | α=3→6min/% τ=230min → 需37.1kWh(充6.0min)
[charge_scheduler-1] [INFO] [1785333885.797753913] [charge_scheduler]:   车#13 [电动装载机282|light] 位置(-133.0,-25.3) 容量282kWh 剩余28% | α=6→6min/% τ=129min → 需151.2kWh(充24.4min)
[charge_scheduler-1] [INFO] [1785333885.797766434] [charge_scheduler]:   车#14 [电动装载机350|light] 位置(-132.0,-8.9) 容量350kWh 剩余52% | α=6→6min/% τ=301min → 需101.0kWh(充16.3min)
[charge_scheduler-1] [INFO] [1785333885.797777726] [charge_scheduler]:   车#15 [重型叉车|light] 位置(-120.0,7.9) 容量200kWh 剩余12% | α=6→6min/% τ=45min → 需140.2kWh(充22.7min)
[charge_scheduler-1] [INFO] [1785333885.797789124] [charge_scheduler]:   车#16 [电动装载机282|light] 位置(-43.8,-82.9) 容量282kWh 剩余38% | α=6→6min/% τ=185min → 需122.1kWh(充19.7min)
[charge_scheduler-1] [INFO] [1785333885.797800356] [charge_scheduler]:   车#17 [电动装载机350|light] 位置(-31.1,-74.7) 容量350kWh 剩余58% | α=6→6min/% τ=339min → 需79.4kWh(充12.8min)
[charge_scheduler-1] [INFO] [1785333885.797811819] [charge_scheduler]:   车#18 [重型叉车|heavy→降级] 位置(-75.4,-68.2) 容量200kWh 剩余22% | α=3→6min/% τ=102min → 需119.6kWh(充19.3min)
[charge_scheduler-1] [INFO] [1785333885.797822783] [charge_scheduler]:   车#19 [电动装载机282|light] 位置(-88.2,47.1) 容量282kWh 剩余48% | α=6→6min/% τ=241min → 需93.0kWh(充15.0min)
[charge_scheduler-1] [INFO] [1785333885.797834204] [charge_scheduler]:   车#20 [电动装载机350|light] 位置(-71.4,16.3) 容量350kWh 剩余33% | α=6→6min/% τ=179min → 需169.6kWh(充27.4min)
[charge_scheduler-1] [INFO] [1785333885.797888872] [charge_scheduler]:   车#21 [重型叉车|heavy→降级] 位置(-122.0,-0.6) 容量200kWh 剩余65% | α=3→6min/% τ=240min → 需30.9kWh(充5.0min)
[charge_scheduler-1] [INFO] [1785333885.797900736] [charge_scheduler]:   车#22 [电动装载机282|light] 位置(-71.6,11.6) 容量282kWh 剩余16% | α=6→6min/% τ=62min → 需186.1kWh(充30.1min)
[charge_scheduler-1] [INFO] [1785333885.797911930] [charge_scheduler]:   车#23 [电动装载机350|light] 位置(-131.0,37.2) 容量350kWh 剩余42% | α=6→6min/% τ=237min → 需137.1kWh(充22.2min)
[charge_scheduler-1] [INFO] [1785333885.797932362] [charge_scheduler]:   车#24 [重型叉车|heavy→降级] 位置(-51.3,5.9) 容量200kWh 剩余25% | α=3→6min/% τ=112min → 需113.4kWh(充18.3min)
[charge_scheduler-1] [INFO] [1785333885.797946669] [charge_scheduler]:   车#25 [电动装载机282|light] 位置(-62.2,-10.7) 容量282kWh 剩余55% | α=6→6min/% τ=280min → 需72.7kWh(充11.8min)
[charge_scheduler-1] [INFO] [1785333885.797961428] [charge_scheduler]:   车#26 [电动装载机350|light] 位置(-116.0,60.4) 容量350kWh 剩余30% | α=6→6min/% τ=160min → 需180.4kWh(充29.2min)
[charge_scheduler-1] [INFO] [1785333885.797977168] [charge_scheduler]:   车#27 [重型叉车|heavy→降级] 位置(-90.4,60.5) 容量200kWh 剩余68% | α=3→6min/% τ=250min → 需24.7kWh(充4.0min)
[charge_scheduler-1] [INFO] [1785333885.798001390] [charge_scheduler]:   车#28 [电动装载机282|light] 位置(-85.5,-46.0) 容量282kWh 剩余20% | α=6→6min/% τ=84min → 需174.4kWh(充28.2min)
[charge_scheduler-1] [INFO] [1785333885.798016934] [charge_scheduler]:   车#29 [电动装载机350|light] 位置(-87.0,-36.6) 容量350kWh 剩余36% | α=6→6min/% τ=198min → 需158.8kWh(充25.7min)
[charge_scheduler-1] [INFO] [1785333885.805817466] [charge_scheduler]: [Scheduler] 闭环接口: threshold=10.0min | event_sim=on | policy=all | structured_feedback=optional (/task_planner/execution_event)
[charge_scheduler-1] [INFO] [1785333885.805867119] [charge_scheduler]: [Scheduler] 已启动, 等待地图...
[charge_scheduler-1] [INFO] [1785333885.866646686] [charge_scheduler]: [Scheduler] RoutingGraph 就绪
[charge_scheduler-1] [INFO] [1785333885.866941284] [charge_scheduler]: [Scheduler] 提取到 6 条虚线捷径
[charge_scheduler-1] [INFO] [1785333885.878028009] [charge_scheduler]: [Scheduler] 下层兼容增强图: 166 节点, 6 条虚线掉头边
[charge_scheduler-1] [INFO] [1785333892.993151742] [charge_scheduler]: [Scheduler] 距离矩阵完成 31x31, 7115.1 ms | 模式=maneuver | 真实不可达=0 抽象不可达=0 | 缺少对向投影节点=0
[charge_scheduler-1] [INFO] [1785333892.993293002] [charge_scheduler]:   ✓ 比值自检：930 个 OD 满足 机动/直线≥1 | 均值=2.97 最大=42.81 (车#15→车#21)
[charge_scheduler-1] [INFO] [1785333892.993321628] [charge_scheduler]: [Scheduler] 地图就绪, 166 条 lanelet（与下层一致）
[charge_scheduler-1] [INFO] [1785333892.993370886] [charge_scheduler]: ======== 开始VRPTW调度 30 辆车 ========
[charge_scheduler-1] [INFO] [1785333892.993376883] [charge_scheduler]:   规模30>8 → 启发式(alns)
[charge_scheduler-1] [INFO] [1785333943.616574315] [charge_scheduler]: [ALNS] objective_order=Tover,Nlate,Ctotal seed=6 iters=15000 | N_late=10(成功率66.7%) T_overtime=150.9min C_total=5804.5m | 趟数=11 makespan=383.2min
[charge_scheduler-1] [INFO] [1785333943.616640628] [charge_scheduler]:   求解耗时 50623.3 ms
[charge_scheduler-1] [INFO] [1785333943.616649817] [charge_scheduler]: ════════ 调度结果 ════════
[charge_scheduler-1] [INFO] [1785333943.616654629] [charge_scheduler]:   ★目标(字典序): objective_order=Tover,Nlate,Ctotal | N_late=10 辆 (按时成功率 20/30 = 66.7%)  T_overtime=150.9min  C_total=5804.5m
[charge_scheduler-1] [INFO] [1785333943.616661326] [charge_scheduler]:   附: 趟数=11 | makespan=383.2min | 能量可行=是
[charge_scheduler-1] [INFO] [1785333943.616674174] [charge_scheduler]:   [充电车1] 趟1: 站 → 车#27(到2.1/限249.6✓) → 车#21(到8.2/限240.0✓) → 车#3(到15.1/限32.0✓) → 车#11(到39.4/限83.2✓) → 车#1(到80.3/限96.0✓) → 站
[charge_scheduler-1] [INFO] [1785333943.616707114] [charge_scheduler]:   [充电车2] 趟2: 站 → 车#4(到1.4/限212.0✓) → 车#15(到11.5/限44.8✓) → 车#22(到37.3/限61.6✓) → 车#28(到71.7/限84.0✓) → 站
[charge_scheduler-1] [INFO] [1785333943.616751741] [charge_scheduler]:   [充电车3] 趟3: 站 → 车#12(到2.3/限230.4✓) → 车#8(到12.0/限196.0✓) → 车#9(到27.1/限116.0✓) → 车#7(到55.6/限64.0✓) → 车#13(到81.2/限128.8✓) → 站
[charge_scheduler-1] [INFO] [1785333943.616758095] [charge_scheduler]:   [充电车3] 趟4: 站 → 车#5(到129.6/限128.0✗超时) → 车#20(到174.5/限179.2✓) → 站
[charge_scheduler-1] [INFO] [1785333943.616769904] [charge_scheduler]:   [充电车2] 趟5: 站 → 车#24(到118.8/限112.0✗超时) → 车#0(到144.1/限168.0✓) → 车#6(到179.6/限176.0✗超时) → 站
[charge_scheduler-1] [INFO] [1785333943.616776544] [charge_scheduler]:   [充电车1] 趟6: 站 → 车#18(到119.0/限102.4✗超时) → 车#26(到147.3/限160.0✓) → 车#16(到193.6/限184.8✗超时) → 站
[charge_scheduler-1] [INFO] [1785333943.616781960] [charge_scheduler]:   [充电车3] 趟7: 站 → 车#10(到233.3/限224.0✗超时) → 车#25(到270.5/限280.0✓) → 站
[charge_scheduler-1] [INFO] [1785333943.616787721] [charge_scheduler]:   [充电车2] 趟8: 站 → 车#19(到239.5/限240.8✓) → 车#23(到277.1/限236.8✗超时) → 站
[charge_scheduler-1] [INFO] [1785333943.616793260] [charge_scheduler]:   [充电车1] 趟9: 站 → 车#29(到243.5/限198.4✗超时) → 车#2(到288.1/限288.0✗超时) → 站
[charge_scheduler-1] [INFO] [1785333943.616798485] [charge_scheduler]:   [充电车2] 趟10: 站 → 车#17(到336.8/限339.2✓) → 站
[charge_scheduler-1] [INFO] [1785333943.616803608] [charge_scheduler]:   [充电车3] 趟11: 站 → 车#14(到319.3/限300.8✗超时) → 站
[charge_scheduler-1] [INFO] [1785333943.616808062] [charge_scheduler]: ════════════════════════
[charge_scheduler-1] [INFO] [1785333943.616894648] [charge_scheduler]: [扰动清单] type=station delay=30.0min targets={} station={C1-S1,C2-S1,}
[charge_scheduler-1] [INFO] [1785333943.616911971] [charge_scheduler]: [执行事件] loop=open plan_v=0 C1 type=target_service target=27 station_ord=0 planned_finish=6.36 actual_finish=6.36 dev=+0.00 injected=0.0
[charge_scheduler-1] [INFO] [1785333943.616924858] [charge_scheduler]: [执行事件] loop=open plan_v=0 C3 type=target_service target=12 station_ord=0 planned_finish=8.58 actual_finish=8.58 dev=+0.00 injected=0.0
[charge_scheduler-1] [INFO] [1785333943.616931397] [charge_scheduler]: [执行事件] loop=open plan_v=0 C2 type=target_service target=4 station_ord=0 planned_finish=11.04 actual_finish=11.04 dev=+0.00 injected=0.0
[charge_scheduler-1] [INFO] [1785333943.616938479] [charge_scheduler]: [执行事件] loop=open plan_v=0 C1 type=target_service target=21 station_ord=0 planned_finish=14.00 actual_finish=14.00 dev=+0.00 injected=0.0
[charge_scheduler-1] [INFO] [1785333943.616945008] [charge_scheduler]: [执行事件] loop=open plan_v=0 C3 type=target_service target=8 station_ord=0 planned_finish=25.50 actual_finish=25.50 dev=+0.00 injected=0.0
[charge_scheduler-1] [INFO] [1785333943.616951522] [charge_scheduler]: [执行事件] loop=open plan_v=0 C2 type=target_service target=15 station_ord=0 planned_finish=34.81 actual_finish=34.81 dev=+0.00 injected=0.0
[charge_scheduler-1] [INFO] [1785333943.616960334] [charge_scheduler]: [执行事件] loop=open plan_v=0 C1 type=target_service target=3 station_ord=0 planned_finish=39.26 actual_finish=39.26 dev=+0.00 injected=0.0
[charge_scheduler-1] [INFO] [1785333943.616967270] [charge_scheduler]: [执行事件] loop=open plan_v=0 C3 type=target_service target=9 station_ord=0 planned_finish=54.62 actual_finish=54.62 dev=+0.00 injected=0.0
[charge_scheduler-1] [INFO] [1785333943.616974321] [charge_scheduler]: [执行事件] loop=open plan_v=0 C2 type=target_service target=22 station_ord=0 planned_finish=70.53 actual_finish=70.53 dev=+0.00 injected=0.0
[charge_scheduler-1] [INFO] [1785333943.616981311] [charge_scheduler]: [执行事件] loop=open plan_v=0 C1 type=target_service target=11 station_ord=0 planned_finish=79.14 actual_finish=79.14 dev=+0.00 injected=0.0
[charge_scheduler-1] [INFO] [1785333943.616988220] [charge_scheduler]: [执行事件] loop=open plan_v=0 C3 type=target_service target=7 station_ord=0 planned_finish=80.20 actual_finish=80.20 dev=+0.00 injected=0.0
[charge_scheduler-1] [INFO] [1785333943.616995142] [charge_scheduler]: [执行事件] loop=open plan_v=0 C1 type=target_service target=1 station_ord=0 planned_finish=104.45 actual_finish=104.45 dev=+0.00 injected=0.0
[charge_scheduler-1] [INFO] [1785333943.617003087] [charge_scheduler]: [执行事件] loop=open plan_v=0 C2 type=target_service target=28 station_ord=0 planned_finish=105.95 actual_finish=105.95 dev=+0.00 injected=0.0
[charge_scheduler-1] [INFO] [1785333943.617021453] [charge_scheduler]: [执行事件] loop=open plan_v=0 C3 type=target_service target=13 station_ord=0 planned_finish=112.42 actual_finish=112.42 dev=+0.00 injected=0.0
[charge_scheduler-1] [INFO] [1785333943.617031753] [charge_scheduler]: [执行事件] loop=open plan_v=0 C3 type=station_turnaround target=-1 station_ord=1 planned_finish=126.42 actual_finish=126.42 dev=+0.00 injected=0.0
[charge_scheduler-1] [INFO] [1785333943.617043166] [charge_scheduler]: [执行事件] loop=open plan_v=0 C1 type=station_turnaround target=-1 station_ord=1 planned_finish=116.87 actual_finish=146.87 dev=+30.00 injected=30.0
[charge_scheduler-1] [INFO] [1785333943.617062007] [charge_scheduler]: [执行事件] loop=open plan_v=0 C2 type=station_turnaround target=-1 station_ord=1 planned_finish=117.98 actual_finish=147.98 dev=+30.00 injected=30.0
[charge_scheduler-1] [INFO] [1785333943.617076140] [charge_scheduler]: [执行事件] loop=open plan_v=0 C3 type=target_service target=5 station_ord=0 planned_finish=173.35 actual_finish=173.35 dev=+0.00 injected=0.0
[charge_scheduler-1] [INFO] [1785333943.617087738] [charge_scheduler]: [执行事件] loop=open plan_v=0 C2 type=target_service target=24 station_ord=0 planned_finish=143.81 actual_finish=173.81 dev=+30.00 injected=0.0
[charge_scheduler-1] [INFO] [1785333943.617101053] [charge_scheduler]: [执行事件] loop=open plan_v=0 C1 type=target_service target=18 station_ord=0 planned_finish=144.00 actual_finish=174.00 dev=+30.00 injected=0.0
[charge_scheduler-1] [INFO] [1785333943.617112747] [charge_scheduler]: [执行事件] loop=open plan_v=0 C2 type=target_service target=0 station_ord=0 planned_finish=177.33 actual_finish=209.34 dev=+32.01 injected=0.0
[charge_scheduler-1] [INFO] [1785333943.617125078] [charge_scheduler]: [执行事件] loop=open plan_v=0 C3 type=target_service target=20 station_ord=0 planned_finish=217.80 actual_finish=217.80 dev=+0.00 injected=0.0
[charge_scheduler-1] [INFO] [1785333943.617133388] [charge_scheduler]: [执行事件] loop=open plan_v=0 C1 type=target_service target=26 station_ord=0 planned_finish=189.94 actual_finish=221.09 dev=+31.15 injected=0.0
[charge_scheduler-1] [INFO] [1785333943.617143618] [charge_scheduler]: [执行事件] loop=open plan_v=0 C3 type=station_turnaround target=-1 station_ord=2 planned_finish=229.20 actual_finish=229.20 dev=+0.00 injected=0.0
[charge_scheduler-1] [INFO] [1785333943.617155396] [charge_scheduler]: [执行事件] loop=open plan_v=0 C2 type=target_service target=6 station_ord=0 planned_finish=223.35 actual_finish=255.36 dev=+32.01 injected=0.0
[charge_scheduler-1] [INFO] [1785333943.617167097] [charge_scheduler]: [执行事件] loop=open plan_v=0 C1 type=target_service target=16 station_ord=0 planned_finish=228.89 actual_finish=260.05 dev=+31.15 injected=0.0
[charge_scheduler-1] [INFO] [1785333943.617175354] [charge_scheduler]: [执行事件] loop=open plan_v=0 C2 type=station_turnaround target=-1 station_ord=2 planned_finish=236.05 actual_finish=268.05 dev=+32.01 injected=0.0
[charge_scheduler-1] [INFO] [1785333943.617184038] [charge_scheduler]: [执行事件] loop=open plan_v=0 C3 type=target_service target=10 station_ord=0 planned_finish=268.58 actual_finish=268.58 dev=+0.00 injected=0.0
[charge_scheduler-1] [INFO] [1785333943.617192251] [charge_scheduler]: [执行事件] loop=open plan_v=0 C1 type=station_turnaround target=-1 station_ord=2 planned_finish=241.61 actual_finish=272.77 dev=+31.15 injected=0.0
[charge_scheduler-1] [INFO] [1785333943.617200334] [charge_scheduler]: [执行事件] loop=open plan_v=0 C3 type=target_service target=25 station_ord=0 planned_finish=305.00 actual_finish=305.00 dev=+0.00 injected=0.0
[charge_scheduler-1] [INFO] [1785333943.617208346] [charge_scheduler]: [执行事件] loop=open plan_v=0 C2 type=target_service target=19 station_ord=0 planned_finish=274.60 actual_finish=306.72 dev=+32.12 injected=0.0
[charge_scheduler-1] [INFO] [1785333943.617216320] [charge_scheduler]: [执行事件] loop=open plan_v=0 C3 type=station_turnaround target=-1 station_ord=3 planned_finish=316.28 actual_finish=316.28 dev=+0.00 injected=0.0
[charge_scheduler-1] [INFO] [1785333943.617224180] [charge_scheduler]: [执行事件] loop=open plan_v=0 C1 type=target_service target=29 station_ord=0 planned_finish=287.26 actual_finish=318.41 dev=+31.15 injected=0.0
[charge_scheduler-1] [INFO] [1785333943.617235552] [charge_scheduler]: [执行事件] loop=open plan_v=0 C2 type=target_service target=23 station_ord=0 planned_finish=320.87 actual_finish=352.99 dev=+32.12 injected=0.0
[charge_scheduler-1] [INFO] [1785333943.617243704] [charge_scheduler]: [执行事件] loop=open plan_v=0 C1 type=target_service target=2 station_ord=0 planned_finish=331.87 actual_finish=363.03 dev=+31.15 injected=0.0
[charge_scheduler-1] [INFO] [1785333943.617251893] [charge_scheduler]: [执行事件] loop=open plan_v=0 C3 type=target_service target=14 station_ord=0 planned_finish=363.08 actual_finish=363.08 dev=+0.00 injected=0.0
[charge_scheduler-1] [INFO] [1785333943.617259544] [charge_scheduler]: [执行事件] loop=open plan_v=0 C1 type=final_return target=-1 station_ord=0 planned_finish=333.80 actual_finish=364.95 dev=+31.15 injected=0.0
[charge_scheduler-1] [INFO] [1785333943.617267282] [charge_scheduler]: [执行事件] loop=open plan_v=0 C2 type=station_turnaround target=-1 station_ord=3 planned_finish=333.93 actual_finish=366.05 dev=+32.12 injected=0.0
[charge_scheduler-1] [INFO] [1785333943.617275145] [charge_scheduler]: [执行事件] loop=open plan_v=0 C3 type=final_return target=-1 station_ord=0 planned_finish=366.85 actual_finish=366.85 dev=+0.00 injected=0.0
[charge_scheduler-1] [INFO] [1785333943.617282760] [charge_scheduler]: [执行事件] loop=open plan_v=0 C2 type=target_service target=17 station_ord=0 planned_finish=380.37 actual_finish=412.71 dev=+32.33 injected=0.0
[charge_scheduler-1] [INFO] [1785333943.617291689] [charge_scheduler]: [执行事件] loop=open plan_v=0 C2 type=final_return target=-1 station_ord=0 planned_finish=383.16 actual_finish=415.50 dev=+32.33 injected=0.0
[charge_scheduler-1] [INFO] [1785333943.617311920] [charge_scheduler]: [执行事件] loop=fixed plan_v=0 C1 type=target_service target=27 station_ord=0 planned_finish=6.36 actual_finish=6.36 dev=+0.00 injected=0.0
[charge_scheduler-1] [INFO] [1785333943.617319488] [charge_scheduler]: [执行事件] loop=fixed plan_v=0 C3 type=target_service target=12 station_ord=0 planned_finish=8.58 actual_finish=8.58 dev=+0.00 injected=0.0
[charge_scheduler-1] [INFO] [1785333943.617326476] [charge_scheduler]: [执行事件] loop=fixed plan_v=0 C2 type=target_service target=4 station_ord=0 planned_finish=11.04 actual_finish=11.04 dev=+0.00 injected=0.0
[charge_scheduler-1] [INFO] [1785333943.617338647] [charge_scheduler]: [执行事件] loop=fixed plan_v=0 C1 type=target_service target=21 station_ord=0 planned_finish=14.00 actual_finish=14.00 dev=+0.00 injected=0.0
[charge_scheduler-1] [INFO] [1785333943.617346049] [charge_scheduler]: [执行事件] loop=fixed plan_v=0 C3 type=target_service target=8 station_ord=0 planned_finish=25.50 actual_finish=25.50 dev=+0.00 injected=0.0
[charge_scheduler-1] [INFO] [1785333943.617353583] [charge_scheduler]: [执行事件] loop=fixed plan_v=0 C2 type=target_service target=15 station_ord=0 planned_finish=34.81 actual_finish=34.81 dev=+0.00 injected=0.0
[charge_scheduler-1] [INFO] [1785333943.617362619] [charge_scheduler]: [执行事件] loop=fixed plan_v=0 C1 type=target_service target=3 station_ord=0 planned_finish=39.26 actual_finish=39.26 dev=+0.00 injected=0.0
[charge_scheduler-1] [INFO] [1785333943.617370587] [charge_scheduler]: [执行事件] loop=fixed plan_v=0 C3 type=target_service target=9 station_ord=0 planned_finish=54.62 actual_finish=54.62 dev=+0.00 injected=0.0
[charge_scheduler-1] [INFO] [1785333943.617377969] [charge_scheduler]: [执行事件] loop=fixed plan_v=0 C2 type=target_service target=22 station_ord=0 planned_finish=70.53 actual_finish=70.53 dev=+0.00 injected=0.0
[charge_scheduler-1] [INFO] [1785333943.617385592] [charge_scheduler]: [执行事件] loop=fixed plan_v=0 C1 type=target_service target=11 station_ord=0 planned_finish=79.14 actual_finish=79.14 dev=+0.00 injected=0.0
[charge_scheduler-1] [INFO] [1785333943.617393041] [charge_scheduler]: [执行事件] loop=fixed plan_v=0 C3 type=target_service target=7 station_ord=0 planned_finish=80.20 actual_finish=80.20 dev=+0.00 injected=0.0
[charge_scheduler-1] [INFO] [1785333943.617400570] [charge_scheduler]: [执行事件] loop=fixed plan_v=0 C1 type=target_service target=1 station_ord=0 planned_finish=104.45 actual_finish=104.45 dev=+0.00 injected=0.0
[charge_scheduler-1] [INFO] [1785333943.617408725] [charge_scheduler]: [执行事件] loop=fixed plan_v=0 C2 type=target_service target=28 station_ord=0 planned_finish=105.95 actual_finish=105.95 dev=+0.00 injected=0.0
[charge_scheduler-1] [INFO] [1785333943.617419238] [charge_scheduler]: [执行事件] loop=fixed plan_v=0 C3 type=target_service target=13 station_ord=0 planned_finish=112.42 actual_finish=112.42 dev=+0.00 injected=0.0
[charge_scheduler-1] [INFO] [1785333943.617427017] [charge_scheduler]: [执行事件] loop=fixed plan_v=0 C3 type=station_turnaround target=-1 station_ord=1 planned_finish=126.42 actual_finish=126.42 dev=+0.00 injected=0.0
[charge_scheduler-1] [INFO] [1785333943.617435323] [charge_scheduler]: [执行事件] loop=fixed plan_v=0 C1 type=station_turnaround target=-1 station_ord=1 planned_finish=116.87 actual_finish=146.87 dev=+30.00 injected=30.0
[charge_scheduler-1] [WARN] [1785333944.285748243] [charge_scheduler]: [重调度事件] policy=fixed #1 t=146.87min trigger=C1/station_turnaround dev=+30.00 pool=15 committed=1 plan_v=1 solve_ms=668.2 changed_assign=0 changed_order=7
[charge_scheduler-1] [INFO] [1785333944.285806380] [charge_scheduler]: [执行事件] loop=fixed plan_v=0 C2 type=station_turnaround target=-1 station_ord=1 planned_finish=117.98 actual_finish=147.98 dev=+30.00 injected=30.0
[charge_scheduler-1] [WARN] [1785333944.918082104] [charge_scheduler]: [重调度事件] policy=fixed #2 t=147.98min trigger=C2/station_turnaround dev=+30.00 pool=14 committed=2 plan_v=2 solve_ms=632.2 changed_assign=0 changed_order=6
[charge_scheduler-1] [INFO] [1785333944.918129012] [charge_scheduler]: [执行事件] loop=fixed plan_v=0 C3 type=target_service target=5 station_ord=0 planned_finish=173.35 actual_finish=173.35 dev=+0.00 injected=0.0
[charge_scheduler-1] [INFO] [1785333944.918138499] [charge_scheduler]: [执行事件] loop=fixed plan_v=2 C2 type=target_service target=24 station_ord=0 planned_finish=173.81 actual_finish=173.81 dev=+0.00 injected=0.0
[charge_scheduler-1] [INFO] [1785333944.918145438] [charge_scheduler]: [执行事件] loop=fixed plan_v=1 C1 type=target_service target=18 station_ord=0 planned_finish=174.00 actual_finish=174.00 dev=+0.00 injected=0.0
[charge_scheduler-1] [INFO] [1785333944.918151326] [charge_scheduler]: [执行事件] loop=fixed plan_v=2 C1 type=target_service target=16 station_ord=0 planned_finish=209.04 actual_finish=209.04 dev=+0.00 injected=0.0
[charge_scheduler-1] [INFO] [1785333944.918157072] [charge_scheduler]: [执行事件] loop=fixed plan_v=2 C2 type=target_service target=0 station_ord=0 planned_finish=209.34 actual_finish=209.34 dev=+0.00 injected=0.0
[charge_scheduler-1] [INFO] [1785333944.918162759] [charge_scheduler]: [执行事件] loop=fixed plan_v=2 C3 type=target_service target=20 station_ord=0 planned_finish=217.80 actual_finish=217.80 dev=+0.00 injected=0.0
[charge_scheduler-1] [INFO] [1785333944.918169493] [charge_scheduler]: [执行事件] loop=fixed plan_v=2 C3 type=station_turnaround target=-1 station_ord=2 planned_finish=229.20 actual_finish=229.20 dev=+0.00 injected=0.0
[charge_scheduler-1] [INFO] [1785333944.918175527] [charge_scheduler]: [执行事件] loop=fixed plan_v=2 C2 type=target_service target=19 station_ord=0 planned_finish=245.06 actual_finish=245.06 dev=+0.00 injected=0.0
[charge_scheduler-1] [INFO] [1785333944.918181309] [charge_scheduler]: [执行事件] loop=fixed plan_v=2 C1 type=target_service target=29 station_ord=0 planned_finish=254.14 actual_finish=254.14 dev=+0.00 injected=0.0
[charge_scheduler-1] [INFO] [1785333944.918186792] [charge_scheduler]: [执行事件] loop=fixed plan_v=2 C2 type=station_turnaround target=-1 station_ord=2 planned_finish=257.26 actual_finish=257.26 dev=+0.00 injected=0.0
[charge_scheduler-1] [INFO] [1785333944.918192338] [charge_scheduler]: [执行事件] loop=fixed plan_v=2 C1 type=station_turnaround target=-1 station_ord=2 planned_finish=266.31 actual_finish=266.31 dev=+0.00 injected=0.0
[charge_scheduler-1] [INFO] [1785333944.918197731] [charge_scheduler]: [执行事件] loop=fixed plan_v=2 C3 type=target_service target=10 station_ord=0 planned_finish=268.58 actual_finish=268.58 dev=+0.00 injected=0.0
[charge_scheduler-1] [INFO] [1785333944.918203416] [charge_scheduler]: [执行事件] loop=fixed plan_v=2 C2 type=target_service target=23 station_ord=0 planned_finish=303.55 actual_finish=303.55 dev=+0.00 injected=0.0
[charge_scheduler-1] [INFO] [1785333944.918209071] [charge_scheduler]: [执行事件] loop=fixed plan_v=2 C3 type=target_service target=25 station_ord=0 planned_finish=305.00 actual_finish=305.00 dev=+0.00 injected=0.0
[charge_scheduler-1] [INFO] [1785333944.918238086] [charge_scheduler]: [执行事件] loop=fixed plan_v=2 C1 type=target_service target=26 station_ord=0 planned_finish=312.59 actual_finish=312.59 dev=+0.00 injected=0.0
[charge_scheduler-1] [INFO] [1785333944.918244132] [charge_scheduler]: [执行事件] loop=fixed plan_v=2 C3 type=station_turnaround target=-1 station_ord=3 planned_finish=316.28 actual_finish=316.28 dev=+0.00 injected=0.0
[charge_scheduler-1] [INFO] [1785333944.918249912] [charge_scheduler]: [执行事件] loop=fixed plan_v=2 C2 type=target_service target=6 station_ord=0 planned_finish=351.06 actual_finish=351.06 dev=+0.00 injected=0.0
[charge_scheduler-1] [INFO] [1785333944.918255690] [charge_scheduler]: [执行事件] loop=fixed plan_v=2 C1 type=target_service target=2 station_ord=0 planned_finish=359.50 actual_finish=359.50 dev=+0.00 injected=0.0
[charge_scheduler-1] [INFO] [1785333944.918261249] [charge_scheduler]: [执行事件] loop=fixed plan_v=2 C1 type=final_return target=-1 station_ord=0 planned_finish=361.43 actual_finish=361.43 dev=+0.00 injected=0.0
[charge_scheduler-1] [INFO] [1785333944.918266664] [charge_scheduler]: [执行事件] loop=fixed plan_v=2 C3 type=target_service target=14 station_ord=0 planned_finish=363.08 actual_finish=363.08 dev=+0.00 injected=0.0
[charge_scheduler-1] [INFO] [1785333944.918272085] [charge_scheduler]: [执行事件] loop=fixed plan_v=2 C2 type=station_turnaround target=-1 station_ord=3 planned_finish=363.76 actual_finish=363.76 dev=+0.00 injected=0.0
[charge_scheduler-1] [INFO] [1785333944.918277568] [charge_scheduler]: [执行事件] loop=fixed plan_v=2 C3 type=final_return target=-1 station_ord=0 planned_finish=366.85 actual_finish=366.85 dev=+0.00 injected=0.0
[charge_scheduler-1] [INFO] [1785333944.918282864] [charge_scheduler]: [执行事件] loop=fixed plan_v=2 C2 type=target_service target=17 station_ord=0 planned_finish=410.41 actual_finish=410.41 dev=+0.00 injected=0.0
[charge_scheduler-1] [INFO] [1785333944.918288208] [charge_scheduler]: [执行事件] loop=fixed plan_v=2 C2 type=final_return target=-1 station_ord=0 planned_finish=413.20 actual_finish=413.20 dev=+0.00 injected=0.0
[charge_scheduler-1] [INFO] [1785333944.918313315] [charge_scheduler]: [执行事件] loop=global plan_v=0 C1 type=target_service target=27 station_ord=0 planned_finish=6.36 actual_finish=6.36 dev=+0.00 injected=0.0
[charge_scheduler-1] [INFO] [1785333944.918319389] [charge_scheduler]: [执行事件] loop=global plan_v=0 C3 type=target_service target=12 station_ord=0 planned_finish=8.58 actual_finish=8.58 dev=+0.00 injected=0.0
[charge_scheduler-1] [INFO] [1785333944.918324920] [charge_scheduler]: [执行事件] loop=global plan_v=0 C2 type=target_service target=4 station_ord=0 planned_finish=11.04 actual_finish=11.04 dev=+0.00 injected=0.0
[charge_scheduler-1] [INFO] [1785333944.918330834] [charge_scheduler]: [执行事件] loop=global plan_v=0 C1 type=target_service target=21 station_ord=0 planned_finish=14.00 actual_finish=14.00 dev=+0.00 injected=0.0
[charge_scheduler-1] [INFO] [1785333944.918336521] [charge_scheduler]: [执行事件] loop=global plan_v=0 C3 type=target_service target=8 station_ord=0 planned_finish=25.50 actual_finish=25.50 dev=+0.00 injected=0.0
[charge_scheduler-1] [INFO] [1785333944.918342099] [charge_scheduler]: [执行事件] loop=global plan_v=0 C2 type=target_service target=15 station_ord=0 planned_finish=34.81 actual_finish=34.81 dev=+0.00 injected=0.0
[charge_scheduler-1] [INFO] [1785333944.918350579] [charge_scheduler]: [执行事件] loop=global plan_v=0 C1 type=target_service target=3 station_ord=0 planned_finish=39.26 actual_finish=39.26 dev=+0.00 injected=0.0
[charge_scheduler-1] [INFO] [1785333944.918355803] [charge_scheduler]: [执行事件] loop=global plan_v=0 C3 type=target_service target=9 station_ord=0 planned_finish=54.62 actual_finish=54.62 dev=+0.00 injected=0.0
[charge_scheduler-1] [INFO] [1785333944.918361007] [charge_scheduler]: [执行事件] loop=global plan_v=0 C2 type=target_service target=22 station_ord=0 planned_finish=70.53 actual_finish=70.53 dev=+0.00 injected=0.0
[charge_scheduler-1] [INFO] [1785333944.918366360] [charge_scheduler]: [执行事件] loop=global plan_v=0 C1 type=target_service target=11 station_ord=0 planned_finish=79.14 actual_finish=79.14 dev=+0.00 injected=0.0
[charge_scheduler-1] [INFO] [1785333944.918371620] [charge_scheduler]: [执行事件] loop=global plan_v=0 C3 type=target_service target=7 station_ord=0 planned_finish=80.20 actual_finish=80.20 dev=+0.00 injected=0.0
[charge_scheduler-1] [INFO] [1785333944.918379543] [charge_scheduler]: [执行事件] loop=global plan_v=0 C1 type=target_service target=1 station_ord=0 planned_finish=104.45 actual_finish=104.45 dev=+0.00 injected=0.0
[charge_scheduler-1] [INFO] [1785333944.918386253] [charge_scheduler]: [执行事件] loop=global plan_v=0 C2 type=target_service target=28 station_ord=0 planned_finish=105.95 actual_finish=105.95 dev=+0.00 injected=0.0
[charge_scheduler-1] [INFO] [1785333944.918392140] [charge_scheduler]: [执行事件] loop=global plan_v=0 C3 type=target_service target=13 station_ord=0 planned_finish=112.42 actual_finish=112.42 dev=+0.00 injected=0.0
[charge_scheduler-1] [INFO] [1785333944.918397677] [charge_scheduler]: [执行事件] loop=global plan_v=0 C3 type=station_turnaround target=-1 station_ord=1 planned_finish=126.42 actual_finish=126.42 dev=+0.00 injected=0.0
[charge_scheduler-1] [INFO] [1785333944.918403670] [charge_scheduler]: [执行事件] loop=global plan_v=0 C1 type=station_turnaround target=-1 station_ord=1 planned_finish=116.87 actual_finish=146.87 dev=+30.00 injected=30.0
[charge_scheduler-1] [WARN] [1785333948.319426999] [charge_scheduler]: [重调度事件] policy=global #1 t=146.87min trigger=C1/station_turnaround dev=+30.00 pool=15 committed=1 plan_v=1 solve_ms=3401.0 changed_assign=7 changed_order=9
[charge_scheduler-1] [INFO] [1785333948.319489204] [charge_scheduler]: [执行事件] loop=global plan_v=0 C2 type=station_turnaround target=-1 station_ord=1 planned_finish=117.98 actual_finish=147.98 dev=+30.00 injected=30.0
[charge_scheduler-1] [WARN] [1785333951.246465792] [charge_scheduler]: [重调度事件] policy=global #2 t=147.98min trigger=C2/station_turnaround dev=+30.00 pool=14 committed=2 plan_v=2 solve_ms=2926.9 changed_assign=0 changed_order=2
[charge_scheduler-1] [INFO] [1785333951.246527802] [charge_scheduler]: [执行事件] loop=global plan_v=0 C3 type=target_service target=5 station_ord=0 planned_finish=173.35 actual_finish=173.35 dev=+0.00 injected=0.0
[charge_scheduler-1] [INFO] [1785333951.246538733] [charge_scheduler]: [执行事件] loop=global plan_v=2 C2 type=target_service target=24 station_ord=0 planned_finish=173.81 actual_finish=173.81 dev=+0.00 injected=0.0
[charge_scheduler-1] [INFO] [1785333951.246545600] [charge_scheduler]: [执行事件] loop=global plan_v=1 C1 type=target_service target=18 station_ord=0 planned_finish=174.00 actual_finish=174.00 dev=+0.00 injected=0.0
[charge_scheduler-1] [INFO] [1785333951.246552666] [charge_scheduler]: [执行事件] loop=global plan_v=2 C1 type=target_service target=16 station_ord=0 planned_finish=209.04 actual_finish=209.04 dev=+0.00 injected=0.0
[charge_scheduler-1] [INFO] [1785333951.246559302] [charge_scheduler]: [执行事件] loop=global plan_v=2 C2 type=target_service target=0 station_ord=0 planned_finish=209.34 actual_finish=209.34 dev=+0.00 injected=0.0
[charge_scheduler-1] [INFO] [1785333951.246565814] [charge_scheduler]: [执行事件] loop=global plan_v=2 C3 type=target_service target=20 station_ord=0 planned_finish=217.80 actual_finish=217.80 dev=+0.00 injected=0.0
[charge_scheduler-1] [INFO] [1785333951.246583115] [charge_scheduler]: [执行事件] loop=global plan_v=2 C3 type=station_turnaround target=-1 station_ord=2 planned_finish=229.20 actual_finish=229.20 dev=+0.00 injected=0.0
[charge_scheduler-1] [INFO] [1785333951.246591595] [charge_scheduler]: [执行事件] loop=global plan_v=2 C2 type=target_service target=10 station_ord=0 planned_finish=247.25 actual_finish=247.25 dev=+0.00 injected=0.0
[charge_scheduler-1] [INFO] [1785333951.246604345] [charge_scheduler]: [执行事件] loop=global plan_v=2 C1 type=target_service target=6 station_ord=0 planned_finish=253.04 actual_finish=253.04 dev=+0.00 injected=0.0
[charge_scheduler-1] [INFO] [1785333951.246612384] [charge_scheduler]: [执行事件] loop=global plan_v=2 C2 type=station_turnaround target=-1 station_ord=2 planned_finish=258.90 actual_finish=258.90 dev=+0.00 injected=0.0
[charge_scheduler-1] [INFO] [1785333951.246620243] [charge_scheduler]: [执行事件] loop=global plan_v=2 C1 type=station_turnaround target=-1 station_ord=2 planned_finish=265.74 actual_finish=265.74 dev=+0.00 injected=0.0
[charge_scheduler-1] [INFO] [1785333951.246630990] [charge_scheduler]: [执行事件] loop=global plan_v=2 C3 type=target_service target=29 station_ord=0 planned_finish=274.85 actual_finish=274.85 dev=+0.00 injected=0.0
[charge_scheduler-1] [INFO] [1785333951.246638824] [charge_scheduler]: [执行事件] loop=global plan_v=2 C2 type=target_service target=19 station_ord=0 planned_finish=297.56 actual_finish=297.56 dev=+0.00 injected=0.0
[charge_scheduler-1] [INFO] [1785333951.246672266] [charge_scheduler]: [执行事件] loop=global plan_v=2 C1 type=target_service target=26 station_ord=0 planned_finish=312.02 actual_finish=312.02 dev=+0.00 injected=0.0
[charge_scheduler-1] [INFO] [1785333951.246680018] [charge_scheduler]: [执行事件] loop=global plan_v=2 C3 type=target_service target=23 station_ord=0 planned_finish=320.56 actual_finish=320.56 dev=+0.00 injected=0.0
[charge_scheduler-1] [INFO] [1785333951.246687643] [charge_scheduler]: [执行事件] loop=global plan_v=2 C3 type=station_turnaround target=-1 station_ord=3 planned_finish=333.63 actual_finish=333.63 dev=+0.00 injected=0.0
[charge_scheduler-1] [INFO] [1785333951.246695353] [charge_scheduler]: [执行事件] loop=global plan_v=2 C2 type=target_service target=25 station_ord=0 planned_finish=335.39 actual_finish=335.39 dev=+0.00 injected=0.0
[charge_scheduler-1] [INFO] [1785333951.246702958] [charge_scheduler]: [执行事件] loop=global plan_v=2 C2 type=station_turnaround target=-1 station_ord=3 planned_finish=346.67 actual_finish=346.67 dev=+0.00 injected=0.0
[charge_scheduler-1] [INFO] [1785333951.246710744] [charge_scheduler]: [执行事件] loop=global plan_v=2 C1 type=target_service target=14 station_ord=0 planned_finish=358.47 actual_finish=358.47 dev=+0.00 injected=0.0
[charge_scheduler-1] [INFO] [1785333951.246718429] [charge_scheduler]: [执行事件] loop=global plan_v=2 C1 type=final_return target=-1 station_ord=0 planned_finish=362.24 actual_finish=362.24 dev=+0.00 injected=0.0
[charge_scheduler-1] [INFO] [1785333951.246726071] [charge_scheduler]: [执行事件] loop=global plan_v=2 C3 type=target_service target=2 station_ord=0 planned_finish=379.42 actual_finish=379.42 dev=+0.00 injected=0.0
[charge_scheduler-1] [INFO] [1785333951.246733684] [charge_scheduler]: [执行事件] loop=global plan_v=2 C3 type=final_return target=-1 station_ord=0 planned_finish=381.34 actual_finish=381.34 dev=+0.00 injected=0.0
[charge_scheduler-1] [INFO] [1785333951.246741036] [charge_scheduler]: [执行事件] loop=global plan_v=2 C2 type=target_service target=17 station_ord=0 planned_finish=393.32 actual_finish=393.32 dev=+0.00 injected=0.0
[charge_scheduler-1] [INFO] [1785333951.246748362] [charge_scheduler]: [执行事件] loop=global plan_v=2 C2 type=final_return target=-1 station_ord=0 planned_finish=396.12 actual_finish=396.12 dev=+0.00 injected=0.0
[charge_scheduler-1] [INFO] [1785333951.246766983] [charge_scheduler]: ★闭环实验结果 mode=open M=30 K=3 disturbance=station delay=30.0 seed=6 N_late=14 T_overtime=452.297 C_total=5804.492 makespan=415.498 served=30 energy_viol=4 reschedules=0 reschedule_ms=0.000 changed_assign=0 changed_order=0 applied_target=0 applied_station=2 initial_solve_ms=50623.263 objective_order=Tover,Nlate,Ctotal
[charge_scheduler-1] [INFO] [1785333951.246781907] [charge_scheduler]: ★闭环实验结果 mode=fixed M=30 K=3 disturbance=station delay=30.0 seed=6 N_late=12 T_overtime=449.301 C_total=5633.442 makespan=413.204 served=30 energy_viol=0 reschedules=2 reschedule_ms=1300.453 changed_assign=0 changed_order=13 applied_target=0 applied_station=2 initial_solve_ms=50623.263 objective_order=Tover,Nlate,Ctotal
[charge_scheduler-1] [INFO] [1785333951.246793431] [charge_scheduler]: ★闭环实验收益 policy=fixed M=30 K=3 disturbance=station delay=30.0 seed=6 recovered_late=2 overtime_reduction=2.997 distance_delta=-171.050 makespan_reduction=2.295
[charge_scheduler-1] [INFO] [1785333951.246801864] [charge_scheduler]: ★闭环实验结果 mode=closed M=30 K=3 disturbance=station delay=30.0 seed=6 N_late=13 T_overtime=418.972 C_total=5363.414 makespan=396.116 served=30 energy_viol=0 reschedules=2 reschedule_ms=6327.927 changed_assign=7 changed_order=11 applied_target=0 applied_station=2 initial_solve_ms=50623.263 objective_order=Tover,Nlate,Ctotal
[charge_scheduler-1] [INFO] [1785333951.246813367] [charge_scheduler]: ★闭环实验收益 policy=closed M=30 K=3 disturbance=station delay=30.0 seed=6 recovered_late=1 overtime_reduction=33.325 distance_delta=-441.079 makespan_reduction=19.382
