[INFO] [launch]: All log files can be found below /root/.ros/log/2026-07-29-13-00-33-729397-YYYY-13557
[INFO] [launch]: Default logging verbosity is set to INFO
[INFO] [charge_scheduler-1]: process started with pid [13559]
[charge_scheduler-1] [INFO] [1785330033.872430925] [charge_scheduler]: [目标顺序] objective_order=Tover,Nlate,Ctotal
[charge_scheduler-1] [INFO] [1785330033.876035679] [charge_scheduler]: [Scheduler] 20辆车 | 电池800.0kWh(20%=160.0 80%=640.0) | 充电360kW效率97% | 行驶0.6kWh/km | 桩350kW
[charge_scheduler-1] [INFO] [1785330033.876084692] [charge_scheduler]: [Scheduler] 站端周转: 换电 10 min(换后满电) | 单趟可用 640 kWh
[charge_scheduler-1] [INFO] [1785330033.876094297] [charge_scheduler]:   车#0 [电动装载机282|light] 位置(-47.3,-2.6) 容量282kWh 剩余35% | α=6→6min/% τ=168min → 需130.8kWh(充21.2min)
[charge_scheduler-1] [INFO] [1785330033.876108124] [charge_scheduler]:   车#1 [重型叉车|light] 位置(-44.0,-64.1) 容量200kWh 剩余20% | α=6→6min/% τ=96min → 需123.7kWh(充20.0min)
[charge_scheduler-1] [INFO] [1785330033.876119513] [charge_scheduler]:   车#2 [电动装载机350|light] 位置(-51.1,-38.8) 容量350kWh 剩余50% | α=6→6min/% τ=288min → 需108.2kWh(充17.5min)
[charge_scheduler-1] [INFO] [1785330033.876130977] [charge_scheduler]:   车#3 [重型叉车|light] 位置(-71.0,-19.0) 容量200kWh 剩余10% | α=6→6min/% τ=32min → 需144.3kWh(充23.3min)
[charge_scheduler-1] [INFO] [1785330033.876144274] [charge_scheduler]:   车#4 [电动装载机282|heavy→降级] 位置(-93.3,6.6) 容量282kWh 剩余60% | α=3→6min/% τ=212min → 需58.1kWh(充9.4min)
[charge_scheduler-1] [INFO] [1785330033.876155987] [charge_scheduler]:   车#5 [电动装载机350|light] 位置(-104.4,47.7) 容量350kWh 剩余25% | α=6→6min/% τ=128min → 需198.5kWh(充32.1min)
[charge_scheduler-1] [INFO] [1785330033.876167358] [charge_scheduler]:   车#6 [电动装载机350|heavy→降级] 位置(-37.0,-75.1) 容量350kWh 剩余40% | α=4→6min/% τ=176min → 需144.3kWh(充23.3min)
[charge_scheduler-1] [INFO] [1785330033.876178652] [charge_scheduler]:   车#7 [重型叉车|light] 位置(-88.8,-37.1) 容量200kWh 剩余15% | α=6→6min/% τ=64min → 需134.0kWh(充21.7min)
[charge_scheduler-1] [INFO] [1785330033.876190086] [charge_scheduler]:   车#8 [电动装载机282|heavy→降级] 位置(-70.9,27.7) 容量282kWh 剩余55% | α=3→6min/% τ=196min → 需72.7kWh(充11.8min)
[charge_scheduler-1] [INFO] [1785330033.876202374] [charge_scheduler]:   车#9 [电动装载机282|heavy→降级] 位置(-35.4,-47.4) 容量282kWh 剩余30% | α=3→6min/% τ=116min → 需145.4kWh(充23.5min)
[charge_scheduler-1] [INFO] [1785330033.876214678] [charge_scheduler]:   车#10 [电动装载机282|light] 位置(-100.0,-1.0) 容量282kWh 剩余45% | α=6→6min/% τ=224min → 需101.8kWh(充16.4min)
[charge_scheduler-1] [INFO] [1785330033.876243839] [charge_scheduler]:   车#11 [电动装载机350|light] 位置(-72.8,-15.6) 容量350kWh 剩余18% | α=6→6min/% τ=83min → 需223.7kWh(充36.2min)
[charge_scheduler-1] [INFO] [1785330033.876256523] [charge_scheduler]:   车#12 [重型叉车|heavy→降级] 位置(-61.7,-20.7) 容量200kWh 剩余62% | α=3→6min/% τ=230min → 需37.1kWh(充6.0min)
[charge_scheduler-1] [INFO] [1785330033.876266872] [charge_scheduler]:   车#13 [电动装载机282|light] 位置(-133.0,-25.3) 容量282kWh 剩余28% | α=6→6min/% τ=129min → 需151.2kWh(充24.4min)
[charge_scheduler-1] [INFO] [1785330033.876277747] [charge_scheduler]:   车#14 [电动装载机350|light] 位置(-132.0,-8.9) 容量350kWh 剩余52% | α=6→6min/% τ=301min → 需101.0kWh(充16.3min)
[charge_scheduler-1] [INFO] [1785330033.876288957] [charge_scheduler]:   车#15 [重型叉车|light] 位置(-120.0,7.9) 容量200kWh 剩余12% | α=6→6min/% τ=45min → 需140.2kWh(充22.7min)
[charge_scheduler-1] [INFO] [1785330033.876298487] [charge_scheduler]:   车#16 [电动装载机282|light] 位置(-43.8,-82.9) 容量282kWh 剩余38% | α=6→6min/% τ=185min → 需122.1kWh(充19.7min)
[charge_scheduler-1] [INFO] [1785330033.876308713] [charge_scheduler]:   车#17 [电动装载机350|light] 位置(-31.1,-74.7) 容量350kWh 剩余58% | α=6→6min/% τ=339min → 需79.4kWh(充12.8min)
[charge_scheduler-1] [INFO] [1785330033.876321977] [charge_scheduler]:   车#18 [重型叉车|heavy→降级] 位置(-75.4,-68.2) 容量200kWh 剩余22% | α=3→6min/% τ=102min → 需119.6kWh(充19.3min)
[charge_scheduler-1] [INFO] [1785330033.876334343] [charge_scheduler]:   车#19 [电动装载机282|light] 位置(-88.2,47.1) 容量282kWh 剩余48% | α=6→6min/% τ=241min → 需93.0kWh(充15.0min)
[charge_scheduler-1] [INFO] [1785330033.885089958] [charge_scheduler]: [Scheduler] 闭环接口: threshold=10.0min | event_sim=on | policy=all | structured_feedback=optional (/task_planner/execution_event)
[charge_scheduler-1] [INFO] [1785330033.885363044] [charge_scheduler]: [Scheduler] 已启动, 等待地图...
[charge_scheduler-1] [INFO] [1785330033.943614160] [charge_scheduler]: [Scheduler] RoutingGraph 就绪
[charge_scheduler-1] [INFO] [1785330033.943965590] [charge_scheduler]: [Scheduler] 提取到 6 条虚线捷径
[charge_scheduler-1] [INFO] [1785330033.958016914] [charge_scheduler]: [Scheduler] 下层兼容增强图: 166 节点, 6 条虚线掉头边
[charge_scheduler-1] [INFO] [1785330037.177510117] [charge_scheduler]: [Scheduler] 距离矩阵完成 21x21, 3219.4 ms | 模式=maneuver | 真实不可达=0 抽象不可达=0 | 缺少对向投影节点=0
[charge_scheduler-1] [INFO] [1785330037.177603038] [charge_scheduler]:   ✓ 比值自检：420 个 OD 满足 机动/直线≥1 | 均值=2.70 最大=41.42 (车#4→车#10)
[charge_scheduler-1] [INFO] [1785330037.177621016] [charge_scheduler]: [Scheduler] 地图就绪, 166 条 lanelet（与下层一致）
[charge_scheduler-1] [INFO] [1785330037.177694788] [charge_scheduler]: ======== 开始VRPTW调度 20 辆车 ========
[charge_scheduler-1] [INFO] [1785330037.177705620] [charge_scheduler]:   规模20>8 → 启发式(alns)
[charge_scheduler-1] [INFO] [1785330049.939214745] [charge_scheduler]: [ALNS] objective_order=Tover,Nlate,Ctotal seed=7 iters=15000 | N_late=6(成功率70.0%) T_overtime=110.2min C_total=3922.5m | 趟数=8 makespan=387.0min
[charge_scheduler-1] [INFO] [1785330049.939274313] [charge_scheduler]:   求解耗时 12761.6 ms
[charge_scheduler-1] [INFO] [1785330049.939284262] [charge_scheduler]: ════════ 调度结果 ════════
[charge_scheduler-1] [INFO] [1785330049.939290026] [charge_scheduler]:   ★目标(字典序): objective_order=Tover,Nlate,Ctotal | N_late=6 辆 (按时成功率 14/20 = 70.0%)  T_overtime=110.2min  C_total=3922.5m
[charge_scheduler-1] [INFO] [1785330049.939297901] [charge_scheduler]:   附: 趟数=8 | makespan=387.0min | 能量可行=是
[charge_scheduler-1] [INFO] [1785330049.939314335] [charge_scheduler]:   [充电车2] 趟1: 站 → 车#4(到1.4/限212.0✓) → 车#8(到13.7/限196.0✓) → 车#3(到28.2/限32.0✓) → 车#11(到53.2/限83.2✓) → 站
[charge_scheduler-1] [INFO] [1785330049.939322992] [charge_scheduler]:   [充电车1] 趟2: 站 → 车#12(到2.3/限230.4✓) → 车#15(到9.8/限44.8✓) → 车#7(到34.9/限64.0✓) → 车#18(到59.3/限102.4✓) → 车#1(到83.2/限96.0✓) → 站
[charge_scheduler-1] [INFO] [1785330049.939330003] [charge_scheduler]:   [充电车2] 趟3: 站 → 车#13(到109.5/限128.8✓) → 车#5(到144.8/限128.0✗超时) → 站
[charge_scheduler-1] [INFO] [1785330049.939337907] [charge_scheduler]:   [充电车1] 趟4: 站 → 车#9(到122.1/限116.0✗超时) → 车#0(到158.9/限168.0✓) → 车#10(到197.0/限224.0✓) → 站
[charge_scheduler-1] [INFO] [1785330049.939344577] [charge_scheduler]:   [充电车2] 趟5: 站 → 车#16(到203.5/限184.8✗超时) → 车#6(到239.0/限176.0✗超时) → 站
[charge_scheduler-1] [INFO] [1785330049.939351350] [charge_scheduler]:   [充电车1] 趟6: 站 → 车#19(到245.0/限240.8✗超时) → 车#2(到282.4/限288.0✓) → 站
[charge_scheduler-1] [INFO] [1785330049.939356897] [charge_scheduler]:   [充电车1] 趟7: 站 → 车#17(到340.5/限339.2✗超时) → 站
[charge_scheduler-1] [INFO] [1785330049.939362458] [charge_scheduler]:   [充电车2] 趟8: 站 → 车#14(到298.5/限300.8✓) → 站
[charge_scheduler-1] [INFO] [1785330049.939367698] [charge_scheduler]: ════════════════════════
[charge_scheduler-1] [INFO] [1785330049.939424038] [charge_scheduler]: [扰动清单] type=combined delay=60.0min targets={7,9,} station={C1-S1,C2-S1,}
[charge_scheduler-1] [INFO] [1785330049.939439597] [charge_scheduler]: [执行事件] loop=open plan_v=0 C1 type=target_service target=12 station_ord=0 planned_finish=8.58 actual_finish=8.58 dev=+0.00 injected=0.0
[charge_scheduler-1] [INFO] [1785330049.939448944] [charge_scheduler]: [执行事件] loop=open plan_v=0 C2 type=target_service target=4 station_ord=0 planned_finish=11.04 actual_finish=11.04 dev=+0.00 injected=0.0
[charge_scheduler-1] [INFO] [1785330049.939456684] [charge_scheduler]: [执行事件] loop=open plan_v=0 C2 type=target_service target=8 station_ord=0 planned_finish=27.46 actual_finish=27.46 dev=+0.00 injected=0.0
[charge_scheduler-1] [INFO] [1785330049.939465439] [charge_scheduler]: [执行事件] loop=open plan_v=0 C1 type=target_service target=15 station_ord=0 planned_finish=33.02 actual_finish=33.02 dev=+0.00 injected=0.0
[charge_scheduler-1] [INFO] [1785330049.939501285] [charge_scheduler]: [执行事件] loop=open plan_v=0 C2 type=target_service target=3 station_ord=0 planned_finish=53.05 actual_finish=53.05 dev=+0.00 injected=0.0
[charge_scheduler-1] [INFO] [1785330049.939514951] [charge_scheduler]: [执行事件] loop=open plan_v=0 C2 type=target_service target=11 station_ord=0 planned_finish=94.18 actual_finish=94.18 dev=+0.00 injected=0.0
[charge_scheduler-1] [INFO] [1785330049.939523739] [charge_scheduler]: [执行事件] loop=open plan_v=0 C1 type=target_service target=7 station_ord=0 planned_finish=58.39 actual_finish=118.39 dev=+60.00 injected=60.0
[charge_scheduler-1] [INFO] [1785330049.939532339] [charge_scheduler]: [执行事件] loop=open plan_v=0 C1 type=target_service target=18 station_ord=0 planned_finish=82.05 actual_finish=144.29 dev=+62.25 injected=0.0
[charge_scheduler-1] [INFO] [1785330049.939540331] [charge_scheduler]: [执行事件] loop=open plan_v=0 C2 type=station_turnaround target=-1 station_ord=1 planned_finish=106.67 actual_finish=166.67 dev=+60.00 injected=60.0
[charge_scheduler-1] [INFO] [1785330049.939549026] [charge_scheduler]: [执行事件] loop=open plan_v=0 C1 type=target_service target=1 station_ord=0 planned_finish=107.54 actual_finish=170.45 dev=+62.91 injected=0.0
[charge_scheduler-1] [INFO] [1785330049.939557921] [charge_scheduler]: [执行事件] loop=open plan_v=0 C2 type=target_service target=13 station_ord=0 planned_finish=143.09 actual_finish=204.72 dev=+61.62 injected=0.0
[charge_scheduler-1] [INFO] [1785330049.939566119] [charge_scheduler]: [执行事件] loop=open plan_v=0 C1 type=station_turnaround target=-1 station_ord=1 planned_finish=119.97 actual_finish=242.88 dev=+122.91 injected=60.0
[charge_scheduler-1] [INFO] [1785330049.939576166] [charge_scheduler]: [执行事件] loop=open plan_v=0 C2 type=target_service target=5 station_ord=0 planned_finish=188.53 actual_finish=250.15 dev=+61.62 injected=0.0
[charge_scheduler-1] [INFO] [1785330049.939584293] [charge_scheduler]: [执行事件] loop=open plan_v=0 C2 type=station_turnaround target=-1 station_ord=2 planned_finish=200.96 actual_finish=262.59 dev=+61.62 injected=0.0
[charge_scheduler-1] [INFO] [1785330049.939593933] [charge_scheduler]: [执行事件] loop=open plan_v=0 C2 type=target_service target=16 station_ord=0 planned_finish=238.79 actual_finish=300.41 dev=+61.62 injected=0.0
[charge_scheduler-1] [INFO] [1785330049.939602774] [charge_scheduler]: [执行事件] loop=open plan_v=0 C1 type=target_service target=9 station_ord=0 planned_finish=157.39 actual_finish=340.30 dev=+182.91 injected=60.0
[charge_scheduler-1] [INFO] [1785330049.939611825] [charge_scheduler]: [执行事件] loop=open plan_v=0 C2 type=target_service target=6 station_ord=0 planned_finish=282.80 actual_finish=344.42 dev=+61.62 injected=0.0
[charge_scheduler-1] [INFO] [1785330049.939620104] [charge_scheduler]: [执行事件] loop=open plan_v=0 C2 type=station_turnaround target=-1 station_ord=3 planned_finish=295.50 actual_finish=357.12 dev=+61.62 injected=0.0
[charge_scheduler-1] [INFO] [1785330049.939628913] [charge_scheduler]: [执行事件] loop=open plan_v=0 C1 type=target_service target=0 station_ord=0 planned_finish=193.38 actual_finish=377.06 dev=+183.68 injected=0.0
[charge_scheduler-1] [INFO] [1785330049.939638190] [charge_scheduler]: [执行事件] loop=open plan_v=0 C2 type=target_service target=14 station_ord=0 planned_finish=342.09 actual_finish=403.92 dev=+61.83 injected=0.0
[charge_scheduler-1] [INFO] [1785330049.939646930] [charge_scheduler]: [执行事件] loop=open plan_v=0 C2 type=final_return target=-1 station_ord=0 planned_finish=345.86 actual_finish=407.69 dev=+61.83 injected=0.0
[charge_scheduler-1] [INFO] [1785330049.939656442] [charge_scheduler]: [执行事件] loop=open plan_v=0 C1 type=target_service target=10 station_ord=0 planned_finish=229.95 actual_finish=415.90 dev=+185.94 injected=0.0
[charge_scheduler-1] [INFO] [1785330049.939665312] [charge_scheduler]: [执行事件] loop=open plan_v=0 C1 type=station_turnaround target=-1 station_ord=2 planned_finish=241.61 actual_finish=427.55 dev=+185.94 injected=0.0
[charge_scheduler-1] [INFO] [1785330049.939674090] [charge_scheduler]: [执行事件] loop=open plan_v=0 C1 type=target_service target=19 station_ord=0 planned_finish=280.27 actual_finish=466.21 dev=+185.94 injected=0.0
[charge_scheduler-1] [INFO] [1785330049.939682899] [charge_scheduler]: [执行事件] loop=open plan_v=0 C1 type=target_service target=2 station_ord=0 planned_finish=325.64 actual_finish=512.09 dev=+186.45 injected=0.0
[charge_scheduler-1] [INFO] [1785330049.939698301] [charge_scheduler]: [执行事件] loop=open plan_v=0 C1 type=station_turnaround target=-1 station_ord=3 planned_finish=337.57 actual_finish=524.02 dev=+186.45 injected=0.0
[charge_scheduler-1] [INFO] [1785330049.939707190] [charge_scheduler]: [执行事件] loop=open plan_v=0 C1 type=target_service target=17 station_ord=0 planned_finish=384.22 actual_finish=570.68 dev=+186.45 injected=0.0
[charge_scheduler-1] [INFO] [1785330049.939715518] [charge_scheduler]: [执行事件] loop=open plan_v=0 C1 type=final_return target=-1 station_ord=0 planned_finish=387.02 actual_finish=573.47 dev=+186.45 injected=0.0
[charge_scheduler-1] [INFO] [1785330049.939735706] [charge_scheduler]: [执行事件] loop=fixed plan_v=0 C1 type=target_service target=12 station_ord=0 planned_finish=8.58 actual_finish=8.58 dev=+0.00 injected=0.0
[charge_scheduler-1] [INFO] [1785330049.939743777] [charge_scheduler]: [执行事件] loop=fixed plan_v=0 C2 type=target_service target=4 station_ord=0 planned_finish=11.04 actual_finish=11.04 dev=+0.00 injected=0.0
[charge_scheduler-1] [INFO] [1785330049.939752215] [charge_scheduler]: [执行事件] loop=fixed plan_v=0 C2 type=target_service target=8 station_ord=0 planned_finish=27.46 actual_finish=27.46 dev=+0.00 injected=0.0
[charge_scheduler-1] [INFO] [1785330049.939760427] [charge_scheduler]: [执行事件] loop=fixed plan_v=0 C1 type=target_service target=15 station_ord=0 planned_finish=33.02 actual_finish=33.02 dev=+0.00 injected=0.0
[charge_scheduler-1] [INFO] [1785330049.939768932] [charge_scheduler]: [执行事件] loop=fixed plan_v=0 C2 type=target_service target=3 station_ord=0 planned_finish=53.05 actual_finish=53.05 dev=+0.00 injected=0.0
[charge_scheduler-1] [INFO] [1785330049.939777050] [charge_scheduler]: [执行事件] loop=fixed plan_v=0 C2 type=target_service target=11 station_ord=0 planned_finish=94.18 actual_finish=94.18 dev=+0.00 injected=0.0
[charge_scheduler-1] [INFO] [1785330049.939785434] [charge_scheduler]: [执行事件] loop=fixed plan_v=0 C1 type=target_service target=7 station_ord=0 planned_finish=58.39 actual_finish=118.39 dev=+60.00 injected=60.0
[charge_scheduler-1] [WARN] [1785330050.357005296] [charge_scheduler]: [重调度事件] policy=fixed #1 t=118.39min trigger=C1/target_service dev=+60.00 pool=13 committed=0 plan_v=1 solve_ms=417.2 changed_assign=0 changed_order=10
[charge_scheduler-1] [INFO] [1785330050.357065934] [charge_scheduler]: [执行事件] loop=fixed plan_v=1 C1 type=target_service target=18 station_ord=0 planned_finish=144.29 actual_finish=144.29 dev=+0.00 injected=0.0
[charge_scheduler-1] [INFO] [1785330050.357082558] [charge_scheduler]: [执行事件] loop=fixed plan_v=0 C2 type=station_turnaround target=-1 station_ord=1 planned_finish=106.67 actual_finish=166.67 dev=+60.00 injected=60.0
[charge_scheduler-1] [WARN] [1785330050.597526610] [charge_scheduler]: [重调度事件] policy=fixed #2 t=166.67min trigger=C2/station_turnaround dev=+60.00 pool=11 committed=1 plan_v=2 solve_ms=240.4 changed_assign=0 changed_order=6
[charge_scheduler-1] [INFO] [1785330050.597581077] [charge_scheduler]: [执行事件] loop=fixed plan_v=1 C1 type=target_service target=1 station_ord=0 planned_finish=170.45 actual_finish=170.45 dev=+0.00 injected=0.0
[charge_scheduler-1] [INFO] [1785330050.597593281] [charge_scheduler]: [执行事件] loop=fixed plan_v=2 C2 type=target_service target=13 station_ord=0 planned_finish=204.72 actual_finish=204.72 dev=+0.00 injected=0.0
[charge_scheduler-1] [INFO] [1785330050.597599776] [charge_scheduler]: [执行事件] loop=fixed plan_v=2 C1 type=station_turnaround target=-1 station_ord=1 planned_finish=182.88 actual_finish=242.88 dev=+60.00 injected=60.0
[charge_scheduler-1] [WARN] [1785330050.797879371] [charge_scheduler]: [重调度事件] policy=fixed #3 t=242.88min trigger=C1/station_turnaround dev=+60.00 pool=9 committed=1 plan_v=3 solve_ms=200.2 changed_assign=0 changed_order=6
[charge_scheduler-1] [INFO] [1785330050.797928752] [charge_scheduler]: [执行事件] loop=fixed plan_v=2 C2 type=target_service target=5 station_ord=0 planned_finish=250.15 actual_finish=250.15 dev=+0.00 injected=0.0
[charge_scheduler-1] [INFO] [1785330050.797938635] [charge_scheduler]: [执行事件] loop=fixed plan_v=3 C2 type=station_turnaround target=-1 station_ord=2 planned_finish=262.59 actual_finish=262.59 dev=+0.00 injected=0.0
[charge_scheduler-1] [INFO] [1785330050.797969862] [charge_scheduler]: [执行事件] loop=fixed plan_v=3 C1 type=target_service target=0 station_ord=0 planned_finish=278.96 actual_finish=278.96 dev=+0.00 injected=0.0
[charge_scheduler-1] [INFO] [1785330050.797977344] [charge_scheduler]: [执行事件] loop=fixed plan_v=3 C2 type=target_service target=16 station_ord=0 planned_finish=300.41 actual_finish=300.41 dev=+0.00 injected=0.0
[charge_scheduler-1] [INFO] [1785330050.797983142] [charge_scheduler]: [执行事件] loop=fixed plan_v=3 C2 type=target_service target=6 station_ord=0 planned_finish=344.42 actual_finish=344.42 dev=+0.00 injected=0.0
[charge_scheduler-1] [INFO] [1785330050.797988797] [charge_scheduler]: [执行事件] loop=fixed plan_v=3 C2 type=station_turnaround target=-1 station_ord=3 planned_finish=357.12 actual_finish=357.12 dev=+0.00 injected=0.0
[charge_scheduler-1] [INFO] [1785330050.797994406] [charge_scheduler]: [执行事件] loop=fixed plan_v=3 C1 type=target_service target=9 station_ord=0 planned_finish=315.84 actual_finish=375.84 dev=+60.00 injected=60.0
[charge_scheduler-1] [WARN] [1785330050.880308956] [charge_scheduler]: [重调度事件] policy=fixed #4 t=375.84min trigger=C1/target_service dev=+60.00 pool=4 committed=1 plan_v=4 solve_ms=82.2 changed_assign=0 changed_order=0
[charge_scheduler-1] [INFO] [1785330050.880357992] [charge_scheduler]: [执行事件] loop=fixed plan_v=4 C1 type=station_turnaround target=-1 station_ord=2 planned_finish=388.13 actual_finish=388.13 dev=+0.00 injected=0.0
[charge_scheduler-1] [INFO] [1785330050.880369848] [charge_scheduler]: [执行事件] loop=fixed plan_v=3 C2 type=target_service target=14 station_ord=0 planned_finish=403.92 actual_finish=403.92 dev=+0.00 injected=0.0
[charge_scheduler-1] [INFO] [1785330050.880376411] [charge_scheduler]: [执行事件] loop=fixed plan_v=4 C2 type=final_return target=-1 station_ord=0 planned_finish=407.69 actual_finish=407.69 dev=+0.00 injected=0.0
[charge_scheduler-1] [INFO] [1785330050.880382195] [charge_scheduler]: [执行事件] loop=fixed plan_v=4 C1 type=target_service target=19 station_ord=0 planned_finish=426.79 actual_finish=426.79 dev=+0.00 injected=0.0
[charge_scheduler-1] [INFO] [1785330050.880387639] [charge_scheduler]: [执行事件] loop=fixed plan_v=4 C1 type=target_service target=10 station_ord=0 planned_finish=466.67 actual_finish=466.67 dev=+0.00 injected=0.0
[charge_scheduler-1] [INFO] [1785330050.880393394] [charge_scheduler]: [执行事件] loop=fixed plan_v=4 C1 type=station_turnaround target=-1 station_ord=3 planned_finish=478.32 actual_finish=478.32 dev=+0.00 injected=0.0
[charge_scheduler-1] [INFO] [1785330050.880398906] [charge_scheduler]: [执行事件] loop=fixed plan_v=4 C1 type=target_service target=2 station_ord=0 planned_finish=524.11 actual_finish=524.11 dev=+0.00 injected=0.0
[charge_scheduler-1] [INFO] [1785330050.880404989] [charge_scheduler]: [执行事件] loop=fixed plan_v=4 C1 type=target_service target=17 station_ord=0 planned_finish=569.19 actual_finish=569.19 dev=+0.00 injected=0.0
[charge_scheduler-1] [INFO] [1785330050.880410356] [charge_scheduler]: [执行事件] loop=fixed plan_v=4 C1 type=final_return target=-1 station_ord=0 planned_finish=571.98 actual_finish=571.98 dev=+0.00 injected=0.0
[charge_scheduler-1] [INFO] [1785330050.880429004] [charge_scheduler]: [执行事件] loop=global plan_v=0 C1 type=target_service target=12 station_ord=0 planned_finish=8.58 actual_finish=8.58 dev=+0.00 injected=0.0
[charge_scheduler-1] [INFO] [1785330050.880434677] [charge_scheduler]: [执行事件] loop=global plan_v=0 C2 type=target_service target=4 station_ord=0 planned_finish=11.04 actual_finish=11.04 dev=+0.00 injected=0.0
[charge_scheduler-1] [INFO] [1785330050.880440460] [charge_scheduler]: [执行事件] loop=global plan_v=0 C2 type=target_service target=8 station_ord=0 planned_finish=27.46 actual_finish=27.46 dev=+0.00 injected=0.0
[charge_scheduler-1] [INFO] [1785330050.880445976] [charge_scheduler]: [执行事件] loop=global plan_v=0 C1 type=target_service target=15 station_ord=0 planned_finish=33.02 actual_finish=33.02 dev=+0.00 injected=0.0
[charge_scheduler-1] [INFO] [1785330050.880452366] [charge_scheduler]: [执行事件] loop=global plan_v=0 C2 type=target_service target=3 station_ord=0 planned_finish=53.05 actual_finish=53.05 dev=+0.00 injected=0.0
[charge_scheduler-1] [INFO] [1785330050.880457911] [charge_scheduler]: [执行事件] loop=global plan_v=0 C2 type=target_service target=11 station_ord=0 planned_finish=94.18 actual_finish=94.18 dev=+0.00 injected=0.0
[charge_scheduler-1] [INFO] [1785330050.880505737] [charge_scheduler]: [执行事件] loop=global plan_v=0 C1 type=target_service target=7 station_ord=0 planned_finish=58.39 actual_finish=118.39 dev=+60.00 injected=60.0
[charge_scheduler-1] [WARN] [1785330051.954332895] [charge_scheduler]: [重调度事件] policy=global #1 t=118.39min trigger=C1/target_service dev=+60.00 pool=13 committed=0 plan_v=1 solve_ms=1073.8 changed_assign=8 changed_order=7
[charge_scheduler-1] [INFO] [1785330051.954404352] [charge_scheduler]: [执行事件] loop=global plan_v=0 C2 type=station_turnaround target=-1 station_ord=1 planned_finish=106.67 actual_finish=166.67 dev=+60.00 injected=60.0
[charge_scheduler-1] [WARN] [1785330052.922573819] [charge_scheduler]: [重调度事件] policy=global #2 t=166.67min trigger=C2/station_turnaround dev=+60.00 pool=12 committed=1 plan_v=2 solve_ms=968.1 changed_assign=9 changed_order=11
[charge_scheduler-1] [INFO] [1785330052.922637717] [charge_scheduler]: [执行事件] loop=global plan_v=2 C2 type=target_service target=18 station_ord=0 planned_finish=193.79 actual_finish=193.79 dev=+0.00 injected=0.0
[charge_scheduler-1] [INFO] [1785330052.922647422] [charge_scheduler]: [执行事件] loop=global plan_v=1 C1 type=target_service target=9 station_ord=0 planned_finish=154.66 actual_finish=214.66 dev=+60.00 injected=60.0
[charge_scheduler-1] [WARN] [1785330053.423328076] [charge_scheduler]: [重调度事件] policy=global #3 t=214.66min trigger=C1/target_service dev=+60.00 pool=10 committed=1 plan_v=3 solve_ms=500.7 changed_assign=3 changed_order=9
[charge_scheduler-1] [INFO] [1785330053.423380010] [charge_scheduler]: [执行事件] loop=global plan_v=2 C2 type=target_service target=16 station_ord=0 planned_finish=229.68 actual_finish=229.68 dev=+0.00 injected=0.0
[charge_scheduler-1] [INFO] [1785330053.423390360] [charge_scheduler]: [执行事件] loop=global plan_v=3 C2 type=target_service target=0 station_ord=0 planned_finish=266.87 actual_finish=266.87 dev=+0.00 injected=0.0
[charge_scheduler-1] [INFO] [1785330053.423403920] [charge_scheduler]: [执行事件] loop=global plan_v=3 C2 type=station_turnaround target=-1 station_ord=2 planned_finish=277.73 actual_finish=277.73 dev=+0.00 injected=0.0
[charge_scheduler-1] [INFO] [1785330053.423410362] [charge_scheduler]: [执行事件] loop=global plan_v=3 C1 type=station_turnaround target=-1 station_ord=1 planned_finish=226.95 actual_finish=286.95 dev=+60.00 injected=60.0
[charge_scheduler-1] [WARN] [1785330053.776587807] [charge_scheduler]: [重调度事件] policy=global #4 t=286.95min trigger=C1/station_turnaround dev=+60.00 pool=8 committed=1 plan_v=4 solve_ms=353.1 changed_assign=4 changed_order=2
[charge_scheduler-1] [INFO] [1785330053.776645675] [charge_scheduler]: [执行事件] loop=global plan_v=4 C1 type=target_service target=1 station_ord=0 planned_finish=314.25 actual_finish=314.25 dev=+0.00 injected=0.0
[charge_scheduler-1] [INFO] [1785330053.776657274] [charge_scheduler]: [执行事件] loop=global plan_v=3 C2 type=target_service target=10 station_ord=0 planned_finish=317.11 actual_finish=317.11 dev=+0.00 injected=0.0
[charge_scheduler-1] [INFO] [1785330053.776664750] [charge_scheduler]: [执行事件] loop=global plan_v=4 C1 type=target_service target=13 station_ord=0 planned_finish=351.46 actual_finish=351.46 dev=+0.00 injected=0.0
[charge_scheduler-1] [INFO] [1785330053.776671753] [charge_scheduler]: [执行事件] loop=global plan_v=4 C2 type=target_service target=2 station_ord=0 planned_finish=362.38 actual_finish=362.38 dev=+0.00 injected=0.0
[charge_scheduler-1] [INFO] [1785330053.776679626] [charge_scheduler]: [执行事件] loop=global plan_v=4 C2 type=station_turnaround target=-1 station_ord=3 planned_finish=374.30 actual_finish=374.30 dev=+0.00 injected=0.0
[charge_scheduler-1] [INFO] [1785330053.776686939] [charge_scheduler]: [执行事件] loop=global plan_v=4 C1 type=target_service target=19 station_ord=0 planned_finish=388.63 actual_finish=388.63 dev=+0.00 injected=0.0
[charge_scheduler-1] [INFO] [1785330053.776694379] [charge_scheduler]: [执行事件] loop=global plan_v=4 C1 type=station_turnaround target=-1 station_ord=2 planned_finish=400.83 actual_finish=400.83 dev=+0.00 injected=0.0
[charge_scheduler-1] [INFO] [1785330053.776701275] [charge_scheduler]: [执行事件] loop=global plan_v=4 C2 type=target_service target=14 station_ord=0 planned_finish=421.11 actual_finish=421.11 dev=+0.00 injected=0.0
[charge_scheduler-1] [INFO] [1785330053.776725467] [charge_scheduler]: [执行事件] loop=global plan_v=4 C1 type=target_service target=6 station_ord=0 planned_finish=447.39 actual_finish=447.39 dev=+0.00 injected=0.0
[charge_scheduler-1] [INFO] [1785330053.776732620] [charge_scheduler]: [执行事件] loop=global plan_v=4 C2 type=target_service target=5 station_ord=0 planned_finish=466.31 actual_finish=466.31 dev=+0.00 injected=0.0
[charge_scheduler-1] [INFO] [1785330053.776739603] [charge_scheduler]: [执行事件] loop=global plan_v=4 C2 type=final_return target=-1 station_ord=0 planned_finish=468.74 actual_finish=468.74 dev=+0.00 injected=0.0
[charge_scheduler-1] [INFO] [1785330053.776747312] [charge_scheduler]: [执行事件] loop=global plan_v=4 C1 type=target_service target=17 station_ord=0 planned_finish=491.29 actual_finish=491.29 dev=+0.00 injected=0.0
[charge_scheduler-1] [INFO] [1785330053.776753898] [charge_scheduler]: [执行事件] loop=global plan_v=4 C1 type=final_return target=-1 station_ord=0 planned_finish=494.08 actual_finish=494.08 dev=+0.00 injected=0.0
[charge_scheduler-1] [INFO] [1785330053.776768672] [charge_scheduler]: ★闭环实验结果 mode=open M=20 K=2 disturbance=combined delay=60.0 seed=7 N_late=13 T_overtime=1467.562 C_total=3922.484 makespan=573.469 served=20 energy_viol=2 reschedules=0 reschedule_ms=0.000 changed_assign=0 changed_order=0 applied_target=2 applied_station=2 initial_solve_ms=12761.564 objective_order=Tover,Nlate,Ctotal
[charge_scheduler-1] [INFO] [1785330053.776780333] [charge_scheduler]: ★闭环实验结果 mode=fixed M=20 K=2 disturbance=combined delay=60.0 seed=7 N_late=13 T_overtime=1426.880 C_total=3823.068 makespan=571.979 served=20 energy_viol=0 reschedules=4 reschedule_ms=939.970 changed_assign=0 changed_order=22 applied_target=2 applied_station=2 initial_solve_ms=12761.564 objective_order=Tover,Nlate,Ctotal
[charge_scheduler-1] [INFO] [1785330053.776789274] [charge_scheduler]: ★闭环实验收益 policy=fixed M=20 K=2 disturbance=combined delay=60.0 seed=7 recovered_late=0 overtime_reduction=40.682 distance_delta=-99.415 makespan_reduction=1.490
[charge_scheduler-1] [INFO] [1785330053.776796496] [charge_scheduler]: ★闭环实验结果 mode=closed M=20 K=2 disturbance=combined delay=60.0 seed=7 N_late=13 T_overtime=1431.880 C_total=3367.007 makespan=494.085 served=20 energy_viol=0 reschedules=4 reschedule_ms=2895.696 changed_assign=24 changed_order=29 applied_target=2 applied_station=2 initial_solve_ms=12761.564 objective_order=Tover,Nlate,Ctotal
[charge_scheduler-1] [INFO] [1785330053.776805178] [charge_scheduler]: ★闭环实验收益 policy=closed M=20 K=2 disturbance=combined delay=60.0 seed=7 recovered_late=0 overtime_reduction=35.682 distance_delta=-555.477 makespan_reduction=79.385
