[INFO] [launch]: All log files can be found below /root/.ros/log/2026-07-29-13-11-11-816637-YYYY-15156
[INFO] [launch]: Default logging verbosity is set to INFO
[INFO] [charge_scheduler-1]: process started with pid [15158]
[charge_scheduler-1] [INFO] [1785330671.968102791] [charge_scheduler]: [目标顺序] objective_order=Tover,Nlate,Ctotal
[charge_scheduler-1] [INFO] [1785330671.968852671] [charge_scheduler]: [Scheduler] 30辆车 | 电池800.0kWh(20%=160.0 80%=640.0) | 充电360kW效率97% | 行驶0.6kWh/km | 桩350kW
[charge_scheduler-1] [INFO] [1785330671.968899856] [charge_scheduler]: [Scheduler] 站端周转: 换电 10 min(换后满电) | 单趟可用 640 kWh
[charge_scheduler-1] [INFO] [1785330671.968912596] [charge_scheduler]:   车#0 [电动装载机282|light] 位置(-47.3,-2.6) 容量282kWh 剩余35% | α=6→6min/% τ=168min → 需130.8kWh(充21.2min)
[charge_scheduler-1] [INFO] [1785330671.968933147] [charge_scheduler]:   车#1 [重型叉车|light] 位置(-44.0,-64.1) 容量200kWh 剩余20% | α=6→6min/% τ=96min → 需123.7kWh(充20.0min)
[charge_scheduler-1] [INFO] [1785330671.968951222] [charge_scheduler]:   车#2 [电动装载机350|light] 位置(-51.1,-38.8) 容量350kWh 剩余50% | α=6→6min/% τ=288min → 需108.2kWh(充17.5min)
[charge_scheduler-1] [INFO] [1785330671.968968872] [charge_scheduler]:   车#3 [重型叉车|light] 位置(-71.0,-19.0) 容量200kWh 剩余10% | α=6→6min/% τ=32min → 需144.3kWh(充23.3min)
[charge_scheduler-1] [INFO] [1785330671.968985034] [charge_scheduler]:   车#4 [电动装载机282|heavy→降级] 位置(-93.3,6.6) 容量282kWh 剩余60% | α=3→6min/% τ=212min → 需58.1kWh(充9.4min)
[charge_scheduler-1] [INFO] [1785330671.969000496] [charge_scheduler]:   车#5 [电动装载机350|light] 位置(-104.4,47.7) 容量350kWh 剩余25% | α=6→6min/% τ=128min → 需198.5kWh(充32.1min)
[charge_scheduler-1] [INFO] [1785330671.969018637] [charge_scheduler]:   车#6 [电动装载机350|heavy→降级] 位置(-37.0,-75.1) 容量350kWh 剩余40% | α=4→6min/% τ=176min → 需144.3kWh(充23.3min)
[charge_scheduler-1] [INFO] [1785330671.969033921] [charge_scheduler]:   车#7 [重型叉车|light] 位置(-88.8,-37.1) 容量200kWh 剩余15% | α=6→6min/% τ=64min → 需134.0kWh(充21.7min)
[charge_scheduler-1] [INFO] [1785330671.969050105] [charge_scheduler]:   车#8 [电动装载机282|heavy→降级] 位置(-70.9,27.7) 容量282kWh 剩余55% | α=3→6min/% τ=196min → 需72.7kWh(充11.8min)
[charge_scheduler-1] [INFO] [1785330671.969066370] [charge_scheduler]:   车#9 [电动装载机282|heavy→降级] 位置(-35.4,-47.4) 容量282kWh 剩余30% | α=3→6min/% τ=116min → 需145.4kWh(充23.5min)
[charge_scheduler-1] [INFO] [1785330671.969082046] [charge_scheduler]:   车#10 [电动装载机282|light] 位置(-100.0,-1.0) 容量282kWh 剩余45% | α=6→6min/% τ=224min → 需101.8kWh(充16.4min)
[charge_scheduler-1] [INFO] [1785330671.969097344] [charge_scheduler]:   车#11 [电动装载机350|light] 位置(-72.8,-15.6) 容量350kWh 剩余18% | α=6→6min/% τ=83min → 需223.7kWh(充36.2min)
[charge_scheduler-1] [INFO] [1785330671.969130975] [charge_scheduler]:   车#12 [重型叉车|heavy→降级] 位置(-61.7,-20.7) 容量200kWh 剩余62% | α=3→6min/% τ=230min → 需37.1kWh(充6.0min)
[charge_scheduler-1] [INFO] [1785330671.969150136] [charge_scheduler]:   车#13 [电动装载机282|light] 位置(-133.0,-25.3) 容量282kWh 剩余28% | α=6→6min/% τ=129min → 需151.2kWh(充24.4min)
[charge_scheduler-1] [INFO] [1785330671.969163172] [charge_scheduler]:   车#14 [电动装载机350|light] 位置(-132.0,-8.9) 容量350kWh 剩余52% | α=6→6min/% τ=301min → 需101.0kWh(充16.3min)
[charge_scheduler-1] [INFO] [1785330671.969176991] [charge_scheduler]:   车#15 [重型叉车|light] 位置(-120.0,7.9) 容量200kWh 剩余12% | α=6→6min/% τ=45min → 需140.2kWh(充22.7min)
[charge_scheduler-1] [INFO] [1785330671.969190628] [charge_scheduler]:   车#16 [电动装载机282|light] 位置(-43.8,-82.9) 容量282kWh 剩余38% | α=6→6min/% τ=185min → 需122.1kWh(充19.7min)
[charge_scheduler-1] [INFO] [1785330671.969204170] [charge_scheduler]:   车#17 [电动装载机350|light] 位置(-31.1,-74.7) 容量350kWh 剩余58% | α=6→6min/% τ=339min → 需79.4kWh(充12.8min)
[charge_scheduler-1] [INFO] [1785330671.969218139] [charge_scheduler]:   车#18 [重型叉车|heavy→降级] 位置(-75.4,-68.2) 容量200kWh 剩余22% | α=3→6min/% τ=102min → 需119.6kWh(充19.3min)
[charge_scheduler-1] [INFO] [1785330671.969235335] [charge_scheduler]:   车#19 [电动装载机282|light] 位置(-88.2,47.1) 容量282kWh 剩余48% | α=6→6min/% τ=241min → 需93.0kWh(充15.0min)
[charge_scheduler-1] [INFO] [1785330671.969248714] [charge_scheduler]:   车#20 [电动装载机350|light] 位置(-71.4,16.3) 容量350kWh 剩余33% | α=6→6min/% τ=179min → 需169.6kWh(充27.4min)
[charge_scheduler-1] [INFO] [1785330671.969313569] [charge_scheduler]:   车#21 [重型叉车|heavy→降级] 位置(-122.0,-0.6) 容量200kWh 剩余65% | α=3→6min/% τ=240min → 需30.9kWh(充5.0min)
[charge_scheduler-1] [INFO] [1785330671.969327463] [charge_scheduler]:   车#22 [电动装载机282|light] 位置(-71.6,11.6) 容量282kWh 剩余16% | α=6→6min/% τ=62min → 需186.1kWh(充30.1min)
[charge_scheduler-1] [INFO] [1785330671.969340918] [charge_scheduler]:   车#23 [电动装载机350|light] 位置(-131.0,37.2) 容量350kWh 剩余42% | α=6→6min/% τ=237min → 需137.1kWh(充22.2min)
[charge_scheduler-1] [INFO] [1785330671.969355427] [charge_scheduler]:   车#24 [重型叉车|heavy→降级] 位置(-51.3,5.9) 容量200kWh 剩余25% | α=3→6min/% τ=112min → 需113.4kWh(充18.3min)
[charge_scheduler-1] [INFO] [1785330671.969368616] [charge_scheduler]:   车#25 [电动装载机282|light] 位置(-62.2,-10.7) 容量282kWh 剩余55% | α=6→6min/% τ=280min → 需72.7kWh(充11.8min)
[charge_scheduler-1] [INFO] [1785330671.969385060] [charge_scheduler]:   车#26 [电动装载机350|light] 位置(-116.0,60.4) 容量350kWh 剩余30% | α=6→6min/% τ=160min → 需180.4kWh(充29.2min)
[charge_scheduler-1] [INFO] [1785330671.969399009] [charge_scheduler]:   车#27 [重型叉车|heavy→降级] 位置(-90.4,60.5) 容量200kWh 剩余68% | α=3→6min/% τ=250min → 需24.7kWh(充4.0min)
[charge_scheduler-1] [INFO] [1785330671.969411713] [charge_scheduler]:   车#28 [电动装载机282|light] 位置(-85.5,-46.0) 容量282kWh 剩余20% | α=6→6min/% τ=84min → 需174.4kWh(充28.2min)
[charge_scheduler-1] [INFO] [1785330671.969426218] [charge_scheduler]:   车#29 [电动装载机350|light] 位置(-87.0,-36.6) 容量350kWh 剩余36% | α=6→6min/% τ=198min → 需158.8kWh(充25.7min)
[charge_scheduler-1] [INFO] [1785330671.978885770] [charge_scheduler]: [Scheduler] 闭环接口: threshold=10.0min | event_sim=on | policy=all | structured_feedback=optional (/task_planner/execution_event)
[charge_scheduler-1] [INFO] [1785330671.978926939] [charge_scheduler]: [Scheduler] 已启动, 等待地图...
[charge_scheduler-1] [INFO] [1785330672.063837570] [charge_scheduler]: [Scheduler] RoutingGraph 就绪
[charge_scheduler-1] [INFO] [1785330672.064364106] [charge_scheduler]: [Scheduler] 提取到 6 条虚线捷径
[charge_scheduler-1] [INFO] [1785330672.077958127] [charge_scheduler]: [Scheduler] 下层兼容增强图: 166 节点, 6 条虚线掉头边
[charge_scheduler-1] [INFO] [1785330679.087927799] [charge_scheduler]: [Scheduler] 距离矩阵完成 31x31, 7009.9 ms | 模式=maneuver | 真实不可达=0 抽象不可达=0 | 缺少对向投影节点=0
[charge_scheduler-1] [INFO] [1785330679.088002787] [charge_scheduler]:   ✓ 比值自检：930 个 OD 满足 机动/直线≥1 | 均值=2.97 最大=42.81 (车#15→车#21)
[charge_scheduler-1] [INFO] [1785330679.088013413] [charge_scheduler]: [Scheduler] 地图就绪, 166 条 lanelet（与下层一致）
[charge_scheduler-1] [INFO] [1785330679.088063598] [charge_scheduler]: ======== 开始VRPTW调度 30 辆车 ========
[charge_scheduler-1] [INFO] [1785330679.088069237] [charge_scheduler]:   规模30>8 → 启发式(alns)
[charge_scheduler-1] [INFO] [1785330732.240866945] [charge_scheduler]: [ALNS] objective_order=Tover,Nlate,Ctotal seed=10 iters=15000 | N_late=9(成功率70.0%) T_overtime=145.8min C_total=5736.9m | 趟数=11 makespan=378.4min
[charge_scheduler-1] [INFO] [1785330732.240921372] [charge_scheduler]:   求解耗时 53152.9 ms
[charge_scheduler-1] [INFO] [1785330732.240932084] [charge_scheduler]: ════════ 调度结果 ════════
[charge_scheduler-1] [INFO] [1785330732.240938754] [charge_scheduler]:   ★目标(字典序): objective_order=Tover,Nlate,Ctotal | N_late=9 辆 (按时成功率 21/30 = 70.0%)  T_overtime=145.8min  C_total=5736.9m
[charge_scheduler-1] [INFO] [1785330732.240947257] [charge_scheduler]:   附: 趟数=11 | makespan=378.4min | 能量可行=是
[charge_scheduler-1] [INFO] [1785330732.240961805] [charge_scheduler]:   [充电车2] 趟1: 站 → 车#9(到2.2/限116.0✓) → 车#3(到27.9/限32.0✓) → 车#18(到53.6/限102.4✓) → 车#1(到77.2/限96.0✓) → 站
[charge_scheduler-1] [INFO] [1785330732.240974467] [charge_scheduler]:   [充电车1] 趟2: 站 → 车#4(到1.4/限212.0✓) → 车#8(到13.7/限196.0✓) → 车#22(到27.8/限61.6✓) → 车#11(到60.7/限83.2✓) → 站
[charge_scheduler-1] [INFO] [1785330732.240983593] [charge_scheduler]:   [充电车3] 趟3: 站 → 车#27(到2.1/限249.6✓) → 车#21(到8.2/限240.0✓) → 车#12(到16.2/限230.4✓) → 车#15(到25.1/限44.8✓) → 车#7(到50.9/限64.0✓) → 车#28(到75.5/限84.0✓) → 站
[charge_scheduler-1] [INFO] [1785330732.241038742] [charge_scheduler]:   [充电车1] 趟4: 站 → 车#5(到118.1/限128.0✓) → 车#20(到162.1/限179.2✓) → 站
[charge_scheduler-1] [INFO] [1785330732.241046228] [charge_scheduler]:   [充电车2] 趟5: 站 → 车#24(到114.4/限112.0✗超时) → 车#26(到141.2/限160.0✓) → 车#16(到187.0/限184.8✗超时) → 站
[charge_scheduler-1] [INFO] [1785330732.241052123] [charge_scheduler]:   [充电车3] 趟6: 站 → 车#13(到124.9/限128.8✓) → 车#0(到163.0/限168.0✓) → 车#10(到201.5/限224.0✓) → 站
[charge_scheduler-1] [INFO] [1785330732.241056902] [charge_scheduler]:   [充电车1] 趟7: 站 → 车#29(到217.6/限198.4✗超时) → 车#19(到264.2/限240.8✗超时) → 站
[charge_scheduler-1] [INFO] [1785330732.241061892] [charge_scheduler]:   [充电车2] 趟8: 站 → 车#6(到237.8/限176.0✗超时) → 车#25(到283.0/限280.0✗超时) → 站
[charge_scheduler-1] [INFO] [1785330732.241066341] [charge_scheduler]:   [充电车1] 趟9: 站 → 车#14(到314.7/限300.8✗超时) → 站
[charge_scheduler-1] [INFO] [1785330732.241070993] [charge_scheduler]:   [充电车2] 趟10: 站 → 车#17(到332.5/限339.2✓) → 站
[charge_scheduler-1] [INFO] [1785330732.241075545] [charge_scheduler]:   [充电车3] 趟11: 站 → 车#23(到249.0/限236.8✗超时) → 车#2(到295.7/限288.0✗超时) → 站
[charge_scheduler-1] [INFO] [1785330732.241079211] [charge_scheduler]: ════════════════════════
[charge_scheduler-1] [INFO] [1785330732.241139223] [charge_scheduler]: [扰动清单] type=none delay=0.0min targets={} station={}
[charge_scheduler-1] [INFO] [1785330732.241154681] [charge_scheduler]: [执行事件] loop=open plan_v=0 C3 type=target_service target=27 station_ord=0 planned_finish=6.36 actual_finish=6.36 dev=+0.00 injected=0.0
[charge_scheduler-1] [INFO] [1785330732.241162340] [charge_scheduler]: [执行事件] loop=open plan_v=0 C1 type=target_service target=4 station_ord=0 planned_finish=11.04 actual_finish=11.04 dev=+0.00 injected=0.0
[charge_scheduler-1] [INFO] [1785330732.241168770] [charge_scheduler]: [执行事件] loop=open plan_v=0 C3 type=target_service target=21 station_ord=0 planned_finish=14.00 actual_finish=14.00 dev=+0.00 injected=0.0
[charge_scheduler-1] [INFO] [1785330732.241174815] [charge_scheduler]: [执行事件] loop=open plan_v=0 C3 type=target_service target=12 station_ord=0 planned_finish=23.83 actual_finish=23.83 dev=+0.00 injected=0.0
[charge_scheduler-1] [INFO] [1785330732.241180852] [charge_scheduler]: [执行事件] loop=open plan_v=0 C2 type=target_service target=9 station_ord=0 planned_finish=25.99 actual_finish=25.99 dev=+0.00 injected=0.0
[charge_scheduler-1] [INFO] [1785330732.241186819] [charge_scheduler]: [执行事件] loop=open plan_v=0 C1 type=target_service target=8 station_ord=0 planned_finish=27.46 actual_finish=27.46 dev=+0.00 injected=0.0
[charge_scheduler-1] [INFO] [1785330732.241192581] [charge_scheduler]: [执行事件] loop=open plan_v=0 C3 type=target_service target=15 station_ord=0 planned_finish=49.07 actual_finish=49.07 dev=+0.00 injected=0.0
[charge_scheduler-1] [INFO] [1785330732.241198279] [charge_scheduler]: [执行事件] loop=open plan_v=0 C2 type=target_service target=3 station_ord=0 planned_finish=52.69 actual_finish=52.69 dev=+0.00 injected=0.0
[charge_scheduler-1] [INFO] [1785330732.241204310] [charge_scheduler]: [执行事件] loop=open plan_v=0 C1 type=target_service target=22 station_ord=0 planned_finish=60.21 actual_finish=60.21 dev=+0.00 injected=0.0
[charge_scheduler-1] [INFO] [1785330732.241210187] [charge_scheduler]: [执行事件] loop=open plan_v=0 C3 type=target_service target=7 station_ord=0 planned_finish=75.27 actual_finish=75.27 dev=+0.00 injected=0.0
[charge_scheduler-1] [INFO] [1785330732.241216288] [charge_scheduler]: [执行事件] loop=open plan_v=0 C2 type=target_service target=18 station_ord=0 planned_finish=76.02 actual_finish=76.02 dev=+0.00 injected=0.0
[charge_scheduler-1] [INFO] [1785330732.241226639] [charge_scheduler]: [执行事件] loop=open plan_v=0 C2 type=target_service target=1 station_ord=0 planned_finish=101.21 actual_finish=101.21 dev=+0.00 injected=0.0
[charge_scheduler-1] [INFO] [1785330732.241232525] [charge_scheduler]: [执行事件] loop=open plan_v=0 C1 type=target_service target=11 station_ord=0 planned_finish=102.44 actual_finish=102.44 dev=+0.00 injected=0.0
[charge_scheduler-1] [INFO] [1785330732.241241690] [charge_scheduler]: [执行事件] loop=open plan_v=0 C3 type=target_service target=28 station_ord=0 planned_finish=110.06 actual_finish=110.06 dev=+0.00 injected=0.0
[charge_scheduler-1] [INFO] [1785330732.241247445] [charge_scheduler]: [执行事件] loop=open plan_v=0 C2 type=station_turnaround target=-1 station_ord=1 planned_finish=113.63 actual_finish=113.63 dev=+0.00 injected=0.0
[charge_scheduler-1] [INFO] [1785330732.241253235] [charge_scheduler]: [执行事件] loop=open plan_v=0 C1 type=station_turnaround target=-1 station_ord=1 planned_finish=114.93 actual_finish=114.93 dev=+0.00 injected=0.0
[charge_scheduler-1] [INFO] [1785330732.241258833] [charge_scheduler]: [执行事件] loop=open plan_v=0 C3 type=station_turnaround target=-1 station_ord=1 planned_finish=122.09 actual_finish=122.09 dev=+0.00 injected=0.0
[charge_scheduler-1] [INFO] [1785330732.241267116] [charge_scheduler]: [执行事件] loop=open plan_v=0 C2 type=target_service target=24 station_ord=0 planned_finish=139.45 actual_finish=139.45 dev=+0.00 injected=0.0
[charge_scheduler-1] [INFO] [1785330732.241272541] [charge_scheduler]: [执行事件] loop=open plan_v=0 C3 type=target_service target=13 station_ord=0 planned_finish=159.81 actual_finish=159.81 dev=+0.00 injected=0.0
[charge_scheduler-1] [INFO] [1785330732.241278108] [charge_scheduler]: [执行事件] loop=open plan_v=0 C1 type=target_service target=5 station_ord=0 planned_finish=160.95 actual_finish=160.95 dev=+0.00 injected=0.0
[charge_scheduler-1] [INFO] [1785330732.241283454] [charge_scheduler]: [执行事件] loop=open plan_v=0 C2 type=target_service target=26 station_ord=0 planned_finish=183.28 actual_finish=183.28 dev=+0.00 injected=0.0
[charge_scheduler-1] [INFO] [1785330732.241288777] [charge_scheduler]: [执行事件] loop=open plan_v=0 C3 type=target_service target=0 station_ord=0 planned_finish=197.86 actual_finish=197.86 dev=+0.00 injected=0.0
[charge_scheduler-1] [INFO] [1785330732.241294132] [charge_scheduler]: [执行事件] loop=open plan_v=0 C1 type=target_service target=20 station_ord=0 planned_finish=204.28 actual_finish=204.28 dev=+0.00 injected=0.0
[charge_scheduler-1] [INFO] [1785330732.241299337] [charge_scheduler]: [执行事件] loop=open plan_v=0 C1 type=station_turnaround target=-1 station_ord=2 planned_finish=215.67 actual_finish=215.67 dev=+0.00 injected=0.0
[charge_scheduler-1] [INFO] [1785330732.241304652] [charge_scheduler]: [执行事件] loop=open plan_v=0 C2 type=target_service target=16 station_ord=0 planned_finish=222.23 actual_finish=222.23 dev=+0.00 injected=0.0
[charge_scheduler-1] [INFO] [1785330732.241309871] [charge_scheduler]: [执行事件] loop=open plan_v=0 C3 type=target_service target=10 station_ord=0 planned_finish=234.81 actual_finish=234.81 dev=+0.00 injected=0.0
[charge_scheduler-1] [INFO] [1785330732.241315152] [charge_scheduler]: [执行事件] loop=open plan_v=0 C2 type=station_turnaround target=-1 station_ord=2 planned_finish=234.95 actual_finish=234.95 dev=+0.00 injected=0.0
[charge_scheduler-1] [INFO] [1785330732.241320412] [charge_scheduler]: [执行事件] loop=open plan_v=0 C3 type=station_turnaround target=-1 station_ord=2 planned_finish=246.46 actual_finish=246.46 dev=+0.00 injected=0.0
[charge_scheduler-1] [INFO] [1785330732.241325707] [charge_scheduler]: [执行事件] loop=open plan_v=0 C1 type=target_service target=29 station_ord=0 planned_finish=261.32 actual_finish=261.32 dev=+0.00 injected=0.0
[charge_scheduler-1] [INFO] [1785330732.241331083] [charge_scheduler]: [执行事件] loop=open plan_v=0 C2 type=target_service target=6 station_ord=0 planned_finish=281.51 actual_finish=281.51 dev=+0.00 injected=0.0
[charge_scheduler-1] [INFO] [1785330732.241336400] [charge_scheduler]: [执行事件] loop=open plan_v=0 C3 type=target_service target=23 station_ord=0 planned_finish=292.75 actual_finish=292.75 dev=+0.00 injected=0.0
[charge_scheduler-1] [INFO] [1785330732.241341638] [charge_scheduler]: [执行事件] loop=open plan_v=0 C1 type=target_service target=19 station_ord=0 planned_finish=299.41 actual_finish=299.41 dev=+0.00 injected=0.0
[charge_scheduler-1] [INFO] [1785330732.241346879] [charge_scheduler]: [执行事件] loop=open plan_v=0 C1 type=station_turnaround target=-1 station_ord=3 planned_finish=311.61 actual_finish=311.61 dev=+0.00 injected=0.0
[charge_scheduler-1] [INFO] [1785330732.241353734] [charge_scheduler]: [执行事件] loop=open plan_v=0 C2 type=target_service target=25 station_ord=0 planned_finish=318.28 actual_finish=318.28 dev=+0.00 injected=0.0
[charge_scheduler-1] [INFO] [1785330732.241358905] [charge_scheduler]: [执行事件] loop=open plan_v=0 C2 type=station_turnaround target=-1 station_ord=3 planned_finish=329.56 actual_finish=329.56 dev=+0.00 injected=0.0
[charge_scheduler-1] [INFO] [1785330732.241364322] [charge_scheduler]: [执行事件] loop=open plan_v=0 C3 type=target_service target=2 station_ord=0 planned_finish=339.49 actual_finish=339.49 dev=+0.00 injected=0.0
[charge_scheduler-1] [INFO] [1785330732.241369666] [charge_scheduler]: [执行事件] loop=open plan_v=0 C3 type=final_return target=-1 station_ord=0 planned_finish=341.42 actual_finish=341.42 dev=+0.00 injected=0.0
[charge_scheduler-1] [INFO] [1785330732.241374911] [charge_scheduler]: [执行事件] loop=open plan_v=0 C1 type=target_service target=14 station_ord=0 planned_finish=358.42 actual_finish=358.42 dev=+0.00 injected=0.0
[charge_scheduler-1] [INFO] [1785330732.241380256] [charge_scheduler]: [执行事件] loop=open plan_v=0 C1 type=final_return target=-1 station_ord=0 planned_finish=362.18 actual_finish=362.18 dev=+0.00 injected=0.0
[charge_scheduler-1] [INFO] [1785330732.241386036] [charge_scheduler]: [执行事件] loop=open plan_v=0 C2 type=target_service target=17 station_ord=0 planned_finish=375.60 actual_finish=375.60 dev=+0.00 injected=0.0
[charge_scheduler-1] [INFO] [1785330732.241391190] [charge_scheduler]: [执行事件] loop=open plan_v=0 C2 type=final_return target=-1 station_ord=0 planned_finish=378.39 actual_finish=378.39 dev=+0.00 injected=0.0
[charge_scheduler-1] [INFO] [1785330732.241403693] [charge_scheduler]: [执行事件] loop=fixed plan_v=0 C3 type=target_service target=27 station_ord=0 planned_finish=6.36 actual_finish=6.36 dev=+0.00 injected=0.0
[charge_scheduler-1] [INFO] [1785330732.241409122] [charge_scheduler]: [执行事件] loop=fixed plan_v=0 C1 type=target_service target=4 station_ord=0 planned_finish=11.04 actual_finish=11.04 dev=+0.00 injected=0.0
[charge_scheduler-1] [INFO] [1785330732.241414464] [charge_scheduler]: [执行事件] loop=fixed plan_v=0 C3 type=target_service target=21 station_ord=0 planned_finish=14.00 actual_finish=14.00 dev=+0.00 injected=0.0
[charge_scheduler-1] [INFO] [1785330732.241419849] [charge_scheduler]: [执行事件] loop=fixed plan_v=0 C3 type=target_service target=12 station_ord=0 planned_finish=23.83 actual_finish=23.83 dev=+0.00 injected=0.0
[charge_scheduler-1] [INFO] [1785330732.241425221] [charge_scheduler]: [执行事件] loop=fixed plan_v=0 C2 type=target_service target=9 station_ord=0 planned_finish=25.99 actual_finish=25.99 dev=+0.00 injected=0.0
[charge_scheduler-1] [INFO] [1785330732.241430475] [charge_scheduler]: [执行事件] loop=fixed plan_v=0 C1 type=target_service target=8 station_ord=0 planned_finish=27.46 actual_finish=27.46 dev=+0.00 injected=0.0
[charge_scheduler-1] [INFO] [1785330732.241436755] [charge_scheduler]: [执行事件] loop=fixed plan_v=0 C3 type=target_service target=15 station_ord=0 planned_finish=49.07 actual_finish=49.07 dev=+0.00 injected=0.0
[charge_scheduler-1] [INFO] [1785330732.241442141] [charge_scheduler]: [执行事件] loop=fixed plan_v=0 C2 type=target_service target=3 station_ord=0 planned_finish=52.69 actual_finish=52.69 dev=+0.00 injected=0.0
[charge_scheduler-1] [INFO] [1785330732.241447446] [charge_scheduler]: [执行事件] loop=fixed plan_v=0 C1 type=target_service target=22 station_ord=0 planned_finish=60.21 actual_finish=60.21 dev=+0.00 injected=0.0
[charge_scheduler-1] [INFO] [1785330732.241452688] [charge_scheduler]: [执行事件] loop=fixed plan_v=0 C3 type=target_service target=7 station_ord=0 planned_finish=75.27 actual_finish=75.27 dev=+0.00 injected=0.0
[charge_scheduler-1] [INFO] [1785330732.241458151] [charge_scheduler]: [执行事件] loop=fixed plan_v=0 C2 type=target_service target=18 station_ord=0 planned_finish=76.02 actual_finish=76.02 dev=+0.00 injected=0.0
[charge_scheduler-1] [INFO] [1785330732.241463545] [charge_scheduler]: [执行事件] loop=fixed plan_v=0 C2 type=target_service target=1 station_ord=0 planned_finish=101.21 actual_finish=101.21 dev=+0.00 injected=0.0
[charge_scheduler-1] [INFO] [1785330732.241468925] [charge_scheduler]: [执行事件] loop=fixed plan_v=0 C1 type=target_service target=11 station_ord=0 planned_finish=102.44 actual_finish=102.44 dev=+0.00 injected=0.0
[charge_scheduler-1] [INFO] [1785330732.241475745] [charge_scheduler]: [执行事件] loop=fixed plan_v=0 C3 type=target_service target=28 station_ord=0 planned_finish=110.06 actual_finish=110.06 dev=+0.00 injected=0.0
[charge_scheduler-1] [INFO] [1785330732.241480930] [charge_scheduler]: [执行事件] loop=fixed plan_v=0 C2 type=station_turnaround target=-1 station_ord=1 planned_finish=113.63 actual_finish=113.63 dev=+0.00 injected=0.0
[charge_scheduler-1] [INFO] [1785330732.241486599] [charge_scheduler]: [执行事件] loop=fixed plan_v=0 C1 type=station_turnaround target=-1 station_ord=1 planned_finish=114.93 actual_finish=114.93 dev=+0.00 injected=0.0
[charge_scheduler-1] [INFO] [1785330732.241491946] [charge_scheduler]: [执行事件] loop=fixed plan_v=0 C3 type=station_turnaround target=-1 station_ord=1 planned_finish=122.09 actual_finish=122.09 dev=+0.00 injected=0.0
[charge_scheduler-1] [INFO] [1785330732.241501819] [charge_scheduler]: [执行事件] loop=fixed plan_v=0 C2 type=target_service target=24 station_ord=0 planned_finish=139.45 actual_finish=139.45 dev=+0.00 injected=0.0
[charge_scheduler-1] [INFO] [1785330732.241507374] [charge_scheduler]: [执行事件] loop=fixed plan_v=0 C3 type=target_service target=13 station_ord=0 planned_finish=159.81 actual_finish=159.81 dev=+0.00 injected=0.0
[charge_scheduler-1] [INFO] [1785330732.241512809] [charge_scheduler]: [执行事件] loop=fixed plan_v=0 C1 type=target_service target=5 station_ord=0 planned_finish=160.95 actual_finish=160.95 dev=+0.00 injected=0.0
[charge_scheduler-1] [INFO] [1785330732.241518204] [charge_scheduler]: [执行事件] loop=fixed plan_v=0 C2 type=target_service target=26 station_ord=0 planned_finish=183.28 actual_finish=183.28 dev=+0.00 injected=0.0
[charge_scheduler-1] [INFO] [1785330732.241523563] [charge_scheduler]: [执行事件] loop=fixed plan_v=0 C3 type=target_service target=0 station_ord=0 planned_finish=197.86 actual_finish=197.86 dev=+0.00 injected=0.0
[charge_scheduler-1] [INFO] [1785330732.241528949] [charge_scheduler]: [执行事件] loop=fixed plan_v=0 C1 type=target_service target=20 station_ord=0 planned_finish=204.28 actual_finish=204.28 dev=+0.00 injected=0.0
[charge_scheduler-1] [INFO] [1785330732.241534162] [charge_scheduler]: [执行事件] loop=fixed plan_v=0 C1 type=station_turnaround target=-1 station_ord=2 planned_finish=215.67 actual_finish=215.67 dev=+0.00 injected=0.0
[charge_scheduler-1] [INFO] [1785330732.241539491] [charge_scheduler]: [执行事件] loop=fixed plan_v=0 C2 type=target_service target=16 station_ord=0 planned_finish=222.23 actual_finish=222.23 dev=+0.00 injected=0.0
[charge_scheduler-1] [INFO] [1785330732.241544710] [charge_scheduler]: [执行事件] loop=fixed plan_v=0 C3 type=target_service target=10 station_ord=0 planned_finish=234.81 actual_finish=234.81 dev=+0.00 injected=0.0
[charge_scheduler-1] [INFO] [1785330732.241549969] [charge_scheduler]: [执行事件] loop=fixed plan_v=0 C2 type=station_turnaround target=-1 station_ord=2 planned_finish=234.95 actual_finish=234.95 dev=+0.00 injected=0.0
[charge_scheduler-1] [INFO] [1785330732.241557628] [charge_scheduler]: [执行事件] loop=fixed plan_v=0 C3 type=station_turnaround target=-1 station_ord=2 planned_finish=246.46 actual_finish=246.46 dev=+0.00 injected=0.0
[charge_scheduler-1] [INFO] [1785330732.241563454] [charge_scheduler]: [执行事件] loop=fixed plan_v=0 C1 type=target_service target=29 station_ord=0 planned_finish=261.32 actual_finish=261.32 dev=+0.00 injected=0.0
[charge_scheduler-1] [INFO] [1785330732.241569567] [charge_scheduler]: [执行事件] loop=fixed plan_v=0 C2 type=target_service target=6 station_ord=0 planned_finish=281.51 actual_finish=281.51 dev=+0.00 injected=0.0
[charge_scheduler-1] [INFO] [1785330732.241575466] [charge_scheduler]: [执行事件] loop=fixed plan_v=0 C3 type=target_service target=23 station_ord=0 planned_finish=292.75 actual_finish=292.75 dev=+0.00 injected=0.0
[charge_scheduler-1] [INFO] [1785330732.241581300] [charge_scheduler]: [执行事件] loop=fixed plan_v=0 C1 type=target_service target=19 station_ord=0 planned_finish=299.41 actual_finish=299.41 dev=+0.00 injected=0.0
[charge_scheduler-1] [INFO] [1785330732.241587024] [charge_scheduler]: [执行事件] loop=fixed plan_v=0 C1 type=station_turnaround target=-1 station_ord=3 planned_finish=311.61 actual_finish=311.61 dev=+0.00 injected=0.0
[charge_scheduler-1] [INFO] [1785330732.241592903] [charge_scheduler]: [执行事件] loop=fixed plan_v=0 C2 type=target_service target=25 station_ord=0 planned_finish=318.28 actual_finish=318.28 dev=+0.00 injected=0.0
[charge_scheduler-1] [INFO] [1785330732.241606006] [charge_scheduler]: [执行事件] loop=fixed plan_v=0 C2 type=station_turnaround target=-1 station_ord=3 planned_finish=329.56 actual_finish=329.56 dev=+0.00 injected=0.0
[charge_scheduler-1] [INFO] [1785330732.241611733] [charge_scheduler]: [执行事件] loop=fixed plan_v=0 C3 type=target_service target=2 station_ord=0 planned_finish=339.49 actual_finish=339.49 dev=+0.00 injected=0.0
[charge_scheduler-1] [INFO] [1785330732.241617657] [charge_scheduler]: [执行事件] loop=fixed plan_v=0 C3 type=final_return target=-1 station_ord=0 planned_finish=341.42 actual_finish=341.42 dev=+0.00 injected=0.0
[charge_scheduler-1] [INFO] [1785330732.241623352] [charge_scheduler]: [执行事件] loop=fixed plan_v=0 C1 type=target_service target=14 station_ord=0 planned_finish=358.42 actual_finish=358.42 dev=+0.00 injected=0.0
[charge_scheduler-1] [INFO] [1785330732.241628823] [charge_scheduler]: [执行事件] loop=fixed plan_v=0 C1 type=final_return target=-1 station_ord=0 planned_finish=362.18 actual_finish=362.18 dev=+0.00 injected=0.0
[charge_scheduler-1] [INFO] [1785330732.241634287] [charge_scheduler]: [执行事件] loop=fixed plan_v=0 C2 type=target_service target=17 station_ord=0 planned_finish=375.60 actual_finish=375.60 dev=+0.00 injected=0.0
[charge_scheduler-1] [INFO] [1785330732.241639601] [charge_scheduler]: [执行事件] loop=fixed plan_v=0 C2 type=final_return target=-1 station_ord=0 planned_finish=378.39 actual_finish=378.39 dev=+0.00 injected=0.0
[charge_scheduler-1] [INFO] [1785330732.241653775] [charge_scheduler]: [执行事件] loop=global plan_v=0 C3 type=target_service target=27 station_ord=0 planned_finish=6.36 actual_finish=6.36 dev=+0.00 injected=0.0
[charge_scheduler-1] [INFO] [1785330732.241659415] [charge_scheduler]: [执行事件] loop=global plan_v=0 C1 type=target_service target=4 station_ord=0 planned_finish=11.04 actual_finish=11.04 dev=+0.00 injected=0.0
[charge_scheduler-1] [INFO] [1785330732.241665060] [charge_scheduler]: [执行事件] loop=global plan_v=0 C3 type=target_service target=21 station_ord=0 planned_finish=14.00 actual_finish=14.00 dev=+0.00 injected=0.0
[charge_scheduler-1] [INFO] [1785330732.241670646] [charge_scheduler]: [执行事件] loop=global plan_v=0 C3 type=target_service target=12 station_ord=0 planned_finish=23.83 actual_finish=23.83 dev=+0.00 injected=0.0
[charge_scheduler-1] [INFO] [1785330732.241676204] [charge_scheduler]: [执行事件] loop=global plan_v=0 C2 type=target_service target=9 station_ord=0 planned_finish=25.99 actual_finish=25.99 dev=+0.00 injected=0.0
[charge_scheduler-1] [INFO] [1785330732.241681751] [charge_scheduler]: [执行事件] loop=global plan_v=0 C1 type=target_service target=8 station_ord=0 planned_finish=27.46 actual_finish=27.46 dev=+0.00 injected=0.0
[charge_scheduler-1] [INFO] [1785330732.241687206] [charge_scheduler]: [执行事件] loop=global plan_v=0 C3 type=target_service target=15 station_ord=0 planned_finish=49.07 actual_finish=49.07 dev=+0.00 injected=0.0
[charge_scheduler-1] [INFO] [1785330732.241692676] [charge_scheduler]: [执行事件] loop=global plan_v=0 C2 type=target_service target=3 station_ord=0 planned_finish=52.69 actual_finish=52.69 dev=+0.00 injected=0.0
[charge_scheduler-1] [INFO] [1785330732.241698124] [charge_scheduler]: [执行事件] loop=global plan_v=0 C1 type=target_service target=22 station_ord=0 planned_finish=60.21 actual_finish=60.21 dev=+0.00 injected=0.0
[charge_scheduler-1] [INFO] [1785330732.241703533] [charge_scheduler]: [执行事件] loop=global plan_v=0 C3 type=target_service target=7 station_ord=0 planned_finish=75.27 actual_finish=75.27 dev=+0.00 injected=0.0
[charge_scheduler-1] [INFO] [1785330732.241715452] [charge_scheduler]: [执行事件] loop=global plan_v=0 C2 type=target_service target=18 station_ord=0 planned_finish=76.02 actual_finish=76.02 dev=+0.00 injected=0.0
[charge_scheduler-1] [INFO] [1785330732.241721073] [charge_scheduler]: [执行事件] loop=global plan_v=0 C2 type=target_service target=1 station_ord=0 planned_finish=101.21 actual_finish=101.21 dev=+0.00 injected=0.0
[charge_scheduler-1] [INFO] [1785330732.241726586] [charge_scheduler]: [执行事件] loop=global plan_v=0 C1 type=target_service target=11 station_ord=0 planned_finish=102.44 actual_finish=102.44 dev=+0.00 injected=0.0
[charge_scheduler-1] [INFO] [1785330732.241732279] [charge_scheduler]: [执行事件] loop=global plan_v=0 C3 type=target_service target=28 station_ord=0 planned_finish=110.06 actual_finish=110.06 dev=+0.00 injected=0.0
[charge_scheduler-1] [INFO] [1785330732.241739501] [charge_scheduler]: [执行事件] loop=global plan_v=0 C2 type=station_turnaround target=-1 station_ord=1 planned_finish=113.63 actual_finish=113.63 dev=+0.00 injected=0.0
[charge_scheduler-1] [INFO] [1785330732.241746083] [charge_scheduler]: [执行事件] loop=global plan_v=0 C1 type=station_turnaround target=-1 station_ord=1 planned_finish=114.93 actual_finish=114.93 dev=+0.00 injected=0.0
[charge_scheduler-1] [INFO] [1785330732.241751606] [charge_scheduler]: [执行事件] loop=global plan_v=0 C3 type=station_turnaround target=-1 station_ord=1 planned_finish=122.09 actual_finish=122.09 dev=+0.00 injected=0.0
[charge_scheduler-1] [INFO] [1785330732.241757374] [charge_scheduler]: [执行事件] loop=global plan_v=0 C2 type=target_service target=24 station_ord=0 planned_finish=139.45 actual_finish=139.45 dev=+0.00 injected=0.0
[charge_scheduler-1] [INFO] [1785330732.241763245] [charge_scheduler]: [执行事件] loop=global plan_v=0 C3 type=target_service target=13 station_ord=0 planned_finish=159.81 actual_finish=159.81 dev=+0.00 injected=0.0
[charge_scheduler-1] [INFO] [1785330732.241769202] [charge_scheduler]: [执行事件] loop=global plan_v=0 C1 type=target_service target=5 station_ord=0 planned_finish=160.95 actual_finish=160.95 dev=+0.00 injected=0.0
[charge_scheduler-1] [INFO] [1785330732.241774957] [charge_scheduler]: [执行事件] loop=global plan_v=0 C2 type=target_service target=26 station_ord=0 planned_finish=183.28 actual_finish=183.28 dev=+0.00 injected=0.0
[charge_scheduler-1] [INFO] [1785330732.241780706] [charge_scheduler]: [执行事件] loop=global plan_v=0 C3 type=target_service target=0 station_ord=0 planned_finish=197.86 actual_finish=197.86 dev=+0.00 injected=0.0
[charge_scheduler-1] [INFO] [1785330732.241786495] [charge_scheduler]: [执行事件] loop=global plan_v=0 C1 type=target_service target=20 station_ord=0 planned_finish=204.28 actual_finish=204.28 dev=+0.00 injected=0.0
[charge_scheduler-1] [INFO] [1785330732.241792218] [charge_scheduler]: [执行事件] loop=global plan_v=0 C1 type=station_turnaround target=-1 station_ord=2 planned_finish=215.67 actual_finish=215.67 dev=+0.00 injected=0.0
[charge_scheduler-1] [INFO] [1785330732.241798217] [charge_scheduler]: [执行事件] loop=global plan_v=0 C2 type=target_service target=16 station_ord=0 planned_finish=222.23 actual_finish=222.23 dev=+0.00 injected=0.0
[charge_scheduler-1] [INFO] [1785330732.241804342] [charge_scheduler]: [执行事件] loop=global plan_v=0 C3 type=target_service target=10 station_ord=0 planned_finish=234.81 actual_finish=234.81 dev=+0.00 injected=0.0
[charge_scheduler-1] [INFO] [1785330732.241810415] [charge_scheduler]: [执行事件] loop=global plan_v=0 C2 type=station_turnaround target=-1 station_ord=2 planned_finish=234.95 actual_finish=234.95 dev=+0.00 injected=0.0
[charge_scheduler-1] [INFO] [1785330732.241816364] [charge_scheduler]: [执行事件] loop=global plan_v=0 C3 type=station_turnaround target=-1 station_ord=2 planned_finish=246.46 actual_finish=246.46 dev=+0.00 injected=0.0
[charge_scheduler-1] [INFO] [1785330732.241822235] [charge_scheduler]: [执行事件] loop=global plan_v=0 C1 type=target_service target=29 station_ord=0 planned_finish=261.32 actual_finish=261.32 dev=+0.00 injected=0.0
[charge_scheduler-1] [INFO] [1785330732.241829415] [charge_scheduler]: [执行事件] loop=global plan_v=0 C2 type=target_service target=6 station_ord=0 planned_finish=281.51 actual_finish=281.51 dev=+0.00 injected=0.0
[charge_scheduler-1] [INFO] [1785330732.241835609] [charge_scheduler]: [执行事件] loop=global plan_v=0 C3 type=target_service target=23 station_ord=0 planned_finish=292.75 actual_finish=292.75 dev=+0.00 injected=0.0
[charge_scheduler-1] [INFO] [1785330732.241842635] [charge_scheduler]: [执行事件] loop=global plan_v=0 C1 type=target_service target=19 station_ord=0 planned_finish=299.41 actual_finish=299.41 dev=+0.00 injected=0.0
[charge_scheduler-1] [INFO] [1785330732.241848813] [charge_scheduler]: [执行事件] loop=global plan_v=0 C1 type=station_turnaround target=-1 station_ord=3 planned_finish=311.61 actual_finish=311.61 dev=+0.00 injected=0.0
[charge_scheduler-1] [INFO] [1785330732.241854996] [charge_scheduler]: [执行事件] loop=global plan_v=0 C2 type=target_service target=25 station_ord=0 planned_finish=318.28 actual_finish=318.28 dev=+0.00 injected=0.0
[charge_scheduler-1] [INFO] [1785330732.241862467] [charge_scheduler]: [执行事件] loop=global plan_v=0 C2 type=station_turnaround target=-1 station_ord=3 planned_finish=329.56 actual_finish=329.56 dev=+0.00 injected=0.0
[charge_scheduler-1] [INFO] [1785330732.241868790] [charge_scheduler]: [执行事件] loop=global plan_v=0 C3 type=target_service target=2 station_ord=0 planned_finish=339.49 actual_finish=339.49 dev=+0.00 injected=0.0
[charge_scheduler-1] [INFO] [1785330732.241874631] [charge_scheduler]: [执行事件] loop=global plan_v=0 C3 type=final_return target=-1 station_ord=0 planned_finish=341.42 actual_finish=341.42 dev=+0.00 injected=0.0
[charge_scheduler-1] [INFO] [1785330732.241880454] [charge_scheduler]: [执行事件] loop=global plan_v=0 C1 type=target_service target=14 station_ord=0 planned_finish=358.42 actual_finish=358.42 dev=+0.00 injected=0.0
[charge_scheduler-1] [INFO] [1785330732.241886441] [charge_scheduler]: [执行事件] loop=global plan_v=0 C1 type=final_return target=-1 station_ord=0 planned_finish=362.18 actual_finish=362.18 dev=+0.00 injected=0.0
[charge_scheduler-1] [INFO] [1785330732.241892301] [charge_scheduler]: [执行事件] loop=global plan_v=0 C2 type=target_service target=17 station_ord=0 planned_finish=375.60 actual_finish=375.60 dev=+0.00 injected=0.0
[charge_scheduler-1] [INFO] [1785330732.241897977] [charge_scheduler]: [执行事件] loop=global plan_v=0 C2 type=final_return target=-1 station_ord=0 planned_finish=378.39 actual_finish=378.39 dev=+0.00 injected=0.0
[charge_scheduler-1] [INFO] [1785330732.241907274] [charge_scheduler]: ★闭环实验结果 mode=open M=30 K=3 disturbance=none delay=0.0 seed=10 N_late=9 T_overtime=145.768 C_total=5736.883 makespan=378.394 served=30 energy_viol=0 reschedules=0 reschedule_ms=0.000 changed_assign=0 changed_order=0 applied_target=0 applied_station=0 initial_solve_ms=53152.851 objective_order=Tover,Nlate,Ctotal
[charge_scheduler-1] [INFO] [1785330732.241917660] [charge_scheduler]: ★闭环实验结果 mode=fixed M=30 K=3 disturbance=none delay=0.0 seed=10 N_late=9 T_overtime=145.768 C_total=5736.883 makespan=378.394 served=30 energy_viol=0 reschedules=0 reschedule_ms=0.000 changed_assign=0 changed_order=0 applied_target=0 applied_station=0 initial_solve_ms=53152.851 objective_order=Tover,Nlate,Ctotal
[charge_scheduler-1] [INFO] [1785330732.241925222] [charge_scheduler]: ★闭环实验收益 policy=fixed M=30 K=3 disturbance=none delay=0.0 seed=10 recovered_late=0 overtime_reduction=0.000 distance_delta=0.000 makespan_reduction=0.000
[charge_scheduler-1] [INFO] [1785330732.241931451] [charge_scheduler]: ★闭环实验结果 mode=closed M=30 K=3 disturbance=none delay=0.0 seed=10 N_late=9 T_overtime=145.768 C_total=5736.883 makespan=378.394 served=30 energy_viol=0 reschedules=0 reschedule_ms=0.000 changed_assign=0 changed_order=0 applied_target=0 applied_station=0 initial_solve_ms=53152.851 objective_order=Tover,Nlate,Ctotal
[charge_scheduler-1] [INFO] [1785330732.241939074] [charge_scheduler]: ★闭环实验收益 policy=closed M=30 K=3 disturbance=none delay=0.0 seed=10 recovered_late=0 overtime_reduction=0.000 distance_delta=0.000 makespan_reduction=0.000
