[INFO] [launch]: All log files can be found below /root/.ros/log/2026-07-29-13-39-22-090152-YYYY-19089
[INFO] [launch]: Default logging verbosity is set to INFO
[INFO] [charge_scheduler-1]: process started with pid [19090]
[charge_scheduler-1] [INFO] [1785332362.243907971] [charge_scheduler]: [目标顺序] objective_order=Tover,Nlate,Ctotal
[charge_scheduler-1] [INFO] [1785332362.244467554] [charge_scheduler]: [Scheduler] 30辆车 | 电池800.0kWh(20%=160.0 80%=640.0) | 充电360kW效率97% | 行驶0.6kWh/km | 桩350kW
[charge_scheduler-1] [INFO] [1785332362.244516536] [charge_scheduler]: [Scheduler] 站端周转: 换电 10 min(换后满电) | 单趟可用 640 kWh
[charge_scheduler-1] [INFO] [1785332362.244534058] [charge_scheduler]:   车#0 [电动装载机282|light] 位置(-47.3,-2.6) 容量282kWh 剩余35% | α=6→6min/% τ=168min → 需130.8kWh(充21.2min)
[charge_scheduler-1] [INFO] [1785332362.244554220] [charge_scheduler]:   车#1 [重型叉车|light] 位置(-44.0,-64.1) 容量200kWh 剩余20% | α=6→6min/% τ=96min → 需123.7kWh(充20.0min)
[charge_scheduler-1] [INFO] [1785332362.244571473] [charge_scheduler]:   车#2 [电动装载机350|light] 位置(-51.1,-38.8) 容量350kWh 剩余50% | α=6→6min/% τ=288min → 需108.2kWh(充17.5min)
[charge_scheduler-1] [INFO] [1785332362.244588924] [charge_scheduler]:   车#3 [重型叉车|light] 位置(-71.0,-19.0) 容量200kWh 剩余10% | α=6→6min/% τ=32min → 需144.3kWh(充23.3min)
[charge_scheduler-1] [INFO] [1785332362.244607153] [charge_scheduler]:   车#4 [电动装载机282|heavy→降级] 位置(-93.3,6.6) 容量282kWh 剩余60% | α=3→6min/% τ=212min → 需58.1kWh(充9.4min)
[charge_scheduler-1] [INFO] [1785332362.244624633] [charge_scheduler]:   车#5 [电动装载机350|light] 位置(-104.4,47.7) 容量350kWh 剩余25% | α=6→6min/% τ=128min → 需198.5kWh(充32.1min)
[charge_scheduler-1] [INFO] [1785332362.244643082] [charge_scheduler]:   车#6 [电动装载机350|heavy→降级] 位置(-37.0,-75.1) 容量350kWh 剩余40% | α=4→6min/% τ=176min → 需144.3kWh(充23.3min)
[charge_scheduler-1] [INFO] [1785332362.244660329] [charge_scheduler]:   车#7 [重型叉车|light] 位置(-88.8,-37.1) 容量200kWh 剩余15% | α=6→6min/% τ=64min → 需134.0kWh(充21.7min)
[charge_scheduler-1] [INFO] [1785332362.244677523] [charge_scheduler]:   车#8 [电动装载机282|heavy→降级] 位置(-70.9,27.7) 容量282kWh 剩余55% | α=3→6min/% τ=196min → 需72.7kWh(充11.8min)
[charge_scheduler-1] [INFO] [1785332362.244693563] [charge_scheduler]:   车#9 [电动装载机282|heavy→降级] 位置(-35.4,-47.4) 容量282kWh 剩余30% | α=3→6min/% τ=116min → 需145.4kWh(充23.5min)
[charge_scheduler-1] [INFO] [1785332362.244709970] [charge_scheduler]:   车#10 [电动装载机282|light] 位置(-100.0,-1.0) 容量282kWh 剩余45% | α=6→6min/% τ=224min → 需101.8kWh(充16.4min)
[charge_scheduler-1] [INFO] [1785332362.244729432] [charge_scheduler]:   车#11 [电动装载机350|light] 位置(-72.8,-15.6) 容量350kWh 剩余18% | α=6→6min/% τ=83min → 需223.7kWh(充36.2min)
[charge_scheduler-1] [INFO] [1785332362.244746306] [charge_scheduler]:   车#12 [重型叉车|heavy→降级] 位置(-61.7,-20.7) 容量200kWh 剩余62% | α=3→6min/% τ=230min → 需37.1kWh(充6.0min)
[charge_scheduler-1] [INFO] [1785332362.244762376] [charge_scheduler]:   车#13 [电动装载机282|light] 位置(-133.0,-25.3) 容量282kWh 剩余28% | α=6→6min/% τ=129min → 需151.2kWh(充24.4min)
[charge_scheduler-1] [INFO] [1785332362.244779676] [charge_scheduler]:   车#14 [电动装载机350|light] 位置(-132.0,-8.9) 容量350kWh 剩余52% | α=6→6min/% τ=301min → 需101.0kWh(充16.3min)
[charge_scheduler-1] [INFO] [1785332362.244795395] [charge_scheduler]:   车#15 [重型叉车|light] 位置(-120.0,7.9) 容量200kWh 剩余12% | α=6→6min/% τ=45min → 需140.2kWh(充22.7min)
[charge_scheduler-1] [INFO] [1785332362.244812739] [charge_scheduler]:   车#16 [电动装载机282|light] 位置(-43.8,-82.9) 容量282kWh 剩余38% | α=6→6min/% τ=185min → 需122.1kWh(充19.7min)
[charge_scheduler-1] [INFO] [1785332362.244832427] [charge_scheduler]:   车#17 [电动装载机350|light] 位置(-31.1,-74.7) 容量350kWh 剩余58% | α=6→6min/% τ=339min → 需79.4kWh(充12.8min)
[charge_scheduler-1] [INFO] [1785332362.244989785] [charge_scheduler]:   车#18 [重型叉车|heavy→降级] 位置(-75.4,-68.2) 容量200kWh 剩余22% | α=3→6min/% τ=102min → 需119.6kWh(充19.3min)
[charge_scheduler-1] [INFO] [1785332362.245010206] [charge_scheduler]:   车#19 [电动装载机282|light] 位置(-88.2,47.1) 容量282kWh 剩余48% | α=6→6min/% τ=241min → 需93.0kWh(充15.0min)
[charge_scheduler-1] [INFO] [1785332362.245025171] [charge_scheduler]:   车#20 [电动装载机350|light] 位置(-71.4,16.3) 容量350kWh 剩余33% | α=6→6min/% τ=179min → 需169.6kWh(充27.4min)
[charge_scheduler-1] [INFO] [1785332362.245077611] [charge_scheduler]:   车#21 [重型叉车|heavy→降级] 位置(-122.0,-0.6) 容量200kWh 剩余65% | α=3→6min/% τ=240min → 需30.9kWh(充5.0min)
[charge_scheduler-1] [INFO] [1785332362.245130141] [charge_scheduler]:   车#22 [电动装载机282|light] 位置(-71.6,11.6) 容量282kWh 剩余16% | α=6→6min/% τ=62min → 需186.1kWh(充30.1min)
[charge_scheduler-1] [INFO] [1785332362.245145294] [charge_scheduler]:   车#23 [电动装载机350|light] 位置(-131.0,37.2) 容量350kWh 剩余42% | α=6→6min/% τ=237min → 需137.1kWh(充22.2min)
[charge_scheduler-1] [INFO] [1785332362.245161783] [charge_scheduler]:   车#24 [重型叉车|heavy→降级] 位置(-51.3,5.9) 容量200kWh 剩余25% | α=3→6min/% τ=112min → 需113.4kWh(充18.3min)
[charge_scheduler-1] [INFO] [1785332362.245175569] [charge_scheduler]:   车#25 [电动装载机282|light] 位置(-62.2,-10.7) 容量282kWh 剩余55% | α=6→6min/% τ=280min → 需72.7kWh(充11.8min)
[charge_scheduler-1] [INFO] [1785332362.245186534] [charge_scheduler]:   车#26 [电动装载机350|light] 位置(-116.0,60.4) 容量350kWh 剩余30% | α=6→6min/% τ=160min → 需180.4kWh(充29.2min)
[charge_scheduler-1] [INFO] [1785332362.245200284] [charge_scheduler]:   车#27 [重型叉车|heavy→降级] 位置(-90.4,60.5) 容量200kWh 剩余68% | α=3→6min/% τ=250min → 需24.7kWh(充4.0min)
[charge_scheduler-1] [INFO] [1785332362.245210892] [charge_scheduler]:   车#28 [电动装载机282|light] 位置(-85.5,-46.0) 容量282kWh 剩余20% | α=6→6min/% τ=84min → 需174.4kWh(充28.2min)
[charge_scheduler-1] [INFO] [1785332362.245221165] [charge_scheduler]:   车#29 [电动装载机350|light] 位置(-87.0,-36.6) 容量350kWh 剩余36% | α=6→6min/% τ=198min → 需158.8kWh(充25.7min)
[charge_scheduler-1] [INFO] [1785332362.254792574] [charge_scheduler]: [Scheduler] 闭环接口: threshold=10.0min | event_sim=on | policy=all | structured_feedback=optional (/task_planner/execution_event)
[charge_scheduler-1] [INFO] [1785332362.254841937] [charge_scheduler]: [Scheduler] 已启动, 等待地图...
[charge_scheduler-1] [INFO] [1785332362.312758570] [charge_scheduler]: [Scheduler] RoutingGraph 就绪
[charge_scheduler-1] [INFO] [1785332362.313006124] [charge_scheduler]: [Scheduler] 提取到 6 条虚线捷径
[charge_scheduler-1] [INFO] [1785332362.324995917] [charge_scheduler]: [Scheduler] 下层兼容增强图: 166 节点, 6 条虚线掉头边
[charge_scheduler-1] [INFO] [1785332369.379680324] [charge_scheduler]: [Scheduler] 距离矩阵完成 31x31, 7054.6 ms | 模式=maneuver | 真实不可达=0 抽象不可达=0 | 缺少对向投影节点=0
[charge_scheduler-1] [INFO] [1785332369.379761688] [charge_scheduler]:   ✓ 比值自检：930 个 OD 满足 机动/直线≥1 | 均值=2.97 最大=42.81 (车#15→车#21)
[charge_scheduler-1] [INFO] [1785332369.379774397] [charge_scheduler]: [Scheduler] 地图就绪, 166 条 lanelet（与下层一致）
[charge_scheduler-1] [INFO] [1785332369.379855779] [charge_scheduler]: ======== 开始VRPTW调度 30 辆车 ========
[charge_scheduler-1] [INFO] [1785332369.379866280] [charge_scheduler]:   规模30>8 → 启发式(alns)
[charge_scheduler-1] [INFO] [1785332421.004868159] [charge_scheduler]: [ALNS] objective_order=Tover,Nlate,Ctotal seed=4 iters=15000 | N_late=10(成功率66.7%) T_overtime=150.0min C_total=5291.3m | 趟数=11 makespan=381.8min
[charge_scheduler-1] [INFO] [1785332421.004912520] [charge_scheduler]:   求解耗时 51625.0 ms
[charge_scheduler-1] [INFO] [1785332421.004919734] [charge_scheduler]: ════════ 调度结果 ════════
[charge_scheduler-1] [INFO] [1785332421.004924031] [charge_scheduler]:   ★目标(字典序): objective_order=Tover,Nlate,Ctotal | N_late=10 辆 (按时成功率 20/30 = 66.7%)  T_overtime=150.0min  C_total=5291.3m
[charge_scheduler-1] [INFO] [1785332421.004929436] [charge_scheduler]:   附: 趟数=11 | makespan=381.8min | 能量可行=是
[charge_scheduler-1] [INFO] [1785332421.004939789] [charge_scheduler]:   [充电车2] 趟1: 站 → 车#4(到1.4/限212.0✓) → 车#15(到11.5/限44.8✓) → 车#13(到36.4/限128.8✓) → 车#5(到65.6/限128.0✓) → 站
[charge_scheduler-1] [INFO] [1785332421.004946348] [charge_scheduler]:   [充电车1] 趟2: 站 → 车#27(到2.1/限249.6✓) → 车#21(到8.2/限240.0✓) → 车#3(到15.1/限32.0✓) → 车#11(到39.4/限83.2✓) → 车#1(到80.3/限96.0✓) → 站
[charge_scheduler-1] [INFO] [1785332421.004972418] [charge_scheduler]:   [充电车3] 趟3: 站 → 车#8(到4.0/限196.0✓) → 车#22(到16.7/限61.6✓) → 车#7(到49.3/限64.0✓) → 车#28(到73.8/限84.0✓) → 站
[charge_scheduler-1] [INFO] [1785332421.004978068] [charge_scheduler]:   [充电车2] 趟4: 站 → 车#18(到118.2/限102.4✗超时) → 车#16(到143.9/限184.8✓) → 车#6(到176.0/限176.0✓) → 站
[charge_scheduler-1] [INFO] [1785332421.004983246] [charge_scheduler]:   [充电车1] 趟5: 站 → 车#24(到117.7/限112.0✗超时) → 车#0(到143.0/限168.0✓) → 车#20(到179.8/限179.2✗超时) → 站
[charge_scheduler-1] [INFO] [1785332421.004988058] [charge_scheduler]:   [充电车3] 趟6: 站 → 车#9(到122.4/限116.0✗超时) → 车#26(到160.5/限160.0✗超时) → 车#12(到207.5/限230.4✓) → 站
[charge_scheduler-1] [INFO] [1785332421.004992131] [charge_scheduler]:   [充电车2] 趟7: 站 → 车#10(到236.5/限224.0✗超时) → 车#25(到273.7/限280.0✓) → 站
[charge_scheduler-1] [INFO] [1785332421.004996529] [charge_scheduler]:   [充电车1] 趟8: 站 → 车#19(到238.3/限240.8✓) → 车#23(到275.9/限236.8✗超时) → 站
[charge_scheduler-1] [INFO] [1785332421.005000357] [charge_scheduler]:   [充电车1] 趟9: 站 → 车#17(到335.6/限339.2✓) → 站
[charge_scheduler-1] [INFO] [1785332421.005004521] [charge_scheduler]:   [充电车2] 趟10: 站 → 车#14(到322.8/限300.8✗超时) → 站
[charge_scheduler-1] [INFO] [1785332421.005009454] [charge_scheduler]:   [充电车3] 趟11: 站 → 车#29(到244.6/限198.4✗超时) → 车#2(到289.2/限288.0✗超时) → 站
[charge_scheduler-1] [INFO] [1785332421.005012621] [charge_scheduler]: ════════════════════════
[charge_scheduler-1] [INFO] [1785332421.005066734] [charge_scheduler]: [扰动清单] type=target delay=60.0min targets={9,13,} station={}
[charge_scheduler-1] [INFO] [1785332421.005082134] [charge_scheduler]: [执行事件] loop=open plan_v=0 C1 type=target_service target=27 station_ord=0 planned_finish=6.36 actual_finish=6.36 dev=+0.00 injected=0.0
[charge_scheduler-1] [INFO] [1785332421.005089112] [charge_scheduler]: [执行事件] loop=open plan_v=0 C2 type=target_service target=4 station_ord=0 planned_finish=11.04 actual_finish=11.04 dev=+0.00 injected=0.0
[charge_scheduler-1] [INFO] [1785332421.005095262] [charge_scheduler]: [执行事件] loop=open plan_v=0 C1 type=target_service target=21 station_ord=0 planned_finish=14.00 actual_finish=14.00 dev=+0.00 injected=0.0
[charge_scheduler-1] [INFO] [1785332421.005101035] [charge_scheduler]: [执行事件] loop=open plan_v=0 C3 type=target_service target=8 station_ord=0 planned_finish=16.35 actual_finish=16.35 dev=+0.00 injected=0.0
[charge_scheduler-1] [INFO] [1785332421.005106684] [charge_scheduler]: [执行事件] loop=open plan_v=0 C2 type=target_service target=15 station_ord=0 planned_finish=34.81 actual_finish=34.81 dev=+0.00 injected=0.0
[charge_scheduler-1] [INFO] [1785332421.005112549] [charge_scheduler]: [执行事件] loop=open plan_v=0 C1 type=target_service target=3 station_ord=0 planned_finish=39.26 actual_finish=39.26 dev=+0.00 injected=0.0
[charge_scheduler-1] [INFO] [1785332421.005118143] [charge_scheduler]: [执行事件] loop=open plan_v=0 C3 type=target_service target=22 station_ord=0 planned_finish=48.17 actual_finish=48.17 dev=+0.00 injected=0.0
[charge_scheduler-1] [INFO] [1785332421.005123715] [charge_scheduler]: [执行事件] loop=open plan_v=0 C3 type=target_service target=7 station_ord=0 planned_finish=73.54 actual_finish=73.54 dev=+0.00 injected=0.0
[charge_scheduler-1] [INFO] [1785332421.005129515] [charge_scheduler]: [执行事件] loop=open plan_v=0 C1 type=target_service target=11 station_ord=0 planned_finish=79.14 actual_finish=79.14 dev=+0.00 injected=0.0
[charge_scheduler-1] [INFO] [1785332421.005135264] [charge_scheduler]: [执行事件] loop=open plan_v=0 C1 type=target_service target=1 station_ord=0 planned_finish=104.45 actual_finish=104.45 dev=+0.00 injected=0.0
[charge_scheduler-1] [INFO] [1785332421.005141212] [charge_scheduler]: [执行事件] loop=open plan_v=0 C3 type=target_service target=28 station_ord=0 planned_finish=108.18 actual_finish=108.18 dev=+0.00 injected=0.0
[charge_scheduler-1] [INFO] [1785332421.005146956] [charge_scheduler]: [执行事件] loop=open plan_v=0 C1 type=station_turnaround target=-1 station_ord=1 planned_finish=116.87 actual_finish=116.87 dev=+0.00 injected=0.0
[charge_scheduler-1] [INFO] [1785332421.005152843] [charge_scheduler]: [执行事件] loop=open plan_v=0 C3 type=station_turnaround target=-1 station_ord=1 planned_finish=120.21 actual_finish=120.21 dev=+0.00 injected=0.0
[charge_scheduler-1] [INFO] [1785332421.005162561] [charge_scheduler]: [执行事件] loop=open plan_v=0 C2 type=target_service target=13 station_ord=0 planned_finish=63.93 actual_finish=123.93 dev=+60.00 injected=60.0
[charge_scheduler-1] [INFO] [1785332421.005168920] [charge_scheduler]: [执行事件] loop=open plan_v=0 C1 type=target_service target=24 station_ord=0 planned_finish=142.69 actual_finish=142.69 dev=+0.00 injected=0.0
[charge_scheduler-1] [INFO] [1785332421.005174616] [charge_scheduler]: [执行事件] loop=open plan_v=0 C2 type=target_service target=5 station_ord=0 planned_finish=103.68 actual_finish=169.15 dev=+65.47 injected=0.0
[charge_scheduler-1] [INFO] [1785332421.005180670] [charge_scheduler]: [执行事件] loop=open plan_v=0 C1 type=target_service target=0 station_ord=0 planned_finish=176.13 actual_finish=176.13 dev=+0.00 injected=0.0
[charge_scheduler-1] [INFO] [1785332421.005186278] [charge_scheduler]: [执行事件] loop=open plan_v=0 C2 type=station_turnaround target=-1 station_ord=1 planned_finish=116.12 actual_finish=181.58 dev=+65.47 injected=0.0
[charge_scheduler-1] [INFO] [1785332421.005192046] [charge_scheduler]: [执行事件] loop=open plan_v=0 C2 type=target_service target=18 station_ord=0 planned_finish=143.24 actual_finish=208.71 dev=+65.47 injected=0.0
[charge_scheduler-1] [INFO] [1785332421.005197799] [charge_scheduler]: [执行事件] loop=open plan_v=0 C3 type=target_service target=9 station_ord=0 planned_finish=157.64 actual_finish=217.64 dev=+60.00 injected=60.0
[charge_scheduler-1] [INFO] [1785332421.005203477] [charge_scheduler]: [执行事件] loop=open plan_v=0 C1 type=target_service target=20 station_ord=0 planned_finish=223.52 actual_finish=223.52 dev=+0.00 injected=0.0
[charge_scheduler-1] [INFO] [1785332421.005208937] [charge_scheduler]: [执行事件] loop=open plan_v=0 C1 type=station_turnaround target=-1 station_ord=2 planned_finish=234.92 actual_finish=234.92 dev=+0.00 injected=0.0
[charge_scheduler-1] [INFO] [1785332421.005214713] [charge_scheduler]: [执行事件] loop=open plan_v=0 C2 type=target_service target=16 station_ord=0 planned_finish=175.70 actual_finish=244.60 dev=+68.90 injected=0.0
[charge_scheduler-1] [INFO] [1785332421.005220608] [charge_scheduler]: [执行事件] loop=open plan_v=0 C3 type=target_service target=26 station_ord=0 planned_finish=204.21 actual_finish=264.21 dev=+60.00 injected=0.0
[charge_scheduler-1] [INFO] [1785332421.005226315] [charge_scheduler]: [执行事件] loop=open plan_v=0 C1 type=target_service target=19 station_ord=0 planned_finish=273.38 actual_finish=273.38 dev=+0.00 injected=0.0
[charge_scheduler-1] [INFO] [1785332421.005231958] [charge_scheduler]: [执行事件] loop=open plan_v=0 C2 type=target_service target=6 station_ord=0 planned_finish=219.70 actual_finish=288.61 dev=+68.91 injected=0.0
[charge_scheduler-1] [INFO] [1785332421.005237846] [charge_scheduler]: [执行事件] loop=open plan_v=0 C3 type=target_service target=12 station_ord=0 planned_finish=231.28 actual_finish=292.47 dev=+61.19 injected=0.0
[charge_scheduler-1] [INFO] [1785332421.005243725] [charge_scheduler]: [执行事件] loop=open plan_v=0 C2 type=station_turnaround target=-1 station_ord=2 planned_finish=232.40 actual_finish=301.30 dev=+68.91 injected=0.0
[charge_scheduler-1] [INFO] [1785332421.005249462] [charge_scheduler]: [执行事件] loop=open plan_v=0 C3 type=station_turnaround target=-1 station_ord=2 planned_finish=242.72 actual_finish=303.92 dev=+61.19 injected=0.0
[charge_scheduler-1] [INFO] [1785332421.005255191] [charge_scheduler]: [执行事件] loop=open plan_v=0 C1 type=target_service target=23 station_ord=0 planned_finish=319.65 actual_finish=319.65 dev=+0.00 injected=0.0
[charge_scheduler-1] [INFO] [1785332421.005260691] [charge_scheduler]: [执行事件] loop=open plan_v=0 C1 type=station_turnaround target=-1 station_ord=3 planned_finish=332.71 actual_finish=332.71 dev=+0.00 injected=0.0
[charge_scheduler-1] [INFO] [1785332421.005268306] [charge_scheduler]: [执行事件] loop=open plan_v=0 C2 type=target_service target=10 station_ord=0 planned_finish=271.78 actual_finish=340.68 dev=+68.91 injected=0.0
[charge_scheduler-1] [INFO] [1785332421.005274024] [charge_scheduler]: [执行事件] loop=open plan_v=0 C3 type=target_service target=29 station_ord=0 planned_finish=288.37 actual_finish=349.57 dev=+61.19 injected=0.0
[charge_scheduler-1] [INFO] [1785332421.005281270] [charge_scheduler]: [执行事件] loop=open plan_v=0 C2 type=target_service target=25 station_ord=0 planned_finish=308.47 actual_finish=377.90 dev=+69.43 injected=0.0
[charge_scheduler-1] [INFO] [1785332421.005287211] [charge_scheduler]: [执行事件] loop=open plan_v=0 C1 type=target_service target=17 station_ord=0 planned_finish=379.04 actual_finish=379.04 dev=+0.00 injected=0.0
[charge_scheduler-1] [INFO] [1785332421.005292671] [charge_scheduler]: [执行事件] loop=open plan_v=0 C1 type=final_return target=-1 station_ord=0 planned_finish=381.83 actual_finish=381.83 dev=+0.00 injected=0.0
[charge_scheduler-1] [INFO] [1785332421.005297981] [charge_scheduler]: [执行事件] loop=open plan_v=0 C2 type=station_turnaround target=-1 station_ord=3 planned_finish=319.74 actual_finish=389.18 dev=+69.43 injected=0.0
[charge_scheduler-1] [INFO] [1785332421.005303579] [charge_scheduler]: [执行事件] loop=open plan_v=0 C3 type=target_service target=2 station_ord=0 planned_finish=332.99 actual_finish=394.18 dev=+61.19 injected=0.0
[charge_scheduler-1] [INFO] [1785332421.005309421] [charge_scheduler]: [执行事件] loop=open plan_v=0 C3 type=final_return target=-1 station_ord=0 planned_finish=334.91 actual_finish=396.11 dev=+61.19 injected=0.0
[charge_scheduler-1] [INFO] [1785332421.005314782] [charge_scheduler]: [执行事件] loop=open plan_v=0 C2 type=target_service target=14 station_ord=0 planned_finish=366.55 actual_finish=435.98 dev=+69.43 injected=0.0
[charge_scheduler-1] [INFO] [1785332421.005320178] [charge_scheduler]: [执行事件] loop=open plan_v=0 C2 type=final_return target=-1 station_ord=0 planned_finish=370.31 actual_finish=439.74 dev=+69.43 injected=0.0
[charge_scheduler-1] [INFO] [1785332421.005333193] [charge_scheduler]: [执行事件] loop=fixed plan_v=0 C1 type=target_service target=27 station_ord=0 planned_finish=6.36 actual_finish=6.36 dev=+0.00 injected=0.0
[charge_scheduler-1] [INFO] [1785332421.005339122] [charge_scheduler]: [执行事件] loop=fixed plan_v=0 C2 type=target_service target=4 station_ord=0 planned_finish=11.04 actual_finish=11.04 dev=+0.00 injected=0.0
[charge_scheduler-1] [INFO] [1785332421.005344833] [charge_scheduler]: [执行事件] loop=fixed plan_v=0 C1 type=target_service target=21 station_ord=0 planned_finish=14.00 actual_finish=14.00 dev=+0.00 injected=0.0
[charge_scheduler-1] [INFO] [1785332421.005350624] [charge_scheduler]: [执行事件] loop=fixed plan_v=0 C3 type=target_service target=8 station_ord=0 planned_finish=16.35 actual_finish=16.35 dev=+0.00 injected=0.0
[charge_scheduler-1] [INFO] [1785332421.005356482] [charge_scheduler]: [执行事件] loop=fixed plan_v=0 C2 type=target_service target=15 station_ord=0 planned_finish=34.81 actual_finish=34.81 dev=+0.00 injected=0.0
[charge_scheduler-1] [INFO] [1785332421.005362232] [charge_scheduler]: [执行事件] loop=fixed plan_v=0 C1 type=target_service target=3 station_ord=0 planned_finish=39.26 actual_finish=39.26 dev=+0.00 injected=0.0
[charge_scheduler-1] [INFO] [1785332421.005368771] [charge_scheduler]: [执行事件] loop=fixed plan_v=0 C3 type=target_service target=22 station_ord=0 planned_finish=48.17 actual_finish=48.17 dev=+0.00 injected=0.0
[charge_scheduler-1] [INFO] [1785332421.005374596] [charge_scheduler]: [执行事件] loop=fixed plan_v=0 C3 type=target_service target=7 station_ord=0 planned_finish=73.54 actual_finish=73.54 dev=+0.00 injected=0.0
[charge_scheduler-1] [INFO] [1785332421.005380324] [charge_scheduler]: [执行事件] loop=fixed plan_v=0 C1 type=target_service target=11 station_ord=0 planned_finish=79.14 actual_finish=79.14 dev=+0.00 injected=0.0
[charge_scheduler-1] [INFO] [1785332421.005385972] [charge_scheduler]: [执行事件] loop=fixed plan_v=0 C1 type=target_service target=1 station_ord=0 planned_finish=104.45 actual_finish=104.45 dev=+0.00 injected=0.0
[charge_scheduler-1] [INFO] [1785332421.005391682] [charge_scheduler]: [执行事件] loop=fixed plan_v=0 C3 type=target_service target=28 station_ord=0 planned_finish=108.18 actual_finish=108.18 dev=+0.00 injected=0.0
[charge_scheduler-1] [INFO] [1785332421.005397152] [charge_scheduler]: [执行事件] loop=fixed plan_v=0 C1 type=station_turnaround target=-1 station_ord=1 planned_finish=116.87 actual_finish=116.87 dev=+0.00 injected=0.0
[charge_scheduler-1] [INFO] [1785332421.005402911] [charge_scheduler]: [执行事件] loop=fixed plan_v=0 C3 type=station_turnaround target=-1 station_ord=1 planned_finish=120.21 actual_finish=120.21 dev=+0.00 injected=0.0
[charge_scheduler-1] [INFO] [1785332421.005410450] [charge_scheduler]: [执行事件] loop=fixed plan_v=0 C2 type=target_service target=13 station_ord=0 planned_finish=63.93 actual_finish=123.93 dev=+60.00 injected=60.0
[charge_scheduler-1] [WARN] [1785332421.709269069] [charge_scheduler]: [重调度事件] policy=fixed #1 t=123.93min trigger=C2/target_service dev=+60.00 pool=16 committed=2 plan_v=1 solve_ms=703.8 changed_assign=0 changed_order=14
[charge_scheduler-1] [INFO] [1785332421.709317894] [charge_scheduler]: [执行事件] loop=fixed plan_v=0 C1 type=target_service target=24 station_ord=0 planned_finish=142.69 actual_finish=142.69 dev=+0.00 injected=0.0
[charge_scheduler-1] [INFO] [1785332421.709330883] [charge_scheduler]: [执行事件] loop=fixed plan_v=1 C2 type=target_service target=18 station_ord=0 planned_finish=152.95 actual_finish=152.95 dev=+0.00 injected=0.0
[charge_scheduler-1] [INFO] [1785332421.709340859] [charge_scheduler]: [执行事件] loop=fixed plan_v=1 C2 type=station_turnaround target=-1 station_ord=1 planned_finish=165.75 actual_finish=165.75 dev=+0.00 injected=0.0
[charge_scheduler-1] [INFO] [1785332421.709350808] [charge_scheduler]: [执行事件] loop=fixed plan_v=1 C1 type=target_service target=0 station_ord=0 planned_finish=176.13 actual_finish=176.13 dev=+0.00 injected=0.0
[charge_scheduler-1] [INFO] [1785332421.709360000] [charge_scheduler]: [执行事件] loop=fixed plan_v=1 C2 type=target_service target=16 station_ord=0 planned_finish=202.20 actual_finish=202.20 dev=+0.00 injected=0.0
[charge_scheduler-1] [INFO] [1785332421.709369274] [charge_scheduler]: [执行事件] loop=fixed plan_v=0 C3 type=target_service target=9 station_ord=0 planned_finish=157.64 actual_finish=217.64 dev=+60.00 injected=60.0
[charge_scheduler-1] [WARN] [1785332422.189162119] [charge_scheduler]: [重调度事件] policy=fixed #2 t=217.64min trigger=C3/target_service dev=+60.00 pool=11 committed=2 plan_v=2 solve_ms=479.7 changed_assign=0 changed_order=9
[charge_scheduler-1] [INFO] [1785332422.189223893] [charge_scheduler]: [执行事件] loop=fixed plan_v=1 C1 type=target_service target=20 station_ord=0 planned_finish=223.52 actual_finish=223.52 dev=+0.00 injected=0.0
[charge_scheduler-1] [INFO] [1785332422.189234755] [charge_scheduler]: [执行事件] loop=fixed plan_v=2 C1 type=station_turnaround target=-1 station_ord=2 planned_finish=234.92 actual_finish=234.92 dev=+0.00 injected=0.0
[charge_scheduler-1] [INFO] [1785332422.189241799] [charge_scheduler]: [执行事件] loop=fixed plan_v=2 C3 type=target_service target=12 station_ord=0 planned_finish=242.98 actual_finish=242.98 dev=+0.00 injected=0.0
[charge_scheduler-1] [INFO] [1785332422.189251772] [charge_scheduler]: [执行事件] loop=fixed plan_v=1 C2 type=target_service target=6 station_ord=0 planned_finish=246.21 actual_finish=246.21 dev=+0.00 injected=0.0
[charge_scheduler-1] [INFO] [1785332422.189258684] [charge_scheduler]: [执行事件] loop=fixed plan_v=2 C2 type=station_turnaround target=-1 station_ord=2 planned_finish=258.90 actual_finish=258.90 dev=+0.00 injected=0.0
[charge_scheduler-1] [INFO] [1785332422.189265644] [charge_scheduler]: [执行事件] loop=fixed plan_v=2 C1 type=target_service target=19 station_ord=0 planned_finish=273.38 actual_finish=273.38 dev=+0.00 injected=0.0
[charge_scheduler-1] [INFO] [1785332422.189272719] [charge_scheduler]: [执行事件] loop=fixed plan_v=2 C3 type=target_service target=26 station_ord=0 planned_finish=288.72 actual_finish=288.72 dev=+0.00 injected=0.0
[charge_scheduler-1] [INFO] [1785332422.189279395] [charge_scheduler]: [执行事件] loop=fixed plan_v=2 C2 type=target_service target=10 station_ord=0 planned_finish=298.28 actual_finish=298.28 dev=+0.00 injected=0.0
[charge_scheduler-1] [INFO] [1785332422.189310768] [charge_scheduler]: [执行事件] loop=fixed plan_v=2 C3 type=station_turnaround target=-1 station_ord=2 planned_finish=302.02 actual_finish=302.02 dev=+0.00 injected=0.0
[charge_scheduler-1] [INFO] [1785332422.189317964] [charge_scheduler]: [执行事件] loop=fixed plan_v=2 C1 type=target_service target=23 station_ord=0 planned_finish=319.65 actual_finish=319.65 dev=+0.00 injected=0.0
[charge_scheduler-1] [INFO] [1785332422.189324789] [charge_scheduler]: [执行事件] loop=fixed plan_v=2 C1 type=station_turnaround target=-1 station_ord=3 planned_finish=332.71 actual_finish=332.71 dev=+0.00 injected=0.0
[charge_scheduler-1] [INFO] [1785332422.189363553] [charge_scheduler]: [执行事件] loop=fixed plan_v=2 C2 type=target_service target=25 station_ord=0 planned_finish=335.50 actual_finish=335.50 dev=+0.00 injected=0.0
[charge_scheduler-1] [INFO] [1785332422.189375957] [charge_scheduler]: [执行事件] loop=fixed plan_v=2 C2 type=station_turnaround target=-1 station_ord=3 planned_finish=346.78 actual_finish=346.78 dev=+0.00 injected=0.0
[charge_scheduler-1] [INFO] [1785332422.189382620] [charge_scheduler]: [执行事件] loop=fixed plan_v=2 C3 type=target_service target=29 station_ord=0 planned_finish=347.66 actual_finish=347.66 dev=+0.00 injected=0.0
[charge_scheduler-1] [INFO] [1785332422.189389286] [charge_scheduler]: [执行事件] loop=fixed plan_v=2 C1 type=target_service target=17 station_ord=0 planned_finish=379.04 actual_finish=379.04 dev=+0.00 injected=0.0
[charge_scheduler-1] [INFO] [1785332422.189395704] [charge_scheduler]: [执行事件] loop=fixed plan_v=2 C1 type=final_return target=-1 station_ord=0 planned_finish=381.83 actual_finish=381.83 dev=+0.00 injected=0.0
[charge_scheduler-1] [INFO] [1785332422.189401924] [charge_scheduler]: [执行事件] loop=fixed plan_v=2 C3 type=target_service target=2 station_ord=0 planned_finish=392.28 actual_finish=392.28 dev=+0.00 injected=0.0
[charge_scheduler-1] [INFO] [1785332422.189408154] [charge_scheduler]: [执行事件] loop=fixed plan_v=2 C2 type=target_service target=14 station_ord=0 planned_finish=393.58 actual_finish=393.58 dev=+0.00 injected=0.0
[charge_scheduler-1] [INFO] [1785332422.189420720] [charge_scheduler]: [执行事件] loop=fixed plan_v=2 C3 type=final_return target=-1 station_ord=0 planned_finish=394.20 actual_finish=394.20 dev=+0.00 injected=0.0
[charge_scheduler-1] [INFO] [1785332422.189427221] [charge_scheduler]: [执行事件] loop=fixed plan_v=2 C2 type=target_service target=5 station_ord=0 planned_finish=438.78 actual_finish=438.78 dev=+0.00 injected=0.0
[charge_scheduler-1] [INFO] [1785332422.189433329] [charge_scheduler]: [执行事件] loop=fixed plan_v=2 C2 type=final_return target=-1 station_ord=0 planned_finish=441.21 actual_finish=441.21 dev=+0.00 injected=0.0
[charge_scheduler-1] [INFO] [1785332422.189462520] [charge_scheduler]: [执行事件] loop=global plan_v=0 C1 type=target_service target=27 station_ord=0 planned_finish=6.36 actual_finish=6.36 dev=+0.00 injected=0.0
[charge_scheduler-1] [INFO] [1785332422.189469495] [charge_scheduler]: [执行事件] loop=global plan_v=0 C2 type=target_service target=4 station_ord=0 planned_finish=11.04 actual_finish=11.04 dev=+0.00 injected=0.0
[charge_scheduler-1] [INFO] [1785332422.189475963] [charge_scheduler]: [执行事件] loop=global plan_v=0 C1 type=target_service target=21 station_ord=0 planned_finish=14.00 actual_finish=14.00 dev=+0.00 injected=0.0
[charge_scheduler-1] [INFO] [1785332422.189482256] [charge_scheduler]: [执行事件] loop=global plan_v=0 C3 type=target_service target=8 station_ord=0 planned_finish=16.35 actual_finish=16.35 dev=+0.00 injected=0.0
[charge_scheduler-1] [INFO] [1785332422.189488421] [charge_scheduler]: [执行事件] loop=global plan_v=0 C2 type=target_service target=15 station_ord=0 planned_finish=34.81 actual_finish=34.81 dev=+0.00 injected=0.0
[charge_scheduler-1] [INFO] [1785332422.189499730] [charge_scheduler]: [执行事件] loop=global plan_v=0 C1 type=target_service target=3 station_ord=0 planned_finish=39.26 actual_finish=39.26 dev=+0.00 injected=0.0
[charge_scheduler-1] [INFO] [1785332422.189505998] [charge_scheduler]: [执行事件] loop=global plan_v=0 C3 type=target_service target=22 station_ord=0 planned_finish=48.17 actual_finish=48.17 dev=+0.00 injected=0.0
[charge_scheduler-1] [INFO] [1785332422.189512293] [charge_scheduler]: [执行事件] loop=global plan_v=0 C3 type=target_service target=7 station_ord=0 planned_finish=73.54 actual_finish=73.54 dev=+0.00 injected=0.0
[charge_scheduler-1] [INFO] [1785332422.189518578] [charge_scheduler]: [执行事件] loop=global plan_v=0 C1 type=target_service target=11 station_ord=0 planned_finish=79.14 actual_finish=79.14 dev=+0.00 injected=0.0
[charge_scheduler-1] [INFO] [1785332422.189524821] [charge_scheduler]: [执行事件] loop=global plan_v=0 C1 type=target_service target=1 station_ord=0 planned_finish=104.45 actual_finish=104.45 dev=+0.00 injected=0.0
[charge_scheduler-1] [INFO] [1785332422.189531116] [charge_scheduler]: [执行事件] loop=global plan_v=0 C3 type=target_service target=28 station_ord=0 planned_finish=108.18 actual_finish=108.18 dev=+0.00 injected=0.0
[charge_scheduler-1] [INFO] [1785332422.189540777] [charge_scheduler]: [执行事件] loop=global plan_v=0 C1 type=station_turnaround target=-1 station_ord=1 planned_finish=116.87 actual_finish=116.87 dev=+0.00 injected=0.0
[charge_scheduler-1] [INFO] [1785332422.189561866] [charge_scheduler]: [执行事件] loop=global plan_v=0 C3 type=station_turnaround target=-1 station_ord=1 planned_finish=120.21 actual_finish=120.21 dev=+0.00 injected=0.0
[charge_scheduler-1] [INFO] [1785332422.189569463] [charge_scheduler]: [执行事件] loop=global plan_v=0 C2 type=target_service target=13 station_ord=0 planned_finish=63.93 actual_finish=123.93 dev=+60.00 injected=60.0
[charge_scheduler-1] [WARN] [1785332427.093185629] [charge_scheduler]: [重调度事件] policy=global #1 t=123.93min trigger=C2/target_service dev=+60.00 pool=16 committed=2 plan_v=1 solve_ms=4903.6 changed_assign=13 changed_order=13
[charge_scheduler-1] [INFO] [1785332427.093260506] [charge_scheduler]: [执行事件] loop=global plan_v=0 C1 type=target_service target=24 station_ord=0 planned_finish=142.69 actual_finish=142.69 dev=+0.00 injected=0.0
[charge_scheduler-1] [INFO] [1785332427.093272415] [charge_scheduler]: [执行事件] loop=global plan_v=1 C2 type=target_service target=18 station_ord=0 planned_finish=152.95 actual_finish=152.95 dev=+0.00 injected=0.0
[charge_scheduler-1] [INFO] [1785332427.093280083] [charge_scheduler]: [执行事件] loop=global plan_v=1 C2 type=station_turnaround target=-1 station_ord=1 planned_finish=165.75 actual_finish=165.75 dev=+0.00 injected=0.0
[charge_scheduler-1] [INFO] [1785332427.093287159] [charge_scheduler]: [执行事件] loop=global plan_v=1 C1 type=target_service target=16 station_ord=0 planned_finish=176.41 actual_finish=176.41 dev=+0.00 injected=0.0
[charge_scheduler-1] [INFO] [1785332427.093293621] [charge_scheduler]: [执行事件] loop=global plan_v=1 C2 type=target_service target=26 station_ord=0 planned_finish=212.03 actual_finish=212.03 dev=+0.00 injected=0.0
[charge_scheduler-1] [INFO] [1785332427.093299705] [charge_scheduler]: [执行事件] loop=global plan_v=0 C3 type=target_service target=9 station_ord=0 planned_finish=157.64 actual_finish=217.64 dev=+60.00 injected=60.0
[charge_scheduler-1] [WARN] [1785332428.526207969] [charge_scheduler]: [重调度事件] policy=global #2 t=217.64min trigger=C3/target_service dev=+60.00 pool=11 committed=2 plan_v=2 solve_ms=1432.9 changed_assign=6 changed_order=9
[charge_scheduler-1] [INFO] [1785332428.526256420] [charge_scheduler]: [执行事件] loop=global plan_v=1 C1 type=target_service target=6 station_ord=0 planned_finish=220.42 actual_finish=220.42 dev=+0.00 injected=0.0
[charge_scheduler-1] [INFO] [1785332428.526266499] [charge_scheduler]: [执行事件] loop=global plan_v=2 C1 type=station_turnaround target=-1 station_ord=2 planned_finish=233.11 actual_finish=233.11 dev=+0.00 injected=0.0
[charge_scheduler-1] [INFO] [1785332428.526273254] [charge_scheduler]: [执行事件] loop=global plan_v=2 C3 type=target_service target=12 station_ord=0 planned_finish=242.98 actual_finish=242.98 dev=+0.00 injected=0.0
[charge_scheduler-1] [INFO] [1785332428.526279591] [charge_scheduler]: [执行事件] loop=global plan_v=1 C2 type=target_service target=10 station_ord=0 planned_finish=248.14 actual_finish=248.14 dev=+0.00 injected=0.0
[charge_scheduler-1] [INFO] [1785332428.526285314] [charge_scheduler]: [执行事件] loop=global plan_v=2 C2 type=station_turnaround target=-1 station_ord=2 planned_finish=259.79 actual_finish=259.79 dev=+0.00 injected=0.0
[charge_scheduler-1] [INFO] [1785332428.526296558] [charge_scheduler]: [执行事件] loop=global plan_v=2 C1 type=target_service target=29 station_ord=0 planned_finish=278.76 actual_finish=278.76 dev=+0.00 injected=0.0
[charge_scheduler-1] [INFO] [1785332428.526302817] [charge_scheduler]: [执行事件] loop=global plan_v=2 C3 type=target_service target=0 station_ord=0 planned_finish=278.90 actual_finish=278.90 dev=+0.00 injected=0.0
[charge_scheduler-1] [INFO] [1785332428.526308402] [charge_scheduler]: [执行事件] loop=global plan_v=2 C3 type=station_turnaround target=-1 station_ord=2 planned_finish=289.76 actual_finish=289.76 dev=+0.00 injected=0.0
[charge_scheduler-1] [INFO] [1785332428.526314231] [charge_scheduler]: [执行事件] loop=global plan_v=2 C2 type=target_service target=19 station_ord=0 planned_finish=298.45 actual_finish=298.45 dev=+0.00 injected=0.0
[charge_scheduler-1] [INFO] [1785332428.526320397] [charge_scheduler]: [执行事件] loop=global plan_v=2 C1 type=target_service target=25 station_ord=0 planned_finish=314.99 actual_finish=314.99 dev=+0.00 injected=0.0
[charge_scheduler-1] [INFO] [1785332428.526351126] [charge_scheduler]: [执行事件] loop=global plan_v=2 C1 type=station_turnaround target=-1 station_ord=3 planned_finish=326.27 actual_finish=326.27 dev=+0.00 injected=0.0
[charge_scheduler-1] [INFO] [1785332428.526357231] [charge_scheduler]: [执行事件] loop=global plan_v=2 C3 type=target_service target=23 station_ord=0 planned_finish=336.04 actual_finish=336.04 dev=+0.00 injected=0.0
[charge_scheduler-1] [INFO] [1785332428.526363065] [charge_scheduler]: [执行事件] loop=global plan_v=2 C2 type=target_service target=20 station_ord=0 planned_finish=343.10 actual_finish=343.10 dev=+0.00 injected=0.0
[charge_scheduler-1] [INFO] [1785332428.526368564] [charge_scheduler]: [执行事件] loop=global plan_v=2 C2 type=station_turnaround target=-1 station_ord=3 planned_finish=354.50 actual_finish=354.50 dev=+0.00 injected=0.0
[charge_scheduler-1] [INFO] [1785332428.526374336] [charge_scheduler]: [执行事件] loop=global plan_v=2 C1 type=target_service target=2 station_ord=0 planned_finish=372.06 actual_finish=372.06 dev=+0.00 injected=0.0
[charge_scheduler-1] [INFO] [1785332428.526380052] [charge_scheduler]: [执行事件] loop=global plan_v=2 C3 type=target_service target=5 station_ord=0 planned_finish=380.54 actual_finish=380.54 dev=+0.00 injected=0.0
[charge_scheduler-1] [INFO] [1785332428.526385614] [charge_scheduler]: [执行事件] loop=global plan_v=2 C3 type=final_return target=-1 station_ord=0 planned_finish=382.98 actual_finish=382.98 dev=+0.00 injected=0.0
[charge_scheduler-1] [INFO] [1785332428.526391244] [charge_scheduler]: [执行事件] loop=global plan_v=2 C2 type=target_service target=14 station_ord=0 planned_finish=401.30 actual_finish=401.30 dev=+0.00 injected=0.0
[charge_scheduler-1] [INFO] [1785332428.526396783] [charge_scheduler]: [执行事件] loop=global plan_v=2 C2 type=final_return target=-1 station_ord=0 planned_finish=405.07 actual_finish=405.07 dev=+0.00 injected=0.0
[charge_scheduler-1] [INFO] [1785332428.526402206] [charge_scheduler]: [执行事件] loop=global plan_v=2 C1 type=target_service target=17 station_ord=0 planned_finish=417.13 actual_finish=417.13 dev=+0.00 injected=0.0
[charge_scheduler-1] [INFO] [1785332428.526407540] [charge_scheduler]: [执行事件] loop=global plan_v=2 C1 type=final_return target=-1 station_ord=0 planned_finish=419.93 actual_finish=419.93 dev=+0.00 injected=0.0
[charge_scheduler-1] [INFO] [1785332428.526420850] [charge_scheduler]: ★闭环实验结果 mode=open M=30 K=3 disturbance=target delay=60.0 seed=4 N_late=14 T_overtime=729.358 C_total=5291.330 makespan=439.744 served=30 energy_viol=6 reschedules=0 reschedule_ms=0.000 changed_assign=0 changed_order=0 applied_target=2 applied_station=0 initial_solve_ms=51625.046 objective_order=Tover,Nlate,Ctotal
[charge_scheduler-1] [INFO] [1785332428.526431239] [charge_scheduler]: ★闭环实验结果 mode=fixed M=30 K=3 disturbance=target delay=60.0 seed=4 N_late=13 T_overtime=730.101 C_total=5381.167 makespan=441.214 served=30 energy_viol=0 reschedules=2 reschedule_ms=1183.518 changed_assign=0 changed_order=23 applied_target=2 applied_station=0 initial_solve_ms=51625.046 objective_order=Tover,Nlate,Ctotal
[charge_scheduler-1] [INFO] [1785332428.526439100] [charge_scheduler]: ★闭环实验收益 policy=fixed M=30 K=3 disturbance=target delay=60.0 seed=4 recovered_late=1 overtime_reduction=-0.744 distance_delta=89.837 makespan_reduction=-1.470
[charge_scheduler-1] [INFO] [1785332428.526445958] [charge_scheduler]: ★闭环实验结果 mode=closed M=30 K=3 disturbance=target delay=60.0 seed=4 N_late=14 T_overtime=696.919 C_total=4778.254 makespan=419.926 served=30 energy_viol=0 reschedules=2 reschedule_ms=6336.450 changed_assign=19 changed_order=22 applied_target=2 applied_station=0 initial_solve_ms=51625.046 objective_order=Tover,Nlate,Ctotal
[charge_scheduler-1] [INFO] [1785332428.526453858] [charge_scheduler]: ★闭环实验收益 policy=closed M=30 K=3 disturbance=target delay=60.0 seed=4 recovered_late=0 overtime_reduction=32.439 distance_delta=-513.076 makespan_reduction=19.818
