[INFO] [launch]: All log files can be found below /root/.ros/log/2026-07-29-13-19-22-760657-YYYY-16299
[INFO] [launch]: Default logging verbosity is set to INFO
[INFO] [charge_scheduler-1]: process started with pid [16301]
[charge_scheduler-1] [INFO] [1785331162.904121356] [charge_scheduler]: [目标顺序] objective_order=Tover,Nlate,Ctotal
[charge_scheduler-1] [INFO] [1785331162.904967259] [charge_scheduler]: [Scheduler] 30辆车 | 电池800.0kWh(20%=160.0 80%=640.0) | 充电360kW效率97% | 行驶0.6kWh/km | 桩350kW
[charge_scheduler-1] [INFO] [1785331162.905013375] [charge_scheduler]: [Scheduler] 站端周转: 换电 10 min(换后满电) | 单趟可用 640 kWh
[charge_scheduler-1] [INFO] [1785331162.905032326] [charge_scheduler]:   车#0 [电动装载机282|light] 位置(-47.3,-2.6) 容量282kWh 剩余35% | α=6→6min/% τ=168min → 需130.8kWh(充21.2min)
[charge_scheduler-1] [INFO] [1785331162.905066538] [charge_scheduler]:   车#1 [重型叉车|light] 位置(-44.0,-64.1) 容量200kWh 剩余20% | α=6→6min/% τ=96min → 需123.7kWh(充20.0min)
[charge_scheduler-1] [INFO] [1785331162.905090234] [charge_scheduler]:   车#2 [电动装载机350|light] 位置(-51.1,-38.8) 容量350kWh 剩余50% | α=6→6min/% τ=288min → 需108.2kWh(充17.5min)
[charge_scheduler-1] [INFO] [1785331162.905111558] [charge_scheduler]:   车#3 [重型叉车|light] 位置(-71.0,-19.0) 容量200kWh 剩余10% | α=6→6min/% τ=32min → 需144.3kWh(充23.3min)
[charge_scheduler-1] [INFO] [1785331162.905132645] [charge_scheduler]:   车#4 [电动装载机282|heavy→降级] 位置(-93.3,6.6) 容量282kWh 剩余60% | α=3→6min/% τ=212min → 需58.1kWh(充9.4min)
[charge_scheduler-1] [INFO] [1785331162.905153368] [charge_scheduler]:   车#5 [电动装载机350|light] 位置(-104.4,47.7) 容量350kWh 剩余25% | α=6→6min/% τ=128min → 需198.5kWh(充32.1min)
[charge_scheduler-1] [INFO] [1785331162.905173862] [charge_scheduler]:   车#6 [电动装载机350|heavy→降级] 位置(-37.0,-75.1) 容量350kWh 剩余40% | α=4→6min/% τ=176min → 需144.3kWh(充23.3min)
[charge_scheduler-1] [INFO] [1785331162.905194933] [charge_scheduler]:   车#7 [重型叉车|light] 位置(-88.8,-37.1) 容量200kWh 剩余15% | α=6→6min/% τ=64min → 需134.0kWh(充21.7min)
[charge_scheduler-1] [INFO] [1785331162.905215701] [charge_scheduler]:   车#8 [电动装载机282|heavy→降级] 位置(-70.9,27.7) 容量282kWh 剩余55% | α=3→6min/% τ=196min → 需72.7kWh(充11.8min)
[charge_scheduler-1] [INFO] [1785331162.905251179] [charge_scheduler]:   车#9 [电动装载机282|heavy→降级] 位置(-35.4,-47.4) 容量282kWh 剩余30% | α=3→6min/% τ=116min → 需145.4kWh(充23.5min)
[charge_scheduler-1] [INFO] [1785331162.905271374] [charge_scheduler]:   车#10 [电动装载机282|light] 位置(-100.0,-1.0) 容量282kWh 剩余45% | α=6→6min/% τ=224min → 需101.8kWh(充16.4min)
[charge_scheduler-1] [INFO] [1785331162.905289333] [charge_scheduler]:   车#11 [电动装载机350|light] 位置(-72.8,-15.6) 容量350kWh 剩余18% | α=6→6min/% τ=83min → 需223.7kWh(充36.2min)
[charge_scheduler-1] [INFO] [1785331162.905306977] [charge_scheduler]:   车#12 [重型叉车|heavy→降级] 位置(-61.7,-20.7) 容量200kWh 剩余62% | α=3→6min/% τ=230min → 需37.1kWh(充6.0min)
[charge_scheduler-1] [INFO] [1785331162.905324955] [charge_scheduler]:   车#13 [电动装载机282|light] 位置(-133.0,-25.3) 容量282kWh 剩余28% | α=6→6min/% τ=129min → 需151.2kWh(充24.4min)
[charge_scheduler-1] [INFO] [1785331162.905342711] [charge_scheduler]:   车#14 [电动装载机350|light] 位置(-132.0,-8.9) 容量350kWh 剩余52% | α=6→6min/% τ=301min → 需101.0kWh(充16.3min)
[charge_scheduler-1] [INFO] [1785331162.905365214] [charge_scheduler]:   车#15 [重型叉车|light] 位置(-120.0,7.9) 容量200kWh 剩余12% | α=6→6min/% τ=45min → 需140.2kWh(充22.7min)
[charge_scheduler-1] [INFO] [1785331162.905383086] [charge_scheduler]:   车#16 [电动装载机282|light] 位置(-43.8,-82.9) 容量282kWh 剩余38% | α=6→6min/% τ=185min → 需122.1kWh(充19.7min)
[charge_scheduler-1] [INFO] [1785331162.905400413] [charge_scheduler]:   车#17 [电动装载机350|light] 位置(-31.1,-74.7) 容量350kWh 剩余58% | α=6→6min/% τ=339min → 需79.4kWh(充12.8min)
[charge_scheduler-1] [INFO] [1785331162.905417834] [charge_scheduler]:   车#18 [重型叉车|heavy→降级] 位置(-75.4,-68.2) 容量200kWh 剩余22% | α=3→6min/% τ=102min → 需119.6kWh(充19.3min)
[charge_scheduler-1] [INFO] [1785331162.905434993] [charge_scheduler]:   车#19 [电动装载机282|light] 位置(-88.2,47.1) 容量282kWh 剩余48% | α=6→6min/% τ=241min → 需93.0kWh(充15.0min)
[charge_scheduler-1] [INFO] [1785331162.905453484] [charge_scheduler]:   车#20 [电动装载机350|light] 位置(-71.4,16.3) 容量350kWh 剩余33% | α=6→6min/% τ=179min → 需169.6kWh(充27.4min)
[charge_scheduler-1] [INFO] [1785331162.905527307] [charge_scheduler]:   车#21 [重型叉车|heavy→降级] 位置(-122.0,-0.6) 容量200kWh 剩余65% | α=3→6min/% τ=240min → 需30.9kWh(充5.0min)
[charge_scheduler-1] [INFO] [1785331162.905559678] [charge_scheduler]:   车#22 [电动装载机282|light] 位置(-71.6,11.6) 容量282kWh 剩余16% | α=6→6min/% τ=62min → 需186.1kWh(充30.1min)
[charge_scheduler-1] [INFO] [1785331162.905579103] [charge_scheduler]:   车#23 [电动装载机350|light] 位置(-131.0,37.2) 容量350kWh 剩余42% | α=6→6min/% τ=237min → 需137.1kWh(充22.2min)
[charge_scheduler-1] [INFO] [1785331162.905597358] [charge_scheduler]:   车#24 [重型叉车|heavy→降级] 位置(-51.3,5.9) 容量200kWh 剩余25% | α=3→6min/% τ=112min → 需113.4kWh(充18.3min)
[charge_scheduler-1] [INFO] [1785331162.905614080] [charge_scheduler]:   车#25 [电动装载机282|light] 位置(-62.2,-10.7) 容量282kWh 剩余55% | α=6→6min/% τ=280min → 需72.7kWh(充11.8min)
[charge_scheduler-1] [INFO] [1785331162.905632029] [charge_scheduler]:   车#26 [电动装载机350|light] 位置(-116.0,60.4) 容量350kWh 剩余30% | α=6→6min/% τ=160min → 需180.4kWh(充29.2min)
[charge_scheduler-1] [INFO] [1785331162.905649776] [charge_scheduler]:   车#27 [重型叉车|heavy→降级] 位置(-90.4,60.5) 容量200kWh 剩余68% | α=3→6min/% τ=250min → 需24.7kWh(充4.0min)
[charge_scheduler-1] [INFO] [1785331162.905668308] [charge_scheduler]:   车#28 [电动装载机282|light] 位置(-85.5,-46.0) 容量282kWh 剩余20% | α=6→6min/% τ=84min → 需174.4kWh(充28.2min)
[charge_scheduler-1] [INFO] [1785331162.905690811] [charge_scheduler]:   车#29 [电动装载机350|light] 位置(-87.0,-36.6) 容量350kWh 剩余36% | α=6→6min/% τ=198min → 需158.8kWh(充25.7min)
[charge_scheduler-1] [INFO] [1785331162.917689612] [charge_scheduler]: [Scheduler] 闭环接口: threshold=10.0min | event_sim=on | policy=all | structured_feedback=optional (/task_planner/execution_event)
[charge_scheduler-1] [INFO] [1785331162.917745071] [charge_scheduler]: [Scheduler] 已启动, 等待地图...
[charge_scheduler-1] [INFO] [1785331162.974587799] [charge_scheduler]: [Scheduler] RoutingGraph 就绪
[charge_scheduler-1] [INFO] [1785331162.975031251] [charge_scheduler]: [Scheduler] 提取到 6 条虚线捷径
[charge_scheduler-1] [INFO] [1785331162.986262478] [charge_scheduler]: [Scheduler] 下层兼容增强图: 166 节点, 6 条虚线掉头边
[charge_scheduler-1] [INFO] [1785331169.948327786] [charge_scheduler]: [Scheduler] 距离矩阵完成 31x31, 6962.0 ms | 模式=maneuver | 真实不可达=0 抽象不可达=0 | 缺少对向投影节点=0
[charge_scheduler-1] [INFO] [1785331169.948426791] [charge_scheduler]:   ✓ 比值自检：930 个 OD 满足 机动/直线≥1 | 均值=2.97 最大=42.81 (车#15→车#21)
[charge_scheduler-1] [INFO] [1785331169.948435871] [charge_scheduler]: [Scheduler] 地图就绪, 166 条 lanelet（与下层一致）
[charge_scheduler-1] [INFO] [1785331169.948477212] [charge_scheduler]: ======== 开始VRPTW调度 30 辆车 ========
[charge_scheduler-1] [INFO] [1785331169.948482455] [charge_scheduler]:   规模30>8 → 启发式(alns)
[charge_scheduler-1] [INFO] [1785331221.870725774] [charge_scheduler]: [ALNS] objective_order=Tover,Nlate,Ctotal seed=7 iters=15000 | N_late=9(成功率70.0%) T_overtime=148.6min C_total=5661.0m | 趟数=11 makespan=378.7min
[charge_scheduler-1] [INFO] [1785331221.870775693] [charge_scheduler]:   求解耗时 51922.3 ms
[charge_scheduler-1] [INFO] [1785331221.870782922] [charge_scheduler]: ════════ 调度结果 ════════
[charge_scheduler-1] [INFO] [1785331221.870787351] [charge_scheduler]:   ★目标(字典序): objective_order=Tover,Nlate,Ctotal | N_late=9 辆 (按时成功率 21/30 = 70.0%)  T_overtime=148.6min  C_total=5661.0m
[charge_scheduler-1] [INFO] [1785331221.870793379] [charge_scheduler]:   附: 趟数=11 | makespan=378.7min | 能量可行=是
[charge_scheduler-1] [INFO] [1785331221.870803599] [charge_scheduler]:   [充电车2] 趟1: 站 → 车#12(到2.3/限230.4✓) → 车#4(到9.4/限212.0✓) → 车#15(到20.7/限44.8✓) → 车#9(到47.0/限116.0✓) → 车#1(到77.5/限96.0✓) → 站
[charge_scheduler-1] [INFO] [1785331221.870814774] [charge_scheduler]:   [充电车3] 趟2: 站 → 车#27(到2.1/限249.6✓) → 车#21(到8.2/限240.0✓) → 车#3(到15.1/限32.0✓) → 车#11(到39.4/限83.2✓) → 车#18(到80.1/限102.4✓) → 站
[charge_scheduler-1] [INFO] [1785331221.870852297] [charge_scheduler]:   [充电车1] 趟3: 站 → 车#8(到4.0/限196.0✓) → 车#22(到16.7/限61.6✓) → 车#7(到49.3/限64.0✓) → 车#28(到73.8/限84.0✓) → 站
[charge_scheduler-1] [INFO] [1785331221.870857430] [charge_scheduler]:   [充电车3] 趟4: 站 → 车#5(到119.9/限128.0✓) → 车#20(到164.1/限179.2✓) → 站
[charge_scheduler-1] [INFO] [1785331221.870863381] [charge_scheduler]:   [充电车2] 趟5: 站 → 车#24(到114.7/限112.0✗超时) → 车#26(到141.5/限160.0✓) → 车#16(到187.3/限184.8✗超时) → 站
[charge_scheduler-1] [INFO] [1785331221.870868528] [charge_scheduler]:   [充电车1] 趟6: 站 → 车#13(到123.0/限128.8✓) → 车#0(到161.0/限168.0✓) → 车#10(到199.2/限224.0✓) → 站
[charge_scheduler-1] [INFO] [1785331221.870872689] [charge_scheduler]:   [充电车3] 趟7: 站 → 车#29(到219.7/限198.4✗超时) → 车#19(到266.3/限240.8✗超时) → 站
[charge_scheduler-1] [INFO] [1785331221.870877002] [charge_scheduler]:   [充电车2] 趟8: 站 → 车#6(到238.1/限176.0✗超时) → 车#25(到283.3/限280.0✗超时) → 站
[charge_scheduler-1] [INFO] [1785331221.870881245] [charge_scheduler]:   [充电车1] 趟9: 站 → 车#23(到246.6/限236.8✗超时) → 车#2(到293.3/限288.0✗超时) → 站
[charge_scheduler-1] [INFO] [1785331221.870885289] [charge_scheduler]:   [充电车2] 趟10: 站 → 车#17(到332.8/限339.2✓) → 站
[charge_scheduler-1] [INFO] [1785331221.870889193] [charge_scheduler]:   [充电车3] 趟11: 站 → 车#14(到316.8/限300.8✗超时) → 站
[charge_scheduler-1] [INFO] [1785331221.870893150] [charge_scheduler]: ════════════════════════
[charge_scheduler-1] [INFO] [1785331221.870947134] [charge_scheduler]: [扰动清单] type=target delay=15.0min targets={13,22,} station={}
[charge_scheduler-1] [INFO] [1785331221.870961613] [charge_scheduler]: [执行事件] loop=open plan_v=0 C3 type=target_service target=27 station_ord=0 planned_finish=6.36 actual_finish=6.36 dev=+0.00 injected=0.0
[charge_scheduler-1] [INFO] [1785331221.870968424] [charge_scheduler]: [执行事件] loop=open plan_v=0 C2 type=target_service target=12 station_ord=0 planned_finish=8.58 actual_finish=8.58 dev=+0.00 injected=0.0
[charge_scheduler-1] [INFO] [1785331221.870973766] [charge_scheduler]: [执行事件] loop=open plan_v=0 C3 type=target_service target=21 station_ord=0 planned_finish=14.00 actual_finish=14.00 dev=+0.00 injected=0.0
[charge_scheduler-1] [INFO] [1785331221.870979519] [charge_scheduler]: [执行事件] loop=open plan_v=0 C1 type=target_service target=8 station_ord=0 planned_finish=16.35 actual_finish=16.35 dev=+0.00 injected=0.0
[charge_scheduler-1] [INFO] [1785331221.870985408] [charge_scheduler]: [执行事件] loop=open plan_v=0 C2 type=target_service target=4 station_ord=0 planned_finish=20.20 actual_finish=20.20 dev=+0.00 injected=0.0
[charge_scheduler-1] [INFO] [1785331221.870990917] [charge_scheduler]: [执行事件] loop=open plan_v=0 C3 type=target_service target=3 station_ord=0 planned_finish=39.26 actual_finish=39.26 dev=+0.00 injected=0.0
[charge_scheduler-1] [INFO] [1785331221.870996192] [charge_scheduler]: [执行事件] loop=open plan_v=0 C2 type=target_service target=15 station_ord=0 planned_finish=44.45 actual_finish=44.45 dev=+0.00 injected=0.0
[charge_scheduler-1] [INFO] [1785331221.871001582] [charge_scheduler]: [执行事件] loop=open plan_v=0 C1 type=target_service target=22 station_ord=0 planned_finish=48.17 actual_finish=63.17 dev=+15.00 injected=15.0
[charge_scheduler-1] [INFO] [1785331221.871007573] [charge_scheduler]: [执行事件] loop=open plan_v=0 C2 type=target_service target=9 station_ord=0 planned_finish=76.48 actual_finish=76.48 dev=+0.00 injected=0.0
[charge_scheduler-1] [INFO] [1785331221.871012904] [charge_scheduler]: [执行事件] loop=open plan_v=0 C3 type=target_service target=11 station_ord=0 planned_finish=79.14 actual_finish=79.14 dev=+0.00 injected=0.0
[charge_scheduler-1] [INFO] [1785331221.871018288] [charge_scheduler]: [执行事件] loop=open plan_v=0 C1 type=target_service target=7 station_ord=0 planned_finish=73.54 actual_finish=89.30 dev=+15.77 injected=0.0
[charge_scheduler-1] [INFO] [1785331221.871023893] [charge_scheduler]: [执行事件] loop=open plan_v=0 C2 type=target_service target=1 station_ord=0 planned_finish=101.49 actual_finish=101.49 dev=+0.00 injected=0.0
[charge_scheduler-1] [INFO] [1785331221.871029733] [charge_scheduler]: [执行事件] loop=open plan_v=0 C3 type=target_service target=18 station_ord=0 planned_finish=103.93 actual_finish=103.93 dev=+0.00 injected=0.0
[charge_scheduler-1] [INFO] [1785331221.871038672] [charge_scheduler]: [执行事件] loop=open plan_v=0 C2 type=station_turnaround target=-1 station_ord=1 planned_finish=113.91 actual_finish=113.91 dev=+0.00 injected=0.0
[charge_scheduler-1] [INFO] [1785331221.871044617] [charge_scheduler]: [执行事件] loop=open plan_v=0 C3 type=station_turnaround target=-1 station_ord=1 planned_finish=116.73 actual_finish=116.73 dev=+0.00 injected=0.0
[charge_scheduler-1] [INFO] [1785331221.871050078] [charge_scheduler]: [执行事件] loop=open plan_v=0 C1 type=target_service target=28 station_ord=0 planned_finish=108.18 actual_finish=124.80 dev=+16.62 injected=0.0
[charge_scheduler-1] [INFO] [1785331221.871056622] [charge_scheduler]: [执行事件] loop=open plan_v=0 C1 type=station_turnaround target=-1 station_ord=1 planned_finish=120.21 actual_finish=136.84 dev=+16.62 injected=0.0
[charge_scheduler-1] [INFO] [1785331221.871062565] [charge_scheduler]: [执行事件] loop=open plan_v=0 C2 type=target_service target=24 station_ord=0 planned_finish=139.73 actual_finish=139.73 dev=+0.00 injected=0.0
[charge_scheduler-1] [INFO] [1785331221.871068271] [charge_scheduler]: [执行事件] loop=open plan_v=0 C3 type=target_service target=5 station_ord=0 planned_finish=162.92 actual_finish=162.92 dev=+0.00 injected=0.0
[charge_scheduler-1] [INFO] [1785331221.871073630] [charge_scheduler]: [执行事件] loop=open plan_v=0 C2 type=target_service target=26 station_ord=0 planned_finish=183.59 actual_finish=183.59 dev=+0.00 injected=0.0
[charge_scheduler-1] [INFO] [1785331221.871078996] [charge_scheduler]: [执行事件] loop=open plan_v=0 C1 type=target_service target=13 station_ord=0 planned_finish=157.77 actual_finish=189.88 dev=+32.11 injected=15.0
[charge_scheduler-1] [INFO] [1785331221.871084734] [charge_scheduler]: [执行事件] loop=open plan_v=0 C3 type=target_service target=20 station_ord=0 planned_finish=206.42 actual_finish=206.42 dev=+0.00 injected=0.0
[charge_scheduler-1] [INFO] [1785331221.871090060] [charge_scheduler]: [执行事件] loop=open plan_v=0 C3 type=station_turnaround target=-1 station_ord=2 planned_finish=217.82 actual_finish=217.82 dev=+0.00 injected=0.0
[charge_scheduler-1] [INFO] [1785331221.871095465] [charge_scheduler]: [执行事件] loop=open plan_v=0 C2 type=target_service target=16 station_ord=0 planned_finish=222.54 actual_finish=222.54 dev=+0.00 injected=0.0
[charge_scheduler-1] [INFO] [1785331221.871100844] [charge_scheduler]: [执行事件] loop=open plan_v=0 C1 type=target_service target=0 station_ord=0 planned_finish=195.66 actual_finish=228.35 dev=+32.70 injected=0.0
[charge_scheduler-1] [INFO] [1785331221.871106390] [charge_scheduler]: [执行事件] loop=open plan_v=0 C2 type=station_turnaround target=-1 station_ord=2 planned_finish=235.26 actual_finish=235.26 dev=+0.00 injected=0.0
[charge_scheduler-1] [INFO] [1785331221.871111814] [charge_scheduler]: [执行事件] loop=open plan_v=0 C3 type=target_service target=29 station_ord=0 planned_finish=263.47 actual_finish=263.47 dev=+0.00 injected=0.0
[charge_scheduler-1] [INFO] [1785331221.871117195] [charge_scheduler]: [执行事件] loop=open plan_v=0 C1 type=target_service target=10 station_ord=0 planned_finish=232.42 actual_finish=267.19 dev=+34.77 injected=0.0
[charge_scheduler-1] [INFO] [1785331221.871122581] [charge_scheduler]: [执行事件] loop=open plan_v=0 C1 type=station_turnaround target=-1 station_ord=2 planned_finish=244.07 actual_finish=278.84 dev=+34.77 injected=0.0
[charge_scheduler-1] [INFO] [1785331221.871128045] [charge_scheduler]: [执行事件] loop=open plan_v=0 C2 type=target_service target=6 station_ord=0 planned_finish=281.82 actual_finish=281.82 dev=+0.00 injected=0.0
[charge_scheduler-1] [INFO] [1785331221.871133585] [charge_scheduler]: [执行事件] loop=open plan_v=0 C3 type=target_service target=19 station_ord=0 planned_finish=301.56 actual_finish=301.56 dev=+0.00 injected=0.0
[charge_scheduler-1] [INFO] [1785331221.871138881] [charge_scheduler]: [执行事件] loop=open plan_v=0 C3 type=station_turnaround target=-1 station_ord=3 planned_finish=313.76 actual_finish=313.76 dev=+0.00 injected=0.0
[charge_scheduler-1] [INFO] [1785331221.871144230] [charge_scheduler]: [执行事件] loop=open plan_v=0 C2 type=target_service target=25 station_ord=0 planned_finish=318.59 actual_finish=318.59 dev=+0.00 injected=0.0
[charge_scheduler-1] [INFO] [1785331221.871151075] [charge_scheduler]: [执行事件] loop=open plan_v=0 C1 type=target_service target=23 station_ord=0 planned_finish=290.35 actual_finish=325.13 dev=+34.77 injected=0.0
[charge_scheduler-1] [INFO] [1785331221.871156555] [charge_scheduler]: [执行事件] loop=open plan_v=0 C2 type=station_turnaround target=-1 station_ord=3 planned_finish=329.87 actual_finish=329.87 dev=+0.00 injected=0.0
[charge_scheduler-1] [INFO] [1785331221.871161976] [charge_scheduler]: [执行事件] loop=open plan_v=0 C3 type=target_service target=14 station_ord=0 planned_finish=360.56 actual_finish=360.56 dev=+0.00 injected=0.0
[charge_scheduler-1] [INFO] [1785331221.871167643] [charge_scheduler]: [执行事件] loop=open plan_v=0 C3 type=final_return target=-1 station_ord=0 planned_finish=364.33 actual_finish=364.33 dev=+0.00 injected=0.0
[charge_scheduler-1] [INFO] [1785331221.871172876] [charge_scheduler]: [执行事件] loop=open plan_v=0 C1 type=target_service target=2 station_ord=0 planned_finish=337.10 actual_finish=371.87 dev=+34.77 injected=0.0
[charge_scheduler-1] [INFO] [1785331221.871178363] [charge_scheduler]: [执行事件] loop=open plan_v=0 C1 type=final_return target=-1 station_ord=0 planned_finish=339.03 actual_finish=373.80 dev=+34.77 injected=0.0
[charge_scheduler-1] [INFO] [1785331221.871183655] [charge_scheduler]: [执行事件] loop=open plan_v=0 C2 type=target_service target=17 station_ord=0 planned_finish=375.94 actual_finish=375.94 dev=+0.00 injected=0.0
[charge_scheduler-1] [INFO] [1785331221.871188819] [charge_scheduler]: [执行事件] loop=open plan_v=0 C2 type=final_return target=-1 station_ord=0 planned_finish=378.73 actual_finish=378.73 dev=+0.00 injected=0.0
[charge_scheduler-1] [INFO] [1785331221.871203268] [charge_scheduler]: [执行事件] loop=fixed plan_v=0 C3 type=target_service target=27 station_ord=0 planned_finish=6.36 actual_finish=6.36 dev=+0.00 injected=0.0
[charge_scheduler-1] [INFO] [1785331221.871208802] [charge_scheduler]: [执行事件] loop=fixed plan_v=0 C2 type=target_service target=12 station_ord=0 planned_finish=8.58 actual_finish=8.58 dev=+0.00 injected=0.0
[charge_scheduler-1] [INFO] [1785331221.871214024] [charge_scheduler]: [执行事件] loop=fixed plan_v=0 C3 type=target_service target=21 station_ord=0 planned_finish=14.00 actual_finish=14.00 dev=+0.00 injected=0.0
[charge_scheduler-1] [INFO] [1785331221.871219564] [charge_scheduler]: [执行事件] loop=fixed plan_v=0 C1 type=target_service target=8 station_ord=0 planned_finish=16.35 actual_finish=16.35 dev=+0.00 injected=0.0
[charge_scheduler-1] [INFO] [1785331221.871225241] [charge_scheduler]: [执行事件] loop=fixed plan_v=0 C2 type=target_service target=4 station_ord=0 planned_finish=20.20 actual_finish=20.20 dev=+0.00 injected=0.0
[charge_scheduler-1] [INFO] [1785331221.871230741] [charge_scheduler]: [执行事件] loop=fixed plan_v=0 C3 type=target_service target=3 station_ord=0 planned_finish=39.26 actual_finish=39.26 dev=+0.00 injected=0.0
[charge_scheduler-1] [INFO] [1785331221.871237000] [charge_scheduler]: [执行事件] loop=fixed plan_v=0 C2 type=target_service target=15 station_ord=0 planned_finish=44.45 actual_finish=44.45 dev=+0.00 injected=0.0
[charge_scheduler-1] [INFO] [1785331221.871242891] [charge_scheduler]: [执行事件] loop=fixed plan_v=0 C1 type=target_service target=22 station_ord=0 planned_finish=48.17 actual_finish=63.17 dev=+15.00 injected=15.0
[charge_scheduler-1] [WARN] [1785331222.803757765] [charge_scheduler]: [重调度事件] policy=fixed #1 t=63.17min trigger=C1/target_service dev=+15.00 pool=20 committed=2 plan_v=1 solve_ms=932.5 changed_assign=0 changed_order=10
[charge_scheduler-1] [INFO] [1785331222.803818024] [charge_scheduler]: [执行事件] loop=fixed plan_v=0 C2 type=target_service target=9 station_ord=0 planned_finish=76.48 actual_finish=76.48 dev=+0.00 injected=0.0
[charge_scheduler-1] [INFO] [1785331222.803827743] [charge_scheduler]: [执行事件] loop=fixed plan_v=0 C3 type=target_service target=11 station_ord=0 planned_finish=79.14 actual_finish=79.14 dev=+0.00 injected=0.0
[charge_scheduler-1] [INFO] [1785331222.803834676] [charge_scheduler]: [执行事件] loop=fixed plan_v=1 C1 type=target_service target=28 station_ord=0 planned_finish=97.98 actual_finish=97.98 dev=+0.00 injected=0.0
[charge_scheduler-1] [INFO] [1785331222.803841610] [charge_scheduler]: [执行事件] loop=fixed plan_v=1 C2 type=target_service target=1 station_ord=0 planned_finish=101.49 actual_finish=101.49 dev=+0.00 injected=0.0
[charge_scheduler-1] [INFO] [1785331222.803884100] [charge_scheduler]: [执行事件] loop=fixed plan_v=1 C3 type=target_service target=18 station_ord=0 planned_finish=103.93 actual_finish=103.93 dev=+0.00 injected=0.0
[charge_scheduler-1] [INFO] [1785331222.803890837] [charge_scheduler]: [执行事件] loop=fixed plan_v=1 C2 type=station_turnaround target=-1 station_ord=1 planned_finish=113.91 actual_finish=113.91 dev=+0.00 injected=0.0
[charge_scheduler-1] [INFO] [1785331222.803897459] [charge_scheduler]: [执行事件] loop=fixed plan_v=1 C3 type=station_turnaround target=-1 station_ord=1 planned_finish=116.73 actual_finish=116.73 dev=+0.00 injected=0.0
[charge_scheduler-1] [INFO] [1785331222.803904201] [charge_scheduler]: [执行事件] loop=fixed plan_v=1 C1 type=target_service target=7 station_ord=0 planned_finish=123.23 actual_finish=123.23 dev=+0.00 injected=0.0
[charge_scheduler-1] [INFO] [1785331222.803912176] [charge_scheduler]: [执行事件] loop=fixed plan_v=1 C1 type=station_turnaround target=-1 station_ord=1 planned_finish=135.43 actual_finish=135.43 dev=+0.00 injected=0.0
[charge_scheduler-1] [INFO] [1785331222.803919196] [charge_scheduler]: [执行事件] loop=fixed plan_v=1 C2 type=target_service target=24 station_ord=0 planned_finish=139.73 actual_finish=139.73 dev=+0.00 injected=0.0
[charge_scheduler-1] [INFO] [1785331222.803925539] [charge_scheduler]: [执行事件] loop=fixed plan_v=1 C3 type=target_service target=5 station_ord=0 planned_finish=162.92 actual_finish=162.92 dev=+0.00 injected=0.0
[charge_scheduler-1] [INFO] [1785331222.803931404] [charge_scheduler]: [执行事件] loop=fixed plan_v=1 C2 type=target_service target=26 station_ord=0 planned_finish=183.59 actual_finish=183.59 dev=+0.00 injected=0.0
[charge_scheduler-1] [INFO] [1785331222.803937398] [charge_scheduler]: [执行事件] loop=fixed plan_v=1 C1 type=target_service target=13 station_ord=0 planned_finish=173.47 actual_finish=188.47 dev=+15.00 injected=15.0
[charge_scheduler-1] [WARN] [1785331223.244901546] [charge_scheduler]: [重调度事件] policy=fixed #2 t=188.47min trigger=C1/target_service dev=+15.00 pool=10 committed=2 plan_v=2 solve_ms=440.9 changed_assign=0 changed_order=6
[charge_scheduler-1] [INFO] [1785331223.244946576] [charge_scheduler]: [执行事件] loop=fixed plan_v=1 C3 type=target_service target=20 station_ord=0 planned_finish=206.42 actual_finish=206.42 dev=+0.00 injected=0.0
[charge_scheduler-1] [INFO] [1785331223.244955770] [charge_scheduler]: [执行事件] loop=fixed plan_v=2 C3 type=station_turnaround target=-1 station_ord=2 planned_finish=217.82 actual_finish=217.82 dev=+0.00 injected=0.0
[charge_scheduler-1] [INFO] [1785331223.244962155] [charge_scheduler]: [执行事件] loop=fixed plan_v=1 C2 type=target_service target=16 station_ord=0 planned_finish=222.54 actual_finish=222.54 dev=+0.00 injected=0.0
[charge_scheduler-1] [INFO] [1785331223.244967956] [charge_scheduler]: [执行事件] loop=fixed plan_v=2 C1 type=target_service target=0 station_ord=0 planned_finish=226.95 actual_finish=226.95 dev=+0.00 injected=0.0
[charge_scheduler-1] [INFO] [1785331223.244973517] [charge_scheduler]: [执行事件] loop=fixed plan_v=2 C2 type=station_turnaround target=-1 station_ord=2 planned_finish=235.26 actual_finish=235.26 dev=+0.00 injected=0.0
[charge_scheduler-1] [INFO] [1785331223.244979342] [charge_scheduler]: [执行事件] loop=fixed plan_v=2 C1 type=station_turnaround target=-1 station_ord=2 planned_finish=237.80 actual_finish=237.80 dev=+0.00 injected=0.0
[charge_scheduler-1] [INFO] [1785331223.244985054] [charge_scheduler]: [执行事件] loop=fixed plan_v=2 C3 type=target_service target=29 station_ord=0 planned_finish=263.47 actual_finish=263.47 dev=+0.00 injected=0.0
[charge_scheduler-1] [INFO] [1785331223.244990556] [charge_scheduler]: [执行事件] loop=fixed plan_v=2 C1 type=target_service target=10 station_ord=0 planned_finish=277.18 actual_finish=277.18 dev=+0.00 injected=0.0
[charge_scheduler-1] [INFO] [1785331223.244996103] [charge_scheduler]: [执行事件] loop=fixed plan_v=2 C2 type=target_service target=6 station_ord=0 planned_finish=281.82 actual_finish=281.82 dev=+0.00 injected=0.0
[charge_scheduler-1] [INFO] [1785331223.245001813] [charge_scheduler]: [执行事件] loop=fixed plan_v=2 C3 type=target_service target=19 station_ord=0 planned_finish=301.56 actual_finish=301.56 dev=+0.00 injected=0.0
[charge_scheduler-1] [INFO] [1785331223.245007223] [charge_scheduler]: [执行事件] loop=fixed plan_v=2 C3 type=station_turnaround target=-1 station_ord=3 planned_finish=313.76 actual_finish=313.76 dev=+0.00 injected=0.0
[charge_scheduler-1] [INFO] [1785331223.245036825] [charge_scheduler]: [执行事件] loop=fixed plan_v=2 C2 type=target_service target=25 station_ord=0 planned_finish=318.59 actual_finish=318.59 dev=+0.00 injected=0.0
[charge_scheduler-1] [INFO] [1785331223.245042602] [charge_scheduler]: [执行事件] loop=fixed plan_v=2 C1 type=target_service target=23 station_ord=0 planned_finish=324.16 actual_finish=324.16 dev=+0.00 injected=0.0
[charge_scheduler-1] [INFO] [1785331223.245048053] [charge_scheduler]: [执行事件] loop=fixed plan_v=2 C2 type=station_turnaround target=-1 station_ord=3 planned_finish=329.87 actual_finish=329.87 dev=+0.00 injected=0.0
[charge_scheduler-1] [INFO] [1785331223.245053652] [charge_scheduler]: [执行事件] loop=fixed plan_v=2 C1 type=station_turnaround target=-1 station_ord=3 planned_finish=337.23 actual_finish=337.23 dev=+0.00 injected=0.0
[charge_scheduler-1] [INFO] [1785331223.245059336] [charge_scheduler]: [执行事件] loop=fixed plan_v=2 C3 type=target_service target=14 station_ord=0 planned_finish=360.56 actual_finish=360.56 dev=+0.00 injected=0.0
[charge_scheduler-1] [INFO] [1785331223.245064718] [charge_scheduler]: [执行事件] loop=fixed plan_v=2 C3 type=final_return target=-1 station_ord=0 planned_finish=364.33 actual_finish=364.33 dev=+0.00 injected=0.0
[charge_scheduler-1] [INFO] [1785331223.245070056] [charge_scheduler]: [执行事件] loop=fixed plan_v=2 C2 type=target_service target=17 station_ord=0 planned_finish=375.94 actual_finish=375.94 dev=+0.00 injected=0.0
[charge_scheduler-1] [INFO] [1785331223.245075437] [charge_scheduler]: [执行事件] loop=fixed plan_v=2 C2 type=final_return target=-1 station_ord=0 planned_finish=378.73 actual_finish=378.73 dev=+0.00 injected=0.0
[charge_scheduler-1] [INFO] [1785331223.245080605] [charge_scheduler]: [执行事件] loop=fixed plan_v=2 C1 type=target_service target=2 station_ord=0 planned_finish=383.02 actual_finish=383.02 dev=+0.00 injected=0.0
[charge_scheduler-1] [INFO] [1785331223.245085896] [charge_scheduler]: [执行事件] loop=fixed plan_v=2 C1 type=final_return target=-1 station_ord=0 planned_finish=384.94 actual_finish=384.94 dev=+0.00 injected=0.0
[charge_scheduler-1] [INFO] [1785331223.245106086] [charge_scheduler]: [执行事件] loop=global plan_v=0 C3 type=target_service target=27 station_ord=0 planned_finish=6.36 actual_finish=6.36 dev=+0.00 injected=0.0
[charge_scheduler-1] [INFO] [1785331223.245112091] [charge_scheduler]: [执行事件] loop=global plan_v=0 C2 type=target_service target=12 station_ord=0 planned_finish=8.58 actual_finish=8.58 dev=+0.00 injected=0.0
[charge_scheduler-1] [INFO] [1785331223.245117439] [charge_scheduler]: [执行事件] loop=global plan_v=0 C3 type=target_service target=21 station_ord=0 planned_finish=14.00 actual_finish=14.00 dev=+0.00 injected=0.0
[charge_scheduler-1] [INFO] [1785331223.245123091] [charge_scheduler]: [执行事件] loop=global plan_v=0 C1 type=target_service target=8 station_ord=0 planned_finish=16.35 actual_finish=16.35 dev=+0.00 injected=0.0
[charge_scheduler-1] [INFO] [1785331223.245129606] [charge_scheduler]: [执行事件] loop=global plan_v=0 C2 type=target_service target=4 station_ord=0 planned_finish=20.20 actual_finish=20.20 dev=+0.00 injected=0.0
[charge_scheduler-1] [INFO] [1785331223.245134999] [charge_scheduler]: [执行事件] loop=global plan_v=0 C3 type=target_service target=3 station_ord=0 planned_finish=39.26 actual_finish=39.26 dev=+0.00 injected=0.0
[charge_scheduler-1] [INFO] [1785331223.245140244] [charge_scheduler]: [执行事件] loop=global plan_v=0 C2 type=target_service target=15 station_ord=0 planned_finish=44.45 actual_finish=44.45 dev=+0.00 injected=0.0
[charge_scheduler-1] [INFO] [1785331223.245145642] [charge_scheduler]: [执行事件] loop=global plan_v=0 C1 type=target_service target=22 station_ord=0 planned_finish=48.17 actual_finish=63.17 dev=+15.00 injected=15.0
[charge_scheduler-1] [WARN] [1785331232.753231907] [charge_scheduler]: [重调度事件] policy=global #1 t=63.17min trigger=C1/target_service dev=+15.00 pool=20 committed=2 plan_v=1 solve_ms=9508.1 changed_assign=15 changed_order=16
[charge_scheduler-1] [INFO] [1785331232.753277096] [charge_scheduler]: [执行事件] loop=global plan_v=0 C2 type=target_service target=9 station_ord=0 planned_finish=76.48 actual_finish=76.48 dev=+0.00 injected=0.0
[charge_scheduler-1] [INFO] [1785331232.753313893] [charge_scheduler]: [执行事件] loop=global plan_v=0 C3 type=target_service target=11 station_ord=0 planned_finish=79.14 actual_finish=79.14 dev=+0.00 injected=0.0
[charge_scheduler-1] [INFO] [1785331232.753320380] [charge_scheduler]: [执行事件] loop=global plan_v=1 C1 type=target_service target=28 station_ord=0 planned_finish=97.98 actual_finish=97.98 dev=+0.00 injected=0.0
[charge_scheduler-1] [INFO] [1785331232.753325984] [charge_scheduler]: [执行事件] loop=global plan_v=1 C3 type=target_service target=7 station_ord=0 planned_finish=104.88 actual_finish=104.88 dev=+0.00 injected=0.0
[charge_scheduler-1] [INFO] [1785331232.753332424] [charge_scheduler]: [执行事件] loop=global plan_v=1 C3 type=station_turnaround target=-1 station_ord=1 planned_finish=117.08 actual_finish=117.08 dev=+0.00 injected=0.0
[charge_scheduler-1] [INFO] [1785331232.753338782] [charge_scheduler]: [执行事件] loop=global plan_v=1 C1 type=target_service target=1 station_ord=0 planned_finish=123.89 actual_finish=123.89 dev=+0.00 injected=0.0
[charge_scheduler-1] [INFO] [1785331232.753345064] [charge_scheduler]: [执行事件] loop=global plan_v=1 C2 type=target_service target=13 station_ord=0 planned_finish=109.39 actual_finish=124.39 dev=+15.00 injected=15.0
[charge_scheduler-1] [WARN] [1785331236.041367232] [charge_scheduler]: [重调度事件] policy=global #2 t=124.39min trigger=C2/target_service dev=+15.00 pool=15 committed=1 plan_v=2 solve_ms=3288.0 changed_assign=2 changed_order=4
[charge_scheduler-1] [INFO] [1785331236.041432662] [charge_scheduler]: [执行事件] loop=global plan_v=1 C1 type=station_turnaround target=-1 station_ord=1 planned_finish=136.32 actual_finish=136.32 dev=+0.00 injected=0.0
[charge_scheduler-1] [INFO] [1785331236.041448369] [charge_scheduler]: [执行事件] loop=global plan_v=2 C2 type=station_turnaround target=-1 station_ord=1 planned_finish=138.39 actual_finish=138.39 dev=+0.00 injected=0.0
[charge_scheduler-1] [INFO] [1785331236.041456047] [charge_scheduler]: [执行事件] loop=global plan_v=1 C3 type=target_service target=24 station_ord=0 planned_finish=142.90 actual_finish=142.90 dev=+0.00 injected=0.0
[charge_scheduler-1] [INFO] [1785331236.041465017] [charge_scheduler]: [执行事件] loop=global plan_v=2 C2 type=target_service target=18 station_ord=0 planned_finish=165.52 actual_finish=165.52 dev=+0.00 injected=0.0
[charge_scheduler-1] [INFO] [1785331236.041472372] [charge_scheduler]: [执行事件] loop=global plan_v=2 C3 type=target_service target=0 station_ord=0 planned_finish=176.35 actual_finish=176.35 dev=+0.00 injected=0.0
[charge_scheduler-1] [INFO] [1785331236.041479511] [charge_scheduler]: [执行事件] loop=global plan_v=2 C1 type=target_service target=5 station_ord=0 planned_finish=183.24 actual_finish=183.24 dev=+0.00 injected=0.0
[charge_scheduler-1] [INFO] [1785331236.041486298] [charge_scheduler]: [执行事件] loop=global plan_v=2 C2 type=target_service target=16 station_ord=0 planned_finish=199.84 actual_finish=199.84 dev=+0.00 injected=0.0
[charge_scheduler-1] [INFO] [1785331236.041500325] [charge_scheduler]: [执行事件] loop=global plan_v=2 C3 type=target_service target=26 station_ord=0 planned_finish=222.09 actual_finish=222.09 dev=+0.00 injected=0.0
[charge_scheduler-1] [INFO] [1785331236.041507694] [charge_scheduler]: [执行事件] loop=global plan_v=2 C1 type=target_service target=20 station_ord=0 planned_finish=228.13 actual_finish=228.13 dev=+0.00 injected=0.0
[charge_scheduler-1] [INFO] [1785331236.041514143] [charge_scheduler]: [执行事件] loop=global plan_v=2 C3 type=station_turnaround target=-1 station_ord=2 planned_finish=235.38 actual_finish=235.38 dev=+0.00 injected=0.0
[charge_scheduler-1] [INFO] [1785331236.041521122] [charge_scheduler]: [执行事件] loop=global plan_v=2 C1 type=station_turnaround target=-1 station_ord=2 planned_finish=239.52 actual_finish=239.52 dev=+0.00 injected=0.0
[charge_scheduler-1] [INFO] [1785331236.041527782] [charge_scheduler]: [执行事件] loop=global plan_v=2 C2 type=target_service target=6 station_ord=0 planned_finish=243.85 actual_finish=243.85 dev=+0.00 injected=0.0
[charge_scheduler-1] [INFO] [1785331236.041534456] [charge_scheduler]: [执行事件] loop=global plan_v=2 C2 type=station_turnaround target=-1 station_ord=2 planned_finish=256.54 actual_finish=256.54 dev=+0.00 injected=0.0
[charge_scheduler-1] [INFO] [1785331236.041541248] [charge_scheduler]: [执行事件] loop=global plan_v=2 C3 type=target_service target=10 station_ord=0 planned_finish=274.76 actual_finish=274.76 dev=+0.00 injected=0.0
[charge_scheduler-1] [INFO] [1785331236.041573671] [charge_scheduler]: [执行事件] loop=global plan_v=2 C1 type=target_service target=19 station_ord=0 planned_finish=278.19 actual_finish=278.19 dev=+0.00 injected=0.0
[charge_scheduler-1] [INFO] [1785331236.041581226] [charge_scheduler]: [执行事件] loop=global plan_v=2 C2 type=target_service target=29 station_ord=0 planned_finish=302.19 actual_finish=302.19 dev=+0.00 injected=0.0
[charge_scheduler-1] [INFO] [1785331236.041587813] [charge_scheduler]: [执行事件] loop=global plan_v=2 C3 type=target_service target=25 station_ord=0 planned_finish=311.70 actual_finish=311.70 dev=+0.00 injected=0.0
[charge_scheduler-1] [INFO] [1785331236.041596774] [charge_scheduler]: [执行事件] loop=global plan_v=2 C3 type=station_turnaround target=-1 station_ord=3 planned_finish=322.98 actual_finish=322.98 dev=+0.00 injected=0.0
[charge_scheduler-1] [INFO] [1785331236.041605002] [charge_scheduler]: [执行事件] loop=global plan_v=2 C1 type=target_service target=23 station_ord=0 planned_finish=324.45 actual_finish=324.45 dev=+0.00 injected=0.0
[charge_scheduler-1] [INFO] [1785331236.041612873] [charge_scheduler]: [执行事件] loop=global plan_v=2 C1 type=station_turnaround target=-1 station_ord=3 planned_finish=337.52 actual_finish=337.52 dev=+0.00 injected=0.0
[charge_scheduler-1] [INFO] [1785331236.041621246] [charge_scheduler]: [执行事件] loop=global plan_v=2 C2 type=target_service target=14 station_ord=0 planned_finish=347.20 actual_finish=347.20 dev=+0.00 injected=0.0
[charge_scheduler-1] [INFO] [1785331236.041629264] [charge_scheduler]: [执行事件] loop=global plan_v=2 C2 type=final_return target=-1 station_ord=0 planned_finish=350.97 actual_finish=350.97 dev=+0.00 injected=0.0
[charge_scheduler-1] [INFO] [1785331236.041637372] [charge_scheduler]: [执行事件] loop=global plan_v=2 C3 type=target_service target=2 station_ord=0 planned_finish=368.77 actual_finish=368.77 dev=+0.00 injected=0.0
[charge_scheduler-1] [INFO] [1785331236.041645767] [charge_scheduler]: [执行事件] loop=global plan_v=2 C3 type=final_return target=-1 station_ord=0 planned_finish=370.70 actual_finish=370.70 dev=+0.00 injected=0.0
[charge_scheduler-1] [INFO] [1785331236.041654634] [charge_scheduler]: [执行事件] loop=global plan_v=2 C1 type=target_service target=17 station_ord=0 planned_finish=384.18 actual_finish=384.18 dev=+0.00 injected=0.0
[charge_scheduler-1] [INFO] [1785331236.041662057] [charge_scheduler]: [执行事件] loop=global plan_v=2 C1 type=final_return target=-1 station_ord=0 planned_finish=386.97 actual_finish=386.97 dev=+0.00 injected=0.0
[charge_scheduler-1] [INFO] [1785331236.041680125] [charge_scheduler]: ★闭环实验结果 mode=open M=30 K=3 disturbance=target delay=15.0 seed=7 N_late=14 T_overtime=267.910 C_total=5661.037 makespan=378.729 served=30 energy_viol=4 reschedules=0 reschedule_ms=0.000 changed_assign=0 changed_order=0 applied_target=2 applied_station=0 initial_solve_ms=51922.293 objective_order=Tover,Nlate,Ctotal
[charge_scheduler-1] [INFO] [1785331236.041694049] [charge_scheduler]: ★闭环实验结果 mode=fixed M=30 K=3 disturbance=target delay=15.0 seed=7 N_late=13 T_overtime=313.632 C_total=5847.158 makespan=384.944 served=30 energy_viol=0 reschedules=2 reschedule_ms=1373.365 changed_assign=0 changed_order=16 applied_target=2 applied_station=0 initial_solve_ms=51922.293 objective_order=Tover,Nlate,Ctotal
[charge_scheduler-1] [INFO] [1785331236.041705248] [charge_scheduler]: ★闭环实验收益 policy=fixed M=30 K=3 disturbance=target delay=15.0 seed=7 recovered_late=1 overtime_reduction=-45.722 distance_delta=186.121 makespan_reduction=-6.215
[charge_scheduler-1] [INFO] [1785331236.041714409] [charge_scheduler]: ★闭环实验结果 mode=closed M=30 K=3 disturbance=target delay=15.0 seed=7 N_late=15 T_overtime=284.388 C_total=5331.791 makespan=386.967 served=30 energy_viol=0 reschedules=2 reschedule_ms=12796.037 changed_assign=17 changed_order=20 applied_target=2 applied_station=0 initial_solve_ms=51922.293 objective_order=Tover,Nlate,Ctotal
[charge_scheduler-1] [INFO] [1785331236.041726385] [charge_scheduler]: ★闭环实验收益 policy=closed M=30 K=3 disturbance=target delay=15.0 seed=7 recovered_late=-1 overtime_reduction=-16.477 distance_delta=-329.246 makespan_reduction=-8.238
