[INFO] [launch]: All log files can be found below /root/.ros/log/2026-07-29-12-55-24-013982-YYYY-12574
[INFO] [launch]: Default logging verbosity is set to INFO
[INFO] [charge_scheduler-1]: process started with pid [12576]
[charge_scheduler-1] [INFO] [1785329724.170148193] [charge_scheduler]: [目标顺序] objective_order=Tover,Nlate,Ctotal
[charge_scheduler-1] [INFO] [1785329724.170721661] [charge_scheduler]: [Scheduler] 20辆车 | 电池800.0kWh(20%=160.0 80%=640.0) | 充电360kW效率97% | 行驶0.6kWh/km | 桩350kW
[charge_scheduler-1] [INFO] [1785329724.170757213] [charge_scheduler]: [Scheduler] 站端周转: 换电 10 min(换后满电) | 单趟可用 640 kWh
[charge_scheduler-1] [INFO] [1785329724.170767586] [charge_scheduler]:   车#0 [电动装载机282|light] 位置(-47.3,-2.6) 容量282kWh 剩余35% | α=6→6min/% τ=168min → 需130.8kWh(充21.2min)
[charge_scheduler-1] [INFO] [1785329724.170783529] [charge_scheduler]:   车#1 [重型叉车|light] 位置(-44.0,-64.1) 容量200kWh 剩余20% | α=6→6min/% τ=96min → 需123.7kWh(充20.0min)
[charge_scheduler-1] [INFO] [1785329724.170796752] [charge_scheduler]:   车#2 [电动装载机350|light] 位置(-51.1,-38.8) 容量350kWh 剩余50% | α=6→6min/% τ=288min → 需108.2kWh(充17.5min)
[charge_scheduler-1] [INFO] [1785329724.170808994] [charge_scheduler]:   车#3 [重型叉车|light] 位置(-71.0,-19.0) 容量200kWh 剩余10% | α=6→6min/% τ=32min → 需144.3kWh(充23.3min)
[charge_scheduler-1] [INFO] [1785329724.170822119] [charge_scheduler]:   车#4 [电动装载机282|heavy→降级] 位置(-93.3,6.6) 容量282kWh 剩余60% | α=3→6min/% τ=212min → 需58.1kWh(充9.4min)
[charge_scheduler-1] [INFO] [1785329724.170835177] [charge_scheduler]:   车#5 [电动装载机350|light] 位置(-104.4,47.7) 容量350kWh 剩余25% | α=6→6min/% τ=128min → 需198.5kWh(充32.1min)
[charge_scheduler-1] [INFO] [1785329724.170848315] [charge_scheduler]:   车#6 [电动装载机350|heavy→降级] 位置(-37.0,-75.1) 容量350kWh 剩余40% | α=4→6min/% τ=176min → 需144.3kWh(充23.3min)
[charge_scheduler-1] [INFO] [1785329724.170861726] [charge_scheduler]:   车#7 [重型叉车|light] 位置(-88.8,-37.1) 容量200kWh 剩余15% | α=6→6min/% τ=64min → 需134.0kWh(充21.7min)
[charge_scheduler-1] [INFO] [1785329724.170874961] [charge_scheduler]:   车#8 [电动装载机282|heavy→降级] 位置(-70.9,27.7) 容量282kWh 剩余55% | α=3→6min/% τ=196min → 需72.7kWh(充11.8min)
[charge_scheduler-1] [INFO] [1785329724.170890367] [charge_scheduler]:   车#9 [电动装载机282|heavy→降级] 位置(-35.4,-47.4) 容量282kWh 剩余30% | α=3→6min/% τ=116min → 需145.4kWh(充23.5min)
[charge_scheduler-1] [INFO] [1785329724.170904006] [charge_scheduler]:   车#10 [电动装载机282|light] 位置(-100.0,-1.0) 容量282kWh 剩余45% | α=6→6min/% τ=224min → 需101.8kWh(充16.4min)
[charge_scheduler-1] [INFO] [1785329724.170916859] [charge_scheduler]:   车#11 [电动装载机350|light] 位置(-72.8,-15.6) 容量350kWh 剩余18% | α=6→6min/% τ=83min → 需223.7kWh(充36.2min)
[charge_scheduler-1] [INFO] [1785329724.170928405] [charge_scheduler]:   车#12 [重型叉车|heavy→降级] 位置(-61.7,-20.7) 容量200kWh 剩余62% | α=3→6min/% τ=230min → 需37.1kWh(充6.0min)
[charge_scheduler-1] [INFO] [1785329724.170940310] [charge_scheduler]:   车#13 [电动装载机282|light] 位置(-133.0,-25.3) 容量282kWh 剩余28% | α=6→6min/% τ=129min → 需151.2kWh(充24.4min)
[charge_scheduler-1] [INFO] [1785329724.170954132] [charge_scheduler]:   车#14 [电动装载机350|light] 位置(-132.0,-8.9) 容量350kWh 剩余52% | α=6→6min/% τ=301min → 需101.0kWh(充16.3min)
[charge_scheduler-1] [INFO] [1785329724.170968642] [charge_scheduler]:   车#15 [重型叉车|light] 位置(-120.0,7.9) 容量200kWh 剩余12% | α=6→6min/% τ=45min → 需140.2kWh(充22.7min)
[charge_scheduler-1] [INFO] [1785329724.170981086] [charge_scheduler]:   车#16 [电动装载机282|light] 位置(-43.8,-82.9) 容量282kWh 剩余38% | α=6→6min/% τ=185min → 需122.1kWh(充19.7min)
[charge_scheduler-1] [INFO] [1785329724.170993450] [charge_scheduler]:   车#17 [电动装载机350|light] 位置(-31.1,-74.7) 容量350kWh 剩余58% | α=6→6min/% τ=339min → 需79.4kWh(充12.8min)
[charge_scheduler-1] [INFO] [1785329724.171005637] [charge_scheduler]:   车#18 [重型叉车|heavy→降级] 位置(-75.4,-68.2) 容量200kWh 剩余22% | α=3→6min/% τ=102min → 需119.6kWh(充19.3min)
[charge_scheduler-1] [INFO] [1785329724.171017823] [charge_scheduler]:   车#19 [电动装载机282|light] 位置(-88.2,47.1) 容量282kWh 剩余48% | α=6→6min/% τ=241min → 需93.0kWh(充15.0min)
[charge_scheduler-1] [INFO] [1785329724.179062329] [charge_scheduler]: [Scheduler] 闭环接口: threshold=10.0min | event_sim=on | policy=all | structured_feedback=optional (/task_planner/execution_event)
[charge_scheduler-1] [INFO] [1785329724.179164965] [charge_scheduler]: [Scheduler] 已启动, 等待地图...
[charge_scheduler-1] [INFO] [1785329724.236974129] [charge_scheduler]: [Scheduler] RoutingGraph 就绪
[charge_scheduler-1] [INFO] [1785329724.237255878] [charge_scheduler]: [Scheduler] 提取到 6 条虚线捷径
[charge_scheduler-1] [INFO] [1785329724.249665772] [charge_scheduler]: [Scheduler] 下层兼容增强图: 166 节点, 6 条虚线掉头边
[charge_scheduler-1] [INFO] [1785329727.404141179] [charge_scheduler]: [Scheduler] 距离矩阵完成 21x21, 3154.4 ms | 模式=maneuver | 真实不可达=0 抽象不可达=0 | 缺少对向投影节点=0
[charge_scheduler-1] [INFO] [1785329727.404193128] [charge_scheduler]:   ✓ 比值自检：420 个 OD 满足 机动/直线≥1 | 均值=2.70 最大=41.42 (车#4→车#10)
[charge_scheduler-1] [INFO] [1785329727.404202388] [charge_scheduler]: [Scheduler] 地图就绪, 166 条 lanelet（与下层一致）
[charge_scheduler-1] [INFO] [1785329727.404240381] [charge_scheduler]: ======== 开始VRPTW调度 20 辆车 ========
[charge_scheduler-1] [INFO] [1785329727.404245585] [charge_scheduler]:   规模20>8 → 启发式(alns)
[charge_scheduler-1] [INFO] [1785329740.364031516] [charge_scheduler]: [ALNS] objective_order=Tover,Nlate,Ctotal seed=2 iters=15000 | N_late=8(成功率60.0%) T_overtime=110.7min C_total=4149.7m | 趟数=8 makespan=389.8min
[charge_scheduler-1] [INFO] [1785329740.364084462] [charge_scheduler]:   求解耗时 12959.8 ms
[charge_scheduler-1] [INFO] [1785329740.364093204] [charge_scheduler]: ════════ 调度结果 ════════
[charge_scheduler-1] [INFO] [1785329740.364098710] [charge_scheduler]:   ★目标(字典序): objective_order=Tover,Nlate,Ctotal | N_late=8 辆 (按时成功率 12/20 = 60.0%)  T_overtime=110.7min  C_total=4149.7m
[charge_scheduler-1] [INFO] [1785329740.364106162] [charge_scheduler]:   附: 趟数=8 | makespan=389.8min | 能量可行=是
[charge_scheduler-1] [INFO] [1785329740.364117457] [charge_scheduler]:   [充电车1] 趟1: 站 → 车#3(到1.3/限32.0✓) → 车#11(到24.9/限83.2✓) → 车#7(到64.0/限64.0✗超时) → 站
[charge_scheduler-1] [INFO] [1785329740.364125312] [charge_scheduler]:   [充电车2] 趟2: 站 → 车#4(到1.4/限212.0✓) → 车#8(到13.7/限196.0✓) → 车#15(到28.7/限44.8✓) → 车#9(到55.4/限116.0✓) → 车#1(到86.5/限96.0✓) → 站
[charge_scheduler-1] [INFO] [1785329740.364132094] [charge_scheduler]:   [充电车1] 趟3: 站 → 车#18(到103.3/限102.4✗超时) → 车#13(到130.7/限128.8✗超时) → 车#0(到169.2/限168.0✗超时) → 站
[charge_scheduler-1] [INFO] [1785329740.364138112] [charge_scheduler]:   [充电车2] 趟4: 站 → 车#5(到126.6/限128.0✓) → 车#16(到173.2/限184.8✓) → 车#12(到208.8/限230.4✓) → 站
[charge_scheduler-1] [INFO] [1785329740.364143390] [charge_scheduler]:   [充电车1] 趟5: 站 → 车#10(到219.4/限224.0✓) → 车#6(到256.5/限176.0✗超时) → 站
[charge_scheduler-1] [INFO] [1785329740.364148740] [charge_scheduler]:   [充电车2] 趟6: 站 → 车#19(到247.6/限240.8✗超时) → 车#2(到285.0/限288.0✓) → 站
[charge_scheduler-1] [INFO] [1785329740.364153061] [charge_scheduler]:   [充电车1] 趟7: 站 → 车#14(到316.0/限300.8✗超时) → 站
[charge_scheduler-1] [INFO] [1785329740.364157628] [charge_scheduler]:   [充电车2] 趟8: 站 → 车#17(到343.3/限339.2✗超时) → 站
[charge_scheduler-1] [INFO] [1785329740.364161429] [charge_scheduler]: ════════════════════════
[charge_scheduler-1] [INFO] [1785329740.364222927] [charge_scheduler]: [扰动清单] type=station delay=60.0min targets={} station={C1-S1,C2-S1,}
[charge_scheduler-1] [INFO] [1785329740.364241997] [charge_scheduler]: [执行事件] loop=open plan_v=0 C2 type=target_service target=4 station_ord=0 planned_finish=11.04 actual_finish=11.04 dev=+0.00 injected=0.0
[charge_scheduler-1] [INFO] [1785329740.364252179] [charge_scheduler]: [执行事件] loop=open plan_v=0 C1 type=target_service target=3 station_ord=0 planned_finish=24.73 actual_finish=24.73 dev=+0.00 injected=0.0
[charge_scheduler-1] [INFO] [1785329740.364259775] [charge_scheduler]: [执行事件] loop=open plan_v=0 C2 type=target_service target=8 station_ord=0 planned_finish=27.46 actual_finish=27.46 dev=+0.00 injected=0.0
[charge_scheduler-1] [INFO] [1785329740.364267769] [charge_scheduler]: [执行事件] loop=open plan_v=0 C2 type=target_service target=15 station_ord=0 planned_finish=52.83 actual_finish=52.83 dev=+0.00 injected=0.0
[charge_scheduler-1] [INFO] [1785329740.364303798] [charge_scheduler]: [执行事件] loop=open plan_v=0 C1 type=target_service target=11 station_ord=0 planned_finish=63.29 actual_finish=63.29 dev=+0.00 injected=0.0
[charge_scheduler-1] [INFO] [1785329740.364310741] [charge_scheduler]: [执行事件] loop=open plan_v=0 C2 type=target_service target=9 station_ord=0 planned_finish=85.56 actual_finish=85.56 dev=+0.00 injected=0.0
[charge_scheduler-1] [INFO] [1785329740.364317435] [charge_scheduler]: [执行事件] loop=open plan_v=0 C1 type=target_service target=7 station_ord=0 planned_finish=89.02 actual_finish=89.02 dev=+0.00 injected=0.0
[charge_scheduler-1] [INFO] [1785329740.364324907] [charge_scheduler]: [执行事件] loop=open plan_v=0 C2 type=target_service target=1 station_ord=0 planned_finish=111.05 actual_finish=111.05 dev=+0.00 injected=0.0
[charge_scheduler-1] [INFO] [1785329740.364334989] [charge_scheduler]: [执行事件] loop=open plan_v=0 C1 type=station_turnaround target=-1 station_ord=1 planned_finish=101.22 actual_finish=161.22 dev=+60.00 injected=60.0
[charge_scheduler-1] [INFO] [1785329740.364342869] [charge_scheduler]: [执行事件] loop=open plan_v=0 C2 type=station_turnaround target=-1 station_ord=1 planned_finish=123.47 actual_finish=183.47 dev=+60.00 injected=60.0
[charge_scheduler-1] [INFO] [1785329740.364350166] [charge_scheduler]: [执行事件] loop=open plan_v=0 C1 type=target_service target=18 station_ord=0 planned_finish=128.35 actual_finish=188.35 dev=+60.00 injected=0.0
[charge_scheduler-1] [INFO] [1785329740.364357628] [charge_scheduler]: [执行事件] loop=open plan_v=0 C1 type=target_service target=13 station_ord=0 planned_finish=165.94 actual_finish=225.94 dev=+60.00 injected=0.0
[charge_scheduler-1] [INFO] [1785329740.364364775] [charge_scheduler]: [执行事件] loop=open plan_v=0 C2 type=target_service target=5 station_ord=0 planned_finish=170.28 actual_finish=230.40 dev=+60.12 injected=0.0
[charge_scheduler-1] [INFO] [1785329740.364372144] [charge_scheduler]: [执行事件] loop=open plan_v=0 C1 type=target_service target=0 station_ord=0 planned_finish=204.41 actual_finish=264.41 dev=+60.00 injected=0.0
[charge_scheduler-1] [INFO] [1785329740.364381525] [charge_scheduler]: [执行事件] loop=open plan_v=0 C2 type=target_service target=16 station_ord=0 planned_finish=207.45 actual_finish=268.55 dev=+61.10 injected=0.0
[charge_scheduler-1] [INFO] [1785329740.364388475] [charge_scheduler]: [执行事件] loop=open plan_v=0 C1 type=station_turnaround target=-1 station_ord=2 planned_finish=215.26 actual_finish=275.26 dev=+60.00 injected=0.0
[charge_scheduler-1] [INFO] [1785329740.364395383] [charge_scheduler]: [执行事件] loop=open plan_v=0 C2 type=target_service target=12 station_ord=0 planned_finish=232.72 actual_finish=294.94 dev=+62.22 injected=0.0
[charge_scheduler-1] [INFO] [1785329740.364402296] [charge_scheduler]: [执行事件] loop=open plan_v=0 C2 type=station_turnaround target=-1 station_ord=2 planned_finish=244.17 actual_finish=306.39 dev=+62.22 injected=0.0
[charge_scheduler-1] [INFO] [1785329740.364409520] [charge_scheduler]: [执行事件] loop=open plan_v=0 C1 type=target_service target=10 station_ord=0 planned_finish=254.26 actual_finish=314.64 dev=+60.39 injected=0.0
[charge_scheduler-1] [INFO] [1785329740.364422618] [charge_scheduler]: [执行事件] loop=open plan_v=0 C2 type=target_service target=19 station_ord=0 planned_finish=282.83 actual_finish=345.05 dev=+62.22 injected=0.0
[charge_scheduler-1] [INFO] [1785329740.364428896] [charge_scheduler]: [执行事件] loop=open plan_v=0 C1 type=target_service target=6 station_ord=0 planned_finish=300.29 actual_finish=360.68 dev=+60.39 injected=0.0
[charge_scheduler-1] [INFO] [1785329740.364435184] [charge_scheduler]: [执行事件] loop=open plan_v=0 C1 type=station_turnaround target=-1 station_ord=3 planned_finish=312.99 actual_finish=373.38 dev=+60.39 injected=0.0
[charge_scheduler-1] [INFO] [1785329740.364441534] [charge_scheduler]: [执行事件] loop=open plan_v=0 C2 type=target_service target=2 station_ord=0 planned_finish=328.44 actual_finish=390.93 dev=+62.50 injected=0.0
[charge_scheduler-1] [INFO] [1785329740.364452774] [charge_scheduler]: [执行事件] loop=open plan_v=0 C2 type=station_turnaround target=-1 station_ord=3 planned_finish=340.36 actual_finish=402.86 dev=+62.50 injected=0.0
[charge_scheduler-1] [INFO] [1785329740.364458670] [charge_scheduler]: [执行事件] loop=open plan_v=0 C1 type=target_service target=14 station_ord=0 planned_finish=359.79 actual_finish=420.18 dev=+60.39 injected=0.0
[charge_scheduler-1] [INFO] [1785329740.364466826] [charge_scheduler]: [执行事件] loop=open plan_v=0 C1 type=final_return target=-1 station_ord=0 planned_finish=363.56 actual_finish=423.94 dev=+60.39 injected=0.0
[charge_scheduler-1] [INFO] [1785329740.364473008] [charge_scheduler]: [执行事件] loop=open plan_v=0 C2 type=target_service target=17 station_ord=0 planned_finish=387.02 actual_finish=449.52 dev=+62.50 injected=0.0
[charge_scheduler-1] [INFO] [1785329740.364478892] [charge_scheduler]: [执行事件] loop=open plan_v=0 C2 type=final_return target=-1 station_ord=0 planned_finish=389.81 actual_finish=452.31 dev=+62.50 injected=0.0
[charge_scheduler-1] [INFO] [1785329740.364491205] [charge_scheduler]: [执行事件] loop=fixed plan_v=0 C2 type=target_service target=4 station_ord=0 planned_finish=11.04 actual_finish=11.04 dev=+0.00 injected=0.0
[charge_scheduler-1] [INFO] [1785329740.364501976] [charge_scheduler]: [执行事件] loop=fixed plan_v=0 C1 type=target_service target=3 station_ord=0 planned_finish=24.73 actual_finish=24.73 dev=+0.00 injected=0.0
[charge_scheduler-1] [INFO] [1785329740.364508487] [charge_scheduler]: [执行事件] loop=fixed plan_v=0 C2 type=target_service target=8 station_ord=0 planned_finish=27.46 actual_finish=27.46 dev=+0.00 injected=0.0
[charge_scheduler-1] [INFO] [1785329740.364514417] [charge_scheduler]: [执行事件] loop=fixed plan_v=0 C2 type=target_service target=15 station_ord=0 planned_finish=52.83 actual_finish=52.83 dev=+0.00 injected=0.0
[charge_scheduler-1] [INFO] [1785329740.364520359] [charge_scheduler]: [执行事件] loop=fixed plan_v=0 C1 type=target_service target=11 station_ord=0 planned_finish=63.29 actual_finish=63.29 dev=+0.00 injected=0.0
[charge_scheduler-1] [INFO] [1785329740.364526156] [charge_scheduler]: [执行事件] loop=fixed plan_v=0 C2 type=target_service target=9 station_ord=0 planned_finish=85.56 actual_finish=85.56 dev=+0.00 injected=0.0
[charge_scheduler-1] [INFO] [1785329740.364532103] [charge_scheduler]: [执行事件] loop=fixed plan_v=0 C1 type=target_service target=7 station_ord=0 planned_finish=89.02 actual_finish=89.02 dev=+0.00 injected=0.0
[charge_scheduler-1] [INFO] [1785329740.364538056] [charge_scheduler]: [执行事件] loop=fixed plan_v=0 C2 type=target_service target=1 station_ord=0 planned_finish=111.05 actual_finish=111.05 dev=+0.00 injected=0.0
[charge_scheduler-1] [INFO] [1785329740.364544225] [charge_scheduler]: [执行事件] loop=fixed plan_v=0 C1 type=station_turnaround target=-1 station_ord=1 planned_finish=101.22 actual_finish=161.22 dev=+60.00 injected=60.0
[charge_scheduler-1] [WARN] [1785329740.631771443] [charge_scheduler]: [重调度事件] policy=fixed #1 t=161.22min trigger=C1/station_turnaround dev=+60.00 pool=12 committed=0 plan_v=1 solve_ms=267.2 changed_assign=0 changed_order=5
[charge_scheduler-1] [INFO] [1785329740.631848637] [charge_scheduler]: [执行事件] loop=fixed plan_v=0 C2 type=station_turnaround target=-1 station_ord=1 planned_finish=123.47 actual_finish=183.47 dev=+60.00 injected=60.0
[charge_scheduler-1] [WARN] [1785329740.872918805] [charge_scheduler]: [重调度事件] policy=fixed #2 t=183.47min trigger=C2/station_turnaround dev=+60.00 pool=11 committed=1 plan_v=2 solve_ms=241.0 changed_assign=0 changed_order=6
[charge_scheduler-1] [INFO] [1785329740.872968645] [charge_scheduler]: [执行事件] loop=fixed plan_v=1 C1 type=target_service target=18 station_ord=0 planned_finish=188.35 actual_finish=188.35 dev=+0.00 injected=0.0
[charge_scheduler-1] [INFO] [1785329740.872978360] [charge_scheduler]: [执行事件] loop=fixed plan_v=2 C2 type=target_service target=16 station_ord=0 planned_finish=221.30 actual_finish=221.30 dev=+0.00 injected=0.0
[charge_scheduler-1] [INFO] [1785329740.872987050] [charge_scheduler]: [执行事件] loop=fixed plan_v=2 C1 type=target_service target=13 station_ord=0 planned_finish=225.94 actual_finish=225.94 dev=+0.00 injected=0.0
[charge_scheduler-1] [INFO] [1785329740.872995025] [charge_scheduler]: [执行事件] loop=fixed plan_v=2 C2 type=target_service target=12 station_ord=0 planned_finish=247.29 actual_finish=247.29 dev=+0.00 injected=0.0
[charge_scheduler-1] [INFO] [1785329740.873002734] [charge_scheduler]: [执行事件] loop=fixed plan_v=2 C1 type=target_service target=0 station_ord=0 planned_finish=264.41 actual_finish=264.41 dev=+0.00 injected=0.0
[charge_scheduler-1] [INFO] [1785329740.873040017] [charge_scheduler]: [执行事件] loop=fixed plan_v=2 C1 type=station_turnaround target=-1 station_ord=2 planned_finish=275.26 actual_finish=275.26 dev=+0.00 injected=0.0
[charge_scheduler-1] [INFO] [1785329740.873047279] [charge_scheduler]: [执行事件] loop=fixed plan_v=2 C2 type=target_service target=19 station_ord=0 planned_finish=285.36 actual_finish=285.36 dev=+0.00 injected=0.0
[charge_scheduler-1] [INFO] [1785329740.873053070] [charge_scheduler]: [执行事件] loop=fixed plan_v=2 C2 type=station_turnaround target=-1 station_ord=2 planned_finish=297.56 actual_finish=297.56 dev=+0.00 injected=0.0
[charge_scheduler-1] [INFO] [1785329740.873059127] [charge_scheduler]: [执行事件] loop=fixed plan_v=2 C1 type=target_service target=10 station_ord=0 planned_finish=314.64 actual_finish=314.64 dev=+0.00 injected=0.0
[charge_scheduler-1] [INFO] [1785329740.873064790] [charge_scheduler]: [执行事件] loop=fixed plan_v=2 C2 type=target_service target=2 station_ord=0 planned_finish=343.35 actual_finish=343.35 dev=+0.00 injected=0.0
[charge_scheduler-1] [INFO] [1785329740.873073892] [charge_scheduler]: [执行事件] loop=fixed plan_v=2 C1 type=target_service target=6 station_ord=0 planned_finish=360.68 actual_finish=360.68 dev=+0.00 injected=0.0
[charge_scheduler-1] [INFO] [1785329740.873079480] [charge_scheduler]: [执行事件] loop=fixed plan_v=2 C1 type=station_turnaround target=-1 station_ord=3 planned_finish=373.38 actual_finish=373.38 dev=+0.00 injected=0.0
[charge_scheduler-1] [INFO] [1785329740.873085331] [charge_scheduler]: [执行事件] loop=fixed plan_v=2 C2 type=target_service target=17 station_ord=0 planned_finish=388.42 actual_finish=388.42 dev=+0.00 injected=0.0
[charge_scheduler-1] [INFO] [1785329740.873090821] [charge_scheduler]: [执行事件] loop=fixed plan_v=2 C2 type=station_turnaround target=-1 station_ord=3 planned_finish=401.21 actual_finish=401.21 dev=+0.00 injected=0.0
[charge_scheduler-1] [INFO] [1785329740.873096310] [charge_scheduler]: [执行事件] loop=fixed plan_v=2 C1 type=target_service target=14 station_ord=0 planned_finish=420.18 actual_finish=420.18 dev=+0.00 injected=0.0
[charge_scheduler-1] [INFO] [1785329740.873101725] [charge_scheduler]: [执行事件] loop=fixed plan_v=2 C1 type=final_return target=-1 station_ord=0 planned_finish=423.94 actual_finish=423.94 dev=+0.00 injected=0.0
[charge_scheduler-1] [INFO] [1785329740.873107139] [charge_scheduler]: [执行事件] loop=fixed plan_v=2 C2 type=target_service target=5 station_ord=0 planned_finish=448.14 actual_finish=448.14 dev=+0.00 injected=0.0
[charge_scheduler-1] [INFO] [1785329740.873112468] [charge_scheduler]: [执行事件] loop=fixed plan_v=2 C2 type=final_return target=-1 station_ord=0 planned_finish=450.57 actual_finish=450.57 dev=+0.00 injected=0.0
[charge_scheduler-1] [INFO] [1785329740.873131206] [charge_scheduler]: [执行事件] loop=global plan_v=0 C2 type=target_service target=4 station_ord=0 planned_finish=11.04 actual_finish=11.04 dev=+0.00 injected=0.0
[charge_scheduler-1] [INFO] [1785329740.873137049] [charge_scheduler]: [执行事件] loop=global plan_v=0 C1 type=target_service target=3 station_ord=0 planned_finish=24.73 actual_finish=24.73 dev=+0.00 injected=0.0
[charge_scheduler-1] [INFO] [1785329740.873142613] [charge_scheduler]: [执行事件] loop=global plan_v=0 C2 type=target_service target=8 station_ord=0 planned_finish=27.46 actual_finish=27.46 dev=+0.00 injected=0.0
[charge_scheduler-1] [INFO] [1785329740.873147920] [charge_scheduler]: [执行事件] loop=global plan_v=0 C2 type=target_service target=15 station_ord=0 planned_finish=52.83 actual_finish=52.83 dev=+0.00 injected=0.0
[charge_scheduler-1] [INFO] [1785329740.873153276] [charge_scheduler]: [执行事件] loop=global plan_v=0 C1 type=target_service target=11 station_ord=0 planned_finish=63.29 actual_finish=63.29 dev=+0.00 injected=0.0
[charge_scheduler-1] [INFO] [1785329740.873158474] [charge_scheduler]: [执行事件] loop=global plan_v=0 C2 type=target_service target=9 station_ord=0 planned_finish=85.56 actual_finish=85.56 dev=+0.00 injected=0.0
[charge_scheduler-1] [INFO] [1785329740.873163931] [charge_scheduler]: [执行事件] loop=global plan_v=0 C1 type=target_service target=7 station_ord=0 planned_finish=89.02 actual_finish=89.02 dev=+0.00 injected=0.0
[charge_scheduler-1] [INFO] [1785329740.873169995] [charge_scheduler]: [执行事件] loop=global plan_v=0 C2 type=target_service target=1 station_ord=0 planned_finish=111.05 actual_finish=111.05 dev=+0.00 injected=0.0
[charge_scheduler-1] [INFO] [1785329740.873179258] [charge_scheduler]: [执行事件] loop=global plan_v=0 C1 type=station_turnaround target=-1 station_ord=1 planned_finish=101.22 actual_finish=161.22 dev=+60.00 injected=60.0
[charge_scheduler-1] [WARN] [1785329741.802381725] [charge_scheduler]: [重调度事件] policy=global #1 t=161.22min trigger=C1/station_turnaround dev=+60.00 pool=12 committed=0 plan_v=1 solve_ms=929.2 changed_assign=6 changed_order=8
[charge_scheduler-1] [INFO] [1785329741.802459186] [charge_scheduler]: [执行事件] loop=global plan_v=0 C2 type=station_turnaround target=-1 station_ord=1 planned_finish=123.47 actual_finish=183.47 dev=+60.00 injected=60.0
[charge_scheduler-1] [WARN] [1785329742.380515379] [charge_scheduler]: [重调度事件] policy=global #2 t=183.47min trigger=C2/station_turnaround dev=+60.00 pool=11 committed=1 plan_v=2 solve_ms=578.0 changed_assign=2 changed_order=4
[charge_scheduler-1] [INFO] [1785329742.380562037] [charge_scheduler]: [执行事件] loop=global plan_v=1 C1 type=target_service target=18 station_ord=0 planned_finish=188.35 actual_finish=188.35 dev=+0.00 injected=0.0
[charge_scheduler-1] [INFO] [1785329742.380570858] [charge_scheduler]: [执行事件] loop=global plan_v=2 C2 type=target_service target=0 station_ord=0 planned_finish=219.55 actual_finish=219.55 dev=+0.00 injected=0.0
[charge_scheduler-1] [INFO] [1785329742.380577024] [charge_scheduler]: [执行事件] loop=global plan_v=2 C1 type=target_service target=16 station_ord=0 planned_finish=224.24 actual_finish=224.24 dev=+0.00 injected=0.0
[charge_scheduler-1] [INFO] [1785329742.380582819] [charge_scheduler]: [执行事件] loop=global plan_v=2 C2 type=target_service target=12 station_ord=0 planned_finish=245.88 actual_finish=245.88 dev=+0.00 injected=0.0
[charge_scheduler-1] [INFO] [1785329742.380588433] [charge_scheduler]: [执行事件] loop=global plan_v=2 C1 type=target_service target=13 station_ord=0 planned_finish=261.74 actual_finish=261.74 dev=+0.00 injected=0.0
[charge_scheduler-1] [INFO] [1785329742.380595291] [charge_scheduler]: [执行事件] loop=global plan_v=2 C1 type=station_turnaround target=-1 station_ord=2 planned_finish=275.74 actual_finish=275.74 dev=+0.00 injected=0.0
[charge_scheduler-1] [INFO] [1785329742.380601249] [charge_scheduler]: [执行事件] loop=global plan_v=2 C2 type=target_service target=10 station_ord=0 planned_finish=284.72 actual_finish=284.72 dev=+0.00 injected=0.0
[charge_scheduler-1] [INFO] [1785329742.380606773] [charge_scheduler]: [执行事件] loop=global plan_v=2 C2 type=station_turnaround target=-1 station_ord=2 planned_finish=296.37 actual_finish=296.37 dev=+0.00 injected=0.0
[charge_scheduler-1] [INFO] [1785329742.380612416] [charge_scheduler]: [执行事件] loop=global plan_v=2 C1 type=target_service target=19 station_ord=0 planned_finish=314.40 actual_finish=314.40 dev=+0.00 injected=0.0
[charge_scheduler-1] [INFO] [1785329742.380618098] [charge_scheduler]: [执行事件] loop=global plan_v=2 C2 type=target_service target=6 station_ord=0 planned_finish=342.93 actual_finish=342.93 dev=+0.00 injected=0.0
[charge_scheduler-1] [INFO] [1785329742.380623706] [charge_scheduler]: [执行事件] loop=global plan_v=2 C1 type=target_service target=5 station_ord=0 planned_finish=358.46 actual_finish=358.46 dev=+0.00 injected=0.0
[charge_scheduler-1] [INFO] [1785329742.380628995] [charge_scheduler]: [执行事件] loop=global plan_v=2 C1 type=station_turnaround target=-1 station_ord=3 planned_finish=370.89 actual_finish=370.89 dev=+0.00 injected=0.0
[charge_scheduler-1] [INFO] [1785329742.380634441] [charge_scheduler]: [执行事件] loop=global plan_v=2 C2 type=target_service target=17 station_ord=0 planned_finish=386.83 actual_finish=386.83 dev=+0.00 injected=0.0
[charge_scheduler-1] [INFO] [1785329742.380640058] [charge_scheduler]: [执行事件] loop=global plan_v=2 C2 type=station_turnaround target=-1 station_ord=3 planned_finish=399.62 actual_finish=399.62 dev=+0.00 injected=0.0
[charge_scheduler-1] [INFO] [1785329742.380645754] [charge_scheduler]: [执行事件] loop=global plan_v=2 C1 type=target_service target=14 station_ord=0 planned_finish=417.70 actual_finish=417.70 dev=+0.00 injected=0.0
[charge_scheduler-1] [INFO] [1785329742.380651233] [charge_scheduler]: [执行事件] loop=global plan_v=2 C1 type=final_return target=-1 station_ord=0 planned_finish=421.46 actual_finish=421.46 dev=+0.00 injected=0.0
[charge_scheduler-1] [INFO] [1785329742.380675932] [charge_scheduler]: [执行事件] loop=global plan_v=2 C2 type=target_service target=2 station_ord=0 planned_finish=445.41 actual_finish=445.41 dev=+0.00 injected=0.0
[charge_scheduler-1] [INFO] [1785329742.380681725] [charge_scheduler]: [执行事件] loop=global plan_v=2 C2 type=final_return target=-1 station_ord=0 planned_finish=447.34 actual_finish=447.34 dev=+0.00 injected=0.0
[charge_scheduler-1] [INFO] [1785329742.380694321] [charge_scheduler]: ★闭环实验结果 mode=open M=20 K=2 disturbance=station delay=60.0 seed=2 N_late=13 T_overtime=797.409 C_total=4149.708 makespan=452.308 served=20 energy_viol=2 reschedules=0 reschedule_ms=0.000 changed_assign=0 changed_order=0 applied_target=0 applied_station=2 initial_solve_ms=12959.838 objective_order=Tover,Nlate,Ctotal
[charge_scheduler-1] [INFO] [1785329742.380704279] [charge_scheduler]: ★闭环实验结果 mode=fixed M=20 K=2 disturbance=station delay=60.0 seed=2 N_late=12 T_overtime=759.977 C_total=4060.730 makespan=450.573 served=20 energy_viol=0 reschedules=2 reschedule_ms=508.182 changed_assign=0 changed_order=11 applied_target=0 applied_station=2 initial_solve_ms=12959.838 objective_order=Tover,Nlate,Ctotal
[charge_scheduler-1] [INFO] [1785329742.380712072] [charge_scheduler]: ★闭环实验收益 policy=fixed M=20 K=2 disturbance=station delay=60.0 seed=2 recovered_late=1 overtime_reduction=37.431 distance_delta=-88.978 makespan_reduction=1.736
[charge_scheduler-1] [INFO] [1785329742.380718080] [charge_scheduler]: ★闭环实验结果 mode=closed M=20 K=2 disturbance=station delay=60.0 seed=2 N_late=12 T_overtime=743.554 C_total=3684.303 makespan=447.341 served=20 energy_viol=0 reschedules=2 reschedule_ms=1507.166 changed_assign=8 changed_order=12 applied_target=0 applied_station=2 initial_solve_ms=12959.838 objective_order=Tover,Nlate,Ctotal
[charge_scheduler-1] [INFO] [1785329742.380725544] [charge_scheduler]: ★闭环实验收益 policy=closed M=20 K=2 disturbance=station delay=60.0 seed=2 recovered_late=1 overtime_reduction=53.855 distance_delta=-465.405 makespan_reduction=4.967
