[INFO] [launch]: All log files can be found below /root/.ros/log/2026-07-29-12-54-44-035275-YYYY-12444
[INFO] [launch]: Default logging verbosity is set to INFO
[INFO] [charge_scheduler-1]: process started with pid [12446]
[charge_scheduler-1] [INFO] [1785329684.181163477] [charge_scheduler]: [目标顺序] objective_order=Tover,Nlate,Ctotal
[charge_scheduler-1] [INFO] [1785329684.181675037] [charge_scheduler]: [Scheduler] 20辆车 | 电池800.0kWh(20%=160.0 80%=640.0) | 充电360kW效率97% | 行驶0.6kWh/km | 桩350kW
[charge_scheduler-1] [INFO] [1785329684.181708036] [charge_scheduler]: [Scheduler] 站端周转: 换电 10 min(换后满电) | 单趟可用 640 kWh
[charge_scheduler-1] [INFO] [1785329684.181716916] [charge_scheduler]:   车#0 [电动装载机282|light] 位置(-47.3,-2.6) 容量282kWh 剩余35% | α=6→6min/% τ=168min → 需130.8kWh(充21.2min)
[charge_scheduler-1] [INFO] [1785329684.181731888] [charge_scheduler]:   车#1 [重型叉车|light] 位置(-44.0,-64.1) 容量200kWh 剩余20% | α=6→6min/% τ=96min → 需123.7kWh(充20.0min)
[charge_scheduler-1] [INFO] [1785329684.181743611] [charge_scheduler]:   车#2 [电动装载机350|light] 位置(-51.1,-38.8) 容量350kWh 剩余50% | α=6→6min/% τ=288min → 需108.2kWh(充17.5min)
[charge_scheduler-1] [INFO] [1785329684.181756468] [charge_scheduler]:   车#3 [重型叉车|light] 位置(-71.0,-19.0) 容量200kWh 剩余10% | α=6→6min/% τ=32min → 需144.3kWh(充23.3min)
[charge_scheduler-1] [INFO] [1785329684.181774324] [charge_scheduler]:   车#4 [电动装载机282|heavy→降级] 位置(-93.3,6.6) 容量282kWh 剩余60% | α=3→6min/% τ=212min → 需58.1kWh(充9.4min)
[charge_scheduler-1] [INFO] [1785329684.181787098] [charge_scheduler]:   车#5 [电动装载机350|light] 位置(-104.4,47.7) 容量350kWh 剩余25% | α=6→6min/% τ=128min → 需198.5kWh(充32.1min)
[charge_scheduler-1] [INFO] [1785329684.181799934] [charge_scheduler]:   车#6 [电动装载机350|heavy→降级] 位置(-37.0,-75.1) 容量350kWh 剩余40% | α=4→6min/% τ=176min → 需144.3kWh(充23.3min)
[charge_scheduler-1] [INFO] [1785329684.181811009] [charge_scheduler]:   车#7 [重型叉车|light] 位置(-88.8,-37.1) 容量200kWh 剩余15% | α=6→6min/% τ=64min → 需134.0kWh(充21.7min)
[charge_scheduler-1] [INFO] [1785329684.181822446] [charge_scheduler]:   车#8 [电动装载机282|heavy→降级] 位置(-70.9,27.7) 容量282kWh 剩余55% | α=3→6min/% τ=196min → 需72.7kWh(充11.8min)
[charge_scheduler-1] [INFO] [1785329684.181833827] [charge_scheduler]:   车#9 [电动装载机282|heavy→降级] 位置(-35.4,-47.4) 容量282kWh 剩余30% | α=3→6min/% τ=116min → 需145.4kWh(充23.5min)
[charge_scheduler-1] [INFO] [1785329684.181848065] [charge_scheduler]:   车#10 [电动装载机282|light] 位置(-100.0,-1.0) 容量282kWh 剩余45% | α=6→6min/% τ=224min → 需101.8kWh(充16.4min)
[charge_scheduler-1] [INFO] [1785329684.181859935] [charge_scheduler]:   车#11 [电动装载机350|light] 位置(-72.8,-15.6) 容量350kWh 剩余18% | α=6→6min/% τ=83min → 需223.7kWh(充36.2min)
[charge_scheduler-1] [INFO] [1785329684.181872035] [charge_scheduler]:   车#12 [重型叉车|heavy→降级] 位置(-61.7,-20.7) 容量200kWh 剩余62% | α=3→6min/% τ=230min → 需37.1kWh(充6.0min)
[charge_scheduler-1] [INFO] [1785329684.181884879] [charge_scheduler]:   车#13 [电动装载机282|light] 位置(-133.0,-25.3) 容量282kWh 剩余28% | α=6→6min/% τ=129min → 需151.2kWh(充24.4min)
[charge_scheduler-1] [INFO] [1785329684.181897163] [charge_scheduler]:   车#14 [电动装载机350|light] 位置(-132.0,-8.9) 容量350kWh 剩余52% | α=6→6min/% τ=301min → 需101.0kWh(充16.3min)
[charge_scheduler-1] [INFO] [1785329684.181909616] [charge_scheduler]:   车#15 [重型叉车|light] 位置(-120.0,7.9) 容量200kWh 剩余12% | α=6→6min/% τ=45min → 需140.2kWh(充22.7min)
[charge_scheduler-1] [INFO] [1785329684.181921807] [charge_scheduler]:   车#16 [电动装载机282|light] 位置(-43.8,-82.9) 容量282kWh 剩余38% | α=6→6min/% τ=185min → 需122.1kWh(充19.7min)
[charge_scheduler-1] [INFO] [1785329684.181936688] [charge_scheduler]:   车#17 [电动装载机350|light] 位置(-31.1,-74.7) 容量350kWh 剩余58% | α=6→6min/% τ=339min → 需79.4kWh(充12.8min)
[charge_scheduler-1] [INFO] [1785329684.181948893] [charge_scheduler]:   车#18 [重型叉车|heavy→降级] 位置(-75.4,-68.2) 容量200kWh 剩余22% | α=3→6min/% τ=102min → 需119.6kWh(充19.3min)
[charge_scheduler-1] [INFO] [1785329684.181961293] [charge_scheduler]:   车#19 [电动装载机282|light] 位置(-88.2,47.1) 容量282kWh 剩余48% | α=6→6min/% τ=241min → 需93.0kWh(充15.0min)
[charge_scheduler-1] [INFO] [1785329684.190072330] [charge_scheduler]: [Scheduler] 闭环接口: threshold=10.0min | event_sim=on | policy=all | structured_feedback=optional (/task_planner/execution_event)
[charge_scheduler-1] [INFO] [1785329684.190158356] [charge_scheduler]: [Scheduler] 已启动, 等待地图...
[charge_scheduler-1] [INFO] [1785329684.249563194] [charge_scheduler]: [Scheduler] RoutingGraph 就绪
[charge_scheduler-1] [INFO] [1785329684.249953473] [charge_scheduler]: [Scheduler] 提取到 6 条虚线捷径
[charge_scheduler-1] [INFO] [1785329684.262705912] [charge_scheduler]: [Scheduler] 下层兼容增强图: 166 节点, 6 条虚线掉头边
[charge_scheduler-1] [INFO] [1785329687.449467382] [charge_scheduler]: [Scheduler] 距离矩阵完成 21x21, 3186.7 ms | 模式=maneuver | 真实不可达=0 抽象不可达=0 | 缺少对向投影节点=0
[charge_scheduler-1] [INFO] [1785329687.449555660] [charge_scheduler]:   ✓ 比值自检：420 个 OD 满足 机动/直线≥1 | 均值=2.70 最大=41.42 (车#4→车#10)
[charge_scheduler-1] [INFO] [1785329687.449565487] [charge_scheduler]: [Scheduler] 地图就绪, 166 条 lanelet（与下层一致）
[charge_scheduler-1] [INFO] [1785329687.449626878] [charge_scheduler]: ======== 开始VRPTW调度 20 辆车 ========
[charge_scheduler-1] [INFO] [1785329687.449633949] [charge_scheduler]:   规模20>8 → 启发式(alns)
[charge_scheduler-1] [INFO] [1785329700.516718727] [charge_scheduler]: [ALNS] objective_order=Tover,Nlate,Ctotal seed=10 iters=15000 | N_late=6(成功率70.0%) T_overtime=110.2min C_total=3922.5m | 趟数=8 makespan=387.0min
[charge_scheduler-1] [INFO] [1785329700.516780190] [charge_scheduler]:   求解耗时 13067.1 ms
[charge_scheduler-1] [INFO] [1785329700.516790463] [charge_scheduler]: ════════ 调度结果 ════════
[charge_scheduler-1] [INFO] [1785329700.516796824] [charge_scheduler]:   ★目标(字典序): objective_order=Tover,Nlate,Ctotal | N_late=6 辆 (按时成功率 14/20 = 70.0%)  T_overtime=110.2min  C_total=3922.5m
[charge_scheduler-1] [INFO] [1785329700.516804404] [charge_scheduler]:   附: 趟数=8 | makespan=387.0min | 能量可行=是
[charge_scheduler-1] [INFO] [1785329700.516818440] [charge_scheduler]:   [充电车2] 趟1: 站 → 车#4(到1.4/限212.0✓) → 车#8(到13.7/限196.0✓) → 车#3(到28.2/限32.0✓) → 车#11(到53.2/限83.2✓) → 站
[charge_scheduler-1] [INFO] [1785329700.516827596] [charge_scheduler]:   [充电车1] 趟2: 站 → 车#12(到2.3/限230.4✓) → 车#15(到9.8/限44.8✓) → 车#7(到34.9/限64.0✓) → 车#18(到59.3/限102.4✓) → 车#1(到83.2/限96.0✓) → 站
[charge_scheduler-1] [INFO] [1785329700.516834476] [charge_scheduler]:   [充电车2] 趟3: 站 → 车#13(到109.5/限128.8✓) → 车#5(到144.8/限128.0✗超时) → 站
[charge_scheduler-1] [INFO] [1785329700.516842199] [charge_scheduler]:   [充电车1] 趟4: 站 → 车#9(到122.1/限116.0✗超时) → 车#0(到158.9/限168.0✓) → 车#10(到197.0/限224.0✓) → 站
[charge_scheduler-1] [INFO] [1785329700.516849021] [charge_scheduler]:   [充电车2] 趟5: 站 → 车#16(到203.5/限184.8✗超时) → 车#6(到239.0/限176.0✗超时) → 站
[charge_scheduler-1] [INFO] [1785329700.516855777] [charge_scheduler]:   [充电车1] 趟6: 站 → 车#19(到245.0/限240.8✗超时) → 车#2(到282.4/限288.0✓) → 站
[charge_scheduler-1] [INFO] [1785329700.516862289] [charge_scheduler]:   [充电车1] 趟7: 站 → 车#17(到340.5/限339.2✗超时) → 站
[charge_scheduler-1] [INFO] [1785329700.516868880] [charge_scheduler]:   [充电车2] 趟8: 站 → 车#14(到298.5/限300.8✓) → 站
[charge_scheduler-1] [INFO] [1785329700.516873534] [charge_scheduler]: ════════════════════════
[charge_scheduler-1] [INFO] [1785329700.516935380] [charge_scheduler]: [扰动清单] type=station delay=30.0min targets={} station={C1-S1,C2-S1,}
[charge_scheduler-1] [INFO] [1785329700.516955541] [charge_scheduler]: [执行事件] loop=open plan_v=0 C1 type=target_service target=12 station_ord=0 planned_finish=8.58 actual_finish=8.58 dev=+0.00 injected=0.0
[charge_scheduler-1] [INFO] [1785329700.516965312] [charge_scheduler]: [执行事件] loop=open plan_v=0 C2 type=target_service target=4 station_ord=0 planned_finish=11.04 actual_finish=11.04 dev=+0.00 injected=0.0
[charge_scheduler-1] [INFO] [1785329700.516973679] [charge_scheduler]: [执行事件] loop=open plan_v=0 C2 type=target_service target=8 station_ord=0 planned_finish=27.46 actual_finish=27.46 dev=+0.00 injected=0.0
[charge_scheduler-1] [INFO] [1785329700.516981831] [charge_scheduler]: [执行事件] loop=open plan_v=0 C1 type=target_service target=15 station_ord=0 planned_finish=33.02 actual_finish=33.02 dev=+0.00 injected=0.0
[charge_scheduler-1] [INFO] [1785329700.517027421] [charge_scheduler]: [执行事件] loop=open plan_v=0 C2 type=target_service target=3 station_ord=0 planned_finish=53.05 actual_finish=53.05 dev=+0.00 injected=0.0
[charge_scheduler-1] [INFO] [1785329700.517035438] [charge_scheduler]: [执行事件] loop=open plan_v=0 C1 type=target_service target=7 station_ord=0 planned_finish=58.39 actual_finish=58.39 dev=+0.00 injected=0.0
[charge_scheduler-1] [INFO] [1785329700.517043214] [charge_scheduler]: [执行事件] loop=open plan_v=0 C1 type=target_service target=18 station_ord=0 planned_finish=82.05 actual_finish=82.05 dev=+0.00 injected=0.0
[charge_scheduler-1] [INFO] [1785329700.517051678] [charge_scheduler]: [执行事件] loop=open plan_v=0 C2 type=target_service target=11 station_ord=0 planned_finish=94.18 actual_finish=94.18 dev=+0.00 injected=0.0
[charge_scheduler-1] [INFO] [1785329700.517061254] [charge_scheduler]: [执行事件] loop=open plan_v=0 C1 type=target_service target=1 station_ord=0 planned_finish=107.54 actual_finish=107.54 dev=+0.00 injected=0.0
[charge_scheduler-1] [INFO] [1785329700.517070047] [charge_scheduler]: [执行事件] loop=open plan_v=0 C2 type=station_turnaround target=-1 station_ord=1 planned_finish=106.67 actual_finish=136.67 dev=+30.00 injected=30.0
[charge_scheduler-1] [INFO] [1785329700.517079610] [charge_scheduler]: [执行事件] loop=open plan_v=0 C1 type=station_turnaround target=-1 station_ord=1 planned_finish=119.97 actual_finish=149.97 dev=+30.00 injected=30.0
[charge_scheduler-1] [INFO] [1785329700.517102883] [charge_scheduler]: [执行事件] loop=open plan_v=0 C2 type=target_service target=13 station_ord=0 planned_finish=143.09 actual_finish=174.72 dev=+31.62 injected=0.0
[charge_scheduler-1] [INFO] [1785329700.517113940] [charge_scheduler]: [执行事件] loop=open plan_v=0 C1 type=target_service target=9 station_ord=0 planned_finish=157.39 actual_finish=187.39 dev=+30.00 injected=0.0
[charge_scheduler-1] [INFO] [1785329700.517123654] [charge_scheduler]: [执行事件] loop=open plan_v=0 C2 type=target_service target=5 station_ord=0 planned_finish=188.53 actual_finish=220.15 dev=+31.62 injected=0.0
[charge_scheduler-1] [INFO] [1785329700.517133890] [charge_scheduler]: [执行事件] loop=open plan_v=0 C1 type=target_service target=0 station_ord=0 planned_finish=193.38 actual_finish=224.15 dev=+30.76 injected=0.0
[charge_scheduler-1] [INFO] [1785329700.517141063] [charge_scheduler]: [执行事件] loop=open plan_v=0 C2 type=station_turnaround target=-1 station_ord=2 planned_finish=200.96 actual_finish=232.59 dev=+31.62 injected=0.0
[charge_scheduler-1] [INFO] [1785329700.517149773] [charge_scheduler]: [执行事件] loop=open plan_v=0 C1 type=target_service target=10 station_ord=0 planned_finish=229.95 actual_finish=262.99 dev=+33.03 injected=0.0
[charge_scheduler-1] [INFO] [1785329700.517157064] [charge_scheduler]: [执行事件] loop=open plan_v=0 C2 type=target_service target=16 station_ord=0 planned_finish=238.79 actual_finish=270.41 dev=+31.62 injected=0.0
[charge_scheduler-1] [INFO] [1785329700.517164119] [charge_scheduler]: [执行事件] loop=open plan_v=0 C1 type=station_turnaround target=-1 station_ord=2 planned_finish=241.61 actual_finish=274.64 dev=+33.03 injected=0.0
[charge_scheduler-1] [INFO] [1785329700.517172683] [charge_scheduler]: [执行事件] loop=open plan_v=0 C1 type=target_service target=19 station_ord=0 planned_finish=280.27 actual_finish=313.30 dev=+33.03 injected=0.0
[charge_scheduler-1] [INFO] [1785329700.517179837] [charge_scheduler]: [执行事件] loop=open plan_v=0 C2 type=target_service target=6 station_ord=0 planned_finish=282.80 actual_finish=314.42 dev=+31.62 injected=0.0
[charge_scheduler-1] [INFO] [1785329700.517186906] [charge_scheduler]: [执行事件] loop=open plan_v=0 C2 type=station_turnaround target=-1 station_ord=3 planned_finish=295.50 actual_finish=327.12 dev=+31.62 injected=0.0
[charge_scheduler-1] [INFO] [1785329700.517194168] [charge_scheduler]: [执行事件] loop=open plan_v=0 C1 type=target_service target=2 station_ord=0 planned_finish=325.64 actual_finish=359.18 dev=+33.54 injected=0.0
[charge_scheduler-1] [INFO] [1785329700.517201127] [charge_scheduler]: [执行事件] loop=open plan_v=0 C1 type=station_turnaround target=-1 station_ord=3 planned_finish=337.57 actual_finish=371.11 dev=+33.54 injected=0.0
[charge_scheduler-1] [INFO] [1785329700.517208386] [charge_scheduler]: [执行事件] loop=open plan_v=0 C2 type=target_service target=14 station_ord=0 planned_finish=342.09 actual_finish=373.92 dev=+31.83 injected=0.0
[charge_scheduler-1] [INFO] [1785329700.517220044] [charge_scheduler]: [执行事件] loop=open plan_v=0 C2 type=final_return target=-1 station_ord=0 planned_finish=345.86 actual_finish=377.69 dev=+31.83 injected=0.0
[charge_scheduler-1] [INFO] [1785329700.517227404] [charge_scheduler]: [执行事件] loop=open plan_v=0 C1 type=target_service target=17 station_ord=0 planned_finish=384.22 actual_finish=417.77 dev=+33.54 injected=0.0
[charge_scheduler-1] [INFO] [1785329700.517235248] [charge_scheduler]: [执行事件] loop=open plan_v=0 C1 type=final_return target=-1 station_ord=0 planned_finish=387.02 actual_finish=420.56 dev=+33.54 injected=0.0
[charge_scheduler-1] [INFO] [1785329700.517251314] [charge_scheduler]: [执行事件] loop=fixed plan_v=0 C1 type=target_service target=12 station_ord=0 planned_finish=8.58 actual_finish=8.58 dev=+0.00 injected=0.0
[charge_scheduler-1] [INFO] [1785329700.517258115] [charge_scheduler]: [执行事件] loop=fixed plan_v=0 C2 type=target_service target=4 station_ord=0 planned_finish=11.04 actual_finish=11.04 dev=+0.00 injected=0.0
[charge_scheduler-1] [INFO] [1785329700.517265144] [charge_scheduler]: [执行事件] loop=fixed plan_v=0 C2 type=target_service target=8 station_ord=0 planned_finish=27.46 actual_finish=27.46 dev=+0.00 injected=0.0
[charge_scheduler-1] [INFO] [1785329700.517271801] [charge_scheduler]: [执行事件] loop=fixed plan_v=0 C1 type=target_service target=15 station_ord=0 planned_finish=33.02 actual_finish=33.02 dev=+0.00 injected=0.0
[charge_scheduler-1] [INFO] [1785329700.517278496] [charge_scheduler]: [执行事件] loop=fixed plan_v=0 C2 type=target_service target=3 station_ord=0 planned_finish=53.05 actual_finish=53.05 dev=+0.00 injected=0.0
[charge_scheduler-1] [INFO] [1785329700.517287708] [charge_scheduler]: [执行事件] loop=fixed plan_v=0 C1 type=target_service target=7 station_ord=0 planned_finish=58.39 actual_finish=58.39 dev=+0.00 injected=0.0
[charge_scheduler-1] [INFO] [1785329700.517294787] [charge_scheduler]: [执行事件] loop=fixed plan_v=0 C1 type=target_service target=18 station_ord=0 planned_finish=82.05 actual_finish=82.05 dev=+0.00 injected=0.0
[charge_scheduler-1] [INFO] [1785329700.517301819] [charge_scheduler]: [执行事件] loop=fixed plan_v=0 C2 type=target_service target=11 station_ord=0 planned_finish=94.18 actual_finish=94.18 dev=+0.00 injected=0.0
[charge_scheduler-1] [INFO] [1785329700.517308819] [charge_scheduler]: [执行事件] loop=fixed plan_v=0 C1 type=target_service target=1 station_ord=0 planned_finish=107.54 actual_finish=107.54 dev=+0.00 injected=0.0
[charge_scheduler-1] [INFO] [1785329700.517317084] [charge_scheduler]: [执行事件] loop=fixed plan_v=0 C2 type=station_turnaround target=-1 station_ord=1 planned_finish=106.67 actual_finish=136.67 dev=+30.00 injected=30.0
[charge_scheduler-1] [WARN] [1785329700.756607796] [charge_scheduler]: [重调度事件] policy=fixed #1 t=136.67min trigger=C2/station_turnaround dev=+30.00 pool=11 committed=0 plan_v=1 solve_ms=239.2 changed_assign=0 changed_order=4
[charge_scheduler-1] [INFO] [1785329700.756658918] [charge_scheduler]: [执行事件] loop=fixed plan_v=0 C1 type=station_turnaround target=-1 station_ord=1 planned_finish=119.97 actual_finish=149.97 dev=+30.00 injected=30.0
[charge_scheduler-1] [WARN] [1785329700.977012176] [charge_scheduler]: [重调度事件] policy=fixed #2 t=149.97min trigger=C1/station_turnaround dev=+30.00 pool=10 committed=1 plan_v=2 solve_ms=220.3 changed_assign=0 changed_order=4
[charge_scheduler-1] [INFO] [1785329700.977058718] [charge_scheduler]: [执行事件] loop=fixed plan_v=1 C2 type=target_service target=13 station_ord=0 planned_finish=174.72 actual_finish=174.72 dev=+0.00 injected=0.0
[charge_scheduler-1] [INFO] [1785329700.977067463] [charge_scheduler]: [执行事件] loop=fixed plan_v=2 C1 type=target_service target=9 station_ord=0 planned_finish=187.39 actual_finish=187.39 dev=+0.00 injected=0.0
[charge_scheduler-1] [INFO] [1785329700.977073623] [charge_scheduler]: [执行事件] loop=fixed plan_v=2 C2 type=target_service target=5 station_ord=0 planned_finish=220.15 actual_finish=220.15 dev=+0.00 injected=0.0
[charge_scheduler-1] [INFO] [1785329700.977079957] [charge_scheduler]: [执行事件] loop=fixed plan_v=2 C1 type=target_service target=10 station_ord=0 planned_finish=224.37 actual_finish=224.37 dev=+0.00 injected=0.0
[charge_scheduler-1] [INFO] [1785329700.977109852] [charge_scheduler]: [执行事件] loop=fixed plan_v=2 C2 type=station_turnaround target=-1 station_ord=2 planned_finish=232.59 actual_finish=232.59 dev=+0.00 injected=0.0
[charge_scheduler-1] [INFO] [1785329700.977115787] [charge_scheduler]: [执行事件] loop=fixed plan_v=2 C1 type=target_service target=0 station_ord=0 planned_finish=260.49 actual_finish=260.49 dev=+0.00 injected=0.0
[charge_scheduler-1] [INFO] [1785329700.977121486] [charge_scheduler]: [执行事件] loop=fixed plan_v=2 C2 type=target_service target=16 station_ord=0 planned_finish=270.41 actual_finish=270.41 dev=+0.00 injected=0.0
[charge_scheduler-1] [INFO] [1785329700.977126838] [charge_scheduler]: [执行事件] loop=fixed plan_v=2 C1 type=station_turnaround target=-1 station_ord=2 planned_finish=271.35 actual_finish=271.35 dev=+0.00 injected=0.0
[charge_scheduler-1] [INFO] [1785329700.977132891] [charge_scheduler]: [执行事件] loop=fixed plan_v=2 C1 type=target_service target=19 station_ord=0 planned_finish=310.01 actual_finish=310.01 dev=+0.00 injected=0.0
[charge_scheduler-1] [INFO] [1785329700.977210196] [charge_scheduler]: [执行事件] loop=fixed plan_v=2 C2 type=target_service target=6 station_ord=0 planned_finish=314.42 actual_finish=314.42 dev=+0.00 injected=0.0
[charge_scheduler-1] [INFO] [1785329700.977215853] [charge_scheduler]: [执行事件] loop=fixed plan_v=2 C2 type=station_turnaround target=-1 station_ord=3 planned_finish=327.12 actual_finish=327.12 dev=+0.00 injected=0.0
[charge_scheduler-1] [INFO] [1785329700.977221291] [charge_scheduler]: [执行事件] loop=fixed plan_v=2 C1 type=target_service target=2 station_ord=0 planned_finish=355.89 actual_finish=355.89 dev=+0.00 injected=0.0
[charge_scheduler-1] [INFO] [1785329700.977226655] [charge_scheduler]: [执行事件] loop=fixed plan_v=2 C1 type=station_turnaround target=-1 station_ord=3 planned_finish=367.82 actual_finish=367.82 dev=+0.00 injected=0.0
[charge_scheduler-1] [INFO] [1785329700.977232180] [charge_scheduler]: [执行事件] loop=fixed plan_v=2 C2 type=target_service target=14 station_ord=0 planned_finish=373.92 actual_finish=373.92 dev=+0.00 injected=0.0
[charge_scheduler-1] [INFO] [1785329700.977237668] [charge_scheduler]: [执行事件] loop=fixed plan_v=2 C2 type=final_return target=-1 station_ord=0 planned_finish=377.69 actual_finish=377.69 dev=+0.00 injected=0.0
[charge_scheduler-1] [INFO] [1785329700.977243061] [charge_scheduler]: [执行事件] loop=fixed plan_v=2 C1 type=target_service target=17 station_ord=0 planned_finish=414.47 actual_finish=414.47 dev=+0.00 injected=0.0
[charge_scheduler-1] [INFO] [1785329700.977248154] [charge_scheduler]: [执行事件] loop=fixed plan_v=2 C1 type=final_return target=-1 station_ord=0 planned_finish=417.26 actual_finish=417.26 dev=+0.00 injected=0.0
[charge_scheduler-1] [INFO] [1785329700.977267386] [charge_scheduler]: [执行事件] loop=global plan_v=0 C1 type=target_service target=12 station_ord=0 planned_finish=8.58 actual_finish=8.58 dev=+0.00 injected=0.0
[charge_scheduler-1] [INFO] [1785329700.977272884] [charge_scheduler]: [执行事件] loop=global plan_v=0 C2 type=target_service target=4 station_ord=0 planned_finish=11.04 actual_finish=11.04 dev=+0.00 injected=0.0
[charge_scheduler-1] [INFO] [1785329700.977278443] [charge_scheduler]: [执行事件] loop=global plan_v=0 C2 type=target_service target=8 station_ord=0 planned_finish=27.46 actual_finish=27.46 dev=+0.00 injected=0.0
[charge_scheduler-1] [INFO] [1785329700.977283691] [charge_scheduler]: [执行事件] loop=global plan_v=0 C1 type=target_service target=15 station_ord=0 planned_finish=33.02 actual_finish=33.02 dev=+0.00 injected=0.0
[charge_scheduler-1] [INFO] [1785329700.977288970] [charge_scheduler]: [执行事件] loop=global plan_v=0 C2 type=target_service target=3 station_ord=0 planned_finish=53.05 actual_finish=53.05 dev=+0.00 injected=0.0
[charge_scheduler-1] [INFO] [1785329700.977294151] [charge_scheduler]: [执行事件] loop=global plan_v=0 C1 type=target_service target=7 station_ord=0 planned_finish=58.39 actual_finish=58.39 dev=+0.00 injected=0.0
[charge_scheduler-1] [INFO] [1785329700.977299453] [charge_scheduler]: [执行事件] loop=global plan_v=0 C1 type=target_service target=18 station_ord=0 planned_finish=82.05 actual_finish=82.05 dev=+0.00 injected=0.0
[charge_scheduler-1] [INFO] [1785329700.977304780] [charge_scheduler]: [执行事件] loop=global plan_v=0 C2 type=target_service target=11 station_ord=0 planned_finish=94.18 actual_finish=94.18 dev=+0.00 injected=0.0
[charge_scheduler-1] [INFO] [1785329700.977313871] [charge_scheduler]: [执行事件] loop=global plan_v=0 C1 type=target_service target=1 station_ord=0 planned_finish=107.54 actual_finish=107.54 dev=+0.00 injected=0.0
[charge_scheduler-1] [INFO] [1785329700.977319839] [charge_scheduler]: [执行事件] loop=global plan_v=0 C2 type=station_turnaround target=-1 station_ord=1 planned_finish=106.67 actual_finish=136.67 dev=+30.00 injected=30.0
[charge_scheduler-1] [WARN] [1785329701.552469580] [charge_scheduler]: [重调度事件] policy=global #1 t=136.67min trigger=C2/station_turnaround dev=+30.00 pool=11 committed=0 plan_v=1 solve_ms=575.1 changed_assign=2 changed_order=6
[charge_scheduler-1] [INFO] [1785329701.552515327] [charge_scheduler]: [执行事件] loop=global plan_v=0 C1 type=station_turnaround target=-1 station_ord=1 planned_finish=119.97 actual_finish=149.97 dev=+30.00 injected=30.0
[charge_scheduler-1] [WARN] [1785329702.055867013] [charge_scheduler]: [重调度事件] policy=global #2 t=149.97min trigger=C1/station_turnaround dev=+30.00 pool=10 committed=1 plan_v=2 solve_ms=503.3 changed_assign=5 changed_order=7
[charge_scheduler-1] [INFO] [1785329702.055911755] [charge_scheduler]: [执行事件] loop=global plan_v=1 C2 type=target_service target=13 station_ord=0 planned_finish=174.72 actual_finish=174.72 dev=+0.00 injected=0.0
[charge_scheduler-1] [INFO] [1785329702.055921346] [charge_scheduler]: [执行事件] loop=global plan_v=2 C1 type=target_service target=9 station_ord=0 planned_finish=187.39 actual_finish=187.39 dev=+0.00 injected=0.0
[charge_scheduler-1] [INFO] [1785329702.055927601] [charge_scheduler]: [执行事件] loop=global plan_v=2 C2 type=target_service target=0 station_ord=0 planned_finish=213.19 actual_finish=213.19 dev=+0.00 injected=0.0
[charge_scheduler-1] [INFO] [1785329702.055933953] [charge_scheduler]: [执行事件] loop=global plan_v=2 C1 type=target_service target=16 station_ord=0 planned_finish=223.87 actual_finish=223.87 dev=+0.00 injected=0.0
[charge_scheduler-1] [INFO] [1785329702.055939946] [charge_scheduler]: [执行事件] loop=global plan_v=2 C2 type=station_turnaround target=-1 station_ord=2 planned_finish=224.04 actual_finish=224.04 dev=+0.00 injected=0.0
[charge_scheduler-1] [INFO] [1785329702.055945597] [charge_scheduler]: [执行事件] loop=global plan_v=2 C1 type=station_turnaround target=-1 station_ord=2 planned_finish=236.59 actual_finish=236.59 dev=+0.00 injected=0.0
[charge_scheduler-1] [INFO] [1785329702.055950997] [charge_scheduler]: [执行事件] loop=global plan_v=2 C2 type=target_service target=10 station_ord=0 planned_finish=263.42 actual_finish=263.42 dev=+0.00 injected=0.0
[charge_scheduler-1] [INFO] [1785329702.055956552] [charge_scheduler]: [执行事件] loop=global plan_v=2 C1 type=target_service target=19 station_ord=0 planned_finish=275.19 actual_finish=275.19 dev=+0.00 injected=0.0
[charge_scheduler-1] [INFO] [1785329702.055962024] [charge_scheduler]: [执行事件] loop=global plan_v=2 C2 type=target_service target=6 station_ord=0 planned_finish=309.46 actual_finish=309.46 dev=+0.00 injected=0.0
[charge_scheduler-1] [INFO] [1785329702.055967354] [charge_scheduler]: [执行事件] loop=global plan_v=2 C1 type=target_service target=5 station_ord=0 planned_finish=319.25 actual_finish=319.25 dev=+0.00 injected=0.0
[charge_scheduler-1] [INFO] [1785329702.055973377] [charge_scheduler]: [执行事件] loop=global plan_v=2 C2 type=station_turnaround target=-1 station_ord=3 planned_finish=322.16 actual_finish=322.16 dev=+0.00 injected=0.0
[charge_scheduler-1] [INFO] [1785329702.055978978] [charge_scheduler]: [执行事件] loop=global plan_v=2 C1 type=station_turnaround target=-1 station_ord=3 planned_finish=331.68 actual_finish=331.68 dev=+0.00 injected=0.0
[charge_scheduler-1] [INFO] [1785329702.055984538] [charge_scheduler]: [执行事件] loop=global plan_v=2 C2 type=target_service target=2 station_ord=0 planned_finish=367.95 actual_finish=367.95 dev=+0.00 injected=0.0
[charge_scheduler-1] [INFO] [1785329702.055990135] [charge_scheduler]: [执行事件] loop=global plan_v=2 C1 type=target_service target=14 station_ord=0 planned_finish=378.49 actual_finish=378.49 dev=+0.00 injected=0.0
[charge_scheduler-1] [INFO] [1785329702.055995745] [charge_scheduler]: [执行事件] loop=global plan_v=2 C1 type=final_return target=-1 station_ord=0 planned_finish=382.25 actual_finish=382.25 dev=+0.00 injected=0.0
[charge_scheduler-1] [INFO] [1785329702.056016161] [charge_scheduler]: [执行事件] loop=global plan_v=2 C2 type=target_service target=17 station_ord=0 planned_finish=413.02 actual_finish=413.02 dev=+0.00 injected=0.0
[charge_scheduler-1] [INFO] [1785329702.056021809] [charge_scheduler]: [执行事件] loop=global plan_v=2 C2 type=final_return target=-1 station_ord=0 planned_finish=415.81 actual_finish=415.81 dev=+0.00 injected=0.0
[charge_scheduler-1] [INFO] [1785329702.056033456] [charge_scheduler]: ★闭环实验结果 mode=open M=20 K=2 disturbance=station delay=30.0 seed=10 N_late=11 T_overtime=393.748 C_total=3922.484 makespan=420.558 served=20 energy_viol=2 reschedules=0 reschedule_ms=0.000 changed_assign=0 changed_order=0 applied_target=0 applied_station=2 initial_solve_ms=13067.145 objective_order=Tover,Nlate,Ctotal
[charge_scheduler-1] [INFO] [1785329702.056043753] [charge_scheduler]: ★闭环实验结果 mode=fixed M=20 K=2 disturbance=station delay=30.0 seed=10 N_late=10 T_overtime=416.476 C_total=3882.994 makespan=417.265 served=20 energy_viol=0 reschedules=2 reschedule_ms=459.535 changed_assign=0 changed_order=8 applied_target=0 applied_station=2 initial_solve_ms=13067.145 objective_order=Tover,Nlate,Ctotal
[charge_scheduler-1] [INFO] [1785329702.056051426] [charge_scheduler]: ★闭环实验收益 policy=fixed M=20 K=2 disturbance=station delay=30.0 seed=10 recovered_late=1 overtime_reduction=-22.728 distance_delta=-39.489 makespan_reduction=3.293
[charge_scheduler-1] [INFO] [1785329702.056057159] [charge_scheduler]: ★闭环实验结果 mode=closed M=20 K=2 disturbance=station delay=30.0 seed=10 N_late=10 T_overtime=402.148 C_total=3914.935 makespan=415.812 served=20 energy_viol=0 reschedules=2 reschedule_ms=1078.444 changed_assign=7 changed_order=13 applied_target=0 applied_station=2 initial_solve_ms=13067.145 objective_order=Tover,Nlate,Ctotal
[charge_scheduler-1] [INFO] [1785329702.056064731] [charge_scheduler]: ★闭环实验收益 policy=closed M=20 K=2 disturbance=station delay=30.0 seed=10 recovered_late=1 overtime_reduction=-8.400 distance_delta=-7.549 makespan_reduction=4.746
