[INFO] [launch]: All log files can be found below /root/.ros/log/2026-07-29-14-19-32-978187-YYYY-24714
[INFO] [launch]: Default logging verbosity is set to INFO
[INFO] [charge_scheduler-1]: process started with pid [24715]
[charge_scheduler-1] [INFO] [1785334773.127049424] [charge_scheduler]: [目标顺序] objective_order=Tover,Nlate,Ctotal
[charge_scheduler-1] [INFO] [1785334773.129485867] [charge_scheduler]: [Scheduler] 30辆车 | 电池800.0kWh(20%=160.0 80%=640.0) | 充电360kW效率97% | 行驶0.6kWh/km | 桩350kW
[charge_scheduler-1] [INFO] [1785334773.129528339] [charge_scheduler]: [Scheduler] 站端周转: 换电 10 min(换后满电) | 单趟可用 640 kWh
[charge_scheduler-1] [INFO] [1785334773.129541650] [charge_scheduler]:   车#0 [电动装载机282|light] 位置(-47.3,-2.6) 容量282kWh 剩余35% | α=6→6min/% τ=168min → 需130.8kWh(充21.2min)
[charge_scheduler-1] [INFO] [1785334773.129555387] [charge_scheduler]:   车#1 [重型叉车|light] 位置(-44.0,-64.1) 容量200kWh 剩余20% | α=6→6min/% τ=96min → 需123.7kWh(充20.0min)
[charge_scheduler-1] [INFO] [1785334773.129567378] [charge_scheduler]:   车#2 [电动装载机350|light] 位置(-51.1,-38.8) 容量350kWh 剩余50% | α=6→6min/% τ=288min → 需108.2kWh(充17.5min)
[charge_scheduler-1] [INFO] [1785334773.129579185] [charge_scheduler]:   车#3 [重型叉车|light] 位置(-71.0,-19.0) 容量200kWh 剩余10% | α=6→6min/% τ=32min → 需144.3kWh(充23.3min)
[charge_scheduler-1] [INFO] [1785334773.129590829] [charge_scheduler]:   车#4 [电动装载机282|heavy→降级] 位置(-93.3,6.6) 容量282kWh 剩余60% | α=3→6min/% τ=212min → 需58.1kWh(充9.4min)
[charge_scheduler-1] [INFO] [1785334773.129602456] [charge_scheduler]:   车#5 [电动装载机350|light] 位置(-104.4,47.7) 容量350kWh 剩余25% | α=6→6min/% τ=128min → 需198.5kWh(充32.1min)
[charge_scheduler-1] [INFO] [1785334773.129616229] [charge_scheduler]:   车#6 [电动装载机350|heavy→降级] 位置(-37.0,-75.1) 容量350kWh 剩余40% | α=4→6min/% τ=176min → 需144.3kWh(充23.3min)
[charge_scheduler-1] [INFO] [1785334773.129628695] [charge_scheduler]:   车#7 [重型叉车|light] 位置(-88.8,-37.1) 容量200kWh 剩余15% | α=6→6min/% τ=64min → 需134.0kWh(充21.7min)
[charge_scheduler-1] [INFO] [1785334773.129639979] [charge_scheduler]:   车#8 [电动装载机282|heavy→降级] 位置(-70.9,27.7) 容量282kWh 剩余55% | α=3→6min/% τ=196min → 需72.7kWh(充11.8min)
[charge_scheduler-1] [INFO] [1785334773.129651133] [charge_scheduler]:   车#9 [电动装载机282|heavy→降级] 位置(-35.4,-47.4) 容量282kWh 剩余30% | α=3→6min/% τ=116min → 需145.4kWh(充23.5min)
[charge_scheduler-1] [INFO] [1785334773.129661898] [charge_scheduler]:   车#10 [电动装载机282|light] 位置(-100.0,-1.0) 容量282kWh 剩余45% | α=6→6min/% τ=224min → 需101.8kWh(充16.4min)
[charge_scheduler-1] [INFO] [1785334773.129673047] [charge_scheduler]:   车#11 [电动装载机350|light] 位置(-72.8,-15.6) 容量350kWh 剩余18% | α=6→6min/% τ=83min → 需223.7kWh(充36.2min)
[charge_scheduler-1] [INFO] [1785334773.129687777] [charge_scheduler]:   车#12 [重型叉车|heavy→降级] 位置(-61.7,-20.7) 容量200kWh 剩余62% | α=3→6min/% τ=230min → 需37.1kWh(充6.0min)
[charge_scheduler-1] [INFO] [1785334773.129698879] [charge_scheduler]:   车#13 [电动装载机282|light] 位置(-133.0,-25.3) 容量282kWh 剩余28% | α=6→6min/% τ=129min → 需151.2kWh(充24.4min)
[charge_scheduler-1] [INFO] [1785334773.129709851] [charge_scheduler]:   车#14 [电动装载机350|light] 位置(-132.0,-8.9) 容量350kWh 剩余52% | α=6→6min/% τ=301min → 需101.0kWh(充16.3min)
[charge_scheduler-1] [INFO] [1785334773.129720421] [charge_scheduler]:   车#15 [重型叉车|light] 位置(-120.0,7.9) 容量200kWh 剩余12% | α=6→6min/% τ=45min → 需140.2kWh(充22.7min)
[charge_scheduler-1] [INFO] [1785334773.129731296] [charge_scheduler]:   车#16 [电动装载机282|light] 位置(-43.8,-82.9) 容量282kWh 剩余38% | α=6→6min/% τ=185min → 需122.1kWh(充19.7min)
[charge_scheduler-1] [INFO] [1785334773.129742305] [charge_scheduler]:   车#17 [电动装载机350|light] 位置(-31.1,-74.7) 容量350kWh 剩余58% | α=6→6min/% τ=339min → 需79.4kWh(充12.8min)
[charge_scheduler-1] [INFO] [1785334773.129753239] [charge_scheduler]:   车#18 [重型叉车|heavy→降级] 位置(-75.4,-68.2) 容量200kWh 剩余22% | α=3→6min/% τ=102min → 需119.6kWh(充19.3min)
[charge_scheduler-1] [INFO] [1785334773.129775509] [charge_scheduler]:   车#19 [电动装载机282|light] 位置(-88.2,47.1) 容量282kWh 剩余48% | α=6→6min/% τ=241min → 需93.0kWh(充15.0min)
[charge_scheduler-1] [INFO] [1785334773.129790220] [charge_scheduler]:   车#20 [电动装载机350|light] 位置(-71.4,16.3) 容量350kWh 剩余33% | α=6→6min/% τ=179min → 需169.6kWh(充27.4min)
[charge_scheduler-1] [INFO] [1785334773.129832986] [charge_scheduler]:   车#21 [重型叉车|heavy→降级] 位置(-122.0,-0.6) 容量200kWh 剩余65% | α=3→6min/% τ=240min → 需30.9kWh(充5.0min)
[charge_scheduler-1] [INFO] [1785334773.129850237] [charge_scheduler]:   车#22 [电动装载机282|light] 位置(-71.6,11.6) 容量282kWh 剩余16% | α=6→6min/% τ=62min → 需186.1kWh(充30.1min)
[charge_scheduler-1] [INFO] [1785334773.129868078] [charge_scheduler]:   车#23 [电动装载机350|light] 位置(-131.0,37.2) 容量350kWh 剩余42% | α=6→6min/% τ=237min → 需137.1kWh(充22.2min)
[charge_scheduler-1] [INFO] [1785334773.129886314] [charge_scheduler]:   车#24 [重型叉车|heavy→降级] 位置(-51.3,5.9) 容量200kWh 剩余25% | α=3→6min/% τ=112min → 需113.4kWh(充18.3min)
[charge_scheduler-1] [INFO] [1785334773.129903281] [charge_scheduler]:   车#25 [电动装载机282|light] 位置(-62.2,-10.7) 容量282kWh 剩余55% | α=6→6min/% τ=280min → 需72.7kWh(充11.8min)
[charge_scheduler-1] [INFO] [1785334773.129921511] [charge_scheduler]:   车#26 [电动装载机350|light] 位置(-116.0,60.4) 容量350kWh 剩余30% | α=6→6min/% τ=160min → 需180.4kWh(充29.2min)
[charge_scheduler-1] [INFO] [1785334773.129937991] [charge_scheduler]:   车#27 [重型叉车|heavy→降级] 位置(-90.4,60.5) 容量200kWh 剩余68% | α=3→6min/% τ=250min → 需24.7kWh(充4.0min)
[charge_scheduler-1] [INFO] [1785334773.129954133] [charge_scheduler]:   车#28 [电动装载机282|light] 位置(-85.5,-46.0) 容量282kWh 剩余20% | α=6→6min/% τ=84min → 需174.4kWh(充28.2min)
[charge_scheduler-1] [INFO] [1785334773.129971066] [charge_scheduler]:   车#29 [电动装载机350|light] 位置(-87.0,-36.6) 容量350kWh 剩余36% | α=6→6min/% τ=198min → 需158.8kWh(充25.7min)
[charge_scheduler-1] [INFO] [1785334773.140402181] [charge_scheduler]: [Scheduler] 闭环接口: threshold=10.0min | event_sim=on | policy=all | structured_feedback=optional (/task_planner/execution_event)
[charge_scheduler-1] [INFO] [1785334773.140432913] [charge_scheduler]: [Scheduler] 已启动, 等待地图...
[charge_scheduler-1] [INFO] [1785334773.198577338] [charge_scheduler]: [Scheduler] RoutingGraph 就绪
[charge_scheduler-1] [INFO] [1785334773.198821481] [charge_scheduler]: [Scheduler] 提取到 6 条虚线捷径
[charge_scheduler-1] [INFO] [1785334773.212597335] [charge_scheduler]: [Scheduler] 下层兼容增强图: 166 节点, 6 条虚线掉头边
[charge_scheduler-1] [INFO] [1785334780.277407376] [charge_scheduler]: [Scheduler] 距离矩阵完成 31x31, 7064.7 ms | 模式=maneuver | 真实不可达=0 抽象不可达=0 | 缺少对向投影节点=0
[charge_scheduler-1] [INFO] [1785334780.277524989] [charge_scheduler]:   ✓ 比值自检：930 个 OD 满足 机动/直线≥1 | 均值=2.97 最大=42.81 (车#15→车#21)
[charge_scheduler-1] [INFO] [1785334780.277538338] [charge_scheduler]: [Scheduler] 地图就绪, 166 条 lanelet（与下层一致）
[charge_scheduler-1] [INFO] [1785334780.277607710] [charge_scheduler]: ======== 开始VRPTW调度 30 辆车 ========
[charge_scheduler-1] [INFO] [1785334780.277615184] [charge_scheduler]:   规模30>8 → 启发式(alns)
[charge_scheduler-1] [INFO] [1785334832.004807552] [charge_scheduler]: [ALNS] objective_order=Tover,Nlate,Ctotal seed=9 iters=15000 | N_late=5(成功率83.3%) T_overtime=148.2min C_total=5740.9m | 趟数=11 makespan=377.9min
[charge_scheduler-1] [INFO] [1785334832.004875712] [charge_scheduler]:   求解耗时 51727.3 ms
[charge_scheduler-1] [INFO] [1785334832.004884776] [charge_scheduler]: ════════ 调度结果 ════════
[charge_scheduler-1] [INFO] [1785334832.004890306] [charge_scheduler]:   ★目标(字典序): objective_order=Tover,Nlate,Ctotal | N_late=5 辆 (按时成功率 25/30 = 83.3%)  T_overtime=148.2min  C_total=5740.9m
[charge_scheduler-1] [INFO] [1785334832.004898413] [charge_scheduler]:   附: 趟数=11 | makespan=377.9min | 能量可行=是
[charge_scheduler-1] [INFO] [1785334832.004910799] [charge_scheduler]:   [充电车2] 趟1: 站 → 车#9(到2.2/限116.0✓) → 车#3(到27.9/限32.0✓) → 车#11(到52.8/限83.2✓) → 站
[charge_scheduler-1] [INFO] [1785334832.004919875] [charge_scheduler]:   [充电车1] 趟2: 站 → 车#27(到2.1/限249.6✓) → 车#21(到8.2/限240.0✓) → 车#12(到16.2/限230.4✓) → 车#15(到25.1/限44.8✓) → 车#7(到50.9/限64.0✓) → 车#28(到75.5/限84.0✓) → 站
[charge_scheduler-1] [INFO] [1785334832.004956817] [charge_scheduler]:   [充电车3] 趟3: 站 → 车#4(到1.4/限212.0✓) → 车#8(到13.7/限196.0✓) → 车#22(到27.8/限61.6✓) → 车#18(到61.6/限102.4✓) → 车#1(到85.6/限96.0✓) → 站
[charge_scheduler-1] [INFO] [1785334832.004966782] [charge_scheduler]:   [充电车3] 趟4: 站 → 车#5(到125.6/限128.0✓) → 车#20(到170.3/限179.2✓) → 站
[charge_scheduler-1] [INFO] [1785334832.004973527] [charge_scheduler]:   [充电车2] 趟5: 站 → 车#24(到107.1/限112.0✓) → 车#26(到133.6/限160.0✓) → 车#16(到178.7/限184.8✓) → 站
[charge_scheduler-1] [INFO] [1785334832.004979641] [charge_scheduler]:   [充电车1] 趟6: 站 → 车#13(到124.9/限128.8✓) → 车#0(到163.0/限168.0✓) → 车#10(到201.5/限224.0✓) → 站
[charge_scheduler-1] [INFO] [1785334832.004984972] [charge_scheduler]:   [充电车2] 趟7: 站 → 车#6(到229.0/限176.0✗超时) → 车#25(到274.2/限280.0✓) → 站
[charge_scheduler-1] [INFO] [1785334832.004990340] [charge_scheduler]:   [充电车3] 趟8: 站 → 车#29(到226.5/限198.4✗超时) → 车#23(到272.3/限236.8✗超时) → 站
[charge_scheduler-1] [INFO] [1785334832.004995685] [charge_scheduler]:   [充电车1] 趟9: 站 → 车#19(到249.9/限240.8✗超时) → 车#2(到287.3/限288.0✓) → 站
[charge_scheduler-1] [INFO] [1785334832.005000642] [charge_scheduler]:   [充电车2] 趟10: 站 → 车#14(到323.3/限300.8✗超时) → 站
[charge_scheduler-1] [INFO] [1785334832.005005681] [charge_scheduler]:   [充电车3] 趟11: 站 → 车#17(到332.0/限339.2✓) → 站
[charge_scheduler-1] [INFO] [1785334832.005009736] [charge_scheduler]: ════════════════════════
[charge_scheduler-1] [INFO] [1785334832.005077559] [charge_scheduler]: [扰动清单] type=station delay=60.0min targets={} station={C1-S1,C2-S1,}
[charge_scheduler-1] [INFO] [1785334832.005093819] [charge_scheduler]: [执行事件] loop=open plan_v=0 C1 type=target_service target=27 station_ord=0 planned_finish=6.36 actual_finish=6.36 dev=+0.00 injected=0.0
[charge_scheduler-1] [INFO] [1785334832.005101689] [charge_scheduler]: [执行事件] loop=open plan_v=0 C3 type=target_service target=4 station_ord=0 planned_finish=11.04 actual_finish=11.04 dev=+0.00 injected=0.0
[charge_scheduler-1] [INFO] [1785334832.005108364] [charge_scheduler]: [执行事件] loop=open plan_v=0 C1 type=target_service target=21 station_ord=0 planned_finish=14.00 actual_finish=14.00 dev=+0.00 injected=0.0
[charge_scheduler-1] [INFO] [1785334832.005114578] [charge_scheduler]: [执行事件] loop=open plan_v=0 C1 type=target_service target=12 station_ord=0 planned_finish=23.83 actual_finish=23.83 dev=+0.00 injected=0.0
[charge_scheduler-1] [INFO] [1785334832.005120612] [charge_scheduler]: [执行事件] loop=open plan_v=0 C2 type=target_service target=9 station_ord=0 planned_finish=25.99 actual_finish=25.99 dev=+0.00 injected=0.0
[charge_scheduler-1] [INFO] [1785334832.005128030] [charge_scheduler]: [执行事件] loop=open plan_v=0 C3 type=target_service target=8 station_ord=0 planned_finish=27.46 actual_finish=27.46 dev=+0.00 injected=0.0
[charge_scheduler-1] [INFO] [1785334832.005133660] [charge_scheduler]: [执行事件] loop=open plan_v=0 C1 type=target_service target=15 station_ord=0 planned_finish=49.07 actual_finish=49.07 dev=+0.00 injected=0.0
[charge_scheduler-1] [INFO] [1785334832.005139613] [charge_scheduler]: [执行事件] loop=open plan_v=0 C2 type=target_service target=3 station_ord=0 planned_finish=52.69 actual_finish=52.69 dev=+0.00 injected=0.0
[charge_scheduler-1] [INFO] [1785334832.005145536] [charge_scheduler]: [执行事件] loop=open plan_v=0 C3 type=target_service target=22 station_ord=0 planned_finish=60.21 actual_finish=60.21 dev=+0.00 injected=0.0
[charge_scheduler-1] [INFO] [1785334832.005151376] [charge_scheduler]: [执行事件] loop=open plan_v=0 C1 type=target_service target=7 station_ord=0 planned_finish=75.27 actual_finish=75.27 dev=+0.00 injected=0.0
[charge_scheduler-1] [INFO] [1785334832.005157212] [charge_scheduler]: [执行事件] loop=open plan_v=0 C3 type=target_service target=18 station_ord=0 planned_finish=84.42 actual_finish=84.42 dev=+0.00 injected=0.0
[charge_scheduler-1] [INFO] [1785334832.005163000] [charge_scheduler]: [执行事件] loop=open plan_v=0 C2 type=target_service target=11 station_ord=0 planned_finish=93.80 actual_finish=93.80 dev=+0.00 injected=0.0
[charge_scheduler-1] [INFO] [1785334832.005170357] [charge_scheduler]: [执行事件] loop=open plan_v=0 C3 type=target_service target=1 station_ord=0 planned_finish=110.04 actual_finish=110.04 dev=+0.00 injected=0.0
[charge_scheduler-1] [INFO] [1785334832.005178753] [charge_scheduler]: [执行事件] loop=open plan_v=0 C1 type=target_service target=28 station_ord=0 planned_finish=110.06 actual_finish=110.06 dev=+0.00 injected=0.0
[charge_scheduler-1] [INFO] [1785334832.005185700] [charge_scheduler]: [执行事件] loop=open plan_v=0 C3 type=station_turnaround target=-1 station_ord=1 planned_finish=122.47 actual_finish=122.47 dev=+0.00 injected=0.0
[charge_scheduler-1] [INFO] [1785334832.005191506] [charge_scheduler]: [执行事件] loop=open plan_v=0 C2 type=station_turnaround target=-1 station_ord=1 planned_finish=106.28 actual_finish=166.28 dev=+60.00 injected=60.0
[charge_scheduler-1] [INFO] [1785334832.005197688] [charge_scheduler]: [执行事件] loop=open plan_v=0 C3 type=target_service target=5 station_ord=0 planned_finish=169.18 actual_finish=169.18 dev=+0.00 injected=0.0
[charge_scheduler-1] [INFO] [1785334832.005202992] [charge_scheduler]: [执行事件] loop=open plan_v=0 C1 type=station_turnaround target=-1 station_ord=1 planned_finish=122.09 actual_finish=182.09 dev=+60.00 injected=60.0
[charge_scheduler-1] [INFO] [1785334832.005209020] [charge_scheduler]: [执行事件] loop=open plan_v=0 C2 type=target_service target=24 station_ord=0 planned_finish=131.85 actual_finish=192.10 dev=+60.26 injected=0.0
[charge_scheduler-1] [INFO] [1785334832.005214740] [charge_scheduler]: [执行事件] loop=open plan_v=0 C3 type=target_service target=20 station_ord=0 planned_finish=213.25 actual_finish=213.25 dev=+0.00 injected=0.0
[charge_scheduler-1] [INFO] [1785334832.005220224] [charge_scheduler]: [执行事件] loop=open plan_v=0 C1 type=target_service target=13 station_ord=0 planned_finish=159.81 actual_finish=220.14 dev=+60.33 injected=0.0
[charge_scheduler-1] [INFO] [1785334832.005225753] [charge_scheduler]: [执行事件] loop=open plan_v=0 C3 type=station_turnaround target=-1 station_ord=2 planned_finish=224.65 actual_finish=224.65 dev=+0.00 injected=0.0
[charge_scheduler-1] [INFO] [1785334832.005231220] [charge_scheduler]: [执行事件] loop=open plan_v=0 C2 type=target_service target=26 station_ord=0 planned_finish=174.99 actual_finish=237.65 dev=+62.66 injected=0.0
[charge_scheduler-1] [INFO] [1785334832.005236819] [charge_scheduler]: [执行事件] loop=open plan_v=0 C1 type=target_service target=0 station_ord=0 planned_finish=197.86 actual_finish=258.61 dev=+60.75 injected=0.0
[charge_scheduler-1] [INFO] [1785334832.005242719] [charge_scheduler]: [执行事件] loop=open plan_v=0 C3 type=target_service target=29 station_ord=0 planned_finish=270.29 actual_finish=270.29 dev=+0.00 injected=0.0
[charge_scheduler-1] [INFO] [1785334832.005248312] [charge_scheduler]: [执行事件] loop=open plan_v=0 C2 type=target_service target=16 station_ord=0 planned_finish=213.43 actual_finish=276.60 dev=+63.17 injected=0.0
[charge_scheduler-1] [INFO] [1785334832.005254142] [charge_scheduler]: [执行事件] loop=open plan_v=0 C2 type=station_turnaround target=-1 station_ord=2 planned_finish=226.15 actual_finish=289.32 dev=+63.17 injected=0.0
[charge_scheduler-1] [INFO] [1785334832.005260228] [charge_scheduler]: [执行事件] loop=open plan_v=0 C1 type=target_service target=10 station_ord=0 planned_finish=234.81 actual_finish=297.45 dev=+62.64 injected=0.0
[charge_scheduler-1] [INFO] [1785334832.005265947] [charge_scheduler]: [执行事件] loop=open plan_v=0 C1 type=station_turnaround target=-1 station_ord=2 planned_finish=246.46 actual_finish=309.10 dev=+62.64 injected=0.0
[charge_scheduler-1] [INFO] [1785334832.005271626] [charge_scheduler]: [执行事件] loop=open plan_v=0 C3 type=target_service target=23 station_ord=0 planned_finish=316.01 actual_finish=316.01 dev=+0.00 injected=0.0
[charge_scheduler-1] [INFO] [1785334832.005277108] [charge_scheduler]: [执行事件] loop=open plan_v=0 C3 type=station_turnaround target=-1 station_ord=3 planned_finish=329.07 actual_finish=329.07 dev=+0.00 injected=0.0
[charge_scheduler-1] [INFO] [1785334832.005282608] [charge_scheduler]: [执行事件] loop=open plan_v=0 C2 type=target_service target=6 station_ord=0 planned_finish=272.71 actual_finish=335.88 dev=+63.17 injected=0.0
[charge_scheduler-1] [INFO] [1785334832.005288344] [charge_scheduler]: [执行事件] loop=open plan_v=0 C1 type=target_service target=19 station_ord=0 planned_finish=285.13 actual_finish=347.77 dev=+62.64 injected=0.0
[charge_scheduler-1] [INFO] [1785334832.005295103] [charge_scheduler]: [执行事件] loop=open plan_v=0 C2 type=target_service target=25 station_ord=0 planned_finish=308.99 actual_finish=372.65 dev=+63.66 injected=0.0
[charge_scheduler-1] [INFO] [1785334832.005300833] [charge_scheduler]: [执行事件] loop=open plan_v=0 C3 type=target_service target=17 station_ord=0 planned_finish=375.07 actual_finish=375.07 dev=+0.00 injected=0.0
[charge_scheduler-1] [INFO] [1785334832.005306248] [charge_scheduler]: [执行事件] loop=open plan_v=0 C3 type=final_return target=-1 station_ord=0 planned_finish=377.86 actual_finish=377.86 dev=+0.00 injected=0.0
[charge_scheduler-1] [INFO] [1785334832.005311410] [charge_scheduler]: [执行事件] loop=open plan_v=0 C2 type=station_turnaround target=-1 station_ord=3 planned_finish=320.27 actual_finish=383.92 dev=+63.66 injected=0.0
[charge_scheduler-1] [INFO] [1785334832.005316899] [charge_scheduler]: [执行事件] loop=open plan_v=0 C1 type=target_service target=2 station_ord=0 planned_finish=330.94 actual_finish=393.65 dev=+62.71 injected=0.0
[charge_scheduler-1] [INFO] [1785334832.005322502] [charge_scheduler]: [执行事件] loop=open plan_v=0 C1 type=final_return target=-1 station_ord=0 planned_finish=332.87 actual_finish=395.57 dev=+62.71 injected=0.0
[charge_scheduler-1] [INFO] [1785334832.005327740] [charge_scheduler]: [执行事件] loop=open plan_v=0 C2 type=target_service target=14 station_ord=0 planned_finish=367.07 actual_finish=430.73 dev=+63.66 injected=0.0
[charge_scheduler-1] [INFO] [1785334832.005333083] [charge_scheduler]: [执行事件] loop=open plan_v=0 C2 type=final_return target=-1 station_ord=0 planned_finish=370.84 actual_finish=434.49 dev=+63.66 injected=0.0
[charge_scheduler-1] [INFO] [1785334832.005345683] [charge_scheduler]: [执行事件] loop=fixed plan_v=0 C1 type=target_service target=27 station_ord=0 planned_finish=6.36 actual_finish=6.36 dev=+0.00 injected=0.0
[charge_scheduler-1] [INFO] [1785334832.005351185] [charge_scheduler]: [执行事件] loop=fixed plan_v=0 C3 type=target_service target=4 station_ord=0 planned_finish=11.04 actual_finish=11.04 dev=+0.00 injected=0.0
[charge_scheduler-1] [INFO] [1785334832.005356610] [charge_scheduler]: [执行事件] loop=fixed plan_v=0 C1 type=target_service target=21 station_ord=0 planned_finish=14.00 actual_finish=14.00 dev=+0.00 injected=0.0
[charge_scheduler-1] [INFO] [1785334832.005362086] [charge_scheduler]: [执行事件] loop=fixed plan_v=0 C1 type=target_service target=12 station_ord=0 planned_finish=23.83 actual_finish=23.83 dev=+0.00 injected=0.0
[charge_scheduler-1] [INFO] [1785334832.005367401] [charge_scheduler]: [执行事件] loop=fixed plan_v=0 C2 type=target_service target=9 station_ord=0 planned_finish=25.99 actual_finish=25.99 dev=+0.00 injected=0.0
[charge_scheduler-1] [INFO] [1785334832.005372675] [charge_scheduler]: [执行事件] loop=fixed plan_v=0 C3 type=target_service target=8 station_ord=0 planned_finish=27.46 actual_finish=27.46 dev=+0.00 injected=0.0
[charge_scheduler-1] [INFO] [1785334832.005379139] [charge_scheduler]: [执行事件] loop=fixed plan_v=0 C1 type=target_service target=15 station_ord=0 planned_finish=49.07 actual_finish=49.07 dev=+0.00 injected=0.0
[charge_scheduler-1] [INFO] [1785334832.005384879] [charge_scheduler]: [执行事件] loop=fixed plan_v=0 C2 type=target_service target=3 station_ord=0 planned_finish=52.69 actual_finish=52.69 dev=+0.00 injected=0.0
[charge_scheduler-1] [INFO] [1785334832.005390088] [charge_scheduler]: [执行事件] loop=fixed plan_v=0 C3 type=target_service target=22 station_ord=0 planned_finish=60.21 actual_finish=60.21 dev=+0.00 injected=0.0
[charge_scheduler-1] [INFO] [1785334832.005395508] [charge_scheduler]: [执行事件] loop=fixed plan_v=0 C1 type=target_service target=7 station_ord=0 planned_finish=75.27 actual_finish=75.27 dev=+0.00 injected=0.0
[charge_scheduler-1] [INFO] [1785334832.005400889] [charge_scheduler]: [执行事件] loop=fixed plan_v=0 C3 type=target_service target=18 station_ord=0 planned_finish=84.42 actual_finish=84.42 dev=+0.00 injected=0.0
[charge_scheduler-1] [INFO] [1785334832.005406309] [charge_scheduler]: [执行事件] loop=fixed plan_v=0 C2 type=target_service target=11 station_ord=0 planned_finish=93.80 actual_finish=93.80 dev=+0.00 injected=0.0
[charge_scheduler-1] [INFO] [1785334832.005411939] [charge_scheduler]: [执行事件] loop=fixed plan_v=0 C3 type=target_service target=1 station_ord=0 planned_finish=110.04 actual_finish=110.04 dev=+0.00 injected=0.0
[charge_scheduler-1] [INFO] [1785334832.005418835] [charge_scheduler]: [执行事件] loop=fixed plan_v=0 C1 type=target_service target=28 station_ord=0 planned_finish=110.06 actual_finish=110.06 dev=+0.00 injected=0.0
[charge_scheduler-1] [INFO] [1785334832.005424489] [charge_scheduler]: [执行事件] loop=fixed plan_v=0 C3 type=station_turnaround target=-1 station_ord=1 planned_finish=122.47 actual_finish=122.47 dev=+0.00 injected=0.0
[charge_scheduler-1] [INFO] [1785334832.005430239] [charge_scheduler]: [执行事件] loop=fixed plan_v=0 C2 type=station_turnaround target=-1 station_ord=1 planned_finish=106.28 actual_finish=166.28 dev=+60.00 injected=60.0
[charge_scheduler-1] [WARN] [1785334832.660458881] [charge_scheduler]: [重调度事件] policy=fixed #1 t=166.28min trigger=C2/station_turnaround dev=+60.00 pool=15 committed=1 plan_v=1 solve_ms=655.0 changed_assign=0 changed_order=13
[charge_scheduler-1] [INFO] [1785334832.660505951] [charge_scheduler]: [执行事件] loop=fixed plan_v=0 C3 type=target_service target=5 station_ord=0 planned_finish=169.18 actual_finish=169.18 dev=+0.00 injected=0.0
[charge_scheduler-1] [INFO] [1785334832.660515545] [charge_scheduler]: [执行事件] loop=fixed plan_v=0 C1 type=station_turnaround target=-1 station_ord=1 planned_finish=122.09 actual_finish=182.09 dev=+60.00 injected=60.0
[charge_scheduler-1] [WARN] [1785334833.244250702] [charge_scheduler]: [重调度事件] policy=fixed #2 t=182.09min trigger=C1/station_turnaround dev=+60.00 pool=13 committed=2 plan_v=2 solve_ms=583.7 changed_assign=0 changed_order=10
[charge_scheduler-1] [INFO] [1785334833.244318300] [charge_scheduler]: [执行事件] loop=fixed plan_v=1 C2 type=target_service target=24 station_ord=0 planned_finish=192.10 actual_finish=192.10 dev=+0.00 injected=0.0
[charge_scheduler-1] [INFO] [1785334833.244334062] [charge_scheduler]: [执行事件] loop=fixed plan_v=1 C3 type=target_service target=20 station_ord=0 planned_finish=213.25 actual_finish=213.25 dev=+0.00 injected=0.0
[charge_scheduler-1] [INFO] [1785334833.244344844] [charge_scheduler]: [执行事件] loop=fixed plan_v=2 C1 type=target_service target=0 station_ord=0 planned_finish=218.17 actual_finish=218.17 dev=+0.00 injected=0.0
[charge_scheduler-1] [INFO] [1785334833.244365039] [charge_scheduler]: [执行事件] loop=fixed plan_v=2 C3 type=station_turnaround target=-1 station_ord=2 planned_finish=224.65 actual_finish=224.65 dev=+0.00 injected=0.0
[charge_scheduler-1] [INFO] [1785334833.244378174] [charge_scheduler]: [执行事件] loop=fixed plan_v=2 C2 type=target_service target=16 station_ord=0 planned_finish=229.20 actual_finish=229.20 dev=+0.00 injected=0.0
[charge_scheduler-1] [INFO] [1785334833.244391342] [charge_scheduler]: [执行事件] loop=fixed plan_v=2 C1 type=target_service target=10 station_ord=0 planned_finish=256.83 actual_finish=256.83 dev=+0.00 injected=0.0
[charge_scheduler-1] [INFO] [1785334833.244403766] [charge_scheduler]: [执行事件] loop=fixed plan_v=2 C2 type=target_service target=25 station_ord=0 planned_finish=261.86 actual_finish=261.86 dev=+0.00 injected=0.0
[charge_scheduler-1] [INFO] [1785334833.244415640] [charge_scheduler]: [执行事件] loop=fixed plan_v=2 C1 type=station_turnaround target=-1 station_ord=2 planned_finish=268.48 actual_finish=268.48 dev=+0.00 injected=0.0
[charge_scheduler-1] [INFO] [1785334833.244428952] [charge_scheduler]: [执行事件] loop=fixed plan_v=2 C3 type=target_service target=29 station_ord=0 planned_finish=270.29 actual_finish=270.29 dev=+0.00 injected=0.0
[charge_scheduler-1] [INFO] [1785334833.244441788] [charge_scheduler]: [执行事件] loop=fixed plan_v=2 C2 type=station_turnaround target=-1 station_ord=2 planned_finish=273.13 actual_finish=273.13 dev=+0.00 injected=0.0
[charge_scheduler-1] [INFO] [1785334833.244454925] [charge_scheduler]: [执行事件] loop=fixed plan_v=2 C1 type=target_service target=13 station_ord=0 planned_finish=306.52 actual_finish=306.52 dev=+0.00 injected=0.0
[charge_scheduler-1] [INFO] [1785334833.244468503] [charge_scheduler]: [执行事件] loop=fixed plan_v=2 C3 type=target_service target=23 station_ord=0 planned_finish=316.01 actual_finish=316.01 dev=+0.00 injected=0.0
[charge_scheduler-1] [INFO] [1785334833.244481292] [charge_scheduler]: [执行事件] loop=fixed plan_v=2 C2 type=target_service target=6 station_ord=0 planned_finish=319.69 actual_finish=319.69 dev=+0.00 injected=0.0
[charge_scheduler-1] [INFO] [1785334833.244498738] [charge_scheduler]: [执行事件] loop=fixed plan_v=2 C3 type=station_turnaround target=-1 station_ord=3 planned_finish=329.07 actual_finish=329.07 dev=+0.00 injected=0.0
[charge_scheduler-1] [INFO] [1785334833.244553618] [charge_scheduler]: [执行事件] loop=fixed plan_v=2 C1 type=target_service target=19 station_ord=0 planned_finish=343.70 actual_finish=343.70 dev=+0.00 injected=0.0
[charge_scheduler-1] [INFO] [1785334833.244572881] [charge_scheduler]: [执行事件] loop=fixed plan_v=2 C1 type=station_turnaround target=-1 station_ord=3 planned_finish=355.90 actual_finish=355.90 dev=+0.00 injected=0.0
[charge_scheduler-1] [INFO] [1785334833.244585171] [charge_scheduler]: [执行事件] loop=fixed plan_v=2 C2 type=target_service target=14 station_ord=0 planned_finish=365.93 actual_finish=365.93 dev=+0.00 injected=0.0
[charge_scheduler-1] [INFO] [1785334833.244596053] [charge_scheduler]: [执行事件] loop=fixed plan_v=2 C3 type=target_service target=17 station_ord=0 planned_finish=375.07 actual_finish=375.07 dev=+0.00 injected=0.0
[charge_scheduler-1] [INFO] [1785334833.244608087] [charge_scheduler]: [执行事件] loop=fixed plan_v=2 C3 type=final_return target=-1 station_ord=0 planned_finish=377.86 actual_finish=377.86 dev=+0.00 injected=0.0
[charge_scheduler-1] [INFO] [1785334833.244620608] [charge_scheduler]: [执行事件] loop=fixed plan_v=2 C2 type=station_turnaround target=-1 station_ord=3 planned_finish=379.69 actual_finish=379.69 dev=+0.00 injected=0.0
[charge_scheduler-1] [INFO] [1785334833.244633362] [charge_scheduler]: [执行事件] loop=fixed plan_v=2 C1 type=target_service target=2 station_ord=0 planned_finish=401.69 actual_finish=401.69 dev=+0.00 injected=0.0
[charge_scheduler-1] [INFO] [1785334833.244646131] [charge_scheduler]: [执行事件] loop=fixed plan_v=2 C1 type=final_return target=-1 station_ord=0 planned_finish=403.62 actual_finish=403.62 dev=+0.00 injected=0.0
[charge_scheduler-1] [INFO] [1785334833.244658800] [charge_scheduler]: [执行事件] loop=fixed plan_v=2 C2 type=target_service target=26 station_ord=0 planned_finish=425.97 actual_finish=425.97 dev=+0.00 injected=0.0
[charge_scheduler-1] [INFO] [1785334833.244678003] [charge_scheduler]: [执行事件] loop=fixed plan_v=2 C2 type=final_return target=-1 station_ord=0 planned_finish=429.26 actual_finish=429.26 dev=+0.00 injected=0.0
[charge_scheduler-1] [INFO] [1785334833.244718151] [charge_scheduler]: [执行事件] loop=global plan_v=0 C1 type=target_service target=27 station_ord=0 planned_finish=6.36 actual_finish=6.36 dev=+0.00 injected=0.0
[charge_scheduler-1] [INFO] [1785334833.244729095] [charge_scheduler]: [执行事件] loop=global plan_v=0 C3 type=target_service target=4 station_ord=0 planned_finish=11.04 actual_finish=11.04 dev=+0.00 injected=0.0
[charge_scheduler-1] [INFO] [1785334833.244738738] [charge_scheduler]: [执行事件] loop=global plan_v=0 C1 type=target_service target=21 station_ord=0 planned_finish=14.00 actual_finish=14.00 dev=+0.00 injected=0.0
[charge_scheduler-1] [INFO] [1785334833.244746935] [charge_scheduler]: [执行事件] loop=global plan_v=0 C1 type=target_service target=12 station_ord=0 planned_finish=23.83 actual_finish=23.83 dev=+0.00 injected=0.0
[charge_scheduler-1] [INFO] [1785334833.244754959] [charge_scheduler]: [执行事件] loop=global plan_v=0 C2 type=target_service target=9 station_ord=0 planned_finish=25.99 actual_finish=25.99 dev=+0.00 injected=0.0
[charge_scheduler-1] [INFO] [1785334833.244762572] [charge_scheduler]: [执行事件] loop=global plan_v=0 C3 type=target_service target=8 station_ord=0 planned_finish=27.46 actual_finish=27.46 dev=+0.00 injected=0.0
[charge_scheduler-1] [INFO] [1785334833.244770651] [charge_scheduler]: [执行事件] loop=global plan_v=0 C1 type=target_service target=15 station_ord=0 planned_finish=49.07 actual_finish=49.07 dev=+0.00 injected=0.0
[charge_scheduler-1] [INFO] [1785334833.244778444] [charge_scheduler]: [执行事件] loop=global plan_v=0 C2 type=target_service target=3 station_ord=0 planned_finish=52.69 actual_finish=52.69 dev=+0.00 injected=0.0
[charge_scheduler-1] [INFO] [1785334833.244786569] [charge_scheduler]: [执行事件] loop=global plan_v=0 C3 type=target_service target=22 station_ord=0 planned_finish=60.21 actual_finish=60.21 dev=+0.00 injected=0.0
[charge_scheduler-1] [INFO] [1785334833.244794453] [charge_scheduler]: [执行事件] loop=global plan_v=0 C1 type=target_service target=7 station_ord=0 planned_finish=75.27 actual_finish=75.27 dev=+0.00 injected=0.0
[charge_scheduler-1] [INFO] [1785334833.244808360] [charge_scheduler]: [执行事件] loop=global plan_v=0 C3 type=target_service target=18 station_ord=0 planned_finish=84.42 actual_finish=84.42 dev=+0.00 injected=0.0
[charge_scheduler-1] [INFO] [1785334833.244817600] [charge_scheduler]: [执行事件] loop=global plan_v=0 C2 type=target_service target=11 station_ord=0 planned_finish=93.80 actual_finish=93.80 dev=+0.00 injected=0.0
[charge_scheduler-1] [INFO] [1785334833.244826841] [charge_scheduler]: [执行事件] loop=global plan_v=0 C3 type=target_service target=1 station_ord=0 planned_finish=110.04 actual_finish=110.04 dev=+0.00 injected=0.0
[charge_scheduler-1] [INFO] [1785334833.244834918] [charge_scheduler]: [执行事件] loop=global plan_v=0 C1 type=target_service target=28 station_ord=0 planned_finish=110.06 actual_finish=110.06 dev=+0.00 injected=0.0
[charge_scheduler-1] [INFO] [1785334833.244843457] [charge_scheduler]: [执行事件] loop=global plan_v=0 C3 type=station_turnaround target=-1 station_ord=1 planned_finish=122.47 actual_finish=122.47 dev=+0.00 injected=0.0
[charge_scheduler-1] [INFO] [1785334833.244852486] [charge_scheduler]: [执行事件] loop=global plan_v=0 C2 type=station_turnaround target=-1 station_ord=1 planned_finish=106.28 actual_finish=166.28 dev=+60.00 injected=60.0
[charge_scheduler-1] [WARN] [1785334836.514969027] [charge_scheduler]: [重调度事件] policy=global #1 t=166.28min trigger=C2/station_turnaround dev=+60.00 pool=15 committed=1 plan_v=1 solve_ms=3270.1 changed_assign=10 changed_order=11
[charge_scheduler-1] [INFO] [1785334836.515028810] [charge_scheduler]: [执行事件] loop=global plan_v=0 C3 type=target_service target=5 station_ord=0 planned_finish=169.18 actual_finish=169.18 dev=+0.00 injected=0.0
[charge_scheduler-1] [INFO] [1785334836.515038295] [charge_scheduler]: [执行事件] loop=global plan_v=0 C1 type=station_turnaround target=-1 station_ord=1 planned_finish=122.09 actual_finish=182.09 dev=+60.00 injected=60.0
[charge_scheduler-1] [WARN] [1785334839.080422618] [charge_scheduler]: [重调度事件] policy=global #2 t=182.09min trigger=C1/station_turnaround dev=+60.00 pool=13 committed=2 plan_v=2 solve_ms=2565.4 changed_assign=6 changed_order=8
[charge_scheduler-1] [INFO] [1785334839.080507468] [charge_scheduler]: [执行事件] loop=global plan_v=1 C2 type=target_service target=13 station_ord=0 planned_finish=204.33 actual_finish=204.33 dev=+0.00 injected=0.0
[charge_scheduler-1] [INFO] [1785334839.080519824] [charge_scheduler]: [执行事件] loop=global plan_v=1 C3 type=target_service target=0 station_ord=0 planned_finish=206.08 actual_finish=206.08 dev=+0.00 injected=0.0
[charge_scheduler-1] [INFO] [1785334839.080528514] [charge_scheduler]: [执行事件] loop=global plan_v=2 C1 type=target_service target=24 station_ord=0 planned_finish=207.91 actual_finish=207.91 dev=+0.00 injected=0.0
[charge_scheduler-1] [INFO] [1785334839.080539835] [charge_scheduler]: [执行事件] loop=global plan_v=2 C3 type=station_turnaround target=-1 station_ord=2 planned_finish=216.94 actual_finish=216.94 dev=+0.00 injected=0.0
[charge_scheduler-1] [INFO] [1785334839.080547463] [charge_scheduler]: [执行事件] loop=global plan_v=2 C1 type=target_service target=16 station_ord=0 planned_finish=245.01 actual_finish=245.01 dev=+0.00 injected=0.0
[charge_scheduler-1] [INFO] [1785334839.080554642] [charge_scheduler]: [执行事件] loop=global plan_v=2 C2 type=target_service target=20 station_ord=0 planned_finish=250.78 actual_finish=250.78 dev=+0.00 injected=0.0
[charge_scheduler-1] [INFO] [1785334839.080566109] [charge_scheduler]: [执行事件] loop=global plan_v=2 C2 type=station_turnaround target=-1 station_ord=2 planned_finish=262.17 actual_finish=262.17 dev=+0.00 injected=0.0
[charge_scheduler-1] [INFO] [1785334839.080573588] [charge_scheduler]: [执行事件] loop=global plan_v=2 C3 type=target_service target=26 station_ord=0 planned_finish=263.21 actual_finish=263.21 dev=+0.00 injected=0.0
[charge_scheduler-1] [INFO] [1785334839.080588551] [charge_scheduler]: [执行事件] loop=global plan_v=2 C1 type=target_service target=19 station_ord=0 planned_finish=284.34 actual_finish=284.34 dev=+0.00 injected=0.0
[charge_scheduler-1] [INFO] [1785334839.080597012] [charge_scheduler]: [执行事件] loop=global plan_v=2 C1 type=station_turnaround target=-1 station_ord=2 planned_finish=296.54 actual_finish=296.54 dev=+0.00 injected=0.0
[charge_scheduler-1] [INFO] [1785334839.080605536] [charge_scheduler]: [执行事件] loop=global plan_v=2 C3 type=target_service target=10 station_ord=0 planned_finish=300.18 actual_finish=300.18 dev=+0.00 injected=0.0
[charge_scheduler-1] [INFO] [1785334839.080645632] [charge_scheduler]: [执行事件] loop=global plan_v=2 C2 type=target_service target=29 station_ord=0 planned_finish=307.82 actual_finish=307.82 dev=+0.00 injected=0.0
[charge_scheduler-1] [INFO] [1785334839.080654810] [charge_scheduler]: [执行事件] loop=global plan_v=2 C3 type=station_turnaround target=-1 station_ord=3 planned_finish=311.84 actual_finish=311.84 dev=+0.00 injected=0.0
[charge_scheduler-1] [INFO] [1785334839.080664387] [charge_scheduler]: [执行事件] loop=global plan_v=2 C1 type=target_service target=2 station_ord=0 planned_finish=342.33 actual_finish=342.33 dev=+0.00 injected=0.0
[charge_scheduler-1] [INFO] [1785334839.080673366] [charge_scheduler]: [执行事件] loop=global plan_v=2 C2 type=target_service target=25 station_ord=0 planned_finish=344.07 actual_finish=344.07 dev=+0.00 injected=0.0
[charge_scheduler-1] [INFO] [1785334839.080684016] [charge_scheduler]: [执行事件] loop=global plan_v=2 C2 type=station_turnaround target=-1 station_ord=3 planned_finish=355.35 actual_finish=355.35 dev=+0.00 injected=0.0
[charge_scheduler-1] [INFO] [1785334839.080693166] [charge_scheduler]: [执行事件] loop=global plan_v=2 C3 type=target_service target=6 station_ord=0 planned_finish=358.40 actual_finish=358.40 dev=+0.00 injected=0.0
[charge_scheduler-1] [INFO] [1785334839.080702620] [charge_scheduler]: [执行事件] loop=global plan_v=2 C1 type=target_service target=14 station_ord=0 planned_finish=387.88 actual_finish=387.88 dev=+0.00 injected=0.0
[charge_scheduler-1] [INFO] [1785334839.080711528] [charge_scheduler]: [执行事件] loop=global plan_v=2 C1 type=final_return target=-1 station_ord=0 planned_finish=391.64 actual_finish=391.64 dev=+0.00 injected=0.0
[charge_scheduler-1] [INFO] [1785334839.080720304] [charge_scheduler]: [执行事件] loop=global plan_v=2 C2 type=target_service target=23 station_ord=0 planned_finish=401.63 actual_finish=401.63 dev=+0.00 injected=0.0
[charge_scheduler-1] [INFO] [1785334839.080729341] [charge_scheduler]: [执行事件] loop=global plan_v=2 C3 type=target_service target=17 station_ord=0 planned_finish=402.30 actual_finish=402.30 dev=+0.00 injected=0.0
[charge_scheduler-1] [INFO] [1785334839.080737944] [charge_scheduler]: [执行事件] loop=global plan_v=2 C2 type=final_return target=-1 station_ord=0 planned_finish=404.70 actual_finish=404.70 dev=+0.00 injected=0.0
[charge_scheduler-1] [INFO] [1785334839.080746399] [charge_scheduler]: [执行事件] loop=global plan_v=2 C3 type=final_return target=-1 station_ord=0 planned_finish=405.09 actual_finish=405.09 dev=+0.00 injected=0.0
[charge_scheduler-1] [INFO] [1785334839.080766650] [charge_scheduler]: ★闭环实验结果 mode=open M=30 K=3 disturbance=station delay=60.0 seed=9 N_late=13 T_overtime=752.101 C_total=5740.881 makespan=434.490 served=30 energy_viol=4 reschedules=0 reschedule_ms=0.000 changed_assign=0 changed_order=0 applied_target=0 applied_station=2 initial_solve_ms=51727.260 objective_order=Tover,Nlate,Ctotal
[charge_scheduler-1] [INFO] [1785334839.080783604] [charge_scheduler]: ★闭环实验结果 mode=fixed M=30 K=3 disturbance=station delay=60.0 seed=9 N_late=11 T_overtime=766.366 C_total=5550.011 makespan=429.264 served=30 energy_viol=0 reschedules=2 reschedule_ms=1238.650 changed_assign=0 changed_order=23 applied_target=0 applied_station=2 initial_solve_ms=51727.260 objective_order=Tover,Nlate,Ctotal
[charge_scheduler-1] [INFO] [1785334839.080797497] [charge_scheduler]: ★闭环实验收益 policy=fixed M=30 K=3 disturbance=station delay=60.0 seed=9 recovered_late=2 overtime_reduction=-14.265 distance_delta=-190.870 makespan_reduction=5.227
[charge_scheduler-1] [INFO] [1785334839.080807529] [charge_scheduler]: ★闭环实验结果 mode=closed M=30 K=3 disturbance=station delay=60.0 seed=9 N_late=15 T_overtime=702.978 C_total=5209.610 makespan=405.088 served=30 energy_viol=0 reschedules=2 reschedule_ms=5835.428 changed_assign=16 changed_order=19 applied_target=0 applied_station=2 initial_solve_ms=51727.260 objective_order=Tover,Nlate,Ctotal
[charge_scheduler-1] [INFO] [1785334839.080821367] [charge_scheduler]: ★闭环实验收益 policy=closed M=30 K=3 disturbance=station delay=60.0 seed=9 recovered_late=-2 overtime_reduction=49.123 distance_delta=-531.270 makespan_reduction=29.402
