[INFO] [launch]: All log files can be found below /root/.ros/log/2026-07-29-11-48-58-799548-YYYY-2767
[INFO] [launch]: Default logging verbosity is set to INFO
[INFO] [charge_scheduler-1]: process started with pid [2768]
[charge_scheduler-1] [INFO] [1785325738.937365739] [charge_scheduler]: [目标顺序] objective_order=Tover,Nlate,Ctotal
[charge_scheduler-1] [INFO] [1785325738.938073239] [charge_scheduler]: [Scheduler] 20辆车 | 电池800.0kWh(20%=160.0 80%=640.0) | 充电360kW效率97% | 行驶0.6kWh/km | 桩350kW
[charge_scheduler-1] [INFO] [1785325738.938117694] [charge_scheduler]: [Scheduler] 站端周转: 换电 10 min(换后满电) | 单趟可用 640 kWh
[charge_scheduler-1] [INFO] [1785325738.938128372] [charge_scheduler]:   车#0 [电动装载机282|light] 位置(-47.3,-2.6) 容量282kWh 剩余35% | α=6→6min/% τ=168min → 需130.8kWh(充21.2min)
[charge_scheduler-1] [INFO] [1785325738.938146677] [charge_scheduler]:   车#1 [重型叉车|light] 位置(-44.0,-64.1) 容量200kWh 剩余20% | α=6→6min/% τ=96min → 需123.7kWh(充20.0min)
[charge_scheduler-1] [INFO] [1785325738.938163315] [charge_scheduler]:   车#2 [电动装载机350|light] 位置(-51.1,-38.8) 容量350kWh 剩余50% | α=6→6min/% τ=288min → 需108.2kWh(充17.5min)
[charge_scheduler-1] [INFO] [1785325738.938179139] [charge_scheduler]:   车#3 [重型叉车|light] 位置(-71.0,-19.0) 容量200kWh 剩余10% | α=6→6min/% τ=32min → 需144.3kWh(充23.3min)
[charge_scheduler-1] [INFO] [1785325738.938193511] [charge_scheduler]:   车#4 [电动装载机282|heavy→降级] 位置(-93.3,6.6) 容量282kWh 剩余60% | α=3→6min/% τ=212min → 需58.1kWh(充9.4min)
[charge_scheduler-1] [INFO] [1785325738.938207161] [charge_scheduler]:   车#5 [电动装载机350|light] 位置(-104.4,47.7) 容量350kWh 剩余25% | α=6→6min/% τ=128min → 需198.5kWh(充32.1min)
[charge_scheduler-1] [INFO] [1785325738.938220929] [charge_scheduler]:   车#6 [电动装载机350|heavy→降级] 位置(-37.0,-75.1) 容量350kWh 剩余40% | α=4→6min/% τ=176min → 需144.3kWh(充23.3min)
[charge_scheduler-1] [INFO] [1785325738.938233780] [charge_scheduler]:   车#7 [重型叉车|light] 位置(-88.8,-37.1) 容量200kWh 剩余15% | α=6→6min/% τ=64min → 需134.0kWh(充21.7min)
[charge_scheduler-1] [INFO] [1785325738.938247010] [charge_scheduler]:   车#8 [电动装载机282|heavy→降级] 位置(-70.9,27.7) 容量282kWh 剩余55% | α=3→6min/% τ=196min → 需72.7kWh(充11.8min)
[charge_scheduler-1] [INFO] [1785325738.938263504] [charge_scheduler]:   车#9 [电动装载机282|heavy→降级] 位置(-35.4,-47.4) 容量282kWh 剩余30% | α=3→6min/% τ=116min → 需145.4kWh(充23.5min)
[charge_scheduler-1] [INFO] [1785325738.938276984] [charge_scheduler]:   车#10 [电动装载机282|light] 位置(-100.0,-1.0) 容量282kWh 剩余45% | α=6→6min/% τ=224min → 需101.8kWh(充16.4min)
[charge_scheduler-1] [INFO] [1785325738.938290675] [charge_scheduler]:   车#11 [电动装载机350|light] 位置(-72.8,-15.6) 容量350kWh 剩余18% | α=6→6min/% τ=83min → 需223.7kWh(充36.2min)
[charge_scheduler-1] [INFO] [1785325738.938303676] [charge_scheduler]:   车#12 [重型叉车|heavy→降级] 位置(-61.7,-20.7) 容量200kWh 剩余62% | α=3→6min/% τ=230min → 需37.1kWh(充6.0min)
[charge_scheduler-1] [INFO] [1785325738.938318204] [charge_scheduler]:   车#13 [电动装载机282|light] 位置(-133.0,-25.3) 容量282kWh 剩余28% | α=6→6min/% τ=129min → 需151.2kWh(充24.4min)
[charge_scheduler-1] [INFO] [1785325738.938334134] [charge_scheduler]:   车#14 [电动装载机350|light] 位置(-132.0,-8.9) 容量350kWh 剩余52% | α=6→6min/% τ=301min → 需101.0kWh(充16.3min)
[charge_scheduler-1] [INFO] [1785325738.938351313] [charge_scheduler]:   车#15 [重型叉车|light] 位置(-120.0,7.9) 容量200kWh 剩余12% | α=6→6min/% τ=45min → 需140.2kWh(充22.7min)
[charge_scheduler-1] [INFO] [1785325738.938367220] [charge_scheduler]:   车#16 [电动装载机282|light] 位置(-43.8,-82.9) 容量282kWh 剩余38% | α=6→6min/% τ=185min → 需122.1kWh(充19.7min)
[charge_scheduler-1] [INFO] [1785325738.938382488] [charge_scheduler]:   车#17 [电动装载机350|light] 位置(-31.1,-74.7) 容量350kWh 剩余58% | α=6→6min/% τ=339min → 需79.4kWh(充12.8min)
[charge_scheduler-1] [INFO] [1785325738.938396733] [charge_scheduler]:   车#18 [重型叉车|heavy→降级] 位置(-75.4,-68.2) 容量200kWh 剩余22% | α=3→6min/% τ=102min → 需119.6kWh(充19.3min)
[charge_scheduler-1] [INFO] [1785325738.938410373] [charge_scheduler]:   车#19 [电动装载机282|light] 位置(-88.2,47.1) 容量282kWh 剩余48% | α=6→6min/% τ=241min → 需93.0kWh(充15.0min)
[charge_scheduler-1] [INFO] [1785325738.951184716] [charge_scheduler]: [Scheduler] 闭环接口: threshold=2.0min | event_sim=off | policy=global | structured_feedback=optional (/task_planner/execution_event)
[charge_scheduler-1] [INFO] [1785325738.951294296] [charge_scheduler]: [Scheduler] 已启动, 等待地图...
[charge_scheduler-1] [INFO] [1785325739.009681269] [charge_scheduler]: [Scheduler] RoutingGraph 就绪
[charge_scheduler-1] [INFO] [1785325739.009986810] [charge_scheduler]: [Scheduler] 提取到 6 条虚线捷径
[charge_scheduler-1] [INFO] [1785325739.022411987] [charge_scheduler]: [Scheduler] 下层兼容增强图: 166 节点, 6 条虚线掉头边
[charge_scheduler-1] [INFO] [1785325742.222601633] [charge_scheduler]: [Scheduler] 距离矩阵完成 21x21, 3200.1 ms | 模式=maneuver | 真实不可达=0 抽象不可达=0 | 缺少对向投影节点=0
[charge_scheduler-1] [INFO] [1785325742.222661092] [charge_scheduler]:   ✓ 比值自检：420 个 OD 满足 机动/直线≥1 | 均值=2.70 最大=41.42 (车#4→车#10)
[charge_scheduler-1] [INFO] [1785325742.222671167] [charge_scheduler]: [Scheduler] 地图就绪, 166 条 lanelet（与下层一致）
[charge_scheduler-1] [INFO] [1785325742.222706566] [charge_scheduler]: ======== 开始VRPTW调度 20 辆车 ========
[charge_scheduler-1] [INFO] [1785325742.222711308] [charge_scheduler]:   规模20>8 → 启发式(alns)
[charge_scheduler-1] [INFO] [1785325755.141873729] [charge_scheduler]: [ALNS] objective_order=Tover,Nlate,Ctotal seed=2 iters=15000 | N_late=8(成功率60.0%) T_overtime=110.7min C_total=4149.7m | 趟数=8 makespan=389.8min
[charge_scheduler-1] [INFO] [1785325755.141932772] [charge_scheduler]:   求解耗时 12919.2 ms
[charge_scheduler-1] [INFO] [1785325755.141940686] [charge_scheduler]: ════════ 调度结果 ════════
[charge_scheduler-1] [INFO] [1785325755.141946065] [charge_scheduler]:   ★目标(字典序): objective_order=Tover,Nlate,Ctotal | N_late=8 辆 (按时成功率 12/20 = 60.0%)  T_overtime=110.7min  C_total=4149.7m
[charge_scheduler-1] [INFO] [1785325755.141953337] [charge_scheduler]:   附: 趟数=8 | makespan=389.8min | 能量可行=是
[charge_scheduler-1] [INFO] [1785325755.141965569] [charge_scheduler]:   [充电车1] 趟1: 站 → 车#3(到1.3/限32.0✓) → 车#11(到24.9/限83.2✓) → 车#7(到64.0/限64.0✗超时) → 站
[charge_scheduler-1] [INFO] [1785325755.141973059] [charge_scheduler]:   [充电车2] 趟2: 站 → 车#4(到1.4/限212.0✓) → 车#8(到13.7/限196.0✓) → 车#15(到28.7/限44.8✓) → 车#9(到55.4/限116.0✓) → 车#1(到86.5/限96.0✓) → 站
[charge_scheduler-1] [INFO] [1785325755.141979402] [charge_scheduler]:   [充电车1] 趟3: 站 → 车#18(到103.3/限102.4✗超时) → 车#13(到130.7/限128.8✗超时) → 车#0(到169.2/限168.0✗超时) → 站
[charge_scheduler-1] [INFO] [1785325755.141985294] [charge_scheduler]:   [充电车2] 趟4: 站 → 车#5(到126.6/限128.0✓) → 车#16(到173.2/限184.8✓) → 车#12(到208.8/限230.4✓) → 站
[charge_scheduler-1] [INFO] [1785325755.141990510] [charge_scheduler]:   [充电车1] 趟5: 站 → 车#10(到219.4/限224.0✓) → 车#6(到256.5/限176.0✗超时) → 站
[charge_scheduler-1] [INFO] [1785325755.141995915] [charge_scheduler]:   [充电车2] 趟6: 站 → 车#19(到247.6/限240.8✗超时) → 车#2(到285.0/限288.0✓) → 站
[charge_scheduler-1] [INFO] [1785325755.142000356] [charge_scheduler]:   [充电车1] 趟7: 站 → 车#14(到316.0/限300.8✗超时) → 站
[charge_scheduler-1] [INFO] [1785325755.142004713] [charge_scheduler]:   [充电车2] 趟8: 站 → 车#17(到343.3/限339.2✗超时) → 站
[charge_scheduler-1] [INFO] [1785325755.142008168] [charge_scheduler]: ════════════════════════
[charge_scheduler-1] [INFO] [1785325755.142013812] [charge_scheduler]:   ⏱ 任务计时开始 (t=0)
[charge_scheduler-1] [INFO] [1785325755.142338760] [charge_scheduler]:   → 趟1 第1辆: 车#3 [重型叉车] (-70.97,-18.98) 容量200.00kWh 剩余10% | 承诺完成=24.73min plan_v=0
