[INFO] [launch]: All log files can be found below /root/.ros/log/2026-07-29-11-49-17-172406-YYYY-2818
[INFO] [launch]: Default logging verbosity is set to INFO
[INFO] [charge_scheduler-1]: process started with pid [2820]
[charge_scheduler-1] [INFO] [1785325757.321091609] [charge_scheduler]: [目标顺序] objective_order=Tover,Nlate,Ctotal
[charge_scheduler-1] [INFO] [1785325757.321582969] [charge_scheduler]: [Scheduler] 20辆车 | 电池800.0kWh(20%=160.0 80%=640.0) | 充电360kW效率97% | 行驶0.6kWh/km | 桩350kW
[charge_scheduler-1] [INFO] [1785325757.321624606] [charge_scheduler]: [Scheduler] 站端周转: 换电 10 min(换后满电) | 单趟可用 640 kWh
[charge_scheduler-1] [INFO] [1785325757.321637040] [charge_scheduler]:   车#0 [电动装载机282|light] 位置(-47.3,-2.6) 容量282kWh 剩余35% | α=6→6min/% τ=168min → 需130.8kWh(充21.2min)
[charge_scheduler-1] [INFO] [1785325757.321655757] [charge_scheduler]:   车#1 [重型叉车|light] 位置(-44.0,-64.1) 容量200kWh 剩余20% | α=6→6min/% τ=96min → 需123.7kWh(充20.0min)
[charge_scheduler-1] [INFO] [1785325757.321671268] [charge_scheduler]:   车#2 [电动装载机350|light] 位置(-51.1,-38.8) 容量350kWh 剩余50% | α=6→6min/% τ=288min → 需108.2kWh(充17.5min)
[charge_scheduler-1] [INFO] [1785325757.321686804] [charge_scheduler]:   车#3 [重型叉车|light] 位置(-71.0,-19.0) 容量200kWh 剩余10% | α=6→6min/% τ=32min → 需144.3kWh(充23.3min)
[charge_scheduler-1] [INFO] [1785325757.321702029] [charge_scheduler]:   车#4 [电动装载机282|heavy→降级] 位置(-93.3,6.6) 容量282kWh 剩余60% | α=3→6min/% τ=212min → 需58.1kWh(充9.4min)
[charge_scheduler-1] [INFO] [1785325757.321715128] [charge_scheduler]:   车#5 [电动装载机350|light] 位置(-104.4,47.7) 容量350kWh 剩余25% | α=6→6min/% τ=128min → 需198.5kWh(充32.1min)
[charge_scheduler-1] [INFO] [1785325757.321727772] [charge_scheduler]:   车#6 [电动装载机350|heavy→降级] 位置(-37.0,-75.1) 容量350kWh 剩余40% | α=4→6min/% τ=176min → 需144.3kWh(充23.3min)
[charge_scheduler-1] [INFO] [1785325757.321743894] [charge_scheduler]:   车#7 [重型叉车|light] 位置(-88.8,-37.1) 容量200kWh 剩余15% | α=6→6min/% τ=64min → 需134.0kWh(充21.7min)
[charge_scheduler-1] [INFO] [1785325757.321758152] [charge_scheduler]:   车#8 [电动装载机282|heavy→降级] 位置(-70.9,27.7) 容量282kWh 剩余55% | α=3→6min/% τ=196min → 需72.7kWh(充11.8min)
[charge_scheduler-1] [INFO] [1785325757.321770385] [charge_scheduler]:   车#9 [电动装载机282|heavy→降级] 位置(-35.4,-47.4) 容量282kWh 剩余30% | α=3→6min/% τ=116min → 需145.4kWh(充23.5min)
[charge_scheduler-1] [INFO] [1785325757.321782496] [charge_scheduler]:   车#10 [电动装载机282|light] 位置(-100.0,-1.0) 容量282kWh 剩余45% | α=6→6min/% τ=224min → 需101.8kWh(充16.4min)
[charge_scheduler-1] [INFO] [1785325757.321795646] [charge_scheduler]:   车#11 [电动装载机350|light] 位置(-72.8,-15.6) 容量350kWh 剩余18% | α=6→6min/% τ=83min → 需223.7kWh(充36.2min)
[charge_scheduler-1] [INFO] [1785325757.321810435] [charge_scheduler]:   车#12 [重型叉车|heavy→降级] 位置(-61.7,-20.7) 容量200kWh 剩余62% | α=3→6min/% τ=230min → 需37.1kWh(充6.0min)
[charge_scheduler-1] [INFO] [1785325757.321827108] [charge_scheduler]:   车#13 [电动装载机282|light] 位置(-133.0,-25.3) 容量282kWh 剩余28% | α=6→6min/% τ=129min → 需151.2kWh(充24.4min)
[charge_scheduler-1] [INFO] [1785325757.321841895] [charge_scheduler]:   车#14 [电动装载机350|light] 位置(-132.0,-8.9) 容量350kWh 剩余52% | α=6→6min/% τ=301min → 需101.0kWh(充16.3min)
[charge_scheduler-1] [INFO] [1785325757.321856410] [charge_scheduler]:   车#15 [重型叉车|light] 位置(-120.0,7.9) 容量200kWh 剩余12% | α=6→6min/% τ=45min → 需140.2kWh(充22.7min)
[charge_scheduler-1] [INFO] [1785325757.321871308] [charge_scheduler]:   车#16 [电动装载机282|light] 位置(-43.8,-82.9) 容量282kWh 剩余38% | α=6→6min/% τ=185min → 需122.1kWh(充19.7min)
[charge_scheduler-1] [INFO] [1785325757.321887154] [charge_scheduler]:   车#17 [电动装载机350|light] 位置(-31.1,-74.7) 容量350kWh 剩余58% | α=6→6min/% τ=339min → 需79.4kWh(充12.8min)
[charge_scheduler-1] [INFO] [1785325757.321901393] [charge_scheduler]:   车#18 [重型叉车|heavy→降级] 位置(-75.4,-68.2) 容量200kWh 剩余22% | α=3→6min/% τ=102min → 需119.6kWh(充19.3min)
[charge_scheduler-1] [INFO] [1785325757.321915540] [charge_scheduler]:   车#19 [电动装载机282|light] 位置(-88.2,47.1) 容量282kWh 剩余48% | α=6→6min/% τ=241min → 需93.0kWh(充15.0min)
[charge_scheduler-1] [INFO] [1785325757.329257574] [charge_scheduler]: [Scheduler] 闭环接口: threshold=2.0min | event_sim=off | policy=global | structured_feedback=optional (/task_planner/execution_event)
[charge_scheduler-1] [INFO] [1785325757.329375163] [charge_scheduler]: [Scheduler] 已启动, 等待地图...
[charge_scheduler-1] [INFO] [1785325757.391017976] [charge_scheduler]: [Scheduler] RoutingGraph 就绪
[charge_scheduler-1] [INFO] [1785325757.391267151] [charge_scheduler]: [Scheduler] 提取到 6 条虚线捷径
[charge_scheduler-1] [INFO] [1785325757.405052623] [charge_scheduler]: [Scheduler] 下层兼容增强图: 166 节点, 6 条虚线掉头边
[charge_scheduler-1] [INFO] [1785325760.546749861] [charge_scheduler]: [Scheduler] 距离矩阵完成 21x21, 3141.6 ms | 模式=maneuver | 真实不可达=0 抽象不可达=0 | 缺少对向投影节点=0
[charge_scheduler-1] [INFO] [1785325760.546845375] [charge_scheduler]:   ✓ 比值自检：420 个 OD 满足 机动/直线≥1 | 均值=2.70 最大=41.42 (车#4→车#10)
[charge_scheduler-1] [INFO] [1785325760.546856268] [charge_scheduler]: [Scheduler] 地图就绪, 166 条 lanelet（与下层一致）
[charge_scheduler-1] [INFO] [1785325760.546914210] [charge_scheduler]: ======== 开始VRPTW调度 20 辆车 ========
[charge_scheduler-1] [INFO] [1785325760.546920396] [charge_scheduler]:   规模20>8 → 启发式(alns)
[charge_scheduler-1] [INFO] [1785325773.546552736] [charge_scheduler]: [ALNS] objective_order=Tover,Nlate,Ctotal seed=3 iters=15000 | N_late=6(成功率70.0%) T_overtime=110.5min C_total=3941.6m | 趟数=8 makespan=386.0min
[charge_scheduler-1] [INFO] [1785325773.546599789] [charge_scheduler]:   求解耗时 12999.7 ms
[charge_scheduler-1] [INFO] [1785325773.546617116] [charge_scheduler]: ════════ 调度结果 ════════
[charge_scheduler-1] [INFO] [1785325773.546621843] [charge_scheduler]:   ★目标(字典序): objective_order=Tover,Nlate,Ctotal | N_late=6 辆 (按时成功率 14/20 = 70.0%)  T_overtime=110.5min  C_total=3941.6m
[charge_scheduler-1] [INFO] [1785325773.546628223] [charge_scheduler]:   附: 趟数=8 | makespan=386.0min | 能量可行=是
[charge_scheduler-1] [INFO] [1785325773.546639090] [charge_scheduler]:   [充电车2] 趟1: 站 → 车#12(到2.3/限230.4✓) → 车#4(到9.4/限212.0✓) → 车#15(到20.7/限44.8✓) → 车#7(到46.3/限64.0✓) → 车#1(到71.5/限96.0✓) → 站
[charge_scheduler-1] [INFO] [1785325773.546645481] [charge_scheduler]:   [充电车1] 趟2: 站 → 车#8(到4.0/限196.0✓) → 车#3(到17.1/限32.0✓) → 车#11(到41.5/限83.2✓) → 车#18(到82.4/限102.4✓) → 站
[charge_scheduler-1] [INFO] [1785325773.546650500] [charge_scheduler]:   [充电车2] 趟3: 站 → 车#13(到110.4/限128.8✓) → 车#5(到145.8/限128.0✗超时) → 站
[charge_scheduler-1] [INFO] [1785325773.546656308] [charge_scheduler]:   [充电车1] 趟4: 站 → 车#9(到121.3/限116.0✗超时) → 车#0(到158.1/限168.0✓) → 车#10(到196.1/限224.0✓) → 站
[charge_scheduler-1] [INFO] [1785325773.546661079] [charge_scheduler]:   [充电车2] 趟5: 站 → 车#16(到204.6/限184.8✗超时) → 车#6(到240.1/限176.0✗超时) → 站
[charge_scheduler-1] [INFO] [1785325773.546665978] [charge_scheduler]:   [充电车1] 趟6: 站 → 车#19(到244.1/限240.8✗超时) → 车#2(到281.4/限288.0✓) → 站
[charge_scheduler-1] [INFO] [1785325773.546670014] [charge_scheduler]:   [充电车1] 趟7: 站 → 车#17(到339.4/限339.2✗超时) → 站
[charge_scheduler-1] [INFO] [1785325773.546674096] [charge_scheduler]:   [充电车2] 趟8: 站 → 车#14(到299.6/限300.8✓) → 站
[charge_scheduler-1] [INFO] [1785325773.546677341] [charge_scheduler]: ════════════════════════
[charge_scheduler-1] [INFO] [1785325773.546682921] [charge_scheduler]:   ⏱ 任务计时开始 (t=0)
[charge_scheduler-1] [INFO] [1785325773.546976963] [charge_scheduler]:   → 趟1 第1辆: 车#12 [重型叉车] (-61.70,-20.70) 容量200.00kWh 剩余62% | 承诺完成=8.58min plan_v=0
