[INFO] [launch]: All log files can be found below /root/.ros/log/2026-07-29-11-47-10-919634-YYYY-2169
[INFO] [launch]: Default logging verbosity is set to INFO
[INFO] [charge_scheduler-1]: process started with pid [2171]
[charge_scheduler-1] [INFO] [1785325631.069270913] [charge_scheduler]: [目标顺序] objective_order=Tover,Nlate,Ctotal
[charge_scheduler-1] [INFO] [1785325631.071072715] [charge_scheduler]: [Scheduler] 10辆车 | 电池800.0kWh(20%=160.0 80%=640.0) | 充电360kW效率97% | 行驶0.6kWh/km | 桩350kW
[charge_scheduler-1] [INFO] [1785325631.071125571] [charge_scheduler]: [Scheduler] 站端周转: 换电 10 min(换后满电) | 单趟可用 640 kWh
[charge_scheduler-1] [INFO] [1785325631.071140066] [charge_scheduler]:   车#0 [电动装载机282|light] 位置(-71.0,-19.0) 容量282kWh 剩余35% | α=6→6min/% τ=168min → 需130.8kWh(充21.2min)
[charge_scheduler-1] [INFO] [1785325631.071163270] [charge_scheduler]:   车#1 [重型叉车|light] 位置(-88.8,-37.1) 容量200kWh 剩余20% | α=6→6min/% τ=96min → 需123.7kWh(充20.0min)
[charge_scheduler-1] [INFO] [1785325631.071182500] [charge_scheduler]:   车#2 [电动装载机350|light] 位置(-100.0,-1.0) 容量350kWh 剩余50% | α=6→6min/% τ=288min → 需108.2kWh(充17.5min)
[charge_scheduler-1] [INFO] [1785325631.071201432] [charge_scheduler]:   车#3 [重型叉车|light] 位置(-43.8,-82.9) 容量200kWh 剩余10% | α=6→6min/% τ=32min → 需144.3kWh(充23.3min)
[charge_scheduler-1] [INFO] [1785325631.071219845] [charge_scheduler]:   车#4 [电动装载机282|heavy→降级] 位置(-31.1,-74.7) 容量282kWh 剩余60% | α=3→6min/% τ=212min → 需58.1kWh(充9.4min)
[charge_scheduler-1] [INFO] [1785325631.071238875] [charge_scheduler]:   车#5 [电动装载机350|light] 位置(-88.2,47.1) 容量350kWh 剩余25% | α=6→6min/% τ=128min → 需198.5kWh(充32.1min)
[charge_scheduler-1] [INFO] [1785325631.071261062] [charge_scheduler]:   车#6 [电动装载机350|heavy→降级] 位置(-71.4,16.3) 容量350kWh 剩余40% | α=4→6min/% τ=176min → 需144.3kWh(充23.3min)
[charge_scheduler-1] [INFO] [1785325631.071279621] [charge_scheduler]:   车#7 [重型叉车|light] 位置(-71.6,11.6) 容量200kWh 剩余15% | α=6→6min/% τ=64min → 需134.0kWh(充21.7min)
[charge_scheduler-1] [INFO] [1785325631.071298296] [charge_scheduler]:   车#8 [电动装载机282|heavy→降级] 位置(-90.4,60.5) 容量282kWh 剩余55% | α=3→6min/% τ=196min → 需72.7kWh(充11.8min)
[charge_scheduler-1] [INFO] [1785325631.071316547] [charge_scheduler]:   车#9 [电动装载机282|heavy→降级] 位置(-87.0,-36.6) 容量282kWh 剩余30% | α=3→6min/% τ=116min → 需145.4kWh(充23.5min)
[charge_scheduler-1] [INFO] [1785325631.082663760] [charge_scheduler]: [Scheduler] 闭环接口: threshold=2.0min | event_sim=off | policy=global | structured_feedback=optional (/task_planner/execution_event)
[charge_scheduler-1] [INFO] [1785325631.082696351] [charge_scheduler]: [Scheduler] 已启动, 等待地图...
[charge_scheduler-1] [INFO] [1785325631.142008245] [charge_scheduler]: [Scheduler] RoutingGraph 就绪
[charge_scheduler-1] [INFO] [1785325631.142354347] [charge_scheduler]: [Scheduler] 提取到 6 条虚线捷径
[charge_scheduler-1] [INFO] [1785325631.157547375] [charge_scheduler]: [Scheduler] 下层兼容增强图: 166 节点, 6 条虚线掉头边
[charge_scheduler-1] [INFO] [1785325631.162570148] [charge_scheduler]:   [Abstract] 站 → lanelet(14, 29)，形成2×2四路径候选
[charge_scheduler-1] [INFO] [1785325631.167252690] [charge_scheduler]:   [Abstract] 车#0 → lanelet(218, 219)，形成2×2四路径候选
[charge_scheduler-1] [INFO] [1785325631.171697935] [charge_scheduler]:   [Abstract] 车#1 → lanelet(87, 88)，形成2×2四路径候选
[charge_scheduler-1] [INFO] [1785325631.176262922] [charge_scheduler]:   [Abstract] 车#2 → lanelet(99, 98)，形成2×2四路径候选
[charge_scheduler-1] [INFO] [1785325631.179900839] [charge_scheduler]:   [Abstract] 车#3 → lanelet(77, 76)，形成2×2四路径候选
[charge_scheduler-1] [INFO] [1785325631.183553867] [charge_scheduler]:   [Abstract] 车#4 → lanelet(76, 77)，形成2×2四路径候选
[charge_scheduler-1] [INFO] [1785325631.186902280] [charge_scheduler]:   [Abstract] 车#5 → lanelet(114, 106)，形成2×2四路径候选
[charge_scheduler-1] [INFO] [1785325631.191076051] [charge_scheduler]:   [Abstract] 车#6 → lanelet(216, 217)，形成2×2四路径候选
[charge_scheduler-1] [INFO] [1785325631.194582674] [charge_scheduler]:   [Abstract] 车#7 → lanelet(216, 217)，形成2×2四路径候选
[charge_scheduler-1] [INFO] [1785325631.199096954] [charge_scheduler]:   [Abstract] 车#8 → lanelet(106, 114)，形成2×2四路径候选
[charge_scheduler-1] [INFO] [1785325631.203996925] [charge_scheduler]:   [Abstract] 车#9 → lanelet(87, 88)，形成2×2四路径候选
[charge_scheduler-1] [INFO] [1785325632.903431919] [charge_scheduler]: [Scheduler] 距离矩阵完成 11x11, 1745.8 ms | 模式=abstract | 真实不可达=0 抽象不可达=0 | 缺少对向投影节点=0
[charge_scheduler-1] [INFO] [1785325632.903516099] [charge_scheduler]:   ✓ 比值自检：110 个 OD 满足 机动/直线≥1 | 均值=3.16 最大=23.07 (车#8→车#5)
[charge_scheduler-1] [INFO] [1785325632.903529957] [charge_scheduler]:   [Abstract诊断] 有限OD=110 | ABS<MAN=110 | ABS/MAN均值=0.641 最大=0.984 | 最大非对称差=12.691m
[charge_scheduler-1] [INFO] [1785325632.903537559] [charge_scheduler]: [Scheduler] 地图就绪, 166 条 lanelet（与下层一致）
[charge_scheduler-1] [INFO] [1785325632.903600192] [charge_scheduler]: ======== 开始VRPTW调度 10 辆车 ========
[charge_scheduler-1] [INFO] [1785325632.903608028] [charge_scheduler]:   规模10>8 → 启发式(alns)
[charge_scheduler-1] [INFO] [1785325634.393450486] [charge_scheduler]: [ALNS] objective_order=Tover,Nlate,Ctotal seed=2 iters=8000 | N_late=4(成功率60.0%) T_overtime=162.0min C_total=1359.8m | 趟数=4 makespan=348.6min
[charge_scheduler-1] [INFO] [1785325634.393518925] [charge_scheduler]:   求解耗时 1489.9 ms
[charge_scheduler-1] [INFO] [1785325634.393526565] [charge_scheduler]: ════════ 调度结果 ════════
[charge_scheduler-1] [INFO] [1785325634.393531514] [charge_scheduler]:   ★目标(字典序): objective_order=Tover,Nlate,Ctotal | N_late=4 辆 (按时成功率 6/10 = 60.0%)  T_overtime=162.0min  C_total=1359.8m
[charge_scheduler-1] [INFO] [1785325634.393537437] [charge_scheduler]:   附: 趟数=4 | makespan=348.6min | 能量可行=是
[charge_scheduler-1] [INFO] [1785325634.393548184] [charge_scheduler]:   趟1: 站 → 车#8(到2.1/限196.0✓) → 车#4(到16.9/限212.0✓) → 车#3(到29.0/限32.0✓) → 车#7(到55.5/限64.0✓) → 车#1(到81.1/限96.0✓) → 站
[charge_scheduler-1] [INFO] [1785325634.393554260] [charge_scheduler]:   趟2: 站 → 车#9(到119.0/限116.0✗超时) → 车#0(到154.9/限168.0✓) → 站
[charge_scheduler-1] [INFO] [1785325634.393559712] [charge_scheduler]:   趟3: 站 → 车#6(到201.5/限176.0✗超时) → 车#5(到246.1/限128.0✗超时) → 站
[charge_scheduler-1] [INFO] [1785325634.393563712] [charge_scheduler]:   趟4: 站 → 车#2(到303.4/限288.0✗超时) → 站
[charge_scheduler-1] [INFO] [1785325634.393567152] [charge_scheduler]: ════════════════════════
[charge_scheduler-1] [WARN] [1785325634.393586931] [charge_scheduler]: ════ 耦合消融重放：抽象路网定序 → 同K真实机动执行 ════
[charge_scheduler-1] [WARN] [1785325634.393591131] [charge_scheduler]:   【抽象路网仅生成顺序；K=1、能量、换电、分趟和并行时间线均按真实机动距离重新解码】
[charge_scheduler-1] [WARN] [1785325634.393595278] [charge_scheduler]:   N_late=4 (按时率 6/10 = 60.0%)   T_overtime=212.7min   C_total=2406.5m   makespan=365.9min   能量违规=0   objective_order=Tover,Nlate,Ctotal
[charge_scheduler-1] [WARN] [1785325634.393601502] [charge_scheduler]:   逐辆到达时刻（真实机动距离、同K解码）：
[charge_scheduler-1] [WARN] [1785325634.393605163] [charge_scheduler]:      车#0 到达 162.7 / 限 168.0 ✓
[charge_scheduler-1] [WARN] [1785325634.393609806] [charge_scheduler]:      车#1 到达 87.0 / 限 96.0 ✓
[charge_scheduler-1] [WARN] [1785325634.393614074] [charge_scheduler]:      车#2 到达 320.5 / 限 288.0 ✗超时
[charge_scheduler-1] [WARN] [1785325634.393618218] [charge_scheduler]:      车#3 到达 31.1 / 限 32.0 ✓
[charge_scheduler-1] [WARN] [1785325634.393622064] [charge_scheduler]:      车#4 到达 18.6 / 限 212.0 ✓
[charge_scheduler-1] [WARN] [1785325634.393625967] [charge_scheduler]:      车#5 到达 260.4 / 限 128.0 ✗超时
[charge_scheduler-1] [WARN] [1785325634.393629967] [charge_scheduler]:      车#6 到达 214.1 / 限 176.0 ✗超时
[charge_scheduler-1] [WARN] [1785325634.393633940] [charge_scheduler]:      车#7 到达 61.0 / 限 64.0 ✓
[charge_scheduler-1] [WARN] [1785325634.393637985] [charge_scheduler]:      车#8 到达 2.1 / 限 196.0 ✓
[charge_scheduler-1] [WARN] [1785325634.393641870] [charge_scheduler]:      车#9 到达 125.6 / 限 116.0 ✗超时
[charge_scheduler-1] [WARN] [1785325634.393647545] [charge_scheduler]:   抽象路网生成的固定访问顺序 = #8 #4 #3 #7 #1 #9 #0 #6 #5 #2 
[charge_scheduler-1] [WARN] [1785325634.393651154] [charge_scheduler]: ════════════════════════════════════════
[charge_scheduler-1] [INFO] [1785325634.393657669] [charge_scheduler]:   ⏱ 任务计时开始 (t=0)
[charge_scheduler-1] [INFO] [1785325634.393898188] [charge_scheduler]:   → 趟1 第1辆: 车#8 [电动装载机282] (-90.40,60.50) 容量282.00kWh 剩余55% | 承诺完成=14.12min plan_v=0
