[INFO] [launch]: All log files can be found below /root/.ros/log/2026-07-29-11-48-18-760791-YYYY-2566
[INFO] [launch]: Default logging verbosity is set to INFO
[INFO] [charge_scheduler-1]: process started with pid [2568]
[charge_scheduler-1] [INFO] [1785325698.898062997] [charge_scheduler]: [目标顺序] objective_order=Tover,Nlate,Ctotal
[charge_scheduler-1] [INFO] [1785325698.898774039] [charge_scheduler]: [Scheduler] 10辆车 | 电池800.0kWh(20%=160.0 80%=640.0) | 充电360kW效率97% | 行驶0.6kWh/km | 桩350kW
[charge_scheduler-1] [INFO] [1785325698.898818232] [charge_scheduler]: [Scheduler] 站端周转: 换电 10 min(换后满电) | 单趟可用 640 kWh
[charge_scheduler-1] [INFO] [1785325698.898827266] [charge_scheduler]:   车#0 [电动装载机282|light] 位置(-71.0,-19.0) 容量282kWh 剩余35% | α=6→6min/% τ=168min → 需130.8kWh(充21.2min)
[charge_scheduler-1] [INFO] [1785325698.898841723] [charge_scheduler]:   车#1 [重型叉车|light] 位置(-88.8,-37.1) 容量200kWh 剩余20% | α=6→6min/% τ=96min → 需123.7kWh(充20.0min)
[charge_scheduler-1] [INFO] [1785325698.898853379] [charge_scheduler]:   车#2 [电动装载机350|light] 位置(-100.0,-1.0) 容量350kWh 剩余50% | α=6→6min/% τ=288min → 需108.2kWh(充17.5min)
[charge_scheduler-1] [INFO] [1785325698.898867995] [charge_scheduler]:   车#3 [重型叉车|light] 位置(-43.8,-82.9) 容量200kWh 剩余10% | α=6→6min/% τ=32min → 需144.3kWh(充23.3min)
[charge_scheduler-1] [INFO] [1785325698.898879767] [charge_scheduler]:   车#4 [电动装载机282|heavy→降级] 位置(-31.1,-74.7) 容量282kWh 剩余60% | α=3→6min/% τ=212min → 需58.1kWh(充9.4min)
[charge_scheduler-1] [INFO] [1785325698.898890791] [charge_scheduler]:   车#5 [电动装载机350|light] 位置(-88.2,47.1) 容量350kWh 剩余25% | α=6→6min/% τ=128min → 需198.5kWh(充32.1min)
[charge_scheduler-1] [INFO] [1785325698.898901908] [charge_scheduler]:   车#6 [电动装载机350|heavy→降级] 位置(-71.4,16.3) 容量350kWh 剩余40% | α=4→6min/% τ=176min → 需144.3kWh(充23.3min)
[charge_scheduler-1] [INFO] [1785325698.898913171] [charge_scheduler]:   车#7 [重型叉车|light] 位置(-71.6,11.6) 容量200kWh 剩余15% | α=6→6min/% τ=64min → 需134.0kWh(充21.7min)
[charge_scheduler-1] [INFO] [1785325698.898924725] [charge_scheduler]:   车#8 [电动装载机282|heavy→降级] 位置(-90.4,60.5) 容量282kWh 剩余55% | α=3→6min/% τ=196min → 需72.7kWh(充11.8min)
[charge_scheduler-1] [INFO] [1785325698.898938277] [charge_scheduler]:   车#9 [电动装载机282|heavy→降级] 位置(-87.0,-36.6) 容量282kWh 剩余30% | α=3→6min/% τ=116min → 需145.4kWh(充23.5min)
[charge_scheduler-1] [INFO] [1785325698.910425748] [charge_scheduler]: [Scheduler] 闭环接口: threshold=2.0min | event_sim=off | policy=global | structured_feedback=optional (/task_planner/execution_event)
[charge_scheduler-1] [INFO] [1785325698.910724286] [charge_scheduler]: [Scheduler] 已启动, 等待地图...
[charge_scheduler-1] [INFO] [1785325698.982228284] [charge_scheduler]: [Scheduler] RoutingGraph 就绪
[charge_scheduler-1] [INFO] [1785325698.982543021] [charge_scheduler]: [Scheduler] 提取到 6 条虚线捷径
[charge_scheduler-1] [INFO] [1785325698.993545735] [charge_scheduler]: [Scheduler] 下层兼容增强图: 166 节点, 6 条虚线掉头边
[charge_scheduler-1] [INFO] [1785325699.844163831] [charge_scheduler]: [Scheduler] 距离矩阵完成 11x11, 850.6 ms | 模式=euclid | 真实不可达=0 抽象不可达=0 | 缺少对向投影节点=0
[charge_scheduler-1] [INFO] [1785325699.844210812] [charge_scheduler]:   ✓ 比值自检：110 个 OD 满足 机动/直线≥1 | 均值=3.16 最大=23.07 (车#8→车#5)
[charge_scheduler-1] [INFO] [1785325699.844219394] [charge_scheduler]: [Scheduler] 地图就绪, 166 条 lanelet（与下层一致）
[charge_scheduler-1] [INFO] [1785325699.844262456] [charge_scheduler]: ======== 开始VRPTW调度 10 辆车 ========
[charge_scheduler-1] [INFO] [1785325699.844267172] [charge_scheduler]:   规模10>8 → 启发式(alns)
[charge_scheduler-1] [INFO] [1785325701.294498219] [charge_scheduler]: [ALNS] objective_order=Tover,Nlate,Ctotal seed=6 iters=8000 | N_late=4(成功率60.0%) T_overtime=147.4min C_total=1113.8m | 趟数=4 makespan=344.2min
[charge_scheduler-1] [INFO] [1785325701.294548544] [charge_scheduler]:   求解耗时 1450.3 ms
[charge_scheduler-1] [INFO] [1785325701.294555389] [charge_scheduler]: ════════ 调度结果 ════════
[charge_scheduler-1] [INFO] [1785325701.294559738] [charge_scheduler]:   ★目标(字典序): objective_order=Tover,Nlate,Ctotal | N_late=4 辆 (按时成功率 6/10 = 60.0%)  T_overtime=147.4min  C_total=1113.8m
[charge_scheduler-1] [INFO] [1785325701.294565244] [charge_scheduler]:   附: 趟数=4 | makespan=344.2min | 能量可行=是
[charge_scheduler-1] [INFO] [1785325701.294575314] [charge_scheduler]:   趟1: 站 → 车#8(到1.6/限196.0✓) → 车#4(到15.8/限212.0✓) → 车#3(到27.8/限32.0✓) → 车#7(到54.0/限64.0✓) → 车#1(到79.3/限96.0✓) → 站
[charge_scheduler-1] [INFO] [1785325701.294609701] [charge_scheduler]:   趟2: 站 → 车#9(到116.3/限116.0✗超时) → 车#0(到151.9/限168.0✓) → 站
[charge_scheduler-1] [INFO] [1785325701.294615240] [charge_scheduler]:   趟3: 站 → 车#6(到198.0/限176.0✗超时) → 车#5(到242.2/限128.0✗超时) → 站
[charge_scheduler-1] [INFO] [1785325701.294619018] [charge_scheduler]:   趟4: 站 → 车#2(到298.9/限288.0✗超时) → 站
[charge_scheduler-1] [INFO] [1785325701.294622433] [charge_scheduler]: ════════════════════════
[charge_scheduler-1] [WARN] [1785325701.294643863] [charge_scheduler]: ════ 耦合消融重放：欧氏距离定序 → 同K真实机动执行 ════
[charge_scheduler-1] [WARN] [1785325701.294648057] [charge_scheduler]:   【欧氏距离仅生成顺序；K=1、能量、换电、分趟和并行时间线均按真实机动距离重新解码】
[charge_scheduler-1] [WARN] [1785325701.294651937] [charge_scheduler]:   N_late=4 (按时率 6/10 = 60.0%)   T_overtime=212.7min   C_total=2406.5m   makespan=365.9min   能量违规=0   objective_order=Tover,Nlate,Ctotal
[charge_scheduler-1] [WARN] [1785325701.294657889] [charge_scheduler]:   逐辆到达时刻（真实机动距离、同K解码）：
[charge_scheduler-1] [WARN] [1785325701.294661597] [charge_scheduler]:      车#0 到达 162.7 / 限 168.0 ✓
[charge_scheduler-1] [WARN] [1785325701.294666220] [charge_scheduler]:      车#1 到达 87.0 / 限 96.0 ✓
[charge_scheduler-1] [WARN] [1785325701.294670491] [charge_scheduler]:      车#2 到达 320.5 / 限 288.0 ✗超时
[charge_scheduler-1] [WARN] [1785325701.294676932] [charge_scheduler]:      车#3 到达 31.1 / 限 32.0 ✓
[charge_scheduler-1] [WARN] [1785325701.294681185] [charge_scheduler]:      车#4 到达 18.6 / 限 212.0 ✓
[charge_scheduler-1] [WARN] [1785325701.294685437] [charge_scheduler]:      车#5 到达 260.4 / 限 128.0 ✗超时
[charge_scheduler-1] [WARN] [1785325701.294689754] [charge_scheduler]:      车#6 到达 214.1 / 限 176.0 ✗超时
[charge_scheduler-1] [WARN] [1785325701.294693986] [charge_scheduler]:      车#7 到达 61.0 / 限 64.0 ✓
[charge_scheduler-1] [WARN] [1785325701.294698112] [charge_scheduler]:      车#8 到达 2.1 / 限 196.0 ✓
[charge_scheduler-1] [WARN] [1785325701.294702258] [charge_scheduler]:      车#9 到达 125.6 / 限 116.0 ✗超时
[charge_scheduler-1] [WARN] [1785325701.294708205] [charge_scheduler]:   欧氏距离生成的固定访问顺序 = #8 #4 #3 #7 #1 #9 #0 #6 #5 #2 
[charge_scheduler-1] [WARN] [1785325701.294711882] [charge_scheduler]: ════════════════════════════════════════
[charge_scheduler-1] [INFO] [1785325701.294724033] [charge_scheduler]:   ⏱ 任务计时开始 (t=0)
[charge_scheduler-1] [INFO] [1785325701.294974467] [charge_scheduler]:   → 趟1 第1辆: 车#8 [电动装载机282] (-90.40,60.50) 容量282.00kWh 剩余55% | 承诺完成=13.59min plan_v=0
