[INFO] [launch]: All log files can be found below /root/.ros/log/2026-07-29-12-06-18-415401-YYYY-5473
[INFO] [launch]: Default logging verbosity is set to INFO
[INFO] [charge_scheduler-1]: process started with pid [5475]
[charge_scheduler-1] [INFO] [1785326778.564415030] [charge_scheduler]: [目标顺序] objective_order=Tover,Nlate,Ctotal
[charge_scheduler-1] [INFO] [1785326778.565294543] [charge_scheduler]: [Scheduler] 30辆车 | 电池800.0kWh(20%=160.0 80%=640.0) | 充电360kW效率97% | 行驶0.6kWh/km | 桩350kW
[charge_scheduler-1] [INFO] [1785326778.565346301] [charge_scheduler]: [Scheduler] 站端周转: 换电 10 min(换后满电) | 单趟可用 640 kWh
[charge_scheduler-1] [INFO] [1785326778.565366835] [charge_scheduler]:   车#0 [电动装载机282|light] 位置(-47.3,-2.6) 容量282kWh 剩余35% | α=6→6min/% τ=168min → 需130.8kWh(充21.2min)
[charge_scheduler-1] [INFO] [1785326778.565393834] [charge_scheduler]:   车#1 [重型叉车|light] 位置(-44.0,-64.1) 容量200kWh 剩余20% | α=6→6min/% τ=96min → 需123.7kWh(充20.0min)
[charge_scheduler-1] [INFO] [1785326778.565416966] [charge_scheduler]:   车#2 [电动装载机350|light] 位置(-51.1,-38.8) 容量350kWh 剩余50% | α=6→6min/% τ=288min → 需108.2kWh(充17.5min)
[charge_scheduler-1] [INFO] [1785326778.565438003] [charge_scheduler]:   车#3 [重型叉车|light] 位置(-71.0,-19.0) 容量200kWh 剩余10% | α=6→6min/% τ=32min → 需144.3kWh(充23.3min)
[charge_scheduler-1] [INFO] [1785326778.565459389] [charge_scheduler]:   车#4 [电动装载机282|heavy→降级] 位置(-93.3,6.6) 容量282kWh 剩余60% | α=3→6min/% τ=212min → 需58.1kWh(充9.4min)
[charge_scheduler-1] [INFO] [1785326778.565482100] [charge_scheduler]:   车#5 [电动装载机350|light] 位置(-104.4,47.7) 容量350kWh 剩余25% | α=6→6min/% τ=128min → 需198.5kWh(充32.1min)
[charge_scheduler-1] [INFO] [1785326778.565511787] [charge_scheduler]:   车#6 [电动装载机350|heavy→降级] 位置(-37.0,-75.1) 容量350kWh 剩余40% | α=4→6min/% τ=176min → 需144.3kWh(充23.3min)
[charge_scheduler-1] [INFO] [1785326778.565534259] [charge_scheduler]:   车#7 [重型叉车|light] 位置(-88.8,-37.1) 容量200kWh 剩余15% | α=6→6min/% τ=64min → 需134.0kWh(充21.7min)
[charge_scheduler-1] [INFO] [1785326778.565554839] [charge_scheduler]:   车#8 [电动装载机282|heavy→降级] 位置(-70.9,27.7) 容量282kWh 剩余55% | α=3→6min/% τ=196min → 需72.7kWh(充11.8min)
[charge_scheduler-1] [INFO] [1785326778.565575340] [charge_scheduler]:   车#9 [电动装载机282|heavy→降级] 位置(-35.4,-47.4) 容量282kWh 剩余30% | α=3→6min/% τ=116min → 需145.4kWh(充23.5min)
[charge_scheduler-1] [INFO] [1785326778.565597885] [charge_scheduler]:   车#10 [电动装载机282|light] 位置(-100.0,-1.0) 容量282kWh 剩余45% | α=6→6min/% τ=224min → 需101.8kWh(充16.4min)
[charge_scheduler-1] [INFO] [1785326778.565635610] [charge_scheduler]:   车#11 [电动装载机350|light] 位置(-72.8,-15.6) 容量350kWh 剩余18% | α=6→6min/% τ=83min → 需223.7kWh(充36.2min)
[charge_scheduler-1] [INFO] [1785326778.565657231] [charge_scheduler]:   车#12 [重型叉车|heavy→降级] 位置(-61.7,-20.7) 容量200kWh 剩余62% | α=3→6min/% τ=230min → 需37.1kWh(充6.0min)
[charge_scheduler-1] [INFO] [1785326778.565677737] [charge_scheduler]:   车#13 [电动装载机282|light] 位置(-133.0,-25.3) 容量282kWh 剩余28% | α=6→6min/% τ=129min → 需151.2kWh(充24.4min)
[charge_scheduler-1] [INFO] [1785326778.565697500] [charge_scheduler]:   车#14 [电动装载机350|light] 位置(-132.0,-8.9) 容量350kWh 剩余52% | α=6→6min/% τ=301min → 需101.0kWh(充16.3min)
[charge_scheduler-1] [INFO] [1785326778.565717216] [charge_scheduler]:   车#15 [重型叉车|light] 位置(-120.0,7.9) 容量200kWh 剩余12% | α=6→6min/% τ=45min → 需140.2kWh(充22.7min)
[charge_scheduler-1] [INFO] [1785326778.565737090] [charge_scheduler]:   车#16 [电动装载机282|light] 位置(-43.8,-82.9) 容量282kWh 剩余38% | α=6→6min/% τ=185min → 需122.1kWh(充19.7min)
[charge_scheduler-1] [INFO] [1785326778.565756784] [charge_scheduler]:   车#17 [电动装载机350|light] 位置(-31.1,-74.7) 容量350kWh 剩余58% | α=6→6min/% τ=339min → 需79.4kWh(充12.8min)
[charge_scheduler-1] [INFO] [1785326778.565783008] [charge_scheduler]:   车#18 [重型叉车|heavy→降级] 位置(-75.4,-68.2) 容量200kWh 剩余22% | α=3→6min/% τ=102min → 需119.6kWh(充19.3min)
[charge_scheduler-1] [INFO] [1785326778.565803952] [charge_scheduler]:   车#19 [电动装载机282|light] 位置(-88.2,47.1) 容量282kWh 剩余48% | α=6→6min/% τ=241min → 需93.0kWh(充15.0min)
[charge_scheduler-1] [INFO] [1785326778.565827943] [charge_scheduler]:   车#20 [电动装载机350|light] 位置(-71.4,16.3) 容量350kWh 剩余33% | α=6→6min/% τ=179min → 需169.6kWh(充27.4min)
[charge_scheduler-1] [INFO] [1785326778.565887868] [charge_scheduler]:   车#21 [重型叉车|heavy→降级] 位置(-122.0,-0.6) 容量200kWh 剩余65% | α=3→6min/% τ=240min → 需30.9kWh(充5.0min)
[charge_scheduler-1] [INFO] [1785326778.565911064] [charge_scheduler]:   车#22 [电动装载机282|light] 位置(-71.6,11.6) 容量282kWh 剩余16% | α=6→6min/% τ=62min → 需186.1kWh(充30.1min)
[charge_scheduler-1] [INFO] [1785326778.565930182] [charge_scheduler]:   车#23 [电动装载机350|light] 位置(-131.0,37.2) 容量350kWh 剩余42% | α=6→6min/% τ=237min → 需137.1kWh(充22.2min)
[charge_scheduler-1] [INFO] [1785326778.565954035] [charge_scheduler]:   车#24 [重型叉车|heavy→降级] 位置(-51.3,5.9) 容量200kWh 剩余25% | α=3→6min/% τ=112min → 需113.4kWh(充18.3min)
[charge_scheduler-1] [INFO] [1785326778.565972763] [charge_scheduler]:   车#25 [电动装载机282|light] 位置(-62.2,-10.7) 容量282kWh 剩余55% | α=6→6min/% τ=280min → 需72.7kWh(充11.8min)
[charge_scheduler-1] [INFO] [1785326778.565991274] [charge_scheduler]:   车#26 [电动装载机350|light] 位置(-116.0,60.4) 容量350kWh 剩余30% | α=6→6min/% τ=160min → 需180.4kWh(充29.2min)
[charge_scheduler-1] [INFO] [1785326778.566009907] [charge_scheduler]:   车#27 [重型叉车|heavy→降级] 位置(-90.4,60.5) 容量200kWh 剩余68% | α=3→6min/% τ=250min → 需24.7kWh(充4.0min)
[charge_scheduler-1] [INFO] [1785326778.566027855] [charge_scheduler]:   车#28 [电动装载机282|light] 位置(-85.5,-46.0) 容量282kWh 剩余20% | α=6→6min/% τ=84min → 需174.4kWh(充28.2min)
[charge_scheduler-1] [INFO] [1785326778.566045956] [charge_scheduler]:   车#29 [电动装载机350|light] 位置(-87.0,-36.6) 容量350kWh 剩余36% | α=6→6min/% τ=198min → 需158.8kWh(充25.7min)
[charge_scheduler-1] [INFO] [1785326778.574514945] [charge_scheduler]: [Scheduler] 闭环接口: threshold=2.0min | event_sim=off | policy=global | structured_feedback=optional (/task_planner/execution_event)
[charge_scheduler-1] [INFO] [1785326778.574551511] [charge_scheduler]: [Scheduler] 已启动, 等待地图...
[charge_scheduler-1] [INFO] [1785326778.631778522] [charge_scheduler]: [Scheduler] RoutingGraph 就绪
[charge_scheduler-1] [INFO] [1785326778.632038271] [charge_scheduler]: [Scheduler] 提取到 6 条虚线捷径
[charge_scheduler-1] [INFO] [1785326778.649138772] [charge_scheduler]: [Scheduler] 下层兼容增强图: 166 节点, 6 条虚线掉头边
[charge_scheduler-1] [INFO] [1785326785.581531852] [charge_scheduler]: [Scheduler] 距离矩阵完成 31x31, 6932.3 ms | 模式=maneuver | 真实不可达=0 抽象不可达=0 | 缺少对向投影节点=0
[charge_scheduler-1] [INFO] [1785326785.581643270] [charge_scheduler]:   ✓ 比值自检：930 个 OD 满足 机动/直线≥1 | 均值=2.97 最大=42.81 (车#15→车#21)
[charge_scheduler-1] [INFO] [1785326785.581654957] [charge_scheduler]: [Scheduler] 地图就绪, 166 条 lanelet（与下层一致）
[charge_scheduler-1] [INFO] [1785326785.581745061] [charge_scheduler]: ======== 开始VRPTW调度 30 辆车 ========
[charge_scheduler-1] [INFO] [1785326785.581751545] [charge_scheduler]:   规模30>8 → 启发式(alns)
[charge_scheduler-1] [INFO] [1785326836.149517964] [charge_scheduler]: [ALNS] objective_order=Tover,Nlate,Ctotal seed=9 iters=15000 | N_late=5(成功率83.3%) T_overtime=148.2min C_total=5740.9m | 趟数=11 makespan=377.9min
[charge_scheduler-1] [INFO] [1785326836.149570024] [charge_scheduler]:   求解耗时 50567.8 ms
[charge_scheduler-1] [INFO] [1785326836.149587354] [charge_scheduler]: ════════ 调度结果 ════════
[charge_scheduler-1] [INFO] [1785326836.149592870] [charge_scheduler]:   ★目标(字典序): objective_order=Tover,Nlate,Ctotal | N_late=5 辆 (按时成功率 25/30 = 83.3%)  T_overtime=148.2min  C_total=5740.9m
[charge_scheduler-1] [INFO] [1785326836.149599122] [charge_scheduler]:   附: 趟数=11 | makespan=377.9min | 能量可行=是
[charge_scheduler-1] [INFO] [1785326836.149610198] [charge_scheduler]:   [充电车2] 趟1: 站 → 车#9(到2.2/限116.0✓) → 车#3(到27.9/限32.0✓) → 车#11(到52.8/限83.2✓) → 站
[charge_scheduler-1] [INFO] [1785326836.149617927] [charge_scheduler]:   [充电车1] 趟2: 站 → 车#27(到2.1/限249.6✓) → 车#21(到8.2/限240.0✓) → 车#12(到16.2/限230.4✓) → 车#15(到25.1/限44.8✓) → 车#7(到50.9/限64.0✓) → 车#28(到75.5/限84.0✓) → 站
[charge_scheduler-1] [INFO] [1785326836.149673592] [charge_scheduler]:   [充电车3] 趟3: 站 → 车#4(到1.4/限212.0✓) → 车#8(到13.7/限196.0✓) → 车#22(到27.8/限61.6✓) → 车#18(到61.6/限102.4✓) → 车#1(到85.6/限96.0✓) → 站
[charge_scheduler-1] [INFO] [1785326836.149679129] [charge_scheduler]:   [充电车3] 趟4: 站 → 车#5(到125.6/限128.0✓) → 车#20(到170.3/限179.2✓) → 站
[charge_scheduler-1] [INFO] [1785326836.149685517] [charge_scheduler]:   [充电车2] 趟5: 站 → 车#24(到107.1/限112.0✓) → 车#26(到133.6/限160.0✓) → 车#16(到178.7/限184.8✓) → 站
[charge_scheduler-1] [INFO] [1785326836.149691368] [charge_scheduler]:   [充电车1] 趟6: 站 → 车#13(到124.9/限128.8✓) → 车#0(到163.0/限168.0✓) → 车#10(到201.5/限224.0✓) → 站
[charge_scheduler-1] [INFO] [1785326836.149696198] [charge_scheduler]:   [充电车2] 趟7: 站 → 车#6(到229.0/限176.0✗超时) → 车#25(到274.2/限280.0✓) → 站
[charge_scheduler-1] [INFO] [1785326836.149700856] [charge_scheduler]:   [充电车3] 趟8: 站 → 车#29(到226.5/限198.4✗超时) → 车#23(到272.3/限236.8✗超时) → 站
[charge_scheduler-1] [INFO] [1785326836.149705708] [charge_scheduler]:   [充电车1] 趟9: 站 → 车#19(到249.9/限240.8✗超时) → 车#2(到287.3/限288.0✓) → 站
[charge_scheduler-1] [INFO] [1785326836.149710376] [charge_scheduler]:   [充电车2] 趟10: 站 → 车#14(到323.3/限300.8✗超时) → 站
[charge_scheduler-1] [INFO] [1785326836.149715154] [charge_scheduler]:   [充电车3] 趟11: 站 → 车#17(到332.0/限339.2✓) → 站
[charge_scheduler-1] [INFO] [1785326836.149718686] [charge_scheduler]: ════════════════════════
[charge_scheduler-1] [INFO] [1785326836.149724171] [charge_scheduler]:   ⏱ 任务计时开始 (t=0)
[charge_scheduler-1] [INFO] [1785326836.150130798] [charge_scheduler]:   → 趟1 第1辆: 车#9 [电动装载机282] (-35.40,-47.44) 容量282.00kWh 剩余30% | 承诺完成=25.99min plan_v=0
