[INFO] [launch]: All log files can be found below /root/.ros/log/2026-07-29-11-51-44-188506-YYYY-3235
[INFO] [launch]: Default logging verbosity is set to INFO
[INFO] [charge_scheduler-1]: process started with pid [3237]
[charge_scheduler-1] [INFO] [1785325904.333928744] [charge_scheduler]: [目标顺序] objective_order=Tover,Nlate,Ctotal
[charge_scheduler-1] [INFO] [1785325904.334922823] [charge_scheduler]: [Scheduler] 20辆车 | 电池800.0kWh(20%=160.0 80%=640.0) | 充电360kW效率97% | 行驶0.6kWh/km | 桩350kW
[charge_scheduler-1] [INFO] [1785325904.334978159] [charge_scheduler]: [Scheduler] 站端周转: 换电 10 min(换后满电) | 单趟可用 640 kWh
[charge_scheduler-1] [INFO] [1785325904.334998943] [charge_scheduler]:   车#0 [电动装载机282|light] 位置(-47.3,-2.6) 容量282kWh 剩余35% | α=6→6min/% τ=168min → 需130.8kWh(充21.2min)
[charge_scheduler-1] [INFO] [1785325904.335026397] [charge_scheduler]:   车#1 [重型叉车|light] 位置(-44.0,-64.1) 容量200kWh 剩余20% | α=6→6min/% τ=96min → 需123.7kWh(充20.0min)
[charge_scheduler-1] [INFO] [1785325904.335051176] [charge_scheduler]:   车#2 [电动装载机350|light] 位置(-51.1,-38.8) 容量350kWh 剩余50% | α=6→6min/% τ=288min → 需108.2kWh(充17.5min)
[charge_scheduler-1] [INFO] [1785325904.335074103] [charge_scheduler]:   车#3 [重型叉车|light] 位置(-71.0,-19.0) 容量200kWh 剩余10% | α=6→6min/% τ=32min → 需144.3kWh(充23.3min)
[charge_scheduler-1] [INFO] [1785325904.335096924] [charge_scheduler]:   车#4 [电动装载机282|heavy→降级] 位置(-93.3,6.6) 容量282kWh 剩余60% | α=3→6min/% τ=212min → 需58.1kWh(充9.4min)
[charge_scheduler-1] [INFO] [1785325904.335118715] [charge_scheduler]:   车#5 [电动装载机350|light] 位置(-104.4,47.7) 容量350kWh 剩余25% | α=6→6min/% τ=128min → 需198.5kWh(充32.1min)
[charge_scheduler-1] [INFO] [1785325904.335140294] [charge_scheduler]:   车#6 [电动装载机350|heavy→降级] 位置(-37.0,-75.1) 容量350kWh 剩余40% | α=4→6min/% τ=176min → 需144.3kWh(充23.3min)
[charge_scheduler-1] [INFO] [1785325904.335161541] [charge_scheduler]:   车#7 [重型叉车|light] 位置(-88.8,-37.1) 容量200kWh 剩余15% | α=6→6min/% τ=64min → 需134.0kWh(充21.7min)
[charge_scheduler-1] [INFO] [1785325904.335183086] [charge_scheduler]:   车#8 [电动装载机282|heavy→降级] 位置(-70.9,27.7) 容量282kWh 剩余55% | α=3→6min/% τ=196min → 需72.7kWh(充11.8min)
[charge_scheduler-1] [INFO] [1785325904.335204987] [charge_scheduler]:   车#9 [电动装载机282|heavy→降级] 位置(-35.4,-47.4) 容量282kWh 剩余30% | α=3→6min/% τ=116min → 需145.4kWh(充23.5min)
[charge_scheduler-1] [INFO] [1785325904.335233547] [charge_scheduler]:   车#10 [电动装载机282|light] 位置(-100.0,-1.0) 容量282kWh 剩余45% | α=6→6min/% τ=224min → 需101.8kWh(充16.4min)
[charge_scheduler-1] [INFO] [1785325904.335255786] [charge_scheduler]:   车#11 [电动装载机350|light] 位置(-72.8,-15.6) 容量350kWh 剩余18% | α=6→6min/% τ=83min → 需223.7kWh(充36.2min)
[charge_scheduler-1] [INFO] [1785325904.335277159] [charge_scheduler]:   车#12 [重型叉车|heavy→降级] 位置(-61.7,-20.7) 容量200kWh 剩余62% | α=3→6min/% τ=230min → 需37.1kWh(充6.0min)
[charge_scheduler-1] [INFO] [1785325904.335298154] [charge_scheduler]:   车#13 [电动装载机282|light] 位置(-133.0,-25.3) 容量282kWh 剩余28% | α=6→6min/% τ=129min → 需151.2kWh(充24.4min)
[charge_scheduler-1] [INFO] [1785325904.335319300] [charge_scheduler]:   车#14 [电动装载机350|light] 位置(-132.0,-8.9) 容量350kWh 剩余52% | α=6→6min/% τ=301min → 需101.0kWh(充16.3min)
[charge_scheduler-1] [INFO] [1785325904.335340306] [charge_scheduler]:   车#15 [重型叉车|light] 位置(-120.0,7.9) 容量200kWh 剩余12% | α=6→6min/% τ=45min → 需140.2kWh(充22.7min)
[charge_scheduler-1] [INFO] [1785325904.335370445] [charge_scheduler]:   车#16 [电动装载机282|light] 位置(-43.8,-82.9) 容量282kWh 剩余38% | α=6→6min/% τ=185min → 需122.1kWh(充19.7min)
[charge_scheduler-1] [INFO] [1785325904.335397173] [charge_scheduler]:   车#17 [电动装载机350|light] 位置(-31.1,-74.7) 容量350kWh 剩余58% | α=6→6min/% τ=339min → 需79.4kWh(充12.8min)
[charge_scheduler-1] [INFO] [1785325904.335419021] [charge_scheduler]:   车#18 [重型叉车|heavy→降级] 位置(-75.4,-68.2) 容量200kWh 剩余22% | α=3→6min/% τ=102min → 需119.6kWh(充19.3min)
[charge_scheduler-1] [INFO] [1785325904.335440019] [charge_scheduler]:   车#19 [电动装载机282|light] 位置(-88.2,47.1) 容量282kWh 剩余48% | α=6→6min/% τ=241min → 需93.0kWh(充15.0min)
[charge_scheduler-1] [INFO] [1785325904.347212474] [charge_scheduler]: [Scheduler] 闭环接口: threshold=2.0min | event_sim=off | policy=global | structured_feedback=optional (/task_planner/execution_event)
[charge_scheduler-1] [INFO] [1785325904.347334655] [charge_scheduler]: [Scheduler] 已启动, 等待地图...
[charge_scheduler-1] [INFO] [1785325904.407437660] [charge_scheduler]: [Scheduler] RoutingGraph 就绪
[charge_scheduler-1] [INFO] [1785325904.407767680] [charge_scheduler]: [Scheduler] 提取到 6 条虚线捷径
[charge_scheduler-1] [INFO] [1785325904.420465579] [charge_scheduler]: [Scheduler] 下层兼容增强图: 166 节点, 6 条虚线掉头边
[charge_scheduler-1] [INFO] [1785325904.424707546] [charge_scheduler]:   [Abstract] 站 → lanelet(14, 29)，形成2×2四路径候选
[charge_scheduler-1] [INFO] [1785325904.428432511] [charge_scheduler]:   [Abstract] 车#0 → lanelet(29, 14)，形成2×2四路径候选
[charge_scheduler-1] [INFO] [1785325904.432074136] [charge_scheduler]:   [Abstract] 车#1 → lanelet(65, 66)，形成2×2四路径候选
[charge_scheduler-1] [INFO] [1785325904.436127829] [charge_scheduler]:   [Abstract] 车#2 → lanelet(43, 44)，形成2×2四路径候选
[charge_scheduler-1] [INFO] [1785325904.440613365] [charge_scheduler]:   [Abstract] 车#3 → lanelet(218, 219)，形成2×2四路径候选
[charge_scheduler-1] [INFO] [1785325904.444719151] [charge_scheduler]:   [Abstract] 车#4 → lanelet(98, 99)，形成2×2四路径候选
[charge_scheduler-1] [INFO] [1785325904.448587081] [charge_scheduler]:   [Abstract] 车#5 → lanelet(114, 106)，形成2×2四路径候选
[charge_scheduler-1] [INFO] [1785325904.455980331] [charge_scheduler]:   [Abstract] 车#6 → lanelet(76, 77)，形成2×2四路径候选
[charge_scheduler-1] [INFO] [1785325904.460452039] [charge_scheduler]:   [Abstract] 车#7 → lanelet(87, 88)，形成2×2四路径候选
[charge_scheduler-1] [INFO] [1785325904.464118629] [charge_scheduler]:   [Abstract] 车#8 → lanelet(216, 217)，形成2×2四路径候选
[charge_scheduler-1] [INFO] [1785325904.467744168] [charge_scheduler]:   [Abstract] 车#9 → lanelet(44, 43)，形成2×2四路径候选
[charge_scheduler-1] [INFO] [1785325904.474151295] [charge_scheduler]:   [Abstract] 车#10 → lanelet(99, 98)，形成2×2四路径候选
[charge_scheduler-1] [INFO] [1785325904.480044510] [charge_scheduler]:   [Abstract] 车#11 → lanelet(218, 219)，形成2×2四路径候选
[charge_scheduler-1] [INFO] [1785325904.484531256] [charge_scheduler]:   [Abstract] 车#12 → lanelet(219, 218)，形成2×2四路径候选
[charge_scheduler-1] [INFO] [1785325904.488428289] [charge_scheduler]:   [Abstract] 车#13 → lanelet(155, 154)，形成2×2四路径候选
[charge_scheduler-1] [INFO] [1785325904.491656694] [charge_scheduler]:   [Abstract] 车#14 → lanelet(155, 154)，形成2×2四路径候选
[charge_scheduler-1] [INFO] [1785325904.494809863] [charge_scheduler]:   [Abstract] 车#15 → lanelet(98, 99)，形成2×2四路径候选
[charge_scheduler-1] [INFO] [1785325904.498015574] [charge_scheduler]:   [Abstract] 车#16 → lanelet(77, 76)，形成2×2四路径候选
[charge_scheduler-1] [INFO] [1785325904.502448189] [charge_scheduler]:   [Abstract] 车#17 → lanelet(76, 77)，形成2×2四路径候选
[charge_scheduler-1] [INFO] [1785325904.506485507] [charge_scheduler]:   [Abstract] 车#18 → lanelet(220, 221)，形成2×2四路径候选
[charge_scheduler-1] [INFO] [1785325904.510300153] [charge_scheduler]:   [Abstract] 车#19 → lanelet(114, 106)，形成2×2四路径候选
[charge_scheduler-1] [INFO] [1785325911.134827327] [charge_scheduler]: [Scheduler] 距离矩阵完成 21x21, 6714.3 ms | 模式=abstract | 真实不可达=0 抽象不可达=0 | 缺少对向投影节点=0
[charge_scheduler-1] [INFO] [1785325911.134903350] [charge_scheduler]:   ✓ 比值自检：420 个 OD 满足 机动/直线≥1 | 均值=2.70 最大=41.42 (车#4→车#10)
[charge_scheduler-1] [INFO] [1785325911.134926434] [charge_scheduler]:   [Abstract诊断] 有限OD=420 | ABS<MAN=420 | ABS/MAN均值=0.679 最大=0.984 | 最大非对称差=174.334m
[charge_scheduler-1] [INFO] [1785325911.134937353] [charge_scheduler]: [Scheduler] 地图就绪, 166 条 lanelet（与下层一致）
[charge_scheduler-1] [INFO] [1785325911.134995258] [charge_scheduler]: ======== 开始VRPTW调度 20 辆车 ========
[charge_scheduler-1] [INFO] [1785325911.135001618] [charge_scheduler]:   规模20>8 → 启发式(alns)
[charge_scheduler-1] [INFO] [1785325923.371330990] [charge_scheduler]: [ALNS] objective_order=Tover,Nlate,Ctotal seed=1 iters=15000 | N_late=6(成功率70.0%) T_overtime=58.8min C_total=2954.1m | 趟数=8 makespan=368.7min
[charge_scheduler-1] [INFO] [1785325923.371376238] [charge_scheduler]:   求解耗时 12236.4 ms
[charge_scheduler-1] [INFO] [1785325923.371384138] [charge_scheduler]: ════════ 调度结果 ════════
[charge_scheduler-1] [INFO] [1785325923.371415760] [charge_scheduler]:   ★目标(字典序): objective_order=Tover,Nlate,Ctotal | N_late=6 辆 (按时成功率 14/20 = 70.0%)  T_overtime=58.8min  C_total=2954.1m
[charge_scheduler-1] [INFO] [1785325923.371421478] [charge_scheduler]:   附: 趟数=8 | makespan=368.7min | 能量可行=是
[charge_scheduler-1] [INFO] [1785325923.371431590] [charge_scheduler]:   [充电车1] 趟1: 站 → 车#4(到1.4/限212.0✓) → 车#12(到11.7/限230.4✓) → 车#3(到18.9/限32.0✓) → 车#15(到44.4/限44.8✓) → 站
[charge_scheduler-1] [INFO] [1785325923.371437725] [charge_scheduler]:   [充电车2] 趟2: 站 → 车#8(到1.3/限196.0✓) → 车#9(到14.8/限116.0✓) → 车#1(到41.3/限96.0✓) → 车#7(到64.3/限64.0✗超时) → 站
[charge_scheduler-1] [INFO] [1785325923.371442188] [charge_scheduler]:   [充电车1] 趟3: 站 → 车#11(到82.4/限83.2✓) → 车#5(到127.6/限128.0✓) → 站
[charge_scheduler-1] [INFO] [1785325923.371447837] [charge_scheduler]:   [充电车2] 趟4: 站 → 车#18(到103.2/限102.4✗超时) → 车#13(到129.8/限128.8✗超时) → 车#0(到167.3/限168.0✓) → 站
[charge_scheduler-1] [INFO] [1785325923.371452412] [charge_scheduler]:   [充电车1] 趟5: 站 → 车#16(到186.1/限184.8✗超时) → 车#6(到221.5/限176.0✗超时) → 站
[charge_scheduler-1] [INFO] [1785325923.371456901] [charge_scheduler]:   [充电车2] 趟6: 站 → 车#10(到214.6/限224.0✓) → 车#19(到250.7/限240.8✗超时) → 站
[charge_scheduler-1] [INFO] [1785325923.371461093] [charge_scheduler]:   [充电车1] 趟7: 站 → 车#2(到279.6/限288.0✓) → 车#17(到323.7/限339.2✓) → 站
[charge_scheduler-1] [INFO] [1785325923.371464936] [charge_scheduler]:   [充电车2] 趟8: 站 → 车#14(到300.2/限300.8✓) → 站
[charge_scheduler-1] [INFO] [1785325923.371468126] [charge_scheduler]: ════════════════════════
[charge_scheduler-1] [WARN] [1785325923.371486936] [charge_scheduler]: ════ 耦合消融重放：抽象路网定序 → 同K真实机动执行 ════
[charge_scheduler-1] [WARN] [1785325923.371490894] [charge_scheduler]:   【抽象路网仅生成顺序；K=2、能量、换电、分趟和并行时间线均按真实机动距离重新解码】
[charge_scheduler-1] [WARN] [1785325923.371498190] [charge_scheduler]:   N_late=12 (按时率 8/20 = 40.0%)   T_overtime=141.1min   C_total=4377.6m   makespan=380.0min   能量违规=0   objective_order=Tover,Nlate,Ctotal
[charge_scheduler-1] [WARN] [1785325923.371506014] [charge_scheduler]:   逐辆到达时刻（真实机动距离、同K解码）：
[charge_scheduler-1] [WARN] [1785325923.371509409] [charge_scheduler]:      车#0 到达 173.7 / 限 168.0 ✗超时
[charge_scheduler-1] [WARN] [1785325923.371514014] [charge_scheduler]:      车#1 到达 45.1 / 限 96.0 ✓
[charge_scheduler-1] [WARN] [1785325923.371518102] [charge_scheduler]:      车#2 到达 288.9 / 限 288.0 ✗超时
[charge_scheduler-1] [WARN] [1785325923.371522561] [charge_scheduler]:      车#3 到达 22.4 / 限 32.0 ✓
[charge_scheduler-1] [WARN] [1785325923.371526728] [charge_scheduler]:      车#4 到达 1.4 / 限 212.0 ✓
[charge_scheduler-1] [WARN] [1785325923.371530471] [charge_scheduler]:      车#5 到达 136.1 / 限 128.0 ✗超时
[charge_scheduler-1] [WARN] [1785325923.371534427] [charge_scheduler]:      车#6 到达 230.4 / 限 176.0 ✗超时
[charge_scheduler-1] [WARN] [1785325923.371538234] [charge_scheduler]:      车#7 到达 68.5 / 限 64.0 ✗超时
[charge_scheduler-1] [WARN] [1785325923.371542099] [charge_scheduler]:      车#8 到达 4.0 / 限 196.0 ✓
[charge_scheduler-1] [WARN] [1785325923.371545833] [charge_scheduler]:      车#9 到达 18.0 / 限 116.0 ✓
[charge_scheduler-1] [WARN] [1785325923.371549804] [charge_scheduler]:      车#10 到达 223.9 / 限 224.0 ✓
[charge_scheduler-1] [WARN] [1785325923.371554140] [charge_scheduler]:      车#11 到达 89.2 / 限 83.2 ✗超时
[charge_scheduler-1] [WARN] [1785325923.371558092] [charge_scheduler]:      车#12 到达 13.9 / 限 230.4 ✓
[charge_scheduler-1] [WARN] [1785325923.371561993] [charge_scheduler]:      车#13 到达 135.2 / 限 128.8 ✗超时
[charge_scheduler-1] [WARN] [1785325923.371566042] [charge_scheduler]:      车#14 到达 313.7 / 限 300.8 ✗超时
[charge_scheduler-1] [WARN] [1785325923.371569869] [charge_scheduler]:      车#15 到达 49.1 / 限 44.8 ✗超时
[charge_scheduler-1] [WARN] [1785325923.371573720] [charge_scheduler]:      车#16 到达 194.9 / 限 184.8 ✗超时
[charge_scheduler-1] [WARN] [1785325923.371577577] [charge_scheduler]:      车#17 到达 334.0 / 限 339.2 ✓
[charge_scheduler-1] [WARN] [1785325923.371590927] [charge_scheduler]:      车#18 到达 107.8 / 限 102.4 ✗超时
[charge_scheduler-1] [WARN] [1785325923.371595766] [charge_scheduler]:      车#19 到达 263.2 / 限 240.8 ✗超时
[charge_scheduler-1] [WARN] [1785325923.371602444] [charge_scheduler]:   抽象路网生成的固定访问顺序 = #4 #8 #12 #9 #3 #1 #15 #7 #11 #18 #5 #13 #0 #16 #10 #6 #19 #2 #14 #17 
[charge_scheduler-1] [WARN] [1785325923.371606242] [charge_scheduler]: ════════════════════════════════════════
[charge_scheduler-1] [INFO] [1785325923.371614081] [charge_scheduler]:   ⏱ 任务计时开始 (t=0)
[charge_scheduler-1] [INFO] [1785325923.371922549] [charge_scheduler]:   → 趟1 第1辆: 车#4 [电动装载机282] (-93.30,6.61) 容量282.00kWh 剩余60% | 承诺完成=10.99min plan_v=0
