[INFO] [launch]: All log files can be found below /root/.ros/log/2026-07-29-12-10-38-497250-YYYY-6056
[INFO] [launch]: Default logging verbosity is set to INFO
[INFO] [charge_scheduler-1]: process started with pid [6058]
[charge_scheduler-1] [INFO] [1785327038.638475990] [charge_scheduler]: [目标顺序] objective_order=Tover,Nlate,Ctotal
[charge_scheduler-1] [INFO] [1785327038.639310816] [charge_scheduler]: [Scheduler] 30辆车 | 电池800.0kWh(20%=160.0 80%=640.0) | 充电360kW效率97% | 行驶0.6kWh/km | 桩350kW
[charge_scheduler-1] [INFO] [1785327038.639350495] [charge_scheduler]: [Scheduler] 站端周转: 换电 10 min(换后满电) | 单趟可用 640 kWh
[charge_scheduler-1] [INFO] [1785327038.639366052] [charge_scheduler]:   车#0 [电动装载机282|light] 位置(-47.3,-2.6) 容量282kWh 剩余35% | α=6→6min/% τ=168min → 需130.8kWh(充21.2min)
[charge_scheduler-1] [INFO] [1785327038.639386648] [charge_scheduler]:   车#1 [重型叉车|light] 位置(-44.0,-64.1) 容量200kWh 剩余20% | α=6→6min/% τ=96min → 需123.7kWh(充20.0min)
[charge_scheduler-1] [INFO] [1785327038.639411758] [charge_scheduler]:   车#2 [电动装载机350|light] 位置(-51.1,-38.8) 容量350kWh 剩余50% | α=6→6min/% τ=288min → 需108.2kWh(充17.5min)
[charge_scheduler-1] [INFO] [1785327038.639429130] [charge_scheduler]:   车#3 [重型叉车|light] 位置(-71.0,-19.0) 容量200kWh 剩余10% | α=6→6min/% τ=32min → 需144.3kWh(充23.3min)
[charge_scheduler-1] [INFO] [1785327038.639446330] [charge_scheduler]:   车#4 [电动装载机282|heavy→降级] 位置(-93.3,6.6) 容量282kWh 剩余60% | α=3→6min/% τ=212min → 需58.1kWh(充9.4min)
[charge_scheduler-1] [INFO] [1785327038.639463548] [charge_scheduler]:   车#5 [电动装载机350|light] 位置(-104.4,47.7) 容量350kWh 剩余25% | α=6→6min/% τ=128min → 需198.5kWh(充32.1min)
[charge_scheduler-1] [INFO] [1785327038.639480859] [charge_scheduler]:   车#6 [电动装载机350|heavy→降级] 位置(-37.0,-75.1) 容量350kWh 剩余40% | α=4→6min/% τ=176min → 需144.3kWh(充23.3min)
[charge_scheduler-1] [INFO] [1785327038.639505054] [charge_scheduler]:   车#7 [重型叉车|light] 位置(-88.8,-37.1) 容量200kWh 剩余15% | α=6→6min/% τ=64min → 需134.0kWh(充21.7min)
[charge_scheduler-1] [INFO] [1785327038.639523006] [charge_scheduler]:   车#8 [电动装载机282|heavy→降级] 位置(-70.9,27.7) 容量282kWh 剩余55% | α=3→6min/% τ=196min → 需72.7kWh(充11.8min)
[charge_scheduler-1] [INFO] [1785327038.639539496] [charge_scheduler]:   车#9 [电动装载机282|heavy→降级] 位置(-35.4,-47.4) 容量282kWh 剩余30% | α=3→6min/% τ=116min → 需145.4kWh(充23.5min)
[charge_scheduler-1] [INFO] [1785327038.639561154] [charge_scheduler]:   车#10 [电动装载机282|light] 位置(-100.0,-1.0) 容量282kWh 剩余45% | α=6→6min/% τ=224min → 需101.8kWh(充16.4min)
[charge_scheduler-1] [INFO] [1785327038.639578416] [charge_scheduler]:   车#11 [电动装载机350|light] 位置(-72.8,-15.6) 容量350kWh 剩余18% | α=6→6min/% τ=83min → 需223.7kWh(充36.2min)
[charge_scheduler-1] [INFO] [1785327038.639595186] [charge_scheduler]:   车#12 [重型叉车|heavy→降级] 位置(-61.7,-20.7) 容量200kWh 剩余62% | α=3→6min/% τ=230min → 需37.1kWh(充6.0min)
[charge_scheduler-1] [INFO] [1785327038.639611655] [charge_scheduler]:   车#13 [电动装载机282|light] 位置(-133.0,-25.3) 容量282kWh 剩余28% | α=6→6min/% τ=129min → 需151.2kWh(充24.4min)
[charge_scheduler-1] [INFO] [1785327038.639628224] [charge_scheduler]:   车#14 [电动装载机350|light] 位置(-132.0,-8.9) 容量350kWh 剩余52% | α=6→6min/% τ=301min → 需101.0kWh(充16.3min)
[charge_scheduler-1] [INFO] [1785327038.639644843] [charge_scheduler]:   车#15 [重型叉车|light] 位置(-120.0,7.9) 容量200kWh 剩余12% | α=6→6min/% τ=45min → 需140.2kWh(充22.7min)
[charge_scheduler-1] [INFO] [1785327038.639661354] [charge_scheduler]:   车#16 [电动装载机282|light] 位置(-43.8,-82.9) 容量282kWh 剩余38% | α=6→6min/% τ=185min → 需122.1kWh(充19.7min)
[charge_scheduler-1] [INFO] [1785327038.639688813] [charge_scheduler]:   车#17 [电动装载机350|light] 位置(-31.1,-74.7) 容量350kWh 剩余58% | α=6→6min/% τ=339min → 需79.4kWh(充12.8min)
[charge_scheduler-1] [INFO] [1785327038.639706384] [charge_scheduler]:   车#18 [重型叉车|heavy→降级] 位置(-75.4,-68.2) 容量200kWh 剩余22% | α=3→6min/% τ=102min → 需119.6kWh(充19.3min)
[charge_scheduler-1] [INFO] [1785327038.639722659] [charge_scheduler]:   车#19 [电动装载机282|light] 位置(-88.2,47.1) 容量282kWh 剩余48% | α=6→6min/% τ=241min → 需93.0kWh(充15.0min)
[charge_scheduler-1] [INFO] [1785327038.639739194] [charge_scheduler]:   车#20 [电动装载机350|light] 位置(-71.4,16.3) 容量350kWh 剩余33% | α=6→6min/% τ=179min → 需169.6kWh(充27.4min)
[charge_scheduler-1] [INFO] [1785327038.639786739] [charge_scheduler]:   车#21 [重型叉车|heavy→降级] 位置(-122.0,-0.6) 容量200kWh 剩余65% | α=3→6min/% τ=240min → 需30.9kWh(充5.0min)
[charge_scheduler-1] [INFO] [1785327038.639808206] [charge_scheduler]:   车#22 [电动装载机282|light] 位置(-71.6,11.6) 容量282kWh 剩余16% | α=6→6min/% τ=62min → 需186.1kWh(充30.1min)
[charge_scheduler-1] [INFO] [1785327038.639824888] [charge_scheduler]:   车#23 [电动装载机350|light] 位置(-131.0,37.2) 容量350kWh 剩余42% | α=6→6min/% τ=237min → 需137.1kWh(充22.2min)
[charge_scheduler-1] [INFO] [1785327038.639847101] [charge_scheduler]:   车#24 [重型叉车|heavy→降级] 位置(-51.3,5.9) 容量200kWh 剩余25% | α=3→6min/% τ=112min → 需113.4kWh(充18.3min)
[charge_scheduler-1] [INFO] [1785327038.639863962] [charge_scheduler]:   车#25 [电动装载机282|light] 位置(-62.2,-10.7) 容量282kWh 剩余55% | α=6→6min/% τ=280min → 需72.7kWh(充11.8min)
[charge_scheduler-1] [INFO] [1785327038.639880512] [charge_scheduler]:   车#26 [电动装载机350|light] 位置(-116.0,60.4) 容量350kWh 剩余30% | α=6→6min/% τ=160min → 需180.4kWh(充29.2min)
[charge_scheduler-1] [INFO] [1785327038.639896683] [charge_scheduler]:   车#27 [重型叉车|heavy→降级] 位置(-90.4,60.5) 容量200kWh 剩余68% | α=3→6min/% τ=250min → 需24.7kWh(充4.0min)
[charge_scheduler-1] [INFO] [1785327038.639912639] [charge_scheduler]:   车#28 [电动装载机282|light] 位置(-85.5,-46.0) 容量282kWh 剩余20% | α=6→6min/% τ=84min → 需174.4kWh(充28.2min)
[charge_scheduler-1] [INFO] [1785327038.639929320] [charge_scheduler]:   车#29 [电动装载机350|light] 位置(-87.0,-36.6) 容量350kWh 剩余36% | α=6→6min/% τ=198min → 需158.8kWh(充25.7min)
[charge_scheduler-1] [INFO] [1785327038.649590833] [charge_scheduler]: [Scheduler] 闭环接口: threshold=2.0min | event_sim=off | policy=global | structured_feedback=optional (/task_planner/execution_event)
[charge_scheduler-1] [INFO] [1785327038.649646979] [charge_scheduler]: [Scheduler] 已启动, 等待地图...
[charge_scheduler-1] [INFO] [1785327038.708888784] [charge_scheduler]: [Scheduler] RoutingGraph 就绪
[charge_scheduler-1] [INFO] [1785327038.709196951] [charge_scheduler]: [Scheduler] 提取到 6 条虚线捷径
[charge_scheduler-1] [INFO] [1785327038.721720873] [charge_scheduler]: [Scheduler] 下层兼容增强图: 166 节点, 6 条虚线掉头边
[charge_scheduler-1] [INFO] [1785327038.726233941] [charge_scheduler]:   [Abstract] 站 → lanelet(14, 29)，形成2×2四路径候选
[charge_scheduler-1] [INFO] [1785327038.730091395] [charge_scheduler]:   [Abstract] 车#0 → lanelet(29, 14)，形成2×2四路径候选
[charge_scheduler-1] [INFO] [1785327038.734239160] [charge_scheduler]:   [Abstract] 车#1 → lanelet(65, 66)，形成2×2四路径候选
[charge_scheduler-1] [INFO] [1785327038.737932736] [charge_scheduler]:   [Abstract] 车#2 → lanelet(43, 44)，形成2×2四路径候选
[charge_scheduler-1] [INFO] [1785327038.742398628] [charge_scheduler]:   [Abstract] 车#3 → lanelet(218, 219)，形成2×2四路径候选
[charge_scheduler-1] [INFO] [1785327038.746891290] [charge_scheduler]:   [Abstract] 车#4 → lanelet(98, 99)，形成2×2四路径候选
[charge_scheduler-1] [INFO] [1785327038.751990528] [charge_scheduler]:   [Abstract] 车#5 → lanelet(114, 106)，形成2×2四路径候选
[charge_scheduler-1] [INFO] [1785327038.756226168] [charge_scheduler]:   [Abstract] 车#6 → lanelet(76, 77)，形成2×2四路径候选
[charge_scheduler-1] [INFO] [1785327038.760105555] [charge_scheduler]:   [Abstract] 车#7 → lanelet(87, 88)，形成2×2四路径候选
[charge_scheduler-1] [INFO] [1785327038.763421164] [charge_scheduler]:   [Abstract] 车#8 → lanelet(216, 217)，形成2×2四路径候选
[charge_scheduler-1] [INFO] [1785327038.766798936] [charge_scheduler]:   [Abstract] 车#9 → lanelet(44, 43)，形成2×2四路径候选
[charge_scheduler-1] [INFO] [1785327038.770511358] [charge_scheduler]:   [Abstract] 车#10 → lanelet(99, 98)，形成2×2四路径候选
[charge_scheduler-1] [INFO] [1785327038.774257824] [charge_scheduler]:   [Abstract] 车#11 → lanelet(218, 219)，形成2×2四路径候选
[charge_scheduler-1] [INFO] [1785327038.778502173] [charge_scheduler]:   [Abstract] 车#12 → lanelet(219, 218)，形成2×2四路径候选
[charge_scheduler-1] [INFO] [1785327038.781853023] [charge_scheduler]:   [Abstract] 车#13 → lanelet(155, 154)，形成2×2四路径候选
[charge_scheduler-1] [INFO] [1785327038.786387278] [charge_scheduler]:   [Abstract] 车#14 → lanelet(155, 154)，形成2×2四路径候选
[charge_scheduler-1] [INFO] [1785327038.789635776] [charge_scheduler]:   [Abstract] 车#15 → lanelet(98, 99)，形成2×2四路径候选
[charge_scheduler-1] [INFO] [1785327038.793189903] [charge_scheduler]:   [Abstract] 车#16 → lanelet(77, 76)，形成2×2四路径候选
[charge_scheduler-1] [INFO] [1785327038.796467273] [charge_scheduler]:   [Abstract] 车#17 → lanelet(76, 77)，形成2×2四路径候选
[charge_scheduler-1] [INFO] [1785327038.799911949] [charge_scheduler]:   [Abstract] 车#18 → lanelet(220, 221)，形成2×2四路径候选
[charge_scheduler-1] [INFO] [1785327038.804534676] [charge_scheduler]:   [Abstract] 车#19 → lanelet(114, 106)，形成2×2四路径候选
[charge_scheduler-1] [INFO] [1785327038.808275738] [charge_scheduler]:   [Abstract] 车#20 → lanelet(216, 217)，形成2×2四路径候选
[charge_scheduler-1] [INFO] [1785327038.811789394] [charge_scheduler]:   [Abstract] 车#21 → lanelet(99, 98)，形成2×2四路径候选
[charge_scheduler-1] [INFO] [1785327038.815043604] [charge_scheduler]:   [Abstract] 车#22 → lanelet(216, 217)，形成2×2四路径候选
[charge_scheduler-1] [INFO] [1785327038.818313762] [charge_scheduler]:   [Abstract] 车#23 → lanelet(162, 163)，形成2×2四路径候选
[charge_scheduler-1] [INFO] [1785327038.822243754] [charge_scheduler]:   [Abstract] 车#24 → lanelet(14, 29)，形成2×2四路径候选
[charge_scheduler-1] [INFO] [1785327038.825917017] [charge_scheduler]:   [Abstract] 车#25 → lanelet(219, 218)，形成2×2四路径候选
[charge_scheduler-1] [INFO] [1785327038.829312489] [charge_scheduler]:   [Abstract] 车#26 → lanelet(106, 114)，形成2×2四路径候选
[charge_scheduler-1] [INFO] [1785327038.832550600] [charge_scheduler]:   [Abstract] 车#27 → lanelet(106, 114)，形成2×2四路径候选
[charge_scheduler-1] [INFO] [1785327038.836238941] [charge_scheduler]:   [Abstract] 车#28 → lanelet(88, 87)，形成2×2四路径候选
[charge_scheduler-1] [INFO] [1785327038.839700593] [charge_scheduler]:   [Abstract] 车#29 → lanelet(87, 88)，形成2×2四路径候选
[charge_scheduler-1] [INFO] [1785327053.394507866] [charge_scheduler]: [Scheduler] 距离矩阵完成 31x31, 14672.7 ms | 模式=abstract | 真实不可达=0 抽象不可达=0 | 缺少对向投影节点=0
[charge_scheduler-1] [INFO] [1785327053.394574468] [charge_scheduler]:   ✓ 比值自检：930 个 OD 满足 机动/直线≥1 | 均值=2.97 最大=42.81 (车#15→车#21)
[charge_scheduler-1] [INFO] [1785327053.394603684] [charge_scheduler]:   [Abstract诊断] 有限OD=930 | ABS<MAN=930 | ABS/MAN均值=0.645 最大=0.984 | 最大非对称差=176.307m
[charge_scheduler-1] [INFO] [1785327053.394610796] [charge_scheduler]: [Scheduler] 地图就绪, 166 条 lanelet（与下层一致）
[charge_scheduler-1] [INFO] [1785327053.394646131] [charge_scheduler]: ======== 开始VRPTW调度 30 辆车 ========
[charge_scheduler-1] [INFO] [1785327053.394651233] [charge_scheduler]:   规模30>8 → 启发式(alns)
[charge_scheduler-1] [INFO] [1785327106.222805654] [charge_scheduler]: [ALNS] objective_order=Tover,Nlate,Ctotal seed=3 iters=15000 | N_late=8(成功率73.3%) T_overtime=66.4min C_total=3731.8m | 趟数=11 makespan=364.8min
[charge_scheduler-1] [INFO] [1785327106.222848957] [charge_scheduler]:   求解耗时 52828.2 ms
[charge_scheduler-1] [INFO] [1785327106.222856636] [charge_scheduler]: ════════ 调度结果 ════════
[charge_scheduler-1] [INFO] [1785327106.222861123] [charge_scheduler]:   ★目标(字典序): objective_order=Tover,Nlate,Ctotal | N_late=8 辆 (按时成功率 22/30 = 73.3%)  T_overtime=66.4min  C_total=3731.8m
[charge_scheduler-1] [INFO] [1785327106.222867416] [charge_scheduler]:   附: 趟数=11 | makespan=364.8min | 能量可行=是
[charge_scheduler-1] [INFO] [1785327106.222877541] [charge_scheduler]:   [充电车2] 趟1: 站 → 车#12(到1.3/限230.4✓) → 车#3(到7.5/限32.0✓) → 车#15(到32.3/限44.8✓) → 车#11(到57.7/限83.2✓) → 站
[charge_scheduler-1] [INFO] [1785327106.222884315] [charge_scheduler]:   [充电车1] 趟2: 站 → 车#4(到1.4/限212.0✓) → 车#21(到11.4/限240.0✓) → 车#13(到18.3/限128.8✓) → 车#7(到45.2/限64.0✓) → 车#28(到69.3/限84.0✓) → 站
[charge_scheduler-1] [INFO] [1785327106.222890091] [charge_scheduler]:   [充电车3] 趟3: 站 → 车#27(到2.1/限249.6✓) → 车#8(到6.9/限196.0✓) → 车#22(到19.9/限61.6✓) → 车#9(到53.0/限116.0✓) → 车#1(到83.7/限96.0✓) → 站
[charge_scheduler-1] [INFO] [1785327106.222895431] [charge_scheduler]:   [充电车1] 趟4: 站 → 车#5(到117.5/限128.0✓) → 车#26(到160.4/限160.0✗超时) → 站
[charge_scheduler-1] [INFO] [1785327106.222921385] [charge_scheduler]:   [充电车2] 趟5: 站 → 车#18(到112.3/限102.4✗超时) → 车#6(到137.9/限176.0✓) → 车#16(到178.3/限184.8✓) → 站
[charge_scheduler-1] [INFO] [1785327106.222927003] [charge_scheduler]:   [充电车3] 趟6: 站 → 车#24(到121.0/限112.0✗超时) → 车#0(到146.1/限168.0✓) → 车#20(到179.9/限179.2✗超时) → 站
[charge_scheduler-1] [INFO] [1785327106.222931180] [charge_scheduler]:   [充电车1] 趟7: 站 → 车#10(到218.1/限224.0✓) → 车#19(到254.5/限240.8✗超时) → 站
[charge_scheduler-1] [INFO] [1785327106.222936091] [charge_scheduler]:   [充电车2] 趟8: 站 → 车#29(到227.3/限198.4✗超时) → 车#25(到271.8/限280.0✓) → 站
[charge_scheduler-1] [INFO] [1785327106.222940192] [charge_scheduler]:   [充电车1] 趟9: 站 → 车#14(到304.0/限300.8✗超时) → 站
[charge_scheduler-1] [INFO] [1785327106.222944606] [charge_scheduler]:   [充电车2] 趟10: 站 → 车#17(到320.2/限339.2✓) → 站
[charge_scheduler-1] [INFO] [1785327106.222948862] [charge_scheduler]:   [充电车3] 趟11: 站 → 车#23(到237.4/限236.8✗超时) → 车#2(到283.5/限288.0✓) → 站
[charge_scheduler-1] [INFO] [1785327106.222952089] [charge_scheduler]: ════════════════════════
[charge_scheduler-1] [WARN] [1785327106.222981107] [charge_scheduler]: ════ 耦合消融重放：抽象路网定序 → 同K真实机动执行 ════
[charge_scheduler-1] [WARN] [1785327106.222985172] [charge_scheduler]:   【抽象路网仅生成顺序；K=3、能量、换电、分趟和并行时间线均按真实机动距离重新解码】
[charge_scheduler-1] [WARN] [1785327106.222989000] [charge_scheduler]:   N_late=14 (按时率 16/30 = 53.3%)   T_overtime=253.5min   C_total=6631.0m   makespan=378.0min   能量违规=0   objective_order=Tover,Nlate,Ctotal
[charge_scheduler-1] [WARN] [1785327106.222995381] [charge_scheduler]:   逐辆到达时刻（真实机动距离、同K解码）：
[charge_scheduler-1] [WARN] [1785327106.222998898] [charge_scheduler]:      车#0 到达 156.6 / 限 168.0 ✓
[charge_scheduler-1] [WARN] [1785327106.223003407] [charge_scheduler]:      车#1 到达 104.6 / 限 96.0 ✗超时
[charge_scheduler-1] [WARN] [1785327106.223007731] [charge_scheduler]:      车#2 到达 310.2 / 限 288.0 ✗超时
[charge_scheduler-1] [WARN] [1785327106.223011834] [charge_scheduler]:      车#3 到达 9.2 / 限 32.0 ✓
[charge_scheduler-1] [WARN] [1785327106.223015723] [charge_scheduler]:      车#4 到达 1.4 / 限 212.0 ✓
[charge_scheduler-1] [WARN] [1785327106.223019547] [charge_scheduler]:      车#5 到达 132.0 / 限 128.0 ✗超时
[charge_scheduler-1] [WARN] [1785327106.223023556] [charge_scheduler]:      车#6 到达 145.1 / 限 176.0 ✓
[charge_scheduler-1] [WARN] [1785327106.223027505] [charge_scheduler]:      车#7 到达 56.8 / 限 64.0 ✓
[charge_scheduler-1] [WARN] [1785327106.223031363] [charge_scheduler]:      车#8 到达 12.0 / 限 196.0 ✓
[charge_scheduler-1] [WARN] [1785327106.223035328] [charge_scheduler]:      车#9 到达 59.5 / 限 116.0 ✓
[charge_scheduler-1] [WARN] [1785327106.223039242] [charge_scheduler]:      车#10 到达 238.4 / 限 224.0 ✗超时
[charge_scheduler-1] [WARN] [1785327106.223043296] [charge_scheduler]:      车#11 到达 62.7 / 限 83.2 ✓
[charge_scheduler-1] [WARN] [1785327106.223047219] [charge_scheduler]:      车#12 到达 2.3 / 限 230.4 ✓
[charge_scheduler-1] [WARN] [1785327106.223050937] [charge_scheduler]:      车#13 到达 26.4 / 限 128.8 ✓
[charge_scheduler-1] [WARN] [1785327106.223055073] [charge_scheduler]:      车#14 到达 328.2 / 限 300.8 ✗超时
[charge_scheduler-1] [WARN] [1785327106.223059151] [charge_scheduler]:      车#15 到达 35.3 / 限 44.8 ✓
[charge_scheduler-1] [WARN] [1785327106.223062986] [charge_scheduler]:      车#16 到达 186.3 / 限 184.8 ✗超时
[charge_scheduler-1] [WARN] [1785327106.223067062] [charge_scheduler]:      车#17 到达 332.1 / 限 339.2 ✓
[charge_scheduler-1] [WARN] [1785327106.223071050] [charge_scheduler]:      车#18 到达 119.2 / 限 102.4 ✗超时
[charge_scheduler-1] [WARN] [1785327106.223075761] [charge_scheduler]:      车#19 到达 277.7 / 限 240.8 ✗超时
[charge_scheduler-1] [WARN] [1785327106.223080258] [charge_scheduler]:      车#20 到达 205.9 / 限 179.2 ✗超时
[charge_scheduler-1] [WARN] [1785327106.223084744] [charge_scheduler]:      车#21 到达 17.0 / 限 240.0 ✓
[charge_scheduler-1] [WARN] [1785327106.223089141] [charge_scheduler]:      车#22 到达 25.8 / 限 61.6 ✓
[charge_scheduler-1] [WARN] [1785327106.223093490] [charge_scheduler]:      车#23 到达 251.4 / 限 236.8 ✗超时
[charge_scheduler-1] [WARN] [1785327106.223100658] [charge_scheduler]:      车#24 到达 131.3 / 限 112.0 ✗超时
[charge_scheduler-1] [WARN] [1785327106.223105357] [charge_scheduler]:      车#25 到达 282.7 / 限 280.0 ✗超时
[charge_scheduler-1] [WARN] [1785327106.223109893] [charge_scheduler]:      车#26 到达 179.0 / 限 160.0 ✗超时
[charge_scheduler-1] [WARN] [1785327106.223114314] [charge_scheduler]:      车#27 到达 2.1 / 限 249.6 ✓
[charge_scheduler-1] [WARN] [1785327106.223118692] [charge_scheduler]:      车#28 到达 81.7 / 限 84.0 ✓
[charge_scheduler-1] [WARN] [1785327106.223123176] [charge_scheduler]:      车#29 到达 237.9 / 限 198.4 ✗超时
[charge_scheduler-1] [WARN] [1785327106.223130771] [charge_scheduler]:   抽象路网生成的固定访问顺序 = #4 #12 #27 #3 #8 #21 #13 #22 #15 #7 #9 #11 #28 #1 #18 #5 #24 #6 #0 #26 #16 #20 #10 #29 #23 #19 #25 #2 #14 #17 
[charge_scheduler-1] [WARN] [1785327106.223135130] [charge_scheduler]: ════════════════════════════════════════
[charge_scheduler-1] [INFO] [1785327106.223146871] [charge_scheduler]:   ⏱ 任务计时开始 (t=0)
[charge_scheduler-1] [INFO] [1785327106.223592617] [charge_scheduler]:   → 趟1 第1辆: 车#12 [重型叉车] (-61.70,-20.70) 容量200.00kWh 剩余62% | 承诺完成=7.45min plan_v=0
