[INFO] [launch]: All log files can be found below /root/.ros/log/2026-07-29-12-16-20-874808-YYYY-6825
[INFO] [launch]: Default logging verbosity is set to INFO
[INFO] [charge_scheduler-1]: process started with pid [6827]
[charge_scheduler-1] [INFO] [1785327381.018969581] [charge_scheduler]: [目标顺序] objective_order=Tover,Nlate,Ctotal
[charge_scheduler-1] [INFO] [1785327381.019789689] [charge_scheduler]: [Scheduler] 30辆车 | 电池800.0kWh(20%=160.0 80%=640.0) | 充电360kW效率97% | 行驶0.6kWh/km | 桩350kW
[charge_scheduler-1] [INFO] [1785327381.019822930] [charge_scheduler]: [Scheduler] 站端周转: 换电 10 min(换后满电) | 单趟可用 640 kWh
[charge_scheduler-1] [INFO] [1785327381.019832433] [charge_scheduler]:   车#0 [电动装载机282|light] 位置(-47.3,-2.6) 容量282kWh 剩余35% | α=6→6min/% τ=168min → 需130.8kWh(充21.2min)
[charge_scheduler-1] [INFO] [1785327381.019847285] [charge_scheduler]:   车#1 [重型叉车|light] 位置(-44.0,-64.1) 容量200kWh 剩余20% | α=6→6min/% τ=96min → 需123.7kWh(充20.0min)
[charge_scheduler-1] [INFO] [1785327381.019860040] [charge_scheduler]:   车#2 [电动装载机350|light] 位置(-51.1,-38.8) 容量350kWh 剩余50% | α=6→6min/% τ=288min → 需108.2kWh(充17.5min)
[charge_scheduler-1] [INFO] [1785327381.019872722] [charge_scheduler]:   车#3 [重型叉车|light] 位置(-71.0,-19.0) 容量200kWh 剩余10% | α=6→6min/% τ=32min → 需144.3kWh(充23.3min)
[charge_scheduler-1] [INFO] [1785327381.019885406] [charge_scheduler]:   车#4 [电动装载机282|heavy→降级] 位置(-93.3,6.6) 容量282kWh 剩余60% | α=3→6min/% τ=212min → 需58.1kWh(充9.4min)
[charge_scheduler-1] [INFO] [1785327381.019896501] [charge_scheduler]:   车#5 [电动装载机350|light] 位置(-104.4,47.7) 容量350kWh 剩余25% | α=6→6min/% τ=128min → 需198.5kWh(充32.1min)
[charge_scheduler-1] [INFO] [1785327381.019907597] [charge_scheduler]:   车#6 [电动装载机350|heavy→降级] 位置(-37.0,-75.1) 容量350kWh 剩余40% | α=4→6min/% τ=176min → 需144.3kWh(充23.3min)
[charge_scheduler-1] [INFO] [1785327381.019918906] [charge_scheduler]:   车#7 [重型叉车|light] 位置(-88.8,-37.1) 容量200kWh 剩余15% | α=6→6min/% τ=64min → 需134.0kWh(充21.7min)
[charge_scheduler-1] [INFO] [1785327381.019930763] [charge_scheduler]:   车#8 [电动装载机282|heavy→降级] 位置(-70.9,27.7) 容量282kWh 剩余55% | α=3→6min/% τ=196min → 需72.7kWh(充11.8min)
[charge_scheduler-1] [INFO] [1785327381.019941715] [charge_scheduler]:   车#9 [电动装载机282|heavy→降级] 位置(-35.4,-47.4) 容量282kWh 剩余30% | α=3→6min/% τ=116min → 需145.4kWh(充23.5min)
[charge_scheduler-1] [INFO] [1785327381.019954792] [charge_scheduler]:   车#10 [电动装载机282|light] 位置(-100.0,-1.0) 容量282kWh 剩余45% | α=6→6min/% τ=224min → 需101.8kWh(充16.4min)
[charge_scheduler-1] [INFO] [1785327381.019966237] [charge_scheduler]:   车#11 [电动装载机350|light] 位置(-72.8,-15.6) 容量350kWh 剩余18% | α=6→6min/% τ=83min → 需223.7kWh(充36.2min)
[charge_scheduler-1] [INFO] [1785327381.019977370] [charge_scheduler]:   车#12 [重型叉车|heavy→降级] 位置(-61.7,-20.7) 容量200kWh 剩余62% | α=3→6min/% τ=230min → 需37.1kWh(充6.0min)
[charge_scheduler-1] [INFO] [1785327381.019988022] [charge_scheduler]:   车#13 [电动装载机282|light] 位置(-133.0,-25.3) 容量282kWh 剩余28% | α=6→6min/% τ=129min → 需151.2kWh(充24.4min)
[charge_scheduler-1] [INFO] [1785327381.019999481] [charge_scheduler]:   车#14 [电动装载机350|light] 位置(-132.0,-8.9) 容量350kWh 剩余52% | α=6→6min/% τ=301min → 需101.0kWh(充16.3min)
[charge_scheduler-1] [INFO] [1785327381.020010205] [charge_scheduler]:   车#15 [重型叉车|light] 位置(-120.0,7.9) 容量200kWh 剩余12% | α=6→6min/% τ=45min → 需140.2kWh(充22.7min)
[charge_scheduler-1] [INFO] [1785327381.020021643] [charge_scheduler]:   车#16 [电动装载机282|light] 位置(-43.8,-82.9) 容量282kWh 剩余38% | α=6→6min/% τ=185min → 需122.1kWh(充19.7min)
[charge_scheduler-1] [INFO] [1785327381.020034869] [charge_scheduler]:   车#17 [电动装载机350|light] 位置(-31.1,-74.7) 容量350kWh 剩余58% | α=6→6min/% τ=339min → 需79.4kWh(充12.8min)
[charge_scheduler-1] [INFO] [1785327381.020046897] [charge_scheduler]:   车#18 [重型叉车|heavy→降级] 位置(-75.4,-68.2) 容量200kWh 剩余22% | α=3→6min/% τ=102min → 需119.6kWh(充19.3min)
[charge_scheduler-1] [INFO] [1785327381.020058718] [charge_scheduler]:   车#19 [电动装载机282|light] 位置(-88.2,47.1) 容量282kWh 剩余48% | α=6→6min/% τ=241min → 需93.0kWh(充15.0min)
[charge_scheduler-1] [INFO] [1785327381.020070574] [charge_scheduler]:   车#20 [电动装载机350|light] 位置(-71.4,16.3) 容量350kWh 剩余33% | α=6→6min/% τ=179min → 需169.6kWh(充27.4min)
[charge_scheduler-1] [INFO] [1785327381.020115980] [charge_scheduler]:   车#21 [重型叉车|heavy→降级] 位置(-122.0,-0.6) 容量200kWh 剩余65% | α=3→6min/% τ=240min → 需30.9kWh(充5.0min)
[charge_scheduler-1] [INFO] [1785327381.020127747] [charge_scheduler]:   车#22 [电动装载机282|light] 位置(-71.6,11.6) 容量282kWh 剩余16% | α=6→6min/% τ=62min → 需186.1kWh(充30.1min)
[charge_scheduler-1] [INFO] [1785327381.020138900] [charge_scheduler]:   车#23 [电动装载机350|light] 位置(-131.0,37.2) 容量350kWh 剩余42% | α=6→6min/% τ=237min → 需137.1kWh(充22.2min)
[charge_scheduler-1] [INFO] [1785327381.020151688] [charge_scheduler]:   车#24 [重型叉车|heavy→降级] 位置(-51.3,5.9) 容量200kWh 剩余25% | α=3→6min/% τ=112min → 需113.4kWh(充18.3min)
[charge_scheduler-1] [INFO] [1785327381.020162710] [charge_scheduler]:   车#25 [电动装载机282|light] 位置(-62.2,-10.7) 容量282kWh 剩余55% | α=6→6min/% τ=280min → 需72.7kWh(充11.8min)
[charge_scheduler-1] [INFO] [1785327381.020173417] [charge_scheduler]:   车#26 [电动装载机350|light] 位置(-116.0,60.4) 容量350kWh 剩余30% | α=6→6min/% τ=160min → 需180.4kWh(充29.2min)
[charge_scheduler-1] [INFO] [1785327381.020184706] [charge_scheduler]:   车#27 [重型叉车|heavy→降级] 位置(-90.4,60.5) 容量200kWh 剩余68% | α=3→6min/% τ=250min → 需24.7kWh(充4.0min)
[charge_scheduler-1] [INFO] [1785327381.020195662] [charge_scheduler]:   车#28 [电动装载机282|light] 位置(-85.5,-46.0) 容量282kWh 剩余20% | α=6→6min/% τ=84min → 需174.4kWh(充28.2min)
[charge_scheduler-1] [INFO] [1785327381.020206509] [charge_scheduler]:   车#29 [电动装载机350|light] 位置(-87.0,-36.6) 容量350kWh 剩余36% | α=6→6min/% τ=198min → 需158.8kWh(充25.7min)
[charge_scheduler-1] [INFO] [1785327381.029949254] [charge_scheduler]: [Scheduler] 闭环接口: threshold=2.0min | event_sim=off | policy=global | structured_feedback=optional (/task_planner/execution_event)
[charge_scheduler-1] [INFO] [1785327381.029996011] [charge_scheduler]: [Scheduler] 已启动, 等待地图...
[charge_scheduler-1] [INFO] [1785327381.084404397] [charge_scheduler]: [Scheduler] RoutingGraph 就绪
[charge_scheduler-1] [INFO] [1785327381.084719563] [charge_scheduler]: [Scheduler] 提取到 6 条虚线捷径
[charge_scheduler-1] [INFO] [1785327381.096105697] [charge_scheduler]: [Scheduler] 下层兼容增强图: 166 节点, 6 条虚线掉头边
[charge_scheduler-1] [INFO] [1785327381.101467571] [charge_scheduler]:   [Abstract] 站 → lanelet(14, 29)，形成2×2四路径候选
[charge_scheduler-1] [INFO] [1785327381.105813607] [charge_scheduler]:   [Abstract] 车#0 → lanelet(29, 14)，形成2×2四路径候选
[charge_scheduler-1] [INFO] [1785327381.109472908] [charge_scheduler]:   [Abstract] 车#1 → lanelet(65, 66)，形成2×2四路径候选
[charge_scheduler-1] [INFO] [1785327381.113764441] [charge_scheduler]:   [Abstract] 车#2 → lanelet(43, 44)，形成2×2四路径候选
[charge_scheduler-1] [INFO] [1785327381.118085150] [charge_scheduler]:   [Abstract] 车#3 → lanelet(218, 219)，形成2×2四路径候选
[charge_scheduler-1] [INFO] [1785327381.121986786] [charge_scheduler]:   [Abstract] 车#4 → lanelet(98, 99)，形成2×2四路径候选
[charge_scheduler-1] [INFO] [1785327381.126213687] [charge_scheduler]:   [Abstract] 车#5 → lanelet(114, 106)，形成2×2四路径候选
[charge_scheduler-1] [INFO] [1785327381.129698682] [charge_scheduler]:   [Abstract] 车#6 → lanelet(76, 77)，形成2×2四路径候选
[charge_scheduler-1] [INFO] [1785327381.133564306] [charge_scheduler]:   [Abstract] 车#7 → lanelet(87, 88)，形成2×2四路径候选
[charge_scheduler-1] [INFO] [1785327381.137839091] [charge_scheduler]:   [Abstract] 车#8 → lanelet(216, 217)，形成2×2四路径候选
[charge_scheduler-1] [INFO] [1785327381.142342415] [charge_scheduler]:   [Abstract] 车#9 → lanelet(44, 43)，形成2×2四路径候选
[charge_scheduler-1] [INFO] [1785327381.146499646] [charge_scheduler]:   [Abstract] 车#10 → lanelet(99, 98)，形成2×2四路径候选
[charge_scheduler-1] [INFO] [1785327381.151802388] [charge_scheduler]:   [Abstract] 车#11 → lanelet(218, 219)，形成2×2四路径候选
[charge_scheduler-1] [INFO] [1785327381.155911392] [charge_scheduler]:   [Abstract] 车#12 → lanelet(219, 218)，形成2×2四路径候选
[charge_scheduler-1] [INFO] [1785327381.159390303] [charge_scheduler]:   [Abstract] 车#13 → lanelet(155, 154)，形成2×2四路径候选
[charge_scheduler-1] [INFO] [1785327381.162932740] [charge_scheduler]:   [Abstract] 车#14 → lanelet(155, 154)，形成2×2四路径候选
[charge_scheduler-1] [INFO] [1785327381.166706982] [charge_scheduler]:   [Abstract] 车#15 → lanelet(98, 99)，形成2×2四路径候选
[charge_scheduler-1] [INFO] [1785327381.170423782] [charge_scheduler]:   [Abstract] 车#16 → lanelet(77, 76)，形成2×2四路径候选
[charge_scheduler-1] [INFO] [1785327381.173853347] [charge_scheduler]:   [Abstract] 车#17 → lanelet(76, 77)，形成2×2四路径候选
[charge_scheduler-1] [INFO] [1785327381.177235631] [charge_scheduler]:   [Abstract] 车#18 → lanelet(220, 221)，形成2×2四路径候选
[charge_scheduler-1] [INFO] [1785327381.180694562] [charge_scheduler]:   [Abstract] 车#19 → lanelet(114, 106)，形成2×2四路径候选
[charge_scheduler-1] [INFO] [1785327381.184434270] [charge_scheduler]:   [Abstract] 车#20 → lanelet(216, 217)，形成2×2四路径候选
[charge_scheduler-1] [INFO] [1785327381.187907170] [charge_scheduler]:   [Abstract] 车#21 → lanelet(99, 98)，形成2×2四路径候选
[charge_scheduler-1] [INFO] [1785327381.191237365] [charge_scheduler]:   [Abstract] 车#22 → lanelet(216, 217)，形成2×2四路径候选
[charge_scheduler-1] [INFO] [1785327381.194385237] [charge_scheduler]:   [Abstract] 车#23 → lanelet(162, 163)，形成2×2四路径候选
[charge_scheduler-1] [INFO] [1785327381.197813367] [charge_scheduler]:   [Abstract] 车#24 → lanelet(14, 29)，形成2×2四路径候选
[charge_scheduler-1] [INFO] [1785327381.201793038] [charge_scheduler]:   [Abstract] 车#25 → lanelet(219, 218)，形成2×2四路径候选
[charge_scheduler-1] [INFO] [1785327381.205318178] [charge_scheduler]:   [Abstract] 车#26 → lanelet(106, 114)，形成2×2四路径候选
[charge_scheduler-1] [INFO] [1785327381.208552947] [charge_scheduler]:   [Abstract] 车#27 → lanelet(106, 114)，形成2×2四路径候选
[charge_scheduler-1] [INFO] [1785327381.211684849] [charge_scheduler]:   [Abstract] 车#28 → lanelet(88, 87)，形成2×2四路径候选
[charge_scheduler-1] [INFO] [1785327381.214777807] [charge_scheduler]:   [Abstract] 车#29 → lanelet(87, 88)，形成2×2四路径候选
[charge_scheduler-1] [INFO] [1785327395.963377995] [charge_scheduler]: [Scheduler] 距离矩阵完成 31x31, 14867.2 ms | 模式=abstract | 真实不可达=0 抽象不可达=0 | 缺少对向投影节点=0
[charge_scheduler-1] [INFO] [1785327395.963460248] [charge_scheduler]:   ✓ 比值自检：930 个 OD 满足 机动/直线≥1 | 均值=2.97 最大=42.81 (车#15→车#21)
[charge_scheduler-1] [INFO] [1785327395.963503007] [charge_scheduler]:   [Abstract诊断] 有限OD=930 | ABS<MAN=930 | ABS/MAN均值=0.645 最大=0.984 | 最大非对称差=176.307m
[charge_scheduler-1] [INFO] [1785327395.963516440] [charge_scheduler]: [Scheduler] 地图就绪, 166 条 lanelet（与下层一致）
[charge_scheduler-1] [INFO] [1785327395.963563696] [charge_scheduler]: ======== 开始VRPTW调度 30 辆车 ========
[charge_scheduler-1] [INFO] [1785327395.963569445] [charge_scheduler]:   规模30>8 → 启发式(alns)
[charge_scheduler-1] [INFO] [1785327447.826700945] [charge_scheduler]: [ALNS] objective_order=Tover,Nlate,Ctotal seed=8 iters=15000 | N_late=7(成功率76.7%) T_overtime=61.5min C_total=3689.6m | 趟数=11 makespan=363.9min
[charge_scheduler-1] [INFO] [1785327447.826744844] [charge_scheduler]:   求解耗时 51863.2 ms
[charge_scheduler-1] [INFO] [1785327447.826751989] [charge_scheduler]: ════════ 调度结果 ════════
[charge_scheduler-1] [INFO] [1785327447.826756848] [charge_scheduler]:   ★目标(字典序): objective_order=Tover,Nlate,Ctotal | N_late=7 辆 (按时成功率 23/30 = 76.7%)  T_overtime=61.5min  C_total=3689.6m
[charge_scheduler-1] [INFO] [1785327447.826763561] [charge_scheduler]:   附: 趟数=11 | makespan=363.9min | 能量可行=是
[charge_scheduler-1] [INFO] [1785327447.826776574] [charge_scheduler]:   [充电车3] 趟1: 站 → 车#12(到1.3/限230.4✓) → 车#9(到8.3/限116.0✓) → 车#3(到33.7/限32.0✗超时) → 车#11(到58.8/限83.2✓) → 站
[charge_scheduler-1] [INFO] [1785327447.826785868] [charge_scheduler]:   [充电车2] 趟2: 站 → 车#27(到2.1/限249.6✓) → 车#8(到6.9/限196.0✓) → 车#22(到19.9/限61.6✓) → 车#7(到52.7/限64.0✓) → 车#1(到78.0/限96.0✓) → 站
[charge_scheduler-1] [INFO] [1785327447.826794053] [charge_scheduler]:   [充电车1] 趟3: 站 → 车#4(到1.4/限212.0✓) → 车#21(到11.4/限240.0✓) → 车#15(到17.6/限44.8✓) → 车#13(到41.9/限128.8✓) → 车#28(到70.9/限84.0✓) → 站
[charge_scheduler-1] [INFO] [1785327447.826799218] [charge_scheduler]:   [充电车2] 趟4: 站 → 车#5(到116.5/限128.0✓) → 车#26(到159.4/限160.0✓) → 站
[charge_scheduler-1] [INFO] [1785327447.826835020] [charge_scheduler]:   [充电车3] 趟5: 站 → 车#24(到112.3/限112.0✗超时) → 车#0(到137.3/限168.0✓) → 车#20(到170.5/限179.2✓) → 站
[charge_scheduler-1] [INFO] [1785327447.826840970] [charge_scheduler]:   [充电车1] 趟6: 站 → 车#18(到118.9/限102.4✗超时) → 车#16(到144.5/限184.8✓) → 车#6(到176.4/限176.0✗超时) → 站
[charge_scheduler-1] [INFO] [1785327447.826845792] [charge_scheduler]:   [充电车2] 趟7: 站 → 车#10(到217.0/限224.0✓) → 车#19(到253.3/限240.8✗超时) → 站
[charge_scheduler-1] [INFO] [1785327447.826850384] [charge_scheduler]:   [充电车3] 趟8: 站 → 车#29(到226.5/限198.4✗超时) → 车#25(到271.0/限280.0✓) → 站
[charge_scheduler-1] [INFO] [1785327447.826854913] [charge_scheduler]:   [充电车1] 趟9: 站 → 车#23(到235.2/限236.8✓) → 车#2(到281.1/限288.0✓) → 站
[charge_scheduler-1] [INFO] [1785327447.826859371] [charge_scheduler]:   [充电车2] 趟10: 站 → 车#14(到302.8/限300.8✗超时) → 站
[charge_scheduler-1] [INFO] [1785327447.826863640] [charge_scheduler]:   [充电车3] 趟11: 站 → 车#17(到319.3/限339.2✓) → 站
[charge_scheduler-1] [INFO] [1785327447.826867046] [charge_scheduler]: ════════════════════════
[charge_scheduler-1] [WARN] [1785327447.826904306] [charge_scheduler]: ════ 耦合消融重放：抽象路网定序 → 同K真实机动执行 ════
[charge_scheduler-1] [WARN] [1785327447.826909279] [charge_scheduler]:   【抽象路网仅生成顺序；K=3、能量、换电、分趟和并行时间线均按真实机动距离重新解码】
[charge_scheduler-1] [WARN] [1785327447.826913393] [charge_scheduler]:   N_late=14 (按时率 16/30 = 53.3%)   T_overtime=237.2min   C_total=6561.1m   makespan=376.2min   能量违规=0   objective_order=Tover,Nlate,Ctotal
[charge_scheduler-1] [WARN] [1785327447.826926935] [charge_scheduler]:   逐辆到达时刻（真实机动距离、同K解码）：
[charge_scheduler-1] [WARN] [1785327447.826934860] [charge_scheduler]:      车#0 到达 142.5 / 限 168.0 ✓
[charge_scheduler-1] [WARN] [1785327447.826941905] [charge_scheduler]:      车#1 到达 85.1 / 限 96.0 ✓
[charge_scheduler-1] [WARN] [1785327447.826946070] [charge_scheduler]:      车#2 到达 312.2 / 限 288.0 ✗超时
[charge_scheduler-1] [WARN] [1785327447.826950311] [charge_scheduler]:      车#3 到达 37.0 / 限 32.0 ✗超时
[charge_scheduler-1] [WARN] [1785327447.826954515] [charge_scheduler]:      车#4 到达 1.4 / 限 212.0 ✓
[charge_scheduler-1] [WARN] [1785327447.826958846] [charge_scheduler]:      车#5 到达 125.1 / 限 128.0 ✓
[charge_scheduler-1] [WARN] [1785327447.826963027] [charge_scheduler]:      车#6 到达 206.5 / 限 176.0 ✗超时
[charge_scheduler-1] [WARN] [1785327447.826967137] [charge_scheduler]:      车#7 到达 59.2 / 限 64.0 ✓
[charge_scheduler-1] [WARN] [1785327447.826971068] [charge_scheduler]:      车#8 到达 12.0 / 限 196.0 ✓
[charge_scheduler-1] [WARN] [1785327447.826974959] [charge_scheduler]:      车#9 到达 10.1 / 限 116.0 ✓
[charge_scheduler-1] [WARN] [1785327447.826978860] [charge_scheduler]:      车#10 到达 233.0 / 限 224.0 ✗超时
[charge_scheduler-1] [WARN] [1785327447.826983031] [charge_scheduler]:      车#11 到达 62.1 / 限 83.2 ✓
[charge_scheduler-1] [WARN] [1785327447.826987151] [charge_scheduler]:      车#12 到达 2.3 / 限 230.4 ✓
[charge_scheduler-1] [WARN] [1785327447.826990980] [charge_scheduler]:      车#13 到达 51.6 / 限 128.8 ✓
[charge_scheduler-1] [WARN] [1785327447.826995110] [charge_scheduler]:      车#14 到达 322.9 / 限 300.8 ✗超时
[charge_scheduler-1] [WARN] [1785327447.826999076] [charge_scheduler]:      车#15 到达 25.9 / 限 44.8 ✓
[charge_scheduler-1] [WARN] [1785327447.827002892] [charge_scheduler]:      车#16 到达 157.9 / 限 184.8 ✓
[charge_scheduler-1] [WARN] [1785327447.827006881] [charge_scheduler]:      车#17 到达 330.5 / 限 339.2 ✓
[charge_scheduler-1] [WARN] [1785327447.827010751] [charge_scheduler]:      车#18 到达 132.3 / 限 102.4 ✗超时
[charge_scheduler-1] [WARN] [1785327447.827014647] [charge_scheduler]:      车#19 到达 272.4 / 限 240.8 ✗超时
[charge_scheduler-1] [WARN] [1785327447.827018481] [charge_scheduler]:      车#20 到达 179.3 / 限 179.2 ✗超时
[charge_scheduler-1] [WARN] [1785327447.827022344] [charge_scheduler]:      车#21 到达 17.0 / 限 240.0 ✓
[charge_scheduler-1] [WARN] [1785327447.827026399] [charge_scheduler]:      车#22 到达 25.8 / 限 61.6 ✓
[charge_scheduler-1] [WARN] [1785327447.827030355] [charge_scheduler]:      车#23 到达 253.4 / 限 236.8 ✗超时
[charge_scheduler-1] [WARN] [1785327447.827037130] [charge_scheduler]:      车#24 到达 117.2 / 限 112.0 ✗超时
[charge_scheduler-1] [WARN] [1785327447.827060013] [charge_scheduler]:      车#25 到达 281.0 / 限 280.0 ✗超时
[charge_scheduler-1] [WARN] [1785327447.827064151] [charge_scheduler]:      车#26 到达 171.8 / 限 160.0 ✗超时
[charge_scheduler-1] [WARN] [1785327447.827068244] [charge_scheduler]:      车#27 到达 2.1 / 限 249.6 ✓
[charge_scheduler-1] [WARN] [1785327447.827072107] [charge_scheduler]:      车#28 到达 96.3 / 限 84.0 ✗超时
[charge_scheduler-1] [WARN] [1785327447.827076198] [charge_scheduler]:      车#29 到达 236.3 / 限 198.4 ✗超时
[charge_scheduler-1] [WARN] [1785327447.827083109] [charge_scheduler]:   抽象路网生成的固定访问顺序 = #4 #27 #12 #9 #8 #21 #15 #22 #3 #13 #7 #11 #28 #1 #24 #5 #18 #0 #16 #26 #20 #6 #10 #29 #23 #19 #25 #2 #14 #17 
[charge_scheduler-1] [WARN] [1785327447.827099870] [charge_scheduler]: ════════════════════════════════════════
[charge_scheduler-1] [INFO] [1785327447.827108548] [charge_scheduler]:   ⏱ 任务计时开始 (t=0)
[charge_scheduler-1] [INFO] [1785327447.827627198] [charge_scheduler]:   → 趟1 第1辆: 车#12 [重型叉车] (-61.70,-20.70) 容量200.00kWh 剩余62% | 承诺完成=7.45min plan_v=0
