[RUN_META] map=map2 experiment=E2 objective=OBJ-N method=ABS internal_mode=abstract scale=M20 K=2 seed=4 iters=15000
[RUN_META] case=./cases_map2/charge_scheduler_M20_K2_param.yaml
[INFO] [launch]: All log files can be found below /root/.ros/log/2026-08-08-14-04-01-165797-YYYY-8488
[INFO] [launch]: Default logging verbosity is set to INFO
[INFO] [charge_scheduler-1]: process started with pid [8491]
[charge_scheduler-1] [INFO] [1786197841.337209072] [charge_scheduler]: [目标顺序] objective_order=Nlate,Tover,Ctotal
[charge_scheduler-1] [INFO] [1786197841.338448418] [charge_scheduler]: [Scheduler] 20辆车 | 电池800.0kWh(20%=160.0 80%=640.0) | 充电360kW效率97% | 行驶0.6kWh/km | 桩350kW
[charge_scheduler-1] [INFO] [1786197841.338493951] [charge_scheduler]: [Scheduler] 站端周转: 换电 10 min(换后满电) | 单趟可用 640 kWh
[charge_scheduler-1] [INFO] [1786197841.338504716] [charge_scheduler]:   车#0 [电动装载机282|light] 位置(3865.2,73751.0) 容量282kWh 剩余35% | α=6→6min/% τ=168min → 需130.8kWh(充21.2min)
[charge_scheduler-1] [INFO] [1786197841.338520298] [charge_scheduler]:   车#1 [重型叉车|light] 位置(3785.0,73749.2) 容量200kWh 剩余20% | α=6→6min/% τ=96min → 需123.7kWh(充20.0min)
[charge_scheduler-1] [INFO] [1786197841.338533846] [charge_scheduler]:   车#2 [电动装载机350|light] 位置(3811.5,73799.9) 容量350kWh 剩余50% | α=6→6min/% τ=288min → 需108.2kWh(充17.5min)
[charge_scheduler-1] [INFO] [1786197841.338545773] [charge_scheduler]:   车#3 [重型叉车|light] 位置(3810.8,73773.1) 容量200kWh 剩余10% | α=6→6min/% τ=32min → 需144.3kWh(充23.3min)
[charge_scheduler-1] [INFO] [1786197841.338558101] [charge_scheduler]:   车#4 [电动装载机282|heavy→降级] 位置(3905.0,73793.5) 容量282kWh 剩余60% | α=3→6min/% τ=212min → 需58.1kWh(充9.4min)
[charge_scheduler-1] [INFO] [1786197841.338570203] [charge_scheduler]:   车#5 [电动装载机350|light] 位置(3894.3,73756.9) 容量350kWh 剩余25% | α=6→6min/% τ=128min → 需198.5kWh(充32.1min)
[charge_scheduler-1] [INFO] [1786197841.338582569] [charge_scheduler]:   车#6 [电动装载机350|heavy→降级] 位置(3818.5,73716.2) 容量350kWh 剩余40% | α=4→6min/% τ=176min → 需144.3kWh(充23.3min)
[charge_scheduler-1] [INFO] [1786197841.338596236] [charge_scheduler]:   车#7 [重型叉车|light] 位置(3733.2,73772.4) 容量200kWh 剩余15% | α=6→6min/% τ=64min → 需134.0kWh(充21.7min)
[charge_scheduler-1] [INFO] [1786197841.338607503] [charge_scheduler]:   车#8 [电动装载机282|heavy→降级] 位置(3764.7,73699.0) 容量282kWh 剩余55% | α=3→6min/% τ=196min → 需72.7kWh(充11.8min)
[charge_scheduler-1] [INFO] [1786197841.338619316] [charge_scheduler]:   车#9 [电动装载机282|heavy→降级] 位置(3878.4,73747.9) 容量282kWh 剩余30% | α=3→6min/% τ=116min → 需145.4kWh(充23.5min)
[charge_scheduler-1] [INFO] [1786197841.338631122] [charge_scheduler]:   车#10 [电动装载机282|light] 位置(3740.3,73686.9) 容量282kWh 剩余45% | α=6→6min/% τ=224min → 需101.8kWh(充16.4min)
[charge_scheduler-1] [INFO] [1786197841.338643005] [charge_scheduler]:   车#11 [电动装载机350|light] 位置(3895.4,73811.9) 容量350kWh 剩余18% | α=6→6min/% τ=83min → 需223.7kWh(充36.2min)
[charge_scheduler-1] [INFO] [1786197841.338654770] [charge_scheduler]:   车#12 [重型叉车|heavy→降级] 位置(3876.0,73830.2) 容量200kWh 剩余62% | α=3→6min/% τ=230min → 需37.1kWh(充6.0min)
[charge_scheduler-1] [INFO] [1786197841.338668482] [charge_scheduler]:   车#13 [电动装载机282|light] 位置(3765.9,73790.3) 容量282kWh 剩余28% | α=6→6min/% τ=129min → 需151.2kWh(充24.4min)
[charge_scheduler-1] [INFO] [1786197841.338680284] [charge_scheduler]:   车#14 [电动装载机350|light] 位置(3637.1,73698.1) 容量350kWh 剩余52% | α=6→6min/% τ=301min → 需101.0kWh(充16.3min)
[charge_scheduler-1] [INFO] [1786197841.338691871] [charge_scheduler]:   车#15 [重型叉车|light] 位置(3884.5,73833.1) 容量200kWh 剩余12% | α=6→6min/% τ=45min → 需140.2kWh(充22.7min)
[charge_scheduler-1] [INFO] [1786197841.338704271] [charge_scheduler]:   车#16 [电动装载机282|light] 位置(3699.3,73765.4) 容量282kWh 剩余38% | α=6→6min/% τ=185min → 需122.1kWh(充19.7min)
[charge_scheduler-1] [INFO] [1786197841.338716399] [charge_scheduler]:   车#17 [电动装载机350|light] 位置(3800.8,73717.7) 容量350kWh 剩余58% | α=6→6min/% τ=339min → 需79.4kWh(充12.8min)
[charge_scheduler-1] [INFO] [1786197841.338728664] [charge_scheduler]:   车#18 [重型叉车|heavy→降级] 位置(3825.0,73792.7) 容量200kWh 剩余22% | α=3→6min/% τ=102min → 需119.6kWh(充19.3min)
[charge_scheduler-1] [INFO] [1786197841.338740946] [charge_scheduler]:   车#19 [电动装载机282|light] 位置(3784.3,73759.0) 容量282kWh 剩余48% | α=6→6min/% τ=241min → 需93.0kWh(充15.0min)
[charge_scheduler-1] [INFO] [1786197841.367853432] [charge_scheduler]: [Scheduler] 闭环接口: threshold=10.0min | event_sim=off | policy=all | structured_feedback=optional (/task_planner/execution_event)
[charge_scheduler-1] [INFO] [1786197841.368400790] [charge_scheduler]: [Scheduler] 已启动, 等待地图...
[charge_scheduler-1] [INFO] [1786197841.368420430] [charge_scheduler]: [Scheduler] 充电车1接口: sequence/served/arrived_target/arrived_station/return_goal/task_complete 后缀=_1
[charge_scheduler-1] [INFO] [1786197841.368434999] [charge_scheduler]: [Scheduler] 充电车2接口: sequence/served/arrived_target/arrived_station/return_goal/task_complete 后缀=_2
[charge_scheduler-1] [INFO] [1786197841.607255711] [charge_scheduler]: [Scheduler] RoutingGraph 就绪
[charge_scheduler-1] [INFO] [1786197841.607734546] [charge_scheduler]: [Scheduler] 提取到 0 条虚线捷径
[charge_scheduler-1] [INFO] [1786197841.633587010] [charge_scheduler]: [Scheduler] 下层兼容增强图: 190 节点, 0 条虚线掉头边
[charge_scheduler-1] [INFO] [1786197841.633638436] [charge_scheduler]:   [Abstract参数] opposite_angle=25.0deg normal_angle=30.0deg search_radius=15.00m lateral=[1.00,12.00]m longitudinal<=3.00m parallel_span=4.00m boundary_gap<=0.500m
[charge_scheduler-1] [INFO] [1786197841.644858981] [charge_scheduler]:   [Abstract] 站 → lanelet(9262) method=station_single_lane | 单向驿站保留1个主投影
[charge_scheduler-1] [INFO] [1786197841.656737001] [charge_scheduler]:   [Abstract] 车#0 → lanelet(134, 133) method=geometric_boundary | lateral=2.987m longitudinal=0.007m distance=2.987m dot=-1.0000 normal=1.0000 boundary_gap=0.0000m parallel_samples=3
[charge_scheduler-1] [INFO] [1786197841.669997457] [charge_scheduler]:   [Abstract] 车#1 → lanelet(125, 124) method=shared_boundary_id | lateral=2.974m longitudinal=0.019m distance=2.974m dot=-1.0000 normal=1.0000 boundary_gap=-1.0000m parallel_samples=3
[charge_scheduler-1] [INFO] [1786197841.681295238] [charge_scheduler]:   [Abstract] 车#2 → lanelet(130, 129) method=shared_boundary_id | lateral=2.976m longitudinal=0.020m distance=2.976m dot=-1.0000 normal=1.0000 boundary_gap=-1.0000m parallel_samples=3
[charge_scheduler-1] [INFO] [1786197841.691886325] [charge_scheduler]:   [Abstract] 车#3 → lanelet(124, 125) method=shared_boundary_id | lateral=2.969m longitudinal=0.019m distance=2.969m dot=-1.0000 normal=1.0000 boundary_gap=-1.0000m parallel_samples=3
[charge_scheduler-1] [INFO] [1786197841.703401898] [charge_scheduler]:   [Abstract] 车#4 → lanelet(135, 136) method=geometric_boundary | lateral=3.099m longitudinal=0.049m distance=3.100m dot=-1.0000 normal=0.9999 boundary_gap=0.0000m parallel_samples=3
[charge_scheduler-1] [INFO] [1786197841.713982585] [charge_scheduler]:   [Abstract] 车#5 → lanelet(133, 134) method=geometric_boundary | lateral=2.983m longitudinal=0.005m distance=2.983m dot=-1.0000 normal=1.0000 boundary_gap=0.0000m parallel_samples=3
[charge_scheduler-1] [INFO] [1786197841.725823000] [charge_scheduler]:   [Abstract] 车#6 → lanelet(115, 114) method=shared_boundary_id | lateral=2.989m longitudinal=0.010m distance=2.989m dot=-1.0000 normal=1.0000 boundary_gap=-1.0000m parallel_samples=3
[charge_scheduler-1] [INFO] [1786197841.736168090] [charge_scheduler]:   [Abstract] 车#7 → lanelet(118, 119) method=shared_boundary_id | lateral=2.926m longitudinal=0.024m distance=2.926m dot=-1.0000 normal=1.0000 boundary_gap=-1.0000m parallel_samples=3
[charge_scheduler-1] [INFO] [1786197841.746276412] [charge_scheduler]:   [Abstract] 车#8 → lanelet(9285, 9232) method=geometric_boundary | lateral=2.989m longitudinal=0.203m distance=2.996m dot=-1.0000 normal=0.9977 boundary_gap=0.0000m parallel_samples=3
[charge_scheduler-1] [INFO] [1786197841.757454775] [charge_scheduler]:   [Abstract] 车#9 → lanelet(133, 134) method=geometric_boundary | lateral=2.987m longitudinal=0.006m distance=2.987m dot=-1.0000 normal=1.0000 boundary_gap=0.0000m parallel_samples=3
[charge_scheduler-1] [INFO] [1786197841.769141403] [charge_scheduler]:   [Abstract] 车#10 → lanelet(9286, 9232) method=geometric_boundary | lateral=2.990m longitudinal=0.131m distance=2.993m dot=-1.0000 normal=0.9990 boundary_gap=0.0000m parallel_samples=3
[charge_scheduler-1] [INFO] [1786197841.780704455] [charge_scheduler]:   [Abstract] 车#11 → lanelet(135, 136) method=geometric_boundary | lateral=3.100m longitudinal=0.047m distance=3.100m dot=-1.0000 normal=0.9999 boundary_gap=0.0000m parallel_samples=3
[charge_scheduler-1] [INFO] [1786197841.791978289] [charge_scheduler]:   [Abstract] 车#12 → lanelet(136, 135) method=geometric_boundary | lateral=3.099m longitudinal=0.045m distance=3.099m dot=-1.0000 normal=0.9999 boundary_gap=0.0000m parallel_samples=3
[charge_scheduler-1] [INFO] [1786197841.802317000] [charge_scheduler]:   [Abstract] 车#13 → lanelet(120, 121) method=shared_boundary_id | lateral=2.930m longitudinal=0.023m distance=2.930m dot=-1.0000 normal=1.0000 boundary_gap=-1.0000m parallel_samples=3
[charge_scheduler-1] [INFO] [1786197841.812792050] [charge_scheduler]:   [Abstract] 车#14 → lanelet(146, 147) method=geometric_boundary | lateral=2.983m longitudinal=0.224m distance=2.991m dot=-1.0000 normal=0.9972 boundary_gap=0.0000m parallel_samples=3
[charge_scheduler-1] [INFO] [1786197841.826589932] [charge_scheduler]:   [Abstract] 车#15 → lanelet(135, 136) method=geometric_boundary | lateral=3.099m longitudinal=0.045m distance=3.099m dot=-1.0000 normal=0.9999 boundary_gap=0.0000m parallel_samples=3
[charge_scheduler-1] [INFO] [1786197841.836569989] [charge_scheduler]:   [Abstract] 车#16 → lanelet(119, 118) method=shared_boundary_id | lateral=2.917m longitudinal=0.007m distance=2.917m dot=-1.0000 normal=1.0000 boundary_gap=-1.0000m parallel_samples=3
[charge_scheduler-1] [INFO] [1786197841.846358095] [charge_scheduler]:   [Abstract] 车#17 → lanelet(114, 115) method=shared_boundary_id | lateral=2.989m longitudinal=0.003m distance=2.989m dot=-1.0000 normal=1.0000 boundary_gap=-1.0000m parallel_samples=3
[charge_scheduler-1] [INFO] [1786197841.858922680] [charge_scheduler]:   [Abstract] 车#18 → lanelet(129, 130) method=shared_boundary_id | lateral=2.968m longitudinal=0.003m distance=2.968m dot=-1.0000 normal=1.0000 boundary_gap=-1.0000m parallel_samples=3
[charge_scheduler-1] [INFO] [1786197841.871090992] [charge_scheduler]:   [Abstract] 车#19 → lanelet(124, 125) method=shared_boundary_id | lateral=2.973m longitudinal=0.021m distance=2.973m dot=-1.0000 normal=1.0000 boundary_gap=-1.0000m parallel_samples=3
[charge_scheduler-1] [INFO] [1786197841.871139737] [charge_scheduler]:   [Abstract投影汇总] shared_boundary_id=10 geometric_boundary=10 normal_direction_fallback=0 station_single_lane=1 not_found=0
[charge_scheduler-1] [INFO] [1786197852.048418477] [charge_scheduler]: [Scheduler] 距离矩阵完成 21x21, 10414.8 ms | 模式=abstract | ECD不可达=0 DSP原始不可达=0 DSP虚线兜底=0 DSP最终不可达=0 抽象不可达=0 | 缺少对向投影节点=0 | 对向识别(ID/几何/法向)=10/10/0 | 单向驿站投影=1
[charge_scheduler-1] [INFO] [1786197852.048475341] [charge_scheduler]:   ✓ 比值自检：420 个 OD 满足 机动/直线≥1 | 均值=3.73 最大=54.86 (车#15→车#12)
[charge_scheduler-1] [INFO] [1786197852.048493186] [charge_scheduler]:   [Abstract诊断] 有限OD=420 | ABS<MAN=420 | ABS/MAN均值=0.598 最大=0.989 | 最大非对称差=97.333m
[charge_scheduler-1] [INFO] [1786197852.048504773] [charge_scheduler]: [Scheduler] 地图就绪, 190 条 lanelet（与下层一致）
[charge_scheduler-1] [INFO] [1786197852.048552120] [charge_scheduler]: ======== 开始VRPTW调度 20 辆车 ========
[charge_scheduler-1] [INFO] [1786197852.048557020] [charge_scheduler]:   规模20>8 → 启发式(alns)
[charge_scheduler-1] [INFO] [1786197864.538618381] [charge_scheduler]: [ALNS] objective_order=Nlate,Tover,Ctotal seed=4 iters=15000 | N_late=1(成功率95.0%) T_overtime=163.6min C_total=3696.5m | 趟数=7 makespan=364.5min
[charge_scheduler-1] [INFO] [1786197864.538668695] [charge_scheduler]:   求解耗时 12490.1 ms
[charge_scheduler-1] [INFO] [1786197864.538676518] [charge_scheduler]: ════════ 调度结果 ════════
[charge_scheduler-1] [INFO] [1786197864.538681310] [charge_scheduler]:   ★目标(字典序): objective_order=Nlate,Tover,Ctotal | N_late=1 辆 (按时成功率 19/20 = 95.0%)  T_overtime=163.6min  C_total=3696.5m
[charge_scheduler-1] [INFO] [1786197864.538688213] [charge_scheduler]:   附: 趟数=7 | makespan=364.5min | 能量可行=是
[charge_scheduler-1] [INFO] [1786197864.538698962] [charge_scheduler]:   [充电车2] 趟1: 站 → 车#12(到3.8/限230.4✓) → 车#15(到10.2/限44.8✓) → 车#0(到35.2/限168.0✓) → 车#7(到62.1/限64.0✓) → 车#1(到88.1/限96.0✓) → 站
[charge_scheduler-1] [INFO] [1786197864.538705565] [charge_scheduler]:   [充电车1] 趟2: 站 → 车#8(到1.8/限196.0✓) → 车#4(到16.5/限212.0✓) → 车#3(到30.5/限32.0✓) → 车#9(到56.7/限116.0✓) → 车#18(到88.3/限102.4✓) → 站
[charge_scheduler-1] [INFO] [1786197864.538744117] [charge_scheduler]:   [充电车2] 趟3: 站 → 车#5(到127.3/限128.0✓) → 车#6(到172.3/限176.0✓) → 站
[charge_scheduler-1] [INFO] [1786197864.538749940] [charge_scheduler]:   [充电车1] 趟4: 站 → 车#13(到126.8/限128.8✓) → 车#16(到162.9/限184.8✓) → 车#10(到198.1/限224.0✓) → 站
[charge_scheduler-1] [INFO] [1786197864.538755034] [charge_scheduler]:   [充电车2] 趟5: 站 → 车#19(到229.2/限240.8✓) → 车#2(到264.5/限288.0✓) → 站
[charge_scheduler-1] [INFO] [1786197864.538760574] [charge_scheduler]:   [充电车1] 趟6: 站 → 车#11(到246.8/限83.2✗超时) → 车#14(到295.4/限300.8✓) → 站
[charge_scheduler-1] [INFO] [1786197864.538764421] [charge_scheduler]:   [充电车2] 趟7: 站 → 车#17(到320.4/限339.2✓) → 站
[charge_scheduler-1] [INFO] [1786197864.538767874] [charge_scheduler]: ════════════════════════
[charge_scheduler-1] [WARN] [1786197864.538790038] [charge_scheduler]: ════ 耦合消融重放：抽象路网定序 → 同K ECD执行口径 ════
[charge_scheduler-1] [WARN] [1786197864.538794612] [charge_scheduler]:   【抽象路网仅生成顺序；K=2、能量、换电、分趟和并行时间线均按ECD执行一致机动距离重新解码】
[charge_scheduler-1] [WARN] [1786197864.538798624] [charge_scheduler]:   N_late=13 (按时率 7/20 = 35.0%)   T_overtime=364.8min   C_total=7034.8m   makespan=397.0min   能量违规=0   objective_order=Nlate,Tover,Ctotal
[charge_scheduler-1] [WARN] [1786197864.538805015] [charge_scheduler]:   逐辆到达时刻（ECD执行口径、同K解码）：
[charge_scheduler-1] [WARN] [1786197864.538808885] [charge_scheduler]:      车#0 到达 46.2 / 限 168.0 ✓
[charge_scheduler-1] [WARN] [1786197864.538813742] [charge_scheduler]:      车#1 到达 112.4 / 限 96.0 ✗超时
[charge_scheduler-1] [WARN] [1786197864.538818380] [charge_scheduler]:      车#2 到达 299.7 / 限 288.0 ✗超时
[charge_scheduler-1] [WARN] [1786197864.538824316] [charge_scheduler]:      车#3 到达 35.5 / 限 32.0 ✗超时
[charge_scheduler-1] [WARN] [1786197864.538828612] [charge_scheduler]:      车#4 到达 19.2 / 限 212.0 ✓
[charge_scheduler-1] [WARN] [1786197864.538832867] [charge_scheduler]:      车#5 到达 142.2 / 限 128.0 ✗超时
[charge_scheduler-1] [WARN] [1786197864.538837152] [charge_scheduler]:      车#6 到达 202.7 / 限 176.0 ✗超时
[charge_scheduler-1] [WARN] [1786197864.538841215] [charge_scheduler]:      车#7 到达 75.6 / 限 64.0 ✗超时
[charge_scheduler-1] [WARN] [1786197864.538845262] [charge_scheduler]:      车#8 到达 2.5 / 限 196.0 ✓
[charge_scheduler-1] [WARN] [1786197864.538849512] [charge_scheduler]:      车#9 到达 64.4 / 限 116.0 ✓
[charge_scheduler-1] [WARN] [1786197864.538853628] [charge_scheduler]:      车#10 到达 233.4 / 限 224.0 ✗超时
[charge_scheduler-1] [WARN] [1786197864.538858516] [charge_scheduler]:      车#11 到达 273.4 / 限 83.2 ✗超时
[charge_scheduler-1] [WARN] [1786197864.538862838] [charge_scheduler]:      车#12 到达 4.5 / 限 230.4 ✓
[charge_scheduler-1] [WARN] [1786197864.538866776] [charge_scheduler]:      车#13 到达 145.4 / 限 128.8 ✗超时
[charge_scheduler-1] [WARN] [1786197864.538870801] [charge_scheduler]:      车#14 到达 334.7 / 限 300.8 ✗超时
[charge_scheduler-1] [WARN] [1786197864.538874774] [charge_scheduler]:      车#15 到达 17.0 / 限 44.8 ✓
[charge_scheduler-1] [WARN] [1786197864.538883010] [charge_scheduler]:      车#16 到达 183.5 / 限 184.8 ✓
[charge_scheduler-1] [WARN] [1786197864.538887021] [charge_scheduler]:      车#17 到达 349.7 / 限 339.2 ✗超时
[charge_scheduler-1] [WARN] [1786197864.538890943] [charge_scheduler]:      车#18 到达 115.4 / 限 102.4 ✗超时
[charge_scheduler-1] [WARN] [1786197864.538896536] [charge_scheduler]:      车#19 到达 248.0 / 限 240.8 ✗超时
[charge_scheduler-1] [WARN] [1786197864.538928169] [charge_scheduler]:   抽象路网生成的固定访问顺序 = #8 #12 #15 #4 #3 #0 #9 #7 #1 #18 #5 #13 #16 #6 #10 #19 #11 #2 #14 #17 
[charge_scheduler-1] [WARN] [1786197864.538932330] [charge_scheduler]: ════════════════════════════════════════
[charge_scheduler-1] [INFO] [1786197864.538939692] [charge_scheduler]:   ⏱ 任务计时开始 (t=0)
[charge_scheduler-1] [INFO] [1786197864.539184893] [charge_scheduler]: [多车派发] 充电车1分配3趟、10辆目标车，开始独立逐任务派发
[charge_scheduler-1] [INFO] [1786197864.539255046] [charge_scheduler]:   → [充电车1] 第1/3趟 第1/5辆: 车#8 (3764.73,73699.03) | topic后缀=_1 | 承诺完成=13.76min
[charge_scheduler-1] [INFO] [1786197864.539470604] [charge_scheduler]: [多车派发] 充电车2分配4趟、10辆目标车，开始独立逐任务派发
[charge_scheduler-1] [INFO] [1786197864.539492274] [charge_scheduler]:   → [充电车2] 第1/4趟 第1/5辆: 车#12 (3876.03,73830.16) | topic后缀=_2 | 承诺完成=10.22min
