[INFO] [launch]: All log files can be found below /root/.ros/log/2026-07-28-12-01-42-134444-YYYY-24004
[INFO] [launch]: Default logging verbosity is set to INFO
[INFO] [charge_scheduler-1]: process started with pid [24007]
[charge_scheduler-1] [INFO] [1785240102.286887580] [charge_scheduler]: [Scheduler] 30辆车 | 电池800.0kWh(20%=160.0 80%=640.0) | 充电360kW效率97% | 行驶0.6kWh/km | 桩350kW
[charge_scheduler-1] [INFO] [1785240102.287010399] [charge_scheduler]: [Scheduler] 站端周转: 换电 10 min(换后满电) | 单趟可用 640 kWh
[charge_scheduler-1] [INFO] [1785240102.287029501] [charge_scheduler]:   车#0 [电动装载机282|light] 位置(-47.3,-2.6) 容量282kWh 剩余35% | α=6→6min/% τ=168min → 需130.8kWh(充21.2min)
[charge_scheduler-1] [INFO] [1785240102.287046904] [charge_scheduler]:   车#1 [重型叉车|light] 位置(-44.0,-64.1) 容量200kWh 剩余20% | α=6→6min/% τ=96min → 需123.7kWh(充20.0min)
[charge_scheduler-1] [INFO] [1785240102.287061035] [charge_scheduler]:   车#2 [电动装载机350|light] 位置(-51.1,-38.8) 容量350kWh 剩余50% | α=6→6min/% τ=288min → 需108.2kWh(充17.5min)
[charge_scheduler-1] [INFO] [1785240102.287074940] [charge_scheduler]:   车#3 [重型叉车|light] 位置(-71.0,-19.0) 容量200kWh 剩余10% | α=6→6min/% τ=32min → 需144.3kWh(充23.3min)
[charge_scheduler-1] [INFO] [1785240102.287088586] [charge_scheduler]:   车#4 [电动装载机282|heavy→降级] 位置(-93.3,6.6) 容量282kWh 剩余60% | α=3→6min/% τ=212min → 需58.1kWh(充9.4min)
[charge_scheduler-1] [INFO] [1785240102.287101512] [charge_scheduler]:   车#5 [电动装载机350|light] 位置(-104.4,47.7) 容量350kWh 剩余25% | α=6→6min/% τ=128min → 需198.5kWh(充32.1min)
[charge_scheduler-1] [INFO] [1785240102.287113489] [charge_scheduler]:   车#6 [电动装载机350|heavy→降级] 位置(-37.0,-75.1) 容量350kWh 剩余40% | α=4→6min/% τ=176min → 需144.3kWh(充23.3min)
[charge_scheduler-1] [INFO] [1785240102.287125722] [charge_scheduler]:   车#7 [重型叉车|light] 位置(-88.8,-37.1) 容量200kWh 剩余15% | α=6→6min/% τ=64min → 需134.0kWh(充21.7min)
[charge_scheduler-1] [INFO] [1785240102.287138495] [charge_scheduler]:   车#8 [电动装载机282|heavy→降级] 位置(-70.9,27.7) 容量282kWh 剩余55% | α=3→6min/% τ=196min → 需72.7kWh(充11.8min)
[charge_scheduler-1] [INFO] [1785240102.287150836] [charge_scheduler]:   车#9 [电动装载机282|heavy→降级] 位置(-35.4,-47.4) 容量282kWh 剩余30% | α=3→6min/% τ=116min → 需145.4kWh(充23.5min)
[charge_scheduler-1] [INFO] [1785240102.287163849] [charge_scheduler]:   车#10 [电动装载机282|light] 位置(-100.0,-1.0) 容量282kWh 剩余45% | α=6→6min/% τ=224min → 需101.8kWh(充16.4min)
[charge_scheduler-1] [INFO] [1785240102.287176844] [charge_scheduler]:   车#11 [电动装载机350|light] 位置(-72.8,-15.6) 容量350kWh 剩余18% | α=6→6min/% τ=83min → 需223.7kWh(充36.2min)
[charge_scheduler-1] [INFO] [1785240102.287189733] [charge_scheduler]:   车#12 [重型叉车|heavy→降级] 位置(-61.7,-20.7) 容量200kWh 剩余62% | α=3→6min/% τ=230min → 需37.1kWh(充6.0min)
[charge_scheduler-1] [INFO] [1785240102.287202483] [charge_scheduler]:   车#13 [电动装载机282|light] 位置(-133.0,-25.3) 容量282kWh 剩余28% | α=6→6min/% τ=129min → 需151.2kWh(充24.4min)
[charge_scheduler-1] [INFO] [1785240102.287216636] [charge_scheduler]:   车#14 [电动装载机350|light] 位置(-132.0,-8.9) 容量350kWh 剩余52% | α=6→6min/% τ=301min → 需101.0kWh(充16.3min)
[charge_scheduler-1] [INFO] [1785240102.287229193] [charge_scheduler]:   车#15 [重型叉车|light] 位置(-120.0,7.9) 容量200kWh 剩余12% | α=6→6min/% τ=45min → 需140.2kWh(充22.7min)
[charge_scheduler-1] [INFO] [1785240102.287242599] [charge_scheduler]:   车#16 [电动装载机282|light] 位置(-43.8,-82.9) 容量282kWh 剩余38% | α=6→6min/% τ=185min → 需122.1kWh(充19.7min)
[charge_scheduler-1] [INFO] [1785240102.287255023] [charge_scheduler]:   车#17 [电动装载机350|light] 位置(-31.1,-74.7) 容量350kWh 剩余58% | α=6→6min/% τ=339min → 需79.4kWh(充12.8min)
[charge_scheduler-1] [INFO] [1785240102.287267093] [charge_scheduler]:   车#18 [重型叉车|heavy→降级] 位置(-75.4,-68.2) 容量200kWh 剩余22% | α=3→6min/% τ=102min → 需119.6kWh(充19.3min)
[charge_scheduler-1] [INFO] [1785240102.287285765] [charge_scheduler]:   车#19 [电动装载机282|light] 位置(-88.2,47.1) 容量282kWh 剩余48% | α=6→6min/% τ=241min → 需93.0kWh(充15.0min)
[charge_scheduler-1] [INFO] [1785240102.287298776] [charge_scheduler]:   车#20 [电动装载机350|light] 位置(-71.4,16.3) 容量350kWh 剩余33% | α=6→6min/% τ=179min → 需169.6kWh(充27.4min)
[charge_scheduler-1] [INFO] [1785240102.287352779] [charge_scheduler]:   车#21 [重型叉车|heavy→降级] 位置(-122.0,-0.6) 容量200kWh 剩余65% | α=3→6min/% τ=240min → 需30.9kWh(充5.0min)
[charge_scheduler-1] [INFO] [1785240102.287367114] [charge_scheduler]:   车#22 [电动装载机282|light] 位置(-71.6,11.6) 容量282kWh 剩余16% | α=6→6min/% τ=62min → 需186.1kWh(充30.1min)
[charge_scheduler-1] [INFO] [1785240102.287379736] [charge_scheduler]:   车#23 [电动装载机350|light] 位置(-131.0,37.2) 容量350kWh 剩余42% | α=6→6min/% τ=237min → 需137.1kWh(充22.2min)
[charge_scheduler-1] [INFO] [1785240102.287392538] [charge_scheduler]:   车#24 [重型叉车|heavy→降级] 位置(-51.3,5.9) 容量200kWh 剩余25% | α=3→6min/% τ=112min → 需113.4kWh(充18.3min)
[charge_scheduler-1] [INFO] [1785240102.287404606] [charge_scheduler]:   车#25 [电动装载机282|light] 位置(-62.2,-10.7) 容量282kWh 剩余55% | α=6→6min/% τ=280min → 需72.7kWh(充11.8min)
[charge_scheduler-1] [INFO] [1785240102.287416951] [charge_scheduler]:   车#26 [电动装载机350|light] 位置(-116.0,60.4) 容量350kWh 剩余30% | α=6→6min/% τ=160min → 需180.4kWh(充29.2min)
[charge_scheduler-1] [INFO] [1785240102.287794115] [charge_scheduler]:   车#27 [重型叉车|heavy→降级] 位置(-90.4,60.5) 容量200kWh 剩余68% | α=3→6min/% τ=250min → 需24.7kWh(充4.0min)
[charge_scheduler-1] [INFO] [1785240102.287819534] [charge_scheduler]:   车#28 [电动装载机282|light] 位置(-85.5,-46.0) 容量282kWh 剩余20% | α=6→6min/% τ=84min → 需174.4kWh(充28.2min)
[charge_scheduler-1] [INFO] [1785240102.287833268] [charge_scheduler]:   车#29 [电动装载机350|light] 位置(-87.0,-36.6) 容量350kWh 剩余36% | α=6→6min/% τ=198min → 需158.8kWh(充25.7min)
[charge_scheduler-1] [INFO] [1785240102.295740622] [charge_scheduler]: [Scheduler] 闭环接口: threshold=10.0min | event_sim=on | structured_feedback=optional (/task_planner/execution_event)
[charge_scheduler-1] [INFO] [1785240102.295812419] [charge_scheduler]: [Scheduler] 已启动, 等待地图...
[charge_scheduler-1] [INFO] [1785240102.356329464] [charge_scheduler]: [Scheduler] RoutingGraph 就绪
[charge_scheduler-1] [INFO] [1785240102.356585315] [charge_scheduler]: [Scheduler] 提取到 6 条虚线捷径
[charge_scheduler-1] [INFO] [1785240102.371464655] [charge_scheduler]: [Scheduler] 下层兼容增强图: 166 节点, 6 条虚线掉头边
[charge_scheduler-1] [INFO] [1785240109.957293255] [charge_scheduler]: [Scheduler] 距离矩阵完成 31x31, 7585.8 ms | 模式=maneuver | 真实不可达=0 抽象不可达=0 | 缺少对向投影节点=0
[charge_scheduler-1] [INFO] [1785240109.957376270] [charge_scheduler]:   ✓ 比值自检：930 个 OD 满足 机动/直线≥1 | 均值=2.97 最大=42.81 (车#15→车#21)
[charge_scheduler-1] [INFO] [1785240109.957386669] [charge_scheduler]: [Scheduler] 地图就绪, 166 条 lanelet（与下层一致）
[charge_scheduler-1] [INFO] [1785240109.957432690] [charge_scheduler]: ======== 开始VRPTW调度 30 辆车 ========
[charge_scheduler-1] [INFO] [1785240109.957438040] [charge_scheduler]:   规模30>8 → 启发式(alns)
[charge_scheduler-1] [INFO] [1785240161.775105596] [charge_scheduler]: [ALNS] seed=1 iters=15000 | N_late=3(成功率90.0%) T_overtime=169.5min C_total=5773.1m | 趟数=11 makespan=372.5min
[charge_scheduler-1] [INFO] [1785240161.775157388] [charge_scheduler]:   求解耗时 51817.7 ms
[charge_scheduler-1] [INFO] [1785240161.775165782] [charge_scheduler]: ════════ 调度结果 ════════
[charge_scheduler-1] [INFO] [1785240161.775174067] [charge_scheduler]:   ★目标(字典序): ① N_late=3 辆 (按时成功率 27/30 = 90.0%)  ② T_overtime=169.5min  ③ C_total=5773.1m
[charge_scheduler-1] [INFO] [1785240161.775180089] [charge_scheduler]:   附: 趟数=11 | makespan=372.5min | 能量可行=是
[charge_scheduler-1] [INFO] [1785240161.775190877] [charge_scheduler]:   [充电车2] 趟1: 站 → 车#9(到2.2/限116.0✓) → 车#3(到27.9/限32.0✓) → 车#11(到52.8/限83.2✓) → 站
[charge_scheduler-1] [INFO] [1785240161.775198130] [charge_scheduler]:   [充电车3] 趟2: 站 → 车#27(到2.1/限249.6✓) → 车#21(到8.2/限240.0✓) → 车#12(到16.2/限230.4✓) → 车#15(到25.1/限44.8✓) → 车#7(到50.9/限64.0✓) → 车#28(到75.5/限84.0✓) → 站
[charge_scheduler-1] [INFO] [1785240161.775204883] [charge_scheduler]:   [充电车1] 趟3: 站 → 车#4(到1.4/限212.0✓) → 车#8(到13.7/限196.0✓) → 车#22(到27.8/限61.6✓) → 车#1(到61.7/限96.0✓) → 车#18(到85.7/限102.4✓) → 站
[charge_scheduler-1] [INFO] [1785240161.775232358] [charge_scheduler]:   [充电车2] 趟4: 站 → 车#24(到107.1/限112.0✓) → 车#26(到133.6/限160.0✓) → 车#16(到178.7/限184.8✓) → 站
[charge_scheduler-1] [INFO] [1785240161.775237503] [charge_scheduler]:   [充电车1] 趟5: 站 → 车#5(到125.8/限128.0✓) → 车#6(到172.5/限176.0✓) → 站
[charge_scheduler-1] [INFO] [1785240161.775242644] [charge_scheduler]:   [充电车3] 趟6: 站 → 车#13(到124.9/限128.8✓) → 车#0(到163.0/限168.0✓) → 车#10(到201.5/限224.0✓) → 站
[charge_scheduler-1] [INFO] [1785240161.775247013] [charge_scheduler]:   [充电车2] 趟7: 站 → 车#19(到229.6/限240.8✓) → 车#20(到264.8/限179.2✗超时) → 站
[charge_scheduler-1] [INFO] [1785240161.775251362] [charge_scheduler]:   [充电车1] 趟8: 站 → 车#23(到231.1/限236.8✓) → 车#25(到277.8/限280.0✓) → 站
[charge_scheduler-1] [INFO] [1785240161.775255402] [charge_scheduler]:   [充电车1] 趟9: 站 → 车#17(到327.1/限339.2✓) → 站
[charge_scheduler-1] [INFO] [1785240161.775259966] [charge_scheduler]:   [充电车2] 趟10: 站 → 车#2(到322.0/限288.0✗超时) → 站
[charge_scheduler-1] [INFO] [1785240161.775264253] [charge_scheduler]:   [充电车3] 趟11: 站 → 车#29(到248.4/限198.4✗超时) → 车#14(到293.4/限300.8✓) → 站
[charge_scheduler-1] [INFO] [1785240161.775267651] [charge_scheduler]: ════════════════════════
[charge_scheduler-1] [INFO] [1785240161.775320101] [charge_scheduler]: [扰动清单] type=station delay=30.0min targets={} station={C2-S1,C3-S1,}
[charge_scheduler-1] [INFO] [1785240161.775335375] [charge_scheduler]: [执行事件] loop=open plan_v=0 C3 type=target_service target=27 station_ord=0 planned_finish=6.36 actual_finish=6.36 dev=+0.00 injected=0.0
[charge_scheduler-1] [INFO] [1785240161.775342148] [charge_scheduler]: [执行事件] loop=open plan_v=0 C1 type=target_service target=4 station_ord=0 planned_finish=11.04 actual_finish=11.04 dev=+0.00 injected=0.0
[charge_scheduler-1] [INFO] [1785240161.775347885] [charge_scheduler]: [执行事件] loop=open plan_v=0 C3 type=target_service target=21 station_ord=0 planned_finish=14.00 actual_finish=14.00 dev=+0.00 injected=0.0
[charge_scheduler-1] [INFO] [1785240161.775353230] [charge_scheduler]: [执行事件] loop=open plan_v=0 C3 type=target_service target=12 station_ord=0 planned_finish=23.83 actual_finish=23.83 dev=+0.00 injected=0.0
[charge_scheduler-1] [INFO] [1785240161.775358572] [charge_scheduler]: [执行事件] loop=open plan_v=0 C2 type=target_service target=9 station_ord=0 planned_finish=25.99 actual_finish=25.99 dev=+0.00 injected=0.0
[charge_scheduler-1] [INFO] [1785240161.775363910] [charge_scheduler]: [执行事件] loop=open plan_v=0 C1 type=target_service target=8 station_ord=0 planned_finish=27.46 actual_finish=27.46 dev=+0.00 injected=0.0
[charge_scheduler-1] [INFO] [1785240161.775369182] [charge_scheduler]: [执行事件] loop=open plan_v=0 C3 type=target_service target=15 station_ord=0 planned_finish=49.07 actual_finish=49.07 dev=+0.00 injected=0.0
[charge_scheduler-1] [INFO] [1785240161.775374446] [charge_scheduler]: [执行事件] loop=open plan_v=0 C2 type=target_service target=3 station_ord=0 planned_finish=52.69 actual_finish=52.69 dev=+0.00 injected=0.0
[charge_scheduler-1] [INFO] [1785240161.775379677] [charge_scheduler]: [执行事件] loop=open plan_v=0 C1 type=target_service target=22 station_ord=0 planned_finish=60.21 actual_finish=60.21 dev=+0.00 injected=0.0
[charge_scheduler-1] [INFO] [1785240161.775384953] [charge_scheduler]: [执行事件] loop=open plan_v=0 C3 type=target_service target=7 station_ord=0 planned_finish=75.27 actual_finish=75.27 dev=+0.00 injected=0.0
[charge_scheduler-1] [INFO] [1785240161.775390342] [charge_scheduler]: [执行事件] loop=open plan_v=0 C1 type=target_service target=1 station_ord=0 planned_finish=84.95 actual_finish=84.95 dev=+0.00 injected=0.0
[charge_scheduler-1] [INFO] [1785240161.775395673] [charge_scheduler]: [执行事件] loop=open plan_v=0 C2 type=target_service target=11 station_ord=0 planned_finish=93.80 actual_finish=93.80 dev=+0.00 injected=0.0
[charge_scheduler-1] [INFO] [1785240161.775401632] [charge_scheduler]: [执行事件] loop=open plan_v=0 C1 type=target_service target=18 station_ord=0 planned_finish=109.82 actual_finish=109.82 dev=+0.00 injected=0.0
[charge_scheduler-1] [INFO] [1785240161.775407250] [charge_scheduler]: [执行事件] loop=open plan_v=0 C3 type=target_service target=28 station_ord=0 planned_finish=110.06 actual_finish=110.06 dev=+0.00 injected=0.0
[charge_scheduler-1] [INFO] [1785240161.775416473] [charge_scheduler]: [执行事件] loop=open plan_v=0 C1 type=station_turnaround target=-1 station_ord=1 planned_finish=122.63 actual_finish=122.63 dev=+0.00 injected=0.0
[charge_scheduler-1] [INFO] [1785240161.775422426] [charge_scheduler]: [执行事件] loop=open plan_v=0 C2 type=station_turnaround target=-1 station_ord=1 planned_finish=106.28 actual_finish=136.28 dev=+30.00 injected=30.0
[charge_scheduler-1] [INFO] [1785240161.775428287] [charge_scheduler]: [执行事件] loop=open plan_v=0 C3 type=station_turnaround target=-1 station_ord=1 planned_finish=122.09 actual_finish=152.09 dev=+30.00 injected=30.0
[charge_scheduler-1] [INFO] [1785240161.775434616] [charge_scheduler]: [执行事件] loop=open plan_v=0 C2 type=target_service target=24 station_ord=0 planned_finish=131.85 actual_finish=162.10 dev=+30.26 injected=0.0
[charge_scheduler-1] [INFO] [1785240161.775440415] [charge_scheduler]: [执行事件] loop=open plan_v=0 C1 type=target_service target=5 station_ord=0 planned_finish=169.36 actual_finish=169.36 dev=+0.00 injected=0.0
[charge_scheduler-1] [INFO] [1785240161.775445898] [charge_scheduler]: [执行事件] loop=open plan_v=0 C3 type=target_service target=13 station_ord=0 planned_finish=159.81 actual_finish=190.14 dev=+30.33 injected=0.0
[charge_scheduler-1] [INFO] [1785240161.775451397] [charge_scheduler]: [执行事件] loop=open plan_v=0 C2 type=target_service target=26 station_ord=0 planned_finish=174.99 actual_finish=207.65 dev=+32.66 injected=0.0
[charge_scheduler-1] [INFO] [1785240161.775456890] [charge_scheduler]: [执行事件] loop=open plan_v=0 C1 type=target_service target=6 station_ord=0 planned_finish=215.92 actual_finish=215.92 dev=+0.00 injected=0.0
[charge_scheduler-1] [INFO] [1785240161.775462342] [charge_scheduler]: [执行事件] loop=open plan_v=0 C3 type=target_service target=0 station_ord=0 planned_finish=197.86 actual_finish=228.61 dev=+30.75 injected=0.0
[charge_scheduler-1] [INFO] [1785240161.775467992] [charge_scheduler]: [执行事件] loop=open plan_v=0 C1 type=station_turnaround target=-1 station_ord=2 planned_finish=228.61 actual_finish=228.61 dev=+0.00 injected=0.0
[charge_scheduler-1] [INFO] [1785240161.775473420] [charge_scheduler]: [执行事件] loop=open plan_v=0 C2 type=target_service target=16 station_ord=0 planned_finish=213.43 actual_finish=246.60 dev=+33.17 injected=0.0
[charge_scheduler-1] [INFO] [1785240161.775478986] [charge_scheduler]: [执行事件] loop=open plan_v=0 C2 type=station_turnaround target=-1 station_ord=2 planned_finish=226.15 actual_finish=259.32 dev=+33.17 injected=0.0
[charge_scheduler-1] [INFO] [1785240161.775484520] [charge_scheduler]: [执行事件] loop=open plan_v=0 C3 type=target_service target=10 station_ord=0 planned_finish=234.81 actual_finish=267.45 dev=+32.64 injected=0.0
[charge_scheduler-1] [INFO] [1785240161.775490078] [charge_scheduler]: [执行事件] loop=open plan_v=0 C1 type=target_service target=23 station_ord=0 planned_finish=274.38 actual_finish=274.38 dev=+0.00 injected=0.0
[charge_scheduler-1] [INFO] [1785240161.775495408] [charge_scheduler]: [执行事件] loop=open plan_v=0 C3 type=station_turnaround target=-1 station_ord=2 planned_finish=246.46 actual_finish=279.10 dev=+32.64 injected=0.0
[charge_scheduler-1] [INFO] [1785240161.775500976] [charge_scheduler]: [执行事件] loop=open plan_v=0 C2 type=target_service target=19 station_ord=0 planned_finish=263.87 actual_finish=297.98 dev=+34.11 injected=0.0
[charge_scheduler-1] [INFO] [1785240161.775506571] [charge_scheduler]: [执行事件] loop=open plan_v=0 C1 type=target_service target=25 station_ord=0 planned_finish=312.89 actual_finish=312.89 dev=+0.00 injected=0.0
[charge_scheduler-1] [INFO] [1785240161.775511894] [charge_scheduler]: [执行事件] loop=open plan_v=0 C1 type=station_turnaround target=-1 station_ord=3 planned_finish=324.17 actual_finish=324.17 dev=+0.00 injected=0.0
[charge_scheduler-1] [INFO] [1785240161.775517223] [charge_scheduler]: [执行事件] loop=open plan_v=0 C3 type=target_service target=29 station_ord=0 planned_finish=292.11 actual_finish=324.75 dev=+32.64 injected=0.0
[charge_scheduler-1] [INFO] [1785240161.775522641] [charge_scheduler]: [执行事件] loop=open plan_v=0 C2 type=target_service target=20 station_ord=0 planned_finish=308.52 actual_finish=342.63 dev=+34.11 injected=0.0
[charge_scheduler-1] [INFO] [1785240161.775536481] [charge_scheduler]: [执行事件] loop=open plan_v=0 C2 type=station_turnaround target=-1 station_ord=3 planned_finish=319.91 actual_finish=354.03 dev=+34.11 injected=0.0
[charge_scheduler-1] [INFO] [1785240161.775544879] [charge_scheduler]: [执行事件] loop=open plan_v=0 C1 type=target_service target=17 station_ord=0 planned_finish=369.72 actual_finish=369.72 dev=+0.00 injected=0.0
[charge_scheduler-1] [INFO] [1785240161.775550415] [charge_scheduler]: [执行事件] loop=open plan_v=0 C3 type=target_service target=14 station_ord=0 planned_finish=336.45 actual_finish=369.76 dev=+33.31 injected=0.0
[charge_scheduler-1] [INFO] [1785240161.775556332] [charge_scheduler]: [执行事件] loop=open plan_v=0 C1 type=final_return target=-1 station_ord=0 planned_finish=372.51 actual_finish=372.51 dev=+0.00 injected=0.0
[charge_scheduler-1] [INFO] [1785240161.775561543] [charge_scheduler]: [执行事件] loop=open plan_v=0 C3 type=final_return target=-1 station_ord=0 planned_finish=340.21 actual_finish=373.53 dev=+33.31 injected=0.0
[charge_scheduler-1] [INFO] [1785240161.775566828] [charge_scheduler]: [执行事件] loop=open plan_v=0 C2 type=target_service target=2 station_ord=0 planned_finish=365.70 actual_finish=399.82 dev=+34.11 injected=0.0
[charge_scheduler-1] [INFO] [1785240161.775572052] [charge_scheduler]: [执行事件] loop=open plan_v=0 C2 type=final_return target=-1 station_ord=0 planned_finish=367.63 actual_finish=401.74 dev=+34.11 injected=0.0
[charge_scheduler-1] [INFO] [1785240161.775586178] [charge_scheduler]: [执行事件] loop=closed plan_v=0 C3 type=target_service target=27 station_ord=0 planned_finish=6.36 actual_finish=6.36 dev=+0.00 injected=0.0
[charge_scheduler-1] [INFO] [1785240161.775591970] [charge_scheduler]: [执行事件] loop=closed plan_v=0 C1 type=target_service target=4 station_ord=0 planned_finish=11.04 actual_finish=11.04 dev=+0.00 injected=0.0
[charge_scheduler-1] [INFO] [1785240161.775597384] [charge_scheduler]: [执行事件] loop=closed plan_v=0 C3 type=target_service target=21 station_ord=0 planned_finish=14.00 actual_finish=14.00 dev=+0.00 injected=0.0
[charge_scheduler-1] [INFO] [1785240161.775602645] [charge_scheduler]: [执行事件] loop=closed plan_v=0 C3 type=target_service target=12 station_ord=0 planned_finish=23.83 actual_finish=23.83 dev=+0.00 injected=0.0
[charge_scheduler-1] [INFO] [1785240161.775608052] [charge_scheduler]: [执行事件] loop=closed plan_v=0 C2 type=target_service target=9 station_ord=0 planned_finish=25.99 actual_finish=25.99 dev=+0.00 injected=0.0
[charge_scheduler-1] [INFO] [1785240161.775613681] [charge_scheduler]: [执行事件] loop=closed plan_v=0 C1 type=target_service target=8 station_ord=0 planned_finish=27.46 actual_finish=27.46 dev=+0.00 injected=0.0
[charge_scheduler-1] [INFO] [1785240161.775625623] [charge_scheduler]: [执行事件] loop=closed plan_v=0 C3 type=target_service target=15 station_ord=0 planned_finish=49.07 actual_finish=49.07 dev=+0.00 injected=0.0
[charge_scheduler-1] [INFO] [1785240161.775631833] [charge_scheduler]: [执行事件] loop=closed plan_v=0 C2 type=target_service target=3 station_ord=0 planned_finish=52.69 actual_finish=52.69 dev=+0.00 injected=0.0
[charge_scheduler-1] [INFO] [1785240161.775637699] [charge_scheduler]: [执行事件] loop=closed plan_v=0 C1 type=target_service target=22 station_ord=0 planned_finish=60.21 actual_finish=60.21 dev=+0.00 injected=0.0
[charge_scheduler-1] [INFO] [1785240161.775643455] [charge_scheduler]: [执行事件] loop=closed plan_v=0 C3 type=target_service target=7 station_ord=0 planned_finish=75.27 actual_finish=75.27 dev=+0.00 injected=0.0
[charge_scheduler-1] [INFO] [1785240161.775649537] [charge_scheduler]: [执行事件] loop=closed plan_v=0 C1 type=target_service target=1 station_ord=0 planned_finish=84.95 actual_finish=84.95 dev=+0.00 injected=0.0
[charge_scheduler-1] [INFO] [1785240161.775655515] [charge_scheduler]: [执行事件] loop=closed plan_v=0 C2 type=target_service target=11 station_ord=0 planned_finish=93.80 actual_finish=93.80 dev=+0.00 injected=0.0
[charge_scheduler-1] [INFO] [1785240161.775664305] [charge_scheduler]: [执行事件] loop=closed plan_v=0 C1 type=target_service target=18 station_ord=0 planned_finish=109.82 actual_finish=109.82 dev=+0.00 injected=0.0
[charge_scheduler-1] [INFO] [1785240161.775670221] [charge_scheduler]: [执行事件] loop=closed plan_v=0 C3 type=target_service target=28 station_ord=0 planned_finish=110.06 actual_finish=110.06 dev=+0.00 injected=0.0
[charge_scheduler-1] [INFO] [1785240161.775678338] [charge_scheduler]: [执行事件] loop=closed plan_v=0 C1 type=station_turnaround target=-1 station_ord=1 planned_finish=122.63 actual_finish=122.63 dev=+0.00 injected=0.0
[charge_scheduler-1] [INFO] [1785240161.775684697] [charge_scheduler]: [执行事件] loop=closed plan_v=0 C2 type=station_turnaround target=-1 station_ord=1 planned_finish=106.28 actual_finish=136.28 dev=+30.00 injected=30.0
[charge_scheduler-1] [WARN] [1785240165.090240770] [charge_scheduler]: [重调度事件] #1 t=136.28min trigger=C2/station_turnaround dev=+30.00 pool=15 committed=1 plan_v=1 solve_ms=3314.5 changed_assign=7 changed_order=13
[charge_scheduler-1] [INFO] [1785240165.090298708] [charge_scheduler]: [执行事件] loop=closed plan_v=0 C3 type=station_turnaround target=-1 station_ord=1 planned_finish=122.09 actual_finish=152.09 dev=+30.00 injected=30.0
[charge_scheduler-1] [WARN] [1785240168.020485716] [charge_scheduler]: [重调度事件] #2 t=152.09min trigger=C3/station_turnaround dev=+30.00 pool=14 committed=2 plan_v=2 solve_ms=2930.2 changed_assign=10 changed_order=9
[charge_scheduler-1] [INFO] [1785240168.020547920] [charge_scheduler]: [执行事件] loop=closed plan_v=0 C1 type=target_service target=5 station_ord=0 planned_finish=169.36 actual_finish=169.36 dev=+0.00 injected=0.0
[charge_scheduler-1] [INFO] [1785240168.020560992] [charge_scheduler]: [执行事件] loop=closed plan_v=1 C2 type=target_service target=13 station_ord=0 planned_finish=174.33 actual_finish=174.33 dev=+0.00 injected=0.0
[charge_scheduler-1] [INFO] [1785240168.020569984] [charge_scheduler]: [执行事件] loop=closed plan_v=2 C3 type=target_service target=0 station_ord=0 planned_finish=186.91 actual_finish=186.91 dev=+0.00 injected=0.0
[charge_scheduler-1] [INFO] [1785240168.020578777] [charge_scheduler]: [执行事件] loop=closed plan_v=2 C1 type=target_service target=24 station_ord=0 planned_finish=196.06 actual_finish=196.06 dev=+0.00 injected=0.0
[charge_scheduler-1] [INFO] [1785240168.020587849] [charge_scheduler]: [执行事件] loop=closed plan_v=2 C2 type=target_service target=20 station_ord=0 planned_finish=220.58 actual_finish=220.58 dev=+0.00 injected=0.0
[charge_scheduler-1] [INFO] [1785240168.020606921] [charge_scheduler]: [执行事件] loop=closed plan_v=2 C3 type=target_service target=16 station_ord=0 planned_finish=224.20 actual_finish=224.20 dev=+0.00 injected=0.0
[charge_scheduler-1] [INFO] [1785240168.020615956] [charge_scheduler]: [执行事件] loop=closed plan_v=2 C2 type=station_turnaround target=-1 station_ord=2 planned_finish=231.98 actual_finish=231.98 dev=+0.00 injected=0.0
[charge_scheduler-1] [INFO] [1785240168.020626282] [charge_scheduler]: [执行事件] loop=closed plan_v=2 C1 type=target_service target=10 station_ord=0 planned_finish=232.64 actual_finish=232.64 dev=+0.00 injected=0.0
[charge_scheduler-1] [INFO] [1785240168.020638030] [charge_scheduler]: [执行事件] loop=closed plan_v=2 C3 type=station_turnaround target=-1 station_ord=2 planned_finish=236.91 actual_finish=236.91 dev=+0.00 injected=0.0
[charge_scheduler-1] [INFO] [1785240168.020648464] [charge_scheduler]: [执行事件] loop=closed plan_v=2 C1 type=station_turnaround target=-1 station_ord=2 planned_finish=244.29 actual_finish=244.29 dev=+0.00 injected=0.0
[charge_scheduler-1] [INFO] [1785240168.020658826] [charge_scheduler]: [执行事件] loop=closed plan_v=2 C3 type=target_service target=19 station_ord=0 planned_finish=275.54 actual_finish=275.54 dev=+0.00 injected=0.0
[charge_scheduler-1] [INFO] [1785240168.020669261] [charge_scheduler]: [执行事件] loop=closed plan_v=2 C2 type=target_service target=23 station_ord=0 planned_finish=278.05 actual_finish=278.05 dev=+0.00 injected=0.0
[charge_scheduler-1] [INFO] [1785240168.020679648] [charge_scheduler]: [执行事件] loop=closed plan_v=2 C1 type=target_service target=26 station_ord=0 planned_finish=290.57 actual_finish=290.57 dev=+0.00 injected=0.0
[charge_scheduler-1] [INFO] [1785240168.020690117] [charge_scheduler]: [执行事件] loop=closed plan_v=2 C3 type=target_service target=25 station_ord=0 planned_finish=313.21 actual_finish=313.21 dev=+0.00 injected=0.0
[charge_scheduler-1] [INFO] [1785240168.020712678] [charge_scheduler]: [执行事件] loop=closed plan_v=2 C2 type=target_service target=2 station_ord=0 planned_finish=324.16 actual_finish=324.16 dev=+0.00 injected=0.0
[charge_scheduler-1] [INFO] [1785240168.020721744] [charge_scheduler]: [执行事件] loop=closed plan_v=2 C3 type=station_turnaround target=-1 station_ord=3 planned_finish=324.49 actual_finish=324.49 dev=+0.00 injected=0.0
[charge_scheduler-1] [INFO] [1785240168.020754307] [charge_scheduler]: [执行事件] loop=closed plan_v=2 C2 type=station_turnaround target=-1 station_ord=3 planned_finish=336.09 actual_finish=336.09 dev=+0.00 injected=0.0
[charge_scheduler-1] [INFO] [1785240168.020761299] [charge_scheduler]: [执行事件] loop=closed plan_v=2 C1 type=target_service target=14 station_ord=0 planned_finish=336.34 actual_finish=336.34 dev=+0.00 injected=0.0
[charge_scheduler-1] [INFO] [1785240168.020767476] [charge_scheduler]: [执行事件] loop=closed plan_v=2 C1 type=station_turnaround target=-1 station_ord=3 planned_finish=350.11 actual_finish=350.11 dev=+0.00 injected=0.0
[charge_scheduler-1] [INFO] [1785240168.020774024] [charge_scheduler]: [执行事件] loop=closed plan_v=2 C3 type=target_service target=6 station_ord=0 planned_finish=371.05 actual_finish=371.05 dev=+0.00 injected=0.0
[charge_scheduler-1] [INFO] [1785240168.020780476] [charge_scheduler]: [执行事件] loop=closed plan_v=2 C3 type=final_return target=-1 station_ord=0 planned_finish=373.74 actual_finish=373.74 dev=+0.00 injected=0.0
[charge_scheduler-1] [INFO] [1785240168.020786615] [charge_scheduler]: [执行事件] loop=closed plan_v=2 C2 type=target_service target=17 station_ord=0 planned_finish=382.72 actual_finish=382.72 dev=+0.00 injected=0.0
[charge_scheduler-1] [INFO] [1785240168.020792785] [charge_scheduler]: [执行事件] loop=closed plan_v=2 C2 type=final_return target=-1 station_ord=0 planned_finish=385.52 actual_finish=385.52 dev=+0.00 injected=0.0
[charge_scheduler-1] [INFO] [1785240168.020799191] [charge_scheduler]: [执行事件] loop=closed plan_v=2 C1 type=target_service target=29 station_ord=0 planned_finish=395.75 actual_finish=395.75 dev=+0.00 injected=0.0
[charge_scheduler-1] [INFO] [1785240168.020805324] [charge_scheduler]: [执行事件] loop=closed plan_v=2 C1 type=final_return target=-1 station_ord=0 planned_finish=397.93 actual_finish=397.93 dev=+0.00 injected=0.0
[charge_scheduler-1] [INFO] [1785240168.020815838] [charge_scheduler]: ★闭环实验结果 mode=open M=30 K=3 disturbance=station delay=30.0 seed=1 N_late=11 T_overtime=432.680 C_total=5773.118 makespan=401.744 served=30 energy_viol=4 reschedules=0 reschedule_ms=0.000 changed_assign=0 changed_order=0 applied_target=0 applied_station=2 initial_solve_ms=51817.718
[charge_scheduler-1] [INFO] [1785240168.020827432] [charge_scheduler]: ★闭环实验结果 mode=closed M=30 K=3 disturbance=station delay=30.0 seed=1 N_late=6 T_overtime=465.201 C_total=5943.616 makespan=397.934 served=30 energy_viol=0 reschedules=2 reschedule_ms=6244.674 changed_assign=17 changed_order=22 applied_target=0 applied_station=2 initial_solve_ms=51817.718
[charge_scheduler-1] [INFO] [1785240168.020837175] [charge_scheduler]: ★闭环实验收益 M=30 K=3 disturbance=station delay=30.0 seed=1 recovered_late=5 overtime_reduction=-32.522 distance_delta=170.497 makespan_reduction=3.810
[WARNING] [launch]: user interrupted with ctrl-c (SIGINT)
[INFO] [charge_scheduler-1]: sending signal 'SIGINT' to process[charge_scheduler-1]
[charge_scheduler-1] [INFO] [1785240168.873112534] [rclcpp]: signal_handler(signum=2)
[ERROR] [charge_scheduler-1]: process has died [pid 24007, exit code -2, cmd '/home/yy/controller/shared_dir/Comprehensive_Road_Testing/install/task_planner/lib/task_planner/charge_scheduler --ros-args -r __node:=charge_scheduler --params-file /home/yy/controller/shared_dir/Comprehensive_Road_Testing/install/task_planner/share/task_planner/config/charge_scheduler.param.yaml'].
