[INFO] [launch]: All log files can be found below /root/.ros/log/2026-07-28-11-54-13-962623-YYYY-23024
[INFO] [launch]: Default logging verbosity is set to INFO
[INFO] [charge_scheduler-1]: process started with pid [23027]
[charge_scheduler-1] [INFO] [1785239654.102924297] [charge_scheduler]: [Scheduler] 30辆车 | 电池800.0kWh(20%=160.0 80%=640.0) | 充电360kW效率97% | 行驶0.6kWh/km | 桩350kW
[charge_scheduler-1] [INFO] [1785239654.103051844] [charge_scheduler]: [Scheduler] 站端周转: 换电 10 min(换后满电) | 单趟可用 640 kWh
[charge_scheduler-1] [INFO] [1785239654.103077537] [charge_scheduler]:   车#0 [电动装载机282|light] 位置(-47.3,-2.6) 容量282kWh 剩余35% | α=6→6min/% τ=168min → 需130.8kWh(充21.2min)
[charge_scheduler-1] [INFO] [1785239654.103099603] [charge_scheduler]:   车#1 [重型叉车|light] 位置(-44.0,-64.1) 容量200kWh 剩余20% | α=6→6min/% τ=96min → 需123.7kWh(充20.0min)
[charge_scheduler-1] [INFO] [1785239654.103117662] [charge_scheduler]:   车#2 [电动装载机350|light] 位置(-51.1,-38.8) 容量350kWh 剩余50% | α=6→6min/% τ=288min → 需108.2kWh(充17.5min)
[charge_scheduler-1] [INFO] [1785239654.103134400] [charge_scheduler]:   车#3 [重型叉车|light] 位置(-71.0,-19.0) 容量200kWh 剩余10% | α=6→6min/% τ=32min → 需144.3kWh(充23.3min)
[charge_scheduler-1] [INFO] [1785239654.103150426] [charge_scheduler]:   车#4 [电动装载机282|heavy→降级] 位置(-93.3,6.6) 容量282kWh 剩余60% | α=3→6min/% τ=212min → 需58.1kWh(充9.4min)
[charge_scheduler-1] [INFO] [1785239654.103166276] [charge_scheduler]:   车#5 [电动装载机350|light] 位置(-104.4,47.7) 容量350kWh 剩余25% | α=6→6min/% τ=128min → 需198.5kWh(充32.1min)
[charge_scheduler-1] [INFO] [1785239654.103182009] [charge_scheduler]:   车#6 [电动装载机350|heavy→降级] 位置(-37.0,-75.1) 容量350kWh 剩余40% | α=4→6min/% τ=176min → 需144.3kWh(充23.3min)
[charge_scheduler-1] [INFO] [1785239654.103197413] [charge_scheduler]:   车#7 [重型叉车|light] 位置(-88.8,-37.1) 容量200kWh 剩余15% | α=6→6min/% τ=64min → 需134.0kWh(充21.7min)
[charge_scheduler-1] [INFO] [1785239654.103212788] [charge_scheduler]:   车#8 [电动装载机282|heavy→降级] 位置(-70.9,27.7) 容量282kWh 剩余55% | α=3→6min/% τ=196min → 需72.7kWh(充11.8min)
[charge_scheduler-1] [INFO] [1785239654.103228458] [charge_scheduler]:   车#9 [电动装载机282|heavy→降级] 位置(-35.4,-47.4) 容量282kWh 剩余30% | α=3→6min/% τ=116min → 需145.4kWh(充23.5min)
[charge_scheduler-1] [INFO] [1785239654.103243662] [charge_scheduler]:   车#10 [电动装载机282|light] 位置(-100.0,-1.0) 容量282kWh 剩余45% | α=6→6min/% τ=224min → 需101.8kWh(充16.4min)
[charge_scheduler-1] [INFO] [1785239654.103259472] [charge_scheduler]:   车#11 [电动装载机350|light] 位置(-72.8,-15.6) 容量350kWh 剩余18% | α=6→6min/% τ=83min → 需223.7kWh(充36.2min)
[charge_scheduler-1] [INFO] [1785239654.103275675] [charge_scheduler]:   车#12 [重型叉车|heavy→降级] 位置(-61.7,-20.7) 容量200kWh 剩余62% | α=3→6min/% τ=230min → 需37.1kWh(充6.0min)
[charge_scheduler-1] [INFO] [1785239654.103291322] [charge_scheduler]:   车#13 [电动装载机282|light] 位置(-133.0,-25.3) 容量282kWh 剩余28% | α=6→6min/% τ=129min → 需151.2kWh(充24.4min)
[charge_scheduler-1] [INFO] [1785239654.103307195] [charge_scheduler]:   车#14 [电动装载机350|light] 位置(-132.0,-8.9) 容量350kWh 剩余52% | α=6→6min/% τ=301min → 需101.0kWh(充16.3min)
[charge_scheduler-1] [INFO] [1785239654.103322589] [charge_scheduler]:   车#15 [重型叉车|light] 位置(-120.0,7.9) 容量200kWh 剩余12% | α=6→6min/% τ=45min → 需140.2kWh(充22.7min)
[charge_scheduler-1] [INFO] [1785239654.103337773] [charge_scheduler]:   车#16 [电动装载机282|light] 位置(-43.8,-82.9) 容量282kWh 剩余38% | α=6→6min/% τ=185min → 需122.1kWh(充19.7min)
[charge_scheduler-1] [INFO] [1785239654.103353409] [charge_scheduler]:   车#17 [电动装载机350|light] 位置(-31.1,-74.7) 容量350kWh 剩余58% | α=6→6min/% τ=339min → 需79.4kWh(充12.8min)
[charge_scheduler-1] [INFO] [1785239654.103369311] [charge_scheduler]:   车#18 [重型叉车|heavy→降级] 位置(-75.4,-68.2) 容量200kWh 剩余22% | α=3→6min/% τ=102min → 需119.6kWh(充19.3min)
[charge_scheduler-1] [INFO] [1785239654.103385108] [charge_scheduler]:   车#19 [电动装载机282|light] 位置(-88.2,47.1) 容量282kWh 剩余48% | α=6→6min/% τ=241min → 需93.0kWh(充15.0min)
[charge_scheduler-1] [INFO] [1785239654.103400793] [charge_scheduler]:   车#20 [电动装载机350|light] 位置(-71.4,16.3) 容量350kWh 剩余33% | α=6→6min/% τ=179min → 需169.6kWh(充27.4min)
[charge_scheduler-1] [INFO] [1785239654.103450150] [charge_scheduler]:   车#21 [重型叉车|heavy→降级] 位置(-122.0,-0.6) 容量200kWh 剩余65% | α=3→6min/% τ=240min → 需30.9kWh(充5.0min)
[charge_scheduler-1] [INFO] [1785239654.103470987] [charge_scheduler]:   车#22 [电动装载机282|light] 位置(-71.6,11.6) 容量282kWh 剩余16% | α=6→6min/% τ=62min → 需186.1kWh(充30.1min)
[charge_scheduler-1] [INFO] [1785239654.103486934] [charge_scheduler]:   车#23 [电动装载机350|light] 位置(-131.0,37.2) 容量350kWh 剩余42% | α=6→6min/% τ=237min → 需137.1kWh(充22.2min)
[charge_scheduler-1] [INFO] [1785239654.103502670] [charge_scheduler]:   车#24 [重型叉车|heavy→降级] 位置(-51.3,5.9) 容量200kWh 剩余25% | α=3→6min/% τ=112min → 需113.4kWh(充18.3min)
[charge_scheduler-1] [INFO] [1785239654.103517400] [charge_scheduler]:   车#25 [电动装载机282|light] 位置(-62.2,-10.7) 容量282kWh 剩余55% | α=6→6min/% τ=280min → 需72.7kWh(充11.8min)
[charge_scheduler-1] [INFO] [1785239654.103543142] [charge_scheduler]:   车#26 [电动装载机350|light] 位置(-116.0,60.4) 容量350kWh 剩余30% | α=6→6min/% τ=160min → 需180.4kWh(充29.2min)
[charge_scheduler-1] [INFO] [1785239654.103559726] [charge_scheduler]:   车#27 [重型叉车|heavy→降级] 位置(-90.4,60.5) 容量200kWh 剩余68% | α=3→6min/% τ=250min → 需24.7kWh(充4.0min)
[charge_scheduler-1] [INFO] [1785239654.103575006] [charge_scheduler]:   车#28 [电动装载机282|light] 位置(-85.5,-46.0) 容量282kWh 剩余20% | α=6→6min/% τ=84min → 需174.4kWh(充28.2min)
[charge_scheduler-1] [INFO] [1785239654.103590452] [charge_scheduler]:   车#29 [电动装载机350|light] 位置(-87.0,-36.6) 容量350kWh 剩余36% | α=6→6min/% τ=198min → 需158.8kWh(充25.7min)
[charge_scheduler-1] [INFO] [1785239654.114734913] [charge_scheduler]: [Scheduler] 闭环接口: threshold=10.0min | event_sim=on | structured_feedback=optional (/task_planner/execution_event)
[charge_scheduler-1] [INFO] [1785239654.114801061] [charge_scheduler]: [Scheduler] 已启动, 等待地图...
[charge_scheduler-1] [INFO] [1785239654.177797293] [charge_scheduler]: [Scheduler] RoutingGraph 就绪
[charge_scheduler-1] [INFO] [1785239654.178151558] [charge_scheduler]: [Scheduler] 提取到 6 条虚线捷径
[charge_scheduler-1] [INFO] [1785239654.198481976] [charge_scheduler]: [Scheduler] 下层兼容增强图: 166 节点, 6 条虚线掉头边
[charge_scheduler-1] [INFO] [1785239663.255402605] [charge_scheduler]: [Scheduler] 距离矩阵完成 31x31, 9056.8 ms | 模式=maneuver | 真实不可达=0 抽象不可达=0 | 缺少对向投影节点=0
[charge_scheduler-1] [INFO] [1785239663.255506803] [charge_scheduler]:   ✓ 比值自检：930 个 OD 满足 机动/直线≥1 | 均值=2.97 最大=42.81 (车#15→车#21)
[charge_scheduler-1] [INFO] [1785239663.255520716] [charge_scheduler]: [Scheduler] 地图就绪, 166 条 lanelet（与下层一致）
[charge_scheduler-1] [INFO] [1785239663.255570787] [charge_scheduler]: ======== 开始VRPTW调度 30 辆车 ========
[charge_scheduler-1] [INFO] [1785239663.255578279] [charge_scheduler]:   规模30>8 → 启发式(alns)
[charge_scheduler-1] [INFO] [1785239723.386546861] [charge_scheduler]: [ALNS] seed=5 iters=15000 | N_late=2(成功率93.3%) T_overtime=211.4min C_total=5532.9m | 趟数=11 makespan=385.3min
[charge_scheduler-1] [INFO] [1785239723.386666036] [charge_scheduler]:   求解耗时 60131.1 ms
[charge_scheduler-1] [INFO] [1785239723.386683403] [charge_scheduler]: ════════ 调度结果 ════════
[charge_scheduler-1] [INFO] [1785239723.386693683] [charge_scheduler]:   ★目标(字典序): ① N_late=2 辆 (按时成功率 28/30 = 93.3%)  ② T_overtime=211.4min  ③ C_total=5532.9m
[charge_scheduler-1] [INFO] [1785239723.386705937] [charge_scheduler]:   附: 趟数=11 | makespan=385.3min | 能量可行=是
[charge_scheduler-1] [INFO] [1785239723.386737193] [charge_scheduler]:   [充电车3] 趟1: 站 → 车#27(到2.1/限249.6✓) → 车#21(到8.2/限240.0✓) → 车#3(到15.1/限32.0✓) → 车#28(到40.0/限84.0✓) → 车#18(到72.3/限102.4✓) → 站
[charge_scheduler-1] [INFO] [1785239723.386750378] [charge_scheduler]:   [充电车1] 趟2: 站 → 车#8(到4.0/限196.0✓) → 车#22(到16.7/限61.6✓) → 车#7(到49.3/限64.0✓) → 车#1(到74.6/限96.0✓) → 站
[charge_scheduler-1] [INFO] [1785239723.386762207] [charge_scheduler]:   [充电车2] 趟3: 站 → 车#4(到1.4/限212.0✓) → 车#15(到11.5/限44.8✓) → 车#13(到36.4/限128.8✓) → 车#11(到67.1/限83.2✓) → 站
[charge_scheduler-1] [INFO] [1785239723.386819300] [charge_scheduler]:   [充电车2] 趟4: 站 → 车#5(到125.1/限128.0✓) → 车#20(到169.7/限179.2✓) → 站
[charge_scheduler-1] [INFO] [1785239723.386832611] [charge_scheduler]:   [充电车1] 趟5: 站 → 车#24(到111.8/限112.0✓) → 车#26(到138.5/限160.0✓) → 车#10(到182.0/限224.0✓) → 站
[charge_scheduler-1] [INFO] [1785239723.386845021] [charge_scheduler]:   [充电车3] 趟6: 站 → 车#9(到110.7/限116.0✓) → 车#0(到147.0/限168.0✓) → 车#16(到182.5/限184.8✓) → 站
[charge_scheduler-1] [INFO] [1785239723.386855285] [charge_scheduler]:   [充电车2] 趟7: 站 → 车#19(到227.4/限240.8✓) → 车#29(到263.5/限198.4✗超时) → 站
[charge_scheduler-1] [INFO] [1785239723.386865083] [charge_scheduler]:   [充电车3] 趟8: 站 → 车#23(到232.9/限236.8✓) → 车#14(到280.3/限300.8✓) → 站
[charge_scheduler-1] [INFO] [1785239723.386881165] [charge_scheduler]:   [充电车1] 趟9: 站 → 车#12(到227.8/限230.4✓) → 车#25(到252.9/限280.0✓) → 车#2(到287.5/限288.0✓) → 站
[charge_scheduler-1] [INFO] [1785239723.386889974] [charge_scheduler]:   [充电车2] 趟10: 站 → 车#6(到322.2/限176.0✗超时) → 站
[charge_scheduler-1] [INFO] [1785239723.386898386] [charge_scheduler]:   [充电车3] 趟11: 站 → 车#17(到338.8/限339.2✓) → 站
[charge_scheduler-1] [INFO] [1785239723.386905868] [charge_scheduler]: ════════════════════════
[charge_scheduler-1] [INFO] [1785239723.387037795] [charge_scheduler]: [扰动清单] type=station delay=15.0min targets={} station={C1-S1,C3-S1,}
[charge_scheduler-1] [INFO] [1785239723.387073744] [charge_scheduler]: [执行事件] loop=open plan_v=0 C3 type=target_service target=27 station_ord=0 planned_finish=6.36 actual_finish=6.36 dev=+0.00 injected=0.0
[charge_scheduler-1] [INFO] [1785239723.387089311] [charge_scheduler]: [执行事件] loop=open plan_v=0 C2 type=target_service target=4 station_ord=0 planned_finish=11.04 actual_finish=11.04 dev=+0.00 injected=0.0
[charge_scheduler-1] [INFO] [1785239723.387101675] [charge_scheduler]: [执行事件] loop=open plan_v=0 C3 type=target_service target=21 station_ord=0 planned_finish=14.00 actual_finish=14.00 dev=+0.00 injected=0.0
[charge_scheduler-1] [INFO] [1785239723.387112961] [charge_scheduler]: [执行事件] loop=open plan_v=0 C1 type=target_service target=8 station_ord=0 planned_finish=16.35 actual_finish=16.35 dev=+0.00 injected=0.0
[charge_scheduler-1] [INFO] [1785239723.387125372] [charge_scheduler]: [执行事件] loop=open plan_v=0 C2 type=target_service target=15 station_ord=0 planned_finish=34.81 actual_finish=34.81 dev=+0.00 injected=0.0
[charge_scheduler-1] [INFO] [1785239723.387137436] [charge_scheduler]: [执行事件] loop=open plan_v=0 C3 type=target_service target=3 station_ord=0 planned_finish=39.26 actual_finish=39.26 dev=+0.00 injected=0.0
[charge_scheduler-1] [INFO] [1785239723.387150057] [charge_scheduler]: [执行事件] loop=open plan_v=0 C1 type=target_service target=22 station_ord=0 planned_finish=48.17 actual_finish=48.17 dev=+0.00 injected=0.0
[charge_scheduler-1] [INFO] [1785239723.387162160] [charge_scheduler]: [执行事件] loop=open plan_v=0 C2 type=target_service target=13 station_ord=0 planned_finish=63.93 actual_finish=63.93 dev=+0.00 injected=0.0
[charge_scheduler-1] [INFO] [1785239723.387174774] [charge_scheduler]: [执行事件] loop=open plan_v=0 C3 type=target_service target=28 station_ord=0 planned_finish=71.56 actual_finish=71.56 dev=+0.00 injected=0.0
[charge_scheduler-1] [INFO] [1785239723.387188152] [charge_scheduler]: [执行事件] loop=open plan_v=0 C1 type=target_service target=7 station_ord=0 planned_finish=73.54 actual_finish=73.54 dev=+0.00 injected=0.0
[charge_scheduler-1] [INFO] [1785239723.387201347] [charge_scheduler]: [执行事件] loop=open plan_v=0 C3 type=target_service target=18 station_ord=0 planned_finish=95.72 actual_finish=95.72 dev=+0.00 injected=0.0
[charge_scheduler-1] [INFO] [1785239723.387216007] [charge_scheduler]: [执行事件] loop=open plan_v=0 C1 type=target_service target=1 station_ord=0 planned_finish=98.51 actual_finish=98.51 dev=+0.00 injected=0.0
[charge_scheduler-1] [INFO] [1785239723.387231230] [charge_scheduler]: [执行事件] loop=open plan_v=0 C2 type=target_service target=11 station_ord=0 planned_finish=109.42 actual_finish=109.42 dev=+0.00 injected=0.0
[charge_scheduler-1] [INFO] [1785239723.387245877] [charge_scheduler]: [执行事件] loop=open plan_v=0 C2 type=station_turnaround target=-1 station_ord=1 planned_finish=121.91 actual_finish=121.91 dev=+0.00 injected=0.0
[charge_scheduler-1] [INFO] [1785239723.387266573] [charge_scheduler]: [执行事件] loop=open plan_v=0 C3 type=station_turnaround target=-1 station_ord=1 planned_finish=108.53 actual_finish=123.53 dev=+15.00 injected=15.0
[charge_scheduler-1] [INFO] [1785239723.387281069] [charge_scheduler]: [执行事件] loop=open plan_v=0 C1 type=station_turnaround target=-1 station_ord=1 planned_finish=110.93 actual_finish=125.93 dev=+15.00 injected=15.0
[charge_scheduler-1] [INFO] [1785239723.387294896] [charge_scheduler]: [执行事件] loop=open plan_v=0 C1 type=target_service target=24 station_ord=0 planned_finish=136.74 actual_finish=151.75 dev=+15.01 injected=0.0
[charge_scheduler-1] [INFO] [1785239723.387307939] [charge_scheduler]: [执行事件] loop=open plan_v=0 C3 type=target_service target=9 station_ord=0 planned_finish=145.51 actual_finish=160.95 dev=+15.44 injected=0.0
[charge_scheduler-1] [INFO] [1785239723.387321912] [charge_scheduler]: [执行事件] loop=open plan_v=0 C2 type=target_service target=5 station_ord=0 planned_finish=168.57 actual_finish=168.57 dev=+0.00 injected=0.0
[charge_scheduler-1] [INFO] [1785239723.387334822] [charge_scheduler]: [执行事件] loop=open plan_v=0 C1 type=target_service target=26 station_ord=0 planned_finish=180.32 actual_finish=196.71 dev=+16.38 injected=0.0
[charge_scheduler-1] [INFO] [1785239723.387351302] [charge_scheduler]: [执行事件] loop=open plan_v=0 C3 type=target_service target=0 station_ord=0 planned_finish=180.51 actual_finish=197.25 dev=+16.74 injected=0.0
[charge_scheduler-1] [INFO] [1785239723.387364197] [charge_scheduler]: [执行事件] loop=open plan_v=0 C2 type=target_service target=20 station_ord=0 planned_finish=212.58 actual_finish=212.58 dev=+0.00 injected=0.0
[charge_scheduler-1] [INFO] [1785239723.387377033] [charge_scheduler]: [执行事件] loop=open plan_v=0 C2 type=station_turnaround target=-1 station_ord=2 planned_finish=223.98 actual_finish=223.98 dev=+0.00 injected=0.0
[charge_scheduler-1] [INFO] [1785239723.387391172] [charge_scheduler]: [执行事件] loop=open plan_v=0 C1 type=target_service target=10 station_ord=0 planned_finish=213.77 actual_finish=231.53 dev=+17.76 injected=0.0
[charge_scheduler-1] [INFO] [1785239723.387404346] [charge_scheduler]: [执行事件] loop=open plan_v=0 C3 type=target_service target=16 station_ord=0 planned_finish=217.61 actual_finish=234.54 dev=+16.93 injected=0.0
[charge_scheduler-1] [INFO] [1785239723.387421653] [charge_scheduler]: [执行事件] loop=open plan_v=0 C1 type=station_turnaround target=-1 station_ord=2 planned_finish=225.42 actual_finish=243.18 dev=+17.76 injected=0.0
[charge_scheduler-1] [INFO] [1785239723.387433374] [charge_scheduler]: [执行事件] loop=open plan_v=0 C3 type=station_turnaround target=-1 station_ord=2 planned_finish=230.33 actual_finish=247.26 dev=+16.93 injected=0.0
[charge_scheduler-1] [INFO] [1785239723.387445271] [charge_scheduler]: [执行事件] loop=open plan_v=0 C2 type=target_service target=19 station_ord=0 planned_finish=261.52 actual_finish=261.52 dev=+0.00 injected=0.0
[charge_scheduler-1] [INFO] [1785239723.387456883] [charge_scheduler]: [执行事件] loop=open plan_v=0 C1 type=target_service target=12 station_ord=0 planned_finish=252.62 actual_finish=270.52 dev=+17.89 injected=0.0
[charge_scheduler-1] [INFO] [1785239723.387468616] [charge_scheduler]: [执行事件] loop=open plan_v=0 C3 type=target_service target=23 station_ord=0 planned_finish=276.25 actual_finish=293.54 dev=+17.29 injected=0.0
[charge_scheduler-1] [INFO] [1785239723.387480882] [charge_scheduler]: [执行事件] loop=open plan_v=0 C1 type=target_service target=25 station_ord=0 planned_finish=285.87 actual_finish=305.27 dev=+19.40 injected=0.0
[charge_scheduler-1] [INFO] [1785239723.387493340] [charge_scheduler]: [执行事件] loop=open plan_v=0 C2 type=target_service target=29 station_ord=0 planned_finish=307.26 actual_finish=307.26 dev=+0.00 injected=0.0
[charge_scheduler-1] [INFO] [1785239723.387508442] [charge_scheduler]: [执行事件] loop=open plan_v=0 C2 type=station_turnaround target=-1 station_ord=3 planned_finish=319.44 actual_finish=319.44 dev=+0.00 injected=0.0
[charge_scheduler-1] [INFO] [1785239723.387520982] [charge_scheduler]: [执行事件] loop=open plan_v=0 C3 type=target_service target=14 station_ord=0 planned_finish=322.13 actual_finish=341.00 dev=+18.87 injected=0.0
[charge_scheduler-1] [INFO] [1785239723.387554580] [charge_scheduler]: [执行事件] loop=open plan_v=0 C1 type=target_service target=2 station_ord=0 planned_finish=331.19 actual_finish=350.63 dev=+19.44 injected=0.0
[charge_scheduler-1] [INFO] [1785239723.387568286] [charge_scheduler]: [执行事件] loop=open plan_v=0 C1 type=final_return target=-1 station_ord=0 planned_finish=333.12 actual_finish=352.56 dev=+19.44 injected=0.0
[charge_scheduler-1] [INFO] [1785239723.387581040] [charge_scheduler]: [执行事件] loop=open plan_v=0 C3 type=station_turnaround target=-1 station_ord=3 planned_finish=335.90 actual_finish=354.76 dev=+18.87 injected=0.0
[charge_scheduler-1] [INFO] [1785239723.387595398] [charge_scheduler]: [执行事件] loop=open plan_v=0 C2 type=target_service target=6 station_ord=0 planned_finish=365.99 actual_finish=365.99 dev=+0.00 injected=0.0
[charge_scheduler-1] [INFO] [1785239723.387608523] [charge_scheduler]: [执行事件] loop=open plan_v=0 C2 type=final_return target=-1 station_ord=0 planned_finish=368.69 actual_finish=368.69 dev=+0.00 injected=0.0
[charge_scheduler-1] [INFO] [1785239723.387621203] [charge_scheduler]: [执行事件] loop=open plan_v=0 C3 type=target_service target=17 station_ord=0 planned_finish=382.52 actual_finish=401.42 dev=+18.90 injected=0.0
[charge_scheduler-1] [INFO] [1785239723.387633847] [charge_scheduler]: [执行事件] loop=open plan_v=0 C3 type=final_return target=-1 station_ord=0 planned_finish=385.31 actual_finish=404.21 dev=+18.90 injected=0.0
[charge_scheduler-1] [INFO] [1785239723.387667351] [charge_scheduler]: [执行事件] loop=closed plan_v=0 C3 type=target_service target=27 station_ord=0 planned_finish=6.36 actual_finish=6.36 dev=+0.00 injected=0.0
[charge_scheduler-1] [INFO] [1785239723.387681301] [charge_scheduler]: [执行事件] loop=closed plan_v=0 C2 type=target_service target=4 station_ord=0 planned_finish=11.04 actual_finish=11.04 dev=+0.00 injected=0.0
[charge_scheduler-1] [INFO] [1785239723.387694678] [charge_scheduler]: [执行事件] loop=closed plan_v=0 C3 type=target_service target=21 station_ord=0 planned_finish=14.00 actual_finish=14.00 dev=+0.00 injected=0.0
[charge_scheduler-1] [INFO] [1785239723.387707125] [charge_scheduler]: [执行事件] loop=closed plan_v=0 C1 type=target_service target=8 station_ord=0 planned_finish=16.35 actual_finish=16.35 dev=+0.00 injected=0.0
[charge_scheduler-1] [INFO] [1785239723.387719596] [charge_scheduler]: [执行事件] loop=closed plan_v=0 C2 type=target_service target=15 station_ord=0 planned_finish=34.81 actual_finish=34.81 dev=+0.00 injected=0.0
[charge_scheduler-1] [INFO] [1785239723.387727805] [charge_scheduler]: [执行事件] loop=closed plan_v=0 C3 type=target_service target=3 station_ord=0 planned_finish=39.26 actual_finish=39.26 dev=+0.00 injected=0.0
[charge_scheduler-1] [INFO] [1785239723.387739069] [charge_scheduler]: [执行事件] loop=closed plan_v=0 C1 type=target_service target=22 station_ord=0 planned_finish=48.17 actual_finish=48.17 dev=+0.00 injected=0.0
[charge_scheduler-1] [INFO] [1785239723.387751610] [charge_scheduler]: [执行事件] loop=closed plan_v=0 C2 type=target_service target=13 station_ord=0 planned_finish=63.93 actual_finish=63.93 dev=+0.00 injected=0.0
[charge_scheduler-1] [INFO] [1785239723.387762340] [charge_scheduler]: [执行事件] loop=closed plan_v=0 C3 type=target_service target=28 station_ord=0 planned_finish=71.56 actual_finish=71.56 dev=+0.00 injected=0.0
[charge_scheduler-1] [INFO] [1785239723.387774767] [charge_scheduler]: [执行事件] loop=closed plan_v=0 C1 type=target_service target=7 station_ord=0 planned_finish=73.54 actual_finish=73.54 dev=+0.00 injected=0.0
[charge_scheduler-1] [INFO] [1785239723.387786387] [charge_scheduler]: [执行事件] loop=closed plan_v=0 C3 type=target_service target=18 station_ord=0 planned_finish=95.72 actual_finish=95.72 dev=+0.00 injected=0.0
[charge_scheduler-1] [INFO] [1785239723.387800811] [charge_scheduler]: [执行事件] loop=closed plan_v=0 C1 type=target_service target=1 station_ord=0 planned_finish=98.51 actual_finish=98.51 dev=+0.00 injected=0.0
[charge_scheduler-1] [INFO] [1785239723.387814120] [charge_scheduler]: [执行事件] loop=closed plan_v=0 C2 type=target_service target=11 station_ord=0 planned_finish=109.42 actual_finish=109.42 dev=+0.00 injected=0.0
[charge_scheduler-1] [INFO] [1785239723.387826301] [charge_scheduler]: [执行事件] loop=closed plan_v=0 C2 type=station_turnaround target=-1 station_ord=1 planned_finish=121.91 actual_finish=121.91 dev=+0.00 injected=0.0
[charge_scheduler-1] [INFO] [1785239723.387847449] [charge_scheduler]: [执行事件] loop=closed plan_v=0 C3 type=station_turnaround target=-1 station_ord=1 planned_finish=108.53 actual_finish=123.53 dev=+15.00 injected=15.0
[charge_scheduler-1] [WARN] [1785239729.200788165] [charge_scheduler]: [重调度事件] #1 t=123.53min trigger=C3/station_turnaround dev=+15.00 pool=16 committed=1 plan_v=1 solve_ms=5812.9 changed_assign=9 changed_order=12
[charge_scheduler-1] [INFO] [1785239729.200841033] [charge_scheduler]: [执行事件] loop=closed plan_v=0 C1 type=station_turnaround target=-1 station_ord=1 planned_finish=110.93 actual_finish=125.93 dev=+15.00 injected=15.0
[charge_scheduler-1] [WARN] [1785239733.080504345] [charge_scheduler]: [重调度事件] #2 t=125.93min trigger=C1/station_turnaround dev=+15.00 pool=15 committed=2 plan_v=2 solve_ms=3879.6 changed_assign=6 changed_order=7
[charge_scheduler-1] [INFO] [1785239733.080599521] [charge_scheduler]: [执行事件] loop=closed plan_v=2 C1 type=target_service target=24 station_ord=0 planned_finish=151.75 actual_finish=151.75 dev=+0.00 injected=0.0
[charge_scheduler-1] [INFO] [1785239733.080612861] [charge_scheduler]: [执行事件] loop=closed plan_v=1 C3 type=target_service target=9 station_ord=0 planned_finish=160.95 actual_finish=160.95 dev=+0.00 injected=0.0
[charge_scheduler-1] [INFO] [1785239733.080621484] [charge_scheduler]: [执行事件] loop=closed plan_v=0 C2 type=target_service target=5 station_ord=0 planned_finish=168.57 actual_finish=168.57 dev=+0.00 injected=0.0
[charge_scheduler-1] [INFO] [1785239733.080634611] [charge_scheduler]: [执行事件] loop=closed plan_v=2 C1 type=target_service target=26 station_ord=0 planned_finish=196.71 actual_finish=196.71 dev=+0.00 injected=0.0
[charge_scheduler-1] [INFO] [1785239733.080643764] [charge_scheduler]: [执行事件] loop=closed plan_v=2 C3 type=target_service target=0 station_ord=0 planned_finish=197.25 actual_finish=197.25 dev=+0.00 injected=0.0
[charge_scheduler-1] [INFO] [1785239733.080652638] [charge_scheduler]: [执行事件] loop=closed plan_v=2 C2 type=target_service target=6 station_ord=0 planned_finish=215.06 actual_finish=215.06 dev=+0.00 injected=0.0
[charge_scheduler-1] [INFO] [1785239733.080663031] [charge_scheduler]: [执行事件] loop=closed plan_v=2 C3 type=target_service target=12 station_ord=0 planned_finish=222.41 actual_finish=222.41 dev=+0.00 injected=0.0
[charge_scheduler-1] [INFO] [1785239733.080671762] [charge_scheduler]: [执行事件] loop=closed plan_v=2 C2 type=station_turnaround target=-1 station_ord=2 planned_finish=227.75 actual_finish=227.75 dev=+0.00 injected=0.0
[charge_scheduler-1] [INFO] [1785239733.080682721] [charge_scheduler]: [执行事件] loop=closed plan_v=2 C1 type=target_service target=10 station_ord=0 planned_finish=231.53 actual_finish=231.53 dev=+0.00 injected=0.0
[charge_scheduler-1] [INFO] [1785239733.080690871] [charge_scheduler]: [执行事件] loop=closed plan_v=2 C3 type=station_turnaround target=-1 station_ord=2 planned_finish=233.86 actual_finish=233.86 dev=+0.00 injected=0.0
[charge_scheduler-1] [INFO] [1785239733.080699335] [charge_scheduler]: [执行事件] loop=closed plan_v=2 C1 type=station_turnaround target=-1 station_ord=2 planned_finish=243.18 actual_finish=243.18 dev=+0.00 injected=0.0
[charge_scheduler-1] [INFO] [1785239733.080709428] [charge_scheduler]: [执行事件] loop=closed plan_v=2 C3 type=target_service target=19 station_ord=0 planned_finish=272.23 actual_finish=272.23 dev=+0.00 injected=0.0
[charge_scheduler-1] [INFO] [1785239733.080719422] [charge_scheduler]: [执行事件] loop=closed plan_v=2 C2 type=target_service target=23 station_ord=0 planned_finish=273.44 actual_finish=273.44 dev=+0.00 injected=0.0
[charge_scheduler-1] [INFO] [1785239733.080728400] [charge_scheduler]: [执行事件] loop=closed plan_v=2 C1 type=target_service target=16 station_ord=0 planned_finish=281.01 actual_finish=281.01 dev=+0.00 injected=0.0
[charge_scheduler-1] [INFO] [1785239733.080737251] [charge_scheduler]: [执行事件] loop=closed plan_v=2 C3 type=target_service target=25 station_ord=0 planned_finish=309.62 actual_finish=309.62 dev=+0.00 injected=0.0
[charge_scheduler-1] [INFO] [1785239733.080746241] [charge_scheduler]: [执行事件] loop=closed plan_v=2 C2 type=target_service target=20 station_ord=0 planned_finish=318.96 actual_finish=318.96 dev=+0.00 injected=0.0
[charge_scheduler-1] [INFO] [1785239733.080755130] [charge_scheduler]: [执行事件] loop=closed plan_v=2 C3 type=station_turnaround target=-1 station_ord=3 planned_finish=320.90 actual_finish=320.90 dev=+0.00 injected=0.0
[charge_scheduler-1] [INFO] [1785239733.080798282] [charge_scheduler]: [执行事件] loop=closed plan_v=2 C1 type=target_service target=2 station_ord=0 planned_finish=325.78 actual_finish=325.78 dev=+0.00 injected=0.0
[charge_scheduler-1] [INFO] [1785239733.080807847] [charge_scheduler]: [执行事件] loop=closed plan_v=2 C2 type=station_turnaround target=-1 station_ord=3 planned_finish=330.36 actual_finish=330.36 dev=+0.00 injected=0.0
[charge_scheduler-1] [INFO] [1785239733.080817017] [charge_scheduler]: [执行事件] loop=closed plan_v=2 C1 type=station_turnaround target=-1 station_ord=3 planned_finish=337.71 actual_finish=337.71 dev=+0.00 injected=0.0
[charge_scheduler-1] [INFO] [1785239733.080825960] [charge_scheduler]: [执行事件] loop=closed plan_v=2 C3 type=target_service target=14 station_ord=0 planned_finish=367.70 actual_finish=367.70 dev=+0.00 injected=0.0
[charge_scheduler-1] [INFO] [1785239733.080834676] [charge_scheduler]: [执行事件] loop=closed plan_v=2 C3 type=final_return target=-1 station_ord=0 planned_finish=371.47 actual_finish=371.47 dev=+0.00 injected=0.0
[charge_scheduler-1] [INFO] [1785239733.080843237] [charge_scheduler]: [执行事件] loop=closed plan_v=2 C2 type=target_service target=17 station_ord=0 planned_finish=376.47 actual_finish=376.47 dev=+0.00 injected=0.0
[charge_scheduler-1] [INFO] [1785239733.080851675] [charge_scheduler]: [执行事件] loop=closed plan_v=2 C2 type=final_return target=-1 station_ord=0 planned_finish=379.26 actual_finish=379.26 dev=+0.00 injected=0.0
[charge_scheduler-1] [INFO] [1785239733.080860216] [charge_scheduler]: [执行事件] loop=closed plan_v=2 C1 type=target_service target=29 station_ord=0 planned_finish=383.35 actual_finish=383.35 dev=+0.00 injected=0.0
[charge_scheduler-1] [INFO] [1785239733.080868559] [charge_scheduler]: [执行事件] loop=closed plan_v=2 C1 type=final_return target=-1 station_ord=0 planned_finish=385.53 actual_finish=385.53 dev=+0.00 injected=0.0
[charge_scheduler-1] [INFO] [1785239733.080883648] [charge_scheduler]: ★闭环实验结果 mode=open M=30 K=3 disturbance=station delay=15.0 seed=5 N_late=9 T_overtime=315.748 C_total=5532.870 makespan=404.211 served=30 energy_viol=2 reschedules=0 reschedule_ms=0.000 changed_assign=0 changed_order=0 applied_target=0 applied_station=2 initial_solve_ms=60131.086
[charge_scheduler-1] [INFO] [1785239733.080898608] [charge_scheduler]: ★闭环实验结果 mode=closed M=30 K=3 disturbance=station delay=15.0 seed=5 N_late=6 T_overtime=345.778 C_total=5674.813 makespan=385.532 served=30 energy_viol=0 reschedules=2 reschedule_ms=9692.504 changed_assign=15 changed_order=19 applied_target=0 applied_station=2 initial_solve_ms=60131.086
[charge_scheduler-1] [INFO] [1785239733.080910867] [charge_scheduler]: ★闭环实验收益 M=30 K=3 disturbance=station delay=15.0 seed=5 recovered_late=3 overtime_reduction=-30.030 distance_delta=141.943 makespan_reduction=18.679
[WARNING] [launch]: user interrupted with ctrl-c (SIGINT)
[WARNING] [launch]: user interrupted with ctrl-c (SIGINT) again, ignoring...
[INFO] [charge_scheduler-1]: sending signal 'SIGINT' to process[charge_scheduler-1]
[charge_scheduler-1] [INFO] [1785239734.065636293] [rclcpp]: signal_handler(signum=2)
[ERROR] [charge_scheduler-1]: process has died [pid 23027, exit code -2, cmd '/home/yy/controller/shared_dir/Comprehensive_Road_Testing/install/task_planner/lib/task_planner/charge_scheduler --ros-args -r __node:=charge_scheduler --params-file /home/yy/controller/shared_dir/Comprehensive_Road_Testing/install/task_planner/share/task_planner/config/charge_scheduler.param.yaml'].
