[INFO] [launch]: All log files can be found below /root/.ros/log/2026-07-28-11-43-33-542438-YYYY-21618
[INFO] [launch]: Default logging verbosity is set to INFO
[INFO] [charge_scheduler-1]: process started with pid [21621]
[charge_scheduler-1] [INFO] [1785239013.719300457] [charge_scheduler]: [Scheduler] 30辆车 | 电池800.0kWh(20%=160.0 80%=640.0) | 充电360kW效率97% | 行驶0.6kWh/km | 桩350kW
[charge_scheduler-1] [INFO] [1785239013.719457985] [charge_scheduler]: [Scheduler] 站端周转: 换电 10 min(换后满电) | 单趟可用 640 kWh
[charge_scheduler-1] [INFO] [1785239013.719484740] [charge_scheduler]:   车#0 [电动装载机282|light] 位置(-47.3,-2.6) 容量282kWh 剩余35% | α=6→6min/% τ=168min → 需130.8kWh(充21.2min)
[charge_scheduler-1] [INFO] [1785239013.719505505] [charge_scheduler]:   车#1 [重型叉车|light] 位置(-44.0,-64.1) 容量200kWh 剩余20% | α=6→6min/% τ=96min → 需123.7kWh(充20.0min)
[charge_scheduler-1] [INFO] [1785239013.719523420] [charge_scheduler]:   车#2 [电动装载机350|light] 位置(-51.1,-38.8) 容量350kWh 剩余50% | α=6→6min/% τ=288min → 需108.2kWh(充17.5min)
[charge_scheduler-1] [INFO] [1785239013.720136664] [charge_scheduler]:   车#3 [重型叉车|light] 位置(-71.0,-19.0) 容量200kWh 剩余10% | α=6→6min/% τ=32min → 需144.3kWh(充23.3min)
[charge_scheduler-1] [INFO] [1785239013.720165383] [charge_scheduler]:   车#4 [电动装载机282|heavy→降级] 位置(-93.3,6.6) 容量282kWh 剩余60% | α=3→6min/% τ=212min → 需58.1kWh(充9.4min)
[charge_scheduler-1] [INFO] [1785239013.720183245] [charge_scheduler]:   车#5 [电动装载机350|light] 位置(-104.4,47.7) 容量350kWh 剩余25% | α=6→6min/% τ=128min → 需198.5kWh(充32.1min)
[charge_scheduler-1] [INFO] [1785239013.720199900] [charge_scheduler]:   车#6 [电动装载机350|heavy→降级] 位置(-37.0,-75.1) 容量350kWh 剩余40% | α=4→6min/% τ=176min → 需144.3kWh(充23.3min)
[charge_scheduler-1] [INFO] [1785239013.720215908] [charge_scheduler]:   车#7 [重型叉车|light] 位置(-88.8,-37.1) 容量200kWh 剩余15% | α=6→6min/% τ=64min → 需134.0kWh(充21.7min)
[charge_scheduler-1] [INFO] [1785239013.720232096] [charge_scheduler]:   车#8 [电动装载机282|heavy→降级] 位置(-70.9,27.7) 容量282kWh 剩余55% | α=3→6min/% τ=196min → 需72.7kWh(充11.8min)
[charge_scheduler-1] [INFO] [1785239013.720248336] [charge_scheduler]:   车#9 [电动装载机282|heavy→降级] 位置(-35.4,-47.4) 容量282kWh 剩余30% | α=3→6min/% τ=116min → 需145.4kWh(充23.5min)
[charge_scheduler-1] [INFO] [1785239013.720264837] [charge_scheduler]:   车#10 [电动装载机282|light] 位置(-100.0,-1.0) 容量282kWh 剩余45% | α=6→6min/% τ=224min → 需101.8kWh(充16.4min)
[charge_scheduler-1] [INFO] [1785239013.720285516] [charge_scheduler]:   车#11 [电动装载机350|light] 位置(-72.8,-15.6) 容量350kWh 剩余18% | α=6→6min/% τ=83min → 需223.7kWh(充36.2min)
[charge_scheduler-1] [INFO] [1785239013.720301852] [charge_scheduler]:   车#12 [重型叉车|heavy→降级] 位置(-61.7,-20.7) 容量200kWh 剩余62% | α=3→6min/% τ=230min → 需37.1kWh(充6.0min)
[charge_scheduler-1] [INFO] [1785239013.720317218] [charge_scheduler]:   车#13 [电动装载机282|light] 位置(-133.0,-25.3) 容量282kWh 剩余28% | α=6→6min/% τ=129min → 需151.2kWh(充24.4min)
[charge_scheduler-1] [INFO] [1785239013.720333083] [charge_scheduler]:   车#14 [电动装载机350|light] 位置(-132.0,-8.9) 容量350kWh 剩余52% | α=6→6min/% τ=301min → 需101.0kWh(充16.3min)
[charge_scheduler-1] [INFO] [1785239013.720348406] [charge_scheduler]:   车#15 [重型叉车|light] 位置(-120.0,7.9) 容量200kWh 剩余12% | α=6→6min/% τ=45min → 需140.2kWh(充22.7min)
[charge_scheduler-1] [INFO] [1785239013.720364549] [charge_scheduler]:   车#16 [电动装载机282|light] 位置(-43.8,-82.9) 容量282kWh 剩余38% | α=6→6min/% τ=185min → 需122.1kWh(充19.7min)
[charge_scheduler-1] [INFO] [1785239013.720384513] [charge_scheduler]:   车#17 [电动装载机350|light] 位置(-31.1,-74.7) 容量350kWh 剩余58% | α=6→6min/% τ=339min → 需79.4kWh(充12.8min)
[charge_scheduler-1] [INFO] [1785239013.720400414] [charge_scheduler]:   车#18 [重型叉车|heavy→降级] 位置(-75.4,-68.2) 容量200kWh 剩余22% | α=3→6min/% τ=102min → 需119.6kWh(充19.3min)
[charge_scheduler-1] [INFO] [1785239013.720416560] [charge_scheduler]:   车#19 [电动装载机282|light] 位置(-88.2,47.1) 容量282kWh 剩余48% | α=6→6min/% τ=241min → 需93.0kWh(充15.0min)
[charge_scheduler-1] [INFO] [1785239013.720432275] [charge_scheduler]:   车#20 [电动装载机350|light] 位置(-71.4,16.3) 容量350kWh 剩余33% | α=6→6min/% τ=179min → 需169.6kWh(充27.4min)
[charge_scheduler-1] [INFO] [1785239013.720494767] [charge_scheduler]:   车#21 [重型叉车|heavy→降级] 位置(-122.0,-0.6) 容量200kWh 剩余65% | α=3→6min/% τ=240min → 需30.9kWh(充5.0min)
[charge_scheduler-1] [INFO] [1785239013.720517316] [charge_scheduler]:   车#22 [电动装载机282|light] 位置(-71.6,11.6) 容量282kWh 剩余16% | α=6→6min/% τ=62min → 需186.1kWh(充30.1min)
[charge_scheduler-1] [INFO] [1785239013.720728913] [charge_scheduler]:   车#23 [电动装载机350|light] 位置(-131.0,37.2) 容量350kWh 剩余42% | α=6→6min/% τ=237min → 需137.1kWh(充22.2min)
[charge_scheduler-1] [INFO] [1785239013.720758508] [charge_scheduler]:   车#24 [重型叉车|heavy→降级] 位置(-51.3,5.9) 容量200kWh 剩余25% | α=3→6min/% τ=112min → 需113.4kWh(充18.3min)
[charge_scheduler-1] [INFO] [1785239013.720777142] [charge_scheduler]:   车#25 [电动装载机282|light] 位置(-62.2,-10.7) 容量282kWh 剩余55% | α=6→6min/% τ=280min → 需72.7kWh(充11.8min)
[charge_scheduler-1] [INFO] [1785239013.720793449] [charge_scheduler]:   车#26 [电动装载机350|light] 位置(-116.0,60.4) 容量350kWh 剩余30% | α=6→6min/% τ=160min → 需180.4kWh(充29.2min)
[charge_scheduler-1] [INFO] [1785239013.720809541] [charge_scheduler]:   车#27 [重型叉车|heavy→降级] 位置(-90.4,60.5) 容量200kWh 剩余68% | α=3→6min/% τ=250min → 需24.7kWh(充4.0min)
[charge_scheduler-1] [INFO] [1785239013.720825316] [charge_scheduler]:   车#28 [电动装载机282|light] 位置(-85.5,-46.0) 容量282kWh 剩余20% | α=6→6min/% τ=84min → 需174.4kWh(充28.2min)
[charge_scheduler-1] [INFO] [1785239013.720841375] [charge_scheduler]:   车#29 [电动装载机350|light] 位置(-87.0,-36.6) 容量350kWh 剩余36% | α=6→6min/% τ=198min → 需158.8kWh(充25.7min)
[charge_scheduler-1] [INFO] [1785239013.735042126] [charge_scheduler]: [Scheduler] 闭环接口: threshold=10.0min | event_sim=on | structured_feedback=optional (/task_planner/execution_event)
[charge_scheduler-1] [INFO] [1785239013.735092058] [charge_scheduler]: [Scheduler] 已启动, 等待地图...
[charge_scheduler-1] [INFO] [1785239013.875445046] [charge_scheduler]: [Scheduler] RoutingGraph 就绪
[charge_scheduler-1] [INFO] [1785239013.875745995] [charge_scheduler]: [Scheduler] 提取到 6 条虚线捷径
[charge_scheduler-1] [INFO] [1785239013.892769391] [charge_scheduler]: [Scheduler] 下层兼容增强图: 166 节点, 6 条虚线掉头边
[charge_scheduler-1] [INFO] [1785239022.607354876] [charge_scheduler]: [Scheduler] 距离矩阵完成 31x31, 8714.5 ms | 模式=maneuver | 真实不可达=0 抽象不可达=0 | 缺少对向投影节点=0
[charge_scheduler-1] [INFO] [1785239022.607432392] [charge_scheduler]:   ✓ 比值自检：930 个 OD 满足 机动/直线≥1 | 均值=2.97 最大=42.81 (车#15→车#21)
[charge_scheduler-1] [INFO] [1785239022.607440724] [charge_scheduler]: [Scheduler] 地图就绪, 166 条 lanelet（与下层一致）
[charge_scheduler-1] [INFO] [1785239022.607483715] [charge_scheduler]: ======== 开始VRPTW调度 30 辆车 ========
[charge_scheduler-1] [INFO] [1785239022.607488843] [charge_scheduler]:   规模30>8 → 启发式(alns)
[charge_scheduler-1] [INFO] [1785239081.352948553] [charge_scheduler]: [ALNS] seed=6 iters=15000 | N_late=3(成功率90.0%) T_overtime=176.6min C_total=5671.3m | 趟数=11 makespan=376.5min
[charge_scheduler-1] [INFO] [1785239081.353019156] [charge_scheduler]:   求解耗时 58745.5 ms
[charge_scheduler-1] [INFO] [1785239081.353028086] [charge_scheduler]: ════════ 调度结果 ════════
[charge_scheduler-1] [INFO] [1785239081.353033600] [charge_scheduler]:   ★目标(字典序): ① N_late=3 辆 (按时成功率 27/30 = 90.0%)  ② T_overtime=176.6min  ③ C_total=5671.3m
[charge_scheduler-1] [INFO] [1785239081.353040670] [charge_scheduler]:   附: 趟数=11 | makespan=376.5min | 能量可行=是
[charge_scheduler-1] [INFO] [1785239081.353054507] [charge_scheduler]:   [充电车3] 趟1: 站 → 车#3(到1.3/限32.0✓) → 车#11(到24.9/限83.2✓) → 车#28(到64.1/限84.0✓) → 站
[charge_scheduler-1] [INFO] [1785239081.353063377] [charge_scheduler]:   [充电车1] 趟2: 站 → 车#27(到2.1/限249.6✓) → 车#21(到8.2/限240.0✓) → 车#12(到16.2/限230.4✓) → 车#15(到25.1/限44.8✓) → 车#7(到50.9/限64.0✓) → 车#9(到76.3/限116.0✓) → 站
[charge_scheduler-1] [INFO] [1785239081.353071291] [charge_scheduler]:   [充电车2] 趟3: 站 → 车#4(到1.4/限212.0✓) → 车#8(到13.7/限196.0✓) → 车#22(到27.8/限61.6✓) → 车#18(到61.6/限102.4✓) → 车#1(到85.6/限96.0✓) → 站
[charge_scheduler-1] [INFO] [1785239081.353117397] [charge_scheduler]:   [充电车1] 趟4: 站 → 车#5(到123.7/限128.0✓) → 车#20(到168.2/限179.2✓) → 站
[charge_scheduler-1] [INFO] [1785239081.353130185] [charge_scheduler]:   [充电车3] 趟5: 站 → 车#24(到110.5/限112.0✓) → 车#26(到137.2/限160.0✓) → 车#16(到182.6/限184.8✓) → 站
[charge_scheduler-1] [INFO] [1785239081.353136879] [charge_scheduler]:   [充电车2] 趟6: 站 → 车#13(到125.3/限128.8✓) → 车#0(到163.4/限168.0✓) → 车#10(到201.9/限224.0✓) → 站
[charge_scheduler-1] [INFO] [1785239081.353142038] [charge_scheduler]:   [充电车1] 趟7: 站 → 车#23(到224.8/限236.8✓) → 车#25(到270.9/限280.0✓) → 站
[charge_scheduler-1] [INFO] [1785239081.353147590] [charge_scheduler]:   [充电车3] 趟8: 站 → 车#19(到233.8/限240.8✓) → 车#6(到271.4/限176.0✗超时) → 站
[charge_scheduler-1] [INFO] [1785239081.353152301] [charge_scheduler]:   [充电车1] 趟9: 站 → 车#2(到318.7/限288.0✗超时) → 站
[charge_scheduler-1] [INFO] [1785239081.353167124] [charge_scheduler]:   [充电车2] 趟10: 站 → 车#29(到248.8/限198.4✗超时) → 车#14(到293.9/限300.8✓) → 站
[charge_scheduler-1] [INFO] [1785239081.353172417] [charge_scheduler]:   [充电车3] 趟11: 站 → 车#17(到330.7/限339.2✓) → 站
[charge_scheduler-1] [INFO] [1785239081.353176818] [charge_scheduler]: ════════════════════════
[charge_scheduler-1] [INFO] [1785239081.353262209] [charge_scheduler]: [扰动清单] type=target delay=60.0min targets={13,22,} station={}
[charge_scheduler-1] [INFO] [1785239081.353285333] [charge_scheduler]: [执行事件] loop=open plan_v=0 C1 type=target_service target=27 station_ord=0 planned_finish=6.36 actual_finish=6.36 dev=+0.00 injected=0.0
[charge_scheduler-1] [INFO] [1785239081.353295738] [charge_scheduler]: [执行事件] loop=open plan_v=0 C2 type=target_service target=4 station_ord=0 planned_finish=11.04 actual_finish=11.04 dev=+0.00 injected=0.0
[charge_scheduler-1] [INFO] [1785239081.353304811] [charge_scheduler]: [执行事件] loop=open plan_v=0 C1 type=target_service target=21 station_ord=0 planned_finish=14.00 actual_finish=14.00 dev=+0.00 injected=0.0
[charge_scheduler-1] [INFO] [1785239081.353313118] [charge_scheduler]: [执行事件] loop=open plan_v=0 C1 type=target_service target=12 station_ord=0 planned_finish=23.83 actual_finish=23.83 dev=+0.00 injected=0.0
[charge_scheduler-1] [INFO] [1785239081.353321144] [charge_scheduler]: [执行事件] loop=open plan_v=0 C3 type=target_service target=3 station_ord=0 planned_finish=24.73 actual_finish=24.73 dev=+0.00 injected=0.0
[charge_scheduler-1] [INFO] [1785239081.353329589] [charge_scheduler]: [执行事件] loop=open plan_v=0 C2 type=target_service target=8 station_ord=0 planned_finish=27.46 actual_finish=27.46 dev=+0.00 injected=0.0
[charge_scheduler-1] [INFO] [1785239081.353338983] [charge_scheduler]: [执行事件] loop=open plan_v=0 C1 type=target_service target=15 station_ord=0 planned_finish=49.07 actual_finish=49.07 dev=+0.00 injected=0.0
[charge_scheduler-1] [INFO] [1785239081.353349027] [charge_scheduler]: [执行事件] loop=open plan_v=0 C3 type=target_service target=11 station_ord=0 planned_finish=63.29 actual_finish=63.29 dev=+0.00 injected=0.0
[charge_scheduler-1] [INFO] [1785239081.353357302] [charge_scheduler]: [执行事件] loop=open plan_v=0 C1 type=target_service target=7 station_ord=0 planned_finish=75.27 actual_finish=75.27 dev=+0.00 injected=0.0
[charge_scheduler-1] [INFO] [1785239081.353365486] [charge_scheduler]: [执行事件] loop=open plan_v=0 C3 type=target_service target=28 station_ord=0 planned_finish=97.67 actual_finish=97.67 dev=+0.00 injected=0.0
[charge_scheduler-1] [INFO] [1785239081.353373687] [charge_scheduler]: [执行事件] loop=open plan_v=0 C1 type=target_service target=9 station_ord=0 planned_finish=108.21 actual_finish=108.21 dev=+0.00 injected=0.0
[charge_scheduler-1] [INFO] [1785239081.353382128] [charge_scheduler]: [执行事件] loop=open plan_v=0 C3 type=station_turnaround target=-1 station_ord=1 planned_finish=109.71 actual_finish=109.71 dev=+0.00 injected=0.0
[charge_scheduler-1] [INFO] [1785239081.353390797] [charge_scheduler]: [执行事件] loop=open plan_v=0 C2 type=target_service target=22 station_ord=0 planned_finish=60.21 actual_finish=120.21 dev=+60.00 injected=60.0
[charge_scheduler-1] [INFO] [1785239081.353399497] [charge_scheduler]: [执行事件] loop=open plan_v=0 C1 type=station_turnaround target=-1 station_ord=1 planned_finish=120.49 actual_finish=120.49 dev=+0.00 injected=0.0
[charge_scheduler-1] [INFO] [1785239081.353414717] [charge_scheduler]: [执行事件] loop=open plan_v=0 C3 type=target_service target=24 station_ord=0 planned_finish=135.45 actual_finish=135.45 dev=+0.00 injected=0.0
[charge_scheduler-1] [INFO] [1785239081.353424202] [charge_scheduler]: [执行事件] loop=open plan_v=0 C2 type=target_service target=18 station_ord=0 planned_finish=84.42 actual_finish=146.55 dev=+62.13 injected=0.0
[charge_scheduler-1] [INFO] [1785239081.353433053] [charge_scheduler]: [执行事件] loop=open plan_v=0 C1 type=target_service target=5 station_ord=0 planned_finish=167.03 actual_finish=167.03 dev=+0.00 injected=0.0
[charge_scheduler-1] [INFO] [1785239081.353441256] [charge_scheduler]: [执行事件] loop=open plan_v=0 C2 type=target_service target=1 station_ord=0 planned_finish=110.04 actual_finish=172.71 dev=+62.67 injected=0.0
[charge_scheduler-1] [INFO] [1785239081.353449700] [charge_scheduler]: [执行事件] loop=open plan_v=0 C3 type=target_service target=26 station_ord=0 planned_finish=178.92 actual_finish=178.92 dev=+0.00 injected=0.0
[charge_scheduler-1] [INFO] [1785239081.353457648] [charge_scheduler]: [执行事件] loop=open plan_v=0 C2 type=station_turnaround target=-1 station_ord=1 planned_finish=122.47 actual_finish=185.14 dev=+62.67 injected=0.0
[charge_scheduler-1] [INFO] [1785239081.353466609] [charge_scheduler]: [执行事件] loop=open plan_v=0 C1 type=target_service target=20 station_ord=0 planned_finish=210.90 actual_finish=210.90 dev=+0.00 injected=0.0
[charge_scheduler-1] [INFO] [1785239081.353474621] [charge_scheduler]: [执行事件] loop=open plan_v=0 C3 type=target_service target=16 station_ord=0 planned_finish=217.69 actual_finish=217.69 dev=+0.00 injected=0.0
[charge_scheduler-1] [INFO] [1785239081.353482596] [charge_scheduler]: [执行事件] loop=open plan_v=0 C1 type=station_turnaround target=-1 station_ord=2 planned_finish=222.30 actual_finish=222.30 dev=+0.00 injected=0.0
[charge_scheduler-1] [INFO] [1785239081.353490872] [charge_scheduler]: [执行事件] loop=open plan_v=0 C3 type=station_turnaround target=-1 station_ord=2 planned_finish=230.41 actual_finish=230.41 dev=+0.00 injected=0.0
[charge_scheduler-1] [INFO] [1785239081.353499053] [charge_scheduler]: [执行事件] loop=open plan_v=0 C1 type=target_service target=23 station_ord=0 planned_finish=267.49 actual_finish=267.49 dev=+0.00 injected=0.0
[charge_scheduler-1] [INFO] [1785239081.353510307] [charge_scheduler]: [执行事件] loop=open plan_v=0 C3 type=target_service target=19 station_ord=0 planned_finish=268.49 actual_finish=268.49 dev=+0.00 injected=0.0
[charge_scheduler-1] [INFO] [1785239081.353518829] [charge_scheduler]: [执行事件] loop=open plan_v=0 C2 type=target_service target=13 station_ord=0 planned_finish=160.22 actual_finish=283.18 dev=+122.97 injected=60.0
[charge_scheduler-1] [INFO] [1785239081.353533251] [charge_scheduler]: [执行事件] loop=open plan_v=0 C1 type=target_service target=25 station_ord=0 planned_finish=305.42 actual_finish=305.42 dev=+0.00 injected=0.0
[charge_scheduler-1] [INFO] [1785239081.353544283] [charge_scheduler]: [执行事件] loop=open plan_v=0 C3 type=target_service target=6 station_ord=0 planned_finish=315.14 actual_finish=315.14 dev=+0.00 injected=0.0
[charge_scheduler-1] [INFO] [1785239081.353552422] [charge_scheduler]: [执行事件] loop=open plan_v=0 C1 type=station_turnaround target=-1 station_ord=3 planned_finish=316.70 actual_finish=316.70 dev=+0.00 injected=0.0
[charge_scheduler-1] [INFO] [1785239081.353560795] [charge_scheduler]: [执行事件] loop=open plan_v=0 C2 type=target_service target=0 station_ord=0 planned_finish=198.30 actual_finish=321.65 dev=+123.35 injected=0.0
[charge_scheduler-1] [INFO] [1785239081.353569486] [charge_scheduler]: [执行事件] loop=open plan_v=0 C3 type=station_turnaround target=-1 station_ord=3 planned_finish=327.83 actual_finish=327.83 dev=+0.00 injected=0.0
[charge_scheduler-1] [INFO] [1785239081.353578818] [charge_scheduler]: [执行事件] loop=open plan_v=0 C2 type=target_service target=10 station_ord=0 planned_finish=235.29 actual_finish=360.49 dev=+125.21 injected=0.0
[charge_scheduler-1] [INFO] [1785239081.353587214] [charge_scheduler]: [执行事件] loop=open plan_v=0 C1 type=target_service target=2 station_ord=0 planned_finish=362.49 actual_finish=362.49 dev=+0.00 injected=0.0
[charge_scheduler-1] [INFO] [1785239081.353599182] [charge_scheduler]: [执行事件] loop=open plan_v=0 C1 type=final_return target=-1 station_ord=0 planned_finish=364.42 actual_finish=364.42 dev=+0.00 injected=0.0
[charge_scheduler-1] [INFO] [1785239081.353606897] [charge_scheduler]: [执行事件] loop=open plan_v=0 C2 type=station_turnaround target=-1 station_ord=2 planned_finish=246.94 actual_finish=372.15 dev=+125.21 injected=0.0
[charge_scheduler-1] [INFO] [1785239081.353615244] [charge_scheduler]: [执行事件] loop=open plan_v=0 C3 type=target_service target=17 station_ord=0 planned_finish=373.72 actual_finish=373.72 dev=+0.00 injected=0.0
[charge_scheduler-1] [INFO] [1785239081.353622684] [charge_scheduler]: [执行事件] loop=open plan_v=0 C3 type=final_return target=-1 station_ord=0 planned_finish=376.51 actual_finish=376.51 dev=+0.00 injected=0.0
[charge_scheduler-1] [INFO] [1785239081.353630297] [charge_scheduler]: [执行事件] loop=open plan_v=0 C2 type=target_service target=29 station_ord=0 planned_finish=292.59 actual_finish=417.79 dev=+125.21 injected=0.0
[charge_scheduler-1] [INFO] [1785239081.353640440] [charge_scheduler]: [执行事件] loop=open plan_v=0 C2 type=target_service target=14 station_ord=0 planned_finish=336.97 actual_finish=462.81 dev=+125.84 injected=0.0
[charge_scheduler-1] [INFO] [1785239081.353650033] [charge_scheduler]: [执行事件] loop=open plan_v=0 C2 type=final_return target=-1 station_ord=0 planned_finish=340.73 actual_finish=466.57 dev=+125.84 injected=0.0
[charge_scheduler-1] [INFO] [1785239081.353669312] [charge_scheduler]: [执行事件] loop=closed plan_v=0 C1 type=target_service target=27 station_ord=0 planned_finish=6.36 actual_finish=6.36 dev=+0.00 injected=0.0
[charge_scheduler-1] [INFO] [1785239081.353677187] [charge_scheduler]: [执行事件] loop=closed plan_v=0 C2 type=target_service target=4 station_ord=0 planned_finish=11.04 actual_finish=11.04 dev=+0.00 injected=0.0
[charge_scheduler-1] [INFO] [1785239081.353684966] [charge_scheduler]: [执行事件] loop=closed plan_v=0 C1 type=target_service target=21 station_ord=0 planned_finish=14.00 actual_finish=14.00 dev=+0.00 injected=0.0
[charge_scheduler-1] [INFO] [1785239081.353695075] [charge_scheduler]: [执行事件] loop=closed plan_v=0 C1 type=target_service target=12 station_ord=0 planned_finish=23.83 actual_finish=23.83 dev=+0.00 injected=0.0
[charge_scheduler-1] [INFO] [1785239081.353702649] [charge_scheduler]: [执行事件] loop=closed plan_v=0 C3 type=target_service target=3 station_ord=0 planned_finish=24.73 actual_finish=24.73 dev=+0.00 injected=0.0
[charge_scheduler-1] [INFO] [1785239081.353710146] [charge_scheduler]: [执行事件] loop=closed plan_v=0 C2 type=target_service target=8 station_ord=0 planned_finish=27.46 actual_finish=27.46 dev=+0.00 injected=0.0
[charge_scheduler-1] [INFO] [1785239081.353719284] [charge_scheduler]: [执行事件] loop=closed plan_v=0 C1 type=target_service target=15 station_ord=0 planned_finish=49.07 actual_finish=49.07 dev=+0.00 injected=0.0
[charge_scheduler-1] [INFO] [1785239081.353726988] [charge_scheduler]: [执行事件] loop=closed plan_v=0 C3 type=target_service target=11 station_ord=0 planned_finish=63.29 actual_finish=63.29 dev=+0.00 injected=0.0
[charge_scheduler-1] [INFO] [1785239081.353734615] [charge_scheduler]: [执行事件] loop=closed plan_v=0 C1 type=target_service target=7 station_ord=0 planned_finish=75.27 actual_finish=75.27 dev=+0.00 injected=0.0
[charge_scheduler-1] [INFO] [1785239081.353742712] [charge_scheduler]: [执行事件] loop=closed plan_v=0 C3 type=target_service target=28 station_ord=0 planned_finish=97.67 actual_finish=97.67 dev=+0.00 injected=0.0
[charge_scheduler-1] [INFO] [1785239081.353750392] [charge_scheduler]: [执行事件] loop=closed plan_v=0 C1 type=target_service target=9 station_ord=0 planned_finish=108.21 actual_finish=108.21 dev=+0.00 injected=0.0
[charge_scheduler-1] [INFO] [1785239081.353758715] [charge_scheduler]: [执行事件] loop=closed plan_v=0 C3 type=station_turnaround target=-1 station_ord=1 planned_finish=109.71 actual_finish=109.71 dev=+0.00 injected=0.0
[charge_scheduler-1] [INFO] [1785239081.353767175] [charge_scheduler]: [执行事件] loop=closed plan_v=0 C2 type=target_service target=22 station_ord=0 planned_finish=60.21 actual_finish=120.21 dev=+60.00 injected=60.0
[charge_scheduler-1] [WARN] [1785239087.643404800] [charge_scheduler]: [重调度事件] #1 t=120.21min trigger=C2/target_service dev=+60.00 pool=17 committed=1 plan_v=1 solve_ms=6289.6 changed_assign=9 changed_order=16
[charge_scheduler-1] [INFO] [1785239087.643517767] [charge_scheduler]: [执行事件] loop=closed plan_v=0 C1 type=station_turnaround target=-1 station_ord=1 planned_finish=120.49 actual_finish=120.49 dev=+0.00 injected=0.0
[charge_scheduler-1] [INFO] [1785239087.643537794] [charge_scheduler]: [执行事件] loop=closed plan_v=0 C3 type=target_service target=24 station_ord=0 planned_finish=135.45 actual_finish=135.45 dev=+0.00 injected=0.0
[charge_scheduler-1] [INFO] [1785239087.643546708] [charge_scheduler]: [执行事件] loop=closed plan_v=1 C2 type=target_service target=1 station_ord=0 planned_finish=146.73 actual_finish=146.73 dev=+0.00 injected=0.0
[charge_scheduler-1] [INFO] [1785239087.643555107] [charge_scheduler]: [执行事件] loop=closed plan_v=1 C2 type=station_turnaround target=-1 station_ord=1 planned_finish=159.16 actual_finish=159.16 dev=+0.00 injected=0.0
[charge_scheduler-1] [INFO] [1785239087.643563023] [charge_scheduler]: [执行事件] loop=closed plan_v=1 C3 type=target_service target=6 station_ord=0 planned_finish=177.77 actual_finish=177.77 dev=+0.00 injected=0.0
[charge_scheduler-1] [INFO] [1785239087.643571019] [charge_scheduler]: [执行事件] loop=closed plan_v=1 C2 type=target_service target=18 station_ord=0 planned_finish=186.28 actual_finish=186.28 dev=+0.00 injected=0.0
[charge_scheduler-1] [INFO] [1785239087.643578437] [charge_scheduler]: [执行事件] loop=closed plan_v=1 C3 type=target_service target=16 station_ord=0 planned_finish=212.72 actual_finish=212.72 dev=+0.00 injected=0.0
[charge_scheduler-1] [INFO] [1785239087.643585650] [charge_scheduler]: [执行事件] loop=closed plan_v=1 C1 type=target_service target=13 station_ord=0 planned_finish=158.08 actual_finish=218.08 dev=+60.00 injected=60.0
[charge_scheduler-1] [WARN] [1785239089.285576982] [charge_scheduler]: [重调度事件] #2 t=218.08min trigger=C1/target_service dev=+60.00 pool=11 committed=1 plan_v=2 solve_ms=1641.9 changed_assign=5 changed_order=9
[charge_scheduler-1] [INFO] [1785239089.285679344] [charge_scheduler]: [执行事件] loop=closed plan_v=1 C3 type=station_turnaround target=-1 station_ord=2 planned_finish=225.44 actual_finish=225.44 dev=+0.00 injected=0.0
[charge_scheduler-1] [INFO] [1785239089.285706795] [charge_scheduler]: [执行事件] loop=closed plan_v=1 C2 type=target_service target=29 station_ord=0 planned_finish=230.50 actual_finish=230.50 dev=+0.00 injected=0.0
[charge_scheduler-1] [INFO] [1785239089.285728105] [charge_scheduler]: [执行事件] loop=closed plan_v=2 C1 type=target_service target=19 station_ord=0 planned_finish=253.51 actual_finish=253.51 dev=+0.00 injected=0.0
[charge_scheduler-1] [INFO] [1785239089.285747159] [charge_scheduler]: [执行事件] loop=closed plan_v=2 C2 type=target_service target=10 station_ord=0 planned_finish=270.07 actual_finish=270.07 dev=+0.00 injected=0.0
[charge_scheduler-1] [INFO] [1785239089.285768512] [charge_scheduler]: [执行事件] loop=closed plan_v=2 C3 type=target_service target=23 station_ord=0 planned_finish=270.92 actual_finish=270.92 dev=+0.00 injected=0.0
[charge_scheduler-1] [INFO] [1785239089.285785766] [charge_scheduler]: [执行事件] loop=closed plan_v=2 C2 type=station_turnaround target=-1 station_ord=2 planned_finish=281.72 actual_finish=281.72 dev=+0.00 injected=0.0
[charge_scheduler-1] [INFO] [1785239089.285804152] [charge_scheduler]: [执行事件] loop=closed plan_v=2 C1 type=target_service target=25 station_ord=0 planned_finish=289.33 actual_finish=289.33 dev=+0.00 injected=0.0
[charge_scheduler-1] [INFO] [1785239089.285822745] [charge_scheduler]: [执行事件] loop=closed plan_v=2 C1 type=station_turnaround target=-1 station_ord=2 planned_finish=300.61 actual_finish=300.61 dev=+0.00 injected=0.0
[charge_scheduler-1] [INFO] [1785239089.285841060] [charge_scheduler]: [执行事件] loop=closed plan_v=2 C3 type=target_service target=5 station_ord=0 planned_finish=315.42 actual_finish=315.42 dev=+0.00 injected=0.0
[charge_scheduler-1] [INFO] [1785239089.285859265] [charge_scheduler]: [执行事件] loop=closed plan_v=2 C2 type=target_service target=2 station_ord=0 planned_finish=327.12 actual_finish=327.12 dev=+0.00 injected=0.0
[charge_scheduler-1] [INFO] [1785239089.285876849] [charge_scheduler]: [执行事件] loop=closed plan_v=2 C3 type=station_turnaround target=-1 station_ord=3 planned_finish=327.85 actual_finish=327.85 dev=+0.00 injected=0.0
[charge_scheduler-1] [INFO] [1785239089.285894674] [charge_scheduler]: [执行事件] loop=closed plan_v=2 C1 type=target_service target=0 station_ord=0 planned_finish=336.69 actual_finish=336.69 dev=+0.00 injected=0.0
[charge_scheduler-1] [INFO] [1785239089.285985280] [charge_scheduler]: [执行事件] loop=closed plan_v=2 C2 type=target_service target=26 station_ord=0 planned_finish=373.34 actual_finish=373.34 dev=+0.00 injected=0.0
[charge_scheduler-1] [INFO] [1785239089.286005954] [charge_scheduler]: [执行事件] loop=closed plan_v=2 C3 type=target_service target=14 station_ord=0 planned_finish=374.65 actual_finish=374.65 dev=+0.00 injected=0.0
[charge_scheduler-1] [INFO] [1785239089.286022700] [charge_scheduler]: [执行事件] loop=closed plan_v=2 C2 type=final_return target=-1 station_ord=0 planned_finish=376.64 actual_finish=376.64 dev=+0.00 injected=0.0
[charge_scheduler-1] [INFO] [1785239089.286038397] [charge_scheduler]: [执行事件] loop=closed plan_v=2 C1 type=target_service target=17 station_ord=0 planned_finish=382.79 actual_finish=382.79 dev=+0.00 injected=0.0
[charge_scheduler-1] [INFO] [1785239089.286054347] [charge_scheduler]: [执行事件] loop=closed plan_v=2 C1 type=final_return target=-1 station_ord=0 planned_finish=385.58 actual_finish=385.58 dev=+0.00 injected=0.0
[charge_scheduler-1] [INFO] [1785239089.286072314] [charge_scheduler]: [执行事件] loop=closed plan_v=2 C3 type=target_service target=20 station_ord=0 planned_finish=420.87 actual_finish=420.87 dev=+0.00 injected=0.0
[charge_scheduler-1] [INFO] [1785239089.286089287] [charge_scheduler]: [执行事件] loop=closed plan_v=2 C3 type=final_return target=-1 station_ord=0 planned_finish=422.26 actual_finish=422.26 dev=+0.00 injected=0.0
[charge_scheduler-1] [INFO] [1785239089.286126177] [charge_scheduler]: ★闭环实验结果 mode=open M=30 K=3 disturbance=target delay=60.0 seed=6 N_late=9 T_overtime=769.671 C_total=5671.293 makespan=466.571 served=30 energy_viol=4 reschedules=0 reschedule_ms=0.000 changed_assign=0 changed_order=0 applied_target=2 applied_station=0 initial_solve_ms=58745.529
[charge_scheduler-1] [INFO] [1785239089.286153283] [charge_scheduler]: ★闭环实验结果 mode=closed M=30 K=3 disturbance=target delay=60.0 seed=6 N_late=8 T_overtime=770.150 C_total=5043.193 makespan=422.264 served=30 energy_viol=0 reschedules=2 reschedule_ms=7931.535 changed_assign=14 changed_order=25 applied_target=2 applied_station=0 initial_solve_ms=58745.529
[charge_scheduler-1] [INFO] [1785239089.286176140] [charge_scheduler]: ★闭环实验收益 M=30 K=3 disturbance=target delay=60.0 seed=6 recovered_late=1 overtime_reduction=-0.480 distance_delta=-628.100 makespan_reduction=44.307
[WARNING] [launch]: user interrupted with ctrl-c (SIGINT)
[charge_scheduler-1] [INFO] [1785239089.530434147] [rclcpp]: signal_handler(signum=2)
[INFO] [charge_scheduler-1]: sending signal 'SIGINT' to process[charge_scheduler-1]
[ERROR] [charge_scheduler-1]: process has died [pid 21621, exit code -2, cmd '/home/yy/controller/shared_dir/Comprehensive_Road_Testing/install/task_planner/lib/task_planner/charge_scheduler --ros-args -r __node:=charge_scheduler --params-file /home/yy/controller/shared_dir/Comprehensive_Road_Testing/install/task_planner/share/task_planner/config/charge_scheduler.param.yaml'].
