[INFO] [launch]: All log files can be found below /root/.ros/log/2026-07-28-11-20-25-700870-YYYY-18580
[INFO] [launch]: Default logging verbosity is set to INFO
[INFO] [charge_scheduler-1]: process started with pid [18583]
[charge_scheduler-1] [INFO] [1785237625.878133257] [charge_scheduler]: [Scheduler] 30辆车 | 电池800.0kWh(20%=160.0 80%=640.0) | 充电360kW效率97% | 行驶0.6kWh/km | 桩350kW
[charge_scheduler-1] [INFO] [1785237625.878239031] [charge_scheduler]: [Scheduler] 站端周转: 换电 10 min(换后满电) | 单趟可用 640 kWh
[charge_scheduler-1] [INFO] [1785237625.878253777] [charge_scheduler]:   车#0 [电动装载机282|light] 位置(-47.3,-2.6) 容量282kWh 剩余35% | α=6→6min/% τ=168min → 需130.8kWh(充21.2min)
[charge_scheduler-1] [INFO] [1785237625.878265589] [charge_scheduler]:   车#1 [重型叉车|light] 位置(-44.0,-64.1) 容量200kWh 剩余20% | α=6→6min/% τ=96min → 需123.7kWh(充20.0min)
[charge_scheduler-1] [INFO] [1785237625.878274945] [charge_scheduler]:   车#2 [电动装载机350|light] 位置(-51.1,-38.8) 容量350kWh 剩余50% | α=6→6min/% τ=288min → 需108.2kWh(充17.5min)
[charge_scheduler-1] [INFO] [1785237625.878283462] [charge_scheduler]:   车#3 [重型叉车|light] 位置(-71.0,-19.0) 容量200kWh 剩余10% | α=6→6min/% τ=32min → 需144.3kWh(充23.3min)
[charge_scheduler-1] [INFO] [1785237625.878291932] [charge_scheduler]:   车#4 [电动装载机282|heavy→降级] 位置(-93.3,6.6) 容量282kWh 剩余60% | α=3→6min/% τ=212min → 需58.1kWh(充9.4min)
[charge_scheduler-1] [INFO] [1785237625.878305223] [charge_scheduler]:   车#5 [电动装载机350|light] 位置(-104.4,47.7) 容量350kWh 剩余25% | α=6→6min/% τ=128min → 需198.5kWh(充32.1min)
[charge_scheduler-1] [INFO] [1785237625.878316194] [charge_scheduler]:   车#6 [电动装载机350|heavy→降级] 位置(-37.0,-75.1) 容量350kWh 剩余40% | α=4→6min/% τ=176min → 需144.3kWh(充23.3min)
[charge_scheduler-1] [INFO] [1785237625.878324445] [charge_scheduler]:   车#7 [重型叉车|light] 位置(-88.8,-37.1) 容量200kWh 剩余15% | α=6→6min/% τ=64min → 需134.0kWh(充21.7min)
[charge_scheduler-1] [INFO] [1785237625.878332534] [charge_scheduler]:   车#8 [电动装载机282|heavy→降级] 位置(-70.9,27.7) 容量282kWh 剩余55% | α=3→6min/% τ=196min → 需72.7kWh(充11.8min)
[charge_scheduler-1] [INFO] [1785237625.878342231] [charge_scheduler]:   车#9 [电动装载机282|heavy→降级] 位置(-35.4,-47.4) 容量282kWh 剩余30% | α=3→6min/% τ=116min → 需145.4kWh(充23.5min)
[charge_scheduler-1] [INFO] [1785237625.878350549] [charge_scheduler]:   车#10 [电动装载机282|light] 位置(-100.0,-1.0) 容量282kWh 剩余45% | α=6→6min/% τ=224min → 需101.8kWh(充16.4min)
[charge_scheduler-1] [INFO] [1785237625.878358579] [charge_scheduler]:   车#11 [电动装载机350|light] 位置(-72.8,-15.6) 容量350kWh 剩余18% | α=6→6min/% τ=83min → 需223.7kWh(充36.2min)
[charge_scheduler-1] [INFO] [1785237625.878366947] [charge_scheduler]:   车#12 [重型叉车|heavy→降级] 位置(-61.7,-20.7) 容量200kWh 剩余62% | α=3→6min/% τ=230min → 需37.1kWh(充6.0min)
[charge_scheduler-1] [INFO] [1785237625.878375356] [charge_scheduler]:   车#13 [电动装载机282|light] 位置(-133.0,-25.3) 容量282kWh 剩余28% | α=6→6min/% τ=129min → 需151.2kWh(充24.4min)
[charge_scheduler-1] [INFO] [1785237625.878385188] [charge_scheduler]:   车#14 [电动装载机350|light] 位置(-132.0,-8.9) 容量350kWh 剩余52% | α=6→6min/% τ=301min → 需101.0kWh(充16.3min)
[charge_scheduler-1] [INFO] [1785237625.878395021] [charge_scheduler]:   车#15 [重型叉车|light] 位置(-120.0,7.9) 容量200kWh 剩余12% | α=6→6min/% τ=45min → 需140.2kWh(充22.7min)
[charge_scheduler-1] [INFO] [1785237625.878412246] [charge_scheduler]:   车#16 [电动装载机282|light] 位置(-43.8,-82.9) 容量282kWh 剩余38% | α=6→6min/% τ=185min → 需122.1kWh(充19.7min)
[charge_scheduler-1] [INFO] [1785237625.878422330] [charge_scheduler]:   车#17 [电动装载机350|light] 位置(-31.1,-74.7) 容量350kWh 剩余58% | α=6→6min/% τ=339min → 需79.4kWh(充12.8min)
[charge_scheduler-1] [INFO] [1785237625.878432281] [charge_scheduler]:   车#18 [重型叉车|heavy→降级] 位置(-75.4,-68.2) 容量200kWh 剩余22% | α=3→6min/% τ=102min → 需119.6kWh(充19.3min)
[charge_scheduler-1] [INFO] [1785237625.878442629] [charge_scheduler]:   车#19 [电动装载机282|light] 位置(-88.2,47.1) 容量282kWh 剩余48% | α=6→6min/% τ=241min → 需93.0kWh(充15.0min)
[charge_scheduler-1] [INFO] [1785237625.878458622] [charge_scheduler]:   车#20 [电动装载机350|light] 位置(-71.4,16.3) 容量350kWh 剩余33% | α=6→6min/% τ=179min → 需169.6kWh(充27.4min)
[charge_scheduler-1] [INFO] [1785237625.878507970] [charge_scheduler]:   车#21 [重型叉车|heavy→降级] 位置(-122.0,-0.6) 容量200kWh 剩余65% | α=3→6min/% τ=240min → 需30.9kWh(充5.0min)
[charge_scheduler-1] [INFO] [1785237625.878533650] [charge_scheduler]:   车#22 [电动装载机282|light] 位置(-71.6,11.6) 容量282kWh 剩余16% | α=6→6min/% τ=62min → 需186.1kWh(充30.1min)
[charge_scheduler-1] [INFO] [1785237625.878551680] [charge_scheduler]:   车#23 [电动装载机350|light] 位置(-131.0,37.2) 容量350kWh 剩余42% | α=6→6min/% τ=237min → 需137.1kWh(充22.2min)
[charge_scheduler-1] [INFO] [1785237625.878567144] [charge_scheduler]:   车#24 [重型叉车|heavy→降级] 位置(-51.3,5.9) 容量200kWh 剩余25% | α=3→6min/% τ=112min → 需113.4kWh(充18.3min)
[charge_scheduler-1] [INFO] [1785237625.878583278] [charge_scheduler]:   车#25 [电动装载机282|light] 位置(-62.2,-10.7) 容量282kWh 剩余55% | α=6→6min/% τ=280min → 需72.7kWh(充11.8min)
[charge_scheduler-1] [INFO] [1785237625.878600443] [charge_scheduler]:   车#26 [电动装载机350|light] 位置(-116.0,60.4) 容量350kWh 剩余30% | α=6→6min/% τ=160min → 需180.4kWh(充29.2min)
[charge_scheduler-1] [INFO] [1785237625.878616632] [charge_scheduler]:   车#27 [重型叉车|heavy→降级] 位置(-90.4,60.5) 容量200kWh 剩余68% | α=3→6min/% τ=250min → 需24.7kWh(充4.0min)
[charge_scheduler-1] [INFO] [1785237625.878633550] [charge_scheduler]:   车#28 [电动装载机282|light] 位置(-85.5,-46.0) 容量282kWh 剩余20% | α=6→6min/% τ=84min → 需174.4kWh(充28.2min)
[charge_scheduler-1] [INFO] [1785237625.878655803] [charge_scheduler]:   车#29 [电动装载机350|light] 位置(-87.0,-36.6) 容量350kWh 剩余36% | α=6→6min/% τ=198min → 需158.8kWh(充25.7min)
[charge_scheduler-1] [INFO] [1785237625.892820323] [charge_scheduler]: [Scheduler] 闭环接口: threshold=10.0min | event_sim=on | structured_feedback=optional (/task_planner/execution_event)
[charge_scheduler-1] [INFO] [1785237625.892891706] [charge_scheduler]: [Scheduler] 已启动, 等待地图...
[charge_scheduler-1] [INFO] [1785237625.960868761] [charge_scheduler]: [Scheduler] RoutingGraph 就绪
[charge_scheduler-1] [INFO] [1785237625.961260207] [charge_scheduler]: [Scheduler] 提取到 6 条虚线捷径
[charge_scheduler-1] [INFO] [1785237625.980206212] [charge_scheduler]: [Scheduler] 下层兼容增强图: 166 节点, 6 条虚线掉头边
[charge_scheduler-1] [INFO] [1785237634.859069195] [charge_scheduler]: [Scheduler] 距离矩阵完成 31x31, 8878.8 ms | 模式=maneuver | 真实不可达=0 抽象不可达=0 | 缺少对向投影节点=0
[charge_scheduler-1] [INFO] [1785237634.859139627] [charge_scheduler]:   ✓ 比值自检：930 个 OD 满足 机动/直线≥1 | 均值=2.97 最大=42.81 (车#15→车#21)
[charge_scheduler-1] [INFO] [1785237634.859149150] [charge_scheduler]: [Scheduler] 地图就绪, 166 条 lanelet（与下层一致）
[charge_scheduler-1] [INFO] [1785237634.859187536] [charge_scheduler]: ======== 开始VRPTW调度 30 辆车 ========
[charge_scheduler-1] [INFO] [1785237634.859193658] [charge_scheduler]:   规模30>8 → 启发式(alns)
[charge_scheduler-1] [INFO] [1785237695.019016548] [charge_scheduler]: [ALNS] seed=7 iters=15000 | N_late=3(成功率90.0%) T_overtime=207.9min C_total=5693.5m | 趟数=11 makespan=385.6min
[charge_scheduler-1] [INFO] [1785237695.019064212] [charge_scheduler]:   求解耗时 60159.9 ms
[charge_scheduler-1] [INFO] [1785237695.019071711] [charge_scheduler]: ════════ 调度结果 ════════
[charge_scheduler-1] [INFO] [1785237695.019076226] [charge_scheduler]:   ★目标(字典序): ① N_late=3 辆 (按时成功率 27/30 = 90.0%)  ② T_overtime=207.9min  ③ C_total=5693.5m
[charge_scheduler-1] [INFO] [1785237695.019082378] [charge_scheduler]:   附: 趟数=11 | makespan=385.6min | 能量可行=是
[charge_scheduler-1] [INFO] [1785237695.019093049] [charge_scheduler]:   [充电车3] 趟1: 站 → 车#8(到4.0/限196.0✓) → 车#22(到16.7/限61.6✓) → 车#7(到49.3/限64.0✓) → 车#1(到74.6/限96.0✓) → 站
[charge_scheduler-1] [INFO] [1785237695.019099462] [charge_scheduler]:   [充电车2] 趟2: 站 → 车#4(到1.4/限212.0✓) → 车#15(到11.5/限44.8✓) → 车#28(到36.6/限84.0✓) → 车#13(到69.0/限128.8✓) → 站
[charge_scheduler-1] [INFO] [1785237695.019105200] [charge_scheduler]:   [充电车1] 趟3: 站 → 车#12(到2.3/限230.4✓) → 车#21(到11.8/限240.0✓) → 车#3(到19.2/限32.0✓) → 车#11(到43.7/限83.2✓) → 车#18(到84.8/限102.4✓) → 站
[charge_scheduler-1] [INFO] [1785237695.019133296] [charge_scheduler]:   [充电车1] 趟4: 站 → 车#5(到124.8/限128.0✓) → 车#20(到169.4/限179.2✓) → 站
[charge_scheduler-1] [INFO] [1785237695.019139030] [charge_scheduler]:   [充电车3] 趟5: 站 → 车#24(到111.8/限112.0✓) → 车#26(到138.5/限160.0✓) → 车#16(到184.0/限184.8✓) → 站
[charge_scheduler-1] [INFO] [1785237695.019144024] [charge_scheduler]:   [充电车2] 趟6: 站 → 车#9(到115.4/限116.0✓) → 车#0(到152.1/限168.0✓) → 车#19(到188.9/限240.8✓) → 站
[charge_scheduler-1] [INFO] [1785237695.019148635] [charge_scheduler]:   [充电车1] 趟7: 站 → 车#6(到226.5/限176.0✗超时) → 车#25(到271.7/限280.0✓) → 站
[charge_scheduler-1] [INFO] [1785237695.019153132] [charge_scheduler]:   [充电车2] 趟8: 站 → 车#23(到234.6/限236.8✓) → 车#2(到281.1/限288.0✓) → 站
[charge_scheduler-1] [INFO] [1785237695.019157058] [charge_scheduler]:   [充电车1] 趟9: 站 → 车#29(到319.5/限198.4✗超时) → 站
[charge_scheduler-1] [INFO] [1785237695.019161250] [charge_scheduler]:   [充电车2] 趟10: 站 → 车#17(到339.1/限339.2✓) → 站
[charge_scheduler-1] [INFO] [1785237695.019166197] [charge_scheduler]:   [充电车3] 趟11: 站 → 车#27(到234.1/限249.6✓) → 车#10(到260.4/限224.0✗超时) → 车#14(到298.2/限300.8✓) → 站
[charge_scheduler-1] [INFO] [1785237695.019169612] [charge_scheduler]: ════════════════════════
[charge_scheduler-1] [INFO] [1785237695.019223331] [charge_scheduler]: [扰动清单] type=target delay=15.0min targets={5,28,} station={}
[charge_scheduler-1] [INFO] [1785237695.019239611] [charge_scheduler]: [执行事件] loop=open plan_v=0 C1 type=target_service target=12 station_ord=0 planned_finish=8.58 actual_finish=8.58 dev=+0.00 injected=0.0
[charge_scheduler-1] [INFO] [1785237695.019246637] [charge_scheduler]: [执行事件] loop=open plan_v=0 C2 type=target_service target=4 station_ord=0 planned_finish=11.04 actual_finish=11.04 dev=+0.00 injected=0.0
[charge_scheduler-1] [INFO] [1785237695.019252626] [charge_scheduler]: [执行事件] loop=open plan_v=0 C3 type=target_service target=8 station_ord=0 planned_finish=16.35 actual_finish=16.35 dev=+0.00 injected=0.0
[charge_scheduler-1] [INFO] [1785237695.019257965] [charge_scheduler]: [执行事件] loop=open plan_v=0 C1 type=target_service target=21 station_ord=0 planned_finish=18.07 actual_finish=18.07 dev=+0.00 injected=0.0
[charge_scheduler-1] [INFO] [1785237695.019263463] [charge_scheduler]: [执行事件] loop=open plan_v=0 C2 type=target_service target=15 station_ord=0 planned_finish=34.81 actual_finish=34.81 dev=+0.00 injected=0.0
[charge_scheduler-1] [INFO] [1785237695.019269352] [charge_scheduler]: [执行事件] loop=open plan_v=0 C1 type=target_service target=3 station_ord=0 planned_finish=43.54 actual_finish=43.54 dev=+0.00 injected=0.0
[charge_scheduler-1] [INFO] [1785237695.019274758] [charge_scheduler]: [执行事件] loop=open plan_v=0 C3 type=target_service target=22 station_ord=0 planned_finish=48.17 actual_finish=48.17 dev=+0.00 injected=0.0
[charge_scheduler-1] [INFO] [1785237695.019280096] [charge_scheduler]: [执行事件] loop=open plan_v=0 C3 type=target_service target=7 station_ord=0 planned_finish=73.54 actual_finish=73.54 dev=+0.00 injected=0.0
[charge_scheduler-1] [INFO] [1785237695.019285543] [charge_scheduler]: [执行事件] loop=open plan_v=0 C2 type=target_service target=28 station_ord=0 planned_finish=67.89 actual_finish=82.89 dev=+15.00 injected=15.0
[charge_scheduler-1] [INFO] [1785237695.019291485] [charge_scheduler]: [执行事件] loop=open plan_v=0 C1 type=target_service target=11 station_ord=0 planned_finish=83.81 actual_finish=83.81 dev=+0.00 injected=0.0
[charge_scheduler-1] [INFO] [1785237695.019296889] [charge_scheduler]: [执行事件] loop=open plan_v=0 C3 type=target_service target=1 station_ord=0 planned_finish=98.51 actual_finish=98.51 dev=+0.00 injected=0.0
[charge_scheduler-1] [INFO] [1785237695.019302389] [charge_scheduler]: [执行事件] loop=open plan_v=0 C1 type=target_service target=18 station_ord=0 planned_finish=108.84 actual_finish=108.84 dev=+0.00 injected=0.0
[charge_scheduler-1] [INFO] [1785237695.019308264] [charge_scheduler]: [执行事件] loop=open plan_v=0 C3 type=station_turnaround target=-1 station_ord=1 planned_finish=110.93 actual_finish=110.93 dev=+0.00 injected=0.0
[charge_scheduler-1] [INFO] [1785237695.019314259] [charge_scheduler]: [执行事件] loop=open plan_v=0 C2 type=target_service target=13 station_ord=0 planned_finish=99.25 actual_finish=115.51 dev=+16.26 injected=0.0
[charge_scheduler-1] [INFO] [1785237695.019323959] [charge_scheduler]: [执行事件] loop=open plan_v=0 C1 type=station_turnaround target=-1 station_ord=1 planned_finish=121.65 actual_finish=121.65 dev=+0.00 injected=0.0
[charge_scheduler-1] [INFO] [1785237695.019330006] [charge_scheduler]: [执行事件] loop=open plan_v=0 C2 type=station_turnaround target=-1 station_ord=1 planned_finish=113.25 actual_finish=129.51 dev=+16.26 injected=0.0
[charge_scheduler-1] [INFO] [1785237695.019335969] [charge_scheduler]: [执行事件] loop=open plan_v=0 C3 type=target_service target=24 station_ord=0 planned_finish=136.74 actual_finish=136.74 dev=+0.00 injected=0.0
[charge_scheduler-1] [INFO] [1785237695.019341631] [charge_scheduler]: [执行事件] loop=open plan_v=0 C2 type=target_service target=9 station_ord=0 planned_finish=150.63 actual_finish=166.94 dev=+16.31 injected=0.0
[charge_scheduler-1] [INFO] [1785237695.019347376] [charge_scheduler]: [执行事件] loop=open plan_v=0 C3 type=target_service target=26 station_ord=0 planned_finish=180.32 actual_finish=180.32 dev=+0.00 injected=0.0
[charge_scheduler-1] [INFO] [1785237695.019352946] [charge_scheduler]: [执行事件] loop=open plan_v=0 C1 type=target_service target=5 station_ord=0 planned_finish=168.28 actual_finish=183.28 dev=+15.00 injected=15.0
[charge_scheduler-1] [INFO] [1785237695.019358815] [charge_scheduler]: [执行事件] loop=open plan_v=0 C2 type=target_service target=0 station_ord=0 planned_finish=186.06 actual_finish=203.69 dev=+17.64 injected=0.0
[charge_scheduler-1] [INFO] [1785237695.019364456] [charge_scheduler]: [执行事件] loop=open plan_v=0 C3 type=target_service target=16 station_ord=0 planned_finish=219.21 actual_finish=219.21 dev=+0.00 injected=0.0
[charge_scheduler-1] [INFO] [1785237695.019370210] [charge_scheduler]: [执行事件] loop=open plan_v=0 C1 type=target_service target=20 station_ord=0 planned_finish=212.27 actual_finish=228.17 dev=+15.89 injected=0.0
[charge_scheduler-1] [INFO] [1785237695.019375782] [charge_scheduler]: [执行事件] loop=open plan_v=0 C3 type=station_turnaround target=-1 station_ord=2 planned_finish=231.93 actual_finish=231.93 dev=+0.00 injected=0.0
[charge_scheduler-1] [INFO] [1785237695.019381391] [charge_scheduler]: [执行事件] loop=open plan_v=0 C2 type=target_service target=19 station_ord=0 planned_finish=219.83 actual_finish=238.95 dev=+19.12 injected=0.0
[charge_scheduler-1] [INFO] [1785237695.019387168] [charge_scheduler]: [执行事件] loop=open plan_v=0 C1 type=station_turnaround target=-1 station_ord=2 planned_finish=223.67 actual_finish=239.56 dev=+15.89 injected=0.0
[charge_scheduler-1] [INFO] [1785237695.019392713] [charge_scheduler]: [执行事件] loop=open plan_v=0 C2 type=station_turnaround target=-1 station_ord=2 planned_finish=232.03 actual_finish=251.15 dev=+19.12 injected=0.0
[charge_scheduler-1] [INFO] [1785237695.019398308] [charge_scheduler]: [执行事件] loop=open plan_v=0 C3 type=target_service target=27 station_ord=0 planned_finish=258.26 actual_finish=258.26 dev=+0.00 injected=0.0
[charge_scheduler-1] [INFO] [1785237695.019403913] [charge_scheduler]: [执行事件] loop=open plan_v=0 C1 type=target_service target=6 station_ord=0 planned_finish=270.23 actual_finish=286.12 dev=+15.89 injected=0.0
[charge_scheduler-1] [INFO] [1785237695.019409539] [charge_scheduler]: [执行事件] loop=open plan_v=0 C3 type=target_service target=10 station_ord=0 planned_finish=295.64 actual_finish=295.64 dev=+0.00 injected=0.0
[charge_scheduler-1] [INFO] [1785237695.019415175] [charge_scheduler]: [执行事件] loop=open plan_v=0 C2 type=target_service target=23 station_ord=0 planned_finish=278.11 actual_finish=297.43 dev=+19.32 injected=0.0
[charge_scheduler-1] [INFO] [1785237695.019420774] [charge_scheduler]: [执行事件] loop=open plan_v=0 C1 type=target_service target=25 station_ord=0 planned_finish=306.31 actual_finish=322.89 dev=+16.58 injected=0.0
[charge_scheduler-1] [INFO] [1785237695.019426293] [charge_scheduler]: [执行事件] loop=open plan_v=0 C1 type=station_turnaround target=-1 station_ord=3 planned_finish=317.58 actual_finish=334.17 dev=+16.58 injected=0.0
[charge_scheduler-1] [INFO] [1785237695.019431937] [charge_scheduler]: [执行事件] loop=open plan_v=0 C3 type=target_service target=14 station_ord=0 planned_finish=341.68 actual_finish=341.68 dev=+0.00 injected=0.0
[charge_scheduler-1] [INFO] [1785237695.019438948] [charge_scheduler]: [执行事件] loop=open plan_v=0 C2 type=target_service target=2 station_ord=0 planned_finish=324.23 actual_finish=344.18 dev=+19.95 injected=0.0
[charge_scheduler-1] [INFO] [1785237695.019444716] [charge_scheduler]: [执行事件] loop=open plan_v=0 C3 type=final_return target=-1 station_ord=0 planned_finish=345.44 actual_finish=345.44 dev=+0.00 injected=0.0
[charge_scheduler-1] [INFO] [1785237695.019450027] [charge_scheduler]: [执行事件] loop=open plan_v=0 C2 type=station_turnaround target=-1 station_ord=3 planned_finish=336.15 actual_finish=356.10 dev=+19.95 injected=0.0
[charge_scheduler-1] [INFO] [1785237695.019455638] [charge_scheduler]: [执行事件] loop=open plan_v=0 C1 type=target_service target=29 station_ord=0 planned_finish=363.23 actual_finish=379.81 dev=+16.58 injected=0.0
[charge_scheduler-1] [INFO] [1785237695.019461112] [charge_scheduler]: [执行事件] loop=open plan_v=0 C1 type=final_return target=-1 station_ord=0 planned_finish=365.41 actual_finish=381.99 dev=+16.58 injected=0.0
[charge_scheduler-1] [INFO] [1785237695.019466476] [charge_scheduler]: [执行事件] loop=open plan_v=0 C2 type=target_service target=17 station_ord=0 planned_finish=382.79 actual_finish=402.76 dev=+19.96 injected=0.0
[charge_scheduler-1] [INFO] [1785237695.019471769] [charge_scheduler]: [执行事件] loop=open plan_v=0 C2 type=final_return target=-1 station_ord=0 planned_finish=385.59 actual_finish=405.55 dev=+19.96 injected=0.0
[charge_scheduler-1] [INFO] [1785237695.019492190] [charge_scheduler]: [执行事件] loop=closed plan_v=0 C1 type=target_service target=12 station_ord=0 planned_finish=8.58 actual_finish=8.58 dev=+0.00 injected=0.0
[charge_scheduler-1] [INFO] [1785237695.019498086] [charge_scheduler]: [执行事件] loop=closed plan_v=0 C2 type=target_service target=4 station_ord=0 planned_finish=11.04 actual_finish=11.04 dev=+0.00 injected=0.0
[charge_scheduler-1] [INFO] [1785237695.019504112] [charge_scheduler]: [执行事件] loop=closed plan_v=0 C3 type=target_service target=8 station_ord=0 planned_finish=16.35 actual_finish=16.35 dev=+0.00 injected=0.0
[charge_scheduler-1] [INFO] [1785237695.019510120] [charge_scheduler]: [执行事件] loop=closed plan_v=0 C1 type=target_service target=21 station_ord=0 planned_finish=18.07 actual_finish=18.07 dev=+0.00 injected=0.0
[charge_scheduler-1] [INFO] [1785237695.019516193] [charge_scheduler]: [执行事件] loop=closed plan_v=0 C2 type=target_service target=15 station_ord=0 planned_finish=34.81 actual_finish=34.81 dev=+0.00 injected=0.0
[charge_scheduler-1] [INFO] [1785237695.019522307] [charge_scheduler]: [执行事件] loop=closed plan_v=0 C1 type=target_service target=3 station_ord=0 planned_finish=43.54 actual_finish=43.54 dev=+0.00 injected=0.0
[charge_scheduler-1] [INFO] [1785237695.019535757] [charge_scheduler]: [执行事件] loop=closed plan_v=0 C3 type=target_service target=22 station_ord=0 planned_finish=48.17 actual_finish=48.17 dev=+0.00 injected=0.0
[charge_scheduler-1] [INFO] [1785237695.019542347] [charge_scheduler]: [执行事件] loop=closed plan_v=0 C3 type=target_service target=7 station_ord=0 planned_finish=73.54 actual_finish=73.54 dev=+0.00 injected=0.0
[charge_scheduler-1] [INFO] [1785237695.019550622] [charge_scheduler]: [执行事件] loop=closed plan_v=0 C2 type=target_service target=28 station_ord=0 planned_finish=67.89 actual_finish=82.89 dev=+15.00 injected=15.0
[charge_scheduler-1] [WARN] [1785237703.201050579] [charge_scheduler]: [重调度事件] #1 t=82.89min trigger=C2/target_service dev=+15.00 pool=19 committed=2 plan_v=1 solve_ms=8181.4 changed_assign=12 changed_order=12
[charge_scheduler-1] [INFO] [1785237703.201116348] [charge_scheduler]: [执行事件] loop=closed plan_v=0 C1 type=target_service target=11 station_ord=0 planned_finish=83.81 actual_finish=83.81 dev=+0.00 injected=0.0
[charge_scheduler-1] [INFO] [1785237703.201127671] [charge_scheduler]: [执行事件] loop=closed plan_v=0 C3 type=target_service target=1 station_ord=0 planned_finish=98.51 actual_finish=98.51 dev=+0.00 injected=0.0
[charge_scheduler-1] [INFO] [1785237703.201135775] [charge_scheduler]: [执行事件] loop=closed plan_v=1 C1 type=target_service target=18 station_ord=0 planned_finish=108.84 actual_finish=108.84 dev=+0.00 injected=0.0
[charge_scheduler-1] [INFO] [1785237703.201143866] [charge_scheduler]: [执行事件] loop=closed plan_v=1 C3 type=station_turnaround target=-1 station_ord=1 planned_finish=110.93 actual_finish=110.93 dev=+0.00 injected=0.0
[charge_scheduler-1] [INFO] [1785237703.201186385] [charge_scheduler]: [执行事件] loop=closed plan_v=1 C2 type=target_service target=9 station_ord=0 planned_finish=116.28 actual_finish=116.28 dev=+0.00 injected=0.0
[charge_scheduler-1] [INFO] [1785237703.201194924] [charge_scheduler]: [执行事件] loop=closed plan_v=1 C1 type=station_turnaround target=-1 station_ord=1 planned_finish=121.65 actual_finish=121.65 dev=+0.00 injected=0.0
[charge_scheduler-1] [INFO] [1785237703.201202418] [charge_scheduler]: [执行事件] loop=closed plan_v=1 C2 type=station_turnaround target=-1 station_ord=1 planned_finish=128.57 actual_finish=128.57 dev=+0.00 injected=0.0
[charge_scheduler-1] [INFO] [1785237703.201211304] [charge_scheduler]: [执行事件] loop=closed plan_v=1 C3 type=target_service target=24 station_ord=0 planned_finish=136.74 actual_finish=136.74 dev=+0.00 injected=0.0
[charge_scheduler-1] [INFO] [1785237703.201218662] [charge_scheduler]: [执行事件] loop=closed plan_v=1 C1 type=target_service target=13 station_ord=0 planned_finish=159.33 actual_finish=159.33 dev=+0.00 injected=0.0
[charge_scheduler-1] [INFO] [1785237703.201225917] [charge_scheduler]: [执行事件] loop=closed plan_v=1 C3 type=target_service target=26 station_ord=0 planned_finish=180.32 actual_finish=180.32 dev=+0.00 injected=0.0
[charge_scheduler-1] [INFO] [1785237703.201233175] [charge_scheduler]: [执行事件] loop=closed plan_v=1 C2 type=target_service target=5 station_ord=0 planned_finish=175.50 actual_finish=190.50 dev=+15.00 injected=15.0
[charge_scheduler-1] [WARN] [1785237704.881845839] [charge_scheduler]: [重调度事件] #2 t=190.50min trigger=C2/target_service dev=+15.00 pool=11 committed=2 plan_v=2 solve_ms=1680.6 changed_assign=4 changed_order=10
[charge_scheduler-1] [INFO] [1785237704.881915796] [charge_scheduler]: [执行事件] loop=closed plan_v=1 C1 type=target_service target=0 station_ord=0 planned_finish=197.34 actual_finish=197.34 dev=+0.00 injected=0.0
[charge_scheduler-1] [INFO] [1785237704.881928219] [charge_scheduler]: [执行事件] loop=closed plan_v=1 C3 type=target_service target=16 station_ord=0 planned_finish=219.21 actual_finish=219.21 dev=+0.00 injected=0.0
[charge_scheduler-1] [INFO] [1785237704.881938137] [charge_scheduler]: [执行事件] loop=closed plan_v=2 C3 type=station_turnaround target=-1 station_ord=2 planned_finish=231.93 actual_finish=231.93 dev=+0.00 injected=0.0
[charge_scheduler-1] [INFO] [1785237704.881946823] [charge_scheduler]: [执行事件] loop=closed plan_v=2 C1 type=target_service target=10 station_ord=0 planned_finish=234.24 actual_finish=234.24 dev=+0.00 injected=0.0
[charge_scheduler-1] [INFO] [1785237704.881955115] [charge_scheduler]: [执行事件] loop=closed plan_v=2 C2 type=target_service target=29 station_ord=0 planned_finish=235.95 actual_finish=235.95 dev=+0.00 injected=0.0
[charge_scheduler-1] [INFO] [1785237704.881963064] [charge_scheduler]: [执行事件] loop=closed plan_v=2 C1 type=station_turnaround target=-1 station_ord=2 planned_finish=245.89 actual_finish=245.89 dev=+0.00 injected=0.0
[charge_scheduler-1] [INFO] [1785237704.881972962] [charge_scheduler]: [执行事件] loop=closed plan_v=2 C2 type=station_turnaround target=-1 station_ord=2 planned_finish=248.13 actual_finish=248.13 dev=+0.00 injected=0.0
[charge_scheduler-1] [INFO] [1785237704.881981928] [charge_scheduler]: [执行事件] loop=closed plan_v=2 C1 type=target_service target=27 station_ord=0 planned_finish=272.95 actual_finish=272.95 dev=+0.00 injected=0.0
[charge_scheduler-1] [INFO] [1785237704.881990940] [charge_scheduler]: [执行事件] loop=closed plan_v=2 C3 type=target_service target=23 station_ord=0 planned_finish=278.00 actual_finish=278.00 dev=+0.00 injected=0.0
[charge_scheduler-1] [INFO] [1785237704.881999777] [charge_scheduler]: [执行事件] loop=closed plan_v=2 C2 type=target_service target=20 station_ord=0 planned_finish=296.07 actual_finish=296.07 dev=+0.00 injected=0.0
[charge_scheduler-1] [INFO] [1785237704.882008443] [charge_scheduler]: [执行事件] loop=closed plan_v=2 C1 type=target_service target=25 station_ord=0 planned_finish=311.75 actual_finish=311.75 dev=+0.00 injected=0.0
[charge_scheduler-1] [INFO] [1785237704.882017019] [charge_scheduler]: [执行事件] loop=closed plan_v=2 C3 type=target_service target=2 station_ord=0 planned_finish=324.11 actual_finish=324.11 dev=+0.00 injected=0.0
[charge_scheduler-1] [INFO] [1785237704.882025682] [charge_scheduler]: [执行事件] loop=closed plan_v=2 C3 type=station_turnaround target=-1 station_ord=3 planned_finish=336.04 actual_finish=336.04 dev=+0.00 injected=0.0
[charge_scheduler-1] [INFO] [1785237704.882070087] [charge_scheduler]: [执行事件] loop=closed plan_v=2 C2 type=target_service target=14 station_ord=0 planned_finish=341.94 actual_finish=341.94 dev=+0.00 injected=0.0
[charge_scheduler-1] [INFO] [1785237704.882078400] [charge_scheduler]: [执行事件] loop=closed plan_v=2 C1 type=target_service target=19 station_ord=0 planned_finish=349.64 actual_finish=349.64 dev=+0.00 injected=0.0
[charge_scheduler-1] [INFO] [1785237704.882086302] [charge_scheduler]: [执行事件] loop=closed plan_v=2 C1 type=final_return target=-1 station_ord=0 planned_finish=351.84 actual_finish=351.84 dev=+0.00 injected=0.0
[charge_scheduler-1] [INFO] [1785237704.882093764] [charge_scheduler]: [执行事件] loop=closed plan_v=2 C2 type=station_turnaround target=-1 station_ord=3 planned_finish=355.70 actual_finish=355.70 dev=+0.00 injected=0.0
[charge_scheduler-1] [INFO] [1785237704.882102025] [charge_scheduler]: [执行事件] loop=closed plan_v=2 C3 type=target_service target=17 station_ord=0 planned_finish=382.67 actual_finish=382.67 dev=+0.00 injected=0.0
[charge_scheduler-1] [INFO] [1785237704.882109647] [charge_scheduler]: [执行事件] loop=closed plan_v=2 C3 type=final_return target=-1 station_ord=0 planned_finish=385.46 actual_finish=385.46 dev=+0.00 injected=0.0
[charge_scheduler-1] [INFO] [1785237704.882117023] [charge_scheduler]: [执行事件] loop=closed plan_v=2 C2 type=target_service target=6 station_ord=0 planned_finish=402.26 actual_finish=402.26 dev=+0.00 injected=0.0
[charge_scheduler-1] [INFO] [1785237704.882124720] [charge_scheduler]: [执行事件] loop=closed plan_v=2 C2 type=final_return target=-1 station_ord=0 planned_finish=404.96 actual_finish=404.96 dev=+0.00 injected=0.0
[charge_scheduler-1] [INFO] [1785237704.882137891] [charge_scheduler]: ★闭环实验结果 mode=open M=30 K=3 disturbance=target delay=15.0 seed=7 N_late=10 T_overtime=318.524 C_total=5693.504 makespan=405.551 served=30 energy_viol=0 reschedules=0 reschedule_ms=0.000 changed_assign=0 changed_order=0 applied_target=2 applied_station=0 initial_solve_ms=60159.870
[charge_scheduler-1] [INFO] [1785237704.882151372] [charge_scheduler]: ★闭环实验结果 mode=closed M=30 K=3 disturbance=target delay=15.0 seed=7 N_late=4 T_overtime=332.971 C_total=6276.148 makespan=404.958 served=30 energy_viol=0 reschedules=2 reschedule_ms=9862.022 changed_assign=16 changed_order=22 applied_target=2 applied_station=0 initial_solve_ms=60159.870
[charge_scheduler-1] [INFO] [1785237704.882162327] [charge_scheduler]: ★闭环实验收益 M=30 K=3 disturbance=target delay=15.0 seed=7 recovered_late=6 overtime_reduction=-14.447 distance_delta=582.644 makespan_reduction=0.593
[WARNING] [launch]: user interrupted with ctrl-c (SIGINT)
[INFO] [charge_scheduler-1]: sending signal 'SIGINT' to process[charge_scheduler-1]
[charge_scheduler-1] [INFO] [1785237705.790702743] [rclcpp]: signal_handler(signum=2)
[ERROR] [charge_scheduler-1]: process has died [pid 18583, exit code -2, cmd '/home/yy/controller/shared_dir/Comprehensive_Road_Testing/install/task_planner/lib/task_planner/charge_scheduler --ros-args -r __node:=charge_scheduler --params-file /home/yy/controller/shared_dir/Comprehensive_Road_Testing/install/task_planner/share/task_planner/config/charge_scheduler.param.yaml'].
