[INFO] [launch]: All log files can be found below /root/.ros/log/2026-07-28-11-32-45-850460-YYYY-20198
[INFO] [launch]: Default logging verbosity is set to INFO
[INFO] [charge_scheduler-1]: process started with pid [20201]
[charge_scheduler-1] [INFO] [1785238366.002029138] [charge_scheduler]: [Scheduler] 30辆车 | 电池800.0kWh(20%=160.0 80%=640.0) | 充电360kW效率97% | 行驶0.6kWh/km | 桩350kW
[charge_scheduler-1] [INFO] [1785238366.002144827] [charge_scheduler]: [Scheduler] 站端周转: 换电 10 min(换后满电) | 单趟可用 640 kWh
[charge_scheduler-1] [INFO] [1785238366.002162496] [charge_scheduler]:   车#0 [电动装载机282|light] 位置(-47.3,-2.6) 容量282kWh 剩余35% | α=6→6min/% τ=168min → 需130.8kWh(充21.2min)
[charge_scheduler-1] [INFO] [1785238366.002177346] [charge_scheduler]:   车#1 [重型叉车|light] 位置(-44.0,-64.1) 容量200kWh 剩余20% | α=6→6min/% τ=96min → 需123.7kWh(充20.0min)
[charge_scheduler-1] [INFO] [1785238366.002189740] [charge_scheduler]:   车#2 [电动装载机350|light] 位置(-51.1,-38.8) 容量350kWh 剩余50% | α=6→6min/% τ=288min → 需108.2kWh(充17.5min)
[charge_scheduler-1] [INFO] [1785238366.002201207] [charge_scheduler]:   车#3 [重型叉车|light] 位置(-71.0,-19.0) 容量200kWh 剩余10% | α=6→6min/% τ=32min → 需144.3kWh(充23.3min)
[charge_scheduler-1] [INFO] [1785238366.002213982] [charge_scheduler]:   车#4 [电动装载机282|heavy→降级] 位置(-93.3,6.6) 容量282kWh 剩余60% | α=3→6min/% τ=212min → 需58.1kWh(充9.4min)
[charge_scheduler-1] [INFO] [1785238366.002226568] [charge_scheduler]:   车#5 [电动装载机350|light] 位置(-104.4,47.7) 容量350kWh 剩余25% | α=6→6min/% τ=128min → 需198.5kWh(充32.1min)
[charge_scheduler-1] [INFO] [1785238366.002238861] [charge_scheduler]:   车#6 [电动装载机350|heavy→降级] 位置(-37.0,-75.1) 容量350kWh 剩余40% | α=4→6min/% τ=176min → 需144.3kWh(充23.3min)
[charge_scheduler-1] [INFO] [1785238366.002251458] [charge_scheduler]:   车#7 [重型叉车|light] 位置(-88.8,-37.1) 容量200kWh 剩余15% | α=6→6min/% τ=64min → 需134.0kWh(充21.7min)
[charge_scheduler-1] [INFO] [1785238366.002262477] [charge_scheduler]:   车#8 [电动装载机282|heavy→降级] 位置(-70.9,27.7) 容量282kWh 剩余55% | α=3→6min/% τ=196min → 需72.7kWh(充11.8min)
[charge_scheduler-1] [INFO] [1785238366.002274396] [charge_scheduler]:   车#9 [电动装载机282|heavy→降级] 位置(-35.4,-47.4) 容量282kWh 剩余30% | α=3→6min/% τ=116min → 需145.4kWh(充23.5min)
[charge_scheduler-1] [INFO] [1785238366.002285981] [charge_scheduler]:   车#10 [电动装载机282|light] 位置(-100.0,-1.0) 容量282kWh 剩余45% | α=6→6min/% τ=224min → 需101.8kWh(充16.4min)
[charge_scheduler-1] [INFO] [1785238366.002296926] [charge_scheduler]:   车#11 [电动装载机350|light] 位置(-72.8,-15.6) 容量350kWh 剩余18% | α=6→6min/% τ=83min → 需223.7kWh(充36.2min)
[charge_scheduler-1] [INFO] [1785238366.002308298] [charge_scheduler]:   车#12 [重型叉车|heavy→降级] 位置(-61.7,-20.7) 容量200kWh 剩余62% | α=3→6min/% τ=230min → 需37.1kWh(充6.0min)
[charge_scheduler-1] [INFO] [1785238366.002320266] [charge_scheduler]:   车#13 [电动装载机282|light] 位置(-133.0,-25.3) 容量282kWh 剩余28% | α=6→6min/% τ=129min → 需151.2kWh(充24.4min)
[charge_scheduler-1] [INFO] [1785238366.002332333] [charge_scheduler]:   车#14 [电动装载机350|light] 位置(-132.0,-8.9) 容量350kWh 剩余52% | α=6→6min/% τ=301min → 需101.0kWh(充16.3min)
[charge_scheduler-1] [INFO] [1785238366.002344622] [charge_scheduler]:   车#15 [重型叉车|light] 位置(-120.0,7.9) 容量200kWh 剩余12% | α=6→6min/% τ=45min → 需140.2kWh(充22.7min)
[charge_scheduler-1] [INFO] [1785238366.002356568] [charge_scheduler]:   车#16 [电动装载机282|light] 位置(-43.8,-82.9) 容量282kWh 剩余38% | α=6→6min/% τ=185min → 需122.1kWh(充19.7min)
[charge_scheduler-1] [INFO] [1785238366.002368711] [charge_scheduler]:   车#17 [电动装载机350|light] 位置(-31.1,-74.7) 容量350kWh 剩余58% | α=6→6min/% τ=339min → 需79.4kWh(充12.8min)
[charge_scheduler-1] [INFO] [1785238366.002380724] [charge_scheduler]:   车#18 [重型叉车|heavy→降级] 位置(-75.4,-68.2) 容量200kWh 剩余22% | α=3→6min/% τ=102min → 需119.6kWh(充19.3min)
[charge_scheduler-1] [INFO] [1785238366.002392525] [charge_scheduler]:   车#19 [电动装载机282|light] 位置(-88.2,47.1) 容量282kWh 剩余48% | α=6→6min/% τ=241min → 需93.0kWh(充15.0min)
[charge_scheduler-1] [INFO] [1785238366.002403684] [charge_scheduler]:   车#20 [电动装载机350|light] 位置(-71.4,16.3) 容量350kWh 剩余33% | α=6→6min/% τ=179min → 需169.6kWh(充27.4min)
[charge_scheduler-1] [INFO] [1785238366.002479109] [charge_scheduler]:   车#21 [重型叉车|heavy→降级] 位置(-122.0,-0.6) 容量200kWh 剩余65% | α=3→6min/% τ=240min → 需30.9kWh(充5.0min)
[charge_scheduler-1] [INFO] [1785238366.002490882] [charge_scheduler]:   车#22 [电动装载机282|light] 位置(-71.6,11.6) 容量282kWh 剩余16% | α=6→6min/% τ=62min → 需186.1kWh(充30.1min)
[charge_scheduler-1] [INFO] [1785238366.002502748] [charge_scheduler]:   车#23 [电动装载机350|light] 位置(-131.0,37.2) 容量350kWh 剩余42% | α=6→6min/% τ=237min → 需137.1kWh(充22.2min)
[charge_scheduler-1] [INFO] [1785238366.002514990] [charge_scheduler]:   车#24 [重型叉车|heavy→降级] 位置(-51.3,5.9) 容量200kWh 剩余25% | α=3→6min/% τ=112min → 需113.4kWh(充18.3min)
[charge_scheduler-1] [INFO] [1785238366.002531377] [charge_scheduler]:   车#25 [电动装载机282|light] 位置(-62.2,-10.7) 容量282kWh 剩余55% | α=6→6min/% τ=280min → 需72.7kWh(充11.8min)
[charge_scheduler-1] [INFO] [1785238366.002543734] [charge_scheduler]:   车#26 [电动装载机350|light] 位置(-116.0,60.4) 容量350kWh 剩余30% | α=6→6min/% τ=160min → 需180.4kWh(充29.2min)
[charge_scheduler-1] [INFO] [1785238366.002555546] [charge_scheduler]:   车#27 [重型叉车|heavy→降级] 位置(-90.4,60.5) 容量200kWh 剩余68% | α=3→6min/% τ=250min → 需24.7kWh(充4.0min)
[charge_scheduler-1] [INFO] [1785238366.002567336] [charge_scheduler]:   车#28 [电动装载机282|light] 位置(-85.5,-46.0) 容量282kWh 剩余20% | α=6→6min/% τ=84min → 需174.4kWh(充28.2min)
[charge_scheduler-1] [INFO] [1785238366.002579320] [charge_scheduler]:   车#29 [电动装载机350|light] 位置(-87.0,-36.6) 容量350kWh 剩余36% | α=6→6min/% τ=198min → 需158.8kWh(充25.7min)
[charge_scheduler-1] [INFO] [1785238366.012392246] [charge_scheduler]: [Scheduler] 闭环接口: threshold=10.0min | event_sim=on | structured_feedback=optional (/task_planner/execution_event)
[charge_scheduler-1] [INFO] [1785238366.012441141] [charge_scheduler]: [Scheduler] 已启动, 等待地图...
[charge_scheduler-1] [INFO] [1785238366.078080867] [charge_scheduler]: [Scheduler] RoutingGraph 就绪
[charge_scheduler-1] [INFO] [1785238366.078534876] [charge_scheduler]: [Scheduler] 提取到 6 条虚线捷径
[charge_scheduler-1] [INFO] [1785238366.093177756] [charge_scheduler]: [Scheduler] 下层兼容增强图: 166 节点, 6 条虚线掉头边
[charge_scheduler-1] [INFO] [1785238373.651674287] [charge_scheduler]: [Scheduler] 距离矩阵完成 31x31, 7558.4 ms | 模式=maneuver | 真实不可达=0 抽象不可达=0 | 缺少对向投影节点=0
[charge_scheduler-1] [INFO] [1785238373.651749387] [charge_scheduler]:   ✓ 比值自检：930 个 OD 满足 机动/直线≥1 | 均值=2.97 最大=42.81 (车#15→车#21)
[charge_scheduler-1] [INFO] [1785238373.651759836] [charge_scheduler]: [Scheduler] 地图就绪, 166 条 lanelet（与下层一致）
[charge_scheduler-1] [INFO] [1785238373.651806328] [charge_scheduler]: ======== 开始VRPTW调度 30 辆车 ========
[charge_scheduler-1] [INFO] [1785238373.651811589] [charge_scheduler]:   规模30>8 → 启发式(alns)
[charge_scheduler-1] [INFO] [1785238427.550876936] [charge_scheduler]: [ALNS] seed=7 iters=15000 | N_late=3(成功率90.0%) T_overtime=207.9min C_total=5693.5m | 趟数=11 makespan=385.6min
[charge_scheduler-1] [INFO] [1785238427.550950599] [charge_scheduler]:   求解耗时 53899.1 ms
[charge_scheduler-1] [INFO] [1785238427.550960618] [charge_scheduler]: ════════ 调度结果 ════════
[charge_scheduler-1] [INFO] [1785238427.550966237] [charge_scheduler]:   ★目标(字典序): ① N_late=3 辆 (按时成功率 27/30 = 90.0%)  ② T_overtime=207.9min  ③ C_total=5693.5m
[charge_scheduler-1] [INFO] [1785238427.550973817] [charge_scheduler]:   附: 趟数=11 | makespan=385.6min | 能量可行=是
[charge_scheduler-1] [INFO] [1785238427.550988816] [charge_scheduler]:   [充电车3] 趟1: 站 → 车#8(到4.0/限196.0✓) → 车#22(到16.7/限61.6✓) → 车#7(到49.3/限64.0✓) → 车#1(到74.6/限96.0✓) → 站
[charge_scheduler-1] [INFO] [1785238427.550997523] [charge_scheduler]:   [充电车2] 趟2: 站 → 车#4(到1.4/限212.0✓) → 车#15(到11.5/限44.8✓) → 车#28(到36.6/限84.0✓) → 车#13(到69.0/限128.8✓) → 站
[charge_scheduler-1] [INFO] [1785238427.551005608] [charge_scheduler]:   [充电车1] 趟3: 站 → 车#12(到2.3/限230.4✓) → 车#21(到11.8/限240.0✓) → 车#3(到19.2/限32.0✓) → 车#11(到43.7/限83.2✓) → 车#18(到84.8/限102.4✓) → 站
[charge_scheduler-1] [INFO] [1785238427.551051329] [charge_scheduler]:   [充电车1] 趟4: 站 → 车#5(到124.8/限128.0✓) → 车#20(到169.4/限179.2✓) → 站
[charge_scheduler-1] [INFO] [1785238427.551059491] [charge_scheduler]:   [充电车3] 趟5: 站 → 车#24(到111.8/限112.0✓) → 车#26(到138.5/限160.0✓) → 车#16(到184.0/限184.8✓) → 站
[charge_scheduler-1] [INFO] [1785238427.551066627] [charge_scheduler]:   [充电车2] 趟6: 站 → 车#9(到115.4/限116.0✓) → 车#0(到152.1/限168.0✓) → 车#19(到188.9/限240.8✓) → 站
[charge_scheduler-1] [INFO] [1785238427.551073205] [charge_scheduler]:   [充电车1] 趟7: 站 → 车#6(到226.5/限176.0✗超时) → 车#25(到271.7/限280.0✓) → 站
[charge_scheduler-1] [INFO] [1785238427.551079331] [charge_scheduler]:   [充电车2] 趟8: 站 → 车#23(到234.6/限236.8✓) → 车#2(到281.1/限288.0✓) → 站
[charge_scheduler-1] [INFO] [1785238427.551084777] [charge_scheduler]:   [充电车1] 趟9: 站 → 车#29(到319.5/限198.4✗超时) → 站
[charge_scheduler-1] [INFO] [1785238427.551090461] [charge_scheduler]:   [充电车2] 趟10: 站 → 车#17(到339.1/限339.2✓) → 站
[charge_scheduler-1] [INFO] [1785238427.551096986] [charge_scheduler]:   [充电车3] 趟11: 站 → 车#27(到234.1/限249.6✓) → 车#10(到260.4/限224.0✗超时) → 车#14(到298.2/限300.8✓) → 站
[charge_scheduler-1] [INFO] [1785238427.551101377] [charge_scheduler]: ════════════════════════
[charge_scheduler-1] [INFO] [1785238427.551174106] [charge_scheduler]: [扰动清单] type=target delay=30.0min targets={5,28,} station={}
[charge_scheduler-1] [INFO] [1785238427.551193942] [charge_scheduler]: [执行事件] loop=open plan_v=0 C1 type=target_service target=12 station_ord=0 planned_finish=8.58 actual_finish=8.58 dev=+0.00 injected=0.0
[charge_scheduler-1] [INFO] [1785238427.551203846] [charge_scheduler]: [执行事件] loop=open plan_v=0 C2 type=target_service target=4 station_ord=0 planned_finish=11.04 actual_finish=11.04 dev=+0.00 injected=0.0
[charge_scheduler-1] [INFO] [1785238427.551212006] [charge_scheduler]: [执行事件] loop=open plan_v=0 C3 type=target_service target=8 station_ord=0 planned_finish=16.35 actual_finish=16.35 dev=+0.00 injected=0.0
[charge_scheduler-1] [INFO] [1785238427.551220307] [charge_scheduler]: [执行事件] loop=open plan_v=0 C1 type=target_service target=21 station_ord=0 planned_finish=18.07 actual_finish=18.07 dev=+0.00 injected=0.0
[charge_scheduler-1] [INFO] [1785238427.551227738] [charge_scheduler]: [执行事件] loop=open plan_v=0 C2 type=target_service target=15 station_ord=0 planned_finish=34.81 actual_finish=34.81 dev=+0.00 injected=0.0
[charge_scheduler-1] [INFO] [1785238427.551235496] [charge_scheduler]: [执行事件] loop=open plan_v=0 C1 type=target_service target=3 station_ord=0 planned_finish=43.54 actual_finish=43.54 dev=+0.00 injected=0.0
[charge_scheduler-1] [INFO] [1785238427.551242499] [charge_scheduler]: [执行事件] loop=open plan_v=0 C3 type=target_service target=22 station_ord=0 planned_finish=48.17 actual_finish=48.17 dev=+0.00 injected=0.0
[charge_scheduler-1] [INFO] [1785238427.551249438] [charge_scheduler]: [执行事件] loop=open plan_v=0 C3 type=target_service target=7 station_ord=0 planned_finish=73.54 actual_finish=73.54 dev=+0.00 injected=0.0
[charge_scheduler-1] [INFO] [1785238427.551256778] [charge_scheduler]: [执行事件] loop=open plan_v=0 C1 type=target_service target=11 station_ord=0 planned_finish=83.81 actual_finish=83.81 dev=+0.00 injected=0.0
[charge_scheduler-1] [INFO] [1785238427.551263729] [charge_scheduler]: [执行事件] loop=open plan_v=0 C2 type=target_service target=28 station_ord=0 planned_finish=67.89 actual_finish=97.89 dev=+30.00 injected=30.0
[charge_scheduler-1] [INFO] [1785238427.551271470] [charge_scheduler]: [执行事件] loop=open plan_v=0 C3 type=target_service target=1 station_ord=0 planned_finish=98.51 actual_finish=98.51 dev=+0.00 injected=0.0
[charge_scheduler-1] [INFO] [1785238427.551278666] [charge_scheduler]: [执行事件] loop=open plan_v=0 C1 type=target_service target=18 station_ord=0 planned_finish=108.84 actual_finish=108.84 dev=+0.00 injected=0.0
[charge_scheduler-1] [INFO] [1785238427.551285885] [charge_scheduler]: [执行事件] loop=open plan_v=0 C3 type=station_turnaround target=-1 station_ord=1 planned_finish=110.93 actual_finish=110.93 dev=+0.00 injected=0.0
[charge_scheduler-1] [INFO] [1785238427.551293297] [charge_scheduler]: [执行事件] loop=open plan_v=0 C1 type=station_turnaround target=-1 station_ord=1 planned_finish=121.65 actual_finish=121.65 dev=+0.00 injected=0.0
[charge_scheduler-1] [INFO] [1785238427.551305109] [charge_scheduler]: [执行事件] loop=open plan_v=0 C2 type=target_service target=13 station_ord=0 planned_finish=99.25 actual_finish=131.77 dev=+32.52 injected=0.0
[charge_scheduler-1] [INFO] [1785238427.551313569] [charge_scheduler]: [执行事件] loop=open plan_v=0 C3 type=target_service target=24 station_ord=0 planned_finish=136.74 actual_finish=136.74 dev=+0.00 injected=0.0
[charge_scheduler-1] [INFO] [1785238427.551320802] [charge_scheduler]: [执行事件] loop=open plan_v=0 C2 type=station_turnaround target=-1 station_ord=1 planned_finish=113.25 actual_finish=145.77 dev=+32.52 injected=0.0
[charge_scheduler-1] [INFO] [1785238427.551328312] [charge_scheduler]: [执行事件] loop=open plan_v=0 C3 type=target_service target=26 station_ord=0 planned_finish=180.32 actual_finish=180.32 dev=+0.00 injected=0.0
[charge_scheduler-1] [INFO] [1785238427.551335409] [charge_scheduler]: [执行事件] loop=open plan_v=0 C2 type=target_service target=9 station_ord=0 planned_finish=150.63 actual_finish=183.20 dev=+32.57 injected=0.0
[charge_scheduler-1] [INFO] [1785238427.551342889] [charge_scheduler]: [执行事件] loop=open plan_v=0 C1 type=target_service target=5 station_ord=0 planned_finish=168.28 actual_finish=198.28 dev=+30.00 injected=30.0
[charge_scheduler-1] [INFO] [1785238427.551350487] [charge_scheduler]: [执行事件] loop=open plan_v=0 C3 type=target_service target=16 station_ord=0 planned_finish=219.21 actual_finish=219.21 dev=+0.00 injected=0.0
[charge_scheduler-1] [INFO] [1785238427.551357655] [charge_scheduler]: [执行事件] loop=open plan_v=0 C2 type=target_service target=0 station_ord=0 planned_finish=186.06 actual_finish=219.95 dev=+33.90 injected=0.0
[charge_scheduler-1] [INFO] [1785238427.551365011] [charge_scheduler]: [执行事件] loop=open plan_v=0 C3 type=station_turnaround target=-1 station_ord=2 planned_finish=231.93 actual_finish=231.93 dev=+0.00 injected=0.0
[charge_scheduler-1] [INFO] [1785238427.551372373] [charge_scheduler]: [执行事件] loop=open plan_v=0 C1 type=target_service target=20 station_ord=0 planned_finish=212.27 actual_finish=243.17 dev=+30.89 injected=0.0
[charge_scheduler-1] [INFO] [1785238427.551379562] [charge_scheduler]: [执行事件] loop=open plan_v=0 C1 type=station_turnaround target=-1 station_ord=2 planned_finish=223.67 actual_finish=254.56 dev=+30.89 injected=0.0
[charge_scheduler-1] [INFO] [1785238427.551387133] [charge_scheduler]: [执行事件] loop=open plan_v=0 C2 type=target_service target=19 station_ord=0 planned_finish=219.83 actual_finish=256.57 dev=+36.74 injected=0.0
[charge_scheduler-1] [INFO] [1785238427.551394659] [charge_scheduler]: [执行事件] loop=open plan_v=0 C3 type=target_service target=27 station_ord=0 planned_finish=258.26 actual_finish=258.26 dev=+0.00 injected=0.0
[charge_scheduler-1] [INFO] [1785238427.551401677] [charge_scheduler]: [执行事件] loop=open plan_v=0 C2 type=station_turnaround target=-1 station_ord=2 planned_finish=232.03 actual_finish=268.77 dev=+36.74 injected=0.0
[charge_scheduler-1] [INFO] [1785238427.551408996] [charge_scheduler]: [执行事件] loop=open plan_v=0 C3 type=target_service target=10 station_ord=0 planned_finish=295.64 actual_finish=295.64 dev=+0.00 injected=0.0
[charge_scheduler-1] [INFO] [1785238427.551416419] [charge_scheduler]: [执行事件] loop=open plan_v=0 C1 type=target_service target=6 station_ord=0 planned_finish=270.23 actual_finish=301.12 dev=+30.89 injected=0.0
[charge_scheduler-1] [INFO] [1785238427.551424225] [charge_scheduler]: [执行事件] loop=open plan_v=0 C2 type=target_service target=23 station_ord=0 planned_finish=278.11 actual_finish=315.05 dev=+36.95 injected=0.0
[charge_scheduler-1] [INFO] [1785238427.551431747] [charge_scheduler]: [执行事件] loop=open plan_v=0 C1 type=target_service target=25 station_ord=0 planned_finish=306.31 actual_finish=337.89 dev=+31.58 injected=0.0
[charge_scheduler-1] [INFO] [1785238427.551439105] [charge_scheduler]: [执行事件] loop=open plan_v=0 C3 type=target_service target=14 station_ord=0 planned_finish=341.68 actual_finish=341.68 dev=+0.00 injected=0.0
[charge_scheduler-1] [INFO] [1785238427.551446037] [charge_scheduler]: [执行事件] loop=open plan_v=0 C3 type=final_return target=-1 station_ord=0 planned_finish=345.44 actual_finish=345.44 dev=+0.00 injected=0.0
[charge_scheduler-1] [INFO] [1785238427.551455190] [charge_scheduler]: [执行事件] loop=open plan_v=0 C1 type=station_turnaround target=-1 station_ord=3 planned_finish=317.58 actual_finish=349.17 dev=+31.58 injected=0.0
[charge_scheduler-1] [INFO] [1785238427.551462748] [charge_scheduler]: [执行事件] loop=open plan_v=0 C2 type=target_service target=2 station_ord=0 planned_finish=324.23 actual_finish=361.80 dev=+37.57 injected=0.0
[charge_scheduler-1] [INFO] [1785238427.551470042] [charge_scheduler]: [执行事件] loop=open plan_v=0 C2 type=station_turnaround target=-1 station_ord=3 planned_finish=336.15 actual_finish=373.73 dev=+37.57 injected=0.0
[charge_scheduler-1] [INFO] [1785238427.551477425] [charge_scheduler]: [执行事件] loop=open plan_v=0 C1 type=target_service target=29 station_ord=0 planned_finish=363.23 actual_finish=394.81 dev=+31.58 injected=0.0
[charge_scheduler-1] [INFO] [1785238427.551484539] [charge_scheduler]: [执行事件] loop=open plan_v=0 C1 type=final_return target=-1 station_ord=0 planned_finish=365.41 actual_finish=396.99 dev=+31.58 injected=0.0
[charge_scheduler-1] [INFO] [1785238427.551491480] [charge_scheduler]: [执行事件] loop=open plan_v=0 C2 type=target_service target=17 station_ord=0 planned_finish=382.79 actual_finish=420.38 dev=+37.59 injected=0.0
[charge_scheduler-1] [INFO] [1785238427.551498274] [charge_scheduler]: [执行事件] loop=open plan_v=0 C2 type=final_return target=-1 station_ord=0 planned_finish=385.59 actual_finish=423.17 dev=+37.59 injected=0.0
[charge_scheduler-1] [INFO] [1785238427.551517175] [charge_scheduler]: [执行事件] loop=closed plan_v=0 C1 type=target_service target=12 station_ord=0 planned_finish=8.58 actual_finish=8.58 dev=+0.00 injected=0.0
[charge_scheduler-1] [INFO] [1785238427.551524049] [charge_scheduler]: [执行事件] loop=closed plan_v=0 C2 type=target_service target=4 station_ord=0 planned_finish=11.04 actual_finish=11.04 dev=+0.00 injected=0.0
[charge_scheduler-1] [INFO] [1785238427.551538682] [charge_scheduler]: [执行事件] loop=closed plan_v=0 C3 type=target_service target=8 station_ord=0 planned_finish=16.35 actual_finish=16.35 dev=+0.00 injected=0.0
[charge_scheduler-1] [INFO] [1785238427.551545828] [charge_scheduler]: [执行事件] loop=closed plan_v=0 C1 type=target_service target=21 station_ord=0 planned_finish=18.07 actual_finish=18.07 dev=+0.00 injected=0.0
[charge_scheduler-1] [INFO] [1785238427.551552924] [charge_scheduler]: [执行事件] loop=closed plan_v=0 C2 type=target_service target=15 station_ord=0 planned_finish=34.81 actual_finish=34.81 dev=+0.00 injected=0.0
[charge_scheduler-1] [INFO] [1785238427.551560130] [charge_scheduler]: [执行事件] loop=closed plan_v=0 C1 type=target_service target=3 station_ord=0 planned_finish=43.54 actual_finish=43.54 dev=+0.00 injected=0.0
[charge_scheduler-1] [INFO] [1785238427.551568415] [charge_scheduler]: [执行事件] loop=closed plan_v=0 C3 type=target_service target=22 station_ord=0 planned_finish=48.17 actual_finish=48.17 dev=+0.00 injected=0.0
[charge_scheduler-1] [INFO] [1785238427.551575959] [charge_scheduler]: [执行事件] loop=closed plan_v=0 C3 type=target_service target=7 station_ord=0 planned_finish=73.54 actual_finish=73.54 dev=+0.00 injected=0.0
[charge_scheduler-1] [INFO] [1785238427.551583346] [charge_scheduler]: [执行事件] loop=closed plan_v=0 C1 type=target_service target=11 station_ord=0 planned_finish=83.81 actual_finish=83.81 dev=+0.00 injected=0.0
[charge_scheduler-1] [INFO] [1785238427.551591551] [charge_scheduler]: [执行事件] loop=closed plan_v=0 C2 type=target_service target=28 station_ord=0 planned_finish=67.89 actual_finish=97.89 dev=+30.00 injected=30.0
[charge_scheduler-1] [WARN] [1785238434.864028916] [charge_scheduler]: [重调度事件] #1 t=97.89min trigger=C2/target_service dev=+30.00 pool=18 committed=2 plan_v=1 solve_ms=7312.4 changed_assign=6 changed_order=15
[charge_scheduler-1] [INFO] [1785238434.864098753] [charge_scheduler]: [执行事件] loop=closed plan_v=0 C3 type=target_service target=1 station_ord=0 planned_finish=98.51 actual_finish=98.51 dev=+0.00 injected=0.0
[charge_scheduler-1] [INFO] [1785238434.864112108] [charge_scheduler]: [执行事件] loop=closed plan_v=0 C1 type=target_service target=18 station_ord=0 planned_finish=108.84 actual_finish=108.84 dev=+0.00 injected=0.0
[charge_scheduler-1] [INFO] [1785238434.864121036] [charge_scheduler]: [执行事件] loop=closed plan_v=1 C3 type=station_turnaround target=-1 station_ord=1 planned_finish=110.93 actual_finish=110.93 dev=+0.00 injected=0.0
[charge_scheduler-1] [INFO] [1785238434.864160063] [charge_scheduler]: [执行事件] loop=closed plan_v=1 C1 type=station_turnaround target=-1 station_ord=1 planned_finish=121.65 actual_finish=121.65 dev=+0.00 injected=0.0
[charge_scheduler-1] [INFO] [1785238434.864170798] [charge_scheduler]: [执行事件] loop=closed plan_v=1 C2 type=target_service target=9 station_ord=0 planned_finish=132.54 actual_finish=132.54 dev=+0.00 injected=0.0
[charge_scheduler-1] [INFO] [1785238434.864182663] [charge_scheduler]: [执行事件] loop=closed plan_v=1 C3 type=target_service target=24 station_ord=0 planned_finish=136.74 actual_finish=136.74 dev=+0.00 injected=0.0
[charge_scheduler-1] [INFO] [1785238434.864190188] [charge_scheduler]: [执行事件] loop=closed plan_v=1 C2 type=station_turnaround target=-1 station_ord=1 planned_finish=144.83 actual_finish=144.83 dev=+0.00 injected=0.0
[charge_scheduler-1] [INFO] [1785238434.864197853] [charge_scheduler]: [执行事件] loop=closed plan_v=1 C3 type=target_service target=0 station_ord=0 planned_finish=169.67 actual_finish=169.67 dev=+0.00 injected=0.0
[charge_scheduler-1] [INFO] [1785238434.864205662] [charge_scheduler]: [执行事件] loop=closed plan_v=1 C2 type=target_service target=26 station_ord=0 planned_finish=189.95 actual_finish=189.95 dev=+0.00 injected=0.0
[charge_scheduler-1] [INFO] [1785238434.864213095] [charge_scheduler]: [执行事件] loop=closed plan_v=1 C1 type=target_service target=5 station_ord=0 planned_finish=168.28 actual_finish=198.28 dev=+30.00 injected=30.0
[charge_scheduler-1] [WARN] [1785238436.543773318] [charge_scheduler]: [重调度事件] #2 t=198.28min trigger=C1/target_service dev=+30.00 pool=11 committed=2 plan_v=2 solve_ms=1679.5 changed_assign=6 changed_order=7
[charge_scheduler-1] [INFO] [1785238436.543838917] [charge_scheduler]: [执行事件] loop=closed plan_v=1 C3 type=target_service target=16 station_ord=0 planned_finish=205.86 actual_finish=205.86 dev=+0.00 injected=0.0
[charge_scheduler-1] [INFO] [1785238436.543851472] [charge_scheduler]: [执行事件] loop=closed plan_v=2 C3 type=station_turnaround target=-1 station_ord=2 planned_finish=218.58 actual_finish=218.58 dev=+0.00 injected=0.0
[charge_scheduler-1] [INFO] [1785238436.543866834] [charge_scheduler]: [执行事件] loop=closed plan_v=1 C2 type=target_service target=10 station_ord=0 planned_finish=224.21 actual_finish=224.21 dev=+0.00 injected=0.0
[charge_scheduler-1] [INFO] [1785238436.543873875] [charge_scheduler]: [执行事件] loop=closed plan_v=2 C2 type=station_turnaround target=-1 station_ord=2 planned_finish=235.86 actual_finish=235.86 dev=+0.00 injected=0.0
[charge_scheduler-1] [INFO] [1785238436.543881392] [charge_scheduler]: [执行事件] loop=closed plan_v=2 C1 type=target_service target=13 station_ord=0 planned_finish=236.65 actual_finish=236.65 dev=+0.00 injected=0.0
[charge_scheduler-1] [INFO] [1785238436.543889401] [charge_scheduler]: [执行事件] loop=closed plan_v=2 C3 type=target_service target=23 station_ord=0 planned_finish=263.43 actual_finish=263.43 dev=+0.00 injected=0.0
[charge_scheduler-1] [INFO] [1785238436.543901825] [charge_scheduler]: [执行事件] loop=closed plan_v=2 C1 type=target_service target=27 station_ord=0 planned_finish=265.65 actual_finish=265.65 dev=+0.00 injected=0.0
[charge_scheduler-1] [INFO] [1785238436.543908473] [charge_scheduler]: [执行事件] loop=closed plan_v=2 C2 type=target_service target=19 station_ord=0 planned_finish=274.40 actual_finish=274.40 dev=+0.00 injected=0.0
[charge_scheduler-1] [INFO] [1785238436.543915267] [charge_scheduler]: [执行事件] loop=closed plan_v=2 C1 type=station_turnaround target=-1 station_ord=2 planned_finish=279.35 actual_finish=279.35 dev=+0.00 injected=0.0
[charge_scheduler-1] [INFO] [1785238436.543922069] [charge_scheduler]: [执行事件] loop=closed plan_v=2 C3 type=target_service target=25 station_ord=0 planned_finish=301.02 actual_finish=301.02 dev=+0.00 injected=0.0
[charge_scheduler-1] [INFO] [1785238436.543928889] [charge_scheduler]: [执行事件] loop=closed plan_v=2 C3 type=station_turnaround target=-1 station_ord=3 planned_finish=312.30 actual_finish=312.30 dev=+0.00 injected=0.0
[charge_scheduler-1] [INFO] [1785238436.543935771] [charge_scheduler]: [执行事件] loop=closed plan_v=2 C2 type=target_service target=20 station_ord=0 planned_finish=319.05 actual_finish=319.05 dev=+0.00 injected=0.0
[charge_scheduler-1] [INFO] [1785238436.543942660] [charge_scheduler]: [执行事件] loop=closed plan_v=2 C1 type=target_service target=2 station_ord=0 planned_finish=324.54 actual_finish=324.54 dev=+0.00 injected=0.0
[charge_scheduler-1] [INFO] [1785238436.543995046] [charge_scheduler]: [执行事件] loop=closed plan_v=2 C2 type=station_turnaround target=-1 station_ord=3 planned_finish=330.44 actual_finish=330.44 dev=+0.00 injected=0.0
[charge_scheduler-1] [INFO] [1785238436.544002932] [charge_scheduler]: [执行事件] loop=closed plan_v=2 C3 type=target_service target=29 station_ord=0 planned_finish=357.95 actual_finish=357.95 dev=+0.00 injected=0.0
[charge_scheduler-1] [INFO] [1785238436.544010231] [charge_scheduler]: [执行事件] loop=closed plan_v=2 C1 type=target_service target=6 station_ord=0 planned_finish=369.69 actual_finish=369.69 dev=+0.00 injected=0.0
[charge_scheduler-1] [INFO] [1785238436.544017198] [charge_scheduler]: [执行事件] loop=closed plan_v=2 C1 type=final_return target=-1 station_ord=0 planned_finish=372.39 actual_finish=372.39 dev=+0.00 injected=0.0
[charge_scheduler-1] [INFO] [1785238436.544023980] [charge_scheduler]: [执行事件] loop=closed plan_v=2 C2 type=target_service target=17 station_ord=0 planned_finish=376.57 actual_finish=376.57 dev=+0.00 injected=0.0
[charge_scheduler-1] [INFO] [1785238436.544030678] [charge_scheduler]: [执行事件] loop=closed plan_v=2 C2 type=final_return target=-1 station_ord=0 planned_finish=379.36 actual_finish=379.36 dev=+0.00 injected=0.0
[charge_scheduler-1] [INFO] [1785238436.544037244] [charge_scheduler]: [执行事件] loop=closed plan_v=2 C3 type=target_service target=14 station_ord=0 planned_finish=402.96 actual_finish=402.96 dev=+0.00 injected=0.0
[charge_scheduler-1] [INFO] [1785238436.544043971] [charge_scheduler]: [执行事件] loop=closed plan_v=2 C3 type=final_return target=-1 station_ord=0 planned_finish=406.73 actual_finish=406.73 dev=+0.00 injected=0.0
[charge_scheduler-1] [INFO] [1785238436.544055347] [charge_scheduler]: ★闭环实验结果 mode=open M=30 K=3 disturbance=target delay=30.0 seed=7 N_late=10 T_overtime=463.912 C_total=5693.504 makespan=423.174 served=30 energy_viol=2 reschedules=0 reschedule_ms=0.000 changed_assign=0 changed_order=0 applied_target=2 applied_station=0 initial_solve_ms=53899.138
[charge_scheduler-1] [INFO] [1785238436.544071982] [charge_scheduler]: ★闭环实验结果 mode=closed M=30 K=3 disturbance=target delay=30.0 seed=7 N_late=5 T_overtime=492.850 C_total=5629.173 makespan=406.726 served=30 energy_viol=0 reschedules=2 reschedule_ms=8991.907 changed_assign=12 changed_order=22 applied_target=2 applied_station=0 initial_solve_ms=53899.138
[charge_scheduler-1] [INFO] [1785238436.544080953] [charge_scheduler]: ★闭环实验收益 M=30 K=3 disturbance=target delay=30.0 seed=7 recovered_late=5 overtime_reduction=-28.938 distance_delta=-64.332 makespan_reduction=16.448
[WARNING] [launch]: user interrupted with ctrl-c (SIGINT)
[WARNING] [launch]: user interrupted with ctrl-c (SIGINT) again, ignoring...
[INFO] [charge_scheduler-1]: sending signal 'SIGINT' to process[charge_scheduler-1]
[charge_scheduler-1] [INFO] [1785238436.697634472] [rclcpp]: signal_handler(signum=2)
[ERROR] [charge_scheduler-1]: process has died [pid 20201, exit code -2, cmd '/home/yy/controller/shared_dir/Comprehensive_Road_Testing/install/task_planner/lib/task_planner/charge_scheduler --ros-args -r __node:=charge_scheduler --params-file /home/yy/controller/shared_dir/Comprehensive_Road_Testing/install/task_planner/share/task_planner/config/charge_scheduler.param.yaml'].
