[INFO] [launch]: All log files can be found below /root/.ros/log/2026-07-28-10-47-47-350848-YYYY-13832
[INFO] [launch]: Default logging verbosity is set to INFO
[INFO] [charge_scheduler-1]: process started with pid [13835]
[charge_scheduler-1] [INFO] [1785235667.531681418] [charge_scheduler]: [Scheduler] 20辆车 | 电池800.0kWh(20%=160.0 80%=640.0) | 充电360kW效率97% | 行驶0.6kWh/km | 桩350kW
[charge_scheduler-1] [INFO] [1785235667.531810432] [charge_scheduler]: [Scheduler] 站端周转: 换电 10 min(换后满电) | 单趟可用 640 kWh
[charge_scheduler-1] [INFO] [1785235667.531826190] [charge_scheduler]:   车#0 [电动装载机282|light] 位置(-47.3,-2.6) 容量282kWh 剩余35% | α=6→6min/% τ=168min → 需130.8kWh(充21.2min)
[charge_scheduler-1] [INFO] [1785235667.531839564] [charge_scheduler]:   车#1 [重型叉车|light] 位置(-44.0,-64.1) 容量200kWh 剩余20% | α=6→6min/% τ=96min → 需123.7kWh(充20.0min)
[charge_scheduler-1] [INFO] [1785235667.531850039] [charge_scheduler]:   车#2 [电动装载机350|light] 位置(-51.1,-38.8) 容量350kWh 剩余50% | α=6→6min/% τ=288min → 需108.2kWh(充17.5min)
[charge_scheduler-1] [INFO] [1785235667.531859841] [charge_scheduler]:   车#3 [重型叉车|light] 位置(-71.0,-19.0) 容量200kWh 剩余10% | α=6→6min/% τ=32min → 需144.3kWh(充23.3min)
[charge_scheduler-1] [INFO] [1785235667.531869755] [charge_scheduler]:   车#4 [电动装载机282|heavy→降级] 位置(-93.3,6.6) 容量282kWh 剩余60% | α=3→6min/% τ=212min → 需58.1kWh(充9.4min)
[charge_scheduler-1] [INFO] [1785235667.531881665] [charge_scheduler]:   车#5 [电动装载机350|light] 位置(-104.4,47.7) 容量350kWh 剩余25% | α=6→6min/% τ=128min → 需198.5kWh(充32.1min)
[charge_scheduler-1] [INFO] [1785235667.531898322] [charge_scheduler]:   车#6 [电动装载机350|heavy→降级] 位置(-37.0,-75.1) 容量350kWh 剩余40% | α=4→6min/% τ=176min → 需144.3kWh(充23.3min)
[charge_scheduler-1] [INFO] [1785235667.531914251] [charge_scheduler]:   车#7 [重型叉车|light] 位置(-88.8,-37.1) 容量200kWh 剩余15% | α=6→6min/% τ=64min → 需134.0kWh(充21.7min)
[charge_scheduler-1] [INFO] [1785235667.531931126] [charge_scheduler]:   车#8 [电动装载机282|heavy→降级] 位置(-70.9,27.7) 容量282kWh 剩余55% | α=3→6min/% τ=196min → 需72.7kWh(充11.8min)
[charge_scheduler-1] [INFO] [1785235667.531947502] [charge_scheduler]:   车#9 [电动装载机282|heavy→降级] 位置(-35.4,-47.4) 容量282kWh 剩余30% | α=3→6min/% τ=116min → 需145.4kWh(充23.5min)
[charge_scheduler-1] [INFO] [1785235667.531961271] [charge_scheduler]:   车#10 [电动装载机282|light] 位置(-100.0,-1.0) 容量282kWh 剩余45% | α=6→6min/% τ=224min → 需101.8kWh(充16.4min)
[charge_scheduler-1] [INFO] [1785235667.531977318] [charge_scheduler]:   车#11 [电动装载机350|light] 位置(-72.8,-15.6) 容量350kWh 剩余18% | α=6→6min/% τ=83min → 需223.7kWh(充36.2min)
[charge_scheduler-1] [INFO] [1785235667.531992089] [charge_scheduler]:   车#12 [重型叉车|heavy→降级] 位置(-61.7,-20.7) 容量200kWh 剩余62% | α=3→6min/% τ=230min → 需37.1kWh(充6.0min)
[charge_scheduler-1] [INFO] [1785235667.532006655] [charge_scheduler]:   车#13 [电动装载机282|light] 位置(-133.0,-25.3) 容量282kWh 剩余28% | α=6→6min/% τ=129min → 需151.2kWh(充24.4min)
[charge_scheduler-1] [INFO] [1785235667.532016914] [charge_scheduler]:   车#14 [电动装载机350|light] 位置(-132.0,-8.9) 容量350kWh 剩余52% | α=6→6min/% τ=301min → 需101.0kWh(充16.3min)
[charge_scheduler-1] [INFO] [1785235667.532026403] [charge_scheduler]:   车#15 [重型叉车|light] 位置(-120.0,7.9) 容量200kWh 剩余12% | α=6→6min/% τ=45min → 需140.2kWh(充22.7min)
[charge_scheduler-1] [INFO] [1785235667.532039672] [charge_scheduler]:   车#16 [电动装载机282|light] 位置(-43.8,-82.9) 容量282kWh 剩余38% | α=6→6min/% τ=185min → 需122.1kWh(充19.7min)
[charge_scheduler-1] [INFO] [1785235667.532052474] [charge_scheduler]:   车#17 [电动装载机350|light] 位置(-31.1,-74.7) 容量350kWh 剩余58% | α=6→6min/% τ=339min → 需79.4kWh(充12.8min)
[charge_scheduler-1] [INFO] [1785235667.532061982] [charge_scheduler]:   车#18 [重型叉车|heavy→降级] 位置(-75.4,-68.2) 容量200kWh 剩余22% | α=3→6min/% τ=102min → 需119.6kWh(充19.3min)
[charge_scheduler-1] [INFO] [1785235667.532071802] [charge_scheduler]:   车#19 [电动装载机282|light] 位置(-88.2,47.1) 容量282kWh 剩余48% | α=6→6min/% τ=241min → 需93.0kWh(充15.0min)
[charge_scheduler-1] [INFO] [1785235667.540950337] [charge_scheduler]: [Scheduler] 闭环接口: threshold=10.0min | event_sim=on | structured_feedback=optional (/task_planner/execution_event)
[charge_scheduler-1] [INFO] [1785235667.541032037] [charge_scheduler]: [Scheduler] 已启动, 等待地图...
[charge_scheduler-1] [INFO] [1785235667.682974896] [charge_scheduler]: [Scheduler] RoutingGraph 就绪
[charge_scheduler-1] [INFO] [1785235667.683332848] [charge_scheduler]: [Scheduler] 提取到 6 条虚线捷径
[charge_scheduler-1] [INFO] [1785235667.700052720] [charge_scheduler]: [Scheduler] 下层兼容增强图: 166 节点, 6 条虚线掉头边
[charge_scheduler-1] [INFO] [1785235671.764005823] [charge_scheduler]: [Scheduler] 距离矩阵完成 21x21, 4063.9 ms | 模式=maneuver | 真实不可达=0 抽象不可达=0 | 缺少对向投影节点=0
[charge_scheduler-1] [INFO] [1785235671.764080689] [charge_scheduler]:   ✓ 比值自检：420 个 OD 满足 机动/直线≥1 | 均值=2.70 最大=41.42 (车#4→车#10)
[charge_scheduler-1] [INFO] [1785235671.764094851] [charge_scheduler]: [Scheduler] 地图就绪, 166 条 lanelet（与下层一致）
[charge_scheduler-1] [INFO] [1785235671.764148916] [charge_scheduler]: ======== 开始VRPTW调度 20 辆车 ========
[charge_scheduler-1] [INFO] [1785235671.764159398] [charge_scheduler]:   规模20>8 → 启发式(alns)
[charge_scheduler-1] [INFO] [1785235687.088065544] [charge_scheduler]: [ALNS] seed=2 iters=15000 | N_late=2(成功率90.0%) T_overtime=133.4min C_total=3956.8m | 趟数=7 makespan=375.2min
[charge_scheduler-1] [INFO] [1785235687.088161441] [charge_scheduler]:   求解耗时 15324.0 ms
[charge_scheduler-1] [INFO] [1785235687.088173880] [charge_scheduler]: ════════ 调度结果 ════════
[charge_scheduler-1] [INFO] [1785235687.088180253] [charge_scheduler]:   ★目标(字典序): ① N_late=2 辆 (按时成功率 18/20 = 90.0%)  ② T_overtime=133.4min  ③ C_total=3956.8m
[charge_scheduler-1] [INFO] [1785235687.088188409] [charge_scheduler]:   附: 趟数=7 | makespan=375.2min | 能量可行=是
[charge_scheduler-1] [INFO] [1785235687.088203012] [charge_scheduler]:   [充电车2] 趟1: 站 → 车#4(到1.4/限212.0✓) → 车#8(到13.7/限196.0✓) → 车#3(到28.2/限32.0✓) → 车#7(到53.7/限64.0✓) → 车#1(到79.3/限96.0✓) → 站
[charge_scheduler-1] [INFO] [1785235687.088212457] [charge_scheduler]:   [充电车1] 趟2: 站 → 车#9(到2.2/限116.0✓) → 车#12(到27.0/限230.4✓) → 车#15(到37.0/限44.8✓) → 车#11(到64.5/限83.2✓) → 站
[charge_scheduler-1] [INFO] [1785235687.088220281] [charge_scheduler]:   [充电车2] 趟3: 站 → 车#18(到117.9/限102.4✗超时) → 车#16(到143.6/限184.8✓) → 车#6(到175.6/限176.0✓) → 站
[charge_scheduler-1] [INFO] [1785235687.088227487] [charge_scheduler]:   [充电车1] 趟4: 站 → 车#13(到121.9/限128.8✓) → 车#0(到159.8/限168.0✓) → 车#10(到197.9/限224.0✓) → 站
[charge_scheduler-1] [INFO] [1785235687.088234374] [charge_scheduler]:   [充电车2] 趟5: 站 → 车#19(到235.5/限240.8✓) → 车#2(到272.4/限288.0✓) → 站
[charge_scheduler-1] [INFO] [1785235687.088241806] [charge_scheduler]:   [充电车1] 趟6: 站 → 车#5(到245.8/限128.0✗超时) → 车#14(到292.9/限300.8✓) → 站
[charge_scheduler-1] [INFO] [1785235687.088247583] [charge_scheduler]:   [充电车2] 趟7: 站 → 车#17(到329.5/限339.2✓) → 站
[charge_scheduler-1] [INFO] [1785235687.088252529] [charge_scheduler]: ════════════════════════
[charge_scheduler-1] [INFO] [1785235687.088309858] [charge_scheduler]: [扰动清单] type=station delay=15.0min targets={} station={C1-S1,C2-S1,}
[charge_scheduler-1] [INFO] [1785235687.088329265] [charge_scheduler]: [执行事件] loop=open plan_v=0 C2 type=target_service target=4 station_ord=0 planned_finish=11.04 actual_finish=11.04 dev=+0.00 injected=0.0
[charge_scheduler-1] [INFO] [1785235687.088340602] [charge_scheduler]: [执行事件] loop=open plan_v=0 C1 type=target_service target=9 station_ord=0 planned_finish=25.99 actual_finish=25.99 dev=+0.00 injected=0.0
[charge_scheduler-1] [INFO] [1785235687.088348837] [charge_scheduler]: [执行事件] loop=open plan_v=0 C2 type=target_service target=8 station_ord=0 planned_finish=27.46 actual_finish=27.46 dev=+0.00 injected=0.0
[charge_scheduler-1] [INFO] [1785235687.088356662] [charge_scheduler]: [执行事件] loop=open plan_v=0 C1 type=target_service target=12 station_ord=0 planned_finish=35.76 actual_finish=35.76 dev=+0.00 injected=0.0
[charge_scheduler-1] [INFO] [1785235687.088364590] [charge_scheduler]: [执行事件] loop=open plan_v=0 C2 type=target_service target=3 station_ord=0 planned_finish=53.05 actual_finish=53.05 dev=+0.00 injected=0.0
[charge_scheduler-1] [INFO] [1785235687.088404711] [charge_scheduler]: [执行事件] loop=open plan_v=0 C1 type=target_service target=15 station_ord=0 planned_finish=61.62 actual_finish=61.62 dev=+0.00 injected=0.0
[charge_scheduler-1] [INFO] [1785235687.088415006] [charge_scheduler]: [执行事件] loop=open plan_v=0 C2 type=target_service target=7 station_ord=0 planned_finish=78.18 actual_finish=78.18 dev=+0.00 injected=0.0
[charge_scheduler-1] [INFO] [1785235687.088421144] [charge_scheduler]: [执行事件] loop=open plan_v=0 C2 type=target_service target=1 station_ord=0 planned_finish=103.39 actual_finish=103.39 dev=+0.00 injected=0.0
[charge_scheduler-1] [INFO] [1785235687.088428492] [charge_scheduler]: [执行事件] loop=open plan_v=0 C1 type=target_service target=11 station_ord=0 planned_finish=106.60 actual_finish=106.60 dev=+0.00 injected=0.0
[charge_scheduler-1] [INFO] [1785235687.088435342] [charge_scheduler]: [执行事件] loop=open plan_v=0 C2 type=station_turnaround target=-1 station_ord=1 planned_finish=115.81 actual_finish=130.81 dev=+15.00 injected=15.0
[charge_scheduler-1] [INFO] [1785235687.088442150] [charge_scheduler]: [执行事件] loop=open plan_v=0 C1 type=station_turnaround target=-1 station_ord=1 planned_finish=119.08 actual_finish=134.08 dev=+15.00 injected=15.0
[charge_scheduler-1] [INFO] [1785235687.088448679] [charge_scheduler]: [执行事件] loop=open plan_v=0 C2 type=target_service target=18 station_ord=0 planned_finish=142.94 actual_finish=157.94 dev=+15.00 injected=0.0
[charge_scheduler-1] [INFO] [1785235687.088455367] [charge_scheduler]: [执行事件] loop=open plan_v=0 C1 type=target_service target=13 station_ord=0 planned_finish=156.55 actual_finish=172.13 dev=+15.58 injected=0.0
[charge_scheduler-1] [INFO] [1785235687.088462866] [charge_scheduler]: [执行事件] loop=open plan_v=0 C2 type=target_service target=16 station_ord=0 planned_finish=175.37 actual_finish=191.63 dev=+16.26 injected=0.0
[charge_scheduler-1] [INFO] [1785235687.088468837] [charge_scheduler]: [执行事件] loop=open plan_v=0 C1 type=target_service target=0 station_ord=0 planned_finish=194.33 actual_finish=210.60 dev=+16.27 injected=0.0
[charge_scheduler-1] [INFO] [1785235687.088474985] [charge_scheduler]: [执行事件] loop=open plan_v=0 C2 type=target_service target=6 station_ord=0 planned_finish=219.34 actual_finish=235.63 dev=+16.29 injected=0.0
[charge_scheduler-1] [INFO] [1785235687.088481209] [charge_scheduler]: [执行事件] loop=open plan_v=0 C2 type=station_turnaround target=-1 station_ord=2 planned_finish=232.04 actual_finish=248.33 dev=+16.29 injected=0.0
[charge_scheduler-1] [INFO] [1785235687.088487323] [charge_scheduler]: [执行事件] loop=open plan_v=0 C1 type=target_service target=10 station_ord=0 planned_finish=230.98 actual_finish=248.62 dev=+17.64 injected=0.0
[charge_scheduler-1] [INFO] [1785235687.088493250] [charge_scheduler]: [执行事件] loop=open plan_v=0 C1 type=station_turnaround target=-1 station_ord=2 planned_finish=242.63 actual_finish=260.27 dev=+17.64 injected=0.0
[charge_scheduler-1] [INFO] [1785235687.088501585] [charge_scheduler]: [执行事件] loop=open plan_v=0 C2 type=target_service target=19 station_ord=0 planned_finish=270.25 actual_finish=287.00 dev=+16.74 injected=0.0
[charge_scheduler-1] [INFO] [1785235687.088512658] [charge_scheduler]: [执行事件] loop=open plan_v=0 C1 type=target_service target=5 station_ord=0 planned_finish=289.56 actual_finish=307.20 dev=+17.64 injected=0.0
[charge_scheduler-1] [INFO] [1785235687.088523485] [charge_scheduler]: [执行事件] loop=open plan_v=0 C2 type=target_service target=2 station_ord=0 planned_finish=314.71 actual_finish=332.88 dev=+18.17 injected=0.0
[charge_scheduler-1] [INFO] [1785235687.088542016] [charge_scheduler]: [执行事件] loop=open plan_v=0 C2 type=station_turnaround target=-1 station_ord=3 planned_finish=326.64 actual_finish=344.80 dev=+18.17 injected=0.0
[charge_scheduler-1] [INFO] [1785235687.088552954] [charge_scheduler]: [执行事件] loop=open plan_v=0 C1 type=target_service target=14 station_ord=0 planned_finish=335.97 actual_finish=354.32 dev=+18.35 injected=0.0
[charge_scheduler-1] [INFO] [1785235687.088564085] [charge_scheduler]: [执行事件] loop=open plan_v=0 C1 type=final_return target=-1 station_ord=0 planned_finish=339.73 actual_finish=358.09 dev=+18.35 injected=0.0
[charge_scheduler-1] [INFO] [1785235687.088575387] [charge_scheduler]: [执行事件] loop=open plan_v=0 C2 type=target_service target=17 station_ord=0 planned_finish=372.41 actual_finish=391.46 dev=+19.05 injected=0.0
[charge_scheduler-1] [INFO] [1785235687.088591872] [charge_scheduler]: [执行事件] loop=open plan_v=0 C2 type=final_return target=-1 station_ord=0 planned_finish=375.21 actual_finish=394.25 dev=+19.05 injected=0.0
[charge_scheduler-1] [INFO] [1785235687.088614044] [charge_scheduler]: [执行事件] loop=closed plan_v=0 C2 type=target_service target=4 station_ord=0 planned_finish=11.04 actual_finish=11.04 dev=+0.00 injected=0.0
[charge_scheduler-1] [INFO] [1785235687.088625468] [charge_scheduler]: [执行事件] loop=closed plan_v=0 C1 type=target_service target=9 station_ord=0 planned_finish=25.99 actual_finish=25.99 dev=+0.00 injected=0.0
[charge_scheduler-1] [INFO] [1785235687.088635971] [charge_scheduler]: [执行事件] loop=closed plan_v=0 C2 type=target_service target=8 station_ord=0 planned_finish=27.46 actual_finish=27.46 dev=+0.00 injected=0.0
[charge_scheduler-1] [INFO] [1785235687.088646510] [charge_scheduler]: [执行事件] loop=closed plan_v=0 C1 type=target_service target=12 station_ord=0 planned_finish=35.76 actual_finish=35.76 dev=+0.00 injected=0.0
[charge_scheduler-1] [INFO] [1785235687.088656921] [charge_scheduler]: [执行事件] loop=closed plan_v=0 C2 type=target_service target=3 station_ord=0 planned_finish=53.05 actual_finish=53.05 dev=+0.00 injected=0.0
[charge_scheduler-1] [INFO] [1785235687.088667251] [charge_scheduler]: [执行事件] loop=closed plan_v=0 C1 type=target_service target=15 station_ord=0 planned_finish=61.62 actual_finish=61.62 dev=+0.00 injected=0.0
[charge_scheduler-1] [INFO] [1785235687.088677722] [charge_scheduler]: [执行事件] loop=closed plan_v=0 C2 type=target_service target=7 station_ord=0 planned_finish=78.18 actual_finish=78.18 dev=+0.00 injected=0.0
[charge_scheduler-1] [INFO] [1785235687.088688419] [charge_scheduler]: [执行事件] loop=closed plan_v=0 C2 type=target_service target=1 station_ord=0 planned_finish=103.39 actual_finish=103.39 dev=+0.00 injected=0.0
[charge_scheduler-1] [INFO] [1785235687.088699488] [charge_scheduler]: [执行事件] loop=closed plan_v=0 C1 type=target_service target=11 station_ord=0 planned_finish=106.60 actual_finish=106.60 dev=+0.00 injected=0.0
[charge_scheduler-1] [INFO] [1785235687.088710586] [charge_scheduler]: [执行事件] loop=closed plan_v=0 C2 type=station_turnaround target=-1 station_ord=1 planned_finish=115.81 actual_finish=130.81 dev=+15.00 injected=15.0
[charge_scheduler-1] [WARN] [1785235687.836441154] [charge_scheduler]: [重调度事件] #1 t=130.81min trigger=C2/station_turnaround dev=+15.00 pool=11 committed=0 plan_v=1 solve_ms=747.7 changed_assign=5 changed_order=7
[charge_scheduler-1] [INFO] [1785235687.836508542] [charge_scheduler]: [执行事件] loop=closed plan_v=0 C1 type=station_turnaround target=-1 station_ord=1 planned_finish=119.08 actual_finish=134.08 dev=+15.00 injected=15.0
[charge_scheduler-1] [WARN] [1785235688.423131446] [charge_scheduler]: [重调度事件] #2 t=134.08min trigger=C1/station_turnaround dev=+15.00 pool=10 committed=1 plan_v=2 solve_ms=586.6 changed_assign=3 changed_order=6
[charge_scheduler-1] [INFO] [1785235688.423200808] [charge_scheduler]: [执行事件] loop=closed plan_v=2 C1 type=target_service target=18 station_ord=0 planned_finish=161.21 actual_finish=161.21 dev=+0.00 injected=0.0
[charge_scheduler-1] [INFO] [1785235688.423215877] [charge_scheduler]: [执行事件] loop=closed plan_v=1 C2 type=target_service target=0 station_ord=0 planned_finish=163.84 actual_finish=163.84 dev=+0.00 injected=0.0
[charge_scheduler-1] [INFO] [1785235688.423226120] [charge_scheduler]: [执行事件] loop=closed plan_v=2 C2 type=target_service target=16 station_ord=0 planned_finish=199.54 actual_finish=199.54 dev=+0.00 injected=0.0
[charge_scheduler-1] [INFO] [1785235688.423234994] [charge_scheduler]: [执行事件] loop=closed plan_v=2 C1 type=target_service target=6 station_ord=0 planned_finish=204.56 actual_finish=204.56 dev=+0.00 injected=0.0
[charge_scheduler-1] [INFO] [1785235688.423244195] [charge_scheduler]: [执行事件] loop=closed plan_v=2 C2 type=target_service target=13 station_ord=0 planned_finish=237.04 actual_finish=237.04 dev=+0.00 injected=0.0
[charge_scheduler-1] [INFO] [1785235688.423253856] [charge_scheduler]: [执行事件] loop=closed plan_v=2 C1 type=target_service target=10 station_ord=0 planned_finish=243.43 actual_finish=243.43 dev=+0.00 injected=0.0
[charge_scheduler-1] [INFO] [1785235688.423262729] [charge_scheduler]: [执行事件] loop=closed plan_v=2 C2 type=station_turnaround target=-1 station_ord=2 planned_finish=251.04 actual_finish=251.04 dev=+0.00 injected=0.0
[charge_scheduler-1] [INFO] [1785235688.423303896] [charge_scheduler]: [执行事件] loop=closed plan_v=2 C1 type=station_turnaround target=-1 station_ord=2 planned_finish=255.08 actual_finish=255.08 dev=+0.00 injected=0.0
[charge_scheduler-1] [INFO] [1785235688.423313520] [charge_scheduler]: [执行事件] loop=closed plan_v=2 C2 type=target_service target=19 station_ord=0 planned_finish=289.71 actual_finish=289.71 dev=+0.00 injected=0.0
[charge_scheduler-1] [INFO] [1785235688.423322949] [charge_scheduler]: [执行事件] loop=closed plan_v=2 C1 type=target_service target=2 station_ord=0 planned_finish=298.05 actual_finish=298.05 dev=+0.00 injected=0.0
[charge_scheduler-1] [INFO] [1785235688.423332023] [charge_scheduler]: [执行事件] loop=closed plan_v=2 C2 type=target_service target=5 station_ord=0 planned_finish=333.77 actual_finish=333.77 dev=+0.00 injected=0.0
[charge_scheduler-1] [INFO] [1785235688.423343320] [charge_scheduler]: [执行事件] loop=closed plan_v=2 C1 type=target_service target=14 station_ord=0 planned_finish=343.51 actual_finish=343.51 dev=+0.00 injected=0.0
[charge_scheduler-1] [INFO] [1785235688.423352283] [charge_scheduler]: [执行事件] loop=closed plan_v=2 C2 type=station_turnaround target=-1 station_ord=3 planned_finish=346.20 actual_finish=346.20 dev=+0.00 injected=0.0
[charge_scheduler-1] [INFO] [1785235688.423361479] [charge_scheduler]: [执行事件] loop=closed plan_v=2 C1 type=final_return target=-1 station_ord=0 planned_finish=347.27 actual_finish=347.27 dev=+0.00 injected=0.0
[charge_scheduler-1] [INFO] [1785235688.423370376] [charge_scheduler]: [执行事件] loop=closed plan_v=2 C2 type=target_service target=17 station_ord=0 planned_finish=392.86 actual_finish=392.86 dev=+0.00 injected=0.0
[charge_scheduler-1] [INFO] [1785235688.423379162] [charge_scheduler]: [执行事件] loop=closed plan_v=2 C2 type=final_return target=-1 station_ord=0 planned_finish=395.65 actual_finish=395.65 dev=+0.00 injected=0.0
[charge_scheduler-1] [INFO] [1785235688.423394124] [charge_scheduler]: ★闭环实验结果 mode=open M=20 K=2 disturbance=station delay=15.0 seed=2 N_late=9 T_overtime=227.658 C_total=3956.754 makespan=394.251 served=20 energy_viol=2 reschedules=0 reschedule_ms=0.000 changed_assign=0 changed_order=0 applied_target=0 applied_station=2 initial_solve_ms=15324.000
[charge_scheduler-1] [INFO] [1785235688.423410381] [charge_scheduler]: ★闭环实验结果 mode=closed M=20 K=2 disturbance=station delay=15.0 seed=2 N_late=5 T_overtime=292.383 C_total=3796.211 makespan=395.647 served=20 energy_viol=0 reschedules=2 reschedule_ms=1334.258 changed_assign=8 changed_order=13 applied_target=0 applied_station=2 initial_solve_ms=15324.000
[charge_scheduler-1] [INFO] [1785235688.423423180] [charge_scheduler]: ★闭环实验收益 M=20 K=2 disturbance=station delay=15.0 seed=2 recovered_late=4 overtime_reduction=-64.726 distance_delta=-160.544 makespan_reduction=-1.397
[WARNING] [launch]: user interrupted with ctrl-c (SIGINT)
[WARNING] [launch]: user interrupted with ctrl-c (SIGINT) again, ignoring...
[INFO] [charge_scheduler-1]: sending signal 'SIGINT' to process[charge_scheduler-1]
[charge_scheduler-1] [INFO] [1785235688.448645068] [rclcpp]: signal_handler(signum=2)
[ERROR] [charge_scheduler-1]: process has died [pid 13835, exit code -2, cmd '/home/yy/controller/shared_dir/Comprehensive_Road_Testing/install/task_planner/lib/task_planner/charge_scheduler --ros-args -r __node:=charge_scheduler --params-file /home/yy/controller/shared_dir/Comprehensive_Road_Testing/install/task_planner/share/task_planner/config/charge_scheduler.param.yaml'].
