[INFO] [launch]: All log files can be found below /root/.ros/log/2026-07-28-12-09-11-341841-YYYY-24982
[INFO] [launch]: Default logging verbosity is set to INFO
[INFO] [charge_scheduler-1]: process started with pid [24985]
[charge_scheduler-1] [INFO] [1785240551.519009622] [charge_scheduler]: [Scheduler] 30辆车 | 电池800.0kWh(20%=160.0 80%=640.0) | 充电360kW效率97% | 行驶0.6kWh/km | 桩350kW
[charge_scheduler-1] [INFO] [1785240551.519190773] [charge_scheduler]: [Scheduler] 站端周转: 换电 10 min(换后满电) | 单趟可用 640 kWh
[charge_scheduler-1] [INFO] [1785240551.519212685] [charge_scheduler]:   车#0 [电动装载机282|light] 位置(-47.3,-2.6) 容量282kWh 剩余35% | α=6→6min/% τ=168min → 需130.8kWh(充21.2min)
[charge_scheduler-1] [INFO] [1785240551.519231140] [charge_scheduler]:   车#1 [重型叉车|light] 位置(-44.0,-64.1) 容量200kWh 剩余20% | α=6→6min/% τ=96min → 需123.7kWh(充20.0min)
[charge_scheduler-1] [INFO] [1785240551.519248054] [charge_scheduler]:   车#2 [电动装载机350|light] 位置(-51.1,-38.8) 容量350kWh 剩余50% | α=6→6min/% τ=288min → 需108.2kWh(充17.5min)
[charge_scheduler-1] [INFO] [1785240551.519261232] [charge_scheduler]:   车#3 [重型叉车|light] 位置(-71.0,-19.0) 容量200kWh 剩余10% | α=6→6min/% τ=32min → 需144.3kWh(充23.3min)
[charge_scheduler-1] [INFO] [1785240551.519276080] [charge_scheduler]:   车#4 [电动装载机282|heavy→降级] 位置(-93.3,6.6) 容量282kWh 剩余60% | α=3→6min/% τ=212min → 需58.1kWh(充9.4min)
[charge_scheduler-1] [INFO] [1785240551.519290683] [charge_scheduler]:   车#5 [电动装载机350|light] 位置(-104.4,47.7) 容量350kWh 剩余25% | α=6→6min/% τ=128min → 需198.5kWh(充32.1min)
[charge_scheduler-1] [INFO] [1785240551.519304719] [charge_scheduler]:   车#6 [电动装载机350|heavy→降级] 位置(-37.0,-75.1) 容量350kWh 剩余40% | α=4→6min/% τ=176min → 需144.3kWh(充23.3min)
[charge_scheduler-1] [INFO] [1785240551.519317858] [charge_scheduler]:   车#7 [重型叉车|light] 位置(-88.8,-37.1) 容量200kWh 剩余15% | α=6→6min/% τ=64min → 需134.0kWh(充21.7min)
[charge_scheduler-1] [INFO] [1785240551.519330166] [charge_scheduler]:   车#8 [电动装载机282|heavy→降级] 位置(-70.9,27.7) 容量282kWh 剩余55% | α=3→6min/% τ=196min → 需72.7kWh(充11.8min)
[charge_scheduler-1] [INFO] [1785240551.519343546] [charge_scheduler]:   车#9 [电动装载机282|heavy→降级] 位置(-35.4,-47.4) 容量282kWh 剩余30% | α=3→6min/% τ=116min → 需145.4kWh(充23.5min)
[charge_scheduler-1] [INFO] [1785240551.519356120] [charge_scheduler]:   车#10 [电动装载机282|light] 位置(-100.0,-1.0) 容量282kWh 剩余45% | α=6→6min/% τ=224min → 需101.8kWh(充16.4min)
[charge_scheduler-1] [INFO] [1785240551.519368685] [charge_scheduler]:   车#11 [电动装载机350|light] 位置(-72.8,-15.6) 容量350kWh 剩余18% | α=6→6min/% τ=83min → 需223.7kWh(充36.2min)
[charge_scheduler-1] [INFO] [1785240551.519381368] [charge_scheduler]:   车#12 [重型叉车|heavy→降级] 位置(-61.7,-20.7) 容量200kWh 剩余62% | α=3→6min/% τ=230min → 需37.1kWh(充6.0min)
[charge_scheduler-1] [INFO] [1785240551.519393762] [charge_scheduler]:   车#13 [电动装载机282|light] 位置(-133.0,-25.3) 容量282kWh 剩余28% | α=6→6min/% τ=129min → 需151.2kWh(充24.4min)
[charge_scheduler-1] [INFO] [1785240551.519406065] [charge_scheduler]:   车#14 [电动装载机350|light] 位置(-132.0,-8.9) 容量350kWh 剩余52% | α=6→6min/% τ=301min → 需101.0kWh(充16.3min)
[charge_scheduler-1] [INFO] [1785240551.519418037] [charge_scheduler]:   车#15 [重型叉车|light] 位置(-120.0,7.9) 容量200kWh 剩余12% | α=6→6min/% τ=45min → 需140.2kWh(充22.7min)
[charge_scheduler-1] [INFO] [1785240551.519430962] [charge_scheduler]:   车#16 [电动装载机282|light] 位置(-43.8,-82.9) 容量282kWh 剩余38% | α=6→6min/% τ=185min → 需122.1kWh(充19.7min)
[charge_scheduler-1] [INFO] [1785240551.519442920] [charge_scheduler]:   车#17 [电动装载机350|light] 位置(-31.1,-74.7) 容量350kWh 剩余58% | α=6→6min/% τ=339min → 需79.4kWh(充12.8min)
[charge_scheduler-1] [INFO] [1785240551.519456704] [charge_scheduler]:   车#18 [重型叉车|heavy→降级] 位置(-75.4,-68.2) 容量200kWh 剩余22% | α=3→6min/% τ=102min → 需119.6kWh(充19.3min)
[charge_scheduler-1] [INFO] [1785240551.519469045] [charge_scheduler]:   车#19 [电动装载机282|light] 位置(-88.2,47.1) 容量282kWh 剩余48% | α=6→6min/% τ=241min → 需93.0kWh(充15.0min)
[charge_scheduler-1] [INFO] [1785240551.519481673] [charge_scheduler]:   车#20 [电动装载机350|light] 位置(-71.4,16.3) 容量350kWh 剩余33% | α=6→6min/% τ=179min → 需169.6kWh(充27.4min)
[charge_scheduler-1] [INFO] [1785240551.519745074] [charge_scheduler]:   车#21 [重型叉车|heavy→降级] 位置(-122.0,-0.6) 容量200kWh 剩余65% | α=3→6min/% τ=240min → 需30.9kWh(充5.0min)
[charge_scheduler-1] [INFO] [1785240551.519775643] [charge_scheduler]:   车#22 [电动装载机282|light] 位置(-71.6,11.6) 容量282kWh 剩余16% | α=6→6min/% τ=62min → 需186.1kWh(充30.1min)
[charge_scheduler-1] [INFO] [1785240551.519791210] [charge_scheduler]:   车#23 [电动装载机350|light] 位置(-131.0,37.2) 容量350kWh 剩余42% | α=6→6min/% τ=237min → 需137.1kWh(充22.2min)
[charge_scheduler-1] [INFO] [1785240551.519805499] [charge_scheduler]:   车#24 [重型叉车|heavy→降级] 位置(-51.3,5.9) 容量200kWh 剩余25% | α=3→6min/% τ=112min → 需113.4kWh(充18.3min)
[charge_scheduler-1] [INFO] [1785240551.519818446] [charge_scheduler]:   车#25 [电动装载机282|light] 位置(-62.2,-10.7) 容量282kWh 剩余55% | α=6→6min/% τ=280min → 需72.7kWh(充11.8min)
[charge_scheduler-1] [INFO] [1785240551.519839305] [charge_scheduler]:   车#26 [电动装载机350|light] 位置(-116.0,60.4) 容量350kWh 剩余30% | α=6→6min/% τ=160min → 需180.4kWh(充29.2min)
[charge_scheduler-1] [INFO] [1785240551.519852084] [charge_scheduler]:   车#27 [重型叉车|heavy→降级] 位置(-90.4,60.5) 容量200kWh 剩余68% | α=3→6min/% τ=250min → 需24.7kWh(充4.0min)
[charge_scheduler-1] [INFO] [1785240551.519864464] [charge_scheduler]:   车#28 [电动装载机282|light] 位置(-85.5,-46.0) 容量282kWh 剩余20% | α=6→6min/% τ=84min → 需174.4kWh(充28.2min)
[charge_scheduler-1] [INFO] [1785240551.519876983] [charge_scheduler]:   车#29 [电动装载机350|light] 位置(-87.0,-36.6) 容量350kWh 剩余36% | α=6→6min/% τ=198min → 需158.8kWh(充25.7min)
[charge_scheduler-1] [INFO] [1785240551.530998849] [charge_scheduler]: [Scheduler] 闭环接口: threshold=10.0min | event_sim=on | structured_feedback=optional (/task_planner/execution_event)
[charge_scheduler-1] [INFO] [1785240551.531065524] [charge_scheduler]: [Scheduler] 已启动, 等待地图...
[charge_scheduler-1] [INFO] [1785240551.603497559] [charge_scheduler]: [Scheduler] RoutingGraph 就绪
[charge_scheduler-1] [INFO] [1785240551.604055113] [charge_scheduler]: [Scheduler] 提取到 6 条虚线捷径
[charge_scheduler-1] [INFO] [1785240551.622538870] [charge_scheduler]: [Scheduler] 下层兼容增强图: 166 节点, 6 条虚线掉头边
[charge_scheduler-1] [INFO] [1785240560.436066020] [charge_scheduler]: [Scheduler] 距离矩阵完成 31x31, 8813.4 ms | 模式=maneuver | 真实不可达=0 抽象不可达=0 | 缺少对向投影节点=0
[charge_scheduler-1] [INFO] [1785240560.436172831] [charge_scheduler]:   ✓ 比值自检：930 个 OD 满足 机动/直线≥1 | 均值=2.97 最大=42.81 (车#15→车#21)
[charge_scheduler-1] [INFO] [1785240560.436188179] [charge_scheduler]: [Scheduler] 地图就绪, 166 条 lanelet（与下层一致）
[charge_scheduler-1] [INFO] [1785240560.436240039] [charge_scheduler]: ======== 开始VRPTW调度 30 辆车 ========
[charge_scheduler-1] [INFO] [1785240560.436249394] [charge_scheduler]:   规模30>8 → 启发式(alns)
[charge_scheduler-1] [INFO] [1785240619.842472052] [charge_scheduler]: [ALNS] seed=7 iters=15000 | N_late=3(成功率90.0%) T_overtime=207.9min C_total=5693.5m | 趟数=11 makespan=385.6min
[charge_scheduler-1] [INFO] [1785240619.842558013] [charge_scheduler]:   求解耗时 59406.3 ms
[charge_scheduler-1] [INFO] [1785240619.842570388] [charge_scheduler]: ════════ 调度结果 ════════
[charge_scheduler-1] [INFO] [1785240619.842581981] [charge_scheduler]:   ★目标(字典序): ① N_late=3 辆 (按时成功率 27/30 = 90.0%)  ② T_overtime=207.9min  ③ C_total=5693.5m
[charge_scheduler-1] [INFO] [1785240619.842592017] [charge_scheduler]:   附: 趟数=11 | makespan=385.6min | 能量可行=是
[charge_scheduler-1] [INFO] [1785240619.842610803] [charge_scheduler]:   [充电车3] 趟1: 站 → 车#8(到4.0/限196.0✓) → 车#22(到16.7/限61.6✓) → 车#7(到49.3/限64.0✓) → 车#1(到74.6/限96.0✓) → 站
[charge_scheduler-1] [INFO] [1785240619.842618992] [charge_scheduler]:   [充电车2] 趟2: 站 → 车#4(到1.4/限212.0✓) → 车#15(到11.5/限44.8✓) → 车#28(到36.6/限84.0✓) → 车#13(到69.0/限128.8✓) → 站
[charge_scheduler-1] [INFO] [1785240619.842633709] [charge_scheduler]:   [充电车1] 趟3: 站 → 车#12(到2.3/限230.4✓) → 车#21(到11.8/限240.0✓) → 车#3(到19.2/限32.0✓) → 车#11(到43.7/限83.2✓) → 车#18(到84.8/限102.4✓) → 站
[charge_scheduler-1] [INFO] [1785240619.842677752] [charge_scheduler]:   [充电车1] 趟4: 站 → 车#5(到124.8/限128.0✓) → 车#20(到169.4/限179.2✓) → 站
[charge_scheduler-1] [INFO] [1785240619.842686326] [charge_scheduler]:   [充电车3] 趟5: 站 → 车#24(到111.8/限112.0✓) → 车#26(到138.5/限160.0✓) → 车#16(到184.0/限184.8✓) → 站
[charge_scheduler-1] [INFO] [1785240619.842693662] [charge_scheduler]:   [充电车2] 趟6: 站 → 车#9(到115.4/限116.0✓) → 车#0(到152.1/限168.0✓) → 车#19(到188.9/限240.8✓) → 站
[charge_scheduler-1] [INFO] [1785240619.842700311] [charge_scheduler]:   [充电车1] 趟7: 站 → 车#6(到226.5/限176.0✗超时) → 车#25(到271.7/限280.0✓) → 站
[charge_scheduler-1] [INFO] [1785240619.842706757] [charge_scheduler]:   [充电车2] 趟8: 站 → 车#23(到234.6/限236.8✓) → 车#2(到281.1/限288.0✓) → 站
[charge_scheduler-1] [INFO] [1785240619.842712639] [charge_scheduler]:   [充电车1] 趟9: 站 → 车#29(到319.5/限198.4✗超时) → 站
[charge_scheduler-1] [INFO] [1785240619.842719142] [charge_scheduler]:   [充电车2] 趟10: 站 → 车#17(到339.1/限339.2✓) → 站
[charge_scheduler-1] [INFO] [1785240619.842726380] [charge_scheduler]:   [充电车3] 趟11: 站 → 车#27(到234.1/限249.6✓) → 车#10(到260.4/限224.0✗超时) → 车#14(到298.2/限300.8✓) → 站
[charge_scheduler-1] [INFO] [1785240619.842731105] [charge_scheduler]: ════════════════════════
[charge_scheduler-1] [INFO] [1785240619.842807988] [charge_scheduler]: [扰动清单] type=station delay=30.0min targets={} station={C2-S1,C3-S1,}
[charge_scheduler-1] [INFO] [1785240619.842828919] [charge_scheduler]: [执行事件] loop=open plan_v=0 C1 type=target_service target=12 station_ord=0 planned_finish=8.58 actual_finish=8.58 dev=+0.00 injected=0.0
[charge_scheduler-1] [INFO] [1785240619.842839302] [charge_scheduler]: [执行事件] loop=open plan_v=0 C2 type=target_service target=4 station_ord=0 planned_finish=11.04 actual_finish=11.04 dev=+0.00 injected=0.0
[charge_scheduler-1] [INFO] [1785240619.842848007] [charge_scheduler]: [执行事件] loop=open plan_v=0 C3 type=target_service target=8 station_ord=0 planned_finish=16.35 actual_finish=16.35 dev=+0.00 injected=0.0
[charge_scheduler-1] [INFO] [1785240619.842855941] [charge_scheduler]: [执行事件] loop=open plan_v=0 C1 type=target_service target=21 station_ord=0 planned_finish=18.07 actual_finish=18.07 dev=+0.00 injected=0.0
[charge_scheduler-1] [INFO] [1785240619.842863877] [charge_scheduler]: [执行事件] loop=open plan_v=0 C2 type=target_service target=15 station_ord=0 planned_finish=34.81 actual_finish=34.81 dev=+0.00 injected=0.0
[charge_scheduler-1] [INFO] [1785240619.842871701] [charge_scheduler]: [执行事件] loop=open plan_v=0 C1 type=target_service target=3 station_ord=0 planned_finish=43.54 actual_finish=43.54 dev=+0.00 injected=0.0
[charge_scheduler-1] [INFO] [1785240619.842880517] [charge_scheduler]: [执行事件] loop=open plan_v=0 C3 type=target_service target=22 station_ord=0 planned_finish=48.17 actual_finish=48.17 dev=+0.00 injected=0.0
[charge_scheduler-1] [INFO] [1785240619.842888564] [charge_scheduler]: [执行事件] loop=open plan_v=0 C2 type=target_service target=28 station_ord=0 planned_finish=67.89 actual_finish=67.89 dev=+0.00 injected=0.0
[charge_scheduler-1] [INFO] [1785240619.842895771] [charge_scheduler]: [执行事件] loop=open plan_v=0 C3 type=target_service target=7 station_ord=0 planned_finish=73.54 actual_finish=73.54 dev=+0.00 injected=0.0
[charge_scheduler-1] [INFO] [1785240619.842903038] [charge_scheduler]: [执行事件] loop=open plan_v=0 C1 type=target_service target=11 station_ord=0 planned_finish=83.81 actual_finish=83.81 dev=+0.00 injected=0.0
[charge_scheduler-1] [INFO] [1785240619.842909998] [charge_scheduler]: [执行事件] loop=open plan_v=0 C3 type=target_service target=1 station_ord=0 planned_finish=98.51 actual_finish=98.51 dev=+0.00 injected=0.0
[charge_scheduler-1] [INFO] [1785240619.842919614] [charge_scheduler]: [执行事件] loop=open plan_v=0 C2 type=target_service target=13 station_ord=0 planned_finish=99.25 actual_finish=99.25 dev=+0.00 injected=0.0
[charge_scheduler-1] [INFO] [1785240619.842926657] [charge_scheduler]: [执行事件] loop=open plan_v=0 C1 type=target_service target=18 station_ord=0 planned_finish=108.84 actual_finish=108.84 dev=+0.00 injected=0.0
[charge_scheduler-1] [INFO] [1785240619.842933874] [charge_scheduler]: [执行事件] loop=open plan_v=0 C1 type=station_turnaround target=-1 station_ord=1 planned_finish=121.65 actual_finish=121.65 dev=+0.00 injected=0.0
[charge_scheduler-1] [INFO] [1785240619.842945249] [charge_scheduler]: [执行事件] loop=open plan_v=0 C3 type=station_turnaround target=-1 station_ord=1 planned_finish=110.93 actual_finish=140.93 dev=+30.00 injected=30.0
[charge_scheduler-1] [INFO] [1785240619.842952797] [charge_scheduler]: [执行事件] loop=open plan_v=0 C2 type=station_turnaround target=-1 station_ord=1 planned_finish=113.25 actual_finish=143.25 dev=+30.00 injected=30.0
[charge_scheduler-1] [INFO] [1785240619.842961146] [charge_scheduler]: [执行事件] loop=open plan_v=0 C3 type=target_service target=24 station_ord=0 planned_finish=136.74 actual_finish=166.75 dev=+30.01 injected=0.0
[charge_scheduler-1] [INFO] [1785240619.842968577] [charge_scheduler]: [执行事件] loop=open plan_v=0 C1 type=target_service target=5 station_ord=0 planned_finish=168.28 actual_finish=168.28 dev=+0.00 injected=0.0
[charge_scheduler-1] [INFO] [1785240619.842974798] [charge_scheduler]: [执行事件] loop=open plan_v=0 C2 type=target_service target=9 station_ord=0 planned_finish=150.63 actual_finish=180.68 dev=+30.05 injected=0.0
[charge_scheduler-1] [INFO] [1785240619.842980996] [charge_scheduler]: [执行事件] loop=open plan_v=0 C1 type=target_service target=20 station_ord=0 planned_finish=212.27 actual_finish=212.27 dev=+0.00 injected=0.0
[charge_scheduler-1] [INFO] [1785240619.842987085] [charge_scheduler]: [执行事件] loop=open plan_v=0 C3 type=target_service target=26 station_ord=0 planned_finish=180.32 actual_finish=212.29 dev=+31.97 injected=0.0
[charge_scheduler-1] [INFO] [1785240619.842993320] [charge_scheduler]: [执行事件] loop=open plan_v=0 C2 type=target_service target=0 station_ord=0 planned_finish=186.06 actual_finish=217.44 dev=+31.38 injected=0.0
[charge_scheduler-1] [INFO] [1785240619.842999701] [charge_scheduler]: [执行事件] loop=open plan_v=0 C1 type=station_turnaround target=-1 station_ord=2 planned_finish=223.67 actual_finish=223.67 dev=+0.00 injected=0.0
[charge_scheduler-1] [INFO] [1785240619.843005767] [charge_scheduler]: [执行事件] loop=open plan_v=0 C3 type=target_service target=16 station_ord=0 planned_finish=219.21 actual_finish=251.25 dev=+32.03 injected=0.0
[charge_scheduler-1] [INFO] [1785240619.843012184] [charge_scheduler]: [执行事件] loop=open plan_v=0 C2 type=target_service target=19 station_ord=0 planned_finish=219.83 actual_finish=253.84 dev=+34.01 injected=0.0
[charge_scheduler-1] [INFO] [1785240619.843018474] [charge_scheduler]: [执行事件] loop=open plan_v=0 C3 type=station_turnaround target=-1 station_ord=2 planned_finish=231.93 actual_finish=263.96 dev=+32.03 injected=0.0
[charge_scheduler-1] [INFO] [1785240619.843024529] [charge_scheduler]: [执行事件] loop=open plan_v=0 C2 type=station_turnaround target=-1 station_ord=2 planned_finish=232.03 actual_finish=266.04 dev=+34.01 injected=0.0
[charge_scheduler-1] [INFO] [1785240619.843030594] [charge_scheduler]: [执行事件] loop=open plan_v=0 C1 type=target_service target=6 station_ord=0 planned_finish=270.23 actual_finish=270.23 dev=+0.00 injected=0.0
[charge_scheduler-1] [INFO] [1785240619.843036969] [charge_scheduler]: [执行事件] loop=open plan_v=0 C3 type=target_service target=27 station_ord=0 planned_finish=258.26 actual_finish=291.10 dev=+32.84 injected=0.0
[charge_scheduler-1] [INFO] [1785240619.843043338] [charge_scheduler]: [执行事件] loop=open plan_v=0 C1 type=target_service target=25 station_ord=0 planned_finish=306.31 actual_finish=306.31 dev=+0.00 injected=0.0
[charge_scheduler-1] [INFO] [1785240619.843049451] [charge_scheduler]: [执行事件] loop=open plan_v=0 C2 type=target_service target=23 station_ord=0 planned_finish=278.11 actual_finish=312.32 dev=+34.22 injected=0.0
[charge_scheduler-1] [INFO] [1785240619.843055569] [charge_scheduler]: [执行事件] loop=open plan_v=0 C1 type=station_turnaround target=-1 station_ord=3 planned_finish=317.58 actual_finish=317.58 dev=+0.00 injected=0.0
[charge_scheduler-1] [INFO] [1785240619.843061597] [charge_scheduler]: [执行事件] loop=open plan_v=0 C3 type=target_service target=10 station_ord=0 planned_finish=295.64 actual_finish=328.48 dev=+32.84 injected=0.0
[charge_scheduler-1] [INFO] [1785240619.843068081] [charge_scheduler]: [执行事件] loop=open plan_v=0 C2 type=target_service target=2 station_ord=0 planned_finish=324.23 actual_finish=359.07 dev=+34.85 injected=0.0
[charge_scheduler-1] [INFO] [1785240619.843076700] [charge_scheduler]: [执行事件] loop=open plan_v=0 C1 type=target_service target=29 station_ord=0 planned_finish=363.23 actual_finish=363.23 dev=+0.00 injected=0.0
[charge_scheduler-1] [INFO] [1785240619.843082782] [charge_scheduler]: [执行事件] loop=open plan_v=0 C1 type=final_return target=-1 station_ord=0 planned_finish=365.41 actual_finish=365.41 dev=+0.00 injected=0.0
[charge_scheduler-1] [INFO] [1785240619.843088633] [charge_scheduler]: [执行事件] loop=open plan_v=0 C2 type=station_turnaround target=-1 station_ord=3 planned_finish=336.15 actual_finish=371.00 dev=+34.85 injected=0.0
[charge_scheduler-1] [INFO] [1785240619.843095506] [charge_scheduler]: [执行事件] loop=open plan_v=0 C3 type=target_service target=14 station_ord=0 planned_finish=341.68 actual_finish=374.76 dev=+33.08 injected=0.0
[charge_scheduler-1] [INFO] [1785240619.843101603] [charge_scheduler]: [执行事件] loop=open plan_v=0 C3 type=final_return target=-1 station_ord=0 planned_finish=345.44 actual_finish=378.53 dev=+33.08 injected=0.0
[charge_scheduler-1] [INFO] [1785240619.843107610] [charge_scheduler]: [执行事件] loop=open plan_v=0 C2 type=target_service target=17 station_ord=0 planned_finish=382.79 actual_finish=417.65 dev=+34.86 injected=0.0
[charge_scheduler-1] [INFO] [1785240619.843113634] [charge_scheduler]: [执行事件] loop=open plan_v=0 C2 type=final_return target=-1 station_ord=0 planned_finish=385.59 actual_finish=420.45 dev=+34.86 injected=0.0
[charge_scheduler-1] [INFO] [1785240619.843127818] [charge_scheduler]: [执行事件] loop=closed plan_v=0 C1 type=target_service target=12 station_ord=0 planned_finish=8.58 actual_finish=8.58 dev=+0.00 injected=0.0
[charge_scheduler-1] [INFO] [1785240619.843133819] [charge_scheduler]: [执行事件] loop=closed plan_v=0 C2 type=target_service target=4 station_ord=0 planned_finish=11.04 actual_finish=11.04 dev=+0.00 injected=0.0
[charge_scheduler-1] [INFO] [1785240619.843141212] [charge_scheduler]: [执行事件] loop=closed plan_v=0 C3 type=target_service target=8 station_ord=0 planned_finish=16.35 actual_finish=16.35 dev=+0.00 injected=0.0
[charge_scheduler-1] [INFO] [1785240619.843147314] [charge_scheduler]: [执行事件] loop=closed plan_v=0 C1 type=target_service target=21 station_ord=0 planned_finish=18.07 actual_finish=18.07 dev=+0.00 injected=0.0
[charge_scheduler-1] [INFO] [1785240619.843153442] [charge_scheduler]: [执行事件] loop=closed plan_v=0 C2 type=target_service target=15 station_ord=0 planned_finish=34.81 actual_finish=34.81 dev=+0.00 injected=0.0
[charge_scheduler-1] [INFO] [1785240619.843159364] [charge_scheduler]: [执行事件] loop=closed plan_v=0 C1 type=target_service target=3 station_ord=0 planned_finish=43.54 actual_finish=43.54 dev=+0.00 injected=0.0
[charge_scheduler-1] [INFO] [1785240619.843166563] [charge_scheduler]: [执行事件] loop=closed plan_v=0 C3 type=target_service target=22 station_ord=0 planned_finish=48.17 actual_finish=48.17 dev=+0.00 injected=0.0
[charge_scheduler-1] [INFO] [1785240619.843172837] [charge_scheduler]: [执行事件] loop=closed plan_v=0 C2 type=target_service target=28 station_ord=0 planned_finish=67.89 actual_finish=67.89 dev=+0.00 injected=0.0
[charge_scheduler-1] [INFO] [1785240619.843178963] [charge_scheduler]: [执行事件] loop=closed plan_v=0 C3 type=target_service target=7 station_ord=0 planned_finish=73.54 actual_finish=73.54 dev=+0.00 injected=0.0
[charge_scheduler-1] [INFO] [1785240619.843185139] [charge_scheduler]: [执行事件] loop=closed plan_v=0 C1 type=target_service target=11 station_ord=0 planned_finish=83.81 actual_finish=83.81 dev=+0.00 injected=0.0
[charge_scheduler-1] [INFO] [1785240619.843191150] [charge_scheduler]: [执行事件] loop=closed plan_v=0 C3 type=target_service target=1 station_ord=0 planned_finish=98.51 actual_finish=98.51 dev=+0.00 injected=0.0
[charge_scheduler-1] [INFO] [1785240619.843197413] [charge_scheduler]: [执行事件] loop=closed plan_v=0 C2 type=target_service target=13 station_ord=0 planned_finish=99.25 actual_finish=99.25 dev=+0.00 injected=0.0
[charge_scheduler-1] [INFO] [1785240619.843203648] [charge_scheduler]: [执行事件] loop=closed plan_v=0 C1 type=target_service target=18 station_ord=0 planned_finish=108.84 actual_finish=108.84 dev=+0.00 injected=0.0
[charge_scheduler-1] [INFO] [1785240619.843209840] [charge_scheduler]: [执行事件] loop=closed plan_v=0 C1 type=station_turnaround target=-1 station_ord=1 planned_finish=121.65 actual_finish=121.65 dev=+0.00 injected=0.0
[charge_scheduler-1] [INFO] [1785240619.843218013] [charge_scheduler]: [执行事件] loop=closed plan_v=0 C3 type=station_turnaround target=-1 station_ord=1 planned_finish=110.93 actual_finish=140.93 dev=+30.00 injected=30.0
[charge_scheduler-1] [WARN] [1785240625.498501888] [charge_scheduler]: [重调度事件] #1 t=140.93min trigger=C3/station_turnaround dev=+30.00 pool=16 committed=1 plan_v=1 solve_ms=5655.2 changed_assign=7 changed_order=14
[charge_scheduler-1] [INFO] [1785240625.498572945] [charge_scheduler]: [执行事件] loop=closed plan_v=0 C2 type=station_turnaround target=-1 station_ord=1 planned_finish=113.25 actual_finish=143.25 dev=+30.00 injected=30.0
[charge_scheduler-1] [WARN] [1785240629.317730816] [charge_scheduler]: [重调度事件] #2 t=143.25min trigger=C2/station_turnaround dev=+30.00 pool=15 committed=2 plan_v=2 solve_ms=3819.1 changed_assign=6 changed_order=10
[charge_scheduler-1] [INFO] [1785240629.317794412] [charge_scheduler]: [执行事件] loop=closed plan_v=1 C3 type=target_service target=24 station_ord=0 planned_finish=166.75 actual_finish=166.75 dev=+0.00 injected=0.0
[charge_scheduler-1] [INFO] [1785240629.317809354] [charge_scheduler]: [执行事件] loop=closed plan_v=0 C1 type=target_service target=5 station_ord=0 planned_finish=168.28 actual_finish=168.28 dev=+0.00 injected=0.0
[charge_scheduler-1] [INFO] [1785240629.317819977] [charge_scheduler]: [执行事件] loop=closed plan_v=2 C2 type=target_service target=9 station_ord=0 planned_finish=180.68 actual_finish=180.68 dev=+0.00 injected=0.0
[charge_scheduler-1] [INFO] [1785240629.317829644] [charge_scheduler]: [执行事件] loop=closed plan_v=2 C3 type=target_service target=0 station_ord=0 planned_finish=202.20 actual_finish=202.20 dev=+0.00 injected=0.0
[charge_scheduler-1] [INFO] [1785240629.317839267] [charge_scheduler]: [执行事件] loop=closed plan_v=2 C1 type=target_service target=20 station_ord=0 planned_finish=212.27 actual_finish=212.27 dev=+0.00 injected=0.0
[charge_scheduler-1] [INFO] [1785240629.317850106] [charge_scheduler]: [执行事件] loop=closed plan_v=2 C2 type=target_service target=16 station_ord=0 planned_finish=216.92 actual_finish=216.92 dev=+0.00 injected=0.0
[charge_scheduler-1] [INFO] [1785240629.317859490] [charge_scheduler]: [执行事件] loop=closed plan_v=2 C1 type=station_turnaround target=-1 station_ord=2 planned_finish=223.67 actual_finish=223.67 dev=+0.00 injected=0.0
[charge_scheduler-1] [INFO] [1785240629.317869018] [charge_scheduler]: [执行事件] loop=closed plan_v=2 C2 type=station_turnaround target=-1 station_ord=2 planned_finish=229.64 actual_finish=229.64 dev=+0.00 injected=0.0
[charge_scheduler-1] [INFO] [1785240629.317878948] [charge_scheduler]: [执行事件] loop=closed plan_v=2 C3 type=target_service target=10 station_ord=0 planned_finish=239.51 actual_finish=239.51 dev=+0.00 injected=0.0
[charge_scheduler-1] [INFO] [1785240629.317887494] [charge_scheduler]: [执行事件] loop=closed plan_v=2 C3 type=station_turnaround target=-1 station_ord=2 planned_finish=251.16 actual_finish=251.16 dev=+0.00 injected=0.0
[charge_scheduler-1] [INFO] [1785240629.317896281] [charge_scheduler]: [执行事件] loop=closed plan_v=2 C1 type=target_service target=19 station_ord=0 planned_finish=261.18 actual_finish=261.18 dev=+0.00 injected=0.0
[charge_scheduler-1] [INFO] [1785240629.317905244] [charge_scheduler]: [执行事件] loop=closed plan_v=2 C2 type=target_service target=23 station_ord=0 planned_finish=275.50 actual_finish=275.50 dev=+0.00 injected=0.0
[charge_scheduler-1] [INFO] [1785240629.317914569] [charge_scheduler]: [执行事件] loop=closed plan_v=2 C1 type=target_service target=27 station_ord=0 planned_finish=288.82 actual_finish=288.82 dev=+0.00 injected=0.0
[charge_scheduler-1] [INFO] [1785240629.317927721] [charge_scheduler]: [执行事件] loop=closed plan_v=2 C3 type=target_service target=26 station_ord=0 planned_finish=297.44 actual_finish=297.44 dev=+0.00 injected=0.0
[charge_scheduler-1] [INFO] [1785240629.317935952] [charge_scheduler]: [执行事件] loop=closed plan_v=2 C2 type=target_service target=2 station_ord=0 planned_finish=321.38 actual_finish=321.38 dev=+0.00 injected=0.0
[charge_scheduler-1] [INFO] [1785240629.317944108] [charge_scheduler]: [执行事件] loop=closed plan_v=2 C1 type=target_service target=25 station_ord=0 planned_finish=327.89 actual_finish=327.89 dev=+0.00 injected=0.0
[charge_scheduler-1] [INFO] [1785240629.317951955] [charge_scheduler]: [执行事件] loop=closed plan_v=2 C2 type=station_turnaround target=-1 station_ord=3 planned_finish=333.31 actual_finish=333.31 dev=+0.00 injected=0.0
[charge_scheduler-1] [INFO] [1785240629.317995740] [charge_scheduler]: [执行事件] loop=closed plan_v=2 C1 type=station_turnaround target=-1 station_ord=3 planned_finish=339.16 actual_finish=339.16 dev=+0.00 injected=0.0
[charge_scheduler-1] [INFO] [1785240629.318004186] [charge_scheduler]: [执行事件] loop=closed plan_v=2 C3 type=target_service target=14 station_ord=0 planned_finish=343.84 actual_finish=343.84 dev=+0.00 injected=0.0
[charge_scheduler-1] [INFO] [1785240629.318012230] [charge_scheduler]: [执行事件] loop=closed plan_v=2 C3 type=station_turnaround target=-1 station_ord=3 planned_finish=357.61 actual_finish=357.61 dev=+0.00 injected=0.0
[charge_scheduler-1] [INFO] [1785240629.318020283] [charge_scheduler]: [执行事件] loop=closed plan_v=2 C2 type=target_service target=17 station_ord=0 planned_finish=379.69 actual_finish=379.69 dev=+0.00 injected=0.0
[charge_scheduler-1] [INFO] [1785240629.318028022] [charge_scheduler]: [执行事件] loop=closed plan_v=2 C2 type=final_return target=-1 station_ord=0 planned_finish=382.48 actual_finish=382.48 dev=+0.00 injected=0.0
[charge_scheduler-1] [INFO] [1785240629.318038800] [charge_scheduler]: [执行事件] loop=closed plan_v=2 C1 type=target_service target=6 station_ord=0 planned_finish=385.72 actual_finish=385.72 dev=+0.00 injected=0.0
[charge_scheduler-1] [INFO] [1785240629.318045983] [charge_scheduler]: [执行事件] loop=closed plan_v=2 C1 type=final_return target=-1 station_ord=0 planned_finish=388.42 actual_finish=388.42 dev=+0.00 injected=0.0
[charge_scheduler-1] [INFO] [1785240629.318053212] [charge_scheduler]: [执行事件] loop=closed plan_v=2 C3 type=target_service target=29 station_ord=0 planned_finish=403.25 actual_finish=403.25 dev=+0.00 injected=0.0
[charge_scheduler-1] [INFO] [1785240629.318060505] [charge_scheduler]: [执行事件] loop=closed plan_v=2 C3 type=final_return target=-1 station_ord=0 planned_finish=405.43 actual_finish=405.43 dev=+0.00 injected=0.0
[charge_scheduler-1] [INFO] [1785240629.318074168] [charge_scheduler]: ★闭环实验结果 mode=open M=30 K=3 disturbance=station delay=30.0 seed=7 N_late=13 T_overtime=494.406 C_total=5693.504 makespan=420.445 served=30 energy_viol=6 reschedules=0 reschedule_ms=0.000 changed_assign=0 changed_order=0 applied_target=0 applied_station=2 initial_solve_ms=59406.307
[charge_scheduler-1] [INFO] [1785240629.318091307] [charge_scheduler]: ★闭环实验结果 mode=closed M=30 K=3 disturbance=station delay=30.0 seed=7 N_late=7 T_overtime=506.798 C_total=5971.282 makespan=405.431 served=30 energy_viol=0 reschedules=2 reschedule_ms=9474.358 changed_assign=13 changed_order=24 applied_target=0 applied_station=2 initial_solve_ms=59406.307
[charge_scheduler-1] [INFO] [1785240629.318105113] [charge_scheduler]: ★闭环实验收益 M=30 K=3 disturbance=station delay=30.0 seed=7 recovered_late=6 overtime_reduction=-12.392 distance_delta=277.777 makespan_reduction=15.014
[WARNING] [launch]: user interrupted with ctrl-c (SIGINT)
[INFO] [charge_scheduler-1]: sending signal 'SIGINT' to process[charge_scheduler-1]
[charge_scheduler-1] [INFO] [1785240629.408477265] [rclcpp]: signal_handler(signum=2)
[ERROR] [charge_scheduler-1]: process has died [pid 24985, exit code -2, cmd '/home/yy/controller/shared_dir/Comprehensive_Road_Testing/install/task_planner/lib/task_planner/charge_scheduler --ros-args -r __node:=charge_scheduler --params-file /home/yy/controller/shared_dir/Comprehensive_Road_Testing/install/task_planner/share/task_planner/config/charge_scheduler.param.yaml'].
