[INFO] [launch]: All log files can be found below /root/.ros/log/2026-07-28-12-05-17-951323-YYYY-24477
[INFO] [launch]: Default logging verbosity is set to INFO
[INFO] [charge_scheduler-1]: process started with pid [24479]
[charge_scheduler-1] [INFO] [1785240318.125433037] [charge_scheduler]: [Scheduler] 30辆车 | 电池800.0kWh(20%=160.0 80%=640.0) | 充电360kW效率97% | 行驶0.6kWh/km | 桩350kW
[charge_scheduler-1] [INFO] [1785240318.125589753] [charge_scheduler]: [Scheduler] 站端周转: 换电 10 min(换后满电) | 单趟可用 640 kWh
[charge_scheduler-1] [INFO] [1785240318.125612570] [charge_scheduler]:   车#0 [电动装载机282|light] 位置(-47.3,-2.6) 容量282kWh 剩余35% | α=6→6min/% τ=168min → 需130.8kWh(充21.2min)
[charge_scheduler-1] [INFO] [1785240318.125628680] [charge_scheduler]:   车#1 [重型叉车|light] 位置(-44.0,-64.1) 容量200kWh 剩余20% | α=6→6min/% τ=96min → 需123.7kWh(充20.0min)
[charge_scheduler-1] [INFO] [1785240318.125641078] [charge_scheduler]:   车#2 [电动装载机350|light] 位置(-51.1,-38.8) 容量350kWh 剩余50% | α=6→6min/% τ=288min → 需108.2kWh(充17.5min)
[charge_scheduler-1] [INFO] [1785240318.125652929] [charge_scheduler]:   车#3 [重型叉车|light] 位置(-71.0,-19.0) 容量200kWh 剩余10% | α=6→6min/% τ=32min → 需144.3kWh(充23.3min)
[charge_scheduler-1] [INFO] [1785240318.125664968] [charge_scheduler]:   车#4 [电动装载机282|heavy→降级] 位置(-93.3,6.6) 容量282kWh 剩余60% | α=3→6min/% τ=212min → 需58.1kWh(充9.4min)
[charge_scheduler-1] [INFO] [1785240318.125676845] [charge_scheduler]:   车#5 [电动装载机350|light] 位置(-104.4,47.7) 容量350kWh 剩余25% | α=6→6min/% τ=128min → 需198.5kWh(充32.1min)
[charge_scheduler-1] [INFO] [1785240318.125689155] [charge_scheduler]:   车#6 [电动装载机350|heavy→降级] 位置(-37.0,-75.1) 容量350kWh 剩余40% | α=4→6min/% τ=176min → 需144.3kWh(充23.3min)
[charge_scheduler-1] [INFO] [1785240318.125700427] [charge_scheduler]:   车#7 [重型叉车|light] 位置(-88.8,-37.1) 容量200kWh 剩余15% | α=6→6min/% τ=64min → 需134.0kWh(充21.7min)
[charge_scheduler-1] [INFO] [1785240318.125711512] [charge_scheduler]:   车#8 [电动装载机282|heavy→降级] 位置(-70.9,27.7) 容量282kWh 剩余55% | α=3→6min/% τ=196min → 需72.7kWh(充11.8min)
[charge_scheduler-1] [INFO] [1785240318.125722705] [charge_scheduler]:   车#9 [电动装载机282|heavy→降级] 位置(-35.4,-47.4) 容量282kWh 剩余30% | α=3→6min/% τ=116min → 需145.4kWh(充23.5min)
[charge_scheduler-1] [INFO] [1785240318.125734844] [charge_scheduler]:   车#10 [电动装载机282|light] 位置(-100.0,-1.0) 容量282kWh 剩余45% | α=6→6min/% τ=224min → 需101.8kWh(充16.4min)
[charge_scheduler-1] [INFO] [1785240318.125745966] [charge_scheduler]:   车#11 [电动装载机350|light] 位置(-72.8,-15.6) 容量350kWh 剩余18% | α=6→6min/% τ=83min → 需223.7kWh(充36.2min)
[charge_scheduler-1] [INFO] [1785240318.125757353] [charge_scheduler]:   车#12 [重型叉车|heavy→降级] 位置(-61.7,-20.7) 容量200kWh 剩余62% | α=3→6min/% τ=230min → 需37.1kWh(充6.0min)
[charge_scheduler-1] [INFO] [1785240318.125768080] [charge_scheduler]:   车#13 [电动装载机282|light] 位置(-133.0,-25.3) 容量282kWh 剩余28% | α=6→6min/% τ=129min → 需151.2kWh(充24.4min)
[charge_scheduler-1] [INFO] [1785240318.125779703] [charge_scheduler]:   车#14 [电动装载机350|light] 位置(-132.0,-8.9) 容量350kWh 剩余52% | α=6→6min/% τ=301min → 需101.0kWh(充16.3min)
[charge_scheduler-1] [INFO] [1785240318.125791624] [charge_scheduler]:   车#15 [重型叉车|light] 位置(-120.0,7.9) 容量200kWh 剩余12% | α=6→6min/% τ=45min → 需140.2kWh(充22.7min)
[charge_scheduler-1] [INFO] [1785240318.125803192] [charge_scheduler]:   车#16 [电动装载机282|light] 位置(-43.8,-82.9) 容量282kWh 剩余38% | α=6→6min/% τ=185min → 需122.1kWh(充19.7min)
[charge_scheduler-1] [INFO] [1785240318.125815152] [charge_scheduler]:   车#17 [电动装载机350|light] 位置(-31.1,-74.7) 容量350kWh 剩余58% | α=6→6min/% τ=339min → 需79.4kWh(充12.8min)
[charge_scheduler-1] [INFO] [1785240318.125827393] [charge_scheduler]:   车#18 [重型叉车|heavy→降级] 位置(-75.4,-68.2) 容量200kWh 剩余22% | α=3→6min/% τ=102min → 需119.6kWh(充19.3min)
[charge_scheduler-1] [INFO] [1785240318.125838997] [charge_scheduler]:   车#19 [电动装载机282|light] 位置(-88.2,47.1) 容量282kWh 剩余48% | α=6→6min/% τ=241min → 需93.0kWh(充15.0min)
[charge_scheduler-1] [INFO] [1785240318.125849721] [charge_scheduler]:   车#20 [电动装载机350|light] 位置(-71.4,16.3) 容量350kWh 剩余33% | α=6→6min/% τ=179min → 需169.6kWh(充27.4min)
[charge_scheduler-1] [INFO] [1785240318.125906836] [charge_scheduler]:   车#21 [重型叉车|heavy→降级] 位置(-122.0,-0.6) 容量200kWh 剩余65% | α=3→6min/% τ=240min → 需30.9kWh(充5.0min)
[charge_scheduler-1] [INFO] [1785240318.125918695] [charge_scheduler]:   车#22 [电动装载机282|light] 位置(-71.6,11.6) 容量282kWh 剩余16% | α=6→6min/% τ=62min → 需186.1kWh(充30.1min)
[charge_scheduler-1] [INFO] [1785240318.125930217] [charge_scheduler]:   车#23 [电动装载机350|light] 位置(-131.0,37.2) 容量350kWh 剩余42% | α=6→6min/% τ=237min → 需137.1kWh(充22.2min)
[charge_scheduler-1] [INFO] [1785240318.125941894] [charge_scheduler]:   车#24 [重型叉车|heavy→降级] 位置(-51.3,5.9) 容量200kWh 剩余25% | α=3→6min/% τ=112min → 需113.4kWh(充18.3min)
[charge_scheduler-1] [INFO] [1785240318.125962967] [charge_scheduler]:   车#25 [电动装载机282|light] 位置(-62.2,-10.7) 容量282kWh 剩余55% | α=6→6min/% τ=280min → 需72.7kWh(充11.8min)
[charge_scheduler-1] [INFO] [1785240318.125974749] [charge_scheduler]:   车#26 [电动装载机350|light] 位置(-116.0,60.4) 容量350kWh 剩余30% | α=6→6min/% τ=160min → 需180.4kWh(充29.2min)
[charge_scheduler-1] [INFO] [1785240318.125985869] [charge_scheduler]:   车#27 [重型叉车|heavy→降级] 位置(-90.4,60.5) 容量200kWh 剩余68% | α=3→6min/% τ=250min → 需24.7kWh(充4.0min)
[charge_scheduler-1] [INFO] [1785240318.125996863] [charge_scheduler]:   车#28 [电动装载机282|light] 位置(-85.5,-46.0) 容量282kWh 剩余20% | α=6→6min/% τ=84min → 需174.4kWh(充28.2min)
[charge_scheduler-1] [INFO] [1785240318.126009034] [charge_scheduler]:   车#29 [电动装载机350|light] 位置(-87.0,-36.6) 容量350kWh 剩余36% | α=6→6min/% τ=198min → 需158.8kWh(充25.7min)
[charge_scheduler-1] [INFO] [1785240318.135292146] [charge_scheduler]: [Scheduler] 闭环接口: threshold=10.0min | event_sim=on | structured_feedback=optional (/task_planner/execution_event)
[charge_scheduler-1] [INFO] [1785240318.135351985] [charge_scheduler]: [Scheduler] 已启动, 等待地图...
[charge_scheduler-1] [INFO] [1785240318.209771985] [charge_scheduler]: [Scheduler] RoutingGraph 就绪
[charge_scheduler-1] [INFO] [1785240318.210172591] [charge_scheduler]: [Scheduler] 提取到 6 条虚线捷径
[charge_scheduler-1] [INFO] [1785240318.228614078] [charge_scheduler]: [Scheduler] 下层兼容增强图: 166 节点, 6 条虚线掉头边
[charge_scheduler-1] [INFO] [1785240326.905474322] [charge_scheduler]: [Scheduler] 距离矩阵完成 31x31, 8676.8 ms | 模式=maneuver | 真实不可达=0 抽象不可达=0 | 缺少对向投影节点=0
[charge_scheduler-1] [INFO] [1785240326.905569628] [charge_scheduler]:   ✓ 比值自检：930 个 OD 满足 机动/直线≥1 | 均值=2.97 最大=42.81 (车#15→车#21)
[charge_scheduler-1] [INFO] [1785240326.905581516] [charge_scheduler]: [Scheduler] 地图就绪, 166 条 lanelet（与下层一致）
[charge_scheduler-1] [INFO] [1785240326.905644033] [charge_scheduler]: ======== 开始VRPTW调度 30 辆车 ========
[charge_scheduler-1] [INFO] [1785240326.905653004] [charge_scheduler]:   规模30>8 → 启发式(alns)
[charge_scheduler-1] [INFO] [1785240386.494305799] [charge_scheduler]: [ALNS] seed=4 iters=15000 | N_late=2(成功率93.3%) T_overtime=187.7min C_total=5966.4m | 趟数=11 makespan=383.1min
[charge_scheduler-1] [INFO] [1785240386.494379973] [charge_scheduler]:   求解耗时 59588.7 ms
[charge_scheduler-1] [INFO] [1785240386.494390719] [charge_scheduler]: ════════ 调度结果 ════════
[charge_scheduler-1] [INFO] [1785240386.494396211] [charge_scheduler]:   ★目标(字典序): ① N_late=2 辆 (按时成功率 28/30 = 93.3%)  ② T_overtime=187.7min  ③ C_total=5966.4m
[charge_scheduler-1] [INFO] [1785240386.494411480] [charge_scheduler]:   附: 趟数=11 | makespan=383.1min | 能量可行=是
[charge_scheduler-1] [INFO] [1785240386.494428005] [charge_scheduler]:   [充电车2] 趟1: 站 → 车#12(到2.3/限230.4✓) → 车#3(到9.7/限32.0✓) → 车#9(到34.4/限116.0✓) → 车#28(到63.9/限84.0✓) → 站
[charge_scheduler-1] [INFO] [1785240386.494438369] [charge_scheduler]:   [充电车1] 趟2: 站 → 车#4(到1.4/限212.0✓) → 车#8(到13.7/限196.0✓) → 车#22(到27.8/限61.6✓) → 车#18(到61.6/限102.4✓) → 车#1(到85.6/限96.0✓) → 站
[charge_scheduler-1] [INFO] [1785240386.494454831] [charge_scheduler]:   [充电车3] 趟3: 站 → 车#27(到2.1/限249.6✓) → 车#21(到8.2/限240.0✓) → 车#7(到15.7/限64.0✓) → 车#15(到40.2/限44.8✓) → 车#11(到67.9/限83.2✓) → 站
[charge_scheduler-1] [INFO] [1785240386.494499547] [charge_scheduler]:   [充电车1] 趟4: 站 → 车#5(到125.6/限128.0✓) → 车#20(到170.3/限179.2✓) → 站
[charge_scheduler-1] [INFO] [1785240386.494507974] [charge_scheduler]:   [充电车2] 趟5: 站 → 车#24(到110.3/限112.0✓) → 车#26(到137.0/限160.0✓) → 车#16(到182.4/限184.8✓) → 站
[charge_scheduler-1] [INFO] [1785240386.494518184] [charge_scheduler]:   [充电车3] 趟6: 站 → 车#13(到125.6/限128.8✓) → 车#0(到163.8/限168.0✓) → 车#10(到202.2/限224.0✓) → 站
[charge_scheduler-1] [INFO] [1785240386.494530349] [charge_scheduler]:   [充电车1] 趟7: 站 → 车#19(到228.1/限240.8✓) → 车#25(到264.8/限280.0✓) → 站
[charge_scheduler-1] [INFO] [1785240386.494537964] [charge_scheduler]:   [充电车2] 趟8: 站 → 车#23(到232.7/限236.8✓) → 车#2(到279.1/限288.0✓) → 站
[charge_scheduler-1] [INFO] [1785240386.494544352] [charge_scheduler]:   [充电车1] 趟9: 站 → 车#29(到312.0/限198.4✗超时) → 站
[charge_scheduler-1] [INFO] [1785240386.494550914] [charge_scheduler]:   [充电车2] 趟10: 站 → 车#17(到336.8/限339.2✓) → 站
[charge_scheduler-1] [INFO] [1785240386.494557474] [charge_scheduler]:   [充电车3] 趟11: 站 → 车#6(到250.1/限176.0✗超时) → 车#14(到296.4/限300.8✓) → 站
[charge_scheduler-1] [INFO] [1785240386.494562255] [charge_scheduler]: ════════════════════════
[charge_scheduler-1] [INFO] [1785240386.494663531] [charge_scheduler]: [扰动清单] type=station delay=30.0min targets={} station={C1-S1,C2-S1,}
[charge_scheduler-1] [INFO] [1785240386.494688807] [charge_scheduler]: [执行事件] loop=open plan_v=0 C3 type=target_service target=27 station_ord=0 planned_finish=6.36 actual_finish=6.36 dev=+0.00 injected=0.0
[charge_scheduler-1] [INFO] [1785240386.494699879] [charge_scheduler]: [执行事件] loop=open plan_v=0 C2 type=target_service target=12 station_ord=0 planned_finish=8.58 actual_finish=8.58 dev=+0.00 injected=0.0
[charge_scheduler-1] [INFO] [1785240386.494707910] [charge_scheduler]: [执行事件] loop=open plan_v=0 C1 type=target_service target=4 station_ord=0 planned_finish=11.04 actual_finish=11.04 dev=+0.00 injected=0.0
[charge_scheduler-1] [INFO] [1785240386.494717659] [charge_scheduler]: [执行事件] loop=open plan_v=0 C3 type=target_service target=21 station_ord=0 planned_finish=14.00 actual_finish=14.00 dev=+0.00 injected=0.0
[charge_scheduler-1] [INFO] [1785240386.494726484] [charge_scheduler]: [执行事件] loop=open plan_v=0 C1 type=target_service target=8 station_ord=0 planned_finish=27.46 actual_finish=27.46 dev=+0.00 injected=0.0
[charge_scheduler-1] [INFO] [1785240386.494735013] [charge_scheduler]: [执行事件] loop=open plan_v=0 C2 type=target_service target=3 station_ord=0 planned_finish=33.49 actual_finish=33.49 dev=+0.00 injected=0.0
[charge_scheduler-1] [INFO] [1785240386.494743374] [charge_scheduler]: [执行事件] loop=open plan_v=0 C3 type=target_service target=7 station_ord=0 planned_finish=38.22 actual_finish=38.22 dev=+0.00 injected=0.0
[charge_scheduler-1] [INFO] [1785240386.494751742] [charge_scheduler]: [执行事件] loop=open plan_v=0 C1 type=target_service target=22 station_ord=0 planned_finish=60.21 actual_finish=60.21 dev=+0.00 injected=0.0
[charge_scheduler-1] [INFO] [1785240386.494760701] [charge_scheduler]: [执行事件] loop=open plan_v=0 C2 type=target_service target=9 station_ord=0 planned_finish=62.82 actual_finish=62.82 dev=+0.00 injected=0.0
[charge_scheduler-1] [INFO] [1785240386.494768884] [charge_scheduler]: [执行事件] loop=open plan_v=0 C3 type=target_service target=15 station_ord=0 planned_finish=64.99 actual_finish=64.99 dev=+0.00 injected=0.0
[charge_scheduler-1] [INFO] [1785240386.494777469] [charge_scheduler]: [执行事件] loop=open plan_v=0 C1 type=target_service target=18 station_ord=0 planned_finish=84.42 actual_finish=84.42 dev=+0.00 injected=0.0
[charge_scheduler-1] [INFO] [1785240386.494786085] [charge_scheduler]: [执行事件] loop=open plan_v=0 C2 type=target_service target=28 station_ord=0 planned_finish=97.47 actual_finish=97.47 dev=+0.00 injected=0.0
[charge_scheduler-1] [INFO] [1785240386.494800467] [charge_scheduler]: [执行事件] loop=open plan_v=0 C1 type=target_service target=1 station_ord=0 planned_finish=110.04 actual_finish=110.04 dev=+0.00 injected=0.0
[charge_scheduler-1] [INFO] [1785240386.494813721] [charge_scheduler]: [执行事件] loop=open plan_v=0 C3 type=target_service target=11 station_ord=0 planned_finish=110.28 actual_finish=110.28 dev=+0.00 injected=0.0
[charge_scheduler-1] [INFO] [1785240386.494835082] [charge_scheduler]: [执行事件] loop=open plan_v=0 C3 type=station_turnaround target=-1 station_ord=1 planned_finish=122.77 actual_finish=122.77 dev=+0.00 injected=0.0
[charge_scheduler-1] [INFO] [1785240386.494847910] [charge_scheduler]: [执行事件] loop=open plan_v=0 C2 type=station_turnaround target=-1 station_ord=1 planned_finish=109.50 actual_finish=139.50 dev=+30.00 injected=30.0
[charge_scheduler-1] [INFO] [1785240386.494863310] [charge_scheduler]: [执行事件] loop=open plan_v=0 C1 type=station_turnaround target=-1 station_ord=1 planned_finish=122.47 actual_finish=152.47 dev=+30.00 injected=30.0
[charge_scheduler-1] [INFO] [1785240386.494873663] [charge_scheduler]: [执行事件] loop=open plan_v=0 C3 type=target_service target=13 station_ord=0 planned_finish=160.54 actual_finish=160.54 dev=+0.00 injected=0.0
[charge_scheduler-1] [INFO] [1785240386.494882610] [charge_scheduler]: [执行事件] loop=open plan_v=0 C2 type=target_service target=24 station_ord=0 planned_finish=135.23 actual_finish=165.32 dev=+30.09 injected=0.0
[charge_scheduler-1] [INFO] [1785240386.494893799] [charge_scheduler]: [执行事件] loop=open plan_v=0 C3 type=target_service target=0 station_ord=0 planned_finish=198.66 actual_finish=198.66 dev=+0.00 injected=0.0
[charge_scheduler-1] [INFO] [1785240386.494902892] [charge_scheduler]: [执行事件] loop=open plan_v=0 C1 type=target_service target=5 station_ord=0 planned_finish=169.18 actual_finish=199.39 dev=+30.21 injected=0.0
[charge_scheduler-1] [INFO] [1785240386.494912358] [charge_scheduler]: [执行事件] loop=open plan_v=0 C2 type=target_service target=26 station_ord=0 planned_finish=178.68 actual_finish=210.86 dev=+32.18 injected=0.0
[charge_scheduler-1] [INFO] [1785240386.494921682] [charge_scheduler]: [执行事件] loop=open plan_v=0 C3 type=target_service target=10 station_ord=0 planned_finish=235.67 actual_finish=235.67 dev=+0.00 injected=0.0
[charge_scheduler-1] [INFO] [1785240386.494930938] [charge_scheduler]: [执行事件] loop=open plan_v=0 C1 type=target_service target=20 station_ord=0 planned_finish=213.25 actual_finish=244.28 dev=+31.02 injected=0.0
[charge_scheduler-1] [INFO] [1785240386.494940084] [charge_scheduler]: [执行事件] loop=open plan_v=0 C3 type=station_turnaround target=-1 station_ord=2 planned_finish=247.32 actual_finish=247.32 dev=+0.00 injected=0.0
[charge_scheduler-1] [INFO] [1785240386.494948939] [charge_scheduler]: [执行事件] loop=open plan_v=0 C2 type=target_service target=16 station_ord=0 planned_finish=217.43 actual_finish=249.82 dev=+32.38 injected=0.0
[charge_scheduler-1] [INFO] [1785240386.494957932] [charge_scheduler]: [执行事件] loop=open plan_v=0 C1 type=station_turnaround target=-1 station_ord=2 planned_finish=224.65 actual_finish=255.67 dev=+31.02 injected=0.0
[charge_scheduler-1] [INFO] [1785240386.494967304] [charge_scheduler]: [执行事件] loop=open plan_v=0 C2 type=station_turnaround target=-1 station_ord=2 planned_finish=230.15 actual_finish=262.54 dev=+32.38 injected=0.0
[charge_scheduler-1] [INFO] [1785240386.494977325] [charge_scheduler]: [执行事件] loop=open plan_v=0 C3 type=target_service target=6 station_ord=0 planned_finish=293.88 actual_finish=293.88 dev=+0.00 injected=0.0
[charge_scheduler-1] [INFO] [1785240386.494986353] [charge_scheduler]: [执行事件] loop=open plan_v=0 C1 type=target_service target=19 station_ord=0 planned_finish=262.24 actual_finish=294.34 dev=+32.09 injected=0.0
[charge_scheduler-1] [INFO] [1785240386.494995207] [charge_scheduler]: [执行事件] loop=open plan_v=0 C2 type=target_service target=23 station_ord=0 planned_finish=276.06 actual_finish=308.82 dev=+32.76 injected=0.0
[charge_scheduler-1] [INFO] [1785240386.495004298] [charge_scheduler]: [执行事件] loop=open plan_v=0 C1 type=target_service target=25 station_ord=0 planned_finish=298.80 actual_finish=332.17 dev=+33.37 injected=0.0
[charge_scheduler-1] [INFO] [1785240386.495017864] [charge_scheduler]: [执行事件] loop=open plan_v=0 C3 type=target_service target=14 station_ord=0 planned_finish=339.71 actual_finish=339.71 dev=+0.00 injected=0.0
[charge_scheduler-1] [INFO] [1785240386.495025863] [charge_scheduler]: [执行事件] loop=open plan_v=0 C1 type=station_turnaround target=-1 station_ord=3 planned_finish=310.07 actual_finish=343.44 dev=+33.37 injected=0.0
[charge_scheduler-1] [INFO] [1785240386.495036966] [charge_scheduler]: [执行事件] loop=open plan_v=0 C3 type=final_return target=-1 station_ord=0 planned_finish=343.48 actual_finish=343.48 dev=+0.00 injected=0.0
[charge_scheduler-1] [INFO] [1785240386.495044933] [charge_scheduler]: [执行事件] loop=open plan_v=0 C2 type=target_service target=2 station_ord=0 planned_finish=321.99 actual_finish=355.56 dev=+33.57 injected=0.0
[charge_scheduler-1] [INFO] [1785240386.495053218] [charge_scheduler]: [执行事件] loop=open plan_v=0 C2 type=station_turnaround target=-1 station_ord=3 planned_finish=333.92 actual_finish=367.49 dev=+33.57 injected=0.0
[charge_scheduler-1] [INFO] [1785240386.495061327] [charge_scheduler]: [执行事件] loop=open plan_v=0 C1 type=target_service target=29 station_ord=0 planned_finish=355.72 actual_finish=389.09 dev=+33.37 injected=0.0
[charge_scheduler-1] [INFO] [1785240386.495069653] [charge_scheduler]: [执行事件] loop=open plan_v=0 C1 type=final_return target=-1 station_ord=0 planned_finish=357.90 actual_finish=391.27 dev=+33.37 injected=0.0
[charge_scheduler-1] [INFO] [1785240386.495077651] [charge_scheduler]: [执行事件] loop=open plan_v=0 C2 type=target_service target=17 station_ord=0 planned_finish=380.36 actual_finish=414.15 dev=+33.79 injected=0.0
[charge_scheduler-1] [INFO] [1785240386.495085678] [charge_scheduler]: [执行事件] loop=open plan_v=0 C2 type=final_return target=-1 station_ord=0 planned_finish=383.15 actual_finish=416.94 dev=+33.79 injected=0.0
[charge_scheduler-1] [INFO] [1785240386.495109684] [charge_scheduler]: [执行事件] loop=closed plan_v=0 C3 type=target_service target=27 station_ord=0 planned_finish=6.36 actual_finish=6.36 dev=+0.00 injected=0.0
[charge_scheduler-1] [INFO] [1785240386.495118509] [charge_scheduler]: [执行事件] loop=closed plan_v=0 C2 type=target_service target=12 station_ord=0 planned_finish=8.58 actual_finish=8.58 dev=+0.00 injected=0.0
[charge_scheduler-1] [INFO] [1785240386.495126661] [charge_scheduler]: [执行事件] loop=closed plan_v=0 C1 type=target_service target=4 station_ord=0 planned_finish=11.04 actual_finish=11.04 dev=+0.00 injected=0.0
[charge_scheduler-1] [INFO] [1785240386.495135856] [charge_scheduler]: [执行事件] loop=closed plan_v=0 C3 type=target_service target=21 station_ord=0 planned_finish=14.00 actual_finish=14.00 dev=+0.00 injected=0.0
[charge_scheduler-1] [INFO] [1785240386.495144653] [charge_scheduler]: [执行事件] loop=closed plan_v=0 C1 type=target_service target=8 station_ord=0 planned_finish=27.46 actual_finish=27.46 dev=+0.00 injected=0.0
[charge_scheduler-1] [INFO] [1785240386.495153380] [charge_scheduler]: [执行事件] loop=closed plan_v=0 C2 type=target_service target=3 station_ord=0 planned_finish=33.49 actual_finish=33.49 dev=+0.00 injected=0.0
[charge_scheduler-1] [INFO] [1785240386.495163262] [charge_scheduler]: [执行事件] loop=closed plan_v=0 C3 type=target_service target=7 station_ord=0 planned_finish=38.22 actual_finish=38.22 dev=+0.00 injected=0.0
[charge_scheduler-1] [INFO] [1785240386.495172345] [charge_scheduler]: [执行事件] loop=closed plan_v=0 C1 type=target_service target=22 station_ord=0 planned_finish=60.21 actual_finish=60.21 dev=+0.00 injected=0.0
[charge_scheduler-1] [INFO] [1785240386.495180977] [charge_scheduler]: [执行事件] loop=closed plan_v=0 C2 type=target_service target=9 station_ord=0 planned_finish=62.82 actual_finish=62.82 dev=+0.00 injected=0.0
[charge_scheduler-1] [INFO] [1785240386.495189338] [charge_scheduler]: [执行事件] loop=closed plan_v=0 C3 type=target_service target=15 station_ord=0 planned_finish=64.99 actual_finish=64.99 dev=+0.00 injected=0.0
[charge_scheduler-1] [INFO] [1785240386.495197966] [charge_scheduler]: [执行事件] loop=closed plan_v=0 C1 type=target_service target=18 station_ord=0 planned_finish=84.42 actual_finish=84.42 dev=+0.00 injected=0.0
[charge_scheduler-1] [INFO] [1785240386.495206425] [charge_scheduler]: [执行事件] loop=closed plan_v=0 C2 type=target_service target=28 station_ord=0 planned_finish=97.47 actual_finish=97.47 dev=+0.00 injected=0.0
[charge_scheduler-1] [INFO] [1785240386.495215579] [charge_scheduler]: [执行事件] loop=closed plan_v=0 C1 type=target_service target=1 station_ord=0 planned_finish=110.04 actual_finish=110.04 dev=+0.00 injected=0.0
[charge_scheduler-1] [INFO] [1785240386.495225321] [charge_scheduler]: [执行事件] loop=closed plan_v=0 C3 type=target_service target=11 station_ord=0 planned_finish=110.28 actual_finish=110.28 dev=+0.00 injected=0.0
[charge_scheduler-1] [INFO] [1785240386.495236967] [charge_scheduler]: [执行事件] loop=closed plan_v=0 C3 type=station_turnaround target=-1 station_ord=1 planned_finish=122.77 actual_finish=122.77 dev=+0.00 injected=0.0
[charge_scheduler-1] [INFO] [1785240386.495246774] [charge_scheduler]: [执行事件] loop=closed plan_v=0 C2 type=station_turnaround target=-1 station_ord=1 planned_finish=109.50 actual_finish=139.50 dev=+30.00 injected=30.0
[charge_scheduler-1] [WARN] [1785240390.302854216] [charge_scheduler]: [重调度事件] #1 t=139.50min trigger=C2/station_turnaround dev=+30.00 pool=15 committed=1 plan_v=1 solve_ms=3807.6 changed_assign=9 changed_order=13
[charge_scheduler-1] [INFO] [1785240390.302945402] [charge_scheduler]: [执行事件] loop=closed plan_v=0 C1 type=station_turnaround target=-1 station_ord=1 planned_finish=122.47 actual_finish=152.47 dev=+30.00 injected=30.0
[charge_scheduler-1] [WARN] [1785240393.639749572] [charge_scheduler]: [重调度事件] #2 t=152.47min trigger=C1/station_turnaround dev=+30.00 pool=14 committed=2 plan_v=2 solve_ms=3336.8 changed_assign=6 changed_order=7
[charge_scheduler-1] [INFO] [1785240393.639824861] [charge_scheduler]: [执行事件] loop=closed plan_v=0 C3 type=target_service target=13 station_ord=0 planned_finish=160.54 actual_finish=160.54 dev=+0.00 injected=0.0
[charge_scheduler-1] [INFO] [1785240393.639838969] [charge_scheduler]: [执行事件] loop=closed plan_v=1 C2 type=target_service target=0 station_ord=0 planned_finish=173.26 actual_finish=173.26 dev=+0.00 injected=0.0
[charge_scheduler-1] [INFO] [1785240393.639849006] [charge_scheduler]: [执行事件] loop=closed plan_v=2 C1 type=target_service target=24 station_ord=0 planned_finish=178.29 actual_finish=178.29 dev=+0.00 injected=0.0
[charge_scheduler-1] [INFO] [1785240393.639858384] [charge_scheduler]: [执行事件] loop=closed plan_v=2 C3 type=target_service target=16 station_ord=0 planned_finish=198.60 actual_finish=198.60 dev=+0.00 injected=0.0
[charge_scheduler-1] [INFO] [1785240393.639867279] [charge_scheduler]: [执行事件] loop=closed plan_v=2 C2 type=target_service target=6 station_ord=0 planned_finish=219.24 actual_finish=219.24 dev=+0.00 injected=0.0
[charge_scheduler-1] [INFO] [1785240393.639877375] [charge_scheduler]: [执行事件] loop=closed plan_v=2 C1 type=target_service target=29 station_ord=0 planned_finish=221.47 actual_finish=221.47 dev=+0.00 injected=0.0
[charge_scheduler-1] [INFO] [1785240393.639889116] [charge_scheduler]: [执行事件] loop=closed plan_v=2 C2 type=station_turnaround target=-1 station_ord=2 planned_finish=231.93 actual_finish=231.93 dev=+0.00 injected=0.0
[charge_scheduler-1] [INFO] [1785240393.639897816] [charge_scheduler]: [执行事件] loop=closed plan_v=2 C3 type=target_service target=10 station_ord=0 planned_finish=236.99 actual_finish=236.99 dev=+0.00 injected=0.0
[charge_scheduler-1] [INFO] [1785240393.639905855] [charge_scheduler]: [执行事件] loop=closed plan_v=2 C3 type=station_turnaround target=-1 station_ord=2 planned_finish=248.64 actual_finish=248.64 dev=+0.00 injected=0.0
[charge_scheduler-1] [INFO] [1785240393.639914234] [charge_scheduler]: [执行事件] loop=closed plan_v=2 C1 type=target_service target=19 station_ord=0 planned_finish=258.18 actual_finish=258.18 dev=+0.00 injected=0.0
[charge_scheduler-1] [INFO] [1785240393.639924299] [charge_scheduler]: [执行事件] loop=closed plan_v=2 C1 type=station_turnaround target=-1 station_ord=2 planned_finish=270.39 actual_finish=270.39 dev=+0.00 injected=0.0
[charge_scheduler-1] [INFO] [1785240393.639932289] [charge_scheduler]: [执行事件] loop=closed plan_v=2 C2 type=target_service target=23 station_ord=0 planned_finish=278.00 actual_finish=278.00 dev=+0.00 injected=0.0
[charge_scheduler-1] [INFO] [1785240393.639940319] [charge_scheduler]: [执行事件] loop=closed plan_v=2 C3 type=target_service target=26 station_ord=0 planned_finish=294.91 actual_finish=294.91 dev=+0.00 injected=0.0
[charge_scheduler-1] [INFO] [1785240393.639948523] [charge_scheduler]: [执行事件] loop=closed plan_v=2 C1 type=target_service target=25 station_ord=0 planned_finish=307.53 actual_finish=307.53 dev=+0.00 injected=0.0
[charge_scheduler-1] [INFO] [1785240393.639956421] [charge_scheduler]: [执行事件] loop=closed plan_v=2 C2 type=target_service target=2 station_ord=0 planned_finish=324.11 actual_finish=324.11 dev=+0.00 injected=0.0
[charge_scheduler-1] [INFO] [1785240393.639965280] [charge_scheduler]: [执行事件] loop=closed plan_v=2 C2 type=station_turnaround target=-1 station_ord=3 planned_finish=336.04 actual_finish=336.04 dev=+0.00 injected=0.0
[charge_scheduler-1] [INFO] [1785240393.640000085] [charge_scheduler]: [执行事件] loop=closed plan_v=2 C3 type=target_service target=14 station_ord=0 planned_finish=341.08 actual_finish=341.08 dev=+0.00 injected=0.0
[charge_scheduler-1] [INFO] [1785240393.640008483] [charge_scheduler]: [执行事件] loop=closed plan_v=2 C1 type=target_service target=20 station_ord=0 planned_finish=354.70 actual_finish=354.70 dev=+0.00 injected=0.0
[charge_scheduler-1] [INFO] [1785240393.640016798] [charge_scheduler]: [执行事件] loop=closed plan_v=2 C3 type=station_turnaround target=-1 station_ord=3 planned_finish=354.85 actual_finish=354.85 dev=+0.00 injected=0.0
[charge_scheduler-1] [INFO] [1785240393.640025097] [charge_scheduler]: [执行事件] loop=closed plan_v=2 C1 type=final_return target=-1 station_ord=0 planned_finish=356.09 actual_finish=356.09 dev=+0.00 injected=0.0
[charge_scheduler-1] [INFO] [1785240393.640033127] [charge_scheduler]: [执行事件] loop=closed plan_v=2 C2 type=target_service target=17 station_ord=0 planned_finish=382.67 actual_finish=382.67 dev=+0.00 injected=0.0
[charge_scheduler-1] [INFO] [1785240393.640040955] [charge_scheduler]: [执行事件] loop=closed plan_v=2 C2 type=final_return target=-1 station_ord=0 planned_finish=385.46 actual_finish=385.46 dev=+0.00 injected=0.0
[charge_scheduler-1] [INFO] [1785240393.640048884] [charge_scheduler]: [执行事件] loop=closed plan_v=2 C3 type=target_service target=5 station_ord=0 planned_finish=401.78 actual_finish=401.78 dev=+0.00 injected=0.0
[charge_scheduler-1] [INFO] [1785240393.640056898] [charge_scheduler]: [执行事件] loop=closed plan_v=2 C3 type=final_return target=-1 station_ord=0 planned_finish=404.21 actual_finish=404.21 dev=+0.00 injected=0.0
[charge_scheduler-1] [INFO] [1785240393.640070842] [charge_scheduler]: ★闭环实验结果 mode=open M=30 K=3 disturbance=station delay=30.0 seed=4 N_late=12 T_overtime=453.724 C_total=5966.430 makespan=416.939 served=30 energy_viol=2 reschedules=0 reschedule_ms=0.000 changed_assign=0 changed_order=0 applied_target=0 applied_station=2 initial_solve_ms=59588.726
[charge_scheduler-1] [INFO] [1785240393.640084463] [charge_scheduler]: ★闭环实验结果 mode=closed M=30 K=3 disturbance=station delay=30.0 seed=4 N_late=4 T_overtime=494.224 C_total=6107.556 makespan=404.209 served=30 energy_viol=0 reschedules=2 reschedule_ms=7144.312 changed_assign=15 changed_order=20 applied_target=0 applied_station=2 initial_solve_ms=59588.726
[charge_scheduler-1] [INFO] [1785240393.640096115] [charge_scheduler]: ★闭环实验收益 M=30 K=3 disturbance=station delay=30.0 seed=4 recovered_late=8 overtime_reduction=-40.500 distance_delta=141.126 makespan_reduction=12.729
[WARNING] [launch]: user interrupted with ctrl-c (SIGINT)
[WARNING] [launch]: user interrupted with ctrl-c (SIGINT) again, ignoring...
[INFO] [charge_scheduler-1]: sending signal 'SIGINT' to process[charge_scheduler-1]
[charge_scheduler-1] [INFO] [1785240393.990303822] [rclcpp]: signal_handler(signum=2)
[ERROR] [charge_scheduler-1]: process has died [pid 24479, exit code -2, cmd '/home/yy/controller/shared_dir/Comprehensive_Road_Testing/install/task_planner/lib/task_planner/charge_scheduler --ros-args -r __node:=charge_scheduler --params-file /home/yy/controller/shared_dir/Comprehensive_Road_Testing/install/task_planner/share/task_planner/config/charge_scheduler.param.yaml'].
