[INFO] [launch]: All log files can be found below /root/.ros/log/2026-07-28-12-10-29-815284-YYYY-25152
[INFO] [launch]: Default logging verbosity is set to INFO
[INFO] [charge_scheduler-1]: process started with pid [25155]
[charge_scheduler-1] [INFO] [1785240629.995773289] [charge_scheduler]: [Scheduler] 30辆车 | 电池800.0kWh(20%=160.0 80%=640.0) | 充电360kW效率97% | 行驶0.6kWh/km | 桩350kW
[charge_scheduler-1] [INFO] [1785240629.995920306] [charge_scheduler]: [Scheduler] 站端周转: 换电 10 min(换后满电) | 单趟可用 640 kWh
[charge_scheduler-1] [INFO] [1785240629.995940441] [charge_scheduler]:   车#0 [电动装载机282|light] 位置(-47.3,-2.6) 容量282kWh 剩余35% | α=6→6min/% τ=168min → 需130.8kWh(充21.2min)
[charge_scheduler-1] [INFO] [1785240629.995956011] [charge_scheduler]:   车#1 [重型叉车|light] 位置(-44.0,-64.1) 容量200kWh 剩余20% | α=6→6min/% τ=96min → 需123.7kWh(充20.0min)
[charge_scheduler-1] [INFO] [1785240629.995969339] [charge_scheduler]:   车#2 [电动装载机350|light] 位置(-51.1,-38.8) 容量350kWh 剩余50% | α=6→6min/% τ=288min → 需108.2kWh(充17.5min)
[charge_scheduler-1] [INFO] [1785240629.995981848] [charge_scheduler]:   车#3 [重型叉车|light] 位置(-71.0,-19.0) 容量200kWh 剩余10% | α=6→6min/% τ=32min → 需144.3kWh(充23.3min)
[charge_scheduler-1] [INFO] [1785240629.995996701] [charge_scheduler]:   车#4 [电动装载机282|heavy→降级] 位置(-93.3,6.6) 容量282kWh 剩余60% | α=3→6min/% τ=212min → 需58.1kWh(充9.4min)
[charge_scheduler-1] [INFO] [1785240629.996009736] [charge_scheduler]:   车#5 [电动装载机350|light] 位置(-104.4,47.7) 容量350kWh 剩余25% | α=6→6min/% τ=128min → 需198.5kWh(充32.1min)
[charge_scheduler-1] [INFO] [1785240629.996022793] [charge_scheduler]:   车#6 [电动装载机350|heavy→降级] 位置(-37.0,-75.1) 容量350kWh 剩余40% | α=4→6min/% τ=176min → 需144.3kWh(充23.3min)
[charge_scheduler-1] [INFO] [1785240629.996039584] [charge_scheduler]:   车#7 [重型叉车|light] 位置(-88.8,-37.1) 容量200kWh 剩余15% | α=6→6min/% τ=64min → 需134.0kWh(充21.7min)
[charge_scheduler-1] [INFO] [1785240629.996053445] [charge_scheduler]:   车#8 [电动装载机282|heavy→降级] 位置(-70.9,27.7) 容量282kWh 剩余55% | α=3→6min/% τ=196min → 需72.7kWh(充11.8min)
[charge_scheduler-1] [INFO] [1785240629.996067725] [charge_scheduler]:   车#9 [电动装载机282|heavy→降级] 位置(-35.4,-47.4) 容量282kWh 剩余30% | α=3→6min/% τ=116min → 需145.4kWh(充23.5min)
[charge_scheduler-1] [INFO] [1785240629.996081641] [charge_scheduler]:   车#10 [电动装载机282|light] 位置(-100.0,-1.0) 容量282kWh 剩余45% | α=6→6min/% τ=224min → 需101.8kWh(充16.4min)
[charge_scheduler-1] [INFO] [1785240629.996096639] [charge_scheduler]:   车#11 [电动装载机350|light] 位置(-72.8,-15.6) 容量350kWh 剩余18% | α=6→6min/% τ=83min → 需223.7kWh(充36.2min)
[charge_scheduler-1] [INFO] [1785240629.996110605] [charge_scheduler]:   车#12 [重型叉车|heavy→降级] 位置(-61.7,-20.7) 容量200kWh 剩余62% | α=3→6min/% τ=230min → 需37.1kWh(充6.0min)
[charge_scheduler-1] [INFO] [1785240629.996126952] [charge_scheduler]:   车#13 [电动装载机282|light] 位置(-133.0,-25.3) 容量282kWh 剩余28% | α=6→6min/% τ=129min → 需151.2kWh(充24.4min)
[charge_scheduler-1] [INFO] [1785240629.996141282] [charge_scheduler]:   车#14 [电动装载机350|light] 位置(-132.0,-8.9) 容量350kWh 剩余52% | α=6→6min/% τ=301min → 需101.0kWh(充16.3min)
[charge_scheduler-1] [INFO] [1785240629.996155195] [charge_scheduler]:   车#15 [重型叉车|light] 位置(-120.0,7.9) 容量200kWh 剩余12% | α=6→6min/% τ=45min → 需140.2kWh(充22.7min)
[charge_scheduler-1] [INFO] [1785240629.996169503] [charge_scheduler]:   车#16 [电动装载机282|light] 位置(-43.8,-82.9) 容量282kWh 剩余38% | α=6→6min/% τ=185min → 需122.1kWh(充19.7min)
[charge_scheduler-1] [INFO] [1785240629.996183169] [charge_scheduler]:   车#17 [电动装载机350|light] 位置(-31.1,-74.7) 容量350kWh 剩余58% | α=6→6min/% τ=339min → 需79.4kWh(充12.8min)
[charge_scheduler-1] [INFO] [1785240629.996196678] [charge_scheduler]:   车#18 [重型叉车|heavy→降级] 位置(-75.4,-68.2) 容量200kWh 剩余22% | α=3→6min/% τ=102min → 需119.6kWh(充19.3min)
[charge_scheduler-1] [INFO] [1785240629.996210395] [charge_scheduler]:   车#19 [电动装载机282|light] 位置(-88.2,47.1) 容量282kWh 剩余48% | α=6→6min/% τ=241min → 需93.0kWh(充15.0min)
[charge_scheduler-1] [INFO] [1785240629.996226839] [charge_scheduler]:   车#20 [电动装载机350|light] 位置(-71.4,16.3) 容量350kWh 剩余33% | α=6→6min/% τ=179min → 需169.6kWh(充27.4min)
[charge_scheduler-1] [INFO] [1785240629.996284888] [charge_scheduler]:   车#21 [重型叉车|heavy→降级] 位置(-122.0,-0.6) 容量200kWh 剩余65% | α=3→6min/% τ=240min → 需30.9kWh(充5.0min)
[charge_scheduler-1] [INFO] [1785240629.996299717] [charge_scheduler]:   车#22 [电动装载机282|light] 位置(-71.6,11.6) 容量282kWh 剩余16% | α=6→6min/% τ=62min → 需186.1kWh(充30.1min)
[charge_scheduler-1] [INFO] [1785240629.996313498] [charge_scheduler]:   车#23 [电动装载机350|light] 位置(-131.0,37.2) 容量350kWh 剩余42% | α=6→6min/% τ=237min → 需137.1kWh(充22.2min)
[charge_scheduler-1] [INFO] [1785240629.996327911] [charge_scheduler]:   车#24 [重型叉车|heavy→降级] 位置(-51.3,5.9) 容量200kWh 剩余25% | α=3→6min/% τ=112min → 需113.4kWh(充18.3min)
[charge_scheduler-1] [INFO] [1785240629.996340755] [charge_scheduler]:   车#25 [电动装载机282|light] 位置(-62.2,-10.7) 容量282kWh 剩余55% | α=6→6min/% τ=280min → 需72.7kWh(充11.8min)
[charge_scheduler-1] [INFO] [1785240629.996354334] [charge_scheduler]:   车#26 [电动装载机350|light] 位置(-116.0,60.4) 容量350kWh 剩余30% | α=6→6min/% τ=160min → 需180.4kWh(充29.2min)
[charge_scheduler-1] [INFO] [1785240629.996370850] [charge_scheduler]:   车#27 [重型叉车|heavy→降级] 位置(-90.4,60.5) 容量200kWh 剩余68% | α=3→6min/% τ=250min → 需24.7kWh(充4.0min)
[charge_scheduler-1] [INFO] [1785240629.996387678] [charge_scheduler]:   车#28 [电动装载机282|light] 位置(-85.5,-46.0) 容量282kWh 剩余20% | α=6→6min/% τ=84min → 需174.4kWh(充28.2min)
[charge_scheduler-1] [INFO] [1785240629.996401020] [charge_scheduler]:   车#29 [电动装载机350|light] 位置(-87.0,-36.6) 容量350kWh 剩余36% | α=6→6min/% τ=198min → 需158.8kWh(充25.7min)
[charge_scheduler-1] [INFO] [1785240630.008317678] [charge_scheduler]: [Scheduler] 闭环接口: threshold=10.0min | event_sim=on | structured_feedback=optional (/task_planner/execution_event)
[charge_scheduler-1] [INFO] [1785240630.008386690] [charge_scheduler]: [Scheduler] 已启动, 等待地图...
[charge_scheduler-1] [INFO] [1785240630.076855775] [charge_scheduler]: [Scheduler] RoutingGraph 就绪
[charge_scheduler-1] [INFO] [1785240630.077185465] [charge_scheduler]: [Scheduler] 提取到 6 条虚线捷径
[charge_scheduler-1] [INFO] [1785240630.093289937] [charge_scheduler]: [Scheduler] 下层兼容增强图: 166 节点, 6 条虚线掉头边
[charge_scheduler-1] [INFO] [1785240638.928982987] [charge_scheduler]: [Scheduler] 距离矩阵完成 31x31, 8835.6 ms | 模式=maneuver | 真实不可达=0 抽象不可达=0 | 缺少对向投影节点=0
[charge_scheduler-1] [INFO] [1785240638.929073550] [charge_scheduler]:   ✓ 比值自检：930 个 OD 满足 机动/直线≥1 | 均值=2.97 最大=42.81 (车#15→车#21)
[charge_scheduler-1] [INFO] [1785240638.929087940] [charge_scheduler]: [Scheduler] 地图就绪, 166 条 lanelet（与下层一致）
[charge_scheduler-1] [INFO] [1785240638.929144868] [charge_scheduler]: ======== 开始VRPTW调度 30 辆车 ========
[charge_scheduler-1] [INFO] [1785240638.929152261] [charge_scheduler]:   规模30>8 → 启发式(alns)
[charge_scheduler-1] [INFO] [1785240699.439537894] [charge_scheduler]: [ALNS] seed=8 iters=15000 | N_late=2(成功率93.3%) T_overtime=186.9min C_total=6087.1m | 趟数=11 makespan=384.1min
[charge_scheduler-1] [INFO] [1785240699.439589030] [charge_scheduler]:   求解耗时 60510.4 ms
[charge_scheduler-1] [INFO] [1785240699.439602032] [charge_scheduler]: ════════ 调度结果 ════════
[charge_scheduler-1] [INFO] [1785240699.439606381] [charge_scheduler]:   ★目标(字典序): ① N_late=2 辆 (按时成功率 28/30 = 93.3%)  ② T_overtime=186.9min  ③ C_total=6087.1m
[charge_scheduler-1] [INFO] [1785240699.439612144] [charge_scheduler]:   附: 趟数=11 | makespan=384.1min | 能量可行=是
[charge_scheduler-1] [INFO] [1785240699.439623203] [charge_scheduler]:   [充电车3] 趟1: 站 → 车#12(到2.3/限230.4✓) → 车#3(到9.7/限32.0✓) → 车#11(到33.6/限83.2✓) → 车#18(到73.8/限102.4✓) → 站
[charge_scheduler-1] [INFO] [1785240699.439631064] [charge_scheduler]:   [充电车2] 趟2: 站 → 车#8(到4.0/限196.0✓) → 车#22(到16.7/限61.6✓) → 车#7(到49.3/限64.0✓) → 车#28(到73.8/限84.0✓) → 站
[charge_scheduler-1] [INFO] [1785240699.439637646] [charge_scheduler]:   [充电车1] 趟3: 站 → 车#27(到2.1/限249.6✓) → 车#21(到8.2/限240.0✓) → 车#4(到15.7/限212.0✓) → 车#15(到27.9/限44.8✓) → 车#9(到54.6/限116.0✓) → 车#1(到85.7/限96.0✓) → 站
[charge_scheduler-1] [INFO] [1785240699.439672553] [charge_scheduler]:   [充电车2] 趟4: 站 → 车#5(到123.4/限128.0✓) → 车#6(到169.9/限176.0✓) → 站
[charge_scheduler-1] [INFO] [1785240699.439679323] [charge_scheduler]:   [充电车3] 趟5: 站 → 车#24(到110.9/限112.0✓) → 车#26(到137.7/限160.0✓) → 车#16(到183.1/限184.8✓) → 站
[charge_scheduler-1] [INFO] [1785240699.439684496] [charge_scheduler]:   [充电车1] 趟6: 站 → 车#13(到125.4/限128.8✓) → 车#0(到163.6/限168.0✓) → 车#10(到202.0/限224.0✓) → 站
[charge_scheduler-1] [INFO] [1785240699.439689209] [charge_scheduler]:   [充电车2] 趟7: 站 → 车#19(到229.2/限240.8✓) → 车#25(到266.0/限280.0✓) → 站
[charge_scheduler-1] [INFO] [1785240699.439693947] [charge_scheduler]:   [充电车3] 趟8: 站 → 车#23(到233.4/限236.8✓) → 车#2(到279.9/限288.0✓) → 站
[charge_scheduler-1] [INFO] [1785240699.439698808] [charge_scheduler]:   [充电车1] 趟9: 站 → 车#20(到251.3/限179.2✗超时) → 车#14(到297.4/限300.8✓) → 站
[charge_scheduler-1] [INFO] [1785240699.439703662] [charge_scheduler]:   [充电车2] 趟10: 站 → 车#29(到313.3/限198.4✗超时) → 站
[charge_scheduler-1] [INFO] [1785240699.439710232] [charge_scheduler]:   [充电车3] 趟11: 站 → 车#17(到337.7/限339.2✓) → 站
[charge_scheduler-1] [INFO] [1785240699.439715192] [charge_scheduler]: ════════════════════════
[charge_scheduler-1] [INFO] [1785240699.439785702] [charge_scheduler]: [扰动清单] type=station delay=30.0min targets={} station={C2-S1,C3-S1,}
[charge_scheduler-1] [INFO] [1785240699.439803114] [charge_scheduler]: [执行事件] loop=open plan_v=0 C1 type=target_service target=27 station_ord=0 planned_finish=6.36 actual_finish=6.36 dev=+0.00 injected=0.0
[charge_scheduler-1] [INFO] [1785240699.439811008] [charge_scheduler]: [执行事件] loop=open plan_v=0 C3 type=target_service target=12 station_ord=0 planned_finish=8.58 actual_finish=8.58 dev=+0.00 injected=0.0
[charge_scheduler-1] [INFO] [1785240699.439817094] [charge_scheduler]: [执行事件] loop=open plan_v=0 C1 type=target_service target=21 station_ord=0 planned_finish=14.00 actual_finish=14.00 dev=+0.00 injected=0.0
[charge_scheduler-1] [INFO] [1785240699.439823237] [charge_scheduler]: [执行事件] loop=open plan_v=0 C2 type=target_service target=8 station_ord=0 planned_finish=16.35 actual_finish=16.35 dev=+0.00 injected=0.0
[charge_scheduler-1] [INFO] [1785240699.439829286] [charge_scheduler]: [执行事件] loop=open plan_v=0 C1 type=target_service target=4 station_ord=0 planned_finish=27.43 actual_finish=27.43 dev=+0.00 injected=0.0
[charge_scheduler-1] [INFO] [1785240699.439835154] [charge_scheduler]: [执行事件] loop=open plan_v=0 C3 type=target_service target=3 station_ord=0 planned_finish=33.49 actual_finish=33.49 dev=+0.00 injected=0.0
[charge_scheduler-1] [INFO] [1785240699.439840977] [charge_scheduler]: [执行事件] loop=open plan_v=0 C2 type=target_service target=22 station_ord=0 planned_finish=48.17 actual_finish=48.17 dev=+0.00 injected=0.0
[charge_scheduler-1] [INFO] [1785240699.439846976] [charge_scheduler]: [执行事件] loop=open plan_v=0 C1 type=target_service target=15 station_ord=0 planned_finish=52.05 actual_finish=52.05 dev=+0.00 injected=0.0
[charge_scheduler-1] [INFO] [1785240699.439852911] [charge_scheduler]: [执行事件] loop=open plan_v=0 C3 type=target_service target=11 station_ord=0 planned_finish=72.84 actual_finish=72.84 dev=+0.00 injected=0.0
[charge_scheduler-1] [INFO] [1785240699.439858827] [charge_scheduler]: [执行事件] loop=open plan_v=0 C2 type=target_service target=7 station_ord=0 planned_finish=73.54 actual_finish=73.54 dev=+0.00 injected=0.0
[charge_scheduler-1] [INFO] [1785240699.439864763] [charge_scheduler]: [执行事件] loop=open plan_v=0 C1 type=target_service target=9 station_ord=0 planned_finish=84.72 actual_finish=84.72 dev=+0.00 injected=0.0
[charge_scheduler-1] [INFO] [1785240699.439870610] [charge_scheduler]: [执行事件] loop=open plan_v=0 C3 type=target_service target=18 station_ord=0 planned_finish=97.30 actual_finish=97.30 dev=+0.00 injected=0.0
[charge_scheduler-1] [INFO] [1785240699.439877317] [charge_scheduler]: [执行事件] loop=open plan_v=0 C2 type=target_service target=28 station_ord=0 planned_finish=108.18 actual_finish=108.18 dev=+0.00 injected=0.0
[charge_scheduler-1] [INFO] [1785240699.439883939] [charge_scheduler]: [执行事件] loop=open plan_v=0 C1 type=target_service target=1 station_ord=0 planned_finish=110.16 actual_finish=110.16 dev=+0.00 injected=0.0
[charge_scheduler-1] [INFO] [1785240699.439894581] [charge_scheduler]: [执行事件] loop=open plan_v=0 C1 type=station_turnaround target=-1 station_ord=1 planned_finish=122.58 actual_finish=122.58 dev=+0.00 injected=0.0
[charge_scheduler-1] [INFO] [1785240699.439900958] [charge_scheduler]: [执行事件] loop=open plan_v=0 C3 type=station_turnaround target=-1 station_ord=1 planned_finish=110.11 actual_finish=140.11 dev=+30.00 injected=30.0
[charge_scheduler-1] [INFO] [1785240699.439907650] [charge_scheduler]: [执行事件] loop=open plan_v=0 C2 type=station_turnaround target=-1 station_ord=1 planned_finish=120.21 actual_finish=150.21 dev=+30.00 injected=30.0
[charge_scheduler-1] [INFO] [1785240699.439914103] [charge_scheduler]: [执行事件] loop=open plan_v=0 C1 type=target_service target=13 station_ord=0 planned_finish=160.34 actual_finish=160.34 dev=+0.00 injected=0.0
[charge_scheduler-1] [INFO] [1785240699.439920390] [charge_scheduler]: [执行事件] loop=open plan_v=0 C3 type=target_service target=24 station_ord=0 planned_finish=135.87 actual_finish=165.93 dev=+30.06 injected=0.0
[charge_scheduler-1] [INFO] [1785240699.439926627] [charge_scheduler]: [执行事件] loop=open plan_v=0 C2 type=target_service target=5 station_ord=0 planned_finish=166.72 actual_finish=197.14 dev=+30.42 injected=0.0
[charge_scheduler-1] [INFO] [1785240699.439933834] [charge_scheduler]: [执行事件] loop=open plan_v=0 C1 type=target_service target=0 station_ord=0 planned_finish=198.44 actual_finish=198.44 dev=+0.00 injected=0.0
[charge_scheduler-1] [INFO] [1785240699.439940308] [charge_scheduler]: [执行事件] loop=open plan_v=0 C3 type=target_service target=26 station_ord=0 planned_finish=179.38 actual_finish=211.47 dev=+32.09 injected=0.0
[charge_scheduler-1] [INFO] [1785240699.439946104] [charge_scheduler]: [执行事件] loop=open plan_v=0 C1 type=target_service target=10 station_ord=0 planned_finish=235.43 actual_finish=235.43 dev=+0.00 injected=0.0
[charge_scheduler-1] [INFO] [1785240699.439951709] [charge_scheduler]: [执行事件] loop=open plan_v=0 C2 type=target_service target=6 station_ord=0 planned_finish=213.04 actual_finish=244.02 dev=+30.98 injected=0.0
[charge_scheduler-1] [INFO] [1785240699.439957390] [charge_scheduler]: [执行事件] loop=open plan_v=0 C1 type=station_turnaround target=-1 station_ord=2 planned_finish=247.09 actual_finish=247.09 dev=+0.00 injected=0.0
[charge_scheduler-1] [INFO] [1785240699.439962965] [charge_scheduler]: [执行事件] loop=open plan_v=0 C3 type=target_service target=16 station_ord=0 planned_finish=218.19 actual_finish=250.42 dev=+32.24 injected=0.0
[charge_scheduler-1] [INFO] [1785240699.439968719] [charge_scheduler]: [执行事件] loop=open plan_v=0 C2 type=station_turnaround target=-1 station_ord=2 planned_finish=225.74 actual_finish=256.72 dev=+30.98 injected=0.0
[charge_scheduler-1] [INFO] [1785240699.439974342] [charge_scheduler]: [执行事件] loop=open plan_v=0 C3 type=station_turnaround target=-1 station_ord=2 planned_finish=230.91 actual_finish=263.14 dev=+32.24 injected=0.0
[charge_scheduler-1] [INFO] [1785240699.439980003] [charge_scheduler]: [执行事件] loop=open plan_v=0 C1 type=target_service target=20 station_ord=0 planned_finish=295.02 actual_finish=295.02 dev=+0.00 injected=0.0
[charge_scheduler-1] [INFO] [1785240699.439985640] [charge_scheduler]: [执行事件] loop=open plan_v=0 C2 type=target_service target=19 station_ord=0 planned_finish=263.43 actual_finish=295.38 dev=+31.96 injected=0.0
[charge_scheduler-1] [INFO] [1785240699.439991264] [charge_scheduler]: [执行事件] loop=open plan_v=0 C3 type=target_service target=23 station_ord=0 planned_finish=276.88 actual_finish=309.42 dev=+32.54 injected=0.0
[charge_scheduler-1] [INFO] [1785240699.439996868] [charge_scheduler]: [执行事件] loop=open plan_v=0 C2 type=target_service target=25 station_ord=0 planned_finish=300.08 actual_finish=333.21 dev=+33.13 injected=0.0
[charge_scheduler-1] [INFO] [1785240699.440002714] [charge_scheduler]: [执行事件] loop=open plan_v=0 C1 type=target_service target=14 station_ord=0 planned_finish=340.80 actual_finish=340.80 dev=+0.00 injected=0.0
[charge_scheduler-1] [INFO] [1785240699.440008282] [charge_scheduler]: [执行事件] loop=open plan_v=0 C2 type=station_turnaround target=-1 station_ord=3 planned_finish=311.36 actual_finish=344.49 dev=+33.13 injected=0.0
[charge_scheduler-1] [INFO] [1785240699.440016121] [charge_scheduler]: [执行事件] loop=open plan_v=0 C1 type=final_return target=-1 station_ord=0 planned_finish=344.56 actual_finish=344.56 dev=+0.00 injected=0.0
[charge_scheduler-1] [INFO] [1785240699.440021703] [charge_scheduler]: [执行事件] loop=open plan_v=0 C3 type=target_service target=2 station_ord=0 planned_finish=322.89 actual_finish=356.17 dev=+33.28 injected=0.0
[charge_scheduler-1] [INFO] [1785240699.440027644] [charge_scheduler]: [执行事件] loop=open plan_v=0 C3 type=station_turnaround target=-1 station_ord=3 planned_finish=334.82 actual_finish=368.10 dev=+33.28 injected=0.0
[charge_scheduler-1] [INFO] [1785240699.440033691] [charge_scheduler]: [执行事件] loop=open plan_v=0 C2 type=target_service target=29 station_ord=0 planned_finish=357.00 actual_finish=390.14 dev=+33.13 injected=0.0
[charge_scheduler-1] [INFO] [1785240699.440039506] [charge_scheduler]: [执行事件] loop=open plan_v=0 C2 type=final_return target=-1 station_ord=0 planned_finish=359.18 actual_finish=392.32 dev=+33.13 injected=0.0
[charge_scheduler-1] [INFO] [1785240699.440045193] [charge_scheduler]: [执行事件] loop=open plan_v=0 C3 type=target_service target=17 station_ord=0 planned_finish=381.34 actual_finish=414.75 dev=+33.42 injected=0.0
[charge_scheduler-1] [INFO] [1785240699.440050890] [charge_scheduler]: [执行事件] loop=open plan_v=0 C3 type=final_return target=-1 station_ord=0 planned_finish=384.13 actual_finish=417.54 dev=+33.42 injected=0.0
[charge_scheduler-1] [INFO] [1785240699.440065180] [charge_scheduler]: [执行事件] loop=closed plan_v=0 C1 type=target_service target=27 station_ord=0 planned_finish=6.36 actual_finish=6.36 dev=+0.00 injected=0.0
[charge_scheduler-1] [INFO] [1785240699.440071208] [charge_scheduler]: [执行事件] loop=closed plan_v=0 C3 type=target_service target=12 station_ord=0 planned_finish=8.58 actual_finish=8.58 dev=+0.00 injected=0.0
[charge_scheduler-1] [INFO] [1785240699.440078115] [charge_scheduler]: [执行事件] loop=closed plan_v=0 C1 type=target_service target=21 station_ord=0 planned_finish=14.00 actual_finish=14.00 dev=+0.00 injected=0.0
[charge_scheduler-1] [INFO] [1785240699.440083508] [charge_scheduler]: [执行事件] loop=closed plan_v=0 C2 type=target_service target=8 station_ord=0 planned_finish=16.35 actual_finish=16.35 dev=+0.00 injected=0.0
[charge_scheduler-1] [INFO] [1785240699.440089015] [charge_scheduler]: [执行事件] loop=closed plan_v=0 C1 type=target_service target=4 station_ord=0 planned_finish=27.43 actual_finish=27.43 dev=+0.00 injected=0.0
[charge_scheduler-1] [INFO] [1785240699.440094433] [charge_scheduler]: [执行事件] loop=closed plan_v=0 C3 type=target_service target=3 station_ord=0 planned_finish=33.49 actual_finish=33.49 dev=+0.00 injected=0.0
[charge_scheduler-1] [INFO] [1785240699.440100942] [charge_scheduler]: [执行事件] loop=closed plan_v=0 C2 type=target_service target=22 station_ord=0 planned_finish=48.17 actual_finish=48.17 dev=+0.00 injected=0.0
[charge_scheduler-1] [INFO] [1785240699.440106737] [charge_scheduler]: [执行事件] loop=closed plan_v=0 C1 type=target_service target=15 station_ord=0 planned_finish=52.05 actual_finish=52.05 dev=+0.00 injected=0.0
[charge_scheduler-1] [INFO] [1785240699.440112167] [charge_scheduler]: [执行事件] loop=closed plan_v=0 C3 type=target_service target=11 station_ord=0 planned_finish=72.84 actual_finish=72.84 dev=+0.00 injected=0.0
[charge_scheduler-1] [INFO] [1785240699.440118282] [charge_scheduler]: [执行事件] loop=closed plan_v=0 C2 type=target_service target=7 station_ord=0 planned_finish=73.54 actual_finish=73.54 dev=+0.00 injected=0.0
[charge_scheduler-1] [INFO] [1785240699.440123780] [charge_scheduler]: [执行事件] loop=closed plan_v=0 C1 type=target_service target=9 station_ord=0 planned_finish=84.72 actual_finish=84.72 dev=+0.00 injected=0.0
[charge_scheduler-1] [INFO] [1785240699.440129197] [charge_scheduler]: [执行事件] loop=closed plan_v=0 C3 type=target_service target=18 station_ord=0 planned_finish=97.30 actual_finish=97.30 dev=+0.00 injected=0.0
[charge_scheduler-1] [INFO] [1785240699.440134833] [charge_scheduler]: [执行事件] loop=closed plan_v=0 C2 type=target_service target=28 station_ord=0 planned_finish=108.18 actual_finish=108.18 dev=+0.00 injected=0.0
[charge_scheduler-1] [INFO] [1785240699.440140537] [charge_scheduler]: [执行事件] loop=closed plan_v=0 C1 type=target_service target=1 station_ord=0 planned_finish=110.16 actual_finish=110.16 dev=+0.00 injected=0.0
[charge_scheduler-1] [INFO] [1785240699.440147610] [charge_scheduler]: [执行事件] loop=closed plan_v=0 C1 type=station_turnaround target=-1 station_ord=1 planned_finish=122.58 actual_finish=122.58 dev=+0.00 injected=0.0
[charge_scheduler-1] [INFO] [1785240699.440153272] [charge_scheduler]: [执行事件] loop=closed plan_v=0 C3 type=station_turnaround target=-1 station_ord=1 planned_finish=110.11 actual_finish=140.11 dev=+30.00 injected=30.0
[charge_scheduler-1] [WARN] [1785240703.329251757] [charge_scheduler]: [重调度事件] #1 t=140.11min trigger=C3/station_turnaround dev=+30.00 pool=15 committed=1 plan_v=1 solve_ms=3889.1 changed_assign=9 changed_order=13
[charge_scheduler-1] [INFO] [1785240703.329320789] [charge_scheduler]: [执行事件] loop=closed plan_v=0 C2 type=station_turnaround target=-1 station_ord=1 planned_finish=120.21 actual_finish=150.21 dev=+30.00 injected=30.0
[charge_scheduler-1] [WARN] [1785240706.759958181] [charge_scheduler]: [重调度事件] #2 t=150.21min trigger=C2/station_turnaround dev=+30.00 pool=14 committed=2 plan_v=2 solve_ms=3430.6 changed_assign=7 changed_order=11
[charge_scheduler-1] [INFO] [1785240706.760025155] [charge_scheduler]: [执行事件] loop=closed plan_v=0 C1 type=target_service target=13 station_ord=0 planned_finish=160.34 actual_finish=160.34 dev=+0.00 injected=0.0
[charge_scheduler-1] [INFO] [1785240706.760038237] [charge_scheduler]: [执行事件] loop=closed plan_v=1 C3 type=target_service target=24 station_ord=0 planned_finish=165.93 actual_finish=165.93 dev=+0.00 injected=0.0
[charge_scheduler-1] [INFO] [1785240706.760046950] [charge_scheduler]: [执行事件] loop=closed plan_v=2 C2 type=target_service target=26 station_ord=0 planned_finish=195.83 actual_finish=195.83 dev=+0.00 injected=0.0
[charge_scheduler-1] [INFO] [1785240706.760055441] [charge_scheduler]: [执行事件] loop=closed plan_v=2 C1 type=target_service target=0 station_ord=0 planned_finish=198.44 actual_finish=198.44 dev=+0.00 injected=0.0
[charge_scheduler-1] [INFO] [1785240706.760063791] [charge_scheduler]: [执行事件] loop=closed plan_v=2 C3 type=target_service target=16 station_ord=0 planned_finish=201.59 actual_finish=201.59 dev=+0.00 injected=0.0
[charge_scheduler-1] [INFO] [1785240706.760072032] [charge_scheduler]: [执行事件] loop=closed plan_v=2 C2 type=target_service target=10 station_ord=0 planned_finish=230.58 actual_finish=230.58 dev=+0.00 injected=0.0
[charge_scheduler-1] [INFO] [1785240706.760081988] [charge_scheduler]: [执行事件] loop=closed plan_v=2 C1 type=target_service target=19 station_ord=0 planned_finish=233.25 actual_finish=233.25 dev=+0.00 injected=0.0
[charge_scheduler-1] [INFO] [1785240706.760090360] [charge_scheduler]: [执行事件] loop=closed plan_v=2 C2 type=station_turnaround target=-1 station_ord=2 planned_finish=242.23 actual_finish=242.23 dev=+0.00 injected=0.0
[charge_scheduler-1] [INFO] [1785240706.760098873] [charge_scheduler]: [执行事件] loop=closed plan_v=2 C1 type=station_turnaround target=-1 station_ord=2 planned_finish=245.45 actual_finish=245.45 dev=+0.00 injected=0.0
[charge_scheduler-1] [INFO] [1785240706.760107126] [charge_scheduler]: [执行事件] loop=closed plan_v=2 C3 type=target_service target=6 station_ord=0 planned_finish=245.60 actual_finish=245.60 dev=+0.00 injected=0.0
[charge_scheduler-1] [INFO] [1785240706.760115818] [charge_scheduler]: [执行事件] loop=closed plan_v=2 C3 type=station_turnaround target=-1 station_ord=2 planned_finish=258.30 actual_finish=258.30 dev=+0.00 injected=0.0
[charge_scheduler-1] [INFO] [1785240706.760123736] [charge_scheduler]: [执行事件] loop=closed plan_v=2 C2 type=target_service target=25 station_ord=0 planned_finish=277.01 actual_finish=277.01 dev=+0.00 injected=0.0
[charge_scheduler-1] [INFO] [1785240706.760132408] [charge_scheduler]: [执行事件] loop=closed plan_v=2 C1 type=target_service target=23 station_ord=0 planned_finish=291.73 actual_finish=291.73 dev=+0.00 injected=0.0
[charge_scheduler-1] [INFO] [1785240706.760140594] [charge_scheduler]: [执行事件] loop=closed plan_v=2 C3 type=target_service target=20 station_ord=0 planned_finish=306.24 actual_finish=306.24 dev=+0.00 injected=0.0
[charge_scheduler-1] [INFO] [1785240706.760148452] [charge_scheduler]: [执行事件] loop=closed plan_v=2 C2 type=target_service target=2 station_ord=0 planned_finish=321.52 actual_finish=321.52 dev=+0.00 injected=0.0
[charge_scheduler-1] [INFO] [1785240706.760156060] [charge_scheduler]: [执行事件] loop=closed plan_v=2 C2 type=station_turnaround target=-1 station_ord=3 planned_finish=333.44 actual_finish=333.44 dev=+0.00 injected=0.0
[charge_scheduler-1] [INFO] [1785240706.760191756] [charge_scheduler]: [执行事件] loop=closed plan_v=2 C1 type=target_service target=14 station_ord=0 planned_finish=339.03 actual_finish=339.03 dev=+0.00 injected=0.0
[charge_scheduler-1] [INFO] [1785240706.760200716] [charge_scheduler]: [执行事件] loop=closed plan_v=2 C3 type=target_service target=29 station_ord=0 planned_finish=351.17 actual_finish=351.17 dev=+0.00 injected=0.0
[charge_scheduler-1] [INFO] [1785240706.760208616] [charge_scheduler]: [执行事件] loop=closed plan_v=2 C1 type=station_turnaround target=-1 station_ord=3 planned_finish=352.79 actual_finish=352.79 dev=+0.00 injected=0.0
[charge_scheduler-1] [INFO] [1785240706.760216598] [charge_scheduler]: [执行事件] loop=closed plan_v=2 C3 type=final_return target=-1 station_ord=0 planned_finish=353.35 actual_finish=353.35 dev=+0.00 injected=0.0
[charge_scheduler-1] [INFO] [1785240706.760224416] [charge_scheduler]: [执行事件] loop=closed plan_v=2 C2 type=target_service target=17 station_ord=0 planned_finish=379.84 actual_finish=379.84 dev=+0.00 injected=0.0
[charge_scheduler-1] [INFO] [1785240706.760232217] [charge_scheduler]: [执行事件] loop=closed plan_v=2 C2 type=final_return target=-1 station_ord=0 planned_finish=382.63 actual_finish=382.63 dev=+0.00 injected=0.0
[charge_scheduler-1] [INFO] [1785240706.760241302] [charge_scheduler]: [执行事件] loop=closed plan_v=2 C1 type=target_service target=5 station_ord=0 planned_finish=399.72 actual_finish=399.72 dev=+0.00 injected=0.0
[charge_scheduler-1] [INFO] [1785240706.760248526] [charge_scheduler]: [执行事件] loop=closed plan_v=2 C1 type=final_return target=-1 station_ord=0 planned_finish=402.15 actual_finish=402.15 dev=+0.00 injected=0.0
[charge_scheduler-1] [INFO] [1785240706.760262059] [charge_scheduler]: ★闭环实验结果 mode=open M=30 K=3 disturbance=station delay=30.0 seed=8 N_late=12 T_overtime=459.138 C_total=6087.087 makespan=417.545 served=30 energy_viol=2 reschedules=0 reschedule_ms=0.000 changed_assign=0 changed_order=0 applied_target=0 applied_station=2 initial_solve_ms=60510.436
[charge_scheduler-1] [INFO] [1785240706.760278081] [charge_scheduler]: ★闭环实验结果 mode=closed M=30 K=3 disturbance=station delay=30.0 seed=8 N_late=6 T_overtime=486.234 C_total=5667.687 makespan=402.154 served=30 energy_viol=0 reschedules=2 reschedule_ms=7319.646 changed_assign=16 changed_order=24 applied_target=0 applied_station=2 initial_solve_ms=60510.436
[charge_scheduler-1] [INFO] [1785240706.760287253] [charge_scheduler]: ★闭环实验收益 M=30 K=3 disturbance=station delay=30.0 seed=8 recovered_late=6 overtime_reduction=-27.096 distance_delta=-419.400 makespan_reduction=15.390
[WARNING] [launch]: user interrupted with ctrl-c (SIGINT)
[WARNING] [launch]: user interrupted with ctrl-c (SIGINT) again, ignoring...
[INFO] [charge_scheduler-1]: sending signal 'SIGINT' to process[charge_scheduler-1]
[charge_scheduler-1] [INFO] [1785240706.880177504] [rclcpp]: signal_handler(signum=2)
[ERROR] [charge_scheduler-1]: process has died [pid 25155, exit code -2, cmd '/home/yy/controller/shared_dir/Comprehensive_Road_Testing/install/task_planner/lib/task_planner/charge_scheduler --ros-args -r __node:=charge_scheduler --params-file /home/yy/controller/shared_dir/Comprehensive_Road_Testing/install/task_planner/share/task_planner/config/charge_scheduler.param.yaml'].
