[INFO] [launch]: All log files can be found below /root/.ros/log/2026-07-28-12-30-00-073395-YYYY-27696
[INFO] [launch]: Default logging verbosity is set to INFO
[INFO] [charge_scheduler-1]: process started with pid [27699]
[charge_scheduler-1] [INFO] [1785241800.249313324] [charge_scheduler]: [Scheduler] 30辆车 | 电池800.0kWh(20%=160.0 80%=640.0) | 充电360kW效率97% | 行驶0.6kWh/km | 桩350kW
[charge_scheduler-1] [INFO] [1785241800.250087677] [charge_scheduler]: [Scheduler] 站端周转: 换电 10 min(换后满电) | 单趟可用 640 kWh
[charge_scheduler-1] [INFO] [1785241800.250124405] [charge_scheduler]:   车#0 [电动装载机282|light] 位置(-47.3,-2.6) 容量282kWh 剩余35% | α=6→6min/% τ=168min → 需130.8kWh(充21.2min)
[charge_scheduler-1] [INFO] [1785241800.250141623] [charge_scheduler]:   车#1 [重型叉车|light] 位置(-44.0,-64.1) 容量200kWh 剩余20% | α=6→6min/% τ=96min → 需123.7kWh(充20.0min)
[charge_scheduler-1] [INFO] [1785241800.250158611] [charge_scheduler]:   车#2 [电动装载机350|light] 位置(-51.1,-38.8) 容量350kWh 剩余50% | α=6→6min/% τ=288min → 需108.2kWh(充17.5min)
[charge_scheduler-1] [INFO] [1785241800.250169663] [charge_scheduler]:   车#3 [重型叉车|light] 位置(-71.0,-19.0) 容量200kWh 剩余10% | α=6→6min/% τ=32min → 需144.3kWh(充23.3min)
[charge_scheduler-1] [INFO] [1785241800.250179692] [charge_scheduler]:   车#4 [电动装载机282|heavy→降级] 位置(-93.3,6.6) 容量282kWh 剩余60% | α=3→6min/% τ=212min → 需58.1kWh(充9.4min)
[charge_scheduler-1] [INFO] [1785241800.250190828] [charge_scheduler]:   车#5 [电动装载机350|light] 位置(-104.4,47.7) 容量350kWh 剩余25% | α=6→6min/% τ=128min → 需198.5kWh(充32.1min)
[charge_scheduler-1] [INFO] [1785241800.250200917] [charge_scheduler]:   车#6 [电动装载机350|heavy→降级] 位置(-37.0,-75.1) 容量350kWh 剩余40% | α=4→6min/% τ=176min → 需144.3kWh(充23.3min)
[charge_scheduler-1] [INFO] [1785241800.250210283] [charge_scheduler]:   车#7 [重型叉车|light] 位置(-88.8,-37.1) 容量200kWh 剩余15% | α=6→6min/% τ=64min → 需134.0kWh(充21.7min)
[charge_scheduler-1] [INFO] [1785241800.250221104] [charge_scheduler]:   车#8 [电动装载机282|heavy→降级] 位置(-70.9,27.7) 容量282kWh 剩余55% | α=3→6min/% τ=196min → 需72.7kWh(充11.8min)
[charge_scheduler-1] [INFO] [1785241800.250230882] [charge_scheduler]:   车#9 [电动装载机282|heavy→降级] 位置(-35.4,-47.4) 容量282kWh 剩余30% | α=3→6min/% τ=116min → 需145.4kWh(充23.5min)
[charge_scheduler-1] [INFO] [1785241800.250240106] [charge_scheduler]:   车#10 [电动装载机282|light] 位置(-100.0,-1.0) 容量282kWh 剩余45% | α=6→6min/% τ=224min → 需101.8kWh(充16.4min)
[charge_scheduler-1] [INFO] [1785241800.250249553] [charge_scheduler]:   车#11 [电动装载机350|light] 位置(-72.8,-15.6) 容量350kWh 剩余18% | α=6→6min/% τ=83min → 需223.7kWh(充36.2min)
[charge_scheduler-1] [INFO] [1785241800.250259362] [charge_scheduler]:   车#12 [重型叉车|heavy→降级] 位置(-61.7,-20.7) 容量200kWh 剩余62% | α=3→6min/% τ=230min → 需37.1kWh(充6.0min)
[charge_scheduler-1] [INFO] [1785241800.250268639] [charge_scheduler]:   车#13 [电动装载机282|light] 位置(-133.0,-25.3) 容量282kWh 剩余28% | α=6→6min/% τ=129min → 需151.2kWh(充24.4min)
[charge_scheduler-1] [INFO] [1785241800.250277878] [charge_scheduler]:   车#14 [电动装载机350|light] 位置(-132.0,-8.9) 容量350kWh 剩余52% | α=6→6min/% τ=301min → 需101.0kWh(充16.3min)
[charge_scheduler-1] [INFO] [1785241800.250288511] [charge_scheduler]:   车#15 [重型叉车|light] 位置(-120.0,7.9) 容量200kWh 剩余12% | α=6→6min/% τ=45min → 需140.2kWh(充22.7min)
[charge_scheduler-1] [INFO] [1785241800.250299750] [charge_scheduler]:   车#16 [电动装载机282|light] 位置(-43.8,-82.9) 容量282kWh 剩余38% | α=6→6min/% τ=185min → 需122.1kWh(充19.7min)
[charge_scheduler-1] [INFO] [1785241800.250312414] [charge_scheduler]:   车#17 [电动装载机350|light] 位置(-31.1,-74.7) 容量350kWh 剩余58% | α=6→6min/% τ=339min → 需79.4kWh(充12.8min)
[charge_scheduler-1] [INFO] [1785241800.250322915] [charge_scheduler]:   车#18 [重型叉车|heavy→降级] 位置(-75.4,-68.2) 容量200kWh 剩余22% | α=3→6min/% τ=102min → 需119.6kWh(充19.3min)
[charge_scheduler-1] [INFO] [1785241800.250337200] [charge_scheduler]:   车#19 [电动装载机282|light] 位置(-88.2,47.1) 容量282kWh 剩余48% | α=6→6min/% τ=241min → 需93.0kWh(充15.0min)
[charge_scheduler-1] [INFO] [1785241800.250350883] [charge_scheduler]:   车#20 [电动装载机350|light] 位置(-71.4,16.3) 容量350kWh 剩余33% | α=6→6min/% τ=179min → 需169.6kWh(充27.4min)
[charge_scheduler-1] [INFO] [1785241800.250405362] [charge_scheduler]:   车#21 [重型叉车|heavy→降级] 位置(-122.0,-0.6) 容量200kWh 剩余65% | α=3→6min/% τ=240min → 需30.9kWh(充5.0min)
[charge_scheduler-1] [INFO] [1785241800.250419505] [charge_scheduler]:   车#22 [电动装载机282|light] 位置(-71.6,11.6) 容量282kWh 剩余16% | α=6→6min/% τ=62min → 需186.1kWh(充30.1min)
[charge_scheduler-1] [INFO] [1785241800.250434187] [charge_scheduler]:   车#23 [电动装载机350|light] 位置(-131.0,37.2) 容量350kWh 剩余42% | α=6→6min/% τ=237min → 需137.1kWh(充22.2min)
[charge_scheduler-1] [INFO] [1785241800.250448241] [charge_scheduler]:   车#24 [重型叉车|heavy→降级] 位置(-51.3,5.9) 容量200kWh 剩余25% | α=3→6min/% τ=112min → 需113.4kWh(充18.3min)
[charge_scheduler-1] [INFO] [1785241800.250462103] [charge_scheduler]:   车#25 [电动装载机282|light] 位置(-62.2,-10.7) 容量282kWh 剩余55% | α=6→6min/% τ=280min → 需72.7kWh(充11.8min)
[charge_scheduler-1] [INFO] [1785241800.250477737] [charge_scheduler]:   车#26 [电动装载机350|light] 位置(-116.0,60.4) 容量350kWh 剩余30% | α=6→6min/% τ=160min → 需180.4kWh(充29.2min)
[charge_scheduler-1] [INFO] [1785241800.250489904] [charge_scheduler]:   车#27 [重型叉车|heavy→降级] 位置(-90.4,60.5) 容量200kWh 剩余68% | α=3→6min/% τ=250min → 需24.7kWh(充4.0min)
[charge_scheduler-1] [INFO] [1785241800.250504429] [charge_scheduler]:   车#28 [电动装载机282|light] 位置(-85.5,-46.0) 容量282kWh 剩余20% | α=6→6min/% τ=84min → 需174.4kWh(充28.2min)
[charge_scheduler-1] [INFO] [1785241800.250515475] [charge_scheduler]:   车#29 [电动装载机350|light] 位置(-87.0,-36.6) 容量350kWh 剩余36% | α=6→6min/% τ=198min → 需158.8kWh(充25.7min)
[charge_scheduler-1] [INFO] [1785241800.264974610] [charge_scheduler]: [Scheduler] 闭环接口: threshold=10.0min | event_sim=on | structured_feedback=optional (/task_planner/execution_event)
[charge_scheduler-1] [INFO] [1785241800.265032790] [charge_scheduler]: [Scheduler] 已启动, 等待地图...
[charge_scheduler-1] [INFO] [1785241800.341124704] [charge_scheduler]: [Scheduler] RoutingGraph 就绪
[charge_scheduler-1] [INFO] [1785241800.341522955] [charge_scheduler]: [Scheduler] 提取到 6 条虚线捷径
[charge_scheduler-1] [INFO] [1785241800.369850296] [charge_scheduler]: [Scheduler] 下层兼容增强图: 166 节点, 6 条虚线掉头边
[charge_scheduler-1] [INFO] [1785241809.122997354] [charge_scheduler]: [Scheduler] 距离矩阵完成 31x31, 8753.1 ms | 模式=maneuver | 真实不可达=0 抽象不可达=0 | 缺少对向投影节点=0
[charge_scheduler-1] [INFO] [1785241809.123094673] [charge_scheduler]:   ✓ 比值自检：930 个 OD 满足 机动/直线≥1 | 均值=2.97 最大=42.81 (车#15→车#21)
[charge_scheduler-1] [INFO] [1785241809.123111563] [charge_scheduler]: [Scheduler] 地图就绪, 166 条 lanelet（与下层一致）
[charge_scheduler-1] [INFO] [1785241809.123177204] [charge_scheduler]: ======== 开始VRPTW调度 30 辆车 ========
[charge_scheduler-1] [INFO] [1785241809.123200825] [charge_scheduler]:   规模30>8 → 启发式(alns)
[charge_scheduler-1] [INFO] [1785241868.656448645] [charge_scheduler]: [ALNS] seed=3 iters=15000 | N_late=2(成功率93.3%) T_overtime=213.3min C_total=5859.8m | 趟数=11 makespan=377.6min
[charge_scheduler-1] [INFO] [1785241868.656501302] [charge_scheduler]:   求解耗时 59533.3 ms
[charge_scheduler-1] [INFO] [1785241868.656511326] [charge_scheduler]: ════════ 调度结果 ════════
[charge_scheduler-1] [INFO] [1785241868.656517478] [charge_scheduler]:   ★目标(字典序): ① N_late=2 辆 (按时成功率 28/30 = 93.3%)  ② T_overtime=213.3min  ③ C_total=5859.8m
[charge_scheduler-1] [INFO] [1785241868.656525273] [charge_scheduler]:   附: 趟数=11 | makespan=377.6min | 能量可行=是
[charge_scheduler-1] [INFO] [1785241868.656542664] [charge_scheduler]:   [充电车1] 趟1: 站 → 车#3(到1.3/限32.0✓) → 车#11(到24.9/限83.2✓) → 车#9(到64.3/限116.0✓) → 站
[charge_scheduler-1] [INFO] [1785241868.656550473] [charge_scheduler]:   [充电车2] 趟2: 站 → 车#27(到2.1/限249.6✓) → 车#21(到8.2/限240.0✓) → 车#12(到16.2/限230.4✓) → 车#15(到25.1/限44.8✓) → 车#7(到50.9/限64.0✓) → 车#28(到75.5/限84.0✓) → 站
[charge_scheduler-1] [INFO] [1785241868.656557365] [charge_scheduler]:   [充电车3] 趟3: 站 → 车#4(到1.4/限212.0✓) → 车#8(到13.7/限196.0✓) → 车#22(到27.8/限61.6✓) → 车#1(到61.7/限96.0✓) → 车#18(到85.7/限102.4✓) → 站
[charge_scheduler-1] [INFO] [1785241868.656587968] [charge_scheduler]:   [充电车1] 趟4: 站 → 车#24(到108.3/限112.0✓) → 车#26(到134.9/限160.0✓) → 站
[charge_scheduler-1] [INFO] [1785241868.656593707] [charge_scheduler]:   [充电车2] 趟5: 站 → 车#5(到125.3/限128.0✓) → 车#6(到171.9/限176.0✓) → 站
[charge_scheduler-1] [INFO] [1785241868.656598958] [charge_scheduler]:   [充电车3] 趟6: 站 → 车#13(到125.4/限128.8✓) → 车#0(到163.6/限168.0✓) → 车#10(到202.1/限224.0✓) → 站
[charge_scheduler-1] [INFO] [1785241868.656603686] [charge_scheduler]:   [充电车1] 趟7: 站 → 车#29(到191.6/限198.4✓) → 车#19(到237.5/限240.8✓) → 站
[charge_scheduler-1] [INFO] [1785241868.656608259] [charge_scheduler]:   [充电车2] 趟8: 站 → 车#23(到230.5/限236.8✓) → 车#25(到277.1/限280.0✓) → 站
[charge_scheduler-1] [INFO] [1785241868.656614863] [charge_scheduler]:   [充电车1] 趟9: 站 → 车#2(到286.7/限288.0✓) → 车#17(到331.7/限339.2✓) → 站
[charge_scheduler-1] [INFO] [1785241868.656619358] [charge_scheduler]:   [充电车2] 趟10: 站 → 车#16(到326.0/限184.8✗超时) → 站
[charge_scheduler-1] [INFO] [1785241868.656624262] [charge_scheduler]:   [充电车3] 趟11: 站 → 车#20(到251.3/限179.2✗超时) → 车#14(到297.4/限300.8✓) → 站
[charge_scheduler-1] [INFO] [1785241868.656627827] [charge_scheduler]: ════════════════════════
[charge_scheduler-1] [INFO] [1785241868.656694495] [charge_scheduler]: [扰动清单] type=combined delay=60.0min targets={13,22,} station={C1-S1,C2-S1,}
[charge_scheduler-1] [INFO] [1785241868.656710878] [charge_scheduler]: [执行事件] loop=open plan_v=0 C2 type=target_service target=27 station_ord=0 planned_finish=6.36 actual_finish=6.36 dev=+0.00 injected=0.0
[charge_scheduler-1] [INFO] [1785241868.656718619] [charge_scheduler]: [执行事件] loop=open plan_v=0 C3 type=target_service target=4 station_ord=0 planned_finish=11.04 actual_finish=11.04 dev=+0.00 injected=0.0
[charge_scheduler-1] [INFO] [1785241868.656725138] [charge_scheduler]: [执行事件] loop=open plan_v=0 C2 type=target_service target=21 station_ord=0 planned_finish=14.00 actual_finish=14.00 dev=+0.00 injected=0.0
[charge_scheduler-1] [INFO] [1785241868.656731196] [charge_scheduler]: [执行事件] loop=open plan_v=0 C2 type=target_service target=12 station_ord=0 planned_finish=23.83 actual_finish=23.83 dev=+0.00 injected=0.0
[charge_scheduler-1] [INFO] [1785241868.656737208] [charge_scheduler]: [执行事件] loop=open plan_v=0 C1 type=target_service target=3 station_ord=0 planned_finish=24.73 actual_finish=24.73 dev=+0.00 injected=0.0
[charge_scheduler-1] [INFO] [1785241868.656743138] [charge_scheduler]: [执行事件] loop=open plan_v=0 C3 type=target_service target=8 station_ord=0 planned_finish=27.46 actual_finish=27.46 dev=+0.00 injected=0.0
[charge_scheduler-1] [INFO] [1785241868.656749295] [charge_scheduler]: [执行事件] loop=open plan_v=0 C2 type=target_service target=15 station_ord=0 planned_finish=49.07 actual_finish=49.07 dev=+0.00 injected=0.0
[charge_scheduler-1] [INFO] [1785241868.656755321] [charge_scheduler]: [执行事件] loop=open plan_v=0 C1 type=target_service target=11 station_ord=0 planned_finish=63.29 actual_finish=63.29 dev=+0.00 injected=0.0
[charge_scheduler-1] [INFO] [1785241868.656761362] [charge_scheduler]: [执行事件] loop=open plan_v=0 C2 type=target_service target=7 station_ord=0 planned_finish=75.27 actual_finish=75.27 dev=+0.00 injected=0.0
[charge_scheduler-1] [INFO] [1785241868.656767493] [charge_scheduler]: [执行事件] loop=open plan_v=0 C1 type=target_service target=9 station_ord=0 planned_finish=95.19 actual_finish=95.19 dev=+0.00 injected=0.0
[charge_scheduler-1] [INFO] [1785241868.656774075] [charge_scheduler]: [执行事件] loop=open plan_v=0 C2 type=target_service target=28 station_ord=0 planned_finish=110.06 actual_finish=110.06 dev=+0.00 injected=0.0
[charge_scheduler-1] [INFO] [1785241868.656780711] [charge_scheduler]: [执行事件] loop=open plan_v=0 C3 type=target_service target=22 station_ord=0 planned_finish=60.21 actual_finish=120.21 dev=+60.00 injected=60.0
[charge_scheduler-1] [INFO] [1785241868.656787495] [charge_scheduler]: [执行事件] loop=open plan_v=0 C3 type=target_service target=1 station_ord=0 planned_finish=84.95 actual_finish=146.73 dev=+61.78 injected=0.0
[charge_scheduler-1] [INFO] [1785241868.656794072] [charge_scheduler]: [执行事件] loop=open plan_v=0 C1 type=station_turnaround target=-1 station_ord=1 planned_finish=107.48 actual_finish=167.48 dev=+60.00 injected=60.0
[charge_scheduler-1] [INFO] [1785241868.656804389] [charge_scheduler]: [执行事件] loop=open plan_v=0 C3 type=target_service target=18 station_ord=0 planned_finish=109.82 actual_finish=172.48 dev=+62.65 injected=0.0
[charge_scheduler-1] [INFO] [1785241868.656810647] [charge_scheduler]: [执行事件] loop=open plan_v=0 C2 type=station_turnaround target=-1 station_ord=1 planned_finish=122.09 actual_finish=182.09 dev=+60.00 injected=60.0
[charge_scheduler-1] [INFO] [1785241868.656817686] [charge_scheduler]: [执行事件] loop=open plan_v=0 C3 type=station_turnaround target=-1 station_ord=1 planned_finish=122.63 actual_finish=185.28 dev=+62.65 injected=0.0
[charge_scheduler-1] [INFO] [1785241868.656824781] [charge_scheduler]: [执行事件] loop=open plan_v=0 C1 type=target_service target=24 station_ord=0 planned_finish=133.10 actual_finish=193.30 dev=+60.19 injected=0.0
[charge_scheduler-1] [INFO] [1785241868.656831284] [charge_scheduler]: [执行事件] loop=open plan_v=0 C2 type=target_service target=5 station_ord=0 planned_finish=168.77 actual_finish=229.02 dev=+60.25 injected=0.0
[charge_scheduler-1] [INFO] [1785241868.656837727] [charge_scheduler]: [执行事件] loop=open plan_v=0 C1 type=target_service target=26 station_ord=0 planned_finish=176.36 actual_finish=238.84 dev=+62.48 injected=0.0
[charge_scheduler-1] [INFO] [1785241868.656844073] [charge_scheduler]: [执行事件] loop=open plan_v=0 C1 type=station_turnaround target=-1 station_ord=2 planned_finish=189.66 actual_finish=252.14 dev=+62.48 injected=0.0
[charge_scheduler-1] [INFO] [1785241868.656851412] [charge_scheduler]: [执行事件] loop=open plan_v=0 C2 type=target_service target=6 station_ord=0 planned_finish=215.28 actual_finish=275.90 dev=+60.62 injected=0.0
[charge_scheduler-1] [INFO] [1785241868.656857790] [charge_scheduler]: [执行事件] loop=open plan_v=0 C3 type=target_service target=13 station_ord=0 planned_finish=160.39 actual_finish=283.33 dev=+122.94 injected=60.0
[charge_scheduler-1] [INFO] [1785241868.656864162] [charge_scheduler]: [执行事件] loop=open plan_v=0 C2 type=station_turnaround target=-1 station_ord=2 planned_finish=227.98 actual_finish=288.60 dev=+60.62 injected=0.0
[charge_scheduler-1] [INFO] [1785241868.656870234] [charge_scheduler]: [执行事件] loop=open plan_v=0 C1 type=target_service target=29 station_ord=0 planned_finish=234.68 actual_finish=297.78 dev=+63.10 injected=0.0
[charge_scheduler-1] [INFO] [1785241868.656876324] [charge_scheduler]: [执行事件] loop=open plan_v=0 C3 type=target_service target=0 station_ord=0 planned_finish=198.49 actual_finish=321.80 dev=+123.31 injected=0.0
[charge_scheduler-1] [INFO] [1785241868.656882915] [charge_scheduler]: [执行事件] loop=open plan_v=0 C2 type=target_service target=23 station_ord=0 planned_finish=273.69 actual_finish=334.88 dev=+61.20 injected=0.0
[charge_scheduler-1] [INFO] [1785241868.656889101] [charge_scheduler]: [执行事件] loop=open plan_v=0 C1 type=target_service target=19 station_ord=0 planned_finish=272.50 actual_finish=335.88 dev=+63.38 injected=0.0
[charge_scheduler-1] [INFO] [1785241868.656895356] [charge_scheduler]: [执行事件] loop=open plan_v=0 C1 type=station_turnaround target=-1 station_ord=3 planned_finish=284.70 actual_finish=348.08 dev=+63.38 injected=0.0
[charge_scheduler-1] [INFO] [1785241868.656902839] [charge_scheduler]: [执行事件] loop=open plan_v=0 C3 type=target_service target=10 station_ord=0 planned_finish=235.50 actual_finish=360.64 dev=+125.15 injected=0.0
[charge_scheduler-1] [INFO] [1785241868.656909338] [charge_scheduler]: [执行事件] loop=open plan_v=0 C3 type=station_turnaround target=-1 station_ord=2 planned_finish=247.15 actual_finish=372.29 dev=+125.15 injected=0.0
[charge_scheduler-1] [INFO] [1785241868.656915872] [charge_scheduler]: [执行事件] loop=open plan_v=0 C2 type=target_service target=25 station_ord=0 planned_finish=312.14 actual_finish=373.58 dev=+61.44 injected=0.0
[charge_scheduler-1] [INFO] [1785241868.656922161] [charge_scheduler]: [执行事件] loop=open plan_v=0 C2 type=station_turnaround target=-1 station_ord=3 planned_finish=323.42 actual_finish=384.85 dev=+61.44 injected=0.0
[charge_scheduler-1] [INFO] [1785241868.656928494] [charge_scheduler]: [执行事件] loop=open plan_v=0 C1 type=target_service target=2 station_ord=0 planned_finish=330.37 actual_finish=393.87 dev=+63.49 injected=0.0
[charge_scheduler-1] [INFO] [1785241868.656937534] [charge_scheduler]: [执行事件] loop=open plan_v=0 C3 type=target_service target=20 station_ord=0 planned_finish=295.09 actual_finish=420.23 dev=+125.15 injected=0.0
[charge_scheduler-1] [INFO] [1785241868.656943793] [charge_scheduler]: [执行事件] loop=open plan_v=0 C2 type=target_service target=16 station_ord=0 planned_finish=361.24 actual_finish=422.68 dev=+61.44 injected=0.0
[charge_scheduler-1] [INFO] [1785241868.656949753] [charge_scheduler]: [执行事件] loop=open plan_v=0 C2 type=final_return target=-1 station_ord=0 planned_finish=363.96 actual_finish=425.40 dev=+61.44 injected=0.0
[charge_scheduler-1] [INFO] [1785241868.656955529] [charge_scheduler]: [执行事件] loop=open plan_v=0 C1 type=target_service target=17 station_ord=0 planned_finish=374.76 actual_finish=438.94 dev=+64.18 injected=0.0
[charge_scheduler-1] [INFO] [1785241868.656961439] [charge_scheduler]: [执行事件] loop=open plan_v=0 C1 type=final_return target=-1 station_ord=0 planned_finish=377.56 actual_finish=441.74 dev=+64.18 injected=0.0
[charge_scheduler-1] [INFO] [1785241868.656967041] [charge_scheduler]: [执行事件] loop=open plan_v=0 C3 type=target_service target=14 station_ord=0 planned_finish=340.86 actual_finish=466.32 dev=+125.45 injected=0.0
[charge_scheduler-1] [INFO] [1785241868.656972882] [charge_scheduler]: [执行事件] loop=open plan_v=0 C3 type=final_return target=-1 station_ord=0 planned_finish=344.63 actual_finish=470.08 dev=+125.45 injected=0.0
[charge_scheduler-1] [INFO] [1785241868.656987200] [charge_scheduler]: [执行事件] loop=closed plan_v=0 C2 type=target_service target=27 station_ord=0 planned_finish=6.36 actual_finish=6.36 dev=+0.00 injected=0.0
[charge_scheduler-1] [INFO] [1785241868.656993174] [charge_scheduler]: [执行事件] loop=closed plan_v=0 C3 type=target_service target=4 station_ord=0 planned_finish=11.04 actual_finish=11.04 dev=+0.00 injected=0.0
[charge_scheduler-1] [INFO] [1785241868.656999096] [charge_scheduler]: [执行事件] loop=closed plan_v=0 C2 type=target_service target=21 station_ord=0 planned_finish=14.00 actual_finish=14.00 dev=+0.00 injected=0.0
[charge_scheduler-1] [INFO] [1785241868.657004992] [charge_scheduler]: [执行事件] loop=closed plan_v=0 C2 type=target_service target=12 station_ord=0 planned_finish=23.83 actual_finish=23.83 dev=+0.00 injected=0.0
[charge_scheduler-1] [INFO] [1785241868.657010947] [charge_scheduler]: [执行事件] loop=closed plan_v=0 C1 type=target_service target=3 station_ord=0 planned_finish=24.73 actual_finish=24.73 dev=+0.00 injected=0.0
[charge_scheduler-1] [INFO] [1785241868.657017496] [charge_scheduler]: [执行事件] loop=closed plan_v=0 C3 type=target_service target=8 station_ord=0 planned_finish=27.46 actual_finish=27.46 dev=+0.00 injected=0.0
[charge_scheduler-1] [INFO] [1785241868.657024874] [charge_scheduler]: [执行事件] loop=closed plan_v=0 C2 type=target_service target=15 station_ord=0 planned_finish=49.07 actual_finish=49.07 dev=+0.00 injected=0.0
[charge_scheduler-1] [INFO] [1785241868.657031038] [charge_scheduler]: [执行事件] loop=closed plan_v=0 C1 type=target_service target=11 station_ord=0 planned_finish=63.29 actual_finish=63.29 dev=+0.00 injected=0.0
[charge_scheduler-1] [INFO] [1785241868.657036914] [charge_scheduler]: [执行事件] loop=closed plan_v=0 C2 type=target_service target=7 station_ord=0 planned_finish=75.27 actual_finish=75.27 dev=+0.00 injected=0.0
[charge_scheduler-1] [INFO] [1785241868.657042871] [charge_scheduler]: [执行事件] loop=closed plan_v=0 C1 type=target_service target=9 station_ord=0 planned_finish=95.19 actual_finish=95.19 dev=+0.00 injected=0.0
[charge_scheduler-1] [INFO] [1785241868.657048853] [charge_scheduler]: [执行事件] loop=closed plan_v=0 C2 type=target_service target=28 station_ord=0 planned_finish=110.06 actual_finish=110.06 dev=+0.00 injected=0.0
[charge_scheduler-1] [INFO] [1785241868.657054915] [charge_scheduler]: [执行事件] loop=closed plan_v=0 C3 type=target_service target=22 station_ord=0 planned_finish=60.21 actual_finish=120.21 dev=+60.00 injected=60.0
[charge_scheduler-1] [WARN] [1785241875.558699432] [charge_scheduler]: [重调度事件] #1 t=120.21min trigger=C3/target_service dev=+60.00 pool=18 committed=0 plan_v=1 solve_ms=6901.6 changed_assign=14 changed_order=17
[charge_scheduler-1] [INFO] [1785241875.558747842] [charge_scheduler]: [执行事件] loop=closed plan_v=1 C3 type=target_service target=5 station_ord=0 planned_finish=165.75 actual_finish=165.75 dev=+0.00 injected=0.0
[charge_scheduler-1] [INFO] [1785241875.558800493] [charge_scheduler]: [执行事件] loop=closed plan_v=0 C1 type=station_turnaround target=-1 station_ord=1 planned_finish=107.48 actual_finish=167.48 dev=+60.00 injected=60.0
[charge_scheduler-1] [WARN] [1785241881.811924879] [charge_scheduler]: [重调度事件] #2 t=167.48min trigger=C1/station_turnaround dev=+60.00 pool=17 committed=0 plan_v=2 solve_ms=6253.1 changed_assign=12 changed_order=16
[charge_scheduler-1] [INFO] [1785241881.811988685] [charge_scheduler]: [执行事件] loop=closed plan_v=1 C3 type=station_turnaround target=-1 station_ord=1 planned_finish=178.18 actual_finish=178.18 dev=+0.00 injected=0.0
[charge_scheduler-1] [INFO] [1785241881.811999470] [charge_scheduler]: [执行事件] loop=closed plan_v=0 C2 type=station_turnaround target=-1 station_ord=1 planned_finish=122.09 actual_finish=182.09 dev=+60.00 injected=60.0
[charge_scheduler-1] [WARN] [1785241885.676808426] [charge_scheduler]: [重调度事件] #3 t=182.09min trigger=C2/station_turnaround dev=+60.00 pool=15 committed=2 plan_v=3 solve_ms=3864.8 changed_assign=6 changed_order=10
[charge_scheduler-1] [INFO] [1785241885.676868524] [charge_scheduler]: [执行事件] loop=closed plan_v=2 C1 type=target_service target=1 station_ord=0 planned_finish=194.78 actual_finish=194.78 dev=+0.00 injected=0.0
[charge_scheduler-1] [INFO] [1785241885.676879036] [charge_scheduler]: [执行事件] loop=closed plan_v=2 C3 type=target_service target=24 station_ord=0 planned_finish=204.00 actual_finish=204.00 dev=+0.00 injected=0.0
[charge_scheduler-1] [INFO] [1785241885.676885565] [charge_scheduler]: [执行事件] loop=closed plan_v=3 C2 type=target_service target=18 station_ord=0 planned_finish=209.22 actual_finish=209.22 dev=+0.00 injected=0.0
[charge_scheduler-1] [INFO] [1785241885.676891612] [charge_scheduler]: [执行事件] loop=closed plan_v=3 C3 type=target_service target=10 station_ord=0 planned_finish=241.25 actual_finish=241.25 dev=+0.00 injected=0.0
[charge_scheduler-1] [INFO] [1785241885.676897414] [charge_scheduler]: [执行事件] loop=closed plan_v=3 C2 type=target_service target=16 station_ord=0 planned_finish=245.11 actual_finish=245.11 dev=+0.00 injected=0.0
[charge_scheduler-1] [INFO] [1785241885.676903329] [charge_scheduler]: [执行事件] loop=closed plan_v=3 C3 type=target_service target=0 station_ord=0 planned_finish=277.38 actual_finish=277.38 dev=+0.00 injected=0.0
[charge_scheduler-1] [INFO] [1785241885.676909856] [charge_scheduler]: [执行事件] loop=closed plan_v=3 C2 type=target_service target=25 station_ord=0 planned_finish=279.10 actual_finish=279.10 dev=+0.00 injected=0.0
[charge_scheduler-1] [INFO] [1785241885.676916206] [charge_scheduler]: [执行事件] loop=closed plan_v=3 C3 type=station_turnaround target=-1 station_ord=2 planned_finish=288.23 actual_finish=288.23 dev=+0.00 injected=0.0
[charge_scheduler-1] [INFO] [1785241885.676922138] [charge_scheduler]: [执行事件] loop=closed plan_v=3 C2 type=station_turnaround target=-1 station_ord=2 planned_finish=290.38 actual_finish=290.38 dev=+0.00 injected=0.0
[charge_scheduler-1] [INFO] [1785241885.676927946] [charge_scheduler]: [执行事件] loop=closed plan_v=3 C1 type=target_service target=13 station_ord=0 planned_finish=231.99 actual_finish=291.99 dev=+60.00 injected=60.0
[charge_scheduler-1] [WARN] [1785241886.244399748] [charge_scheduler]: [重调度事件] #4 t=291.99min trigger=C1/target_service dev=+60.00 pool=7 committed=2 plan_v=4 solve_ms=567.4 changed_assign=1 changed_order=6
[charge_scheduler-1] [INFO] [1785241886.244468047] [charge_scheduler]: [执行事件] loop=closed plan_v=4 C1 type=target_service target=19 station_ord=0 planned_finish=329.16 actual_finish=329.16 dev=+0.00 injected=0.0
[charge_scheduler-1] [INFO] [1785241886.244480752] [charge_scheduler]: [执行事件] loop=closed plan_v=3 C3 type=target_service target=6 station_ord=0 planned_finish=334.79 actual_finish=334.79 dev=+0.00 injected=0.0
[charge_scheduler-1] [INFO] [1785241886.244491766] [charge_scheduler]: [执行事件] loop=closed plan_v=3 C2 type=target_service target=14 station_ord=0 planned_finish=336.51 actual_finish=336.51 dev=+0.00 injected=0.0
[charge_scheduler-1] [INFO] [1785241886.244501804] [charge_scheduler]: [执行事件] loop=closed plan_v=4 C1 type=station_turnaround target=-1 station_ord=2 planned_finish=341.36 actual_finish=341.36 dev=+0.00 injected=0.0
[charge_scheduler-1] [INFO] [1785241886.244556970] [charge_scheduler]: [执行事件] loop=closed plan_v=4 C3 type=target_service target=17 station_ord=0 planned_finish=378.30 actual_finish=378.30 dev=+0.00 injected=0.0
[charge_scheduler-1] [INFO] [1785241886.244565691] [charge_scheduler]: [执行事件] loop=closed plan_v=4 C2 type=target_service target=20 station_ord=0 planned_finish=382.72 actual_finish=382.72 dev=+0.00 injected=0.0
[charge_scheduler-1] [INFO] [1785241886.244572777] [charge_scheduler]: [执行事件] loop=closed plan_v=4 C1 type=target_service target=29 station_ord=0 planned_finish=387.01 actual_finish=387.01 dev=+0.00 injected=0.0
[charge_scheduler-1] [INFO] [1785241886.244580127] [charge_scheduler]: [执行事件] loop=closed plan_v=4 C3 type=station_turnaround target=-1 station_ord=3 planned_finish=391.10 actual_finish=391.10 dev=+0.00 injected=0.0
[charge_scheduler-1] [INFO] [1785241886.244587548] [charge_scheduler]: [执行事件] loop=closed plan_v=4 C2 type=station_turnaround target=-1 station_ord=3 planned_finish=394.12 actual_finish=394.12 dev=+0.00 injected=0.0
[charge_scheduler-1] [INFO] [1785241886.244596753] [charge_scheduler]: [执行事件] loop=closed plan_v=4 C1 type=target_service target=2 station_ord=0 planned_finish=431.62 actual_finish=431.62 dev=+0.00 injected=0.0
[charge_scheduler-1] [INFO] [1785241886.244604435] [charge_scheduler]: [执行事件] loop=closed plan_v=4 C1 type=final_return target=-1 station_ord=0 planned_finish=433.55 actual_finish=433.55 dev=+0.00 injected=0.0
[charge_scheduler-1] [INFO] [1785241886.244612099] [charge_scheduler]: [执行事件] loop=closed plan_v=4 C3 type=target_service target=26 station_ord=0 planned_finish=437.37 actual_finish=437.37 dev=+0.00 injected=0.0
[charge_scheduler-1] [INFO] [1785241886.244620343] [charge_scheduler]: [执行事件] loop=closed plan_v=4 C2 type=target_service target=23 station_ord=0 planned_finish=440.40 actual_finish=440.40 dev=+0.00 injected=0.0
[charge_scheduler-1] [INFO] [1785241886.244627632] [charge_scheduler]: [执行事件] loop=closed plan_v=4 C3 type=final_return target=-1 station_ord=0 planned_finish=440.67 actual_finish=440.67 dev=+0.00 injected=0.0
[charge_scheduler-1] [INFO] [1785241886.244640337] [charge_scheduler]: [执行事件] loop=closed plan_v=4 C2 type=final_return target=-1 station_ord=0 planned_finish=443.47 actual_finish=443.47 dev=+0.00 injected=0.0
[charge_scheduler-1] [INFO] [1785241886.244655788] [charge_scheduler]: ★闭环实验结果 mode=open M=30 K=3 disturbance=combined delay=60.0 seed=3 N_late=18 T_overtime=1422.753 C_total=5859.828 makespan=470.083 served=30 energy_viol=4 reschedules=0 reschedule_ms=0.000 changed_assign=0 changed_order=0 applied_target=2 applied_station=2 initial_solve_ms=59533.299
[charge_scheduler-1] [INFO] [1785241886.244670339] [charge_scheduler]: ★闭环实验结果 mode=closed M=30 K=3 disturbance=combined delay=60.0 seed=3 N_late=13 T_overtime=1355.853 C_total=4940.895 makespan=443.466 served=30 energy_viol=0 reschedules=4 reschedule_ms=17586.896 changed_assign=33 changed_order=49 applied_target=2 applied_station=2 initial_solve_ms=59533.299
[charge_scheduler-1] [INFO] [1785241886.244681980] [charge_scheduler]: ★闭环实验收益 M=30 K=3 disturbance=combined delay=60.0 seed=3 recovered_late=5 overtime_reduction=66.899 distance_delta=-918.933 makespan_reduction=26.617
[WARNING] [launch]: user interrupted with ctrl-c (SIGINT)
[INFO] [charge_scheduler-1]: sending signal 'SIGINT' to process[charge_scheduler-1]
[charge_scheduler-1] [INFO] [1785241887.255599292] [rclcpp]: signal_handler(signum=2)
[ERROR] [charge_scheduler-1]: process has died [pid 27699, exit code -2, cmd '/home/yy/controller/shared_dir/Comprehensive_Road_Testing/install/task_planner/lib/task_planner/charge_scheduler --ros-args -r __node:=charge_scheduler --params-file /home/yy/controller/shared_dir/Comprehensive_Road_Testing/install/task_planner/share/task_planner/config/charge_scheduler.param.yaml'].
