[INFO] [launch]: All log files can be found below /root/.ros/log/2026-07-28-10-59-14-363116-YYYY-15696
[INFO] [launch]: Default logging verbosity is set to INFO
[INFO] [charge_scheduler-1]: process started with pid [15699]
[charge_scheduler-1] [INFO] [1785236354.544064541] [charge_scheduler]: [Scheduler] 20辆车 | 电池800.0kWh(20%=160.0 80%=640.0) | 充电360kW效率97% | 行驶0.6kWh/km | 桩350kW
[charge_scheduler-1] [INFO] [1785236354.544177619] [charge_scheduler]: [Scheduler] 站端周转: 换电 10 min(换后满电) | 单趟可用 640 kWh
[charge_scheduler-1] [INFO] [1785236354.544197157] [charge_scheduler]:   车#0 [电动装载机282|light] 位置(-47.3,-2.6) 容量282kWh 剩余35% | α=6→6min/% τ=168min → 需130.8kWh(充21.2min)
[charge_scheduler-1] [INFO] [1785236354.544217290] [charge_scheduler]:   车#1 [重型叉车|light] 位置(-44.0,-64.1) 容量200kWh 剩余20% | α=6→6min/% τ=96min → 需123.7kWh(充20.0min)
[charge_scheduler-1] [INFO] [1785236354.544234345] [charge_scheduler]:   车#2 [电动装载机350|light] 位置(-51.1,-38.8) 容量350kWh 剩余50% | α=6→6min/% τ=288min → 需108.2kWh(充17.5min)
[charge_scheduler-1] [INFO] [1785236354.544251380] [charge_scheduler]:   车#3 [重型叉车|light] 位置(-71.0,-19.0) 容量200kWh 剩余10% | α=6→6min/% τ=32min → 需144.3kWh(充23.3min)
[charge_scheduler-1] [INFO] [1785236354.544268037] [charge_scheduler]:   车#4 [电动装载机282|heavy→降级] 位置(-93.3,6.6) 容量282kWh 剩余60% | α=3→6min/% τ=212min → 需58.1kWh(充9.4min)
[charge_scheduler-1] [INFO] [1785236354.544283588] [charge_scheduler]:   车#5 [电动装载机350|light] 位置(-104.4,47.7) 容量350kWh 剩余25% | α=6→6min/% τ=128min → 需198.5kWh(充32.1min)
[charge_scheduler-1] [INFO] [1785236354.544300305] [charge_scheduler]:   车#6 [电动装载机350|heavy→降级] 位置(-37.0,-75.1) 容量350kWh 剩余40% | α=4→6min/% τ=176min → 需144.3kWh(充23.3min)
[charge_scheduler-1] [INFO] [1785236354.544317431] [charge_scheduler]:   车#7 [重型叉车|light] 位置(-88.8,-37.1) 容量200kWh 剩余15% | α=6→6min/% τ=64min → 需134.0kWh(充21.7min)
[charge_scheduler-1] [INFO] [1785236354.544332522] [charge_scheduler]:   车#8 [电动装载机282|heavy→降级] 位置(-70.9,27.7) 容量282kWh 剩余55% | α=3→6min/% τ=196min → 需72.7kWh(充11.8min)
[charge_scheduler-1] [INFO] [1785236354.544347904] [charge_scheduler]:   车#9 [电动装载机282|heavy→降级] 位置(-35.4,-47.4) 容量282kWh 剩余30% | α=3→6min/% τ=116min → 需145.4kWh(充23.5min)
[charge_scheduler-1] [INFO] [1785236354.544363472] [charge_scheduler]:   车#10 [电动装载机282|light] 位置(-100.0,-1.0) 容量282kWh 剩余45% | α=6→6min/% τ=224min → 需101.8kWh(充16.4min)
[charge_scheduler-1] [INFO] [1785236354.544432435] [charge_scheduler]:   车#11 [电动装载机350|light] 位置(-72.8,-15.6) 容量350kWh 剩余18% | α=6→6min/% τ=83min → 需223.7kWh(充36.2min)
[charge_scheduler-1] [INFO] [1785236354.544467927] [charge_scheduler]:   车#12 [重型叉车|heavy→降级] 位置(-61.7,-20.7) 容量200kWh 剩余62% | α=3→6min/% τ=230min → 需37.1kWh(充6.0min)
[charge_scheduler-1] [INFO] [1785236354.544490100] [charge_scheduler]:   车#13 [电动装载机282|light] 位置(-133.0,-25.3) 容量282kWh 剩余28% | α=6→6min/% τ=129min → 需151.2kWh(充24.4min)
[charge_scheduler-1] [INFO] [1785236354.544509497] [charge_scheduler]:   车#14 [电动装载机350|light] 位置(-132.0,-8.9) 容量350kWh 剩余52% | α=6→6min/% τ=301min → 需101.0kWh(充16.3min)
[charge_scheduler-1] [INFO] [1785236354.544537192] [charge_scheduler]:   车#15 [重型叉车|light] 位置(-120.0,7.9) 容量200kWh 剩余12% | α=6→6min/% τ=45min → 需140.2kWh(充22.7min)
[charge_scheduler-1] [INFO] [1785236354.544557486] [charge_scheduler]:   车#16 [电动装载机282|light] 位置(-43.8,-82.9) 容量282kWh 剩余38% | α=6→6min/% τ=185min → 需122.1kWh(充19.7min)
[charge_scheduler-1] [INFO] [1785236354.544576256] [charge_scheduler]:   车#17 [电动装载机350|light] 位置(-31.1,-74.7) 容量350kWh 剩余58% | α=6→6min/% τ=339min → 需79.4kWh(充12.8min)
[charge_scheduler-1] [INFO] [1785236354.544594915] [charge_scheduler]:   车#18 [重型叉车|heavy→降级] 位置(-75.4,-68.2) 容量200kWh 剩余22% | α=3→6min/% τ=102min → 需119.6kWh(充19.3min)
[charge_scheduler-1] [INFO] [1785236354.544613204] [charge_scheduler]:   车#19 [电动装载机282|light] 位置(-88.2,47.1) 容量282kWh 剩余48% | α=6→6min/% τ=241min → 需93.0kWh(充15.0min)
[charge_scheduler-1] [INFO] [1785236354.558045303] [charge_scheduler]: [Scheduler] 闭环接口: threshold=10.0min | event_sim=on | structured_feedback=optional (/task_planner/execution_event)
[charge_scheduler-1] [INFO] [1785236354.558120953] [charge_scheduler]: [Scheduler] 已启动, 等待地图...
[charge_scheduler-1] [INFO] [1785236354.631523412] [charge_scheduler]: [Scheduler] RoutingGraph 就绪
[charge_scheduler-1] [INFO] [1785236354.631919301] [charge_scheduler]: [Scheduler] 提取到 6 条虚线捷径
[charge_scheduler-1] [INFO] [1785236354.646455997] [charge_scheduler]: [Scheduler] 下层兼容增强图: 166 节点, 6 条虚线掉头边
[charge_scheduler-1] [INFO] [1785236358.707883907] [charge_scheduler]: [Scheduler] 距离矩阵完成 21x21, 4061.3 ms | 模式=maneuver | 真实不可达=0 抽象不可达=0 | 缺少对向投影节点=0
[charge_scheduler-1] [INFO] [1785236358.707952650] [charge_scheduler]:   ✓ 比值自检：420 个 OD 满足 机动/直线≥1 | 均值=2.70 最大=41.42 (车#4→车#10)
[charge_scheduler-1] [INFO] [1785236358.707962885] [charge_scheduler]: [Scheduler] 地图就绪, 166 条 lanelet（与下层一致）
[charge_scheduler-1] [INFO] [1785236358.708026098] [charge_scheduler]: ======== 开始VRPTW调度 20 辆车 ========
[charge_scheduler-1] [INFO] [1785236358.708032665] [charge_scheduler]:   规模20>8 → 启发式(alns)
[charge_scheduler-1] [INFO] [1785236373.959417078] [charge_scheduler]: [ALNS] seed=4 iters=15000 | N_late=2(成功率90.0%) T_overtime=133.0min C_total=3855.0m | 趟数=7 makespan=374.3min
[charge_scheduler-1] [INFO] [1785236373.959465882] [charge_scheduler]:   求解耗时 15251.4 ms
[charge_scheduler-1] [INFO] [1785236373.959474131] [charge_scheduler]: ════════ 调度结果 ════════
[charge_scheduler-1] [INFO] [1785236373.959478690] [charge_scheduler]:   ★目标(字典序): ① N_late=2 辆 (按时成功率 18/20 = 90.0%)  ② T_overtime=133.0min  ③ C_total=3855.0m
[charge_scheduler-1] [INFO] [1785236373.959485052] [charge_scheduler]:   附: 趟数=7 | makespan=374.3min | 能量可行=是
[charge_scheduler-1] [INFO] [1785236373.959496585] [charge_scheduler]:   [充电车1] 趟1: 站 → 车#12(到2.3/限230.4✓) → 车#4(到9.4/限212.0✓) → 车#15(到20.7/限44.8✓) → 车#7(到46.3/限64.0✓) → 车#9(到71.4/限116.0✓) → 站
[charge_scheduler-1] [INFO] [1785236373.959503616] [charge_scheduler]:   [充电车2] 趟2: 站 → 车#8(到4.0/限196.0✓) → 车#3(到17.1/限32.0✓) → 车#11(到41.5/限83.2✓) → 车#1(到82.6/限96.0✓) → 站
[charge_scheduler-1] [INFO] [1785236373.959509430] [charge_scheduler]:   [充电车1] 趟3: 站 → 车#18(到117.3/限102.4✗超时) → 车#16(到143.0/限184.8✓) → 车#6(到175.0/限176.0✓) → 站
[charge_scheduler-1] [INFO] [1785236373.959515011] [charge_scheduler]:   [充电车2] 趟4: 站 → 车#13(到122.1/限128.8✓) → 车#0(到160.0/限168.0✓) → 车#10(到198.2/限224.0✓) → 站
[charge_scheduler-1] [INFO] [1785236373.959519896] [charge_scheduler]:   [充电车1] 趟5: 站 → 车#19(到234.8/限240.8✓) → 车#2(到271.6/限288.0✓) → 站
[charge_scheduler-1] [INFO] [1785236373.959524395] [charge_scheduler]:   [充电车1] 趟6: 站 → 车#17(到328.7/限339.2✓) → 站
[charge_scheduler-1] [INFO] [1785236373.959534849] [charge_scheduler]:   [充电车2] 趟7: 站 → 车#5(到246.1/限128.0✗超时) → 车#14(到293.2/限300.8✓) → 站
[charge_scheduler-1] [INFO] [1785236373.959538769] [charge_scheduler]: ════════════════════════
[charge_scheduler-1] [INFO] [1785236373.959584148] [charge_scheduler]: [扰动清单] type=combined delay=60.0min targets={7,13,} station={C1-S1,C2-S1,}
[charge_scheduler-1] [INFO] [1785236373.959604059] [charge_scheduler]: [执行事件] loop=open plan_v=0 C1 type=target_service target=12 station_ord=0 planned_finish=8.58 actual_finish=8.58 dev=+0.00 injected=0.0
[charge_scheduler-1] [INFO] [1785236373.959616437] [charge_scheduler]: [执行事件] loop=open plan_v=0 C2 type=target_service target=8 station_ord=0 planned_finish=16.35 actual_finish=16.35 dev=+0.00 injected=0.0
[charge_scheduler-1] [INFO] [1785236373.959622155] [charge_scheduler]: [执行事件] loop=open plan_v=0 C1 type=target_service target=4 station_ord=0 planned_finish=20.20 actual_finish=20.20 dev=+0.00 injected=0.0
[charge_scheduler-1] [INFO] [1785236373.959627472] [charge_scheduler]: [执行事件] loop=open plan_v=0 C2 type=target_service target=3 station_ord=0 planned_finish=41.36 actual_finish=41.36 dev=+0.00 injected=0.0
[charge_scheduler-1] [INFO] [1785236373.959632716] [charge_scheduler]: [执行事件] loop=open plan_v=0 C1 type=target_service target=15 station_ord=0 planned_finish=44.45 actual_finish=44.45 dev=+0.00 injected=0.0
[charge_scheduler-1] [INFO] [1785236373.959667157] [charge_scheduler]: [执行事件] loop=open plan_v=0 C2 type=target_service target=11 station_ord=0 planned_finish=81.43 actual_finish=81.43 dev=+0.00 injected=0.0
[charge_scheduler-1] [INFO] [1785236373.959672800] [charge_scheduler]: [执行事件] loop=open plan_v=0 C2 type=target_service target=1 station_ord=0 planned_finish=106.86 actual_finish=106.86 dev=+0.00 injected=0.0
[charge_scheduler-1] [INFO] [1785236373.959679111] [charge_scheduler]: [执行事件] loop=open plan_v=0 C1 type=target_service target=7 station_ord=0 planned_finish=70.41 actual_finish=130.41 dev=+60.00 injected=60.0
[charge_scheduler-1] [INFO] [1785236373.959685699] [charge_scheduler]: [执行事件] loop=open plan_v=0 C1 type=target_service target=9 station_ord=0 planned_finish=102.94 actual_finish=166.68 dev=+63.74 injected=0.0
[charge_scheduler-1] [INFO] [1785236373.959691951] [charge_scheduler]: [执行事件] loop=open plan_v=0 C2 type=station_turnaround target=-1 station_ord=1 planned_finish=119.28 actual_finish=179.28 dev=+60.00 injected=60.0
[charge_scheduler-1] [INFO] [1785236373.959698847] [charge_scheduler]: [执行事件] loop=open plan_v=0 C1 type=station_turnaround target=-1 station_ord=1 planned_finish=115.22 actual_finish=238.96 dev=+123.74 injected=60.0
[charge_scheduler-1] [INFO] [1785236373.959704712] [charge_scheduler]: [执行事件] loop=open plan_v=0 C1 type=target_service target=18 station_ord=0 planned_finish=142.35 actual_finish=266.09 dev=+123.74 injected=0.0
[charge_scheduler-1] [INFO] [1785236373.959710519] [charge_scheduler]: [执行事件] loop=open plan_v=0 C2 type=target_service target=13 station_ord=0 planned_finish=156.76 actual_finish=277.33 dev=+120.56 injected=60.0
[charge_scheduler-1] [INFO] [1785236373.959716665] [charge_scheduler]: [执行事件] loop=open plan_v=0 C1 type=target_service target=16 station_ord=0 planned_finish=174.73 actual_finish=301.98 dev=+127.25 injected=0.0
[charge_scheduler-1] [INFO] [1785236373.959725356] [charge_scheduler]: [执行事件] loop=open plan_v=0 C2 type=target_service target=0 station_ord=0 planned_finish=194.56 actual_finish=315.80 dev=+121.24 injected=0.0
[charge_scheduler-1] [INFO] [1785236373.959734005] [charge_scheduler]: [执行事件] loop=open plan_v=0 C1 type=target_service target=6 station_ord=0 planned_finish=218.64 actual_finish=345.99 dev=+127.34 injected=0.0
[charge_scheduler-1] [INFO] [1785236373.959740094] [charge_scheduler]: [执行事件] loop=open plan_v=0 C2 type=target_service target=10 station_ord=0 planned_finish=231.23 actual_finish=354.64 dev=+123.41 injected=0.0
[charge_scheduler-1] [INFO] [1785236373.959745983] [charge_scheduler]: [执行事件] loop=open plan_v=0 C1 type=station_turnaround target=-1 station_ord=2 planned_finish=231.34 actual_finish=358.68 dev=+127.34 injected=0.0
[charge_scheduler-1] [INFO] [1785236373.959751709] [charge_scheduler]: [执行事件] loop=open plan_v=0 C2 type=station_turnaround target=-1 station_ord=2 planned_finish=242.88 actual_finish=366.29 dev=+123.41 injected=0.0
[charge_scheduler-1] [INFO] [1785236373.959758324] [charge_scheduler]: [执行事件] loop=open plan_v=0 C1 type=target_service target=19 station_ord=0 planned_finish=269.50 actual_finish=397.35 dev=+127.85 injected=0.0
[charge_scheduler-1] [INFO] [1785236373.959764027] [charge_scheduler]: [执行事件] loop=open plan_v=0 C2 type=target_service target=5 station_ord=0 planned_finish=289.81 actual_finish=413.22 dev=+123.41 injected=0.0
[charge_scheduler-1] [INFO] [1785236373.959770694] [charge_scheduler]: [执行事件] loop=open plan_v=0 C1 type=target_service target=2 station_ord=0 planned_finish=313.89 actual_finish=443.23 dev=+129.34 injected=0.0
[charge_scheduler-1] [INFO] [1785236373.959776185] [charge_scheduler]: [执行事件] loop=open plan_v=0 C1 type=station_turnaround target=-1 station_ord=3 planned_finish=325.81 actual_finish=455.15 dev=+129.34 injected=0.0
[charge_scheduler-1] [INFO] [1785236373.959781778] [charge_scheduler]: [执行事件] loop=open plan_v=0 C2 type=target_service target=14 station_ord=0 planned_finish=336.24 actual_finish=460.34 dev=+124.10 injected=0.0
[charge_scheduler-1] [INFO] [1785236373.959787533] [charge_scheduler]: [执行事件] loop=open plan_v=0 C2 type=final_return target=-1 station_ord=0 planned_finish=340.01 actual_finish=464.11 dev=+124.10 injected=0.0
[charge_scheduler-1] [INFO] [1785236373.959793040] [charge_scheduler]: [执行事件] loop=open plan_v=0 C1 type=target_service target=17 station_ord=0 planned_finish=371.51 actual_finish=501.81 dev=+130.30 injected=0.0
[charge_scheduler-1] [INFO] [1785236373.959801462] [charge_scheduler]: [执行事件] loop=open plan_v=0 C1 type=final_return target=-1 station_ord=0 planned_finish=374.30 actual_finish=504.60 dev=+130.30 injected=0.0
[charge_scheduler-1] [INFO] [1785236373.959812948] [charge_scheduler]: [执行事件] loop=closed plan_v=0 C1 type=target_service target=12 station_ord=0 planned_finish=8.58 actual_finish=8.58 dev=+0.00 injected=0.0
[charge_scheduler-1] [INFO] [1785236373.959818450] [charge_scheduler]: [执行事件] loop=closed plan_v=0 C2 type=target_service target=8 station_ord=0 planned_finish=16.35 actual_finish=16.35 dev=+0.00 injected=0.0
[charge_scheduler-1] [INFO] [1785236373.959824019] [charge_scheduler]: [执行事件] loop=closed plan_v=0 C1 type=target_service target=4 station_ord=0 planned_finish=20.20 actual_finish=20.20 dev=+0.00 injected=0.0
[charge_scheduler-1] [INFO] [1785236373.959829354] [charge_scheduler]: [执行事件] loop=closed plan_v=0 C2 type=target_service target=3 station_ord=0 planned_finish=41.36 actual_finish=41.36 dev=+0.00 injected=0.0
[charge_scheduler-1] [INFO] [1785236373.959834547] [charge_scheduler]: [执行事件] loop=closed plan_v=0 C1 type=target_service target=15 station_ord=0 planned_finish=44.45 actual_finish=44.45 dev=+0.00 injected=0.0
[charge_scheduler-1] [INFO] [1785236373.959840132] [charge_scheduler]: [执行事件] loop=closed plan_v=0 C2 type=target_service target=11 station_ord=0 planned_finish=81.43 actual_finish=81.43 dev=+0.00 injected=0.0
[charge_scheduler-1] [INFO] [1785236373.959845586] [charge_scheduler]: [执行事件] loop=closed plan_v=0 C2 type=target_service target=1 station_ord=0 planned_finish=106.86 actual_finish=106.86 dev=+0.00 injected=0.0
[charge_scheduler-1] [INFO] [1785236373.959851404] [charge_scheduler]: [执行事件] loop=closed plan_v=0 C1 type=target_service target=7 station_ord=0 planned_finish=70.41 actual_finish=130.41 dev=+60.00 injected=60.0
[charge_scheduler-1] [WARN] [1785236375.105200798] [charge_scheduler]: [重调度事件] #1 t=130.41min trigger=C1/target_service dev=+60.00 pool=12 committed=0 plan_v=1 solve_ms=1145.3 changed_assign=7 changed_order=10
[charge_scheduler-1] [INFO] [1785236375.105283805] [charge_scheduler]: [执行事件] loop=closed plan_v=0 C2 type=station_turnaround target=-1 station_ord=1 planned_finish=119.28 actual_finish=179.28 dev=+60.00 injected=60.0
[charge_scheduler-1] [WARN] [1785236375.811088765] [charge_scheduler]: [重调度事件] #2 t=179.28min trigger=C2/station_turnaround dev=+60.00 pool=11 committed=1 plan_v=2 solve_ms=705.8 changed_assign=6 changed_order=11
[charge_scheduler-1] [INFO] [1785236375.811176212] [charge_scheduler]: [执行事件] loop=closed plan_v=2 C2 type=target_service target=16 station_ord=0 planned_finish=216.86 actual_finish=216.86 dev=+0.00 injected=0.0
[charge_scheduler-1] [INFO] [1785236375.811189220] [charge_scheduler]: [执行事件] loop=closed plan_v=1 C1 type=target_service target=13 station_ord=0 planned_finish=166.63 actual_finish=226.63 dev=+60.00 injected=60.0
[charge_scheduler-1] [WARN] [1785236376.297027674] [charge_scheduler]: [重调度事件] #3 t=226.63min trigger=C1/target_service dev=+60.00 pool=9 committed=1 plan_v=3 solve_ms=485.8 changed_assign=3 changed_order=7
[charge_scheduler-1] [INFO] [1785236376.297081396] [charge_scheduler]: [执行事件] loop=closed plan_v=2 C2 type=target_service target=18 station_ord=0 planned_finish=243.57 actual_finish=243.57 dev=+0.00 injected=0.0
[charge_scheduler-1] [INFO] [1785236376.297095751] [charge_scheduler]: [执行事件] loop=closed plan_v=3 C2 type=target_service target=0 station_ord=0 planned_finish=280.84 actual_finish=280.84 dev=+0.00 injected=0.0
[charge_scheduler-1] [INFO] [1785236376.297102682] [charge_scheduler]: [执行事件] loop=closed plan_v=3 C2 type=station_turnaround target=-1 station_ord=2 planned_finish=291.70 actual_finish=291.70 dev=+0.00 injected=0.0
[charge_scheduler-1] [INFO] [1785236376.297109443] [charge_scheduler]: [执行事件] loop=closed plan_v=3 C1 type=station_turnaround target=-1 station_ord=1 planned_finish=240.63 actual_finish=300.63 dev=+60.00 injected=60.0
[charge_scheduler-1] [WARN] [1785236376.526959329] [charge_scheduler]: [重调度事件] #4 t=300.63min trigger=C1/station_turnaround dev=+60.00 pool=7 committed=1 plan_v=4 solve_ms=229.8 changed_assign=2 changed_order=5
[charge_scheduler-1] [INFO] [1785236376.527006259] [charge_scheduler]: [执行事件] loop=closed plan_v=3 C2 type=target_service target=14 station_ord=0 planned_finish=337.95 actual_finish=337.95 dev=+0.00 injected=0.0
[charge_scheduler-1] [INFO] [1785236376.527046773] [charge_scheduler]: [执行事件] loop=closed plan_v=4 C1 type=target_service target=9 station_ord=0 planned_finish=338.05 actual_finish=338.05 dev=+0.00 injected=0.0
[charge_scheduler-1] [INFO] [1785236376.527054661] [charge_scheduler]: [执行事件] loop=closed plan_v=4 C2 type=target_service target=19 station_ord=0 planned_finish=374.89 actual_finish=374.89 dev=+0.00 injected=0.0
[charge_scheduler-1] [INFO] [1785236376.527062539] [charge_scheduler]: [执行事件] loop=closed plan_v=4 C1 type=target_service target=17 station_ord=0 planned_finish=382.74 actual_finish=382.74 dev=+0.00 injected=0.0
[charge_scheduler-1] [INFO] [1785236376.527068892] [charge_scheduler]: [执行事件] loop=closed plan_v=4 C2 type=station_turnaround target=-1 station_ord=3 planned_finish=387.09 actual_finish=387.09 dev=+0.00 injected=0.0
[charge_scheduler-1] [INFO] [1785236376.527079729] [charge_scheduler]: [执行事件] loop=closed plan_v=4 C1 type=station_turnaround target=-1 station_ord=2 planned_finish=395.53 actual_finish=395.53 dev=+0.00 injected=0.0
[charge_scheduler-1] [INFO] [1785236376.527086373] [charge_scheduler]: [执行事件] loop=closed plan_v=4 C2 type=target_service target=2 station_ord=0 planned_finish=432.88 actual_finish=432.88 dev=+0.00 injected=0.0
[charge_scheduler-1] [INFO] [1785236376.527095294] [charge_scheduler]: [执行事件] loop=closed plan_v=4 C1 type=target_service target=10 station_ord=0 planned_finish=434.91 actual_finish=434.91 dev=+0.00 injected=0.0
[charge_scheduler-1] [INFO] [1785236376.527101369] [charge_scheduler]: [执行事件] loop=closed plan_v=4 C2 type=target_service target=6 station_ord=0 planned_finish=478.04 actual_finish=478.04 dev=+0.00 injected=0.0
[charge_scheduler-1] [INFO] [1785236376.527107696] [charge_scheduler]: [执行事件] loop=closed plan_v=4 C2 type=final_return target=-1 station_ord=0 planned_finish=480.73 actual_finish=480.73 dev=+0.00 injected=0.0
[charge_scheduler-1] [INFO] [1785236376.527113890] [charge_scheduler]: [执行事件] loop=closed plan_v=4 C1 type=target_service target=5 station_ord=0 planned_finish=482.54 actual_finish=482.54 dev=+0.00 injected=0.0
[charge_scheduler-1] [INFO] [1785236376.527122924] [charge_scheduler]: [执行事件] loop=closed plan_v=4 C1 type=final_return target=-1 station_ord=0 planned_finish=484.97 actual_finish=484.97 dev=+0.00 injected=0.0
[charge_scheduler-1] [INFO] [1785236376.527136863] [charge_scheduler]: ★闭环实验结果 mode=open M=20 K=2 disturbance=combined delay=60.0 seed=4 N_late=12 T_overtime=1332.388 C_total=3854.987 makespan=504.602 served=20 energy_viol=4 reschedules=0 reschedule_ms=0.000 changed_assign=0 changed_order=0 applied_target=2 applied_station=2 initial_solve_ms=15251.433
[charge_scheduler-1] [INFO] [1785236376.527156240] [charge_scheduler]: ★闭环实验结果 mode=closed M=20 K=2 disturbance=combined delay=60.0 seed=4 N_late=9 T_overtime=1327.852 C_total=3708.896 makespan=484.971 served=20 energy_viol=0 reschedules=4 reschedule_ms=2566.694 changed_assign=18 changed_order=33 applied_target=2 applied_station=2 initial_solve_ms=15251.433
[charge_scheduler-1] [INFO] [1785236376.527167278] [charge_scheduler]: ★闭环实验收益 M=20 K=2 disturbance=combined delay=60.0 seed=4 recovered_late=3 overtime_reduction=4.536 distance_delta=-146.091 makespan_reduction=19.631
[WARNING] [launch]: user interrupted with ctrl-c (SIGINT)
[WARNING] [launch]: user interrupted with ctrl-c (SIGINT) again, ignoring...
[INFO] [charge_scheduler-1]: sending signal 'SIGINT' to process[charge_scheduler-1]
[charge_scheduler-1] [INFO] [1785236377.500664573] [rclcpp]: signal_handler(signum=2)
[ERROR] [charge_scheduler-1]: process has died [pid 15699, exit code -2, cmd '/home/yy/controller/shared_dir/Comprehensive_Road_Testing/install/task_planner/lib/task_planner/charge_scheduler --ros-args -r __node:=charge_scheduler --params-file /home/yy/controller/shared_dir/Comprehensive_Road_Testing/install/task_planner/share/task_planner/config/charge_scheduler.param.yaml'].
