[INFO] [launch]: All log files can be found below /root/.ros/log/2026-07-28-10-41-56-743379-YYYY-12885
[INFO] [launch]: Default logging verbosity is set to INFO
[INFO] [charge_scheduler-1]: process started with pid [12887]
[charge_scheduler-1] [INFO] [1785235316.910184679] [charge_scheduler]: [Scheduler] 20辆车 | 电池800.0kWh(20%=160.0 80%=640.0) | 充电360kW效率97% | 行驶0.6kWh/km | 桩350kW
[charge_scheduler-1] [INFO] [1785235316.910397763] [charge_scheduler]: [Scheduler] 站端周转: 换电 10 min(换后满电) | 单趟可用 640 kWh
[charge_scheduler-1] [INFO] [1785235316.910426418] [charge_scheduler]:   车#0 [电动装载机282|light] 位置(-47.3,-2.6) 容量282kWh 剩余35% | α=6→6min/% τ=168min → 需130.8kWh(充21.2min)
[charge_scheduler-1] [INFO] [1785235316.910449759] [charge_scheduler]:   车#1 [重型叉车|light] 位置(-44.0,-64.1) 容量200kWh 剩余20% | α=6→6min/% τ=96min → 需123.7kWh(充20.0min)
[charge_scheduler-1] [INFO] [1785235316.910469383] [charge_scheduler]:   车#2 [电动装载机350|light] 位置(-51.1,-38.8) 容量350kWh 剩余50% | α=6→6min/% τ=288min → 需108.2kWh(充17.5min)
[charge_scheduler-1] [INFO] [1785235316.910487369] [charge_scheduler]:   车#3 [重型叉车|light] 位置(-71.0,-19.0) 容量200kWh 剩余10% | α=6→6min/% τ=32min → 需144.3kWh(充23.3min)
[charge_scheduler-1] [INFO] [1785235316.910505485] [charge_scheduler]:   车#4 [电动装载机282|heavy→降级] 位置(-93.3,6.6) 容量282kWh 剩余60% | α=3→6min/% τ=212min → 需58.1kWh(充9.4min)
[charge_scheduler-1] [INFO] [1785235316.910522632] [charge_scheduler]:   车#5 [电动装载机350|light] 位置(-104.4,47.7) 容量350kWh 剩余25% | α=6→6min/% τ=128min → 需198.5kWh(充32.1min)
[charge_scheduler-1] [INFO] [1785235316.910550373] [charge_scheduler]:   车#6 [电动装载机350|heavy→降级] 位置(-37.0,-75.1) 容量350kWh 剩余40% | α=4→6min/% τ=176min → 需144.3kWh(充23.3min)
[charge_scheduler-1] [INFO] [1785235316.910566969] [charge_scheduler]:   车#7 [重型叉车|light] 位置(-88.8,-37.1) 容量200kWh 剩余15% | α=6→6min/% τ=64min → 需134.0kWh(充21.7min)
[charge_scheduler-1] [INFO] [1785235316.910587900] [charge_scheduler]:   车#8 [电动装载机282|heavy→降级] 位置(-70.9,27.7) 容量282kWh 剩余55% | α=3→6min/% τ=196min → 需72.7kWh(充11.8min)
[charge_scheduler-1] [INFO] [1785235316.910604412] [charge_scheduler]:   车#9 [电动装载机282|heavy→降级] 位置(-35.4,-47.4) 容量282kWh 剩余30% | α=3→6min/% τ=116min → 需145.4kWh(充23.5min)
[charge_scheduler-1] [INFO] [1785235316.910620973] [charge_scheduler]:   车#10 [电动装载机282|light] 位置(-100.0,-1.0) 容量282kWh 剩余45% | α=6→6min/% τ=224min → 需101.8kWh(充16.4min)
[charge_scheduler-1] [INFO] [1785235316.910637500] [charge_scheduler]:   车#11 [电动装载机350|light] 位置(-72.8,-15.6) 容量350kWh 剩余18% | α=6→6min/% τ=83min → 需223.7kWh(充36.2min)
[charge_scheduler-1] [INFO] [1785235316.910653577] [charge_scheduler]:   车#12 [重型叉车|heavy→降级] 位置(-61.7,-20.7) 容量200kWh 剩余62% | α=3→6min/% τ=230min → 需37.1kWh(充6.0min)
[charge_scheduler-1] [INFO] [1785235316.910669735] [charge_scheduler]:   车#13 [电动装载机282|light] 位置(-133.0,-25.3) 容量282kWh 剩余28% | α=6→6min/% τ=129min → 需151.2kWh(充24.4min)
[charge_scheduler-1] [INFO] [1785235316.910685859] [charge_scheduler]:   车#14 [电动装载机350|light] 位置(-132.0,-8.9) 容量350kWh 剩余52% | α=6→6min/% τ=301min → 需101.0kWh(充16.3min)
[charge_scheduler-1] [INFO] [1785235316.910705795] [charge_scheduler]:   车#15 [重型叉车|light] 位置(-120.0,7.9) 容量200kWh 剩余12% | α=6→6min/% τ=45min → 需140.2kWh(充22.7min)
[charge_scheduler-1] [INFO] [1785235316.910722343] [charge_scheduler]:   车#16 [电动装载机282|light] 位置(-43.8,-82.9) 容量282kWh 剩余38% | α=6→6min/% τ=185min → 需122.1kWh(充19.7min)
[charge_scheduler-1] [INFO] [1785235316.910738190] [charge_scheduler]:   车#17 [电动装载机350|light] 位置(-31.1,-74.7) 容量350kWh 剩余58% | α=6→6min/% τ=339min → 需79.4kWh(充12.8min)
[charge_scheduler-1] [INFO] [1785235316.910753791] [charge_scheduler]:   车#18 [重型叉车|heavy→降级] 位置(-75.4,-68.2) 容量200kWh 剩余22% | α=3→6min/% τ=102min → 需119.6kWh(充19.3min)
[charge_scheduler-1] [INFO] [1785235316.910769808] [charge_scheduler]:   车#19 [电动装载机282|light] 位置(-88.2,47.1) 容量282kWh 剩余48% | α=6→6min/% τ=241min → 需93.0kWh(充15.0min)
[charge_scheduler-1] [INFO] [1785235316.922556702] [charge_scheduler]: [Scheduler] 闭环接口: threshold=10.0min | event_sim=on | structured_feedback=optional (/task_planner/execution_event)
[charge_scheduler-1] [INFO] [1785235316.922659671] [charge_scheduler]: [Scheduler] 已启动, 等待地图...
[charge_scheduler-1] [INFO] [1785235316.987180240] [charge_scheduler]: [Scheduler] RoutingGraph 就绪
[charge_scheduler-1] [INFO] [1785235316.987481514] [charge_scheduler]: [Scheduler] 提取到 6 条虚线捷径
[charge_scheduler-1] [INFO] [1785235317.004875677] [charge_scheduler]: [Scheduler] 下层兼容增强图: 166 节点, 6 条虚线掉头边
[charge_scheduler-1] [INFO] [1785235320.922068321] [charge_scheduler]: [Scheduler] 距离矩阵完成 21x21, 3917.1 ms | 模式=maneuver | 真实不可达=0 抽象不可达=0 | 缺少对向投影节点=0
[charge_scheduler-1] [INFO] [1785235320.922170948] [charge_scheduler]:   ✓ 比值自检：420 个 OD 满足 机动/直线≥1 | 均值=2.70 最大=41.42 (车#4→车#10)
[charge_scheduler-1] [INFO] [1785235320.922194071] [charge_scheduler]: [Scheduler] 地图就绪, 166 条 lanelet（与下层一致）
[charge_scheduler-1] [INFO] [1785235320.922296021] [charge_scheduler]: ======== 开始VRPTW调度 20 辆车 ========
[charge_scheduler-1] [INFO] [1785235320.922303968] [charge_scheduler]:   规模20>8 → 启发式(alns)
[charge_scheduler-1] [INFO] [1785235335.915363935] [charge_scheduler]: [ALNS] seed=6 iters=15000 | N_late=2(成功率90.0%) T_overtime=135.1min C_total=3720.9m | 趟数=7 makespan=376.4min
[charge_scheduler-1] [INFO] [1785235335.915449266] [charge_scheduler]:   求解耗时 14993.1 ms
[charge_scheduler-1] [INFO] [1785235335.915470507] [charge_scheduler]: ════════ 调度结果 ════════
[charge_scheduler-1] [INFO] [1785235335.915481481] [charge_scheduler]:   ★目标(字典序): ① N_late=2 辆 (按时成功率 18/20 = 90.0%)  ② T_overtime=135.1min  ③ C_total=3720.9m
[charge_scheduler-1] [INFO] [1785235335.915496573] [charge_scheduler]:   附: 趟数=7 | makespan=376.4min | 能量可行=是
[charge_scheduler-1] [INFO] [1785235335.915519909] [charge_scheduler]:   [充电车1] 趟1: 站 → 车#4(到1.4/限212.0✓) → 车#8(到13.7/限196.0✓) → 车#3(到28.2/限32.0✓) → 车#11(到53.2/限83.2✓) → 站
[charge_scheduler-1] [INFO] [1785235335.915543234] [charge_scheduler]:   [充电车2] 趟2: 站 → 车#12(到2.3/限230.4✓) → 车#15(到9.8/限44.8✓) → 车#7(到34.9/限64.0✓) → 车#18(到59.3/限102.4✓) → 车#1(到83.2/限96.0✓) → 站
[charge_scheduler-1] [INFO] [1785235335.915556029] [charge_scheduler]:   [充电车1] 趟3: 站 → 车#9(到108.8/限116.0✓) → 车#16(到144.7/限184.8✓) → 站
[charge_scheduler-1] [INFO] [1785235335.915569907] [charge_scheduler]:   [充电车2] 趟4: 站 → 车#13(到122.8/限128.8✓) → 车#0(到160.7/限168.0✓) → 车#10(到199.0/限224.0✓) → 站
[charge_scheduler-1] [INFO] [1785235335.915581975] [charge_scheduler]:   [充电车1] 趟5: 站 → 车#5(到192.5/限128.0✗超时) → 车#19(到236.6/限240.8✓) → 站
[charge_scheduler-1] [INFO] [1785235335.915594246] [charge_scheduler]:   [充电车1] 趟6: 站 → 车#2(到285.8/限288.0✓) → 车#17(到330.6/限339.2✓) → 站
[charge_scheduler-1] [INFO] [1785235335.915606115] [charge_scheduler]:   [充电车2] 趟7: 站 → 车#6(到246.6/限176.0✗超时) → 车#14(到292.8/限300.8✓) → 站
[charge_scheduler-1] [INFO] [1785235335.915615174] [charge_scheduler]: ════════════════════════
[charge_scheduler-1] [INFO] [1785235335.915705000] [charge_scheduler]: [扰动清单] type=target delay=30.0min targets={7,13,} station={}
[charge_scheduler-1] [INFO] [1785235335.915739993] [charge_scheduler]: [执行事件] loop=open plan_v=0 C2 type=target_service target=12 station_ord=0 planned_finish=8.58 actual_finish=8.58 dev=+0.00 injected=0.0
[charge_scheduler-1] [INFO] [1785235335.915757955] [charge_scheduler]: [执行事件] loop=open plan_v=0 C1 type=target_service target=4 station_ord=0 planned_finish=11.04 actual_finish=11.04 dev=+0.00 injected=0.0
[charge_scheduler-1] [INFO] [1785235335.915773928] [charge_scheduler]: [执行事件] loop=open plan_v=0 C1 type=target_service target=8 station_ord=0 planned_finish=27.46 actual_finish=27.46 dev=+0.00 injected=0.0
[charge_scheduler-1] [INFO] [1785235335.915788855] [charge_scheduler]: [执行事件] loop=open plan_v=0 C2 type=target_service target=15 station_ord=0 planned_finish=33.02 actual_finish=33.02 dev=+0.00 injected=0.0
[charge_scheduler-1] [INFO] [1785235335.915803644] [charge_scheduler]: [执行事件] loop=open plan_v=0 C1 type=target_service target=3 station_ord=0 planned_finish=53.05 actual_finish=53.05 dev=+0.00 injected=0.0
[charge_scheduler-1] [INFO] [1785235335.915817921] [charge_scheduler]: [执行事件] loop=open plan_v=0 C2 type=target_service target=7 station_ord=0 planned_finish=58.39 actual_finish=88.39 dev=+30.00 injected=30.0
[charge_scheduler-1] [INFO] [1785235335.915888417] [charge_scheduler]: [执行事件] loop=open plan_v=0 C1 type=target_service target=11 station_ord=0 planned_finish=94.18 actual_finish=94.18 dev=+0.00 injected=0.0
[charge_scheduler-1] [INFO] [1785235335.915907423] [charge_scheduler]: [执行事件] loop=open plan_v=0 C1 type=station_turnaround target=-1 station_ord=1 planned_finish=106.67 actual_finish=106.67 dev=+0.00 injected=0.0
[charge_scheduler-1] [INFO] [1785235335.915923283] [charge_scheduler]: [执行事件] loop=open plan_v=0 C2 type=target_service target=18 station_ord=0 planned_finish=82.05 actual_finish=113.61 dev=+31.56 injected=0.0
[charge_scheduler-1] [INFO] [1785235335.915939542] [charge_scheduler]: [执行事件] loop=open plan_v=0 C2 type=target_service target=1 station_ord=0 planned_finish=107.54 actual_finish=139.77 dev=+32.23 injected=0.0
[charge_scheduler-1] [INFO] [1785235335.915954762] [charge_scheduler]: [执行事件] loop=open plan_v=0 C1 type=target_service target=9 station_ord=0 planned_finish=143.49 actual_finish=143.49 dev=+0.00 injected=0.0
[charge_scheduler-1] [INFO] [1785235335.915969028] [charge_scheduler]: [执行事件] loop=open plan_v=0 C2 type=station_turnaround target=-1 station_ord=1 planned_finish=119.97 actual_finish=152.19 dev=+32.23 injected=0.0
[charge_scheduler-1] [INFO] [1785235335.915985088] [charge_scheduler]: [执行事件] loop=open plan_v=0 C1 type=target_service target=16 station_ord=0 planned_finish=176.61 actual_finish=176.61 dev=+0.00 injected=0.0
[charge_scheduler-1] [INFO] [1785235335.916000216] [charge_scheduler]: [执行事件] loop=open plan_v=0 C1 type=station_turnaround target=-1 station_ord=2 planned_finish=189.33 actual_finish=189.33 dev=+0.00 injected=0.0
[charge_scheduler-1] [INFO] [1785235335.916015506] [charge_scheduler]: [执行事件] loop=open plan_v=0 C2 type=target_service target=13 station_ord=0 planned_finish=157.50 actual_finish=220.24 dev=+62.74 injected=30.0
[charge_scheduler-1] [INFO] [1785235335.916032163] [charge_scheduler]: [执行事件] loop=open plan_v=0 C1 type=target_service target=5 station_ord=0 planned_finish=236.26 actual_finish=236.26 dev=+0.00 injected=0.0
[charge_scheduler-1] [INFO] [1785235335.916047197] [charge_scheduler]: [执行事件] loop=open plan_v=0 C2 type=target_service target=0 station_ord=0 planned_finish=195.36 actual_finish=258.71 dev=+63.35 injected=0.0
[charge_scheduler-1] [INFO] [1785235335.916062711] [charge_scheduler]: [执行事件] loop=open plan_v=0 C1 type=target_service target=19 station_ord=0 planned_finish=271.52 actual_finish=271.52 dev=+0.00 injected=0.0
[charge_scheduler-1] [INFO] [1785235335.916095133] [charge_scheduler]: [执行事件] loop=open plan_v=0 C1 type=station_turnaround target=-1 station_ord=3 planned_finish=283.72 actual_finish=283.72 dev=+0.00 injected=0.0
[charge_scheduler-1] [INFO] [1785235335.916111362] [charge_scheduler]: [执行事件] loop=open plan_v=0 C2 type=target_service target=10 station_ord=0 planned_finish=232.10 actual_finish=297.55 dev=+65.45 injected=0.0
[charge_scheduler-1] [INFO] [1785235335.916124109] [charge_scheduler]: [执行事件] loop=open plan_v=0 C2 type=station_turnaround target=-1 station_ord=2 planned_finish=243.75 actual_finish=309.20 dev=+65.45 injected=0.0
[charge_scheduler-1] [INFO] [1785235335.916136168] [charge_scheduler]: [执行事件] loop=open plan_v=0 C1 type=target_service target=2 station_ord=0 planned_finish=329.30 actual_finish=329.30 dev=+0.00 injected=0.0
[charge_scheduler-1] [INFO] [1785235335.916149195] [charge_scheduler]: [执行事件] loop=open plan_v=0 C2 type=target_service target=6 station_ord=0 planned_finish=290.31 actual_finish=355.76 dev=+65.45 injected=0.0
[charge_scheduler-1] [INFO] [1785235335.916161964] [charge_scheduler]: [执行事件] loop=open plan_v=0 C1 type=target_service target=17 station_ord=0 planned_finish=373.60 actual_finish=373.60 dev=+0.00 injected=0.0
[charge_scheduler-1] [INFO] [1785235335.916175022] [charge_scheduler]: [执行事件] loop=open plan_v=0 C1 type=final_return target=-1 station_ord=0 planned_finish=376.39 actual_finish=376.39 dev=+0.00 injected=0.0
[charge_scheduler-1] [INFO] [1785235335.916187202] [charge_scheduler]: [执行事件] loop=open plan_v=0 C2 type=target_service target=14 station_ord=0 planned_finish=335.82 actual_finish=402.00 dev=+66.18 injected=0.0
[charge_scheduler-1] [INFO] [1785235335.916209906] [charge_scheduler]: [执行事件] loop=open plan_v=0 C2 type=final_return target=-1 station_ord=0 planned_finish=339.58 actual_finish=405.76 dev=+66.18 injected=0.0
[charge_scheduler-1] [INFO] [1785235335.916243855] [charge_scheduler]: [执行事件] loop=closed plan_v=0 C2 type=target_service target=12 station_ord=0 planned_finish=8.58 actual_finish=8.58 dev=+0.00 injected=0.0
[charge_scheduler-1] [INFO] [1785235335.916258173] [charge_scheduler]: [执行事件] loop=closed plan_v=0 C1 type=target_service target=4 station_ord=0 planned_finish=11.04 actual_finish=11.04 dev=+0.00 injected=0.0
[charge_scheduler-1] [INFO] [1785235335.916271869] [charge_scheduler]: [执行事件] loop=closed plan_v=0 C1 type=target_service target=8 station_ord=0 planned_finish=27.46 actual_finish=27.46 dev=+0.00 injected=0.0
[charge_scheduler-1] [INFO] [1785235335.916285790] [charge_scheduler]: [执行事件] loop=closed plan_v=0 C2 type=target_service target=15 station_ord=0 planned_finish=33.02 actual_finish=33.02 dev=+0.00 injected=0.0
[charge_scheduler-1] [INFO] [1785235335.916300687] [charge_scheduler]: [执行事件] loop=closed plan_v=0 C1 type=target_service target=3 station_ord=0 planned_finish=53.05 actual_finish=53.05 dev=+0.00 injected=0.0
[charge_scheduler-1] [INFO] [1785235335.916317810] [charge_scheduler]: [执行事件] loop=closed plan_v=0 C2 type=target_service target=7 station_ord=0 planned_finish=58.39 actual_finish=88.39 dev=+30.00 injected=30.0
[charge_scheduler-1] [WARN] [1785235337.182346758] [charge_scheduler]: [重调度事件] #1 t=88.39min trigger=C2/target_service dev=+30.00 pool=13 committed=1 plan_v=1 solve_ms=1266.0 changed_assign=4 changed_order=10
[charge_scheduler-1] [INFO] [1785235337.182413601] [charge_scheduler]: [执行事件] loop=closed plan_v=0 C1 type=target_service target=11 station_ord=0 planned_finish=94.18 actual_finish=94.18 dev=+0.00 injected=0.0
[charge_scheduler-1] [INFO] [1785235337.182425856] [charge_scheduler]: [执行事件] loop=closed plan_v=1 C1 type=station_turnaround target=-1 station_ord=1 planned_finish=106.67 actual_finish=106.67 dev=+0.00 injected=0.0
[charge_scheduler-1] [INFO] [1785235337.182435013] [charge_scheduler]: [执行事件] loop=closed plan_v=1 C2 type=target_service target=1 station_ord=0 planned_finish=114.13 actual_finish=114.13 dev=+0.00 injected=0.0
[charge_scheduler-1] [INFO] [1785235337.182443783] [charge_scheduler]: [执行事件] loop=closed plan_v=1 C2 type=target_service target=18 station_ord=0 planned_finish=139.88 actual_finish=139.88 dev=+0.00 injected=0.0
[charge_scheduler-1] [INFO] [1785235337.182451520] [charge_scheduler]: [执行事件] loop=closed plan_v=1 C1 type=target_service target=9 station_ord=0 planned_finish=143.49 actual_finish=143.49 dev=+0.00 injected=0.0
[charge_scheduler-1] [INFO] [1785235337.182458953] [charge_scheduler]: [执行事件] loop=closed plan_v=1 C2 type=station_turnaround target=-1 station_ord=1 planned_finish=152.68 actual_finish=152.68 dev=+0.00 injected=0.0
[charge_scheduler-1] [INFO] [1785235337.182468160] [charge_scheduler]: [执行事件] loop=closed plan_v=1 C1 type=target_service target=0 station_ord=0 planned_finish=178.32 actual_finish=178.32 dev=+0.00 injected=0.0
[charge_scheduler-1] [INFO] [1785235337.182475518] [charge_scheduler]: [执行事件] loop=closed plan_v=1 C1 type=target_service target=16 station_ord=0 planned_finish=215.23 actual_finish=215.23 dev=+0.00 injected=0.0
[charge_scheduler-1] [INFO] [1785235337.182484206] [charge_scheduler]: [执行事件] loop=closed plan_v=1 C2 type=target_service target=13 station_ord=0 planned_finish=190.73 actual_finish=220.73 dev=+30.00 injected=30.0
[charge_scheduler-1] [WARN] [1785235337.411716811] [charge_scheduler]: [重调度事件] #2 t=220.73min trigger=C2/target_service dev=+30.00 pool=7 committed=0 plan_v=2 solve_ms=229.2 changed_assign=3 changed_order=3
[charge_scheduler-1] [INFO] [1785235337.411782240] [charge_scheduler]: [执行事件] loop=closed plan_v=1 C1 type=station_turnaround target=-1 station_ord=2 planned_finish=227.95 actual_finish=227.95 dev=+0.00 injected=0.0
[charge_scheduler-1] [INFO] [1785235337.411795147] [charge_scheduler]: [执行事件] loop=closed plan_v=2 C2 type=target_service target=10 station_ord=0 planned_finish=262.41 actual_finish=262.41 dev=+0.00 injected=0.0
[charge_scheduler-1] [INFO] [1785235337.411805567] [charge_scheduler]: [执行事件] loop=closed plan_v=2 C1 type=target_service target=19 station_ord=0 planned_finish=265.83 actual_finish=265.83 dev=+0.00 injected=0.0
[charge_scheduler-1] [INFO] [1785235337.411843398] [charge_scheduler]: [执行事件] loop=closed plan_v=2 C2 type=station_turnaround target=-1 station_ord=2 planned_finish=274.06 actual_finish=274.06 dev=+0.00 injected=0.0
[charge_scheduler-1] [INFO] [1785235337.411852522] [charge_scheduler]: [执行事件] loop=closed plan_v=2 C1 type=target_service target=5 station_ord=0 planned_finish=309.89 actual_finish=309.89 dev=+0.00 injected=0.0
[charge_scheduler-1] [INFO] [1785235337.411861518] [charge_scheduler]: [执行事件] loop=closed plan_v=2 C2 type=target_service target=6 station_ord=0 planned_finish=320.62 actual_finish=320.62 dev=+0.00 injected=0.0
[charge_scheduler-1] [INFO] [1785235337.411869577] [charge_scheduler]: [执行事件] loop=closed plan_v=2 C1 type=station_turnaround target=-1 station_ord=3 planned_finish=322.32 actual_finish=322.32 dev=+0.00 injected=0.0
[charge_scheduler-1] [INFO] [1785235337.411880694] [charge_scheduler]: [执行事件] loop=closed plan_v=2 C2 type=target_service target=14 station_ord=0 planned_finish=366.85 actual_finish=366.85 dev=+0.00 injected=0.0
[charge_scheduler-1] [INFO] [1785235337.411889369] [charge_scheduler]: [执行事件] loop=closed plan_v=2 C1 type=target_service target=2 station_ord=0 planned_finish=368.11 actual_finish=368.11 dev=+0.00 injected=0.0
[charge_scheduler-1] [INFO] [1785235337.411897760] [charge_scheduler]: [执行事件] loop=closed plan_v=2 C2 type=final_return target=-1 station_ord=0 planned_finish=370.62 actual_finish=370.62 dev=+0.00 injected=0.0
[charge_scheduler-1] [INFO] [1785235337.411905701] [charge_scheduler]: [执行事件] loop=closed plan_v=2 C1 type=target_service target=17 station_ord=0 planned_finish=413.18 actual_finish=413.18 dev=+0.00 injected=0.0
[charge_scheduler-1] [INFO] [1785235337.411913811] [charge_scheduler]: [执行事件] loop=closed plan_v=2 C1 type=final_return target=-1 station_ord=0 planned_finish=415.98 actual_finish=415.98 dev=+0.00 injected=0.0
[charge_scheduler-1] [INFO] [1785235337.411927136] [charge_scheduler]: ★闭环实验结果 mode=open M=20 K=2 disturbance=target delay=30.0 seed=6 N_late=7 T_overtime=396.692 C_total=3720.913 makespan=405.760 served=20 energy_viol=2 reschedules=0 reschedule_ms=0.000 changed_assign=0 changed_order=0 applied_target=2 applied_station=0 initial_solve_ms=14993.144
[charge_scheduler-1] [INFO] [1785235337.411940519] [charge_scheduler]: ★闭环实验结果 mode=closed M=20 K=2 disturbance=target delay=30.0 seed=6 N_late=8 T_overtime=370.214 C_total=3887.341 makespan=415.975 served=20 energy_viol=0 reschedules=2 reschedule_ms=1495.181 changed_assign=7 changed_order=13 applied_target=2 applied_station=0 initial_solve_ms=14993.144
[charge_scheduler-1] [INFO] [1785235337.411951572] [charge_scheduler]: ★闭环实验收益 M=20 K=2 disturbance=target delay=30.0 seed=6 recovered_late=-1 overtime_reduction=26.478 distance_delta=166.428 makespan_reduction=-10.215
[WARNING] [launch]: user interrupted with ctrl-c (SIGINT)
[charge_scheduler-1] [INFO] [1785235337.825791490] [rclcpp]: signal_handler(signum=2)
[INFO] [charge_scheduler-1]: sending signal 'SIGINT' to process[charge_scheduler-1]
[ERROR] [charge_scheduler-1]: process has died [pid 12887, exit code -2, cmd '/home/yy/controller/shared_dir/Comprehensive_Road_Testing/install/task_planner/lib/task_planner/charge_scheduler --ros-args -r __node:=charge_scheduler --params-file /home/yy/controller/shared_dir/Comprehensive_Road_Testing/install/task_planner/share/task_planner/config/charge_scheduler.param.yaml'].
