[INFO] [launch]: All log files can be found below /root/.ros/log/2026-07-28-12-06-34-411873-YYYY-24642
[INFO] [launch]: Default logging verbosity is set to INFO
[INFO] [charge_scheduler-1]: process started with pid [24645]
[charge_scheduler-1] [INFO] [1785240394.590836983] [charge_scheduler]: [Scheduler] 30辆车 | 电池800.0kWh(20%=160.0 80%=640.0) | 充电360kW效率97% | 行驶0.6kWh/km | 桩350kW
[charge_scheduler-1] [INFO] [1785240394.590991985] [charge_scheduler]: [Scheduler] 站端周转: 换电 10 min(换后满电) | 单趟可用 640 kWh
[charge_scheduler-1] [INFO] [1785240394.591016199] [charge_scheduler]:   车#0 [电动装载机282|light] 位置(-47.3,-2.6) 容量282kWh 剩余35% | α=6→6min/% τ=168min → 需130.8kWh(充21.2min)
[charge_scheduler-1] [INFO] [1785240394.591037016] [charge_scheduler]:   车#1 [重型叉车|light] 位置(-44.0,-64.1) 容量200kWh 剩余20% | α=6→6min/% τ=96min → 需123.7kWh(充20.0min)
[charge_scheduler-1] [INFO] [1785240394.591054421] [charge_scheduler]:   车#2 [电动装载机350|light] 位置(-51.1,-38.8) 容量350kWh 剩余50% | α=6→6min/% τ=288min → 需108.2kWh(充17.5min)
[charge_scheduler-1] [INFO] [1785240394.591070528] [charge_scheduler]:   车#3 [重型叉车|light] 位置(-71.0,-19.0) 容量200kWh 剩余10% | α=6→6min/% τ=32min → 需144.3kWh(充23.3min)
[charge_scheduler-1] [INFO] [1785240394.591086780] [charge_scheduler]:   车#4 [电动装载机282|heavy→降级] 位置(-93.3,6.6) 容量282kWh 剩余60% | α=3→6min/% τ=212min → 需58.1kWh(充9.4min)
[charge_scheduler-1] [INFO] [1785240394.591102605] [charge_scheduler]:   车#5 [电动装载机350|light] 位置(-104.4,47.7) 容量350kWh 剩余25% | α=6→6min/% τ=128min → 需198.5kWh(充32.1min)
[charge_scheduler-1] [INFO] [1785240394.591119296] [charge_scheduler]:   车#6 [电动装载机350|heavy→降级] 位置(-37.0,-75.1) 容量350kWh 剩余40% | α=4→6min/% τ=176min → 需144.3kWh(充23.3min)
[charge_scheduler-1] [INFO] [1785240394.591135916] [charge_scheduler]:   车#7 [重型叉车|light] 位置(-88.8,-37.1) 容量200kWh 剩余15% | α=6→6min/% τ=64min → 需134.0kWh(充21.7min)
[charge_scheduler-1] [INFO] [1785240394.591153658] [charge_scheduler]:   车#8 [电动装载机282|heavy→降级] 位置(-70.9,27.7) 容量282kWh 剩余55% | α=3→6min/% τ=196min → 需72.7kWh(充11.8min)
[charge_scheduler-1] [INFO] [1785240394.591170975] [charge_scheduler]:   车#9 [电动装载机282|heavy→降级] 位置(-35.4,-47.4) 容量282kWh 剩余30% | α=3→6min/% τ=116min → 需145.4kWh(充23.5min)
[charge_scheduler-1] [INFO] [1785240394.591187865] [charge_scheduler]:   车#10 [电动装载机282|light] 位置(-100.0,-1.0) 容量282kWh 剩余45% | α=6→6min/% τ=224min → 需101.8kWh(充16.4min)
[charge_scheduler-1] [INFO] [1785240394.591205098] [charge_scheduler]:   车#11 [电动装载机350|light] 位置(-72.8,-15.6) 容量350kWh 剩余18% | α=6→6min/% τ=83min → 需223.7kWh(充36.2min)
[charge_scheduler-1] [INFO] [1785240394.591221775] [charge_scheduler]:   车#12 [重型叉车|heavy→降级] 位置(-61.7,-20.7) 容量200kWh 剩余62% | α=3→6min/% τ=230min → 需37.1kWh(充6.0min)
[charge_scheduler-1] [INFO] [1785240394.591238607] [charge_scheduler]:   车#13 [电动装载机282|light] 位置(-133.0,-25.3) 容量282kWh 剩余28% | α=6→6min/% τ=129min → 需151.2kWh(充24.4min)
[charge_scheduler-1] [INFO] [1785240394.591255345] [charge_scheduler]:   车#14 [电动装载机350|light] 位置(-132.0,-8.9) 容量350kWh 剩余52% | α=6→6min/% τ=301min → 需101.0kWh(充16.3min)
[charge_scheduler-1] [INFO] [1785240394.591271880] [charge_scheduler]:   车#15 [重型叉车|light] 位置(-120.0,7.9) 容量200kWh 剩余12% | α=6→6min/% τ=45min → 需140.2kWh(充22.7min)
[charge_scheduler-1] [INFO] [1785240394.591287818] [charge_scheduler]:   车#16 [电动装载机282|light] 位置(-43.8,-82.9) 容量282kWh 剩余38% | α=6→6min/% τ=185min → 需122.1kWh(充19.7min)
[charge_scheduler-1] [INFO] [1785240394.591304726] [charge_scheduler]:   车#17 [电动装载机350|light] 位置(-31.1,-74.7) 容量350kWh 剩余58% | α=6→6min/% τ=339min → 需79.4kWh(充12.8min)
[charge_scheduler-1] [INFO] [1785240394.591321512] [charge_scheduler]:   车#18 [重型叉车|heavy→降级] 位置(-75.4,-68.2) 容量200kWh 剩余22% | α=3→6min/% τ=102min → 需119.6kWh(充19.3min)
[charge_scheduler-1] [INFO] [1785240394.591338074] [charge_scheduler]:   车#19 [电动装载机282|light] 位置(-88.2,47.1) 容量282kWh 剩余48% | α=6→6min/% τ=241min → 需93.0kWh(充15.0min)
[charge_scheduler-1] [INFO] [1785240394.591355479] [charge_scheduler]:   车#20 [电动装载机350|light] 位置(-71.4,16.3) 容量350kWh 剩余33% | α=6→6min/% τ=179min → 需169.6kWh(充27.4min)
[charge_scheduler-1] [INFO] [1785240394.591418096] [charge_scheduler]:   车#21 [重型叉车|heavy→降级] 位置(-122.0,-0.6) 容量200kWh 剩余65% | α=3→6min/% τ=240min → 需30.9kWh(充5.0min)
[charge_scheduler-1] [INFO] [1785240394.591437770] [charge_scheduler]:   车#22 [电动装载机282|light] 位置(-71.6,11.6) 容量282kWh 剩余16% | α=6→6min/% τ=62min → 需186.1kWh(充30.1min)
[charge_scheduler-1] [INFO] [1785240394.591451803] [charge_scheduler]:   车#23 [电动装载机350|light] 位置(-131.0,37.2) 容量350kWh 剩余42% | α=6→6min/% τ=237min → 需137.1kWh(充22.2min)
[charge_scheduler-1] [INFO] [1785240394.591465610] [charge_scheduler]:   车#24 [重型叉车|heavy→降级] 位置(-51.3,5.9) 容量200kWh 剩余25% | α=3→6min/% τ=112min → 需113.4kWh(充18.3min)
[charge_scheduler-1] [INFO] [1785240394.591478991] [charge_scheduler]:   车#25 [电动装载机282|light] 位置(-62.2,-10.7) 容量282kWh 剩余55% | α=6→6min/% τ=280min → 需72.7kWh(充11.8min)
[charge_scheduler-1] [INFO] [1785240394.591498650] [charge_scheduler]:   车#26 [电动装载机350|light] 位置(-116.0,60.4) 容量350kWh 剩余30% | α=6→6min/% τ=160min → 需180.4kWh(充29.2min)
[charge_scheduler-1] [INFO] [1785240394.591516862] [charge_scheduler]:   车#27 [重型叉车|heavy→降级] 位置(-90.4,60.5) 容量200kWh 剩余68% | α=3→6min/% τ=250min → 需24.7kWh(充4.0min)
[charge_scheduler-1] [INFO] [1785240394.591588332] [charge_scheduler]:   车#28 [电动装载机282|light] 位置(-85.5,-46.0) 容量282kWh 剩余20% | α=6→6min/% τ=84min → 需174.4kWh(充28.2min)
[charge_scheduler-1] [INFO] [1785240394.591605224] [charge_scheduler]:   车#29 [电动装载机350|light] 位置(-87.0,-36.6) 容量350kWh 剩余36% | α=6→6min/% τ=198min → 需158.8kWh(充25.7min)
[charge_scheduler-1] [INFO] [1785240394.605914630] [charge_scheduler]: [Scheduler] 闭环接口: threshold=10.0min | event_sim=on | structured_feedback=optional (/task_planner/execution_event)
[charge_scheduler-1] [INFO] [1785240394.605960719] [charge_scheduler]: [Scheduler] 已启动, 等待地图...
[charge_scheduler-1] [INFO] [1785240394.670853082] [charge_scheduler]: [Scheduler] RoutingGraph 就绪
[charge_scheduler-1] [INFO] [1785240394.671188119] [charge_scheduler]: [Scheduler] 提取到 6 条虚线捷径
[charge_scheduler-1] [INFO] [1785240394.687734784] [charge_scheduler]: [Scheduler] 下层兼容增强图: 166 节点, 6 条虚线掉头边
[charge_scheduler-1] [INFO] [1785240403.541644230] [charge_scheduler]: [Scheduler] 距离矩阵完成 31x31, 8853.8 ms | 模式=maneuver | 真实不可达=0 抽象不可达=0 | 缺少对向投影节点=0
[charge_scheduler-1] [INFO] [1785240403.541751443] [charge_scheduler]:   ✓ 比值自检：930 个 OD 满足 机动/直线≥1 | 均值=2.97 最大=42.81 (车#15→车#21)
[charge_scheduler-1] [INFO] [1785240403.541769417] [charge_scheduler]: [Scheduler] 地图就绪, 166 条 lanelet（与下层一致）
[charge_scheduler-1] [INFO] [1785240403.541869202] [charge_scheduler]: ======== 开始VRPTW调度 30 辆车 ========
[charge_scheduler-1] [INFO] [1785240403.541881876] [charge_scheduler]:   规模30>8 → 启发式(alns)
[charge_scheduler-1] [INFO] [1785240464.124788654] [charge_scheduler]: [ALNS] seed=5 iters=15000 | N_late=2(成功率93.3%) T_overtime=211.4min C_total=5532.9m | 趟数=11 makespan=385.3min
[charge_scheduler-1] [INFO] [1785240464.124848410] [charge_scheduler]:   求解耗时 60583.0 ms
[charge_scheduler-1] [INFO] [1785240464.124858490] [charge_scheduler]: ════════ 调度结果 ════════
[charge_scheduler-1] [INFO] [1785240464.124864941] [charge_scheduler]:   ★目标(字典序): ① N_late=2 辆 (按时成功率 28/30 = 93.3%)  ② T_overtime=211.4min  ③ C_total=5532.9m
[charge_scheduler-1] [INFO] [1785240464.124873555] [charge_scheduler]:   附: 趟数=11 | makespan=385.3min | 能量可行=是
[charge_scheduler-1] [INFO] [1785240464.124895678] [charge_scheduler]:   [充电车3] 趟1: 站 → 车#27(到2.1/限249.6✓) → 车#21(到8.2/限240.0✓) → 车#3(到15.1/限32.0✓) → 车#28(到40.0/限84.0✓) → 车#18(到72.3/限102.4✓) → 站
[charge_scheduler-1] [INFO] [1785240464.124903803] [charge_scheduler]:   [充电车1] 趟2: 站 → 车#8(到4.0/限196.0✓) → 车#22(到16.7/限61.6✓) → 车#7(到49.3/限64.0✓) → 车#1(到74.6/限96.0✓) → 站
[charge_scheduler-1] [INFO] [1785240464.124911120] [charge_scheduler]:   [充电车2] 趟3: 站 → 车#4(到1.4/限212.0✓) → 车#15(到11.5/限44.8✓) → 车#13(到36.4/限128.8✓) → 车#11(到67.1/限83.2✓) → 站
[charge_scheduler-1] [INFO] [1785240464.124947435] [charge_scheduler]:   [充电车2] 趟4: 站 → 车#5(到125.1/限128.0✓) → 车#20(到169.7/限179.2✓) → 站
[charge_scheduler-1] [INFO] [1785240464.124955312] [charge_scheduler]:   [充电车1] 趟5: 站 → 车#24(到111.8/限112.0✓) → 车#26(到138.5/限160.0✓) → 车#10(到182.0/限224.0✓) → 站
[charge_scheduler-1] [INFO] [1785240464.124961885] [charge_scheduler]:   [充电车3] 趟6: 站 → 车#9(到110.7/限116.0✓) → 车#0(到147.0/限168.0✓) → 车#16(到182.5/限184.8✓) → 站
[charge_scheduler-1] [INFO] [1785240464.124967689] [charge_scheduler]:   [充电车2] 趟7: 站 → 车#19(到227.4/限240.8✓) → 车#29(到263.5/限198.4✗超时) → 站
[charge_scheduler-1] [INFO] [1785240464.124973452] [charge_scheduler]:   [充电车3] 趟8: 站 → 车#23(到232.9/限236.8✓) → 车#14(到280.3/限300.8✓) → 站
[charge_scheduler-1] [INFO] [1785240464.124979684] [charge_scheduler]:   [充电车1] 趟9: 站 → 车#12(到227.8/限230.4✓) → 车#25(到252.9/限280.0✓) → 车#2(到287.5/限288.0✓) → 站
[charge_scheduler-1] [INFO] [1785240464.124985320] [charge_scheduler]:   [充电车2] 趟10: 站 → 车#6(到322.2/限176.0✗超时) → 站
[charge_scheduler-1] [INFO] [1785240464.124990485] [charge_scheduler]:   [充电车3] 趟11: 站 → 车#17(到338.8/限339.2✓) → 站
[charge_scheduler-1] [INFO] [1785240464.124994711] [charge_scheduler]: ════════════════════════
[charge_scheduler-1] [INFO] [1785240464.125060878] [charge_scheduler]: [扰动清单] type=station delay=30.0min targets={} station={C1-S1,C3-S1,}
[charge_scheduler-1] [INFO] [1785240464.125079525] [charge_scheduler]: [执行事件] loop=open plan_v=0 C3 type=target_service target=27 station_ord=0 planned_finish=6.36 actual_finish=6.36 dev=+0.00 injected=0.0
[charge_scheduler-1] [INFO] [1785240464.125092051] [charge_scheduler]: [执行事件] loop=open plan_v=0 C2 type=target_service target=4 station_ord=0 planned_finish=11.04 actual_finish=11.04 dev=+0.00 injected=0.0
[charge_scheduler-1] [INFO] [1785240464.125098933] [charge_scheduler]: [执行事件] loop=open plan_v=0 C3 type=target_service target=21 station_ord=0 planned_finish=14.00 actual_finish=14.00 dev=+0.00 injected=0.0
[charge_scheduler-1] [INFO] [1785240464.125105313] [charge_scheduler]: [执行事件] loop=open plan_v=0 C1 type=target_service target=8 station_ord=0 planned_finish=16.35 actual_finish=16.35 dev=+0.00 injected=0.0
[charge_scheduler-1] [INFO] [1785240464.125111602] [charge_scheduler]: [执行事件] loop=open plan_v=0 C2 type=target_service target=15 station_ord=0 planned_finish=34.81 actual_finish=34.81 dev=+0.00 injected=0.0
[charge_scheduler-1] [INFO] [1785240464.125117847] [charge_scheduler]: [执行事件] loop=open plan_v=0 C3 type=target_service target=3 station_ord=0 planned_finish=39.26 actual_finish=39.26 dev=+0.00 injected=0.0
[charge_scheduler-1] [INFO] [1785240464.125125228] [charge_scheduler]: [执行事件] loop=open plan_v=0 C1 type=target_service target=22 station_ord=0 planned_finish=48.17 actual_finish=48.17 dev=+0.00 injected=0.0
[charge_scheduler-1] [INFO] [1785240464.125131217] [charge_scheduler]: [执行事件] loop=open plan_v=0 C2 type=target_service target=13 station_ord=0 planned_finish=63.93 actual_finish=63.93 dev=+0.00 injected=0.0
[charge_scheduler-1] [INFO] [1785240464.125137006] [charge_scheduler]: [执行事件] loop=open plan_v=0 C3 type=target_service target=28 station_ord=0 planned_finish=71.56 actual_finish=71.56 dev=+0.00 injected=0.0
[charge_scheduler-1] [INFO] [1785240464.125143242] [charge_scheduler]: [执行事件] loop=open plan_v=0 C1 type=target_service target=7 station_ord=0 planned_finish=73.54 actual_finish=73.54 dev=+0.00 injected=0.0
[charge_scheduler-1] [INFO] [1785240464.125149229] [charge_scheduler]: [执行事件] loop=open plan_v=0 C3 type=target_service target=18 station_ord=0 planned_finish=95.72 actual_finish=95.72 dev=+0.00 injected=0.0
[charge_scheduler-1] [INFO] [1785240464.125158486] [charge_scheduler]: [执行事件] loop=open plan_v=0 C1 type=target_service target=1 station_ord=0 planned_finish=98.51 actual_finish=98.51 dev=+0.00 injected=0.0
[charge_scheduler-1] [INFO] [1785240464.125165213] [charge_scheduler]: [执行事件] loop=open plan_v=0 C2 type=target_service target=11 station_ord=0 planned_finish=109.42 actual_finish=109.42 dev=+0.00 injected=0.0
[charge_scheduler-1] [INFO] [1785240464.125172170] [charge_scheduler]: [执行事件] loop=open plan_v=0 C2 type=station_turnaround target=-1 station_ord=1 planned_finish=121.91 actual_finish=121.91 dev=+0.00 injected=0.0
[charge_scheduler-1] [INFO] [1785240464.125182275] [charge_scheduler]: [执行事件] loop=open plan_v=0 C3 type=station_turnaround target=-1 station_ord=1 planned_finish=108.53 actual_finish=138.53 dev=+30.00 injected=30.0
[charge_scheduler-1] [INFO] [1785240464.125222484] [charge_scheduler]: [执行事件] loop=open plan_v=0 C1 type=station_turnaround target=-1 station_ord=1 planned_finish=110.93 actual_finish=140.93 dev=+30.00 injected=30.0
[charge_scheduler-1] [INFO] [1785240464.125234313] [charge_scheduler]: [执行事件] loop=open plan_v=0 C1 type=target_service target=24 station_ord=0 planned_finish=136.74 actual_finish=166.75 dev=+30.01 injected=0.0
[charge_scheduler-1] [INFO] [1785240464.125242554] [charge_scheduler]: [执行事件] loop=open plan_v=0 C2 type=target_service target=5 station_ord=0 planned_finish=168.57 actual_finish=168.57 dev=+0.00 injected=0.0
[charge_scheduler-1] [INFO] [1785240464.125249430] [charge_scheduler]: [执行事件] loop=open plan_v=0 C3 type=target_service target=9 station_ord=0 planned_finish=145.51 actual_finish=175.95 dev=+30.44 injected=0.0
[charge_scheduler-1] [INFO] [1785240464.125255986] [charge_scheduler]: [执行事件] loop=open plan_v=0 C1 type=target_service target=26 station_ord=0 planned_finish=180.32 actual_finish=212.29 dev=+31.97 injected=0.0
[charge_scheduler-1] [INFO] [1785240464.125262655] [charge_scheduler]: [执行事件] loop=open plan_v=0 C2 type=target_service target=20 station_ord=0 planned_finish=212.58 actual_finish=212.58 dev=+0.00 injected=0.0
[charge_scheduler-1] [INFO] [1785240464.125269661] [charge_scheduler]: [执行事件] loop=open plan_v=0 C3 type=target_service target=0 station_ord=0 planned_finish=180.51 actual_finish=212.71 dev=+32.21 injected=0.0
[charge_scheduler-1] [INFO] [1785240464.125276211] [charge_scheduler]: [执行事件] loop=open plan_v=0 C2 type=station_turnaround target=-1 station_ord=2 planned_finish=223.98 actual_finish=223.98 dev=+0.00 injected=0.0
[charge_scheduler-1] [INFO] [1785240464.125282784] [charge_scheduler]: [执行事件] loop=open plan_v=0 C1 type=target_service target=10 station_ord=0 planned_finish=213.77 actual_finish=248.43 dev=+34.65 injected=0.0
[charge_scheduler-1] [INFO] [1785240464.125289339] [charge_scheduler]: [执行事件] loop=open plan_v=0 C3 type=target_service target=16 station_ord=0 planned_finish=217.61 actual_finish=250.00 dev=+32.39 injected=0.0
[charge_scheduler-1] [INFO] [1785240464.125295863] [charge_scheduler]: [执行事件] loop=open plan_v=0 C1 type=station_turnaround target=-1 station_ord=2 planned_finish=225.42 actual_finish=260.08 dev=+34.65 injected=0.0
[charge_scheduler-1] [INFO] [1785240464.125302382] [charge_scheduler]: [执行事件] loop=open plan_v=0 C2 type=target_service target=19 station_ord=0 planned_finish=261.52 actual_finish=261.52 dev=+0.00 injected=0.0
[charge_scheduler-1] [INFO] [1785240464.125308625] [charge_scheduler]: [执行事件] loop=open plan_v=0 C3 type=station_turnaround target=-1 station_ord=2 planned_finish=230.33 actual_finish=262.72 dev=+32.39 injected=0.0
[charge_scheduler-1] [INFO] [1785240464.125315344] [charge_scheduler]: [执行事件] loop=open plan_v=0 C1 type=target_service target=12 station_ord=0 planned_finish=252.62 actual_finish=287.41 dev=+34.79 injected=0.0
[charge_scheduler-1] [INFO] [1785240464.125321865] [charge_scheduler]: [执行事件] loop=open plan_v=0 C2 type=target_service target=29 station_ord=0 planned_finish=307.26 actual_finish=307.26 dev=+0.00 injected=0.0
[charge_scheduler-1] [INFO] [1785240464.125328202] [charge_scheduler]: [执行事件] loop=open plan_v=0 C3 type=target_service target=23 station_ord=0 planned_finish=276.25 actual_finish=309.00 dev=+32.75 injected=0.0
[charge_scheduler-1] [INFO] [1785240464.125334366] [charge_scheduler]: [执行事件] loop=open plan_v=0 C2 type=station_turnaround target=-1 station_ord=3 planned_finish=319.44 actual_finish=319.44 dev=+0.00 injected=0.0
[charge_scheduler-1] [INFO] [1785240464.125340761] [charge_scheduler]: [执行事件] loop=open plan_v=0 C1 type=target_service target=25 station_ord=0 planned_finish=285.87 actual_finish=322.94 dev=+37.07 injected=0.0
[charge_scheduler-1] [INFO] [1785240464.125347119] [charge_scheduler]: [执行事件] loop=open plan_v=0 C3 type=target_service target=14 station_ord=0 planned_finish=322.13 actual_finish=356.76 dev=+34.63 injected=0.0
[charge_scheduler-1] [INFO] [1785240464.125363415] [charge_scheduler]: [执行事件] loop=open plan_v=0 C2 type=target_service target=6 station_ord=0 planned_finish=365.99 actual_finish=365.99 dev=+0.00 injected=0.0
[charge_scheduler-1] [INFO] [1785240464.125369730] [charge_scheduler]: [执行事件] loop=open plan_v=0 C1 type=target_service target=2 station_ord=0 planned_finish=331.19 actual_finish=368.30 dev=+37.11 injected=0.0
[charge_scheduler-1] [INFO] [1785240464.125376226] [charge_scheduler]: [执行事件] loop=open plan_v=0 C2 type=final_return target=-1 station_ord=0 planned_finish=368.69 actual_finish=368.69 dev=+0.00 injected=0.0
[charge_scheduler-1] [INFO] [1785240464.125386819] [charge_scheduler]: [执行事件] loop=open plan_v=0 C1 type=final_return target=-1 station_ord=0 planned_finish=333.12 actual_finish=370.23 dev=+37.11 injected=0.0
[charge_scheduler-1] [INFO] [1785240464.125393405] [charge_scheduler]: [执行事件] loop=open plan_v=0 C3 type=station_turnaround target=-1 station_ord=3 planned_finish=335.90 actual_finish=370.53 dev=+34.63 injected=0.0
[charge_scheduler-1] [INFO] [1785240464.125400375] [charge_scheduler]: [执行事件] loop=open plan_v=0 C3 type=target_service target=17 station_ord=0 planned_finish=382.52 actual_finish=417.18 dev=+34.66 injected=0.0
[charge_scheduler-1] [INFO] [1785240464.125407185] [charge_scheduler]: [执行事件] loop=open plan_v=0 C3 type=final_return target=-1 station_ord=0 planned_finish=385.31 actual_finish=419.97 dev=+34.66 injected=0.0
[charge_scheduler-1] [INFO] [1785240464.125429903] [charge_scheduler]: [执行事件] loop=closed plan_v=0 C3 type=target_service target=27 station_ord=0 planned_finish=6.36 actual_finish=6.36 dev=+0.00 injected=0.0
[charge_scheduler-1] [INFO] [1785240464.125436697] [charge_scheduler]: [执行事件] loop=closed plan_v=0 C2 type=target_service target=4 station_ord=0 planned_finish=11.04 actual_finish=11.04 dev=+0.00 injected=0.0
[charge_scheduler-1] [INFO] [1785240464.125443542] [charge_scheduler]: [执行事件] loop=closed plan_v=0 C3 type=target_service target=21 station_ord=0 planned_finish=14.00 actual_finish=14.00 dev=+0.00 injected=0.0
[charge_scheduler-1] [INFO] [1785240464.125450340] [charge_scheduler]: [执行事件] loop=closed plan_v=0 C1 type=target_service target=8 station_ord=0 planned_finish=16.35 actual_finish=16.35 dev=+0.00 injected=0.0
[charge_scheduler-1] [INFO] [1785240464.125457118] [charge_scheduler]: [执行事件] loop=closed plan_v=0 C2 type=target_service target=15 station_ord=0 planned_finish=34.81 actual_finish=34.81 dev=+0.00 injected=0.0
[charge_scheduler-1] [INFO] [1785240464.125463878] [charge_scheduler]: [执行事件] loop=closed plan_v=0 C3 type=target_service target=3 station_ord=0 planned_finish=39.26 actual_finish=39.26 dev=+0.00 injected=0.0
[charge_scheduler-1] [INFO] [1785240464.125472059] [charge_scheduler]: [执行事件] loop=closed plan_v=0 C1 type=target_service target=22 station_ord=0 planned_finish=48.17 actual_finish=48.17 dev=+0.00 injected=0.0
[charge_scheduler-1] [INFO] [1785240464.125478993] [charge_scheduler]: [执行事件] loop=closed plan_v=0 C2 type=target_service target=13 station_ord=0 planned_finish=63.93 actual_finish=63.93 dev=+0.00 injected=0.0
[charge_scheduler-1] [INFO] [1785240464.125485648] [charge_scheduler]: [执行事件] loop=closed plan_v=0 C3 type=target_service target=28 station_ord=0 planned_finish=71.56 actual_finish=71.56 dev=+0.00 injected=0.0
[charge_scheduler-1] [INFO] [1785240464.125492536] [charge_scheduler]: [执行事件] loop=closed plan_v=0 C1 type=target_service target=7 station_ord=0 planned_finish=73.54 actual_finish=73.54 dev=+0.00 injected=0.0
[charge_scheduler-1] [INFO] [1785240464.125499203] [charge_scheduler]: [执行事件] loop=closed plan_v=0 C3 type=target_service target=18 station_ord=0 planned_finish=95.72 actual_finish=95.72 dev=+0.00 injected=0.0
[charge_scheduler-1] [INFO] [1785240464.125506929] [charge_scheduler]: [执行事件] loop=closed plan_v=0 C1 type=target_service target=1 station_ord=0 planned_finish=98.51 actual_finish=98.51 dev=+0.00 injected=0.0
[charge_scheduler-1] [INFO] [1785240464.125514320] [charge_scheduler]: [执行事件] loop=closed plan_v=0 C2 type=target_service target=11 station_ord=0 planned_finish=109.42 actual_finish=109.42 dev=+0.00 injected=0.0
[charge_scheduler-1] [INFO] [1785240464.125524245] [charge_scheduler]: [执行事件] loop=closed plan_v=0 C2 type=station_turnaround target=-1 station_ord=1 planned_finish=121.91 actual_finish=121.91 dev=+0.00 injected=0.0
[charge_scheduler-1] [INFO] [1785240464.125545868] [charge_scheduler]: [执行事件] loop=closed plan_v=0 C3 type=station_turnaround target=-1 station_ord=1 planned_finish=108.53 actual_finish=138.53 dev=+30.00 injected=30.0
[charge_scheduler-1] [WARN] [1785240470.039656791] [charge_scheduler]: [重调度事件] #1 t=138.53min trigger=C3/station_turnaround dev=+30.00 pool=16 committed=1 plan_v=1 solve_ms=5914.1 changed_assign=11 changed_order=12
[charge_scheduler-1] [INFO] [1785240470.039732899] [charge_scheduler]: [执行事件] loop=closed plan_v=0 C1 type=station_turnaround target=-1 station_ord=1 planned_finish=110.93 actual_finish=140.93 dev=+30.00 injected=30.0
[charge_scheduler-1] [WARN] [1785240474.015754534] [charge_scheduler]: [重调度事件] #2 t=140.93min trigger=C1/station_turnaround dev=+30.00 pool=15 committed=2 plan_v=2 solve_ms=3976.0 changed_assign=9 changed_order=8
[charge_scheduler-1] [INFO] [1785240474.015850282] [charge_scheduler]: [执行事件] loop=closed plan_v=1 C3 type=target_service target=24 station_ord=0 planned_finish=164.35 actual_finish=164.35 dev=+0.00 injected=0.0
[charge_scheduler-1] [INFO] [1785240474.015872065] [charge_scheduler]: [执行事件] loop=closed plan_v=0 C2 type=target_service target=5 station_ord=0 planned_finish=168.57 actual_finish=168.57 dev=+0.00 injected=0.0
[charge_scheduler-1] [INFO] [1785240474.015886982] [charge_scheduler]: [执行事件] loop=closed plan_v=2 C1 type=target_service target=0 station_ord=0 planned_finish=174.81 actual_finish=174.81 dev=+0.00 injected=0.0
[charge_scheduler-1] [INFO] [1785240474.015900209] [charge_scheduler]: [执行事件] loop=closed plan_v=2 C3 type=target_service target=9 station_ord=0 planned_finish=201.04 actual_finish=201.04 dev=+0.00 injected=0.0
[charge_scheduler-1] [INFO] [1785240474.015913170] [charge_scheduler]: [执行事件] loop=closed plan_v=2 C1 type=target_service target=16 station_ord=0 planned_finish=211.43 actual_finish=211.43 dev=+0.00 injected=0.0
[charge_scheduler-1] [INFO] [1785240474.015927126] [charge_scheduler]: [执行事件] loop=closed plan_v=2 C2 type=target_service target=6 station_ord=0 planned_finish=215.06 actual_finish=215.06 dev=+0.00 injected=0.0
[charge_scheduler-1] [INFO] [1785240474.015942241] [charge_scheduler]: [执行事件] loop=closed plan_v=2 C3 type=target_service target=12 station_ord=0 planned_finish=225.52 actual_finish=225.52 dev=+0.00 injected=0.0
[charge_scheduler-1] [INFO] [1785240474.015956003] [charge_scheduler]: [执行事件] loop=closed plan_v=2 C2 type=station_turnaround target=-1 station_ord=2 planned_finish=227.75 actual_finish=227.75 dev=+0.00 injected=0.0
[charge_scheduler-1] [INFO] [1785240474.015970002] [charge_scheduler]: [执行事件] loop=closed plan_v=2 C3 type=station_turnaround target=-1 station_ord=2 planned_finish=236.97 actual_finish=236.97 dev=+0.00 injected=0.0
[charge_scheduler-1] [INFO] [1785240474.015983937] [charge_scheduler]: [执行事件] loop=closed plan_v=2 C1 type=target_service target=10 station_ord=0 planned_finish=250.89 actual_finish=250.89 dev=+0.00 injected=0.0
[charge_scheduler-1] [INFO] [1785240474.015996759] [charge_scheduler]: [执行事件] loop=closed plan_v=2 C1 type=station_turnaround target=-1 station_ord=2 planned_finish=262.55 actual_finish=262.55 dev=+0.00 injected=0.0
[charge_scheduler-1] [INFO] [1785240474.016009617] [charge_scheduler]: [执行事件] loop=closed plan_v=2 C2 type=target_service target=23 station_ord=0 planned_finish=273.44 actual_finish=273.44 dev=+0.00 injected=0.0
[charge_scheduler-1] [INFO] [1785240474.016022256] [charge_scheduler]: [执行事件] loop=closed plan_v=2 C3 type=target_service target=19 station_ord=0 planned_finish=275.60 actual_finish=275.60 dev=+0.00 injected=0.0
[charge_scheduler-1] [INFO] [1785240474.016035307] [charge_scheduler]: [执行事件] loop=closed plan_v=2 C1 type=target_service target=29 station_ord=0 planned_finish=308.19 actual_finish=308.19 dev=+0.00 injected=0.0
[charge_scheduler-1] [INFO] [1785240474.016047899] [charge_scheduler]: [执行事件] loop=closed plan_v=2 C3 type=target_service target=25 station_ord=0 planned_finish=313.28 actual_finish=313.28 dev=+0.00 injected=0.0
[charge_scheduler-1] [INFO] [1785240474.016060631] [charge_scheduler]: [执行事件] loop=closed plan_v=2 C2 type=target_service target=2 station_ord=0 planned_finish=319.14 actual_finish=319.14 dev=+0.00 injected=0.0
[charge_scheduler-1] [INFO] [1785240474.016073952] [charge_scheduler]: [执行事件] loop=closed plan_v=2 C3 type=station_turnaround target=-1 station_ord=3 planned_finish=324.55 actual_finish=324.55 dev=+0.00 injected=0.0
[charge_scheduler-1] [INFO] [1785240474.016130544] [charge_scheduler]: [执行事件] loop=closed plan_v=2 C2 type=station_turnaround target=-1 station_ord=3 planned_finish=331.06 actual_finish=331.06 dev=+0.00 injected=0.0
[charge_scheduler-1] [INFO] [1785240474.016146188] [charge_scheduler]: [执行事件] loop=closed plan_v=2 C1 type=target_service target=14 station_ord=0 planned_finish=353.21 actual_finish=353.21 dev=+0.00 injected=0.0
[charge_scheduler-1] [INFO] [1785240474.016159352] [charge_scheduler]: [执行事件] loop=closed plan_v=2 C1 type=station_turnaround target=-1 station_ord=3 planned_finish=366.97 actual_finish=366.97 dev=+0.00 injected=0.0
[charge_scheduler-1] [INFO] [1785240474.016175561] [charge_scheduler]: [执行事件] loop=closed plan_v=2 C3 type=target_service target=26 station_ord=0 planned_finish=370.83 actual_finish=370.83 dev=+0.00 injected=0.0
[charge_scheduler-1] [INFO] [1785240474.016188564] [charge_scheduler]: [执行事件] loop=closed plan_v=2 C3 type=final_return target=-1 station_ord=0 planned_finish=374.13 actual_finish=374.13 dev=+0.00 injected=0.0
[charge_scheduler-1] [INFO] [1785240474.016202798] [charge_scheduler]: [执行事件] loop=closed plan_v=2 C2 type=target_service target=17 station_ord=0 planned_finish=377.24 actual_finish=377.24 dev=+0.00 injected=0.0
[charge_scheduler-1] [INFO] [1785240474.016214046] [charge_scheduler]: [执行事件] loop=closed plan_v=2 C2 type=final_return target=-1 station_ord=0 planned_finish=380.03 actual_finish=380.03 dev=+0.00 injected=0.0
[charge_scheduler-1] [INFO] [1785240474.016226201] [charge_scheduler]: [执行事件] loop=closed plan_v=2 C1 type=target_service target=20 station_ord=0 planned_finish=414.91 actual_finish=414.91 dev=+0.00 injected=0.0
[charge_scheduler-1] [INFO] [1785240474.016239172] [charge_scheduler]: [执行事件] loop=closed plan_v=2 C1 type=final_return target=-1 station_ord=0 planned_finish=416.31 actual_finish=416.31 dev=+0.00 injected=0.0
[charge_scheduler-1] [INFO] [1785240474.016263112] [charge_scheduler]: ★闭环实验结果 mode=open M=30 K=3 disturbance=station delay=30.0 seed=5 N_late=13 T_overtime=464.909 C_total=5532.870 makespan=419.973 served=30 energy_viol=4 reschedules=0 reschedule_ms=0.000 changed_assign=0 changed_order=0 applied_target=0 applied_station=2 initial_solve_ms=60582.966
[charge_scheduler-1] [INFO] [1785240474.016286620] [charge_scheduler]: ★闭环实验结果 mode=closed M=30 K=3 disturbance=station delay=30.0 seed=5 N_late=6 T_overtime=510.883 C_total=5962.788 makespan=416.306 served=30 energy_viol=0 reschedules=2 reschedule_ms=9890.013 changed_assign=20 changed_order=20 applied_target=0 applied_station=2 initial_solve_ms=60582.966
[charge_scheduler-1] [INFO] [1785240474.016305324] [charge_scheduler]: ★闭环实验收益 M=30 K=3 disturbance=station delay=30.0 seed=5 recovered_late=7 overtime_reduction=-45.974 distance_delta=429.917 makespan_reduction=3.667
[WARNING] [launch]: user interrupted with ctrl-c (SIGINT)
[INFO] [charge_scheduler-1]: sending signal 'SIGINT' to process[charge_scheduler-1]
[charge_scheduler-1] [INFO] [1785240474.478790463] [rclcpp]: signal_handler(signum=2)
[ERROR] [charge_scheduler-1]: process has died [pid 24645, exit code -2, cmd '/home/yy/controller/shared_dir/Comprehensive_Road_Testing/install/task_planner/lib/task_planner/charge_scheduler --ros-args -r __node:=charge_scheduler --params-file /home/yy/controller/shared_dir/Comprehensive_Road_Testing/install/task_planner/share/task_planner/config/charge_scheduler.param.yaml'].
