[INFO] [launch]: All log files can be found below /root/.ros/log/2026-07-28-10-46-16-989623-YYYY-13588
[INFO] [launch]: Default logging verbosity is set to INFO
[INFO] [charge_scheduler-1]: process started with pid [13591]
[charge_scheduler-1] [INFO] [1785235577.171767217] [charge_scheduler]: [Scheduler] 20辆车 | 电池800.0kWh(20%=160.0 80%=640.0) | 充电360kW效率97% | 行驶0.6kWh/km | 桩350kW
[charge_scheduler-1] [INFO] [1785235577.171904993] [charge_scheduler]: [Scheduler] 站端周转: 换电 10 min(换后满电) | 单趟可用 640 kWh
[charge_scheduler-1] [INFO] [1785235577.171930124] [charge_scheduler]:   车#0 [电动装载机282|light] 位置(-47.3,-2.6) 容量282kWh 剩余35% | α=6→6min/% τ=168min → 需130.8kWh(充21.2min)
[charge_scheduler-1] [INFO] [1785235577.171952587] [charge_scheduler]:   车#1 [重型叉车|light] 位置(-44.0,-64.1) 容量200kWh 剩余20% | α=6→6min/% τ=96min → 需123.7kWh(充20.0min)
[charge_scheduler-1] [INFO] [1785235577.171971329] [charge_scheduler]:   车#2 [电动装载机350|light] 位置(-51.1,-38.8) 容量350kWh 剩余50% | α=6→6min/% τ=288min → 需108.2kWh(充17.5min)
[charge_scheduler-1] [INFO] [1785235577.171988792] [charge_scheduler]:   车#3 [重型叉车|light] 位置(-71.0,-19.0) 容量200kWh 剩余10% | α=6→6min/% τ=32min → 需144.3kWh(充23.3min)
[charge_scheduler-1] [INFO] [1785235577.172005613] [charge_scheduler]:   车#4 [电动装载机282|heavy→降级] 位置(-93.3,6.6) 容量282kWh 剩余60% | α=3→6min/% τ=212min → 需58.1kWh(充9.4min)
[charge_scheduler-1] [INFO] [1785235577.172022438] [charge_scheduler]:   车#5 [电动装载机350|light] 位置(-104.4,47.7) 容量350kWh 剩余25% | α=6→6min/% τ=128min → 需198.5kWh(充32.1min)
[charge_scheduler-1] [INFO] [1785235577.172039836] [charge_scheduler]:   车#6 [电动装载机350|heavy→降级] 位置(-37.0,-75.1) 容量350kWh 剩余40% | α=4→6min/% τ=176min → 需144.3kWh(充23.3min)
[charge_scheduler-1] [INFO] [1785235577.172056250] [charge_scheduler]:   车#7 [重型叉车|light] 位置(-88.8,-37.1) 容量200kWh 剩余15% | α=6→6min/% τ=64min → 需134.0kWh(充21.7min)
[charge_scheduler-1] [INFO] [1785235577.172073008] [charge_scheduler]:   车#8 [电动装载机282|heavy→降级] 位置(-70.9,27.7) 容量282kWh 剩余55% | α=3→6min/% τ=196min → 需72.7kWh(充11.8min)
[charge_scheduler-1] [INFO] [1785235577.172089935] [charge_scheduler]:   车#9 [电动装载机282|heavy→降级] 位置(-35.4,-47.4) 容量282kWh 剩余30% | α=3→6min/% τ=116min → 需145.4kWh(充23.5min)
[charge_scheduler-1] [INFO] [1785235577.172107006] [charge_scheduler]:   车#10 [电动装载机282|light] 位置(-100.0,-1.0) 容量282kWh 剩余45% | α=6→6min/% τ=224min → 需101.8kWh(充16.4min)
[charge_scheduler-1] [INFO] [1785235577.172123594] [charge_scheduler]:   车#11 [电动装载机350|light] 位置(-72.8,-15.6) 容量350kWh 剩余18% | α=6→6min/% τ=83min → 需223.7kWh(充36.2min)
[charge_scheduler-1] [INFO] [1785235577.172140688] [charge_scheduler]:   车#12 [重型叉车|heavy→降级] 位置(-61.7,-20.7) 容量200kWh 剩余62% | α=3→6min/% τ=230min → 需37.1kWh(充6.0min)
[charge_scheduler-1] [INFO] [1785235577.172157743] [charge_scheduler]:   车#13 [电动装载机282|light] 位置(-133.0,-25.3) 容量282kWh 剩余28% | α=6→6min/% τ=129min → 需151.2kWh(充24.4min)
[charge_scheduler-1] [INFO] [1785235577.172175225] [charge_scheduler]:   车#14 [电动装载机350|light] 位置(-132.0,-8.9) 容量350kWh 剩余52% | α=6→6min/% τ=301min → 需101.0kWh(充16.3min)
[charge_scheduler-1] [INFO] [1785235577.172192396] [charge_scheduler]:   车#15 [重型叉车|light] 位置(-120.0,7.9) 容量200kWh 剩余12% | α=6→6min/% τ=45min → 需140.2kWh(充22.7min)
[charge_scheduler-1] [INFO] [1785235577.172209328] [charge_scheduler]:   车#16 [电动装载机282|light] 位置(-43.8,-82.9) 容量282kWh 剩余38% | α=6→6min/% τ=185min → 需122.1kWh(充19.7min)
[charge_scheduler-1] [INFO] [1785235577.172226373] [charge_scheduler]:   车#17 [电动装载机350|light] 位置(-31.1,-74.7) 容量350kWh 剩余58% | α=6→6min/% τ=339min → 需79.4kWh(充12.8min)
[charge_scheduler-1] [INFO] [1785235577.172243187] [charge_scheduler]:   车#18 [重型叉车|heavy→降级] 位置(-75.4,-68.2) 容量200kWh 剩余22% | α=3→6min/% τ=102min → 需119.6kWh(充19.3min)
[charge_scheduler-1] [INFO] [1785235577.172259551] [charge_scheduler]:   车#19 [电动装载机282|light] 位置(-88.2,47.1) 容量282kWh 剩余48% | α=6→6min/% τ=241min → 需93.0kWh(充15.0min)
[charge_scheduler-1] [INFO] [1785235577.188252193] [charge_scheduler]: [Scheduler] 闭环接口: threshold=10.0min | event_sim=on | structured_feedback=optional (/task_planner/execution_event)
[charge_scheduler-1] [INFO] [1785235577.188382823] [charge_scheduler]: [Scheduler] 已启动, 等待地图...
[charge_scheduler-1] [INFO] [1785235577.264418428] [charge_scheduler]: [Scheduler] RoutingGraph 就绪
[charge_scheduler-1] [INFO] [1785235577.265089392] [charge_scheduler]: [Scheduler] 提取到 6 条虚线捷径
[charge_scheduler-1] [INFO] [1785235577.299217330] [charge_scheduler]: [Scheduler] 下层兼容增强图: 166 节点, 6 条虚线掉头边
[charge_scheduler-1] [INFO] [1785235581.432193391] [charge_scheduler]: [Scheduler] 距离矩阵完成 21x21, 4132.9 ms | 模式=maneuver | 真实不可达=0 抽象不可达=0 | 缺少对向投影节点=0
[charge_scheduler-1] [INFO] [1785235581.432283493] [charge_scheduler]:   ✓ 比值自检：420 个 OD 满足 机动/直线≥1 | 均值=2.70 最大=41.42 (车#4→车#10)
[charge_scheduler-1] [INFO] [1785235581.432296221] [charge_scheduler]: [Scheduler] 地图就绪, 166 条 lanelet（与下层一致）
[charge_scheduler-1] [INFO] [1785235581.432369896] [charge_scheduler]: ======== 开始VRPTW调度 20 辆车 ========
[charge_scheduler-1] [INFO] [1785235581.432376497] [charge_scheduler]:   规模20>8 → 启发式(alns)
[charge_scheduler-1] [INFO] [1785235597.118179536] [charge_scheduler]: [ALNS] seed=8 iters=15000 | N_late=2(成功率90.0%) T_overtime=135.1min C_total=3720.9m | 趟数=7 makespan=376.4min
[charge_scheduler-1] [INFO] [1785235597.118239032] [charge_scheduler]:   求解耗时 15685.9 ms
[charge_scheduler-1] [INFO] [1785235597.118249799] [charge_scheduler]: ════════ 调度结果 ════════
[charge_scheduler-1] [INFO] [1785235597.118256184] [charge_scheduler]:   ★目标(字典序): ① N_late=2 辆 (按时成功率 18/20 = 90.0%)  ② T_overtime=135.1min  ③ C_total=3720.9m
[charge_scheduler-1] [INFO] [1785235597.118265795] [charge_scheduler]:   附: 趟数=7 | makespan=376.4min | 能量可行=是
[charge_scheduler-1] [INFO] [1785235597.118280897] [charge_scheduler]:   [充电车2] 趟1: 站 → 车#4(到1.4/限212.0✓) → 车#8(到13.7/限196.0✓) → 车#3(到28.2/限32.0✓) → 车#11(到53.2/限83.2✓) → 站
[charge_scheduler-1] [INFO] [1785235597.118290538] [charge_scheduler]:   [充电车1] 趟2: 站 → 车#12(到2.3/限230.4✓) → 车#15(到9.8/限44.8✓) → 车#7(到34.9/限64.0✓) → 车#18(到59.3/限102.4✓) → 车#1(到83.2/限96.0✓) → 站
[charge_scheduler-1] [INFO] [1785235597.118297739] [charge_scheduler]:   [充电车2] 趟3: 站 → 车#9(到108.8/限116.0✓) → 车#16(到144.7/限184.8✓) → 站
[charge_scheduler-1] [INFO] [1785235597.118305384] [charge_scheduler]:   [充电车1] 趟4: 站 → 车#13(到122.8/限128.8✓) → 车#0(到160.7/限168.0✓) → 车#10(到199.0/限224.0✓) → 站
[charge_scheduler-1] [INFO] [1785235597.118312722] [charge_scheduler]:   [充电车2] 趟5: 站 → 车#5(到192.5/限128.0✗超时) → 车#19(到236.6/限240.8✓) → 站
[charge_scheduler-1] [INFO] [1785235597.118319639] [charge_scheduler]:   [充电车1] 趟6: 站 → 车#6(到246.6/限176.0✗超时) → 车#14(到292.8/限300.8✓) → 站
[charge_scheduler-1] [INFO] [1785235597.118325894] [charge_scheduler]:   [充电车2] 趟7: 站 → 车#2(到285.8/限288.0✓) → 车#17(到330.6/限339.2✓) → 站
[charge_scheduler-1] [INFO] [1785235597.118330878] [charge_scheduler]: ════════════════════════
[charge_scheduler-1] [INFO] [1785235597.118389131] [charge_scheduler]: [扰动清单] type=target delay=60.0min targets={7,13,} station={}
[charge_scheduler-1] [INFO] [1785235597.118408706] [charge_scheduler]: [执行事件] loop=open plan_v=0 C1 type=target_service target=12 station_ord=0 planned_finish=8.58 actual_finish=8.58 dev=+0.00 injected=0.0
[charge_scheduler-1] [INFO] [1785235597.118419507] [charge_scheduler]: [执行事件] loop=open plan_v=0 C2 type=target_service target=4 station_ord=0 planned_finish=11.04 actual_finish=11.04 dev=+0.00 injected=0.0
[charge_scheduler-1] [INFO] [1785235597.118428342] [charge_scheduler]: [执行事件] loop=open plan_v=0 C2 type=target_service target=8 station_ord=0 planned_finish=27.46 actual_finish=27.46 dev=+0.00 injected=0.0
[charge_scheduler-1] [INFO] [1785235597.118436815] [charge_scheduler]: [执行事件] loop=open plan_v=0 C1 type=target_service target=15 station_ord=0 planned_finish=33.02 actual_finish=33.02 dev=+0.00 injected=0.0
[charge_scheduler-1] [INFO] [1785235597.118445357] [charge_scheduler]: [执行事件] loop=open plan_v=0 C2 type=target_service target=3 station_ord=0 planned_finish=53.05 actual_finish=53.05 dev=+0.00 injected=0.0
[charge_scheduler-1] [INFO] [1785235597.118453845] [charge_scheduler]: [执行事件] loop=open plan_v=0 C2 type=target_service target=11 station_ord=0 planned_finish=94.18 actual_finish=94.18 dev=+0.00 injected=0.0
[charge_scheduler-1] [INFO] [1785235597.118500857] [charge_scheduler]: [执行事件] loop=open plan_v=0 C2 type=station_turnaround target=-1 station_ord=1 planned_finish=106.67 actual_finish=106.67 dev=+0.00 injected=0.0
[charge_scheduler-1] [INFO] [1785235597.118510594] [charge_scheduler]: [执行事件] loop=open plan_v=0 C1 type=target_service target=7 station_ord=0 planned_finish=58.39 actual_finish=118.39 dev=+60.00 injected=60.0
[charge_scheduler-1] [INFO] [1785235597.118519719] [charge_scheduler]: [执行事件] loop=open plan_v=0 C2 type=target_service target=9 station_ord=0 planned_finish=143.49 actual_finish=143.49 dev=+0.00 injected=0.0
[charge_scheduler-1] [INFO] [1785235597.118536491] [charge_scheduler]: [执行事件] loop=open plan_v=0 C1 type=target_service target=18 station_ord=0 planned_finish=82.05 actual_finish=144.29 dev=+62.25 injected=0.0
[charge_scheduler-1] [INFO] [1785235597.118546287] [charge_scheduler]: [执行事件] loop=open plan_v=0 C1 type=target_service target=1 station_ord=0 planned_finish=107.54 actual_finish=170.45 dev=+62.91 injected=0.0
[charge_scheduler-1] [INFO] [1785235597.118555007] [charge_scheduler]: [执行事件] loop=open plan_v=0 C2 type=target_service target=16 station_ord=0 planned_finish=176.61 actual_finish=176.61 dev=+0.00 injected=0.0
[charge_scheduler-1] [INFO] [1785235597.118562985] [charge_scheduler]: [执行事件] loop=open plan_v=0 C1 type=station_turnaround target=-1 station_ord=1 planned_finish=119.97 actual_finish=182.88 dev=+62.91 injected=0.0
[charge_scheduler-1] [INFO] [1785235597.118571696] [charge_scheduler]: [执行事件] loop=open plan_v=0 C2 type=station_turnaround target=-1 station_ord=2 planned_finish=189.33 actual_finish=189.33 dev=+0.00 injected=0.0
[charge_scheduler-1] [INFO] [1785235597.118579670] [charge_scheduler]: [执行事件] loop=open plan_v=0 C2 type=target_service target=5 station_ord=0 planned_finish=236.26 actual_finish=236.26 dev=+0.00 injected=0.0
[charge_scheduler-1] [INFO] [1785235597.118588106] [charge_scheduler]: [执行事件] loop=open plan_v=0 C2 type=target_service target=19 station_ord=0 planned_finish=271.52 actual_finish=271.52 dev=+0.00 injected=0.0
[charge_scheduler-1] [INFO] [1785235597.118596370] [charge_scheduler]: [执行事件] loop=open plan_v=0 C1 type=target_service target=13 station_ord=0 planned_finish=157.50 actual_finish=280.92 dev=+123.42 injected=60.0
[charge_scheduler-1] [INFO] [1785235597.118605137] [charge_scheduler]: [执行事件] loop=open plan_v=0 C2 type=station_turnaround target=-1 station_ord=3 planned_finish=283.72 actual_finish=283.72 dev=+0.00 injected=0.0
[charge_scheduler-1] [INFO] [1785235597.118613266] [charge_scheduler]: [执行事件] loop=open plan_v=0 C1 type=target_service target=0 station_ord=0 planned_finish=195.36 actual_finish=319.39 dev=+124.03 injected=0.0
[charge_scheduler-1] [INFO] [1785235597.118622815] [charge_scheduler]: [执行事件] loop=open plan_v=0 C2 type=target_service target=2 station_ord=0 planned_finish=329.30 actual_finish=329.30 dev=+0.00 injected=0.0
[charge_scheduler-1] [INFO] [1785235597.118632398] [charge_scheduler]: [执行事件] loop=open plan_v=0 C1 type=target_service target=10 station_ord=0 planned_finish=232.10 actual_finish=358.23 dev=+126.13 injected=0.0
[charge_scheduler-1] [INFO] [1785235597.118641080] [charge_scheduler]: [执行事件] loop=open plan_v=0 C1 type=station_turnaround target=-1 station_ord=2 planned_finish=243.75 actual_finish=369.89 dev=+126.13 injected=0.0
[charge_scheduler-1] [INFO] [1785235597.118649448] [charge_scheduler]: [执行事件] loop=open plan_v=0 C2 type=target_service target=17 station_ord=0 planned_finish=373.60 actual_finish=373.60 dev=+0.00 injected=0.0
[charge_scheduler-1] [INFO] [1785235597.118657331] [charge_scheduler]: [执行事件] loop=open plan_v=0 C2 type=final_return target=-1 station_ord=0 planned_finish=376.39 actual_finish=376.39 dev=+0.00 injected=0.0
[charge_scheduler-1] [INFO] [1785235597.118665025] [charge_scheduler]: [执行事件] loop=open plan_v=0 C1 type=target_service target=6 station_ord=0 planned_finish=290.31 actual_finish=416.45 dev=+126.13 injected=0.0
[charge_scheduler-1] [INFO] [1785235597.118673776] [charge_scheduler]: [执行事件] loop=open plan_v=0 C1 type=target_service target=14 station_ord=0 planned_finish=335.82 actual_finish=462.68 dev=+126.86 injected=0.0
[charge_scheduler-1] [INFO] [1785235597.118687003] [charge_scheduler]: [执行事件] loop=open plan_v=0 C1 type=final_return target=-1 station_ord=0 planned_finish=339.58 actual_finish=466.44 dev=+126.86 injected=0.0
[charge_scheduler-1] [INFO] [1785235597.118704003] [charge_scheduler]: [执行事件] loop=closed plan_v=0 C1 type=target_service target=12 station_ord=0 planned_finish=8.58 actual_finish=8.58 dev=+0.00 injected=0.0
[charge_scheduler-1] [INFO] [1785235597.118712176] [charge_scheduler]: [执行事件] loop=closed plan_v=0 C2 type=target_service target=4 station_ord=0 planned_finish=11.04 actual_finish=11.04 dev=+0.00 injected=0.0
[charge_scheduler-1] [INFO] [1785235597.118720586] [charge_scheduler]: [执行事件] loop=closed plan_v=0 C2 type=target_service target=8 station_ord=0 planned_finish=27.46 actual_finish=27.46 dev=+0.00 injected=0.0
[charge_scheduler-1] [INFO] [1785235597.118728523] [charge_scheduler]: [执行事件] loop=closed plan_v=0 C1 type=target_service target=15 station_ord=0 planned_finish=33.02 actual_finish=33.02 dev=+0.00 injected=0.0
[charge_scheduler-1] [INFO] [1785235597.118736665] [charge_scheduler]: [执行事件] loop=closed plan_v=0 C2 type=target_service target=3 station_ord=0 planned_finish=53.05 actual_finish=53.05 dev=+0.00 injected=0.0
[charge_scheduler-1] [INFO] [1785235597.118744691] [charge_scheduler]: [执行事件] loop=closed plan_v=0 C2 type=target_service target=11 station_ord=0 planned_finish=94.18 actual_finish=94.18 dev=+0.00 injected=0.0
[charge_scheduler-1] [INFO] [1785235597.118752478] [charge_scheduler]: [执行事件] loop=closed plan_v=0 C2 type=station_turnaround target=-1 station_ord=1 planned_finish=106.67 actual_finish=106.67 dev=+0.00 injected=0.0
[charge_scheduler-1] [INFO] [1785235597.118761281] [charge_scheduler]: [执行事件] loop=closed plan_v=0 C1 type=target_service target=7 station_ord=0 planned_finish=58.39 actual_finish=118.39 dev=+60.00 injected=60.0
[charge_scheduler-1] [WARN] [1785235598.288463217] [charge_scheduler]: [重调度事件] #1 t=118.39min trigger=C1/target_service dev=+60.00 pool=12 committed=1 plan_v=1 solve_ms=1169.7 changed_assign=7 changed_order=9
[charge_scheduler-1] [INFO] [1785235598.288521988] [charge_scheduler]: [执行事件] loop=closed plan_v=0 C2 type=target_service target=9 station_ord=0 planned_finish=143.49 actual_finish=143.49 dev=+0.00 injected=0.0
[charge_scheduler-1] [INFO] [1785235598.288536404] [charge_scheduler]: [执行事件] loop=closed plan_v=1 C2 type=target_service target=18 station_ord=0 planned_finish=169.63 actual_finish=169.63 dev=+0.00 injected=0.0
[charge_scheduler-1] [INFO] [1785235598.288543384] [charge_scheduler]: [执行事件] loop=closed plan_v=1 C2 type=target_service target=16 station_ord=0 planned_finish=204.30 actual_finish=204.30 dev=+0.00 injected=0.0
[charge_scheduler-1] [INFO] [1785235598.288549779] [charge_scheduler]: [执行事件] loop=closed plan_v=1 C1 type=target_service target=13 station_ord=0 planned_finish=153.82 actual_finish=213.82 dev=+60.00 injected=60.0
[charge_scheduler-1] [WARN] [1785235598.817789138] [charge_scheduler]: [重调度事件] #2 t=213.82min trigger=C1/target_service dev=+60.00 pool=9 committed=0 plan_v=2 solve_ms=529.2 changed_assign=7 changed_order=9
[charge_scheduler-1] [INFO] [1785235598.817844937] [charge_scheduler]: [执行事件] loop=closed plan_v=1 C2 type=station_turnaround target=-1 station_ord=2 planned_finish=217.02 actual_finish=217.02 dev=+0.00 injected=0.0
[charge_scheduler-1] [INFO] [1785235598.817857679] [charge_scheduler]: [执行事件] loop=closed plan_v=2 C1 type=station_turnaround target=-1 station_ord=1 planned_finish=227.82 actual_finish=227.82 dev=+0.00 injected=0.0
[charge_scheduler-1] [INFO] [1785235598.817867649] [charge_scheduler]: [执行事件] loop=closed plan_v=2 C2 type=target_service target=0 station_ord=0 planned_finish=253.10 actual_finish=253.10 dev=+0.00 injected=0.0
[charge_scheduler-1] [INFO] [1785235598.817879478] [charge_scheduler]: [执行事件] loop=closed plan_v=2 C1 type=target_service target=19 station_ord=0 planned_finish=265.68 actual_finish=265.68 dev=+0.00 injected=0.0
[charge_scheduler-1] [INFO] [1785235598.817887535] [charge_scheduler]: [执行事件] loop=closed plan_v=2 C2 type=target_service target=1 station_ord=0 planned_finish=279.86 actual_finish=279.86 dev=+0.00 injected=0.0
[charge_scheduler-1] [INFO] [1785235598.817895876] [charge_scheduler]: [执行事件] loop=closed plan_v=2 C1 type=target_service target=10 station_ord=0 planned_finish=305.56 actual_finish=305.56 dev=+0.00 injected=0.0
[charge_scheduler-1] [INFO] [1785235598.817930847] [charge_scheduler]: [执行事件] loop=closed plan_v=2 C1 type=station_turnaround target=-1 station_ord=2 planned_finish=317.21 actual_finish=317.21 dev=+0.00 injected=0.0
[charge_scheduler-1] [INFO] [1785235598.817939794] [charge_scheduler]: [执行事件] loop=closed plan_v=2 C2 type=target_service target=2 station_ord=0 planned_finish=324.23 actual_finish=324.23 dev=+0.00 injected=0.0
[charge_scheduler-1] [INFO] [1785235598.817948692] [charge_scheduler]: [执行事件] loop=closed plan_v=2 C2 type=station_turnaround target=-1 station_ord=3 planned_finish=336.16 actual_finish=336.16 dev=+0.00 injected=0.0
[charge_scheduler-1] [INFO] [1785235598.817959177] [charge_scheduler]: [执行事件] loop=closed plan_v=2 C1 type=target_service target=14 station_ord=0 planned_finish=364.01 actual_finish=364.01 dev=+0.00 injected=0.0
[charge_scheduler-1] [INFO] [1785235598.817970676] [charge_scheduler]: [执行事件] loop=closed plan_v=2 C2 type=target_service target=17 station_ord=0 planned_finish=382.80 actual_finish=382.80 dev=+0.00 injected=0.0
[charge_scheduler-1] [INFO] [1785235598.817978768] [charge_scheduler]: [执行事件] loop=closed plan_v=2 C1 type=target_service target=5 station_ord=0 planned_finish=409.21 actual_finish=409.21 dev=+0.00 injected=0.0
[charge_scheduler-1] [INFO] [1785235598.817987014] [charge_scheduler]: [执行事件] loop=closed plan_v=2 C1 type=final_return target=-1 station_ord=0 planned_finish=411.65 actual_finish=411.65 dev=+0.00 injected=0.0
[charge_scheduler-1] [INFO] [1785235598.817995088] [charge_scheduler]: [执行事件] loop=closed plan_v=2 C2 type=target_service target=6 station_ord=0 planned_finish=426.73 actual_finish=426.73 dev=+0.00 injected=0.0
[charge_scheduler-1] [INFO] [1785235598.818003005] [charge_scheduler]: [执行事件] loop=closed plan_v=2 C2 type=final_return target=-1 station_ord=0 planned_finish=429.43 actual_finish=429.43 dev=+0.00 injected=0.0
[charge_scheduler-1] [INFO] [1785235598.818016322] [charge_scheduler]: ★闭环实验结果 mode=open M=20 K=2 disturbance=target delay=60.0 seed=8 N_late=8 T_overtime=717.679 C_total=3720.913 makespan=466.443 served=20 energy_viol=2 reschedules=0 reschedule_ms=0.000 changed_assign=0 changed_order=0 applied_target=2 applied_station=0 initial_solve_ms=15685.862
[charge_scheduler-1] [INFO] [1785235598.818031147] [charge_scheduler]: ★闭环实验结果 mode=closed M=20 K=2 disturbance=target delay=60.0 seed=8 N_late=7 T_overtime=761.147 C_total=3520.770 makespan=429.429 served=20 energy_viol=0 reschedules=2 reschedule_ms=1698.871 changed_assign=14 changed_order=18 applied_target=2 applied_station=0 initial_solve_ms=15685.862
[charge_scheduler-1] [INFO] [1785235598.818042623] [charge_scheduler]: ★闭环实验收益 M=20 K=2 disturbance=target delay=60.0 seed=8 recovered_late=1 overtime_reduction=-43.468 distance_delta=-200.143 makespan_reduction=37.014
[WARNING] [launch]: user interrupted with ctrl-c (SIGINT)
[WARNING] [launch]: user interrupted with ctrl-c (SIGINT) again, ignoring...
[INFO] [charge_scheduler-1]: sending signal 'SIGINT' to process[charge_scheduler-1]
[charge_scheduler-1] [INFO] [1785235599.083147093] [rclcpp]: signal_handler(signum=2)
[ERROR] [charge_scheduler-1]: process has died [pid 13591, exit code -2, cmd '/home/yy/controller/shared_dir/Comprehensive_Road_Testing/install/task_planner/lib/task_planner/charge_scheduler --ros-args -r __node:=charge_scheduler --params-file /home/yy/controller/shared_dir/Comprehensive_Road_Testing/install/task_planner/share/task_planner/config/charge_scheduler.param.yaml'].
