[INFO] [launch]: All log files can be found below /root/.ros/log/2026-07-28-12-27-05-871139-YYYY-27323
[INFO] [launch]: Default logging verbosity is set to INFO
[INFO] [charge_scheduler-1]: process started with pid [27325]
[charge_scheduler-1] [INFO] [1785241626.044508889] [charge_scheduler]: [Scheduler] 30辆车 | 电池800.0kWh(20%=160.0 80%=640.0) | 充电360kW效率97% | 行驶0.6kWh/km | 桩350kW
[charge_scheduler-1] [INFO] [1785241626.044646444] [charge_scheduler]: [Scheduler] 站端周转: 换电 10 min(换后满电) | 单趟可用 640 kWh
[charge_scheduler-1] [INFO] [1785241626.044666027] [charge_scheduler]:   车#0 [电动装载机282|light] 位置(-47.3,-2.6) 容量282kWh 剩余35% | α=6→6min/% τ=168min → 需130.8kWh(充21.2min)
[charge_scheduler-1] [INFO] [1785241626.044682965] [charge_scheduler]:   车#1 [重型叉车|light] 位置(-44.0,-64.1) 容量200kWh 剩余20% | α=6→6min/% τ=96min → 需123.7kWh(充20.0min)
[charge_scheduler-1] [INFO] [1785241626.045231826] [charge_scheduler]:   车#2 [电动装载机350|light] 位置(-51.1,-38.8) 容量350kWh 剩余50% | α=6→6min/% τ=288min → 需108.2kWh(充17.5min)
[charge_scheduler-1] [INFO] [1785241626.045260765] [charge_scheduler]:   车#3 [重型叉车|light] 位置(-71.0,-19.0) 容量200kWh 剩余10% | α=6→6min/% τ=32min → 需144.3kWh(充23.3min)
[charge_scheduler-1] [INFO] [1785241626.045275086] [charge_scheduler]:   车#4 [电动装载机282|heavy→降级] 位置(-93.3,6.6) 容量282kWh 剩余60% | α=3→6min/% τ=212min → 需58.1kWh(充9.4min)
[charge_scheduler-1] [INFO] [1785241626.045293570] [charge_scheduler]:   车#5 [电动装载机350|light] 位置(-104.4,47.7) 容量350kWh 剩余25% | α=6→6min/% τ=128min → 需198.5kWh(充32.1min)
[charge_scheduler-1] [INFO] [1785241626.045308077] [charge_scheduler]:   车#6 [电动装载机350|heavy→降级] 位置(-37.0,-75.1) 容量350kWh 剩余40% | α=4→6min/% τ=176min → 需144.3kWh(充23.3min)
[charge_scheduler-1] [INFO] [1785241626.045322473] [charge_scheduler]:   车#7 [重型叉车|light] 位置(-88.8,-37.1) 容量200kWh 剩余15% | α=6→6min/% τ=64min → 需134.0kWh(充21.7min)
[charge_scheduler-1] [INFO] [1785241626.045336066] [charge_scheduler]:   车#8 [电动装载机282|heavy→降级] 位置(-70.9,27.7) 容量282kWh 剩余55% | α=3→6min/% τ=196min → 需72.7kWh(充11.8min)
[charge_scheduler-1] [INFO] [1785241626.045349726] [charge_scheduler]:   车#9 [电动装载机282|heavy→降级] 位置(-35.4,-47.4) 容量282kWh 剩余30% | α=3→6min/% τ=116min → 需145.4kWh(充23.5min)
[charge_scheduler-1] [INFO] [1785241626.045362609] [charge_scheduler]:   车#10 [电动装载机282|light] 位置(-100.0,-1.0) 容量282kWh 剩余45% | α=6→6min/% τ=224min → 需101.8kWh(充16.4min)
[charge_scheduler-1] [INFO] [1785241626.045376441] [charge_scheduler]:   车#11 [电动装载机350|light] 位置(-72.8,-15.6) 容量350kWh 剩余18% | α=6→6min/% τ=83min → 需223.7kWh(充36.2min)
[charge_scheduler-1] [INFO] [1785241626.045393016] [charge_scheduler]:   车#12 [重型叉车|heavy→降级] 位置(-61.7,-20.7) 容量200kWh 剩余62% | α=3→6min/% τ=230min → 需37.1kWh(充6.0min)
[charge_scheduler-1] [INFO] [1785241626.045406476] [charge_scheduler]:   车#13 [电动装载机282|light] 位置(-133.0,-25.3) 容量282kWh 剩余28% | α=6→6min/% τ=129min → 需151.2kWh(充24.4min)
[charge_scheduler-1] [INFO] [1785241626.045421727] [charge_scheduler]:   车#14 [电动装载机350|light] 位置(-132.0,-8.9) 容量350kWh 剩余52% | α=6→6min/% τ=301min → 需101.0kWh(充16.3min)
[charge_scheduler-1] [INFO] [1785241626.045437083] [charge_scheduler]:   车#15 [重型叉车|light] 位置(-120.0,7.9) 容量200kWh 剩余12% | α=6→6min/% τ=45min → 需140.2kWh(充22.7min)
[charge_scheduler-1] [INFO] [1785241626.045451072] [charge_scheduler]:   车#16 [电动装载机282|light] 位置(-43.8,-82.9) 容量282kWh 剩余38% | α=6→6min/% τ=185min → 需122.1kWh(充19.7min)
[charge_scheduler-1] [INFO] [1785241626.045466337] [charge_scheduler]:   车#17 [电动装载机350|light] 位置(-31.1,-74.7) 容量350kWh 剩余58% | α=6→6min/% τ=339min → 需79.4kWh(充12.8min)
[charge_scheduler-1] [INFO] [1785241626.045480946] [charge_scheduler]:   车#18 [重型叉车|heavy→降级] 位置(-75.4,-68.2) 容量200kWh 剩余22% | α=3→6min/% τ=102min → 需119.6kWh(充19.3min)
[charge_scheduler-1] [INFO] [1785241626.045497454] [charge_scheduler]:   车#19 [电动装载机282|light] 位置(-88.2,47.1) 容量282kWh 剩余48% | α=6→6min/% τ=241min → 需93.0kWh(充15.0min)
[charge_scheduler-1] [INFO] [1785241626.045511228] [charge_scheduler]:   车#20 [电动装载机350|light] 位置(-71.4,16.3) 容量350kWh 剩余33% | α=6→6min/% τ=179min → 需169.6kWh(充27.4min)
[charge_scheduler-1] [INFO] [1785241626.045591818] [charge_scheduler]:   车#21 [重型叉车|heavy→降级] 位置(-122.0,-0.6) 容量200kWh 剩余65% | α=3→6min/% τ=240min → 需30.9kWh(充5.0min)
[charge_scheduler-1] [INFO] [1785241626.045613318] [charge_scheduler]:   车#22 [电动装载机282|light] 位置(-71.6,11.6) 容量282kWh 剩余16% | α=6→6min/% τ=62min → 需186.1kWh(充30.1min)
[charge_scheduler-1] [INFO] [1785241626.045628253] [charge_scheduler]:   车#23 [电动装载机350|light] 位置(-131.0,37.2) 容量350kWh 剩余42% | α=6→6min/% τ=237min → 需137.1kWh(充22.2min)
[charge_scheduler-1] [INFO] [1785241626.045643379] [charge_scheduler]:   车#24 [重型叉车|heavy→降级] 位置(-51.3,5.9) 容量200kWh 剩余25% | α=3→6min/% τ=112min → 需113.4kWh(充18.3min)
[charge_scheduler-1] [INFO] [1785241626.045658929] [charge_scheduler]:   车#25 [电动装载机282|light] 位置(-62.2,-10.7) 容量282kWh 剩余55% | α=6→6min/% τ=280min → 需72.7kWh(充11.8min)
[charge_scheduler-1] [INFO] [1785241626.045675969] [charge_scheduler]:   车#26 [电动装载机350|light] 位置(-116.0,60.4) 容量350kWh 剩余30% | α=6→6min/% τ=160min → 需180.4kWh(充29.2min)
[charge_scheduler-1] [INFO] [1785241626.045722250] [charge_scheduler]:   车#27 [重型叉车|heavy→降级] 位置(-90.4,60.5) 容量200kWh 剩余68% | α=3→6min/% τ=250min → 需24.7kWh(充4.0min)
[charge_scheduler-1] [INFO] [1785241626.045738224] [charge_scheduler]:   车#28 [电动装载机282|light] 位置(-85.5,-46.0) 容量282kWh 剩余20% | α=6→6min/% τ=84min → 需174.4kWh(充28.2min)
[charge_scheduler-1] [INFO] [1785241626.045755454] [charge_scheduler]:   车#29 [电动装载机350|light] 位置(-87.0,-36.6) 容量350kWh 剩余36% | α=6→6min/% τ=198min → 需158.8kWh(充25.7min)
[charge_scheduler-1] [INFO] [1785241626.059875572] [charge_scheduler]: [Scheduler] 闭环接口: threshold=10.0min | event_sim=on | structured_feedback=optional (/task_planner/execution_event)
[charge_scheduler-1] [INFO] [1785241626.059950757] [charge_scheduler]: [Scheduler] 已启动, 等待地图...
[charge_scheduler-1] [INFO] [1785241626.130349078] [charge_scheduler]: [Scheduler] RoutingGraph 就绪
[charge_scheduler-1] [INFO] [1785241626.130749480] [charge_scheduler]: [Scheduler] 提取到 6 条虚线捷径
[charge_scheduler-1] [INFO] [1785241626.147032260] [charge_scheduler]: [Scheduler] 下层兼容增强图: 166 节点, 6 条虚线掉头边
[charge_scheduler-1] [INFO] [1785241634.702554869] [charge_scheduler]: [Scheduler] 距离矩阵完成 31x31, 8555.4 ms | 模式=maneuver | 真实不可达=0 抽象不可达=0 | 缺少对向投影节点=0
[charge_scheduler-1] [INFO] [1785241634.702644090] [charge_scheduler]:   ✓ 比值自检：930 个 OD 满足 机动/直线≥1 | 均值=2.97 最大=42.81 (车#15→车#21)
[charge_scheduler-1] [INFO] [1785241634.702658476] [charge_scheduler]: [Scheduler] 地图就绪, 166 条 lanelet（与下层一致）
[charge_scheduler-1] [INFO] [1785241634.702703763] [charge_scheduler]: ======== 开始VRPTW调度 30 辆车 ========
[charge_scheduler-1] [INFO] [1785241634.702711667] [charge_scheduler]:   规模30>8 → 启发式(alns)
[charge_scheduler-1] [INFO] [1785241694.074872976] [charge_scheduler]: [ALNS] seed=1 iters=15000 | N_late=3(成功率90.0%) T_overtime=169.5min C_total=5773.1m | 趟数=11 makespan=372.5min
[charge_scheduler-1] [INFO] [1785241694.074955036] [charge_scheduler]:   求解耗时 59372.2 ms
[charge_scheduler-1] [INFO] [1785241694.074964103] [charge_scheduler]: ════════ 调度结果 ════════
[charge_scheduler-1] [INFO] [1785241694.074973649] [charge_scheduler]:   ★目标(字典序): ① N_late=3 辆 (按时成功率 27/30 = 90.0%)  ② T_overtime=169.5min  ③ C_total=5773.1m
[charge_scheduler-1] [INFO] [1785241694.074980620] [charge_scheduler]:   附: 趟数=11 | makespan=372.5min | 能量可行=是
[charge_scheduler-1] [INFO] [1785241694.074993678] [charge_scheduler]:   [充电车2] 趟1: 站 → 车#9(到2.2/限116.0✓) → 车#3(到27.9/限32.0✓) → 车#11(到52.8/限83.2✓) → 站
[charge_scheduler-1] [INFO] [1785241694.075002056] [charge_scheduler]:   [充电车3] 趟2: 站 → 车#27(到2.1/限249.6✓) → 车#21(到8.2/限240.0✓) → 车#12(到16.2/限230.4✓) → 车#15(到25.1/限44.8✓) → 车#7(到50.9/限64.0✓) → 车#28(到75.5/限84.0✓) → 站
[charge_scheduler-1] [INFO] [1785241694.075010164] [charge_scheduler]:   [充电车1] 趟3: 站 → 车#4(到1.4/限212.0✓) → 车#8(到13.7/限196.0✓) → 车#22(到27.8/限61.6✓) → 车#1(到61.7/限96.0✓) → 车#18(到85.7/限102.4✓) → 站
[charge_scheduler-1] [INFO] [1785241694.075049124] [charge_scheduler]:   [充电车2] 趟4: 站 → 车#24(到107.1/限112.0✓) → 车#26(到133.6/限160.0✓) → 车#16(到178.7/限184.8✓) → 站
[charge_scheduler-1] [INFO] [1785241694.075055821] [charge_scheduler]:   [充电车1] 趟5: 站 → 车#5(到125.8/限128.0✓) → 车#6(到172.5/限176.0✓) → 站
[charge_scheduler-1] [INFO] [1785241694.075065440] [charge_scheduler]:   [充电车3] 趟6: 站 → 车#13(到124.9/限128.8✓) → 车#0(到163.0/限168.0✓) → 车#10(到201.5/限224.0✓) → 站
[charge_scheduler-1] [INFO] [1785241694.075070540] [charge_scheduler]:   [充电车2] 趟7: 站 → 车#19(到229.6/限240.8✓) → 车#20(到264.8/限179.2✗超时) → 站
[charge_scheduler-1] [INFO] [1785241694.075075538] [charge_scheduler]:   [充电车1] 趟8: 站 → 车#23(到231.1/限236.8✓) → 车#25(到277.8/限280.0✓) → 站
[charge_scheduler-1] [INFO] [1785241694.075079934] [charge_scheduler]:   [充电车1] 趟9: 站 → 车#17(到327.1/限339.2✓) → 站
[charge_scheduler-1] [INFO] [1785241694.075084914] [charge_scheduler]:   [充电车2] 趟10: 站 → 车#2(到322.0/限288.0✗超时) → 站
[charge_scheduler-1] [INFO] [1785241694.075089690] [charge_scheduler]:   [充电车3] 趟11: 站 → 车#29(到248.4/限198.4✗超时) → 车#14(到293.4/限300.8✓) → 站
[charge_scheduler-1] [INFO] [1785241694.075093342] [charge_scheduler]: ════════════════════════
[charge_scheduler-1] [INFO] [1785241694.075157612] [charge_scheduler]: [扰动清单] type=combined delay=60.0min targets={3,13,} station={C2-S1,C3-S1,}
[charge_scheduler-1] [INFO] [1785241694.075173343] [charge_scheduler]: [执行事件] loop=open plan_v=0 C3 type=target_service target=27 station_ord=0 planned_finish=6.36 actual_finish=6.36 dev=+0.00 injected=0.0
[charge_scheduler-1] [INFO] [1785241694.075180918] [charge_scheduler]: [执行事件] loop=open plan_v=0 C1 type=target_service target=4 station_ord=0 planned_finish=11.04 actual_finish=11.04 dev=+0.00 injected=0.0
[charge_scheduler-1] [INFO] [1785241694.075187139] [charge_scheduler]: [执行事件] loop=open plan_v=0 C3 type=target_service target=21 station_ord=0 planned_finish=14.00 actual_finish=14.00 dev=+0.00 injected=0.0
[charge_scheduler-1] [INFO] [1785241694.075192829] [charge_scheduler]: [执行事件] loop=open plan_v=0 C3 type=target_service target=12 station_ord=0 planned_finish=23.83 actual_finish=23.83 dev=+0.00 injected=0.0
[charge_scheduler-1] [INFO] [1785241694.075198370] [charge_scheduler]: [执行事件] loop=open plan_v=0 C2 type=target_service target=9 station_ord=0 planned_finish=25.99 actual_finish=25.99 dev=+0.00 injected=0.0
[charge_scheduler-1] [INFO] [1785241694.075204150] [charge_scheduler]: [执行事件] loop=open plan_v=0 C1 type=target_service target=8 station_ord=0 planned_finish=27.46 actual_finish=27.46 dev=+0.00 injected=0.0
[charge_scheduler-1] [INFO] [1785241694.075209639] [charge_scheduler]: [执行事件] loop=open plan_v=0 C3 type=target_service target=15 station_ord=0 planned_finish=49.07 actual_finish=49.07 dev=+0.00 injected=0.0
[charge_scheduler-1] [INFO] [1785241694.075215191] [charge_scheduler]: [执行事件] loop=open plan_v=0 C1 type=target_service target=22 station_ord=0 planned_finish=60.21 actual_finish=60.21 dev=+0.00 injected=0.0
[charge_scheduler-1] [INFO] [1785241694.075220795] [charge_scheduler]: [执行事件] loop=open plan_v=0 C3 type=target_service target=7 station_ord=0 planned_finish=75.27 actual_finish=75.27 dev=+0.00 injected=0.0
[charge_scheduler-1] [INFO] [1785241694.075226892] [charge_scheduler]: [执行事件] loop=open plan_v=0 C1 type=target_service target=1 station_ord=0 planned_finish=84.95 actual_finish=84.95 dev=+0.00 injected=0.0
[charge_scheduler-1] [INFO] [1785241694.075232656] [charge_scheduler]: [执行事件] loop=open plan_v=0 C1 type=target_service target=18 station_ord=0 planned_finish=109.82 actual_finish=109.82 dev=+0.00 injected=0.0
[charge_scheduler-1] [INFO] [1785241694.075239020] [charge_scheduler]: [执行事件] loop=open plan_v=0 C3 type=target_service target=28 station_ord=0 planned_finish=110.06 actual_finish=110.06 dev=+0.00 injected=0.0
[charge_scheduler-1] [INFO] [1785241694.075245251] [charge_scheduler]: [执行事件] loop=open plan_v=0 C2 type=target_service target=3 station_ord=0 planned_finish=52.69 actual_finish=112.69 dev=+60.00 injected=60.0
[charge_scheduler-1] [INFO] [1785241694.075251654] [charge_scheduler]: [执行事件] loop=open plan_v=0 C1 type=station_turnaround target=-1 station_ord=1 planned_finish=122.63 actual_finish=122.63 dev=+0.00 injected=0.0
[charge_scheduler-1] [INFO] [1785241694.075264653] [charge_scheduler]: [执行事件] loop=open plan_v=0 C2 type=target_service target=11 station_ord=0 planned_finish=93.80 actual_finish=156.57 dev=+62.77 injected=0.0
[charge_scheduler-1] [INFO] [1785241694.075280638] [charge_scheduler]: [执行事件] loop=open plan_v=0 C1 type=target_service target=5 station_ord=0 planned_finish=169.36 actual_finish=169.36 dev=+0.00 injected=0.0
[charge_scheduler-1] [INFO] [1785241694.075287223] [charge_scheduler]: [执行事件] loop=open plan_v=0 C3 type=station_turnaround target=-1 station_ord=1 planned_finish=122.09 actual_finish=182.09 dev=+60.00 injected=60.0
[charge_scheduler-1] [INFO] [1785241694.075295569] [charge_scheduler]: [执行事件] loop=open plan_v=0 C1 type=target_service target=6 station_ord=0 planned_finish=215.92 actual_finish=215.92 dev=+0.00 injected=0.0
[charge_scheduler-1] [INFO] [1785241694.075302079] [charge_scheduler]: [执行事件] loop=open plan_v=0 C1 type=station_turnaround target=-1 station_ord=2 planned_finish=228.61 actual_finish=228.61 dev=+0.00 injected=0.0
[charge_scheduler-1] [INFO] [1785241694.075310370] [charge_scheduler]: [执行事件] loop=open plan_v=0 C2 type=station_turnaround target=-1 station_ord=1 planned_finish=106.28 actual_finish=229.05 dev=+122.77 injected=60.0
[charge_scheduler-1] [INFO] [1785241694.075321199] [charge_scheduler]: [执行事件] loop=open plan_v=0 C2 type=target_service target=24 station_ord=0 planned_finish=131.85 actual_finish=254.87 dev=+123.02 injected=0.0
[charge_scheduler-1] [INFO] [1785241694.075331553] [charge_scheduler]: [执行事件] loop=open plan_v=0 C1 type=target_service target=23 station_ord=0 planned_finish=274.38 actual_finish=274.38 dev=+0.00 injected=0.0
[charge_scheduler-1] [INFO] [1785241694.075338630] [charge_scheduler]: [执行事件] loop=open plan_v=0 C3 type=target_service target=13 station_ord=0 planned_finish=159.81 actual_finish=280.14 dev=+120.33 injected=60.0
[charge_scheduler-1] [INFO] [1785241694.075351900] [charge_scheduler]: [执行事件] loop=open plan_v=0 C2 type=target_service target=26 station_ord=0 planned_finish=174.99 actual_finish=300.41 dev=+125.43 injected=0.0
[charge_scheduler-1] [INFO] [1785241694.075359335] [charge_scheduler]: [执行事件] loop=open plan_v=0 C1 type=target_service target=25 station_ord=0 planned_finish=312.89 actual_finish=312.89 dev=+0.00 injected=0.0
[charge_scheduler-1] [INFO] [1785241694.075366419] [charge_scheduler]: [执行事件] loop=open plan_v=0 C3 type=target_service target=0 station_ord=0 planned_finish=197.86 actual_finish=318.61 dev=+120.75 injected=0.0
[charge_scheduler-1] [INFO] [1785241694.075373562] [charge_scheduler]: [执行事件] loop=open plan_v=0 C1 type=station_turnaround target=-1 station_ord=3 planned_finish=324.17 actual_finish=324.17 dev=+0.00 injected=0.0
[charge_scheduler-1] [INFO] [1785241694.075380539] [charge_scheduler]: [执行事件] loop=open plan_v=0 C2 type=target_service target=16 station_ord=0 planned_finish=213.43 actual_finish=339.37 dev=+125.94 injected=0.0
[charge_scheduler-1] [INFO] [1785241694.075388446] [charge_scheduler]: [执行事件] loop=open plan_v=0 C2 type=station_turnaround target=-1 station_ord=2 planned_finish=226.15 actual_finish=352.09 dev=+125.94 injected=0.0
[charge_scheduler-1] [INFO] [1785241694.075395911] [charge_scheduler]: [执行事件] loop=open plan_v=0 C3 type=target_service target=10 station_ord=0 planned_finish=234.81 actual_finish=357.45 dev=+122.64 injected=0.0
[charge_scheduler-1] [INFO] [1785241694.075403655] [charge_scheduler]: [执行事件] loop=open plan_v=0 C3 type=station_turnaround target=-1 station_ord=2 planned_finish=246.46 actual_finish=369.10 dev=+122.64 injected=0.0
[charge_scheduler-1] [INFO] [1785241694.075413686] [charge_scheduler]: [执行事件] loop=open plan_v=0 C1 type=target_service target=17 station_ord=0 planned_finish=369.72 actual_finish=369.72 dev=+0.00 injected=0.0
[charge_scheduler-1] [INFO] [1785241694.075424650] [charge_scheduler]: [执行事件] loop=open plan_v=0 C1 type=final_return target=-1 station_ord=0 planned_finish=372.51 actual_finish=372.51 dev=+0.00 injected=0.0
[charge_scheduler-1] [INFO] [1785241694.075433965] [charge_scheduler]: [执行事件] loop=open plan_v=0 C2 type=target_service target=19 station_ord=0 planned_finish=263.87 actual_finish=390.75 dev=+126.88 injected=0.0
[charge_scheduler-1] [INFO] [1785241694.075446046] [charge_scheduler]: [执行事件] loop=open plan_v=0 C3 type=target_service target=29 station_ord=0 planned_finish=292.11 actual_finish=414.75 dev=+122.64 injected=0.0
[charge_scheduler-1] [INFO] [1785241694.075453573] [charge_scheduler]: [执行事件] loop=open plan_v=0 C2 type=target_service target=20 station_ord=0 planned_finish=308.52 actual_finish=435.40 dev=+126.88 injected=0.0
[charge_scheduler-1] [INFO] [1785241694.075460955] [charge_scheduler]: [执行事件] loop=open plan_v=0 C2 type=station_turnaround target=-1 station_ord=3 planned_finish=319.91 actual_finish=446.80 dev=+126.88 injected=0.0
[charge_scheduler-1] [INFO] [1785241694.075468445] [charge_scheduler]: [执行事件] loop=open plan_v=0 C3 type=target_service target=14 station_ord=0 planned_finish=336.45 actual_finish=459.76 dev=+123.31 injected=0.0
[charge_scheduler-1] [INFO] [1785241694.075475853] [charge_scheduler]: [执行事件] loop=open plan_v=0 C3 type=final_return target=-1 station_ord=0 planned_finish=340.21 actual_finish=463.53 dev=+123.31 injected=0.0
[charge_scheduler-1] [INFO] [1785241694.075482789] [charge_scheduler]: [执行事件] loop=open plan_v=0 C2 type=target_service target=2 station_ord=0 planned_finish=365.70 actual_finish=492.59 dev=+126.88 injected=0.0
[charge_scheduler-1] [INFO] [1785241694.075489932] [charge_scheduler]: [执行事件] loop=open plan_v=0 C2 type=final_return target=-1 station_ord=0 planned_finish=367.63 actual_finish=494.51 dev=+126.88 injected=0.0
[charge_scheduler-1] [INFO] [1785241694.075507701] [charge_scheduler]: [执行事件] loop=closed plan_v=0 C3 type=target_service target=27 station_ord=0 planned_finish=6.36 actual_finish=6.36 dev=+0.00 injected=0.0
[charge_scheduler-1] [INFO] [1785241694.075514712] [charge_scheduler]: [执行事件] loop=closed plan_v=0 C1 type=target_service target=4 station_ord=0 planned_finish=11.04 actual_finish=11.04 dev=+0.00 injected=0.0
[charge_scheduler-1] [INFO] [1785241694.075522005] [charge_scheduler]: [执行事件] loop=closed plan_v=0 C3 type=target_service target=21 station_ord=0 planned_finish=14.00 actual_finish=14.00 dev=+0.00 injected=0.0
[charge_scheduler-1] [INFO] [1785241694.075536194] [charge_scheduler]: [执行事件] loop=closed plan_v=0 C3 type=target_service target=12 station_ord=0 planned_finish=23.83 actual_finish=23.83 dev=+0.00 injected=0.0
[charge_scheduler-1] [INFO] [1785241694.075545140] [charge_scheduler]: [执行事件] loop=closed plan_v=0 C2 type=target_service target=9 station_ord=0 planned_finish=25.99 actual_finish=25.99 dev=+0.00 injected=0.0
[charge_scheduler-1] [INFO] [1785241694.075552501] [charge_scheduler]: [执行事件] loop=closed plan_v=0 C1 type=target_service target=8 station_ord=0 planned_finish=27.46 actual_finish=27.46 dev=+0.00 injected=0.0
[charge_scheduler-1] [INFO] [1785241694.075561230] [charge_scheduler]: [执行事件] loop=closed plan_v=0 C3 type=target_service target=15 station_ord=0 planned_finish=49.07 actual_finish=49.07 dev=+0.00 injected=0.0
[charge_scheduler-1] [INFO] [1785241694.075568742] [charge_scheduler]: [执行事件] loop=closed plan_v=0 C1 type=target_service target=22 station_ord=0 planned_finish=60.21 actual_finish=60.21 dev=+0.00 injected=0.0
[charge_scheduler-1] [INFO] [1785241694.075575835] [charge_scheduler]: [执行事件] loop=closed plan_v=0 C3 type=target_service target=7 station_ord=0 planned_finish=75.27 actual_finish=75.27 dev=+0.00 injected=0.0
[charge_scheduler-1] [INFO] [1785241694.075583985] [charge_scheduler]: [执行事件] loop=closed plan_v=0 C1 type=target_service target=1 station_ord=0 planned_finish=84.95 actual_finish=84.95 dev=+0.00 injected=0.0
[charge_scheduler-1] [INFO] [1785241694.075591707] [charge_scheduler]: [执行事件] loop=closed plan_v=0 C1 type=target_service target=18 station_ord=0 planned_finish=109.82 actual_finish=109.82 dev=+0.00 injected=0.0
[charge_scheduler-1] [INFO] [1785241694.075599406] [charge_scheduler]: [执行事件] loop=closed plan_v=0 C3 type=target_service target=28 station_ord=0 planned_finish=110.06 actual_finish=110.06 dev=+0.00 injected=0.0
[charge_scheduler-1] [INFO] [1785241694.075607213] [charge_scheduler]: [执行事件] loop=closed plan_v=0 C2 type=target_service target=3 station_ord=0 planned_finish=52.69 actual_finish=112.69 dev=+60.00 injected=60.0
[charge_scheduler-1] [WARN] [1785241700.285243055] [charge_scheduler]: [重调度事件] #1 t=112.69min trigger=C2/target_service dev=+60.00 pool=17 committed=0 plan_v=1 solve_ms=6209.6 changed_assign=13 changed_order=15
[charge_scheduler-1] [INFO] [1785241700.285352884] [charge_scheduler]: [执行事件] loop=closed plan_v=0 C1 type=station_turnaround target=-1 station_ord=1 planned_finish=122.63 actual_finish=122.63 dev=+0.00 injected=0.0
[charge_scheduler-1] [INFO] [1785241700.285365265] [charge_scheduler]: [执行事件] loop=closed plan_v=1 C1 type=target_service target=5 station_ord=0 planned_finish=169.36 actual_finish=169.36 dev=+0.00 injected=0.0
[charge_scheduler-1] [INFO] [1785241700.285372451] [charge_scheduler]: [执行事件] loop=closed plan_v=0 C3 type=station_turnaround target=-1 station_ord=1 planned_finish=122.09 actual_finish=182.09 dev=+60.00 injected=60.0
[charge_scheduler-1] [WARN] [1785241703.612259159] [charge_scheduler]: [重调度事件] #2 t=182.09min trigger=C3/station_turnaround dev=+60.00 pool=14 committed=2 plan_v=2 solve_ms=3326.8 changed_assign=8 changed_order=12
[charge_scheduler-1] [INFO] [1785241703.612359449] [charge_scheduler]: [执行事件] loop=closed plan_v=2 C3 type=target_service target=24 station_ord=0 planned_finish=207.91 actual_finish=207.91 dev=+0.00 injected=0.0
[charge_scheduler-1] [INFO] [1785241703.612376854] [charge_scheduler]: [执行事件] loop=closed plan_v=1 C2 type=target_service target=13 station_ord=0 planned_finish=148.27 actual_finish=208.27 dev=+60.00 injected=60.0
[charge_scheduler-1] [WARN] [1785241706.237124311] [charge_scheduler]: [重调度事件] #3 t=208.27min trigger=C2/target_service dev=+60.00 pool=12 committed=2 plan_v=3 solve_ms=2624.7 changed_assign=4 changed_order=9
[charge_scheduler-1] [INFO] [1785241706.237206088] [charge_scheduler]: [执行事件] loop=closed plan_v=1 C1 type=target_service target=20 station_ord=0 planned_finish=213.44 actual_finish=213.44 dev=+0.00 injected=0.0
[charge_scheduler-1] [INFO] [1785241706.237221404] [charge_scheduler]: [执行事件] loop=closed plan_v=3 C1 type=station_turnaround target=-1 station_ord=2 planned_finish=224.84 actual_finish=224.84 dev=+0.00 injected=0.0
[charge_scheduler-1] [INFO] [1785241706.237234858] [charge_scheduler]: [执行事件] loop=closed plan_v=2 C3 type=target_service target=10 station_ord=0 planned_finish=245.49 actual_finish=245.49 dev=+0.00 injected=0.0
[charge_scheduler-1] [INFO] [1785241706.237243565] [charge_scheduler]: [执行事件] loop=closed plan_v=3 C1 type=target_service target=11 station_ord=0 planned_finish=269.90 actual_finish=269.90 dev=+0.00 injected=0.0
[charge_scheduler-1] [INFO] [1785241706.237251550] [charge_scheduler]: [执行事件] loop=closed plan_v=3 C3 type=target_service target=0 station_ord=0 planned_finish=281.62 actual_finish=281.62 dev=+0.00 injected=0.0
[charge_scheduler-1] [INFO] [1785241706.237259771] [charge_scheduler]: [执行事件] loop=closed plan_v=3 C2 type=station_turnaround target=-1 station_ord=1 planned_finish=222.27 actual_finish=282.27 dev=+60.00 injected=60.0
[charge_scheduler-1] [WARN] [1785241707.412120942] [charge_scheduler]: [重调度事件] #4 t=282.27min trigger=C2/station_turnaround dev=+60.00 pool=9 committed=1 plan_v=4 solve_ms=1174.8 changed_assign=3 changed_order=6
[charge_scheduler-1] [INFO] [1785241707.412176347] [charge_scheduler]: [执行事件] loop=closed plan_v=3 C3 type=station_turnaround target=-1 station_ord=2 planned_finish=292.47 actual_finish=292.47 dev=+0.00 injected=0.0
[charge_scheduler-1] [INFO] [1785241707.412188761] [charge_scheduler]: [执行事件] loop=closed plan_v=3 C1 type=target_service target=29 station_ord=0 planned_finish=314.37 actual_finish=314.37 dev=+0.00 injected=0.0
[charge_scheduler-1] [INFO] [1785241707.412197756] [charge_scheduler]: [执行事件] loop=closed plan_v=4 C1 type=station_turnaround target=-1 station_ord=3 planned_finish=326.55 actual_finish=326.55 dev=+0.00 injected=0.0
[charge_scheduler-1] [INFO] [1785241707.412205666] [charge_scheduler]: [执行事件] loop=closed plan_v=4 C2 type=target_service target=2 station_ord=0 planned_finish=327.72 actual_finish=327.72 dev=+0.00 injected=0.0
[charge_scheduler-1] [INFO] [1785241707.412211869] [charge_scheduler]: [执行事件] loop=closed plan_v=4 C3 type=target_service target=14 station_ord=0 planned_finish=338.79 actual_finish=338.79 dev=+0.00 injected=0.0
[charge_scheduler-1] [INFO] [1785241707.412217685] [charge_scheduler]: [执行事件] loop=closed plan_v=4 C2 type=target_service target=16 station_ord=0 planned_finish=364.20 actual_finish=364.20 dev=+0.00 injected=0.0
[charge_scheduler-1] [INFO] [1785241707.412251483] [charge_scheduler]: [执行事件] loop=closed plan_v=4 C1 type=target_service target=17 station_ord=0 planned_finish=372.32 actual_finish=372.32 dev=+0.00 injected=0.0
[charge_scheduler-1] [INFO] [1785241707.412257990] [charge_scheduler]: [执行事件] loop=closed plan_v=4 C3 type=target_service target=19 station_ord=0 planned_finish=375.73 actual_finish=375.73 dev=+0.00 injected=0.0
[charge_scheduler-1] [INFO] [1785241707.412263596] [charge_scheduler]: [执行事件] loop=closed plan_v=4 C2 type=station_turnaround target=-1 station_ord=2 planned_finish=376.92 actual_finish=376.92 dev=+0.00 injected=0.0
[charge_scheduler-1] [INFO] [1785241707.412269372] [charge_scheduler]: [执行事件] loop=closed plan_v=4 C3 type=station_turnaround target=-1 station_ord=3 planned_finish=387.93 actual_finish=387.93 dev=+0.00 injected=0.0
[charge_scheduler-1] [INFO] [1785241707.412275831] [charge_scheduler]: [执行事件] loop=closed plan_v=4 C2 type=target_service target=25 station_ord=0 planned_finish=414.66 actual_finish=414.66 dev=+0.00 injected=0.0
[charge_scheduler-1] [INFO] [1785241707.412281576] [charge_scheduler]: [执行事件] loop=closed plan_v=4 C1 type=target_service target=23 station_ord=0 planned_finish=419.34 actual_finish=419.34 dev=+0.00 injected=0.0
[charge_scheduler-1] [INFO] [1785241707.412286992] [charge_scheduler]: [执行事件] loop=closed plan_v=4 C1 type=final_return target=-1 station_ord=0 planned_finish=422.41 actual_finish=422.41 dev=+0.00 injected=0.0
[charge_scheduler-1] [INFO] [1785241707.412292538] [charge_scheduler]: [执行事件] loop=closed plan_v=4 C3 type=target_service target=6 station_ord=0 planned_finish=434.49 actual_finish=434.49 dev=+0.00 injected=0.0
[charge_scheduler-1] [INFO] [1785241707.412297817] [charge_scheduler]: [执行事件] loop=closed plan_v=4 C3 type=final_return target=-1 station_ord=0 planned_finish=437.19 actual_finish=437.19 dev=+0.00 injected=0.0
[charge_scheduler-1] [INFO] [1785241707.412303030] [charge_scheduler]: [执行事件] loop=closed plan_v=4 C2 type=target_service target=26 station_ord=0 planned_finish=460.22 actual_finish=460.22 dev=+0.00 injected=0.0
[charge_scheduler-1] [INFO] [1785241707.412308340] [charge_scheduler]: [执行事件] loop=closed plan_v=4 C2 type=final_return target=-1 station_ord=0 planned_finish=463.52 actual_finish=463.52 dev=+0.00 injected=0.0
[charge_scheduler-1] [INFO] [1785241707.412317809] [charge_scheduler]: ★闭环实验结果 mode=open M=30 K=3 disturbance=combined delay=60.0 seed=1 N_late=12 T_overtime=1408.912 C_total=5773.118 makespan=494.513 served=30 energy_viol=4 reschedules=0 reschedule_ms=0.000 changed_assign=0 changed_order=0 applied_target=2 applied_station=2 initial_solve_ms=59372.242
[charge_scheduler-1] [INFO] [1785241707.412327291] [charge_scheduler]: ★闭环实验结果 mode=closed M=30 K=3 disturbance=combined delay=60.0 seed=1 N_late=10 T_overtime=1317.698 C_total=5454.927 makespan=463.519 served=30 energy_viol=0 reschedules=4 reschedule_ms=13335.961 changed_assign=28 changed_order=42 applied_target=2 applied_station=2 initial_solve_ms=59372.242
[charge_scheduler-1] [INFO] [1785241707.412335010] [charge_scheduler]: ★闭环实验收益 M=30 K=3 disturbance=combined delay=60.0 seed=1 recovered_late=2 overtime_reduction=91.214 distance_delta=-318.191 makespan_reduction=30.994
[WARNING] [launch]: user interrupted with ctrl-c (SIGINT)
[charge_scheduler-1] [INFO] [1785241708.002043280] [rclcpp]: signal_handler(signum=2)
[INFO] [charge_scheduler-1]: sending signal 'SIGINT' to process[charge_scheduler-1]
[ERROR] [charge_scheduler-1]: process has died [pid 27325, exit code -2, cmd '/home/yy/controller/shared_dir/Comprehensive_Road_Testing/install/task_planner/lib/task_planner/charge_scheduler --ros-args -r __node:=charge_scheduler --params-file /home/yy/controller/shared_dir/Comprehensive_Road_Testing/install/task_planner/share/task_planner/config/charge_scheduler.param.yaml'].
