[INFO] [launch]: All log files can be found below /root/.ros/log/2026-07-29-09-14-03-437283-YYYY-16512
[INFO] [launch]: Default logging verbosity is set to INFO
[INFO] [charge_scheduler-1]: process started with pid [16515]
[charge_scheduler-1] [INFO] [1785316443.615498120] [charge_scheduler]: [Scheduler] 30辆车 | 电池800.0kWh(20%=160.0 80%=640.0) | 充电360kW效率97% | 行驶0.6kWh/km | 桩350kW
[charge_scheduler-1] [INFO] [1785316443.615671972] [charge_scheduler]: [Scheduler] 站端周转: 换电 10 min(换后满电) | 单趟可用 640 kWh
[charge_scheduler-1] [INFO] [1785316443.615698696] [charge_scheduler]:   车#0 [电动装载机282|light] 位置(-47.3,-2.6) 容量282kWh 剩余35% | α=6→6min/% τ=168min → 需130.8kWh(充21.2min)
[charge_scheduler-1] [INFO] [1785316443.615717073] [charge_scheduler]:   车#1 [重型叉车|light] 位置(-44.0,-64.1) 容量200kWh 剩余20% | α=6→6min/% τ=96min → 需123.7kWh(充20.0min)
[charge_scheduler-1] [INFO] [1785316443.615733499] [charge_scheduler]:   车#2 [电动装载机350|light] 位置(-51.1,-38.8) 容量350kWh 剩余50% | α=6→6min/% τ=288min → 需108.2kWh(充17.5min)
[charge_scheduler-1] [INFO] [1785316443.615749273] [charge_scheduler]:   车#3 [重型叉车|light] 位置(-71.0,-19.0) 容量200kWh 剩余10% | α=6→6min/% τ=32min → 需144.3kWh(充23.3min)
[charge_scheduler-1] [INFO] [1785316443.615765221] [charge_scheduler]:   车#4 [电动装载机282|heavy→降级] 位置(-93.3,6.6) 容量282kWh 剩余60% | α=3→6min/% τ=212min → 需58.1kWh(充9.4min)
[charge_scheduler-1] [INFO] [1785316443.615781007] [charge_scheduler]:   车#5 [电动装载机350|light] 位置(-104.4,47.7) 容量350kWh 剩余25% | α=6→6min/% τ=128min → 需198.5kWh(充32.1min)
[charge_scheduler-1] [INFO] [1785316443.615795623] [charge_scheduler]:   车#6 [电动装载机350|heavy→降级] 位置(-37.0,-75.1) 容量350kWh 剩余40% | α=4→6min/% τ=176min → 需144.3kWh(充23.3min)
[charge_scheduler-1] [INFO] [1785316443.615810592] [charge_scheduler]:   车#7 [重型叉车|light] 位置(-88.8,-37.1) 容量200kWh 剩余15% | α=6→6min/% τ=64min → 需134.0kWh(充21.7min)
[charge_scheduler-1] [INFO] [1785316443.615827833] [charge_scheduler]:   车#8 [电动装载机282|heavy→降级] 位置(-70.9,27.7) 容量282kWh 剩余55% | α=3→6min/% τ=196min → 需72.7kWh(充11.8min)
[charge_scheduler-1] [INFO] [1785316443.615843188] [charge_scheduler]:   车#9 [电动装载机282|heavy→降级] 位置(-35.4,-47.4) 容量282kWh 剩余30% | α=3→6min/% τ=116min → 需145.4kWh(充23.5min)
[charge_scheduler-1] [INFO] [1785316443.615857102] [charge_scheduler]:   车#10 [电动装载机282|light] 位置(-100.0,-1.0) 容量282kWh 剩余45% | α=6→6min/% τ=224min → 需101.8kWh(充16.4min)
[charge_scheduler-1] [INFO] [1785316443.615871980] [charge_scheduler]:   车#11 [电动装载机350|light] 位置(-72.8,-15.6) 容量350kWh 剩余18% | α=6→6min/% τ=83min → 需223.7kWh(充36.2min)
[charge_scheduler-1] [INFO] [1785316443.615888983] [charge_scheduler]:   车#12 [重型叉车|heavy→降级] 位置(-61.7,-20.7) 容量200kWh 剩余62% | α=3→6min/% τ=230min → 需37.1kWh(充6.0min)
[charge_scheduler-1] [INFO] [1785316443.615902454] [charge_scheduler]:   车#13 [电动装载机282|light] 位置(-133.0,-25.3) 容量282kWh 剩余28% | α=6→6min/% τ=129min → 需151.2kWh(充24.4min)
[charge_scheduler-1] [INFO] [1785316443.615921380] [charge_scheduler]:   车#14 [电动装载机350|light] 位置(-132.0,-8.9) 容量350kWh 剩余52% | α=6→6min/% τ=301min → 需101.0kWh(充16.3min)
[charge_scheduler-1] [INFO] [1785316443.615937168] [charge_scheduler]:   车#15 [重型叉车|light] 位置(-120.0,7.9) 容量200kWh 剩余12% | α=6→6min/% τ=45min → 需140.2kWh(充22.7min)
[charge_scheduler-1] [INFO] [1785316443.615952255] [charge_scheduler]:   车#16 [电动装载机282|light] 位置(-43.8,-82.9) 容量282kWh 剩余38% | α=6→6min/% τ=185min → 需122.1kWh(充19.7min)
[charge_scheduler-1] [INFO] [1785316443.615965989] [charge_scheduler]:   车#17 [电动装载机350|light] 位置(-31.1,-74.7) 容量350kWh 剩余58% | α=6→6min/% τ=339min → 需79.4kWh(充12.8min)
[charge_scheduler-1] [INFO] [1785316443.615980190] [charge_scheduler]:   车#18 [重型叉车|heavy→降级] 位置(-75.4,-68.2) 容量200kWh 剩余22% | α=3→6min/% τ=102min → 需119.6kWh(充19.3min)
[charge_scheduler-1] [INFO] [1785316443.615996872] [charge_scheduler]:   车#19 [电动装载机282|light] 位置(-88.2,47.1) 容量282kWh 剩余48% | α=6→6min/% τ=241min → 需93.0kWh(充15.0min)
[charge_scheduler-1] [INFO] [1785316443.616012750] [charge_scheduler]:   车#20 [电动装载机350|light] 位置(-71.4,16.3) 容量350kWh 剩余33% | α=6→6min/% τ=179min → 需169.6kWh(充27.4min)
[charge_scheduler-1] [INFO] [1785316443.616107525] [charge_scheduler]:   车#21 [重型叉车|heavy→降级] 位置(-122.0,-0.6) 容量200kWh 剩余65% | α=3→6min/% τ=240min → 需30.9kWh(充5.0min)
[charge_scheduler-1] [INFO] [1785316443.616123859] [charge_scheduler]:   车#22 [电动装载机282|light] 位置(-71.6,11.6) 容量282kWh 剩余16% | α=6→6min/% τ=62min → 需186.1kWh(充30.1min)
[charge_scheduler-1] [INFO] [1785316443.616140507] [charge_scheduler]:   车#23 [电动装载机350|light] 位置(-131.0,37.2) 容量350kWh 剩余42% | α=6→6min/% τ=237min → 需137.1kWh(充22.2min)
[charge_scheduler-1] [INFO] [1785316443.616156264] [charge_scheduler]:   车#24 [重型叉车|heavy→降级] 位置(-51.3,5.9) 容量200kWh 剩余25% | α=3→6min/% τ=112min → 需113.4kWh(充18.3min)
[charge_scheduler-1] [INFO] [1785316443.616170911] [charge_scheduler]:   车#25 [电动装载机282|light] 位置(-62.2,-10.7) 容量282kWh 剩余55% | α=6→6min/% τ=280min → 需72.7kWh(充11.8min)
[charge_scheduler-1] [INFO] [1785316443.616185300] [charge_scheduler]:   车#26 [电动装载机350|light] 位置(-116.0,60.4) 容量350kWh 剩余30% | α=6→6min/% τ=160min → 需180.4kWh(充29.2min)
[charge_scheduler-1] [INFO] [1785316443.616200395] [charge_scheduler]:   车#27 [重型叉车|heavy→降级] 位置(-90.4,60.5) 容量200kWh 剩余68% | α=3→6min/% τ=250min → 需24.7kWh(充4.0min)
[charge_scheduler-1] [INFO] [1785316443.616232171] [charge_scheduler]:   车#28 [电动装载机282|light] 位置(-85.5,-46.0) 容量282kWh 剩余20% | α=6→6min/% τ=84min → 需174.4kWh(充28.2min)
[charge_scheduler-1] [INFO] [1785316443.616256264] [charge_scheduler]:   车#29 [电动装载机350|light] 位置(-87.0,-36.6) 容量350kWh 剩余36% | α=6→6min/% τ=198min → 需158.8kWh(充25.7min)
[charge_scheduler-1] [INFO] [1785316443.628361220] [charge_scheduler]: [Scheduler] 闭环接口: threshold=10.0min | event_sim=on | policy=fixed | structured_feedback=optional (/task_planner/execution_event)
[charge_scheduler-1] [INFO] [1785316443.628401019] [charge_scheduler]: [Scheduler] 已启动, 等待地图...
[charge_scheduler-1] [INFO] [1785316443.691321258] [charge_scheduler]: [Scheduler] RoutingGraph 就绪
[charge_scheduler-1] [INFO] [1785316443.691600090] [charge_scheduler]: [Scheduler] 提取到 6 条虚线捷径
[charge_scheduler-1] [INFO] [1785316443.709300779] [charge_scheduler]: [Scheduler] 下层兼容增强图: 166 节点, 6 条虚线掉头边
[charge_scheduler-1] [INFO] [1785316452.206149997] [charge_scheduler]: [Scheduler] 距离矩阵完成 31x31, 8496.7 ms | 模式=maneuver | 真实不可达=0 抽象不可达=0 | 缺少对向投影节点=0
[charge_scheduler-1] [INFO] [1785316452.206231622] [charge_scheduler]:   ✓ 比值自检：930 个 OD 满足 机动/直线≥1 | 均值=2.97 最大=42.81 (车#15→车#21)
[charge_scheduler-1] [INFO] [1785316452.206251108] [charge_scheduler]: [Scheduler] 地图就绪, 166 条 lanelet（与下层一致）
[charge_scheduler-1] [INFO] [1785316452.206300974] [charge_scheduler]: ======== 开始VRPTW调度 30 辆车 ========
[charge_scheduler-1] [INFO] [1785316452.206307732] [charge_scheduler]:   规模30>8 → 启发式(alns)
[charge_scheduler-1] [INFO] [1785316508.234576113] [charge_scheduler]: [ALNS] seed=7 iters=15000 | N_late=3(成功率90.0%) T_overtime=207.9min C_total=5693.5m | 趟数=11 makespan=385.6min
[charge_scheduler-1] [INFO] [1785316508.234636702] [charge_scheduler]:   求解耗时 56028.3 ms
[charge_scheduler-1] [INFO] [1785316508.234644047] [charge_scheduler]: ════════ 调度结果 ════════
[charge_scheduler-1] [INFO] [1785316508.234648332] [charge_scheduler]:   ★目标(字典序): ① N_late=3 辆 (按时成功率 27/30 = 90.0%)  ② T_overtime=207.9min  ③ C_total=5693.5m
[charge_scheduler-1] [INFO] [1785316508.234653973] [charge_scheduler]:   附: 趟数=11 | makespan=385.6min | 能量可行=是
[charge_scheduler-1] [INFO] [1785316508.234664429] [charge_scheduler]:   [充电车3] 趟1: 站 → 车#8(到4.0/限196.0✓) → 车#22(到16.7/限61.6✓) → 车#7(到49.3/限64.0✓) → 车#1(到74.6/限96.0✓) → 站
[charge_scheduler-1] [INFO] [1785316508.234671449] [charge_scheduler]:   [充电车2] 趟2: 站 → 车#4(到1.4/限212.0✓) → 车#15(到11.5/限44.8✓) → 车#28(到36.6/限84.0✓) → 车#13(到69.0/限128.8✓) → 站
[charge_scheduler-1] [INFO] [1785316508.234677539] [charge_scheduler]:   [充电车1] 趟3: 站 → 车#12(到2.3/限230.4✓) → 车#21(到11.8/限240.0✓) → 车#3(到19.2/限32.0✓) → 车#11(到43.7/限83.2✓) → 车#18(到84.8/限102.4✓) → 站
[charge_scheduler-1] [INFO] [1785316508.234712217] [charge_scheduler]:   [充电车1] 趟4: 站 → 车#5(到124.8/限128.0✓) → 车#20(到169.4/限179.2✓) → 站
[charge_scheduler-1] [INFO] [1785316508.234718644] [charge_scheduler]:   [充电车3] 趟5: 站 → 车#24(到111.8/限112.0✓) → 车#26(到138.5/限160.0✓) → 车#16(到184.0/限184.8✓) → 站
[charge_scheduler-1] [INFO] [1785316508.234724545] [charge_scheduler]:   [充电车2] 趟6: 站 → 车#9(到115.4/限116.0✓) → 车#0(到152.1/限168.0✓) → 车#19(到188.9/限240.8✓) → 站
[charge_scheduler-1] [INFO] [1785316508.234735765] [charge_scheduler]:   [充电车1] 趟7: 站 → 车#6(到226.5/限176.0✗超时) → 车#25(到271.7/限280.0✓) → 站
[charge_scheduler-1] [INFO] [1785316508.234742441] [charge_scheduler]:   [充电车2] 趟8: 站 → 车#23(到234.6/限236.8✓) → 车#2(到281.1/限288.0✓) → 站
[charge_scheduler-1] [INFO] [1785316508.234748355] [charge_scheduler]:   [充电车1] 趟9: 站 → 车#29(到319.5/限198.4✗超时) → 站
[charge_scheduler-1] [INFO] [1785316508.234754653] [charge_scheduler]:   [充电车2] 趟10: 站 → 车#17(到339.1/限339.2✓) → 站
[charge_scheduler-1] [INFO] [1785316508.234762284] [charge_scheduler]:   [充电车3] 趟11: 站 → 车#27(到234.1/限249.6✓) → 车#10(到260.4/限224.0✗超时) → 车#14(到298.2/限300.8✓) → 站
[charge_scheduler-1] [INFO] [1785316508.234767613] [charge_scheduler]: ════════════════════════
[charge_scheduler-1] [INFO] [1785316508.234846559] [charge_scheduler]: [扰动清单] type=combined delay=60.0min targets={5,28,} station={C2-S1,C3-S1,}
[charge_scheduler-1] [INFO] [1785316508.234869821] [charge_scheduler]: [执行事件] loop=open plan_v=0 C1 type=target_service target=12 station_ord=0 planned_finish=8.58 actual_finish=8.58 dev=+0.00 injected=0.0
[charge_scheduler-1] [INFO] [1785316508.234881020] [charge_scheduler]: [执行事件] loop=open plan_v=0 C2 type=target_service target=4 station_ord=0 planned_finish=11.04 actual_finish=11.04 dev=+0.00 injected=0.0
[charge_scheduler-1] [INFO] [1785316508.234889091] [charge_scheduler]: [执行事件] loop=open plan_v=0 C3 type=target_service target=8 station_ord=0 planned_finish=16.35 actual_finish=16.35 dev=+0.00 injected=0.0
[charge_scheduler-1] [INFO] [1785316508.234895506] [charge_scheduler]: [执行事件] loop=open plan_v=0 C1 type=target_service target=21 station_ord=0 planned_finish=18.07 actual_finish=18.07 dev=+0.00 injected=0.0
[charge_scheduler-1] [INFO] [1785316508.234902026] [charge_scheduler]: [执行事件] loop=open plan_v=0 C2 type=target_service target=15 station_ord=0 planned_finish=34.81 actual_finish=34.81 dev=+0.00 injected=0.0
[charge_scheduler-1] [INFO] [1785316508.234908957] [charge_scheduler]: [执行事件] loop=open plan_v=0 C1 type=target_service target=3 station_ord=0 planned_finish=43.54 actual_finish=43.54 dev=+0.00 injected=0.0
[charge_scheduler-1] [INFO] [1785316508.234915131] [charge_scheduler]: [执行事件] loop=open plan_v=0 C3 type=target_service target=22 station_ord=0 planned_finish=48.17 actual_finish=48.17 dev=+0.00 injected=0.0
[charge_scheduler-1] [INFO] [1785316508.234921352] [charge_scheduler]: [执行事件] loop=open plan_v=0 C3 type=target_service target=7 station_ord=0 planned_finish=73.54 actual_finish=73.54 dev=+0.00 injected=0.0
[charge_scheduler-1] [INFO] [1785316508.234927703] [charge_scheduler]: [执行事件] loop=open plan_v=0 C1 type=target_service target=11 station_ord=0 planned_finish=83.81 actual_finish=83.81 dev=+0.00 injected=0.0
[charge_scheduler-1] [INFO] [1785316508.234933821] [charge_scheduler]: [执行事件] loop=open plan_v=0 C3 type=target_service target=1 station_ord=0 planned_finish=98.51 actual_finish=98.51 dev=+0.00 injected=0.0
[charge_scheduler-1] [INFO] [1785316508.234940878] [charge_scheduler]: [执行事件] loop=open plan_v=0 C1 type=target_service target=18 station_ord=0 planned_finish=108.84 actual_finish=108.84 dev=+0.00 injected=0.0
[charge_scheduler-1] [INFO] [1785316508.234947842] [charge_scheduler]: [执行事件] loop=open plan_v=0 C1 type=station_turnaround target=-1 station_ord=1 planned_finish=121.65 actual_finish=121.65 dev=+0.00 injected=0.0
[charge_scheduler-1] [INFO] [1785316508.234955877] [charge_scheduler]: [执行事件] loop=open plan_v=0 C2 type=target_service target=28 station_ord=0 planned_finish=67.89 actual_finish=127.89 dev=+60.00 injected=60.0
[charge_scheduler-1] [INFO] [1785316508.234962791] [charge_scheduler]: [执行事件] loop=open plan_v=0 C2 type=target_service target=13 station_ord=0 planned_finish=99.25 actual_finish=164.27 dev=+65.02 injected=0.0
[charge_scheduler-1] [INFO] [1785316508.234976272] [charge_scheduler]: [执行事件] loop=open plan_v=0 C3 type=station_turnaround target=-1 station_ord=1 planned_finish=110.93 actual_finish=170.93 dev=+60.00 injected=60.0
[charge_scheduler-1] [INFO] [1785316508.234983275] [charge_scheduler]: [执行事件] loop=open plan_v=0 C3 type=target_service target=24 station_ord=0 planned_finish=136.74 actual_finish=196.75 dev=+60.01 injected=0.0
[charge_scheduler-1] [INFO] [1785316508.234990115] [charge_scheduler]: [执行事件] loop=open plan_v=0 C1 type=target_service target=5 station_ord=0 planned_finish=168.28 actual_finish=228.28 dev=+60.00 injected=60.0
[charge_scheduler-1] [INFO] [1785316508.234996423] [charge_scheduler]: [执行事件] loop=open plan_v=0 C2 type=station_turnaround target=-1 station_ord=1 planned_finish=113.25 actual_finish=238.27 dev=+125.02 injected=60.0
[charge_scheduler-1] [INFO] [1785316508.235004090] [charge_scheduler]: [执行事件] loop=open plan_v=0 C3 type=target_service target=26 station_ord=0 planned_finish=180.32 actual_finish=242.29 dev=+61.97 injected=0.0
[charge_scheduler-1] [INFO] [1785316508.235010555] [charge_scheduler]: [执行事件] loop=open plan_v=0 C1 type=target_service target=20 station_ord=0 planned_finish=212.27 actual_finish=273.17 dev=+60.89 injected=0.0
[charge_scheduler-1] [INFO] [1785316508.235016830] [charge_scheduler]: [执行事件] loop=open plan_v=0 C2 type=target_service target=9 station_ord=0 planned_finish=150.63 actual_finish=275.69 dev=+125.07 injected=0.0
[charge_scheduler-1] [INFO] [1785316508.235023077] [charge_scheduler]: [执行事件] loop=open plan_v=0 C3 type=target_service target=16 station_ord=0 planned_finish=219.21 actual_finish=281.25 dev=+62.03 injected=0.0
[charge_scheduler-1] [INFO] [1785316508.235029326] [charge_scheduler]: [执行事件] loop=open plan_v=0 C1 type=station_turnaround target=-1 station_ord=2 planned_finish=223.67 actual_finish=284.56 dev=+60.89 injected=0.0
[charge_scheduler-1] [INFO] [1785316508.235035498] [charge_scheduler]: [执行事件] loop=open plan_v=0 C3 type=station_turnaround target=-1 station_ord=2 planned_finish=231.93 actual_finish=293.96 dev=+62.03 injected=0.0
[charge_scheduler-1] [INFO] [1785316508.235041980] [charge_scheduler]: [执行事件] loop=open plan_v=0 C2 type=target_service target=0 station_ord=0 planned_finish=186.06 actual_finish=312.45 dev=+126.40 injected=0.0
[charge_scheduler-1] [INFO] [1785316508.235048903] [charge_scheduler]: [执行事件] loop=open plan_v=0 C3 type=target_service target=27 station_ord=0 planned_finish=258.26 actual_finish=321.10 dev=+62.84 injected=0.0
[charge_scheduler-1] [INFO] [1785316508.235055190] [charge_scheduler]: [执行事件] loop=open plan_v=0 C1 type=target_service target=6 station_ord=0 planned_finish=270.23 actual_finish=331.12 dev=+60.89 injected=0.0
[charge_scheduler-1] [INFO] [1785316508.235061687] [charge_scheduler]: [执行事件] loop=open plan_v=0 C2 type=target_service target=19 station_ord=0 planned_finish=219.83 actual_finish=350.58 dev=+130.75 injected=0.0
[charge_scheduler-1] [INFO] [1785316508.235068217] [charge_scheduler]: [执行事件] loop=open plan_v=0 C3 type=target_service target=10 station_ord=0 planned_finish=295.64 actual_finish=358.48 dev=+62.84 injected=0.0
[charge_scheduler-1] [INFO] [1785316508.235074353] [charge_scheduler]: [执行事件] loop=open plan_v=0 C2 type=station_turnaround target=-1 station_ord=2 planned_finish=232.03 actual_finish=362.78 dev=+130.75 injected=0.0
[charge_scheduler-1] [INFO] [1785316508.235080747] [charge_scheduler]: [执行事件] loop=open plan_v=0 C1 type=target_service target=25 station_ord=0 planned_finish=306.31 actual_finish=367.89 dev=+61.58 injected=0.0
[charge_scheduler-1] [INFO] [1785316508.235087095] [charge_scheduler]: [执行事件] loop=open plan_v=0 C1 type=station_turnaround target=-1 station_ord=3 planned_finish=317.58 actual_finish=379.17 dev=+61.58 injected=0.0
[charge_scheduler-1] [INFO] [1785316508.235093520] [charge_scheduler]: [执行事件] loop=open plan_v=0 C3 type=target_service target=14 station_ord=0 planned_finish=341.68 actual_finish=404.76 dev=+63.08 injected=0.0
[charge_scheduler-1] [INFO] [1785316508.235099592] [charge_scheduler]: [执行事件] loop=open plan_v=0 C3 type=final_return target=-1 station_ord=0 planned_finish=345.44 actual_finish=408.53 dev=+63.08 injected=0.0
[charge_scheduler-1] [INFO] [1785316508.235107649] [charge_scheduler]: [执行事件] loop=open plan_v=0 C2 type=target_service target=23 station_ord=0 planned_finish=278.11 actual_finish=409.06 dev=+130.95 injected=0.0
[charge_scheduler-1] [INFO] [1785316508.235116741] [charge_scheduler]: [执行事件] loop=open plan_v=0 C1 type=target_service target=29 station_ord=0 planned_finish=363.23 actual_finish=424.81 dev=+61.58 injected=0.0
[charge_scheduler-1] [INFO] [1785316508.235122688] [charge_scheduler]: [执行事件] loop=open plan_v=0 C1 type=final_return target=-1 station_ord=0 planned_finish=365.41 actual_finish=426.99 dev=+61.58 injected=0.0
[charge_scheduler-1] [INFO] [1785316508.235128482] [charge_scheduler]: [执行事件] loop=open plan_v=0 C2 type=target_service target=2 station_ord=0 planned_finish=324.23 actual_finish=455.81 dev=+131.58 injected=0.0
[charge_scheduler-1] [INFO] [1785316508.235134644] [charge_scheduler]: [执行事件] loop=open plan_v=0 C2 type=station_turnaround target=-1 station_ord=3 planned_finish=336.15 actual_finish=467.73 dev=+131.58 injected=0.0
[charge_scheduler-1] [INFO] [1785316508.235143633] [charge_scheduler]: [执行事件] loop=open plan_v=0 C2 type=target_service target=17 station_ord=0 planned_finish=382.79 actual_finish=514.39 dev=+131.60 injected=0.0
[charge_scheduler-1] [INFO] [1785316508.235149034] [charge_scheduler]: [执行事件] loop=open plan_v=0 C2 type=final_return target=-1 station_ord=0 planned_finish=385.59 actual_finish=517.18 dev=+131.60 injected=0.0
[charge_scheduler-1] [INFO] [1785316508.235162706] [charge_scheduler]: [执行事件] loop=fixed plan_v=0 C1 type=target_service target=12 station_ord=0 planned_finish=8.58 actual_finish=8.58 dev=+0.00 injected=0.0
[charge_scheduler-1] [INFO] [1785316508.235168354] [charge_scheduler]: [执行事件] loop=fixed plan_v=0 C2 type=target_service target=4 station_ord=0 planned_finish=11.04 actual_finish=11.04 dev=+0.00 injected=0.0
[charge_scheduler-1] [INFO] [1785316508.235173890] [charge_scheduler]: [执行事件] loop=fixed plan_v=0 C3 type=target_service target=8 station_ord=0 planned_finish=16.35 actual_finish=16.35 dev=+0.00 injected=0.0
[charge_scheduler-1] [INFO] [1785316508.235179239] [charge_scheduler]: [执行事件] loop=fixed plan_v=0 C1 type=target_service target=21 station_ord=0 planned_finish=18.07 actual_finish=18.07 dev=+0.00 injected=0.0
[charge_scheduler-1] [INFO] [1785316508.235184785] [charge_scheduler]: [执行事件] loop=fixed plan_v=0 C2 type=target_service target=15 station_ord=0 planned_finish=34.81 actual_finish=34.81 dev=+0.00 injected=0.0
[charge_scheduler-1] [INFO] [1785316508.235190379] [charge_scheduler]: [执行事件] loop=fixed plan_v=0 C1 type=target_service target=3 station_ord=0 planned_finish=43.54 actual_finish=43.54 dev=+0.00 injected=0.0
[charge_scheduler-1] [INFO] [1785316508.235197366] [charge_scheduler]: [执行事件] loop=fixed plan_v=0 C3 type=target_service target=22 station_ord=0 planned_finish=48.17 actual_finish=48.17 dev=+0.00 injected=0.0
[charge_scheduler-1] [INFO] [1785316508.235202815] [charge_scheduler]: [执行事件] loop=fixed plan_v=0 C3 type=target_service target=7 station_ord=0 planned_finish=73.54 actual_finish=73.54 dev=+0.00 injected=0.0
[charge_scheduler-1] [INFO] [1785316508.235208315] [charge_scheduler]: [执行事件] loop=fixed plan_v=0 C1 type=target_service target=11 station_ord=0 planned_finish=83.81 actual_finish=83.81 dev=+0.00 injected=0.0
[charge_scheduler-1] [INFO] [1785316508.235213827] [charge_scheduler]: [执行事件] loop=fixed plan_v=0 C3 type=target_service target=1 station_ord=0 planned_finish=98.51 actual_finish=98.51 dev=+0.00 injected=0.0
[charge_scheduler-1] [INFO] [1785316508.235219464] [charge_scheduler]: [执行事件] loop=fixed plan_v=0 C1 type=target_service target=18 station_ord=0 planned_finish=108.84 actual_finish=108.84 dev=+0.00 injected=0.0
[charge_scheduler-1] [INFO] [1785316508.235224976] [charge_scheduler]: [执行事件] loop=fixed plan_v=0 C1 type=station_turnaround target=-1 station_ord=1 planned_finish=121.65 actual_finish=121.65 dev=+0.00 injected=0.0
[charge_scheduler-1] [INFO] [1785316508.235231157] [charge_scheduler]: [执行事件] loop=fixed plan_v=0 C2 type=target_service target=28 station_ord=0 planned_finish=67.89 actual_finish=127.89 dev=+60.00 injected=60.0
[charge_scheduler-1] [WARN] [1785316509.106843490] [charge_scheduler]: [重调度事件] policy=fixed #1 t=127.89min trigger=C2/target_service dev=+60.00 pool=17 committed=1 plan_v=1 solve_ms=871.5 changed_assign=0 changed_order=13
[charge_scheduler-1] [INFO] [1785316509.106968636] [charge_scheduler]: [执行事件] loop=fixed plan_v=1 C2 type=target_service target=9 station_ord=0 planned_finish=163.99 actual_finish=163.99 dev=+0.00 injected=0.0
[charge_scheduler-1] [INFO] [1785316509.106988546] [charge_scheduler]: [执行事件] loop=fixed plan_v=0 C3 type=station_turnaround target=-1 station_ord=1 planned_finish=110.93 actual_finish=170.93 dev=+60.00 injected=60.0
[charge_scheduler-1] [WARN] [1785316509.917284187] [charge_scheduler]: [重调度事件] policy=fixed #2 t=170.93min trigger=C3/station_turnaround dev=+60.00 pool=16 committed=1 plan_v=2 solve_ms=810.2 changed_assign=0 changed_order=11
[charge_scheduler-1] [INFO] [1785316509.917363522] [charge_scheduler]: [执行事件] loop=fixed plan_v=2 C3 type=target_service target=24 station_ord=0 planned_finish=196.75 actual_finish=196.75 dev=+0.00 injected=0.0
[charge_scheduler-1] [INFO] [1785316509.917377260] [charge_scheduler]: [执行事件] loop=fixed plan_v=0 C1 type=target_service target=5 station_ord=0 planned_finish=168.28 actual_finish=228.28 dev=+60.00 injected=60.0
[charge_scheduler-1] [WARN] [1785316510.599137022] [charge_scheduler]: [重调度事件] policy=fixed #3 t=228.28min trigger=C1/target_service dev=+60.00 pool=14 committed=1 plan_v=3 solve_ms=681.7 changed_assign=0 changed_order=13
[charge_scheduler-1] [INFO] [1785316510.599190466] [charge_scheduler]: [执行事件] loop=fixed plan_v=2 C3 type=target_service target=16 station_ord=0 planned_finish=233.85 actual_finish=233.85 dev=+0.00 injected=0.0
[charge_scheduler-1] [INFO] [1785316510.599202231] [charge_scheduler]: [执行事件] loop=fixed plan_v=1 C2 type=station_turnaround target=-1 station_ord=1 planned_finish=176.28 actual_finish=236.28 dev=+60.00 injected=60.0
[charge_scheduler-1] [WARN] [1785316511.196497156] [charge_scheduler]: [重调度事件] policy=fixed #4 t=236.28min trigger=C2/station_turnaround dev=+60.00 pool=12 committed=2 plan_v=4 solve_ms=597.2 changed_assign=0 changed_order=2
[charge_scheduler-1] [INFO] [1785316511.196569094] [charge_scheduler]: [执行事件] loop=fixed plan_v=3 C3 type=target_service target=27 station_ord=0 planned_finish=261.05 actual_finish=261.05 dev=+0.00 injected=0.0
[charge_scheduler-1] [INFO] [1785316511.196582030] [charge_scheduler]: [执行事件] loop=fixed plan_v=3 C1 type=target_service target=20 station_ord=0 planned_finish=273.17 actual_finish=273.17 dev=+0.00 injected=0.0
[charge_scheduler-1] [INFO] [1785316511.196590610] [charge_scheduler]: [执行事件] loop=fixed plan_v=4 C3 type=station_turnaround target=-1 station_ord=2 planned_finish=274.75 actual_finish=274.75 dev=+0.00 injected=0.0
[charge_scheduler-1] [INFO] [1785316511.196598923] [charge_scheduler]: [执行事件] loop=fixed plan_v=4 C2 type=target_service target=19 station_ord=0 planned_finish=274.85 actual_finish=274.85 dev=+0.00 injected=0.0
[charge_scheduler-1] [INFO] [1785316511.196609766] [charge_scheduler]: [执行事件] loop=fixed plan_v=4 C1 type=station_turnaround target=-1 station_ord=2 planned_finish=284.56 actual_finish=284.56 dev=+0.00 injected=0.0
[charge_scheduler-1] [INFO] [1785316511.196616599] [charge_scheduler]: [执行事件] loop=fixed plan_v=4 C2 type=target_service target=0 station_ord=0 planned_finish=311.52 actual_finish=311.52 dev=+0.00 injected=0.0
[charge_scheduler-1] [INFO] [1785316511.196623812] [charge_scheduler]: [执行事件] loop=fixed plan_v=4 C3 type=target_service target=26 station_ord=0 planned_finish=321.03 actual_finish=321.03 dev=+0.00 injected=0.0
[charge_scheduler-1] [INFO] [1785316511.196631017] [charge_scheduler]: [执行事件] loop=fixed plan_v=4 C1 type=target_service target=25 station_ord=0 planned_finish=322.30 actual_finish=322.30 dev=+0.00 injected=0.0
[charge_scheduler-1] [INFO] [1785316511.196638191] [charge_scheduler]: [执行事件] loop=fixed plan_v=4 C2 type=station_turnaround target=-1 station_ord=2 planned_finish=322.38 actual_finish=322.38 dev=+0.00 injected=0.0
[charge_scheduler-1] [INFO] [1785316511.196648914] [charge_scheduler]: [执行事件] loop=fixed plan_v=4 C3 type=target_service target=10 station_ord=0 planned_finish=358.00 actual_finish=358.00 dev=+0.00 injected=0.0
[charge_scheduler-1] [INFO] [1785316511.196656012] [charge_scheduler]: [执行事件] loop=fixed plan_v=4 C2 type=target_service target=13 station_ord=0 planned_finish=360.42 actual_finish=360.42 dev=+0.00 injected=0.0
[charge_scheduler-1] [INFO] [1785316511.196703346] [charge_scheduler]: [执行事件] loop=fixed plan_v=4 C1 type=target_service target=6 station_ord=0 planned_finish=368.43 actual_finish=368.43 dev=+0.00 injected=0.0
[charge_scheduler-1] [INFO] [1785316511.196711577] [charge_scheduler]: [执行事件] loop=fixed plan_v=4 C3 type=station_turnaround target=-1 station_ord=3 planned_finish=369.65 actual_finish=369.65 dev=+0.00 injected=0.0
[charge_scheduler-1] [INFO] [1785316511.196719172] [charge_scheduler]: [执行事件] loop=fixed plan_v=4 C1 type=station_turnaround target=-1 station_ord=3 planned_finish=381.13 actual_finish=381.13 dev=+0.00 injected=0.0
[charge_scheduler-1] [INFO] [1785316511.196726761] [charge_scheduler]: [执行事件] loop=fixed plan_v=4 C2 type=target_service target=23 station_ord=0 planned_finish=405.22 actual_finish=405.22 dev=+0.00 injected=0.0
[charge_scheduler-1] [INFO] [1785316511.196734406] [charge_scheduler]: [执行事件] loop=fixed plan_v=4 C3 type=target_service target=14 station_ord=0 planned_finish=416.45 actual_finish=416.45 dev=+0.00 injected=0.0
[charge_scheduler-1] [INFO] [1785316511.196741556] [charge_scheduler]: [执行事件] loop=fixed plan_v=4 C2 type=station_turnaround target=-1 station_ord=3 planned_finish=418.28 actual_finish=418.28 dev=+0.00 injected=0.0
[charge_scheduler-1] [INFO] [1785316511.196751339] [charge_scheduler]: [执行事件] loop=fixed plan_v=4 C3 type=final_return target=-1 station_ord=0 planned_finish=420.21 actual_finish=420.21 dev=+0.00 injected=0.0
[charge_scheduler-1] [INFO] [1785316511.196766298] [charge_scheduler]: [执行事件] loop=fixed plan_v=4 C1 type=target_service target=29 station_ord=0 planned_finish=426.78 actual_finish=426.78 dev=+0.00 injected=0.0
[charge_scheduler-1] [INFO] [1785316511.196776973] [charge_scheduler]: [执行事件] loop=fixed plan_v=4 C1 type=final_return target=-1 station_ord=0 planned_finish=428.96 actual_finish=428.96 dev=+0.00 injected=0.0
[charge_scheduler-1] [INFO] [1785316511.196788285] [charge_scheduler]: [执行事件] loop=fixed plan_v=4 C2 type=target_service target=2 station_ord=0 planned_finish=464.07 actual_finish=464.07 dev=+0.00 injected=0.0
[charge_scheduler-1] [INFO] [1785316511.196798214] [charge_scheduler]: [执行事件] loop=fixed plan_v=4 C2 type=target_service target=17 station_ord=0 planned_finish=509.15 actual_finish=509.15 dev=+0.00 injected=0.0
[charge_scheduler-1] [INFO] [1785316511.196814939] [charge_scheduler]: [执行事件] loop=fixed plan_v=4 C2 type=final_return target=-1 station_ord=0 planned_finish=511.94 actual_finish=511.94 dev=+0.00 injected=0.0
[charge_scheduler-1] [INFO] [1785316511.196842394] [charge_scheduler]: ★闭环实验结果 mode=open M=30 K=3 disturbance=combined delay=60.0 seed=7 N_late=17 T_overtime=1454.732 C_total=5693.504 makespan=517.182 served=30 energy_viol=6 reschedules=0 reschedule_ms=0.000 changed_assign=0 changed_order=0 applied_target=2 applied_station=2 initial_solve_ms=56028.328
[charge_scheduler-1] [INFO] [1785316511.196860794] [charge_scheduler]: ★闭环实验结果 mode=fixed M=30 K=3 disturbance=combined delay=60.0 seed=7 N_late=15 T_overtime=1452.617 C_total=5638.323 makespan=511.939 served=30 energy_viol=0 reschedules=4 reschedule_ms=2960.663 changed_assign=0 changed_order=39 applied_target=2 applied_station=2 initial_solve_ms=56028.328
[charge_scheduler-1] [INFO] [1785316511.196876035] [charge_scheduler]: ★闭环实验收益 policy=fixed M=30 K=3 disturbance=combined delay=60.0 seed=7 recovered_late=2 overtime_reduction=2.115 distance_delta=-55.182 makespan_reduction=5.242
[WARNING] [launch]: user interrupted with ctrl-c (SIGINT)
[WARNING] [launch]: user interrupted with ctrl-c (SIGINT) again, ignoring...
[INFO] [charge_scheduler-1]: sending signal 'SIGINT' to process[charge_scheduler-1]
[charge_scheduler-1] [INFO] [1785316512.261468788] [rclcpp]: signal_handler(signum=2)
[charge_scheduler-1] [INFO] [1785316512.263994616] [rclcpp]: signal_handler(signum=2)
[INFO] [charge_scheduler-1]: process has finished cleanly [pid 16515]
