[INFO] [launch]: All log files can be found below /root/.ros/log/2026-07-29-08-52-13-082983-YYYY-13630
[INFO] [launch]: Default logging verbosity is set to INFO
[INFO] [charge_scheduler-1]: process started with pid [13633]
[charge_scheduler-1] [INFO] [1785315133.253293014] [charge_scheduler]: [Scheduler] 30辆车 | 电池800.0kWh(20%=160.0 80%=640.0) | 充电360kW效率97% | 行驶0.6kWh/km | 桩350kW
[charge_scheduler-1] [INFO] [1785315133.253477281] [charge_scheduler]: [Scheduler] 站端周转: 换电 10 min(换后满电) | 单趟可用 640 kWh
[charge_scheduler-1] [INFO] [1785315133.253505620] [charge_scheduler]:   车#0 [电动装载机282|light] 位置(-47.3,-2.6) 容量282kWh 剩余35% | α=6→6min/% τ=168min → 需130.8kWh(充21.2min)
[charge_scheduler-1] [INFO] [1785315133.253530533] [charge_scheduler]:   车#1 [重型叉车|light] 位置(-44.0,-64.1) 容量200kWh 剩余20% | α=6→6min/% τ=96min → 需123.7kWh(充20.0min)
[charge_scheduler-1] [INFO] [1785315133.253549519] [charge_scheduler]:   车#2 [电动装载机350|light] 位置(-51.1,-38.8) 容量350kWh 剩余50% | α=6→6min/% τ=288min → 需108.2kWh(充17.5min)
[charge_scheduler-1] [INFO] [1785315133.253569282] [charge_scheduler]:   车#3 [重型叉车|light] 位置(-71.0,-19.0) 容量200kWh 剩余10% | α=6→6min/% τ=32min → 需144.3kWh(充23.3min)
[charge_scheduler-1] [INFO] [1785315133.253589114] [charge_scheduler]:   车#4 [电动装载机282|heavy→降级] 位置(-93.3,6.6) 容量282kWh 剩余60% | α=3→6min/% τ=212min → 需58.1kWh(充9.4min)
[charge_scheduler-1] [INFO] [1785315133.253607816] [charge_scheduler]:   车#5 [电动装载机350|light] 位置(-104.4,47.7) 容量350kWh 剩余25% | α=6→6min/% τ=128min → 需198.5kWh(充32.1min)
[charge_scheduler-1] [INFO] [1785315133.253627513] [charge_scheduler]:   车#6 [电动装载机350|heavy→降级] 位置(-37.0,-75.1) 容量350kWh 剩余40% | α=4→6min/% τ=176min → 需144.3kWh(充23.3min)
[charge_scheduler-1] [INFO] [1785315133.253646581] [charge_scheduler]:   车#7 [重型叉车|light] 位置(-88.8,-37.1) 容量200kWh 剩余15% | α=6→6min/% τ=64min → 需134.0kWh(充21.7min)
[charge_scheduler-1] [INFO] [1785315133.253664723] [charge_scheduler]:   车#8 [电动装载机282|heavy→降级] 位置(-70.9,27.7) 容量282kWh 剩余55% | α=3→6min/% τ=196min → 需72.7kWh(充11.8min)
[charge_scheduler-1] [INFO] [1785315133.253682810] [charge_scheduler]:   车#9 [电动装载机282|heavy→降级] 位置(-35.4,-47.4) 容量282kWh 剩余30% | α=3→6min/% τ=116min → 需145.4kWh(充23.5min)
[charge_scheduler-1] [INFO] [1785315133.253701442] [charge_scheduler]:   车#10 [电动装载机282|light] 位置(-100.0,-1.0) 容量282kWh 剩余45% | α=6→6min/% τ=224min → 需101.8kWh(充16.4min)
[charge_scheduler-1] [INFO] [1785315133.253721127] [charge_scheduler]:   车#11 [电动装载机350|light] 位置(-72.8,-15.6) 容量350kWh 剩余18% | α=6→6min/% τ=83min → 需223.7kWh(充36.2min)
[charge_scheduler-1] [INFO] [1785315133.253738392] [charge_scheduler]:   车#12 [重型叉车|heavy→降级] 位置(-61.7,-20.7) 容量200kWh 剩余62% | α=3→6min/% τ=230min → 需37.1kWh(充6.0min)
[charge_scheduler-1] [INFO] [1785315133.253755821] [charge_scheduler]:   车#13 [电动装载机282|light] 位置(-133.0,-25.3) 容量282kWh 剩余28% | α=6→6min/% τ=129min → 需151.2kWh(充24.4min)
[charge_scheduler-1] [INFO] [1785315133.253773365] [charge_scheduler]:   车#14 [电动装载机350|light] 位置(-132.0,-8.9) 容量350kWh 剩余52% | α=6→6min/% τ=301min → 需101.0kWh(充16.3min)
[charge_scheduler-1] [INFO] [1785315133.253790963] [charge_scheduler]:   车#15 [重型叉车|light] 位置(-120.0,7.9) 容量200kWh 剩余12% | α=6→6min/% τ=45min → 需140.2kWh(充22.7min)
[charge_scheduler-1] [INFO] [1785315133.253808667] [charge_scheduler]:   车#16 [电动装载机282|light] 位置(-43.8,-82.9) 容量282kWh 剩余38% | α=6→6min/% τ=185min → 需122.1kWh(充19.7min)
[charge_scheduler-1] [INFO] [1785315133.253825457] [charge_scheduler]:   车#17 [电动装载机350|light] 位置(-31.1,-74.7) 容量350kWh 剩余58% | α=6→6min/% τ=339min → 需79.4kWh(充12.8min)
[charge_scheduler-1] [INFO] [1785315133.253843009] [charge_scheduler]:   车#18 [重型叉车|heavy→降级] 位置(-75.4,-68.2) 容量200kWh 剩余22% | α=3→6min/% τ=102min → 需119.6kWh(充19.3min)
[charge_scheduler-1] [INFO] [1785315133.253860117] [charge_scheduler]:   车#19 [电动装载机282|light] 位置(-88.2,47.1) 容量282kWh 剩余48% | α=6→6min/% τ=241min → 需93.0kWh(充15.0min)
[charge_scheduler-1] [INFO] [1785315133.253876719] [charge_scheduler]:   车#20 [电动装载机350|light] 位置(-71.4,16.3) 容量350kWh 剩余33% | α=6→6min/% τ=179min → 需169.6kWh(充27.4min)
[charge_scheduler-1] [INFO] [1785315133.253938834] [charge_scheduler]:   车#21 [重型叉车|heavy→降级] 位置(-122.0,-0.6) 容量200kWh 剩余65% | α=3→6min/% τ=240min → 需30.9kWh(充5.0min)
[charge_scheduler-1] [INFO] [1785315133.253958005] [charge_scheduler]:   车#22 [电动装载机282|light] 位置(-71.6,11.6) 容量282kWh 剩余16% | α=6→6min/% τ=62min → 需186.1kWh(充30.1min)
[charge_scheduler-1] [INFO] [1785315133.253975635] [charge_scheduler]:   车#23 [电动装载机350|light] 位置(-131.0,37.2) 容量350kWh 剩余42% | α=6→6min/% τ=237min → 需137.1kWh(充22.2min)
[charge_scheduler-1] [INFO] [1785315133.253992652] [charge_scheduler]:   车#24 [重型叉车|heavy→降级] 位置(-51.3,5.9) 容量200kWh 剩余25% | α=3→6min/% τ=112min → 需113.4kWh(充18.3min)
[charge_scheduler-1] [INFO] [1785315133.254012120] [charge_scheduler]:   车#25 [电动装载机282|light] 位置(-62.2,-10.7) 容量282kWh 剩余55% | α=6→6min/% τ=280min → 需72.7kWh(充11.8min)
[charge_scheduler-1] [INFO] [1785315133.254028866] [charge_scheduler]:   车#26 [电动装载机350|light] 位置(-116.0,60.4) 容量350kWh 剩余30% | α=6→6min/% τ=160min → 需180.4kWh(充29.2min)
[charge_scheduler-1] [INFO] [1785315133.254048367] [charge_scheduler]:   车#27 [重型叉车|heavy→降级] 位置(-90.4,60.5) 容量200kWh 剩余68% | α=3→6min/% τ=250min → 需24.7kWh(充4.0min)
[charge_scheduler-1] [INFO] [1785315133.254066127] [charge_scheduler]:   车#28 [电动装载机282|light] 位置(-85.5,-46.0) 容量282kWh 剩余20% | α=6→6min/% τ=84min → 需174.4kWh(充28.2min)
[charge_scheduler-1] [INFO] [1785315133.254084064] [charge_scheduler]:   车#29 [电动装载机350|light] 位置(-87.0,-36.6) 容量350kWh 剩余36% | α=6→6min/% τ=198min → 需158.8kWh(充25.7min)
[charge_scheduler-1] [INFO] [1785315133.268561479] [charge_scheduler]: [Scheduler] 闭环接口: threshold=10.0min | event_sim=on | policy=fixed | structured_feedback=optional (/task_planner/execution_event)
[charge_scheduler-1] [INFO] [1785315133.268609778] [charge_scheduler]: [Scheduler] 已启动, 等待地图...
[charge_scheduler-1] [INFO] [1785315133.335273881] [charge_scheduler]: [Scheduler] RoutingGraph 就绪
[charge_scheduler-1] [INFO] [1785315133.335611280] [charge_scheduler]: [Scheduler] 提取到 6 条虚线捷径
[charge_scheduler-1] [INFO] [1785315133.351011704] [charge_scheduler]: [Scheduler] 下层兼容增强图: 166 节点, 6 条虚线掉头边
[charge_scheduler-1] [INFO] [1785315141.897602335] [charge_scheduler]: [Scheduler] 距离矩阵完成 31x31, 8546.5 ms | 模式=maneuver | 真实不可达=0 抽象不可达=0 | 缺少对向投影节点=0
[charge_scheduler-1] [INFO] [1785315141.897704986] [charge_scheduler]:   ✓ 比值自检：930 个 OD 满足 机动/直线≥1 | 均值=2.97 最大=42.81 (车#15→车#21)
[charge_scheduler-1] [INFO] [1785315141.897717734] [charge_scheduler]: [Scheduler] 地图就绪, 166 条 lanelet（与下层一致）
[charge_scheduler-1] [INFO] [1785315141.897767327] [charge_scheduler]: ======== 开始VRPTW调度 30 辆车 ========
[charge_scheduler-1] [INFO] [1785315141.897774535] [charge_scheduler]:   规模30>8 → 启发式(alns)
[charge_scheduler-1] [INFO] [1785315197.272967615] [charge_scheduler]: [ALNS] seed=7 iters=15000 | N_late=3(成功率90.0%) T_overtime=207.9min C_total=5693.5m | 趟数=11 makespan=385.6min
[charge_scheduler-1] [INFO] [1785315197.273015530] [charge_scheduler]:   求解耗时 55375.2 ms
[charge_scheduler-1] [INFO] [1785315197.273022953] [charge_scheduler]: ════════ 调度结果 ════════
[charge_scheduler-1] [INFO] [1785315197.273027330] [charge_scheduler]:   ★目标(字典序): ① N_late=3 辆 (按时成功率 27/30 = 90.0%)  ② T_overtime=207.9min  ③ C_total=5693.5m
[charge_scheduler-1] [INFO] [1785315197.273033669] [charge_scheduler]:   附: 趟数=11 | makespan=385.6min | 能量可行=是
[charge_scheduler-1] [INFO] [1785315197.273049445] [charge_scheduler]:   [充电车3] 趟1: 站 → 车#8(到4.0/限196.0✓) → 车#22(到16.7/限61.6✓) → 车#7(到49.3/限64.0✓) → 车#1(到74.6/限96.0✓) → 站
[charge_scheduler-1] [INFO] [1785315197.273055891] [charge_scheduler]:   [充电车2] 趟2: 站 → 车#4(到1.4/限212.0✓) → 车#15(到11.5/限44.8✓) → 车#28(到36.6/限84.0✓) → 车#13(到69.0/限128.8✓) → 站
[charge_scheduler-1] [INFO] [1785315197.273061764] [charge_scheduler]:   [充电车1] 趟3: 站 → 车#12(到2.3/限230.4✓) → 车#21(到11.8/限240.0✓) → 车#3(到19.2/限32.0✓) → 车#11(到43.7/限83.2✓) → 车#18(到84.8/限102.4✓) → 站
[charge_scheduler-1] [INFO] [1785315197.273088699] [charge_scheduler]:   [充电车1] 趟4: 站 → 车#5(到124.8/限128.0✓) → 车#20(到169.4/限179.2✓) → 站
[charge_scheduler-1] [INFO] [1785315197.273094813] [charge_scheduler]:   [充电车3] 趟5: 站 → 车#24(到111.8/限112.0✓) → 车#26(到138.5/限160.0✓) → 车#16(到184.0/限184.8✓) → 站
[charge_scheduler-1] [INFO] [1785315197.273099828] [charge_scheduler]:   [充电车2] 趟6: 站 → 车#9(到115.4/限116.0✓) → 车#0(到152.1/限168.0✓) → 车#19(到188.9/限240.8✓) → 站
[charge_scheduler-1] [INFO] [1785315197.273104504] [charge_scheduler]:   [充电车1] 趟7: 站 → 车#6(到226.5/限176.0✗超时) → 车#25(到271.7/限280.0✓) → 站
[charge_scheduler-1] [INFO] [1785315197.273109296] [charge_scheduler]:   [充电车2] 趟8: 站 → 车#23(到234.6/限236.8✓) → 车#2(到281.1/限288.0✓) → 站
[charge_scheduler-1] [INFO] [1785315197.273113334] [charge_scheduler]:   [充电车1] 趟9: 站 → 车#29(到319.5/限198.4✗超时) → 站
[charge_scheduler-1] [INFO] [1785315197.273117855] [charge_scheduler]:   [充电车2] 趟10: 站 → 车#17(到339.1/限339.2✓) → 站
[charge_scheduler-1] [INFO] [1785315197.273122902] [charge_scheduler]:   [充电车3] 趟11: 站 → 车#27(到234.1/限249.6✓) → 车#10(到260.4/限224.0✗超时) → 车#14(到298.2/限300.8✓) → 站
[charge_scheduler-1] [INFO] [1785315197.273126352] [charge_scheduler]: ════════════════════════
[charge_scheduler-1] [INFO] [1785315197.273183614] [charge_scheduler]: [扰动清单] type=target delay=60.0min targets={5,28,} station={}
[charge_scheduler-1] [INFO] [1785315197.273198448] [charge_scheduler]: [执行事件] loop=open plan_v=0 C1 type=target_service target=12 station_ord=0 planned_finish=8.58 actual_finish=8.58 dev=+0.00 injected=0.0
[charge_scheduler-1] [INFO] [1785315197.273205590] [charge_scheduler]: [执行事件] loop=open plan_v=0 C2 type=target_service target=4 station_ord=0 planned_finish=11.04 actual_finish=11.04 dev=+0.00 injected=0.0
[charge_scheduler-1] [INFO] [1785315197.273213231] [charge_scheduler]: [执行事件] loop=open plan_v=0 C3 type=target_service target=8 station_ord=0 planned_finish=16.35 actual_finish=16.35 dev=+0.00 injected=0.0
[charge_scheduler-1] [INFO] [1785315197.273219484] [charge_scheduler]: [执行事件] loop=open plan_v=0 C1 type=target_service target=21 station_ord=0 planned_finish=18.07 actual_finish=18.07 dev=+0.00 injected=0.0
[charge_scheduler-1] [INFO] [1785315197.273225978] [charge_scheduler]: [执行事件] loop=open plan_v=0 C2 type=target_service target=15 station_ord=0 planned_finish=34.81 actual_finish=34.81 dev=+0.00 injected=0.0
[charge_scheduler-1] [INFO] [1785315197.273232424] [charge_scheduler]: [执行事件] loop=open plan_v=0 C1 type=target_service target=3 station_ord=0 planned_finish=43.54 actual_finish=43.54 dev=+0.00 injected=0.0
[charge_scheduler-1] [INFO] [1785315197.273238477] [charge_scheduler]: [执行事件] loop=open plan_v=0 C3 type=target_service target=22 station_ord=0 planned_finish=48.17 actual_finish=48.17 dev=+0.00 injected=0.0
[charge_scheduler-1] [INFO] [1785315197.273250721] [charge_scheduler]: [执行事件] loop=open plan_v=0 C3 type=target_service target=7 station_ord=0 planned_finish=73.54 actual_finish=73.54 dev=+0.00 injected=0.0
[charge_scheduler-1] [INFO] [1785315197.273257447] [charge_scheduler]: [执行事件] loop=open plan_v=0 C1 type=target_service target=11 station_ord=0 planned_finish=83.81 actual_finish=83.81 dev=+0.00 injected=0.0
[charge_scheduler-1] [INFO] [1785315197.273263620] [charge_scheduler]: [执行事件] loop=open plan_v=0 C3 type=target_service target=1 station_ord=0 planned_finish=98.51 actual_finish=98.51 dev=+0.00 injected=0.0
[charge_scheduler-1] [INFO] [1785315197.273269882] [charge_scheduler]: [执行事件] loop=open plan_v=0 C1 type=target_service target=18 station_ord=0 planned_finish=108.84 actual_finish=108.84 dev=+0.00 injected=0.0
[charge_scheduler-1] [INFO] [1785315197.273276322] [charge_scheduler]: [执行事件] loop=open plan_v=0 C3 type=station_turnaround target=-1 station_ord=1 planned_finish=110.93 actual_finish=110.93 dev=+0.00 injected=0.0
[charge_scheduler-1] [INFO] [1785315197.273282868] [charge_scheduler]: [执行事件] loop=open plan_v=0 C1 type=station_turnaround target=-1 station_ord=1 planned_finish=121.65 actual_finish=121.65 dev=+0.00 injected=0.0
[charge_scheduler-1] [INFO] [1785315197.273289505] [charge_scheduler]: [执行事件] loop=open plan_v=0 C2 type=target_service target=28 station_ord=0 planned_finish=67.89 actual_finish=127.89 dev=+60.00 injected=60.0
[charge_scheduler-1] [INFO] [1785315197.273302609] [charge_scheduler]: [执行事件] loop=open plan_v=0 C3 type=target_service target=24 station_ord=0 planned_finish=136.74 actual_finish=136.74 dev=+0.00 injected=0.0
[charge_scheduler-1] [INFO] [1785315197.273309056] [charge_scheduler]: [执行事件] loop=open plan_v=0 C2 type=target_service target=13 station_ord=0 planned_finish=99.25 actual_finish=164.27 dev=+65.02 injected=0.0
[charge_scheduler-1] [INFO] [1785315197.273315488] [charge_scheduler]: [执行事件] loop=open plan_v=0 C2 type=station_turnaround target=-1 station_ord=1 planned_finish=113.25 actual_finish=178.27 dev=+65.02 injected=0.0
[charge_scheduler-1] [INFO] [1785315197.273321879] [charge_scheduler]: [执行事件] loop=open plan_v=0 C3 type=target_service target=26 station_ord=0 planned_finish=180.32 actual_finish=180.32 dev=+0.00 injected=0.0
[charge_scheduler-1] [INFO] [1785315197.273328145] [charge_scheduler]: [执行事件] loop=open plan_v=0 C2 type=target_service target=9 station_ord=0 planned_finish=150.63 actual_finish=215.69 dev=+65.07 injected=0.0
[charge_scheduler-1] [INFO] [1785315197.273334626] [charge_scheduler]: [执行事件] loop=open plan_v=0 C3 type=target_service target=16 station_ord=0 planned_finish=219.21 actual_finish=219.21 dev=+0.00 injected=0.0
[charge_scheduler-1] [INFO] [1785315197.273340887] [charge_scheduler]: [执行事件] loop=open plan_v=0 C1 type=target_service target=5 station_ord=0 planned_finish=168.28 actual_finish=228.28 dev=+60.00 injected=60.0
[charge_scheduler-1] [INFO] [1785315197.273347407] [charge_scheduler]: [执行事件] loop=open plan_v=0 C3 type=station_turnaround target=-1 station_ord=2 planned_finish=231.93 actual_finish=231.93 dev=+0.00 injected=0.0
[charge_scheduler-1] [INFO] [1785315197.273353787] [charge_scheduler]: [执行事件] loop=open plan_v=0 C2 type=target_service target=0 station_ord=0 planned_finish=186.06 actual_finish=252.45 dev=+66.40 injected=0.0
[charge_scheduler-1] [INFO] [1785315197.273360677] [charge_scheduler]: [执行事件] loop=open plan_v=0 C3 type=target_service target=27 station_ord=0 planned_finish=258.26 actual_finish=258.26 dev=+0.00 injected=0.0
[charge_scheduler-1] [INFO] [1785315197.273366970] [charge_scheduler]: [执行事件] loop=open plan_v=0 C1 type=target_service target=20 station_ord=0 planned_finish=212.27 actual_finish=273.17 dev=+60.89 injected=0.0
[charge_scheduler-1] [INFO] [1785315197.273375922] [charge_scheduler]: [执行事件] loop=open plan_v=0 C1 type=station_turnaround target=-1 station_ord=2 planned_finish=223.67 actual_finish=284.56 dev=+60.89 injected=0.0
[charge_scheduler-1] [INFO] [1785315197.273382079] [charge_scheduler]: [执行事件] loop=open plan_v=0 C2 type=target_service target=19 station_ord=0 planned_finish=219.83 actual_finish=290.58 dev=+70.75 injected=0.0
[charge_scheduler-1] [INFO] [1785315197.273388258] [charge_scheduler]: [执行事件] loop=open plan_v=0 C3 type=target_service target=10 station_ord=0 planned_finish=295.64 actual_finish=295.64 dev=+0.00 injected=0.0
[charge_scheduler-1] [INFO] [1785315197.273394370] [charge_scheduler]: [执行事件] loop=open plan_v=0 C2 type=station_turnaround target=-1 station_ord=2 planned_finish=232.03 actual_finish=302.78 dev=+70.75 injected=0.0
[charge_scheduler-1] [INFO] [1785315197.273400580] [charge_scheduler]: [执行事件] loop=open plan_v=0 C1 type=target_service target=6 station_ord=0 planned_finish=270.23 actual_finish=331.12 dev=+60.89 injected=0.0
[charge_scheduler-1] [INFO] [1785315197.273406783] [charge_scheduler]: [执行事件] loop=open plan_v=0 C3 type=target_service target=14 station_ord=0 planned_finish=341.68 actual_finish=341.68 dev=+0.00 injected=0.0
[charge_scheduler-1] [INFO] [1785315197.273412801] [charge_scheduler]: [执行事件] loop=open plan_v=0 C3 type=final_return target=-1 station_ord=0 planned_finish=345.44 actual_finish=345.44 dev=+0.00 injected=0.0
[charge_scheduler-1] [INFO] [1785315197.273418645] [charge_scheduler]: [执行事件] loop=open plan_v=0 C2 type=target_service target=23 station_ord=0 planned_finish=278.11 actual_finish=349.06 dev=+70.95 injected=0.0
[charge_scheduler-1] [INFO] [1785315197.273424962] [charge_scheduler]: [执行事件] loop=open plan_v=0 C1 type=target_service target=25 station_ord=0 planned_finish=306.31 actual_finish=367.89 dev=+61.58 injected=0.0
[charge_scheduler-1] [INFO] [1785315197.273433424] [charge_scheduler]: [执行事件] loop=open plan_v=0 C1 type=station_turnaround target=-1 station_ord=3 planned_finish=317.58 actual_finish=379.17 dev=+61.58 injected=0.0
[charge_scheduler-1] [INFO] [1785315197.273439810] [charge_scheduler]: [执行事件] loop=open plan_v=0 C2 type=target_service target=2 station_ord=0 planned_finish=324.23 actual_finish=395.81 dev=+71.58 injected=0.0
[charge_scheduler-1] [INFO] [1785315197.273446142] [charge_scheduler]: [执行事件] loop=open plan_v=0 C2 type=station_turnaround target=-1 station_ord=3 planned_finish=336.15 actual_finish=407.73 dev=+71.58 injected=0.0
[charge_scheduler-1] [INFO] [1785315197.273452430] [charge_scheduler]: [执行事件] loop=open plan_v=0 C1 type=target_service target=29 station_ord=0 planned_finish=363.23 actual_finish=424.81 dev=+61.58 injected=0.0
[charge_scheduler-1] [INFO] [1785315197.273458486] [charge_scheduler]: [执行事件] loop=open plan_v=0 C1 type=final_return target=-1 station_ord=0 planned_finish=365.41 actual_finish=426.99 dev=+61.58 injected=0.0
[charge_scheduler-1] [INFO] [1785315197.273464755] [charge_scheduler]: [执行事件] loop=open plan_v=0 C2 type=target_service target=17 station_ord=0 planned_finish=382.79 actual_finish=454.39 dev=+71.60 injected=0.0
[charge_scheduler-1] [INFO] [1785315197.273470782] [charge_scheduler]: [执行事件] loop=open plan_v=0 C2 type=final_return target=-1 station_ord=0 planned_finish=385.59 actual_finish=457.18 dev=+71.60 injected=0.0
[charge_scheduler-1] [INFO] [1785315197.273485612] [charge_scheduler]: [执行事件] loop=fixed plan_v=0 C1 type=target_service target=12 station_ord=0 planned_finish=8.58 actual_finish=8.58 dev=+0.00 injected=0.0
[charge_scheduler-1] [INFO] [1785315197.273491784] [charge_scheduler]: [执行事件] loop=fixed plan_v=0 C2 type=target_service target=4 station_ord=0 planned_finish=11.04 actual_finish=11.04 dev=+0.00 injected=0.0
[charge_scheduler-1] [INFO] [1785315197.273497996] [charge_scheduler]: [执行事件] loop=fixed plan_v=0 C3 type=target_service target=8 station_ord=0 planned_finish=16.35 actual_finish=16.35 dev=+0.00 injected=0.0
[charge_scheduler-1] [INFO] [1785315197.273504275] [charge_scheduler]: [执行事件] loop=fixed plan_v=0 C1 type=target_service target=21 station_ord=0 planned_finish=18.07 actual_finish=18.07 dev=+0.00 injected=0.0
[charge_scheduler-1] [INFO] [1785315197.273510716] [charge_scheduler]: [执行事件] loop=fixed plan_v=0 C2 type=target_service target=15 station_ord=0 planned_finish=34.81 actual_finish=34.81 dev=+0.00 injected=0.0
[charge_scheduler-1] [INFO] [1785315197.273517122] [charge_scheduler]: [执行事件] loop=fixed plan_v=0 C1 type=target_service target=3 station_ord=0 planned_finish=43.54 actual_finish=43.54 dev=+0.00 injected=0.0
[charge_scheduler-1] [INFO] [1785315197.273524303] [charge_scheduler]: [执行事件] loop=fixed plan_v=0 C3 type=target_service target=22 station_ord=0 planned_finish=48.17 actual_finish=48.17 dev=+0.00 injected=0.0
[charge_scheduler-1] [INFO] [1785315197.273530663] [charge_scheduler]: [执行事件] loop=fixed plan_v=0 C3 type=target_service target=7 station_ord=0 planned_finish=73.54 actual_finish=73.54 dev=+0.00 injected=0.0
[charge_scheduler-1] [INFO] [1785315197.273536964] [charge_scheduler]: [执行事件] loop=fixed plan_v=0 C1 type=target_service target=11 station_ord=0 planned_finish=83.81 actual_finish=83.81 dev=+0.00 injected=0.0
[charge_scheduler-1] [INFO] [1785315197.273543176] [charge_scheduler]: [执行事件] loop=fixed plan_v=0 C3 type=target_service target=1 station_ord=0 planned_finish=98.51 actual_finish=98.51 dev=+0.00 injected=0.0
[charge_scheduler-1] [INFO] [1785315197.273549320] [charge_scheduler]: [执行事件] loop=fixed plan_v=0 C1 type=target_service target=18 station_ord=0 planned_finish=108.84 actual_finish=108.84 dev=+0.00 injected=0.0
[charge_scheduler-1] [INFO] [1785315197.273555403] [charge_scheduler]: [执行事件] loop=fixed plan_v=0 C3 type=station_turnaround target=-1 station_ord=1 planned_finish=110.93 actual_finish=110.93 dev=+0.00 injected=0.0
[charge_scheduler-1] [INFO] [1785315197.273561795] [charge_scheduler]: [执行事件] loop=fixed plan_v=0 C1 type=station_turnaround target=-1 station_ord=1 planned_finish=121.65 actual_finish=121.65 dev=+0.00 injected=0.0
[charge_scheduler-1] [INFO] [1785315197.273568991] [charge_scheduler]: [执行事件] loop=fixed plan_v=0 C2 type=target_service target=28 station_ord=0 planned_finish=67.89 actual_finish=127.89 dev=+60.00 injected=60.0
[charge_scheduler-1] [WARN] [1785315198.047898407] [charge_scheduler]: [重调度事件] policy=fixed #1 t=127.89min trigger=C2/target_service dev=+60.00 pool=16 committed=2 plan_v=1 solve_ms=774.3 changed_assign=0 changed_order=14
[charge_scheduler-1] [INFO] [1785315198.047967439] [charge_scheduler]: [执行事件] loop=fixed plan_v=0 C3 type=target_service target=24 station_ord=0 planned_finish=136.74 actual_finish=136.74 dev=+0.00 injected=0.0
[charge_scheduler-1] [INFO] [1785315198.047979701] [charge_scheduler]: [执行事件] loop=fixed plan_v=1 C2 type=target_service target=9 station_ord=0 planned_finish=163.99 actual_finish=163.99 dev=+0.00 injected=0.0
[charge_scheduler-1] [INFO] [1785315198.047989232] [charge_scheduler]: [执行事件] loop=fixed plan_v=1 C2 type=station_turnaround target=-1 station_ord=1 planned_finish=176.28 actual_finish=176.28 dev=+0.00 injected=0.0
[charge_scheduler-1] [INFO] [1785315198.047998278] [charge_scheduler]: [执行事件] loop=fixed plan_v=1 C3 type=target_service target=26 station_ord=0 planned_finish=180.32 actual_finish=180.32 dev=+0.00 injected=0.0
[charge_scheduler-1] [INFO] [1785315198.048006405] [charge_scheduler]: [执行事件] loop=fixed plan_v=1 C2 type=target_service target=0 station_ord=0 planned_finish=212.36 actual_finish=212.36 dev=+0.00 injected=0.0
[charge_scheduler-1] [INFO] [1785315198.048014379] [charge_scheduler]: [执行事件] loop=fixed plan_v=1 C3 type=target_service target=10 station_ord=0 planned_finish=213.77 actual_finish=213.77 dev=+0.00 injected=0.0
[charge_scheduler-1] [INFO] [1785315198.048022104] [charge_scheduler]: [执行事件] loop=fixed plan_v=1 C3 type=station_turnaround target=-1 station_ord=2 planned_finish=225.42 actual_finish=225.42 dev=+0.00 injected=0.0
[charge_scheduler-1] [INFO] [1785315198.048033607] [charge_scheduler]: [执行事件] loop=fixed plan_v=0 C1 type=target_service target=5 station_ord=0 planned_finish=168.28 actual_finish=228.28 dev=+60.00 injected=60.0
[charge_scheduler-1] [WARN] [1785315198.529336294] [charge_scheduler]: [重调度事件] policy=fixed #2 t=228.28min trigger=C1/target_service dev=+60.00 pool=10 committed=2 plan_v=2 solve_ms=481.2 changed_assign=0 changed_order=8
[charge_scheduler-1] [INFO] [1785315198.529403525] [charge_scheduler]: [执行事件] loop=fixed plan_v=1 C2 type=target_service target=19 station_ord=0 planned_finish=248.34 actual_finish=248.34 dev=+0.00 injected=0.0
[charge_scheduler-1] [INFO] [1785315198.529415201] [charge_scheduler]: [执行事件] loop=fixed plan_v=1 C3 type=target_service target=27 station_ord=0 planned_finish=251.42 actual_finish=251.42 dev=+0.00 injected=0.0
[charge_scheduler-1] [INFO] [1785315198.529426213] [charge_scheduler]: [执行事件] loop=fixed plan_v=2 C2 type=station_turnaround target=-1 station_ord=2 planned_finish=260.54 actual_finish=260.54 dev=+0.00 injected=0.0
[charge_scheduler-1] [INFO] [1785315198.529434279] [charge_scheduler]: [执行事件] loop=fixed plan_v=2 C1 type=target_service target=20 station_ord=0 planned_finish=273.17 actual_finish=273.17 dev=+0.00 injected=0.0
[charge_scheduler-1] [INFO] [1785315198.529441803] [charge_scheduler]: [执行事件] loop=fixed plan_v=2 C1 type=station_turnaround target=-1 station_ord=2 planned_finish=284.56 actual_finish=284.56 dev=+0.00 injected=0.0
[charge_scheduler-1] [INFO] [1785315198.529449405] [charge_scheduler]: [执行事件] loop=fixed plan_v=2 C3 type=target_service target=16 station_ord=0 planned_finish=290.77 actual_finish=290.77 dev=+0.00 injected=0.0
[charge_scheduler-1] [INFO] [1785315198.529462464] [charge_scheduler]: [执行事件] loop=fixed plan_v=2 C2 type=target_service target=13 station_ord=0 planned_finish=298.59 actual_finish=298.59 dev=+0.00 injected=0.0
[charge_scheduler-1] [INFO] [1785315198.529470483] [charge_scheduler]: [执行事件] loop=fixed plan_v=2 C1 type=target_service target=25 station_ord=0 planned_finish=322.30 actual_finish=322.30 dev=+0.00 injected=0.0
[charge_scheduler-1] [INFO] [1785315198.529478457] [charge_scheduler]: [执行事件] loop=fixed plan_v=2 C3 type=target_service target=14 station_ord=0 planned_finish=336.34 actual_finish=336.34 dev=+0.00 injected=0.0
[charge_scheduler-1] [INFO] [1785315198.529486249] [charge_scheduler]: [执行事件] loop=fixed plan_v=2 C3 type=final_return target=-1 station_ord=0 planned_finish=340.11 actual_finish=340.11 dev=+0.00 injected=0.0
[charge_scheduler-1] [INFO] [1785315198.529493910] [charge_scheduler]: [执行事件] loop=fixed plan_v=2 C2 type=target_service target=23 station_ord=0 planned_finish=343.38 actual_finish=343.38 dev=+0.00 injected=0.0
[charge_scheduler-1] [INFO] [1785315198.529538212] [charge_scheduler]: [执行事件] loop=fixed plan_v=2 C2 type=station_turnaround target=-1 station_ord=3 planned_finish=356.45 actual_finish=356.45 dev=+0.00 injected=0.0
[charge_scheduler-1] [INFO] [1785315198.529554834] [charge_scheduler]: [执行事件] loop=fixed plan_v=2 C1 type=target_service target=6 station_ord=0 planned_finish=368.43 actual_finish=368.43 dev=+0.00 injected=0.0
[charge_scheduler-1] [INFO] [1785315198.529562176] [charge_scheduler]: [执行事件] loop=fixed plan_v=2 C1 type=station_turnaround target=-1 station_ord=3 planned_finish=381.13 actual_finish=381.13 dev=+0.00 injected=0.0
[charge_scheduler-1] [INFO] [1785315198.529569346] [charge_scheduler]: [执行事件] loop=fixed plan_v=2 C2 type=target_service target=2 station_ord=0 planned_finish=402.24 actual_finish=402.24 dev=+0.00 injected=0.0
[charge_scheduler-1] [INFO] [1785315198.529576494] [charge_scheduler]: [执行事件] loop=fixed plan_v=2 C1 type=target_service target=29 station_ord=0 planned_finish=426.78 actual_finish=426.78 dev=+0.00 injected=0.0
[charge_scheduler-1] [INFO] [1785315198.529583134] [charge_scheduler]: [执行事件] loop=fixed plan_v=2 C1 type=final_return target=-1 station_ord=0 planned_finish=428.96 actual_finish=428.96 dev=+0.00 injected=0.0
[charge_scheduler-1] [INFO] [1785315198.529590659] [charge_scheduler]: [执行事件] loop=fixed plan_v=2 C2 type=target_service target=17 station_ord=0 planned_finish=447.31 actual_finish=447.31 dev=+0.00 injected=0.0
[charge_scheduler-1] [INFO] [1785315198.529596904] [charge_scheduler]: [执行事件] loop=fixed plan_v=2 C2 type=final_return target=-1 station_ord=0 planned_finish=450.10 actual_finish=450.10 dev=+0.00 injected=0.0
[charge_scheduler-1] [INFO] [1785315198.529612783] [charge_scheduler]: ★闭环实验结果 mode=open M=30 K=3 disturbance=target delay=60.0 seed=7 N_late=12 T_overtime=765.683 C_total=5693.504 makespan=457.182 served=30 energy_viol=2 reschedules=0 reschedule_ms=0.000 changed_assign=0 changed_order=0 applied_target=2 applied_station=0 initial_solve_ms=55375.240
[charge_scheduler-1] [INFO] [1785315198.529624265] [charge_scheduler]: ★闭环实验结果 mode=fixed M=30 K=3 disturbance=target delay=60.0 seed=7 N_late=11 T_overtime=815.358 C_total=5422.393 makespan=450.101 served=30 energy_viol=0 reschedules=2 reschedule_ms=1255.494 changed_assign=0 changed_order=22 applied_target=2 applied_station=0 initial_solve_ms=55375.240
[charge_scheduler-1] [INFO] [1785315198.529633940] [charge_scheduler]: ★闭环实验收益 policy=fixed M=30 K=3 disturbance=target delay=60.0 seed=7 recovered_late=1 overtime_reduction=-49.676 distance_delta=-271.111 makespan_reduction=7.081
[WARNING] [launch]: user interrupted with ctrl-c (SIGINT)
[INFO] [charge_scheduler-1]: sending signal 'SIGINT' to process[charge_scheduler-1]
[charge_scheduler-1] [INFO] [1785315199.843504687] [rclcpp]: signal_handler(signum=2)
[ERROR] [charge_scheduler-1]: process has died [pid 13633, exit code -2, cmd '/home/yy/controller/shared_dir/Comprehensive_Road_Testing/install/task_planner/lib/task_planner/charge_scheduler --ros-args -r __node:=charge_scheduler --params-file /home/yy/controller/shared_dir/Comprehensive_Road_Testing/install/task_planner/share/task_planner/config/charge_scheduler.param.yaml'].
