[INFO] [launch]: All log files can be found below /root/.ros/log/2026-07-29-08-45-45-582467-YYYY-12779
[INFO] [launch]: Default logging verbosity is set to INFO
[INFO] [charge_scheduler-1]: process started with pid [12781]
[charge_scheduler-1] [INFO] [1785314745.736016030] [charge_scheduler]: [Scheduler] 30辆车 | 电池800.0kWh(20%=160.0 80%=640.0) | 充电360kW效率97% | 行驶0.6kWh/km | 桩350kW
[charge_scheduler-1] [INFO] [1785314745.736171376] [charge_scheduler]: [Scheduler] 站端周转: 换电 10 min(换后满电) | 单趟可用 640 kWh
[charge_scheduler-1] [INFO] [1785314745.736194393] [charge_scheduler]:   车#0 [电动装载机282|light] 位置(-47.3,-2.6) 容量282kWh 剩余35% | α=6→6min/% τ=168min → 需130.8kWh(充21.2min)
[charge_scheduler-1] [INFO] [1785314745.736217238] [charge_scheduler]:   车#1 [重型叉车|light] 位置(-44.0,-64.1) 容量200kWh 剩余20% | α=6→6min/% τ=96min → 需123.7kWh(充20.0min)
[charge_scheduler-1] [INFO] [1785314745.736235525] [charge_scheduler]:   车#2 [电动装载机350|light] 位置(-51.1,-38.8) 容量350kWh 剩余50% | α=6→6min/% τ=288min → 需108.2kWh(充17.5min)
[charge_scheduler-1] [INFO] [1785314745.736259881] [charge_scheduler]:   车#3 [重型叉车|light] 位置(-71.0,-19.0) 容量200kWh 剩余10% | α=6→6min/% τ=32min → 需144.3kWh(充23.3min)
[charge_scheduler-1] [INFO] [1785314745.736277100] [charge_scheduler]:   车#4 [电动装载机282|heavy→降级] 位置(-93.3,6.6) 容量282kWh 剩余60% | α=3→6min/% τ=212min → 需58.1kWh(充9.4min)
[charge_scheduler-1] [INFO] [1785314745.736293791] [charge_scheduler]:   车#5 [电动装载机350|light] 位置(-104.4,47.7) 容量350kWh 剩余25% | α=6→6min/% τ=128min → 需198.5kWh(充32.1min)
[charge_scheduler-1] [INFO] [1785314745.736311834] [charge_scheduler]:   车#6 [电动装载机350|heavy→降级] 位置(-37.0,-75.1) 容量350kWh 剩余40% | α=4→6min/% τ=176min → 需144.3kWh(充23.3min)
[charge_scheduler-1] [INFO] [1785314745.736328920] [charge_scheduler]:   车#7 [重型叉车|light] 位置(-88.8,-37.1) 容量200kWh 剩余15% | α=6→6min/% τ=64min → 需134.0kWh(充21.7min)
[charge_scheduler-1] [INFO] [1785314745.736346499] [charge_scheduler]:   车#8 [电动装载机282|heavy→降级] 位置(-70.9,27.7) 容量282kWh 剩余55% | α=3→6min/% τ=196min → 需72.7kWh(充11.8min)
[charge_scheduler-1] [INFO] [1785314745.736363872] [charge_scheduler]:   车#9 [电动装载机282|heavy→降级] 位置(-35.4,-47.4) 容量282kWh 剩余30% | α=3→6min/% τ=116min → 需145.4kWh(充23.5min)
[charge_scheduler-1] [INFO] [1785314745.736381723] [charge_scheduler]:   车#10 [电动装载机282|light] 位置(-100.0,-1.0) 容量282kWh 剩余45% | α=6→6min/% τ=224min → 需101.8kWh(充16.4min)
[charge_scheduler-1] [INFO] [1785314745.736398533] [charge_scheduler]:   车#11 [电动装载机350|light] 位置(-72.8,-15.6) 容量350kWh 剩余18% | α=6→6min/% τ=83min → 需223.7kWh(充36.2min)
[charge_scheduler-1] [INFO] [1785314745.736417404] [charge_scheduler]:   车#12 [重型叉车|heavy→降级] 位置(-61.7,-20.7) 容量200kWh 剩余62% | α=3→6min/% τ=230min → 需37.1kWh(充6.0min)
[charge_scheduler-1] [INFO] [1785314745.736436184] [charge_scheduler]:   车#13 [电动装载机282|light] 位置(-133.0,-25.3) 容量282kWh 剩余28% | α=6→6min/% τ=129min → 需151.2kWh(充24.4min)
[charge_scheduler-1] [INFO] [1785314745.736456349] [charge_scheduler]:   车#14 [电动装载机350|light] 位置(-132.0,-8.9) 容量350kWh 剩余52% | α=6→6min/% τ=301min → 需101.0kWh(充16.3min)
[charge_scheduler-1] [INFO] [1785314745.736475382] [charge_scheduler]:   车#15 [重型叉车|light] 位置(-120.0,7.9) 容量200kWh 剩余12% | α=6→6min/% τ=45min → 需140.2kWh(充22.7min)
[charge_scheduler-1] [INFO] [1785314745.736493344] [charge_scheduler]:   车#16 [电动装载机282|light] 位置(-43.8,-82.9) 容量282kWh 剩余38% | α=6→6min/% τ=185min → 需122.1kWh(充19.7min)
[charge_scheduler-1] [INFO] [1785314745.736511704] [charge_scheduler]:   车#17 [电动装载机350|light] 位置(-31.1,-74.7) 容量350kWh 剩余58% | α=6→6min/% τ=339min → 需79.4kWh(充12.8min)
[charge_scheduler-1] [INFO] [1785314745.736529143] [charge_scheduler]:   车#18 [重型叉车|heavy→降级] 位置(-75.4,-68.2) 容量200kWh 剩余22% | α=3→6min/% τ=102min → 需119.6kWh(充19.3min)
[charge_scheduler-1] [INFO] [1785314745.736551580] [charge_scheduler]:   车#19 [电动装载机282|light] 位置(-88.2,47.1) 容量282kWh 剩余48% | α=6→6min/% τ=241min → 需93.0kWh(充15.0min)
[charge_scheduler-1] [INFO] [1785314745.736569333] [charge_scheduler]:   车#20 [电动装载机350|light] 位置(-71.4,16.3) 容量350kWh 剩余33% | α=6→6min/% τ=179min → 需169.6kWh(充27.4min)
[charge_scheduler-1] [INFO] [1785314745.736632276] [charge_scheduler]:   车#21 [重型叉车|heavy→降级] 位置(-122.0,-0.6) 容量200kWh 剩余65% | α=3→6min/% τ=240min → 需30.9kWh(充5.0min)
[charge_scheduler-1] [INFO] [1785314745.736651374] [charge_scheduler]:   车#22 [电动装载机282|light] 位置(-71.6,11.6) 容量282kWh 剩余16% | α=6→6min/% τ=62min → 需186.1kWh(充30.1min)
[charge_scheduler-1] [INFO] [1785314745.736669393] [charge_scheduler]:   车#23 [电动装载机350|light] 位置(-131.0,37.2) 容量350kWh 剩余42% | α=6→6min/% τ=237min → 需137.1kWh(充22.2min)
[charge_scheduler-1] [INFO] [1785314745.736686568] [charge_scheduler]:   车#24 [重型叉车|heavy→降级] 位置(-51.3,5.9) 容量200kWh 剩余25% | α=3→6min/% τ=112min → 需113.4kWh(充18.3min)
[charge_scheduler-1] [INFO] [1785314745.736705815] [charge_scheduler]:   车#25 [电动装载机282|light] 位置(-62.2,-10.7) 容量282kWh 剩余55% | α=6→6min/% τ=280min → 需72.7kWh(充11.8min)
[charge_scheduler-1] [INFO] [1785314745.736724454] [charge_scheduler]:   车#26 [电动装载机350|light] 位置(-116.0,60.4) 容量350kWh 剩余30% | α=6→6min/% τ=160min → 需180.4kWh(充29.2min)
[charge_scheduler-1] [INFO] [1785314745.736743753] [charge_scheduler]:   车#27 [重型叉车|heavy→降级] 位置(-90.4,60.5) 容量200kWh 剩余68% | α=3→6min/% τ=250min → 需24.7kWh(充4.0min)
[charge_scheduler-1] [INFO] [1785314745.736761786] [charge_scheduler]:   车#28 [电动装载机282|light] 位置(-85.5,-46.0) 容量282kWh 剩余20% | α=6→6min/% τ=84min → 需174.4kWh(充28.2min)
[charge_scheduler-1] [INFO] [1785314745.736780199] [charge_scheduler]:   车#29 [电动装载机350|light] 位置(-87.0,-36.6) 容量350kWh 剩余36% | α=6→6min/% τ=198min → 需158.8kWh(充25.7min)
[charge_scheduler-1] [INFO] [1785314745.747476761] [charge_scheduler]: [Scheduler] 闭环接口: threshold=10.0min | event_sim=on | policy=fixed | structured_feedback=optional (/task_planner/execution_event)
[charge_scheduler-1] [INFO] [1785314745.747516807] [charge_scheduler]: [Scheduler] 已启动, 等待地图...
[charge_scheduler-1] [INFO] [1785314745.788920940] [charge_scheduler]: [Scheduler] RoutingGraph 就绪
[charge_scheduler-1] [INFO] [1785314745.789186979] [charge_scheduler]: [Scheduler] 提取到 6 条虚线捷径
[charge_scheduler-1] [INFO] [1785314745.804395832] [charge_scheduler]: [Scheduler] 下层兼容增强图: 166 节点, 6 条虚线掉头边
[charge_scheduler-1] [INFO] [1785314753.702546422] [charge_scheduler]: [Scheduler] 距离矩阵完成 31x31, 7898.1 ms | 模式=maneuver | 真实不可达=0 抽象不可达=0 | 缺少对向投影节点=0
[charge_scheduler-1] [INFO] [1785314753.702642639] [charge_scheduler]:   ✓ 比值自检：930 个 OD 满足 机动/直线≥1 | 均值=2.97 最大=42.81 (车#15→车#21)
[charge_scheduler-1] [INFO] [1785314753.702653782] [charge_scheduler]: [Scheduler] 地图就绪, 166 条 lanelet（与下层一致）
[charge_scheduler-1] [INFO] [1785314753.702743777] [charge_scheduler]: ======== 开始VRPTW调度 30 辆车 ========
[charge_scheduler-1] [INFO] [1785314753.702751835] [charge_scheduler]:   规模30>8 → 启发式(alns)
[charge_scheduler-1] [INFO] [1785314806.980180130] [charge_scheduler]: [ALNS] seed=1 iters=15000 | N_late=3(成功率90.0%) T_overtime=169.5min C_total=5773.1m | 趟数=11 makespan=372.5min
[charge_scheduler-1] [INFO] [1785314806.980249975] [charge_scheduler]:   求解耗时 53277.5 ms
[charge_scheduler-1] [INFO] [1785314806.980261769] [charge_scheduler]: ════════ 调度结果 ════════
[charge_scheduler-1] [INFO] [1785314806.980270757] [charge_scheduler]:   ★目标(字典序): ① N_late=3 辆 (按时成功率 27/30 = 90.0%)  ② T_overtime=169.5min  ③ C_total=5773.1m
[charge_scheduler-1] [INFO] [1785314806.980277023] [charge_scheduler]:   附: 趟数=11 | makespan=372.5min | 能量可行=是
[charge_scheduler-1] [INFO] [1785314806.980288671] [charge_scheduler]:   [充电车2] 趟1: 站 → 车#9(到2.2/限116.0✓) → 车#3(到27.9/限32.0✓) → 车#11(到52.8/限83.2✓) → 站
[charge_scheduler-1] [INFO] [1785314806.980296180] [charge_scheduler]:   [充电车3] 趟2: 站 → 车#27(到2.1/限249.6✓) → 车#21(到8.2/限240.0✓) → 车#12(到16.2/限230.4✓) → 车#15(到25.1/限44.8✓) → 车#7(到50.9/限64.0✓) → 车#28(到75.5/限84.0✓) → 站
[charge_scheduler-1] [INFO] [1785314806.980303234] [charge_scheduler]:   [充电车1] 趟3: 站 → 车#4(到1.4/限212.0✓) → 车#8(到13.7/限196.0✓) → 车#22(到27.8/限61.6✓) → 车#1(到61.7/限96.0✓) → 车#18(到85.7/限102.4✓) → 站
[charge_scheduler-1] [INFO] [1785314806.980353229] [charge_scheduler]:   [充电车2] 趟4: 站 → 车#24(到107.1/限112.0✓) → 车#26(到133.6/限160.0✓) → 车#16(到178.7/限184.8✓) → 站
[charge_scheduler-1] [INFO] [1785314806.980360732] [charge_scheduler]:   [充电车1] 趟5: 站 → 车#5(到125.8/限128.0✓) → 车#6(到172.5/限176.0✓) → 站
[charge_scheduler-1] [INFO] [1785314806.980368195] [charge_scheduler]:   [充电车3] 趟6: 站 → 车#13(到124.9/限128.8✓) → 车#0(到163.0/限168.0✓) → 车#10(到201.5/限224.0✓) → 站
[charge_scheduler-1] [INFO] [1785314806.980374561] [charge_scheduler]:   [充电车2] 趟7: 站 → 车#19(到229.6/限240.8✓) → 车#20(到264.8/限179.2✗超时) → 站
[charge_scheduler-1] [INFO] [1785314806.980380892] [charge_scheduler]:   [充电车1] 趟8: 站 → 车#23(到231.1/限236.8✓) → 车#25(到277.8/限280.0✓) → 站
[charge_scheduler-1] [INFO] [1785314806.980386608] [charge_scheduler]:   [充电车1] 趟9: 站 → 车#17(到327.1/限339.2✓) → 站
[charge_scheduler-1] [INFO] [1785314806.980392846] [charge_scheduler]:   [充电车2] 趟10: 站 → 车#2(到322.0/限288.0✗超时) → 站
[charge_scheduler-1] [INFO] [1785314806.980399030] [charge_scheduler]:   [充电车3] 趟11: 站 → 车#29(到248.4/限198.4✗超时) → 车#14(到293.4/限300.8✓) → 站
[charge_scheduler-1] [INFO] [1785314806.980403784] [charge_scheduler]: ════════════════════════
[charge_scheduler-1] [INFO] [1785314806.980476392] [charge_scheduler]: [扰动清单] type=target delay=60.0min targets={3,13,} station={}
[charge_scheduler-1] [INFO] [1785314806.980496664] [charge_scheduler]: [执行事件] loop=open plan_v=0 C3 type=target_service target=27 station_ord=0 planned_finish=6.36 actual_finish=6.36 dev=+0.00 injected=0.0
[charge_scheduler-1] [INFO] [1785314806.980506583] [charge_scheduler]: [执行事件] loop=open plan_v=0 C1 type=target_service target=4 station_ord=0 planned_finish=11.04 actual_finish=11.04 dev=+0.00 injected=0.0
[charge_scheduler-1] [INFO] [1785314806.980515170] [charge_scheduler]: [执行事件] loop=open plan_v=0 C3 type=target_service target=21 station_ord=0 planned_finish=14.00 actual_finish=14.00 dev=+0.00 injected=0.0
[charge_scheduler-1] [INFO] [1785314806.980523092] [charge_scheduler]: [执行事件] loop=open plan_v=0 C3 type=target_service target=12 station_ord=0 planned_finish=23.83 actual_finish=23.83 dev=+0.00 injected=0.0
[charge_scheduler-1] [INFO] [1785314806.980530803] [charge_scheduler]: [执行事件] loop=open plan_v=0 C2 type=target_service target=9 station_ord=0 planned_finish=25.99 actual_finish=25.99 dev=+0.00 injected=0.0
[charge_scheduler-1] [INFO] [1785314806.980538621] [charge_scheduler]: [执行事件] loop=open plan_v=0 C1 type=target_service target=8 station_ord=0 planned_finish=27.46 actual_finish=27.46 dev=+0.00 injected=0.0
[charge_scheduler-1] [INFO] [1785314806.980546158] [charge_scheduler]: [执行事件] loop=open plan_v=0 C3 type=target_service target=15 station_ord=0 planned_finish=49.07 actual_finish=49.07 dev=+0.00 injected=0.0
[charge_scheduler-1] [INFO] [1785314806.980553847] [charge_scheduler]: [执行事件] loop=open plan_v=0 C1 type=target_service target=22 station_ord=0 planned_finish=60.21 actual_finish=60.21 dev=+0.00 injected=0.0
[charge_scheduler-1] [INFO] [1785314806.980561474] [charge_scheduler]: [执行事件] loop=open plan_v=0 C3 type=target_service target=7 station_ord=0 planned_finish=75.27 actual_finish=75.27 dev=+0.00 injected=0.0
[charge_scheduler-1] [INFO] [1785314806.980569237] [charge_scheduler]: [执行事件] loop=open plan_v=0 C1 type=target_service target=1 station_ord=0 planned_finish=84.95 actual_finish=84.95 dev=+0.00 injected=0.0
[charge_scheduler-1] [INFO] [1785314806.980577013] [charge_scheduler]: [执行事件] loop=open plan_v=0 C1 type=target_service target=18 station_ord=0 planned_finish=109.82 actual_finish=109.82 dev=+0.00 injected=0.0
[charge_scheduler-1] [INFO] [1785314806.980585341] [charge_scheduler]: [执行事件] loop=open plan_v=0 C3 type=target_service target=28 station_ord=0 planned_finish=110.06 actual_finish=110.06 dev=+0.00 injected=0.0
[charge_scheduler-1] [INFO] [1785314806.980594146] [charge_scheduler]: [执行事件] loop=open plan_v=0 C2 type=target_service target=3 station_ord=0 planned_finish=52.69 actual_finish=112.69 dev=+60.00 injected=60.0
[charge_scheduler-1] [INFO] [1785314806.980601823] [charge_scheduler]: [执行事件] loop=open plan_v=0 C3 type=station_turnaround target=-1 station_ord=1 planned_finish=122.09 actual_finish=122.09 dev=+0.00 injected=0.0
[charge_scheduler-1] [INFO] [1785314806.980615577] [charge_scheduler]: [执行事件] loop=open plan_v=0 C1 type=station_turnaround target=-1 station_ord=1 planned_finish=122.63 actual_finish=122.63 dev=+0.00 injected=0.0
[charge_scheduler-1] [INFO] [1785314806.980623064] [charge_scheduler]: [执行事件] loop=open plan_v=0 C2 type=target_service target=11 station_ord=0 planned_finish=93.80 actual_finish=156.57 dev=+62.77 injected=0.0
[charge_scheduler-1] [INFO] [1785314806.980630338] [charge_scheduler]: [执行事件] loop=open plan_v=0 C2 type=station_turnaround target=-1 station_ord=1 planned_finish=106.28 actual_finish=169.05 dev=+62.77 injected=0.0
[charge_scheduler-1] [INFO] [1785314806.980637547] [charge_scheduler]: [执行事件] loop=open plan_v=0 C1 type=target_service target=5 station_ord=0 planned_finish=169.36 actual_finish=169.36 dev=+0.00 injected=0.0
[charge_scheduler-1] [INFO] [1785314806.980646799] [charge_scheduler]: [执行事件] loop=open plan_v=0 C2 type=target_service target=24 station_ord=0 planned_finish=131.85 actual_finish=194.87 dev=+63.02 injected=0.0
[charge_scheduler-1] [INFO] [1785314806.980653674] [charge_scheduler]: [执行事件] loop=open plan_v=0 C1 type=target_service target=6 station_ord=0 planned_finish=215.92 actual_finish=215.92 dev=+0.00 injected=0.0
[charge_scheduler-1] [INFO] [1785314806.980660226] [charge_scheduler]: [执行事件] loop=open plan_v=0 C3 type=target_service target=13 station_ord=0 planned_finish=159.81 actual_finish=219.81 dev=+60.00 injected=60.0
[charge_scheduler-1] [INFO] [1785314806.980667027] [charge_scheduler]: [执行事件] loop=open plan_v=0 C1 type=station_turnaround target=-1 station_ord=2 planned_finish=228.61 actual_finish=228.61 dev=+0.00 injected=0.0
[charge_scheduler-1] [INFO] [1785314806.980673802] [charge_scheduler]: [执行事件] loop=open plan_v=0 C2 type=target_service target=26 station_ord=0 planned_finish=174.99 actual_finish=240.41 dev=+65.43 injected=0.0
[charge_scheduler-1] [INFO] [1785314806.980680671] [charge_scheduler]: [执行事件] loop=open plan_v=0 C3 type=target_service target=0 station_ord=0 planned_finish=197.86 actual_finish=258.28 dev=+60.42 injected=0.0
[charge_scheduler-1] [INFO] [1785314806.980687460] [charge_scheduler]: [执行事件] loop=open plan_v=0 C1 type=target_service target=23 station_ord=0 planned_finish=274.38 actual_finish=274.38 dev=+0.00 injected=0.0
[charge_scheduler-1] [INFO] [1785314806.980694112] [charge_scheduler]: [执行事件] loop=open plan_v=0 C2 type=target_service target=16 station_ord=0 planned_finish=213.43 actual_finish=279.37 dev=+65.94 injected=0.0
[charge_scheduler-1] [INFO] [1785314806.980700751] [charge_scheduler]: [执行事件] loop=open plan_v=0 C2 type=station_turnaround target=-1 station_ord=2 planned_finish=226.15 actual_finish=292.09 dev=+65.94 injected=0.0
[charge_scheduler-1] [INFO] [1785314806.980707551] [charge_scheduler]: [执行事件] loop=open plan_v=0 C3 type=target_service target=10 station_ord=0 planned_finish=234.81 actual_finish=297.12 dev=+62.31 injected=0.0
[charge_scheduler-1] [INFO] [1785314806.980714233] [charge_scheduler]: [执行事件] loop=open plan_v=0 C3 type=station_turnaround target=-1 station_ord=2 planned_finish=246.46 actual_finish=308.77 dev=+62.31 injected=0.0
[charge_scheduler-1] [INFO] [1785314806.980721029] [charge_scheduler]: [执行事件] loop=open plan_v=0 C1 type=target_service target=25 station_ord=0 planned_finish=312.89 actual_finish=312.89 dev=+0.00 injected=0.0
[charge_scheduler-1] [INFO] [1785314806.980727601] [charge_scheduler]: [执行事件] loop=open plan_v=0 C1 type=station_turnaround target=-1 station_ord=3 planned_finish=324.17 actual_finish=324.17 dev=+0.00 injected=0.0
[charge_scheduler-1] [INFO] [1785314806.980734123] [charge_scheduler]: [执行事件] loop=open plan_v=0 C2 type=target_service target=19 station_ord=0 planned_finish=263.87 actual_finish=330.75 dev=+66.88 injected=0.0
[charge_scheduler-1] [INFO] [1785314806.980741954] [charge_scheduler]: [执行事件] loop=open plan_v=0 C3 type=target_service target=29 station_ord=0 planned_finish=292.11 actual_finish=354.42 dev=+62.31 injected=0.0
[charge_scheduler-1] [INFO] [1785314806.980748352] [charge_scheduler]: [执行事件] loop=open plan_v=0 C1 type=target_service target=17 station_ord=0 planned_finish=369.72 actual_finish=369.72 dev=+0.00 injected=0.0
[charge_scheduler-1] [INFO] [1785314806.980757011] [charge_scheduler]: [执行事件] loop=open plan_v=0 C1 type=final_return target=-1 station_ord=0 planned_finish=372.51 actual_finish=372.51 dev=+0.00 injected=0.0
[charge_scheduler-1] [INFO] [1785314806.980763119] [charge_scheduler]: [执行事件] loop=open plan_v=0 C2 type=target_service target=20 station_ord=0 planned_finish=308.52 actual_finish=375.40 dev=+66.88 injected=0.0
[charge_scheduler-1] [INFO] [1785314806.980769461] [charge_scheduler]: [执行事件] loop=open plan_v=0 C2 type=station_turnaround target=-1 station_ord=3 planned_finish=319.91 actual_finish=386.80 dev=+66.88 injected=0.0
[charge_scheduler-1] [INFO] [1785314806.980775901] [charge_scheduler]: [执行事件] loop=open plan_v=0 C3 type=target_service target=14 station_ord=0 planned_finish=336.45 actual_finish=399.43 dev=+62.99 injected=0.0
[charge_scheduler-1] [INFO] [1785314806.980782018] [charge_scheduler]: [执行事件] loop=open plan_v=0 C3 type=final_return target=-1 station_ord=0 planned_finish=340.21 actual_finish=403.20 dev=+62.99 injected=0.0
[charge_scheduler-1] [INFO] [1785314806.980788127] [charge_scheduler]: [执行事件] loop=open plan_v=0 C2 type=target_service target=2 station_ord=0 planned_finish=365.70 actual_finish=432.59 dev=+66.88 injected=0.0
[charge_scheduler-1] [INFO] [1785314806.980794252] [charge_scheduler]: [执行事件] loop=open plan_v=0 C2 type=final_return target=-1 station_ord=0 planned_finish=367.63 actual_finish=434.51 dev=+66.88 injected=0.0
[charge_scheduler-1] [INFO] [1785314806.980809007] [charge_scheduler]: [执行事件] loop=fixed plan_v=0 C3 type=target_service target=27 station_ord=0 planned_finish=6.36 actual_finish=6.36 dev=+0.00 injected=0.0
[charge_scheduler-1] [INFO] [1785314806.980815181] [charge_scheduler]: [执行事件] loop=fixed plan_v=0 C1 type=target_service target=4 station_ord=0 planned_finish=11.04 actual_finish=11.04 dev=+0.00 injected=0.0
[charge_scheduler-1] [INFO] [1785314806.980821400] [charge_scheduler]: [执行事件] loop=fixed plan_v=0 C3 type=target_service target=21 station_ord=0 planned_finish=14.00 actual_finish=14.00 dev=+0.00 injected=0.0
[charge_scheduler-1] [INFO] [1785314806.980827678] [charge_scheduler]: [执行事件] loop=fixed plan_v=0 C3 type=target_service target=12 station_ord=0 planned_finish=23.83 actual_finish=23.83 dev=+0.00 injected=0.0
[charge_scheduler-1] [INFO] [1785314806.980833839] [charge_scheduler]: [执行事件] loop=fixed plan_v=0 C2 type=target_service target=9 station_ord=0 planned_finish=25.99 actual_finish=25.99 dev=+0.00 injected=0.0
[charge_scheduler-1] [INFO] [1785314806.980840185] [charge_scheduler]: [执行事件] loop=fixed plan_v=0 C1 type=target_service target=8 station_ord=0 planned_finish=27.46 actual_finish=27.46 dev=+0.00 injected=0.0
[charge_scheduler-1] [INFO] [1785314806.980847555] [charge_scheduler]: [执行事件] loop=fixed plan_v=0 C3 type=target_service target=15 station_ord=0 planned_finish=49.07 actual_finish=49.07 dev=+0.00 injected=0.0
[charge_scheduler-1] [INFO] [1785314806.980854169] [charge_scheduler]: [执行事件] loop=fixed plan_v=0 C1 type=target_service target=22 station_ord=0 planned_finish=60.21 actual_finish=60.21 dev=+0.00 injected=0.0
[charge_scheduler-1] [INFO] [1785314806.980860369] [charge_scheduler]: [执行事件] loop=fixed plan_v=0 C3 type=target_service target=7 station_ord=0 planned_finish=75.27 actual_finish=75.27 dev=+0.00 injected=0.0
[charge_scheduler-1] [INFO] [1785314806.980866700] [charge_scheduler]: [执行事件] loop=fixed plan_v=0 C1 type=target_service target=1 station_ord=0 planned_finish=84.95 actual_finish=84.95 dev=+0.00 injected=0.0
[charge_scheduler-1] [INFO] [1785314806.980873101] [charge_scheduler]: [执行事件] loop=fixed plan_v=0 C1 type=target_service target=18 station_ord=0 planned_finish=109.82 actual_finish=109.82 dev=+0.00 injected=0.0
[charge_scheduler-1] [INFO] [1785314806.980879384] [charge_scheduler]: [执行事件] loop=fixed plan_v=0 C3 type=target_service target=28 station_ord=0 planned_finish=110.06 actual_finish=110.06 dev=+0.00 injected=0.0
[charge_scheduler-1] [INFO] [1785314806.980885553] [charge_scheduler]: [执行事件] loop=fixed plan_v=0 C2 type=target_service target=3 station_ord=0 planned_finish=52.69 actual_finish=112.69 dev=+60.00 injected=60.0
[charge_scheduler-1] [WARN] [1785314807.756974570] [charge_scheduler]: [重调度事件] policy=fixed #1 t=112.69min trigger=C2/target_service dev=+60.00 pool=17 committed=0 plan_v=1 solve_ms=776.0 changed_assign=0 changed_order=17
[charge_scheduler-1] [INFO] [1785314807.757107163] [charge_scheduler]: [执行事件] loop=fixed plan_v=0 C3 type=station_turnaround target=-1 station_ord=1 planned_finish=122.09 actual_finish=122.09 dev=+0.00 injected=0.0
[charge_scheduler-1] [INFO] [1785314807.757130752] [charge_scheduler]: [执行事件] loop=fixed plan_v=0 C1 type=station_turnaround target=-1 station_ord=1 planned_finish=122.63 actual_finish=122.63 dev=+0.00 injected=0.0
[charge_scheduler-1] [INFO] [1785314807.757139914] [charge_scheduler]: [执行事件] loop=fixed plan_v=1 C2 type=target_service target=16 station_ord=0 planned_finish=143.33 actual_finish=143.33 dev=+0.00 injected=0.0
[charge_scheduler-1] [INFO] [1785314807.757148216] [charge_scheduler]: [执行事件] loop=fixed plan_v=1 C1 type=target_service target=5 station_ord=0 planned_finish=169.36 actual_finish=169.36 dev=+0.00 injected=0.0
[charge_scheduler-1] [INFO] [1785314807.757155831] [charge_scheduler]: [执行事件] loop=fixed plan_v=1 C2 type=target_service target=24 station_ord=0 planned_finish=170.31 actual_finish=170.31 dev=+0.00 injected=0.0
[charge_scheduler-1] [INFO] [1785314807.757168770] [charge_scheduler]: [执行事件] loop=fixed plan_v=1 C2 type=station_turnaround target=-1 station_ord=1 planned_finish=181.13 actual_finish=181.13 dev=+0.00 injected=0.0
[charge_scheduler-1] [INFO] [1785314807.757176449] [charge_scheduler]: [执行事件] loop=fixed plan_v=1 C1 type=target_service target=6 station_ord=0 planned_finish=215.92 actual_finish=215.92 dev=+0.00 injected=0.0
[charge_scheduler-1] [INFO] [1785314807.757183234] [charge_scheduler]: [执行事件] loop=fixed plan_v=1 C3 type=target_service target=13 station_ord=0 planned_finish=159.81 actual_finish=219.81 dev=+60.00 injected=60.0
[charge_scheduler-1] [WARN] [1785314808.265709756] [charge_scheduler]: [重调度事件] policy=fixed #2 t=219.81min trigger=C3/target_service dev=+60.00 pool=11 committed=1 plan_v=2 solve_ms=508.5 changed_assign=0 changed_order=10
[charge_scheduler-1] [INFO] [1785314808.265771087] [charge_scheduler]: [执行事件] loop=fixed plan_v=1 C2 type=target_service target=26 station_ord=0 planned_finish=227.40 actual_finish=227.40 dev=+0.00 injected=0.0
[charge_scheduler-1] [INFO] [1785314808.265786584] [charge_scheduler]: [执行事件] loop=fixed plan_v=1 C1 type=station_turnaround target=-1 station_ord=2 planned_finish=228.61 actual_finish=228.61 dev=+0.00 injected=0.0
[charge_scheduler-1] [INFO] [1785314808.265794417] [charge_scheduler]: [执行事件] loop=fixed plan_v=2 C3 type=target_service target=0 station_ord=0 planned_finish=258.28 actual_finish=258.28 dev=+0.00 injected=0.0
[charge_scheduler-1] [INFO] [1785314808.265802500] [charge_scheduler]: [执行事件] loop=fixed plan_v=2 C2 type=target_service target=19 station_ord=0 planned_finish=266.18 actual_finish=266.18 dev=+0.00 injected=0.0
[charge_scheduler-1] [INFO] [1785314808.265809300] [charge_scheduler]: [执行事件] loop=fixed plan_v=2 C3 type=station_turnaround target=-1 station_ord=2 planned_finish=269.14 actual_finish=269.14 dev=+0.00 injected=0.0
[charge_scheduler-1] [INFO] [1785314808.265816336] [charge_scheduler]: [执行事件] loop=fixed plan_v=2 C1 type=target_service target=23 station_ord=0 planned_finish=274.38 actual_finish=274.38 dev=+0.00 injected=0.0
[charge_scheduler-1] [INFO] [1785314808.265823167] [charge_scheduler]: [执行事件] loop=fixed plan_v=2 C2 type=station_turnaround target=-1 station_ord=2 planned_finish=278.38 actual_finish=278.38 dev=+0.00 injected=0.0
[charge_scheduler-1] [INFO] [1785314808.265830410] [charge_scheduler]: [执行事件] loop=fixed plan_v=2 C3 type=target_service target=10 station_ord=0 planned_finish=308.52 actual_finish=308.52 dev=+0.00 injected=0.0
[charge_scheduler-1] [INFO] [1785314808.265837645] [charge_scheduler]: [执行事件] loop=fixed plan_v=2 C1 type=target_service target=25 station_ord=0 planned_finish=312.89 actual_finish=312.89 dev=+0.00 injected=0.0
[charge_scheduler-1] [INFO] [1785314808.265844695] [charge_scheduler]: [执行事件] loop=fixed plan_v=2 C2 type=target_service target=2 station_ord=0 planned_finish=323.48 actual_finish=323.48 dev=+0.00 injected=0.0
[charge_scheduler-1] [INFO] [1785314808.265852318] [charge_scheduler]: [执行事件] loop=fixed plan_v=2 C1 type=station_turnaround target=-1 station_ord=3 planned_finish=324.17 actual_finish=324.17 dev=+0.00 injected=0.0
[charge_scheduler-1] [INFO] [1785314808.265859468] [charge_scheduler]: [执行事件] loop=fixed plan_v=2 C3 type=target_service target=29 station_ord=0 planned_finish=353.64 actual_finish=353.64 dev=+0.00 injected=0.0
[charge_scheduler-1] [INFO] [1785314808.265897129] [charge_scheduler]: [执行事件] loop=fixed plan_v=2 C3 type=station_turnaround target=-1 station_ord=3 planned_finish=365.82 actual_finish=365.82 dev=+0.00 injected=0.0
[charge_scheduler-1] [INFO] [1785314808.265904943] [charge_scheduler]: [执行事件] loop=fixed plan_v=2 C1 type=target_service target=17 station_ord=0 planned_finish=369.72 actual_finish=369.72 dev=+0.00 injected=0.0
[charge_scheduler-1] [INFO] [1785314808.265912161] [charge_scheduler]: [执行事件] loop=fixed plan_v=2 C2 type=target_service target=20 station_ord=0 planned_finish=371.30 actual_finish=371.30 dev=+0.00 injected=0.0
[charge_scheduler-1] [INFO] [1785314808.265918937] [charge_scheduler]: [执行事件] loop=fixed plan_v=2 C1 type=final_return target=-1 station_ord=0 planned_finish=372.51 actual_finish=372.51 dev=+0.00 injected=0.0
[charge_scheduler-1] [INFO] [1785314808.265925476] [charge_scheduler]: [执行事件] loop=fixed plan_v=2 C2 type=station_turnaround target=-1 station_ord=3 planned_finish=382.69 actual_finish=382.69 dev=+0.00 injected=0.0
[charge_scheduler-1] [INFO] [1785314808.265932552] [charge_scheduler]: [执行事件] loop=fixed plan_v=2 C3 type=target_service target=14 station_ord=0 planned_finish=412.62 actual_finish=412.62 dev=+0.00 injected=0.0
[charge_scheduler-1] [INFO] [1785314808.265939510] [charge_scheduler]: [执行事件] loop=fixed plan_v=2 C3 type=final_return target=-1 station_ord=0 planned_finish=416.39 actual_finish=416.39 dev=+0.00 injected=0.0
[charge_scheduler-1] [INFO] [1785314808.265946415] [charge_scheduler]: [执行事件] loop=fixed plan_v=2 C2 type=target_service target=11 station_ord=0 planned_finish=427.76 actual_finish=427.76 dev=+0.00 injected=0.0
[charge_scheduler-1] [INFO] [1785314808.265952847] [charge_scheduler]: [执行事件] loop=fixed plan_v=2 C2 type=final_return target=-1 station_ord=0 planned_finish=430.24 actual_finish=430.24 dev=+0.00 injected=0.0
[charge_scheduler-1] [INFO] [1785314808.265969645] [charge_scheduler]: ★闭环实验结果 mode=open M=30 K=3 disturbance=target delay=60.0 seed=1 N_late=11 T_overtime=751.510 C_total=5773.118 makespan=434.513 served=30 energy_viol=4 reschedules=0 reschedule_ms=0.000 changed_assign=0 changed_order=0 applied_target=2 applied_station=0 initial_solve_ms=53277.497
[charge_scheduler-1] [INFO] [1785314808.265982285] [charge_scheduler]: ★闭环实验结果 mode=fixed M=30 K=3 disturbance=target delay=60.0 seed=1 N_late=8 T_overtime=789.979 C_total=6194.219 makespan=430.241 served=30 energy_viol=0 reschedules=2 reschedule_ms=1284.482 changed_assign=0 changed_order=27 applied_target=2 applied_station=0 initial_solve_ms=53277.497
[charge_scheduler-1] [INFO] [1785314808.265993456] [charge_scheduler]: ★闭环实验收益 policy=fixed M=30 K=3 disturbance=target delay=60.0 seed=1 recovered_late=3 overtime_reduction=-38.469 distance_delta=421.101 makespan_reduction=4.272
[WARNING] [launch]: user interrupted with ctrl-c (SIGINT)
[INFO] [charge_scheduler-1]: sending signal 'SIGINT' to process[charge_scheduler-1]
[charge_scheduler-1] [INFO] [1785314809.293143174] [rclcpp]: signal_handler(signum=2)
[ERROR] [charge_scheduler-1]: process has died [pid 12781, exit code -2, cmd '/home/yy/controller/shared_dir/Comprehensive_Road_Testing/install/task_planner/lib/task_planner/charge_scheduler --ros-args -r __node:=charge_scheduler --params-file /home/yy/controller/shared_dir/Comprehensive_Road_Testing/install/task_planner/share/task_planner/config/charge_scheduler.param.yaml'].
