[INFO] [launch]: All log files can be found below /root/.ros/log/2026-07-29-09-11-46-085877-YYYY-16212
[INFO] [launch]: Default logging verbosity is set to INFO
[INFO] [charge_scheduler-1]: process started with pid [16215]
[charge_scheduler-1] [INFO] [1785316306.271544453] [charge_scheduler]: [Scheduler] 30辆车 | 电池800.0kWh(20%=160.0 80%=640.0) | 充电360kW效率97% | 行驶0.6kWh/km | 桩350kW
[charge_scheduler-1] [INFO] [1785316306.271726316] [charge_scheduler]: [Scheduler] 站端周转: 换电 10 min(换后满电) | 单趟可用 640 kWh
[charge_scheduler-1] [INFO] [1785316306.271747170] [charge_scheduler]:   车#0 [电动装载机282|light] 位置(-47.3,-2.6) 容量282kWh 剩余35% | α=6→6min/% τ=168min → 需130.8kWh(充21.2min)
[charge_scheduler-1] [INFO] [1785316306.271767703] [charge_scheduler]:   车#1 [重型叉车|light] 位置(-44.0,-64.1) 容量200kWh 剩余20% | α=6→6min/% τ=96min → 需123.7kWh(充20.0min)
[charge_scheduler-1] [INFO] [1785316306.271784564] [charge_scheduler]:   车#2 [电动装载机350|light] 位置(-51.1,-38.8) 容量350kWh 剩余50% | α=6→6min/% τ=288min → 需108.2kWh(充17.5min)
[charge_scheduler-1] [INFO] [1785316306.271844346] [charge_scheduler]:   车#3 [重型叉车|light] 位置(-71.0,-19.0) 容量200kWh 剩余10% | α=6→6min/% τ=32min → 需144.3kWh(充23.3min)
[charge_scheduler-1] [INFO] [1785316306.271860128] [charge_scheduler]:   车#4 [电动装载机282|heavy→降级] 位置(-93.3,6.6) 容量282kWh 剩余60% | α=3→6min/% τ=212min → 需58.1kWh(充9.4min)
[charge_scheduler-1] [INFO] [1785316306.271874333] [charge_scheduler]:   车#5 [电动装载机350|light] 位置(-104.4,47.7) 容量350kWh 剩余25% | α=6→6min/% τ=128min → 需198.5kWh(充32.1min)
[charge_scheduler-1] [INFO] [1785316306.271888544] [charge_scheduler]:   车#6 [电动装载机350|heavy→降级] 位置(-37.0,-75.1) 容量350kWh 剩余40% | α=4→6min/% τ=176min → 需144.3kWh(充23.3min)
[charge_scheduler-1] [INFO] [1785316306.271903175] [charge_scheduler]:   车#7 [重型叉车|light] 位置(-88.8,-37.1) 容量200kWh 剩余15% | α=6→6min/% τ=64min → 需134.0kWh(充21.7min)
[charge_scheduler-1] [INFO] [1785316306.271917763] [charge_scheduler]:   车#8 [电动装载机282|heavy→降级] 位置(-70.9,27.7) 容量282kWh 剩余55% | α=3→6min/% τ=196min → 需72.7kWh(充11.8min)
[charge_scheduler-1] [INFO] [1785316306.271932057] [charge_scheduler]:   车#9 [电动装载机282|heavy→降级] 位置(-35.4,-47.4) 容量282kWh 剩余30% | α=3→6min/% τ=116min → 需145.4kWh(充23.5min)
[charge_scheduler-1] [INFO] [1785316306.271994892] [charge_scheduler]:   车#10 [电动装载机282|light] 位置(-100.0,-1.0) 容量282kWh 剩余45% | α=6→6min/% τ=224min → 需101.8kWh(充16.4min)
[charge_scheduler-1] [INFO] [1785316306.272010663] [charge_scheduler]:   车#11 [电动装载机350|light] 位置(-72.8,-15.6) 容量350kWh 剩余18% | α=6→6min/% τ=83min → 需223.7kWh(充36.2min)
[charge_scheduler-1] [INFO] [1785316306.272024597] [charge_scheduler]:   车#12 [重型叉车|heavy→降级] 位置(-61.7,-20.7) 容量200kWh 剩余62% | α=3→6min/% τ=230min → 需37.1kWh(充6.0min)
[charge_scheduler-1] [INFO] [1785316306.272040667] [charge_scheduler]:   车#13 [电动装载机282|light] 位置(-133.0,-25.3) 容量282kWh 剩余28% | α=6→6min/% τ=129min → 需151.2kWh(充24.4min)
[charge_scheduler-1] [INFO] [1785316306.272056913] [charge_scheduler]:   车#14 [电动装载机350|light] 位置(-132.0,-8.9) 容量350kWh 剩余52% | α=6→6min/% τ=301min → 需101.0kWh(充16.3min)
[charge_scheduler-1] [INFO] [1785316306.272071668] [charge_scheduler]:   车#15 [重型叉车|light] 位置(-120.0,7.9) 容量200kWh 剩余12% | α=6→6min/% τ=45min → 需140.2kWh(充22.7min)
[charge_scheduler-1] [INFO] [1785316306.272086687] [charge_scheduler]:   车#16 [电动装载机282|light] 位置(-43.8,-82.9) 容量282kWh 剩余38% | α=6→6min/% τ=185min → 需122.1kWh(充19.7min)
[charge_scheduler-1] [INFO] [1785316306.272101648] [charge_scheduler]:   车#17 [电动装载机350|light] 位置(-31.1,-74.7) 容量350kWh 剩余58% | α=6→6min/% τ=339min → 需79.4kWh(充12.8min)
[charge_scheduler-1] [INFO] [1785316306.272115698] [charge_scheduler]:   车#18 [重型叉车|heavy→降级] 位置(-75.4,-68.2) 容量200kWh 剩余22% | α=3→6min/% τ=102min → 需119.6kWh(充19.3min)
[charge_scheduler-1] [INFO] [1785316306.272183530] [charge_scheduler]:   车#19 [电动装载机282|light] 位置(-88.2,47.1) 容量282kWh 剩余48% | α=6→6min/% τ=241min → 需93.0kWh(充15.0min)
[charge_scheduler-1] [INFO] [1785316306.272199434] [charge_scheduler]:   车#20 [电动装载机350|light] 位置(-71.4,16.3) 容量350kWh 剩余33% | α=6→6min/% τ=179min → 需169.6kWh(充27.4min)
[charge_scheduler-1] [INFO] [1785316306.272265461] [charge_scheduler]:   车#21 [重型叉车|heavy→降级] 位置(-122.0,-0.6) 容量200kWh 剩余65% | α=3→6min/% τ=240min → 需30.9kWh(充5.0min)
[charge_scheduler-1] [INFO] [1785316306.272281795] [charge_scheduler]:   车#22 [电动装载机282|light] 位置(-71.6,11.6) 容量282kWh 剩余16% | α=6→6min/% τ=62min → 需186.1kWh(充30.1min)
[charge_scheduler-1] [INFO] [1785316306.272296276] [charge_scheduler]:   车#23 [电动装载机350|light] 位置(-131.0,37.2) 容量350kWh 剩余42% | α=6→6min/% τ=237min → 需137.1kWh(充22.2min)
[charge_scheduler-1] [INFO] [1785316306.272311204] [charge_scheduler]:   车#24 [重型叉车|heavy→降级] 位置(-51.3,5.9) 容量200kWh 剩余25% | α=3→6min/% τ=112min → 需113.4kWh(充18.3min)
[charge_scheduler-1] [INFO] [1785316306.272325131] [charge_scheduler]:   车#25 [电动装载机282|light] 位置(-62.2,-10.7) 容量282kWh 剩余55% | α=6→6min/% τ=280min → 需72.7kWh(充11.8min)
[charge_scheduler-1] [INFO] [1785316306.272338995] [charge_scheduler]:   车#26 [电动装载机350|light] 位置(-116.0,60.4) 容量350kWh 剩余30% | α=6→6min/% τ=160min → 需180.4kWh(充29.2min)
[charge_scheduler-1] [INFO] [1785316306.272353181] [charge_scheduler]:   车#27 [重型叉车|heavy→降级] 位置(-90.4,60.5) 容量200kWh 剩余68% | α=3→6min/% τ=250min → 需24.7kWh(充4.0min)
[charge_scheduler-1] [INFO] [1785316306.272366193] [charge_scheduler]:   车#28 [电动装载机282|light] 位置(-85.5,-46.0) 容量282kWh 剩余20% | α=6→6min/% τ=84min → 需174.4kWh(充28.2min)
[charge_scheduler-1] [INFO] [1785316306.272379917] [charge_scheduler]:   车#29 [电动装载机350|light] 位置(-87.0,-36.6) 容量350kWh 剩余36% | α=6→6min/% τ=198min → 需158.8kWh(充25.7min)
[charge_scheduler-1] [INFO] [1785316306.284141646] [charge_scheduler]: [Scheduler] 闭环接口: threshold=10.0min | event_sim=on | policy=fixed | structured_feedback=optional (/task_planner/execution_event)
[charge_scheduler-1] [INFO] [1785316306.284188205] [charge_scheduler]: [Scheduler] 已启动, 等待地图...
[charge_scheduler-1] [INFO] [1785316306.340950342] [charge_scheduler]: [Scheduler] RoutingGraph 就绪
[charge_scheduler-1] [INFO] [1785316306.341365194] [charge_scheduler]: [Scheduler] 提取到 6 条虚线捷径
[charge_scheduler-1] [INFO] [1785316306.360762688] [charge_scheduler]: [Scheduler] 下层兼容增强图: 166 节点, 6 条虚线掉头边
[charge_scheduler-1] [INFO] [1785316314.430236788] [charge_scheduler]: [Scheduler] 距离矩阵完成 31x31, 8069.4 ms | 模式=maneuver | 真实不可达=0 抽象不可达=0 | 缺少对向投影节点=0
[charge_scheduler-1] [INFO] [1785316314.430361437] [charge_scheduler]:   ✓ 比值自检：930 个 OD 满足 机动/直线≥1 | 均值=2.97 最大=42.81 (车#15→车#21)
[charge_scheduler-1] [INFO] [1785316314.430377553] [charge_scheduler]: [Scheduler] 地图就绪, 166 条 lanelet（与下层一致）
[charge_scheduler-1] [INFO] [1785316314.430440458] [charge_scheduler]: ======== 开始VRPTW调度 30 辆车 ========
[charge_scheduler-1] [INFO] [1785316314.430448109] [charge_scheduler]:   规模30>8 → 启发式(alns)
[charge_scheduler-1] [INFO] [1785316369.262101853] [charge_scheduler]: [ALNS] seed=5 iters=15000 | N_late=2(成功率93.3%) T_overtime=211.4min C_total=5532.9m | 趟数=11 makespan=385.3min
[charge_scheduler-1] [INFO] [1785316369.262156139] [charge_scheduler]:   求解耗时 54831.7 ms
[charge_scheduler-1] [INFO] [1785316369.262164775] [charge_scheduler]: ════════ 调度结果 ════════
[charge_scheduler-1] [INFO] [1785316369.262169619] [charge_scheduler]:   ★目标(字典序): ① N_late=2 辆 (按时成功率 28/30 = 93.3%)  ② T_overtime=211.4min  ③ C_total=5532.9m
[charge_scheduler-1] [INFO] [1785316369.262176167] [charge_scheduler]:   附: 趟数=11 | makespan=385.3min | 能量可行=是
[charge_scheduler-1] [INFO] [1785316369.262188942] [charge_scheduler]:   [充电车3] 趟1: 站 → 车#27(到2.1/限249.6✓) → 车#21(到8.2/限240.0✓) → 车#3(到15.1/限32.0✓) → 车#28(到40.0/限84.0✓) → 车#18(到72.3/限102.4✓) → 站
[charge_scheduler-1] [INFO] [1785316369.262199582] [charge_scheduler]:   [充电车1] 趟2: 站 → 车#8(到4.0/限196.0✓) → 车#22(到16.7/限61.6✓) → 车#7(到49.3/限64.0✓) → 车#1(到74.6/限96.0✓) → 站
[charge_scheduler-1] [INFO] [1785316369.262205857] [charge_scheduler]:   [充电车2] 趟3: 站 → 车#4(到1.4/限212.0✓) → 车#15(到11.5/限44.8✓) → 车#13(到36.4/限128.8✓) → 车#11(到67.1/限83.2✓) → 站
[charge_scheduler-1] [INFO] [1785316369.262257226] [charge_scheduler]:   [充电车2] 趟4: 站 → 车#5(到125.1/限128.0✓) → 车#20(到169.7/限179.2✓) → 站
[charge_scheduler-1] [INFO] [1785316369.262266452] [charge_scheduler]:   [充电车1] 趟5: 站 → 车#24(到111.8/限112.0✓) → 车#26(到138.5/限160.0✓) → 车#10(到182.0/限224.0✓) → 站
[charge_scheduler-1] [INFO] [1785316369.262277824] [charge_scheduler]:   [充电车3] 趟6: 站 → 车#9(到110.7/限116.0✓) → 车#0(到147.0/限168.0✓) → 车#16(到182.5/限184.8✓) → 站
[charge_scheduler-1] [INFO] [1785316369.262285214] [charge_scheduler]:   [充电车2] 趟7: 站 → 车#19(到227.4/限240.8✓) → 车#29(到263.5/限198.4✗超时) → 站
[charge_scheduler-1] [INFO] [1785316369.262292631] [charge_scheduler]:   [充电车3] 趟8: 站 → 车#23(到232.9/限236.8✓) → 车#14(到280.3/限300.8✓) → 站
[charge_scheduler-1] [INFO] [1785316369.262301617] [charge_scheduler]:   [充电车1] 趟9: 站 → 车#12(到227.8/限230.4✓) → 车#25(到252.9/限280.0✓) → 车#2(到287.5/限288.0✓) → 站
[charge_scheduler-1] [INFO] [1785316369.262308617] [charge_scheduler]:   [充电车2] 趟10: 站 → 车#6(到322.2/限176.0✗超时) → 站
[charge_scheduler-1] [INFO] [1785316369.262315628] [charge_scheduler]:   [充电车3] 趟11: 站 → 车#17(到338.8/限339.2✓) → 站
[charge_scheduler-1] [INFO] [1785316369.262321366] [charge_scheduler]: ════════════════════════
[charge_scheduler-1] [INFO] [1785316369.262418363] [charge_scheduler]: [扰动清单] type=combined delay=60.0min targets={5,13,} station={C1-S1,C3-S1,}
[charge_scheduler-1] [INFO] [1785316369.262445307] [charge_scheduler]: [执行事件] loop=open plan_v=0 C3 type=target_service target=27 station_ord=0 planned_finish=6.36 actual_finish=6.36 dev=+0.00 injected=0.0
[charge_scheduler-1] [INFO] [1785316369.262456968] [charge_scheduler]: [执行事件] loop=open plan_v=0 C2 type=target_service target=4 station_ord=0 planned_finish=11.04 actual_finish=11.04 dev=+0.00 injected=0.0
[charge_scheduler-1] [INFO] [1785316369.262466540] [charge_scheduler]: [执行事件] loop=open plan_v=0 C3 type=target_service target=21 station_ord=0 planned_finish=14.00 actual_finish=14.00 dev=+0.00 injected=0.0
[charge_scheduler-1] [INFO] [1785316369.262475633] [charge_scheduler]: [执行事件] loop=open plan_v=0 C1 type=target_service target=8 station_ord=0 planned_finish=16.35 actual_finish=16.35 dev=+0.00 injected=0.0
[charge_scheduler-1] [INFO] [1785316369.262484670] [charge_scheduler]: [执行事件] loop=open plan_v=0 C2 type=target_service target=15 station_ord=0 planned_finish=34.81 actual_finish=34.81 dev=+0.00 injected=0.0
[charge_scheduler-1] [INFO] [1785316369.262494263] [charge_scheduler]: [执行事件] loop=open plan_v=0 C3 type=target_service target=3 station_ord=0 planned_finish=39.26 actual_finish=39.26 dev=+0.00 injected=0.0
[charge_scheduler-1] [INFO] [1785316369.262504499] [charge_scheduler]: [执行事件] loop=open plan_v=0 C1 type=target_service target=22 station_ord=0 planned_finish=48.17 actual_finish=48.17 dev=+0.00 injected=0.0
[charge_scheduler-1] [INFO] [1785316369.262514275] [charge_scheduler]: [执行事件] loop=open plan_v=0 C3 type=target_service target=28 station_ord=0 planned_finish=71.56 actual_finish=71.56 dev=+0.00 injected=0.0
[charge_scheduler-1] [INFO] [1785316369.262524431] [charge_scheduler]: [执行事件] loop=open plan_v=0 C1 type=target_service target=7 station_ord=0 planned_finish=73.54 actual_finish=73.54 dev=+0.00 injected=0.0
[charge_scheduler-1] [INFO] [1785316369.262534454] [charge_scheduler]: [执行事件] loop=open plan_v=0 C3 type=target_service target=18 station_ord=0 planned_finish=95.72 actual_finish=95.72 dev=+0.00 injected=0.0
[charge_scheduler-1] [INFO] [1785316369.262546050] [charge_scheduler]: [执行事件] loop=open plan_v=0 C1 type=target_service target=1 station_ord=0 planned_finish=98.51 actual_finish=98.51 dev=+0.00 injected=0.0
[charge_scheduler-1] [INFO] [1785316369.262556593] [charge_scheduler]: [执行事件] loop=open plan_v=0 C2 type=target_service target=13 station_ord=0 planned_finish=63.93 actual_finish=123.93 dev=+60.00 injected=60.0
[charge_scheduler-1] [INFO] [1785316369.262567808] [charge_scheduler]: [执行事件] loop=open plan_v=0 C3 type=station_turnaround target=-1 station_ord=1 planned_finish=108.53 actual_finish=168.53 dev=+60.00 injected=60.0
[charge_scheduler-1] [INFO] [1785316369.262584954] [charge_scheduler]: [执行事件] loop=open plan_v=0 C2 type=target_service target=11 station_ord=0 planned_finish=109.42 actual_finish=170.88 dev=+61.46 injected=0.0
[charge_scheduler-1] [INFO] [1785316369.262610859] [charge_scheduler]: [执行事件] loop=open plan_v=0 C1 type=station_turnaround target=-1 station_ord=1 planned_finish=110.93 actual_finish=170.93 dev=+60.00 injected=60.0
[charge_scheduler-1] [INFO] [1785316369.262624031] [charge_scheduler]: [执行事件] loop=open plan_v=0 C2 type=station_turnaround target=-1 station_ord=1 planned_finish=121.91 actual_finish=183.37 dev=+61.46 injected=0.0
[charge_scheduler-1] [INFO] [1785316369.262638997] [charge_scheduler]: [执行事件] loop=open plan_v=0 C1 type=target_service target=24 station_ord=0 planned_finish=136.74 actual_finish=196.75 dev=+60.01 injected=0.0
[charge_scheduler-1] [INFO] [1785316369.262653334] [charge_scheduler]: [执行事件] loop=open plan_v=0 C3 type=target_service target=9 station_ord=0 planned_finish=145.51 actual_finish=205.95 dev=+60.44 injected=0.0
[charge_scheduler-1] [INFO] [1785316369.262667401] [charge_scheduler]: [执行事件] loop=open plan_v=0 C1 type=target_service target=26 station_ord=0 planned_finish=180.32 actual_finish=242.29 dev=+61.97 injected=0.0
[charge_scheduler-1] [INFO] [1785316369.262683208] [charge_scheduler]: [执行事件] loop=open plan_v=0 C3 type=target_service target=0 station_ord=0 planned_finish=180.51 actual_finish=242.71 dev=+62.21 injected=0.0
[charge_scheduler-1] [INFO] [1785316369.262696577] [charge_scheduler]: [执行事件] loop=open plan_v=0 C1 type=target_service target=10 station_ord=0 planned_finish=213.77 actual_finish=279.26 dev=+65.49 injected=0.0
[charge_scheduler-1] [INFO] [1785316369.262710702] [charge_scheduler]: [执行事件] loop=open plan_v=0 C3 type=target_service target=16 station_ord=0 planned_finish=217.61 actual_finish=280.00 dev=+62.39 injected=0.0
[charge_scheduler-1] [INFO] [1785316369.262723087] [charge_scheduler]: [执行事件] loop=open plan_v=0 C2 type=target_service target=5 station_ord=0 planned_finish=168.57 actual_finish=290.30 dev=+121.73 injected=60.0
[charge_scheduler-1] [INFO] [1785316369.262738001] [charge_scheduler]: [执行事件] loop=open plan_v=0 C1 type=station_turnaround target=-1 station_ord=2 planned_finish=225.42 actual_finish=290.91 dev=+65.49 injected=0.0
[charge_scheduler-1] [INFO] [1785316369.262751125] [charge_scheduler]: [执行事件] loop=open plan_v=0 C3 type=station_turnaround target=-1 station_ord=2 planned_finish=230.33 actual_finish=292.72 dev=+62.39 injected=0.0
[charge_scheduler-1] [INFO] [1785316369.262765180] [charge_scheduler]: [执行事件] loop=open plan_v=0 C1 type=target_service target=12 station_ord=0 planned_finish=252.62 actual_finish=318.25 dev=+65.63 injected=0.0
[charge_scheduler-1] [INFO] [1785316369.262778099] [charge_scheduler]: [执行事件] loop=open plan_v=0 C2 type=target_service target=20 station_ord=0 planned_finish=212.58 actual_finish=335.18 dev=+122.60 injected=0.0
[charge_scheduler-1] [INFO] [1785316369.262791083] [charge_scheduler]: [执行事件] loop=open plan_v=0 C3 type=target_service target=23 station_ord=0 planned_finish=276.25 actual_finish=339.00 dev=+62.75 injected=0.0
[charge_scheduler-1] [INFO] [1785316369.262803421] [charge_scheduler]: [执行事件] loop=open plan_v=0 C2 type=station_turnaround target=-1 station_ord=2 planned_finish=223.98 actual_finish=346.58 dev=+122.60 injected=0.0
[charge_scheduler-1] [INFO] [1785316369.262816900] [charge_scheduler]: [执行事件] loop=open plan_v=0 C1 type=target_service target=25 station_ord=0 planned_finish=285.87 actual_finish=353.77 dev=+67.90 injected=0.0
[charge_scheduler-1] [INFO] [1785316369.262829280] [charge_scheduler]: [执行事件] loop=open plan_v=0 C2 type=target_service target=19 station_ord=0 planned_finish=261.52 actual_finish=385.24 dev=+123.72 injected=0.0
[charge_scheduler-1] [INFO] [1785316369.262841920] [charge_scheduler]: [执行事件] loop=open plan_v=0 C3 type=target_service target=14 station_ord=0 planned_finish=322.13 actual_finish=386.76 dev=+64.63 injected=0.0
[charge_scheduler-1] [INFO] [1785316369.262854436] [charge_scheduler]: [执行事件] loop=open plan_v=0 C1 type=target_service target=2 station_ord=0 planned_finish=331.19 actual_finish=399.14 dev=+67.95 injected=0.0
[charge_scheduler-1] [INFO] [1785316369.262868833] [charge_scheduler]: [执行事件] loop=open plan_v=0 C3 type=station_turnaround target=-1 station_ord=3 planned_finish=335.90 actual_finish=400.53 dev=+64.63 injected=0.0
[charge_scheduler-1] [INFO] [1785316369.262891716] [charge_scheduler]: [执行事件] loop=open plan_v=0 C1 type=final_return target=-1 station_ord=0 planned_finish=333.12 actual_finish=401.07 dev=+67.95 injected=0.0
[charge_scheduler-1] [INFO] [1785316369.262905737] [charge_scheduler]: [执行事件] loop=open plan_v=0 C2 type=target_service target=29 station_ord=0 planned_finish=307.26 actual_finish=430.98 dev=+123.72 injected=0.0
[charge_scheduler-1] [INFO] [1785316369.262918794] [charge_scheduler]: [执行事件] loop=open plan_v=0 C2 type=station_turnaround target=-1 station_ord=3 planned_finish=319.44 actual_finish=443.16 dev=+123.72 injected=0.0
[charge_scheduler-1] [INFO] [1785316369.262932670] [charge_scheduler]: [执行事件] loop=open plan_v=0 C3 type=target_service target=17 station_ord=0 planned_finish=382.52 actual_finish=447.18 dev=+64.66 injected=0.0
[charge_scheduler-1] [INFO] [1785316369.262944962] [charge_scheduler]: [执行事件] loop=open plan_v=0 C3 type=final_return target=-1 station_ord=0 planned_finish=385.31 actual_finish=449.97 dev=+64.66 injected=0.0
[charge_scheduler-1] [INFO] [1785316369.262957766] [charge_scheduler]: [执行事件] loop=open plan_v=0 C2 type=target_service target=6 station_ord=0 planned_finish=365.99 actual_finish=489.72 dev=+123.72 injected=0.0
[charge_scheduler-1] [INFO] [1785316369.262969762] [charge_scheduler]: [执行事件] loop=open plan_v=0 C2 type=final_return target=-1 station_ord=0 planned_finish=368.69 actual_finish=492.41 dev=+123.72 injected=0.0
[charge_scheduler-1] [INFO] [1785316369.263004964] [charge_scheduler]: [执行事件] loop=fixed plan_v=0 C3 type=target_service target=27 station_ord=0 planned_finish=6.36 actual_finish=6.36 dev=+0.00 injected=0.0
[charge_scheduler-1] [INFO] [1785316369.263017710] [charge_scheduler]: [执行事件] loop=fixed plan_v=0 C2 type=target_service target=4 station_ord=0 planned_finish=11.04 actual_finish=11.04 dev=+0.00 injected=0.0
[charge_scheduler-1] [INFO] [1785316369.263029661] [charge_scheduler]: [执行事件] loop=fixed plan_v=0 C3 type=target_service target=21 station_ord=0 planned_finish=14.00 actual_finish=14.00 dev=+0.00 injected=0.0
[charge_scheduler-1] [INFO] [1785316369.263041901] [charge_scheduler]: [执行事件] loop=fixed plan_v=0 C1 type=target_service target=8 station_ord=0 planned_finish=16.35 actual_finish=16.35 dev=+0.00 injected=0.0
[charge_scheduler-1] [INFO] [1785316369.263053629] [charge_scheduler]: [执行事件] loop=fixed plan_v=0 C2 type=target_service target=15 station_ord=0 planned_finish=34.81 actual_finish=34.81 dev=+0.00 injected=0.0
[charge_scheduler-1] [INFO] [1785316369.263067039] [charge_scheduler]: [执行事件] loop=fixed plan_v=0 C3 type=target_service target=3 station_ord=0 planned_finish=39.26 actual_finish=39.26 dev=+0.00 injected=0.0
[charge_scheduler-1] [INFO] [1785316369.263084026] [charge_scheduler]: [执行事件] loop=fixed plan_v=0 C1 type=target_service target=22 station_ord=0 planned_finish=48.17 actual_finish=48.17 dev=+0.00 injected=0.0
[charge_scheduler-1] [INFO] [1785316369.263098645] [charge_scheduler]: [执行事件] loop=fixed plan_v=0 C3 type=target_service target=28 station_ord=0 planned_finish=71.56 actual_finish=71.56 dev=+0.00 injected=0.0
[charge_scheduler-1] [INFO] [1785316369.263113098] [charge_scheduler]: [执行事件] loop=fixed plan_v=0 C1 type=target_service target=7 station_ord=0 planned_finish=73.54 actual_finish=73.54 dev=+0.00 injected=0.0
[charge_scheduler-1] [INFO] [1785316369.263124310] [charge_scheduler]: [执行事件] loop=fixed plan_v=0 C3 type=target_service target=18 station_ord=0 planned_finish=95.72 actual_finish=95.72 dev=+0.00 injected=0.0
[charge_scheduler-1] [INFO] [1785316369.263137133] [charge_scheduler]: [执行事件] loop=fixed plan_v=0 C1 type=target_service target=1 station_ord=0 planned_finish=98.51 actual_finish=98.51 dev=+0.00 injected=0.0
[charge_scheduler-1] [INFO] [1785316369.263150036] [charge_scheduler]: [执行事件] loop=fixed plan_v=0 C2 type=target_service target=13 station_ord=0 planned_finish=63.93 actual_finish=123.93 dev=+60.00 injected=60.0
[charge_scheduler-1] [WARN] [1785316370.184889755] [charge_scheduler]: [重调度事件] policy=fixed #1 t=123.93min trigger=C2/target_service dev=+60.00 pool=18 committed=0 plan_v=1 solve_ms=921.6 changed_assign=0 changed_order=16
[charge_scheduler-1] [INFO] [1785316370.184943747] [charge_scheduler]: [执行事件] loop=fixed plan_v=1 C2 type=target_service target=20 station_ord=0 planned_finish=165.59 actual_finish=165.59 dev=+0.00 injected=0.0
[charge_scheduler-1] [INFO] [1785316370.184971740] [charge_scheduler]: [执行事件] loop=fixed plan_v=0 C3 type=station_turnaround target=-1 station_ord=1 planned_finish=108.53 actual_finish=168.53 dev=+60.00 injected=60.0
[charge_scheduler-1] [WARN] [1785316371.040560126] [charge_scheduler]: [重调度事件] policy=fixed #2 t=168.53min trigger=C3/station_turnaround dev=+60.00 pool=17 committed=0 plan_v=2 solve_ms=855.5 changed_assign=0 changed_order=14
[charge_scheduler-1] [INFO] [1785316371.040632655] [charge_scheduler]: [执行事件] loop=fixed plan_v=0 C1 type=station_turnaround target=-1 station_ord=1 planned_finish=110.93 actual_finish=170.93 dev=+60.00 injected=60.0
[charge_scheduler-1] [WARN] [1785316371.870061531] [charge_scheduler]: [重调度事件] policy=fixed #3 t=170.93min trigger=C1/station_turnaround dev=+60.00 pool=16 committed=1 plan_v=3 solve_ms=829.3 changed_assign=0 changed_order=0
[charge_scheduler-1] [INFO] [1785316371.870148308] [charge_scheduler]: [执行事件] loop=fixed plan_v=1 C2 type=station_turnaround target=-1 station_ord=1 planned_finish=176.98 actual_finish=176.98 dev=+0.00 injected=0.0
[charge_scheduler-1] [INFO] [1785316371.870173280] [charge_scheduler]: [执行事件] loop=fixed plan_v=3 C1 type=target_service target=24 station_ord=0 planned_finish=196.75 actual_finish=196.75 dev=+0.00 injected=0.0
[charge_scheduler-1] [INFO] [1785316371.870192038] [charge_scheduler]: [执行事件] loop=fixed plan_v=2 C3 type=target_service target=0 station_ord=0 planned_finish=204.61 actual_finish=204.61 dev=+0.00 injected=0.0
[charge_scheduler-1] [INFO] [1785316371.870209389] [charge_scheduler]: [执行事件] loop=fixed plan_v=3 C1 type=target_service target=12 station_ord=0 planned_finish=221.69 actual_finish=221.69 dev=+0.00 injected=0.0
[charge_scheduler-1] [INFO] [1785316371.870225768] [charge_scheduler]: [执行事件] loop=fixed plan_v=3 C2 type=target_service target=11 station_ord=0 planned_finish=222.05 actual_finish=222.05 dev=+0.00 injected=0.0
[charge_scheduler-1] [INFO] [1785316371.870242085] [charge_scheduler]: [执行事件] loop=fixed plan_v=3 C3 type=target_service target=9 station_ord=0 planned_finish=241.49 actual_finish=241.49 dev=+0.00 injected=0.0
[charge_scheduler-1] [INFO] [1785316371.870267814] [charge_scheduler]: [执行事件] loop=fixed plan_v=3 C3 type=station_turnaround target=-1 station_ord=2 planned_finish=253.78 actual_finish=253.78 dev=+0.00 injected=0.0
[charge_scheduler-1] [INFO] [1785316371.870285384] [charge_scheduler]: [执行事件] loop=fixed plan_v=3 C1 type=target_service target=10 station_ord=0 planned_finish=260.53 actual_finish=260.53 dev=+0.00 injected=0.0
[charge_scheduler-1] [INFO] [1785316371.870306030] [charge_scheduler]: [执行事件] loop=fixed plan_v=3 C2 type=target_service target=29 station_ord=0 planned_finish=266.52 actual_finish=266.52 dev=+0.00 injected=0.0
[charge_scheduler-1] [INFO] [1785316371.870322347] [charge_scheduler]: [执行事件] loop=fixed plan_v=3 C1 type=station_turnaround target=-1 station_ord=2 planned_finish=272.18 actual_finish=272.18 dev=+0.00 injected=0.0
[charge_scheduler-1] [INFO] [1785316371.870343465] [charge_scheduler]: [执行事件] loop=fixed plan_v=3 C2 type=station_turnaround target=-1 station_ord=2 planned_finish=278.69 actual_finish=278.69 dev=+0.00 injected=0.0
[charge_scheduler-1] [INFO] [1785316371.870362662] [charge_scheduler]: [执行事件] loop=fixed plan_v=3 C3 type=target_service target=16 station_ord=0 planned_finish=291.61 actual_finish=291.61 dev=+0.00 injected=0.0
[charge_scheduler-1] [INFO] [1785316371.870381313] [charge_scheduler]: [执行事件] loop=fixed plan_v=3 C1 type=target_service target=25 station_ord=0 planned_finish=309.47 actual_finish=309.47 dev=+0.00 injected=0.0
[charge_scheduler-1] [INFO] [1785316371.870400100] [charge_scheduler]: [执行事件] loop=fixed plan_v=3 C2 type=target_service target=19 station_ord=0 planned_finish=317.36 actual_finish=317.36 dev=+0.00 injected=0.0
[charge_scheduler-1] [INFO] [1785316371.870421024] [charge_scheduler]: [执行事件] loop=fixed plan_v=3 C3 type=target_service target=14 station_ord=0 planned_finish=337.26 actual_finish=337.26 dev=+0.00 injected=0.0
[charge_scheduler-1] [INFO] [1785316371.870440265] [charge_scheduler]: [执行事件] loop=fixed plan_v=3 C3 type=station_turnaround target=-1 station_ord=3 planned_finish=351.02 actual_finish=351.02 dev=+0.00 injected=0.0
[charge_scheduler-1] [INFO] [1785316371.870514265] [charge_scheduler]: [执行事件] loop=fixed plan_v=3 C1 type=target_service target=2 station_ord=0 planned_finish=354.83 actual_finish=354.83 dev=+0.00 injected=0.0
[charge_scheduler-1] [INFO] [1785316371.870539171] [charge_scheduler]: [执行事件] loop=fixed plan_v=3 C1 type=station_turnaround target=-1 station_ord=3 planned_finish=366.76 actual_finish=366.76 dev=+0.00 injected=0.0
[charge_scheduler-1] [INFO] [1785316371.870560046] [charge_scheduler]: [执行事件] loop=fixed plan_v=3 C3 type=target_service target=23 station_ord=0 planned_finish=397.31 actual_finish=397.31 dev=+0.00 injected=0.0
[charge_scheduler-1] [INFO] [1785316371.870579902] [charge_scheduler]: [执行事件] loop=fixed plan_v=3 C1 type=target_service target=26 station_ord=0 planned_finish=413.04 actual_finish=413.04 dev=+0.00 injected=0.0
[charge_scheduler-1] [INFO] [1785316371.870599078] [charge_scheduler]: [执行事件] loop=fixed plan_v=3 C1 type=final_return target=-1 station_ord=0 planned_finish=416.34 actual_finish=416.34 dev=+0.00 injected=0.0
[charge_scheduler-1] [INFO] [1785316371.870619414] [charge_scheduler]: [执行事件] loop=fixed plan_v=3 C2 type=target_service target=5 station_ord=0 planned_finish=361.42 actual_finish=421.42 dev=+60.00 injected=60.0
[charge_scheduler-1] [WARN] [1785316371.870721813] [charge_scheduler]: [重调度事件] policy=fixed #4 t=421.42min trigger=C2/target_service dev=+60.00 pool=1 committed=1 plan_v=4 solve_ms=0.0 changed_assign=0 changed_order=0
[charge_scheduler-1] [INFO] [1785316371.870763637] [charge_scheduler]: [执行事件] loop=fixed plan_v=4 C2 type=station_turnaround target=-1 station_ord=3 planned_finish=433.85 actual_finish=433.85 dev=+0.00 injected=0.0
[charge_scheduler-1] [INFO] [1785316371.870788647] [charge_scheduler]: [执行事件] loop=fixed plan_v=3 C3 type=target_service target=17 station_ord=0 planned_finish=444.92 actual_finish=444.92 dev=+0.00 injected=0.0
[charge_scheduler-1] [INFO] [1785316371.870808624] [charge_scheduler]: [执行事件] loop=fixed plan_v=4 C3 type=final_return target=-1 station_ord=0 planned_finish=447.71 actual_finish=447.71 dev=+0.00 injected=0.0
[charge_scheduler-1] [INFO] [1785316371.870828390] [charge_scheduler]: [执行事件] loop=fixed plan_v=4 C2 type=target_service target=6 station_ord=0 planned_finish=480.41 actual_finish=480.41 dev=+0.00 injected=0.0
[charge_scheduler-1] [INFO] [1785316371.870848097] [charge_scheduler]: [执行事件] loop=fixed plan_v=4 C2 type=final_return target=-1 station_ord=0 planned_finish=483.11 actual_finish=483.11 dev=+0.00 injected=0.0
[charge_scheduler-1] [INFO] [1785316371.870883459] [charge_scheduler]: ★闭环实验结果 mode=open M=30 K=3 disturbance=combined delay=60.0 seed=5 N_late=18 T_overtime=1388.782 C_total=5532.870 makespan=492.412 served=30 energy_viol=8 reschedules=0 reschedule_ms=0.000 changed_assign=0 changed_order=0 applied_target=2 applied_station=2 initial_solve_ms=54831.707
[charge_scheduler-1] [INFO] [1785316371.870914751] [charge_scheduler]: ★闭环实验结果 mode=fixed M=30 K=3 disturbance=combined delay=60.0 seed=5 N_late=14 T_overtime=1246.392 C_total=5614.053 makespan=483.108 served=30 energy_viol=0 reschedules=4 reschedule_ms=2606.524 changed_assign=0 changed_order=30 applied_target=2 applied_station=2 initial_solve_ms=54831.707
[charge_scheduler-1] [INFO] [1785316371.870939129] [charge_scheduler]: ★闭环实验收益 policy=fixed M=30 K=3 disturbance=combined delay=60.0 seed=5 recovered_late=4 overtime_reduction=142.390 distance_delta=81.183 makespan_reduction=9.304
[WARNING] [launch]: user interrupted with ctrl-c (SIGINT)
[WARNING] [launch]: user interrupted with ctrl-c (SIGINT) again, ignoring...
[INFO] [charge_scheduler-1]: sending signal 'SIGINT' to process[charge_scheduler-1]
[charge_scheduler-1] [INFO] [1785316373.833825841] [rclcpp]: signal_handler(signum=2)
[ERROR] [charge_scheduler-1]: process has died [pid 16215, exit code -2, cmd '/home/yy/controller/shared_dir/Comprehensive_Road_Testing/install/task_planner/lib/task_planner/charge_scheduler --ros-args -r __node:=charge_scheduler --params-file /home/yy/controller/shared_dir/Comprehensive_Road_Testing/install/task_planner/share/task_planner/config/charge_scheduler.param.yaml'].
