[INFO] [launch]: All log files can be found below /root/.ros/log/2026-07-29-08-41-59-061899-YYYY-12150
[INFO] [launch]: Default logging verbosity is set to INFO
[INFO] [charge_scheduler-1]: process started with pid [12153]
[charge_scheduler-1] [INFO] [1785314519.211335342] [charge_scheduler]: [Scheduler] 20辆车 | 电池800.0kWh(20%=160.0 80%=640.0) | 充电360kW效率97% | 行驶0.6kWh/km | 桩350kW
[charge_scheduler-1] [INFO] [1785314519.211505866] [charge_scheduler]: [Scheduler] 站端周转: 换电 10 min(换后满电) | 单趟可用 640 kWh
[charge_scheduler-1] [INFO] [1785314519.211537684] [charge_scheduler]:   车#0 [电动装载机282|light] 位置(-47.3,-2.6) 容量282kWh 剩余35% | α=6→6min/% τ=168min → 需130.8kWh(充21.2min)
[charge_scheduler-1] [INFO] [1785314519.211567317] [charge_scheduler]:   车#1 [重型叉车|light] 位置(-44.0,-64.1) 容量200kWh 剩余20% | α=6→6min/% τ=96min → 需123.7kWh(充20.0min)
[charge_scheduler-1] [INFO] [1785314519.211590580] [charge_scheduler]:   车#2 [电动装载机350|light] 位置(-51.1,-38.8) 容量350kWh 剩余50% | α=6→6min/% τ=288min → 需108.2kWh(充17.5min)
[charge_scheduler-1] [INFO] [1785314519.211611948] [charge_scheduler]:   车#3 [重型叉车|light] 位置(-71.0,-19.0) 容量200kWh 剩余10% | α=6→6min/% τ=32min → 需144.3kWh(充23.3min)
[charge_scheduler-1] [INFO] [1785314519.211632507] [charge_scheduler]:   车#4 [电动装载机282|heavy→降级] 位置(-93.3,6.6) 容量282kWh 剩余60% | α=3→6min/% τ=212min → 需58.1kWh(充9.4min)
[charge_scheduler-1] [INFO] [1785314519.211652259] [charge_scheduler]:   车#5 [电动装载机350|light] 位置(-104.4,47.7) 容量350kWh 剩余25% | α=6→6min/% τ=128min → 需198.5kWh(充32.1min)
[charge_scheduler-1] [INFO] [1785314519.211672658] [charge_scheduler]:   车#6 [电动装载机350|heavy→降级] 位置(-37.0,-75.1) 容量350kWh 剩余40% | α=4→6min/% τ=176min → 需144.3kWh(充23.3min)
[charge_scheduler-1] [INFO] [1785314519.211692225] [charge_scheduler]:   车#7 [重型叉车|light] 位置(-88.8,-37.1) 容量200kWh 剩余15% | α=6→6min/% τ=64min → 需134.0kWh(充21.7min)
[charge_scheduler-1] [INFO] [1785314519.211711854] [charge_scheduler]:   车#8 [电动装载机282|heavy→降级] 位置(-70.9,27.7) 容量282kWh 剩余55% | α=3→6min/% τ=196min → 需72.7kWh(充11.8min)
[charge_scheduler-1] [INFO] [1785314519.211731595] [charge_scheduler]:   车#9 [电动装载机282|heavy→降级] 位置(-35.4,-47.4) 容量282kWh 剩余30% | α=3→6min/% τ=116min → 需145.4kWh(充23.5min)
[charge_scheduler-1] [INFO] [1785314519.211750289] [charge_scheduler]:   车#10 [电动装载机282|light] 位置(-100.0,-1.0) 容量282kWh 剩余45% | α=6→6min/% τ=224min → 需101.8kWh(充16.4min)
[charge_scheduler-1] [INFO] [1785314519.211769028] [charge_scheduler]:   车#11 [电动装载机350|light] 位置(-72.8,-15.6) 容量350kWh 剩余18% | α=6→6min/% τ=83min → 需223.7kWh(充36.2min)
[charge_scheduler-1] [INFO] [1785314519.211787414] [charge_scheduler]:   车#12 [重型叉车|heavy→降级] 位置(-61.7,-20.7) 容量200kWh 剩余62% | α=3→6min/% τ=230min → 需37.1kWh(充6.0min)
[charge_scheduler-1] [INFO] [1785314519.211806722] [charge_scheduler]:   车#13 [电动装载机282|light] 位置(-133.0,-25.3) 容量282kWh 剩余28% | α=6→6min/% τ=129min → 需151.2kWh(充24.4min)
[charge_scheduler-1] [INFO] [1785314519.211825904] [charge_scheduler]:   车#14 [电动装载机350|light] 位置(-132.0,-8.9) 容量350kWh 剩余52% | α=6→6min/% τ=301min → 需101.0kWh(充16.3min)
[charge_scheduler-1] [INFO] [1785314519.211844549] [charge_scheduler]:   车#15 [重型叉车|light] 位置(-120.0,7.9) 容量200kWh 剩余12% | α=6→6min/% τ=45min → 需140.2kWh(充22.7min)
[charge_scheduler-1] [INFO] [1785314519.211863771] [charge_scheduler]:   车#16 [电动装载机282|light] 位置(-43.8,-82.9) 容量282kWh 剩余38% | α=6→6min/% τ=185min → 需122.1kWh(充19.7min)
[charge_scheduler-1] [INFO] [1785314519.211882167] [charge_scheduler]:   车#17 [电动装载机350|light] 位置(-31.1,-74.7) 容量350kWh 剩余58% | α=6→6min/% τ=339min → 需79.4kWh(充12.8min)
[charge_scheduler-1] [INFO] [1785314519.211901104] [charge_scheduler]:   车#18 [重型叉车|heavy→降级] 位置(-75.4,-68.2) 容量200kWh 剩余22% | α=3→6min/% τ=102min → 需119.6kWh(充19.3min)
[charge_scheduler-1] [INFO] [1785314519.211925595] [charge_scheduler]:   车#19 [电动装载机282|light] 位置(-88.2,47.1) 容量282kWh 剩余48% | α=6→6min/% τ=241min → 需93.0kWh(充15.0min)
[charge_scheduler-1] [INFO] [1785314519.222840719] [charge_scheduler]: [Scheduler] 闭环接口: threshold=10.0min | event_sim=on | policy=fixed | structured_feedback=optional (/task_planner/execution_event)
[charge_scheduler-1] [INFO] [1785314519.222944591] [charge_scheduler]: [Scheduler] 已启动, 等待地图...
[charge_scheduler-1] [INFO] [1785314519.279003511] [charge_scheduler]: [Scheduler] RoutingGraph 就绪
[charge_scheduler-1] [INFO] [1785314519.279283316] [charge_scheduler]: [Scheduler] 提取到 6 条虚线捷径
[charge_scheduler-1] [INFO] [1785314519.290966282] [charge_scheduler]: [Scheduler] 下层兼容增强图: 166 节点, 6 条虚线掉头边
[charge_scheduler-1] [INFO] [1785314522.746759043] [charge_scheduler]: [Scheduler] 距离矩阵完成 21x21, 3455.7 ms | 模式=maneuver | 真实不可达=0 抽象不可达=0 | 缺少对向投影节点=0
[charge_scheduler-1] [INFO] [1785314522.746826255] [charge_scheduler]:   ✓ 比值自检：420 个 OD 满足 机动/直线≥1 | 均值=2.70 最大=41.42 (车#4→车#10)
[charge_scheduler-1] [INFO] [1785314522.746840028] [charge_scheduler]: [Scheduler] 地图就绪, 166 条 lanelet（与下层一致）
[charge_scheduler-1] [INFO] [1785314522.746892907] [charge_scheduler]: ======== 开始VRPTW调度 20 辆车 ========
[charge_scheduler-1] [INFO] [1785314522.746900844] [charge_scheduler]:   规模20>8 → 启发式(alns)
[charge_scheduler-1] [INFO] [1785314535.918371229] [charge_scheduler]: [ALNS] seed=10 iters=15000 | N_late=2(成功率90.0%) T_overtime=133.0min C_total=3855.0m | 趟数=7 makespan=374.3min
[charge_scheduler-1] [INFO] [1785314535.918459569] [charge_scheduler]:   求解耗时 13171.6 ms
[charge_scheduler-1] [INFO] [1785314535.918478230] [charge_scheduler]: ════════ 调度结果 ════════
[charge_scheduler-1] [INFO] [1785314535.918491321] [charge_scheduler]:   ★目标(字典序): ① N_late=2 辆 (按时成功率 18/20 = 90.0%)  ② T_overtime=133.0min  ③ C_total=3855.0m
[charge_scheduler-1] [INFO] [1785314535.918506501] [charge_scheduler]:   附: 趟数=7 | makespan=374.3min | 能量可行=是
[charge_scheduler-1] [INFO] [1785314535.918530566] [charge_scheduler]:   [充电车1] 趟1: 站 → 车#12(到2.3/限230.4✓) → 车#4(到9.4/限212.0✓) → 车#15(到20.7/限44.8✓) → 车#7(到46.3/限64.0✓) → 车#9(到71.4/限116.0✓) → 站
[charge_scheduler-1] [INFO] [1785314535.918549627] [charge_scheduler]:   [充电车2] 趟2: 站 → 车#8(到4.0/限196.0✓) → 车#3(到17.1/限32.0✓) → 车#11(到41.5/限83.2✓) → 车#1(到82.6/限96.0✓) → 站
[charge_scheduler-1] [INFO] [1785314535.918565984] [charge_scheduler]:   [充电车1] 趟3: 站 → 车#18(到117.3/限102.4✗超时) → 车#16(到143.0/限184.8✓) → 车#6(到175.0/限176.0✓) → 站
[charge_scheduler-1] [INFO] [1785314535.918581414] [charge_scheduler]:   [充电车2] 趟4: 站 → 车#13(到122.1/限128.8✓) → 车#0(到160.0/限168.0✓) → 车#10(到198.2/限224.0✓) → 站
[charge_scheduler-1] [INFO] [1785314535.918597872] [charge_scheduler]:   [充电车1] 趟5: 站 → 车#19(到234.8/限240.8✓) → 车#2(到271.6/限288.0✓) → 站
[charge_scheduler-1] [INFO] [1785314535.918611180] [charge_scheduler]:   [充电车1] 趟6: 站 → 车#17(到328.7/限339.2✓) → 站
[charge_scheduler-1] [INFO] [1785314535.918625150] [charge_scheduler]:   [充电车2] 趟7: 站 → 车#5(到246.1/限128.0✗超时) → 车#14(到293.2/限300.8✓) → 站
[charge_scheduler-1] [INFO] [1785314535.918635586] [charge_scheduler]: ════════════════════════
[charge_scheduler-1] [INFO] [1785314535.918720189] [charge_scheduler]: [扰动清单] type=target delay=30.0min targets={7,13,} station={}
[charge_scheduler-1] [INFO] [1785314535.918752951] [charge_scheduler]: [执行事件] loop=open plan_v=0 C1 type=target_service target=12 station_ord=0 planned_finish=8.58 actual_finish=8.58 dev=+0.00 injected=0.0
[charge_scheduler-1] [INFO] [1785314535.918776284] [charge_scheduler]: [执行事件] loop=open plan_v=0 C2 type=target_service target=8 station_ord=0 planned_finish=16.35 actual_finish=16.35 dev=+0.00 injected=0.0
[charge_scheduler-1] [INFO] [1785314535.918793710] [charge_scheduler]: [执行事件] loop=open plan_v=0 C1 type=target_service target=4 station_ord=0 planned_finish=20.20 actual_finish=20.20 dev=+0.00 injected=0.0
[charge_scheduler-1] [INFO] [1785314535.918810530] [charge_scheduler]: [执行事件] loop=open plan_v=0 C2 type=target_service target=3 station_ord=0 planned_finish=41.36 actual_finish=41.36 dev=+0.00 injected=0.0
[charge_scheduler-1] [INFO] [1785314535.918826777] [charge_scheduler]: [执行事件] loop=open plan_v=0 C1 type=target_service target=15 station_ord=0 planned_finish=44.45 actual_finish=44.45 dev=+0.00 injected=0.0
[charge_scheduler-1] [INFO] [1785314535.918878486] [charge_scheduler]: [执行事件] loop=open plan_v=0 C2 type=target_service target=11 station_ord=0 planned_finish=81.43 actual_finish=81.43 dev=+0.00 injected=0.0
[charge_scheduler-1] [INFO] [1785314535.918899210] [charge_scheduler]: [执行事件] loop=open plan_v=0 C1 type=target_service target=7 station_ord=0 planned_finish=70.41 actual_finish=100.41 dev=+30.00 injected=30.0
[charge_scheduler-1] [INFO] [1785314535.918917650] [charge_scheduler]: [执行事件] loop=open plan_v=0 C2 type=target_service target=1 station_ord=0 planned_finish=106.86 actual_finish=106.86 dev=+0.00 injected=0.0
[charge_scheduler-1] [INFO] [1785314535.918935250] [charge_scheduler]: [执行事件] loop=open plan_v=0 C2 type=station_turnaround target=-1 station_ord=1 planned_finish=119.28 actual_finish=119.28 dev=+0.00 injected=0.0
[charge_scheduler-1] [INFO] [1785314535.918953867] [charge_scheduler]: [执行事件] loop=open plan_v=0 C1 type=target_service target=9 station_ord=0 planned_finish=102.94 actual_finish=135.45 dev=+32.52 injected=0.0
[charge_scheduler-1] [INFO] [1785314535.918972213] [charge_scheduler]: [执行事件] loop=open plan_v=0 C1 type=station_turnaround target=-1 station_ord=1 planned_finish=115.22 actual_finish=147.74 dev=+32.52 injected=0.0
[charge_scheduler-1] [INFO] [1785314535.918990896] [charge_scheduler]: [执行事件] loop=open plan_v=0 C1 type=target_service target=18 station_ord=0 planned_finish=142.35 actual_finish=174.87 dev=+32.52 injected=0.0
[charge_scheduler-1] [INFO] [1785314535.919008061] [charge_scheduler]: [执行事件] loop=open plan_v=0 C2 type=target_service target=13 station_ord=0 planned_finish=156.76 actual_finish=186.76 dev=+30.00 injected=30.0
[charge_scheduler-1] [INFO] [1785314535.919025362] [charge_scheduler]: [执行事件] loop=open plan_v=0 C1 type=target_service target=16 station_ord=0 planned_finish=174.73 actual_finish=209.98 dev=+35.25 injected=0.0
[charge_scheduler-1] [INFO] [1785314535.919041073] [charge_scheduler]: [执行事件] loop=open plan_v=0 C2 type=target_service target=0 station_ord=0 planned_finish=194.56 actual_finish=225.23 dev=+30.67 injected=0.0
[charge_scheduler-1] [INFO] [1785314535.919056453] [charge_scheduler]: [执行事件] loop=open plan_v=0 C1 type=target_service target=6 station_ord=0 planned_finish=218.64 actual_finish=253.98 dev=+35.34 injected=0.0
[charge_scheduler-1] [INFO] [1785314535.919071446] [charge_scheduler]: [执行事件] loop=open plan_v=0 C2 type=target_service target=10 station_ord=0 planned_finish=231.23 actual_finish=264.07 dev=+32.84 injected=0.0
[charge_scheduler-1] [INFO] [1785314535.919085367] [charge_scheduler]: [执行事件] loop=open plan_v=0 C1 type=station_turnaround target=-1 station_ord=2 planned_finish=231.34 actual_finish=266.68 dev=+35.34 injected=0.0
[charge_scheduler-1] [INFO] [1785314535.919099703] [charge_scheduler]: [执行事件] loop=open plan_v=0 C2 type=station_turnaround target=-1 station_ord=2 planned_finish=242.88 actual_finish=275.73 dev=+32.84 injected=0.0
[charge_scheduler-1] [INFO] [1785314535.919117888] [charge_scheduler]: [执行事件] loop=open plan_v=0 C1 type=target_service target=19 station_ord=0 planned_finish=269.50 actual_finish=305.34 dev=+35.85 injected=0.0
[charge_scheduler-1] [INFO] [1785314535.919133858] [charge_scheduler]: [执行事件] loop=open plan_v=0 C2 type=target_service target=5 station_ord=0 planned_finish=289.81 actual_finish=322.65 dev=+32.84 injected=0.0
[charge_scheduler-1] [INFO] [1785314535.919149117] [charge_scheduler]: [执行事件] loop=open plan_v=0 C1 type=target_service target=2 station_ord=0 planned_finish=313.89 actual_finish=351.22 dev=+37.34 injected=0.0
[charge_scheduler-1] [INFO] [1785314535.919163945] [charge_scheduler]: [执行事件] loop=open plan_v=0 C1 type=station_turnaround target=-1 station_ord=3 planned_finish=325.81 actual_finish=363.15 dev=+37.34 injected=0.0
[charge_scheduler-1] [INFO] [1785314535.919178657] [charge_scheduler]: [执行事件] loop=open plan_v=0 C2 type=target_service target=14 station_ord=0 planned_finish=336.24 actual_finish=369.78 dev=+33.54 injected=0.0
[charge_scheduler-1] [INFO] [1785314535.919193081] [charge_scheduler]: [执行事件] loop=open plan_v=0 C2 type=final_return target=-1 station_ord=0 planned_finish=340.01 actual_finish=373.54 dev=+33.54 injected=0.0
[charge_scheduler-1] [INFO] [1785314535.919207108] [charge_scheduler]: [执行事件] loop=open plan_v=0 C1 type=target_service target=17 station_ord=0 planned_finish=371.51 actual_finish=409.81 dev=+38.29 injected=0.0
[charge_scheduler-1] [INFO] [1785314535.919235334] [charge_scheduler]: [执行事件] loop=open plan_v=0 C1 type=final_return target=-1 station_ord=0 planned_finish=374.30 actual_finish=412.60 dev=+38.29 injected=0.0
[charge_scheduler-1] [INFO] [1785314535.919279208] [charge_scheduler]: [执行事件] loop=fixed plan_v=0 C1 type=target_service target=12 station_ord=0 planned_finish=8.58 actual_finish=8.58 dev=+0.00 injected=0.0
[charge_scheduler-1] [INFO] [1785314535.919295512] [charge_scheduler]: [执行事件] loop=fixed plan_v=0 C2 type=target_service target=8 station_ord=0 planned_finish=16.35 actual_finish=16.35 dev=+0.00 injected=0.0
[charge_scheduler-1] [INFO] [1785314535.919313054] [charge_scheduler]: [执行事件] loop=fixed plan_v=0 C1 type=target_service target=4 station_ord=0 planned_finish=20.20 actual_finish=20.20 dev=+0.00 injected=0.0
[charge_scheduler-1] [INFO] [1785314535.919329943] [charge_scheduler]: [执行事件] loop=fixed plan_v=0 C2 type=target_service target=3 station_ord=0 planned_finish=41.36 actual_finish=41.36 dev=+0.00 injected=0.0
[charge_scheduler-1] [INFO] [1785314535.919348645] [charge_scheduler]: [执行事件] loop=fixed plan_v=0 C1 type=target_service target=15 station_ord=0 planned_finish=44.45 actual_finish=44.45 dev=+0.00 injected=0.0
[charge_scheduler-1] [INFO] [1785314535.919368502] [charge_scheduler]: [执行事件] loop=fixed plan_v=0 C2 type=target_service target=11 station_ord=0 planned_finish=81.43 actual_finish=81.43 dev=+0.00 injected=0.0
[charge_scheduler-1] [INFO] [1785314535.919385582] [charge_scheduler]: [执行事件] loop=fixed plan_v=0 C1 type=target_service target=7 station_ord=0 planned_finish=70.41 actual_finish=100.41 dev=+30.00 injected=30.0
[charge_scheduler-1] [WARN] [1785314536.204845882] [charge_scheduler]: [重调度事件] policy=fixed #1 t=100.41min trigger=C1/target_service dev=+30.00 pool=12 committed=1 plan_v=1 solve_ms=285.4 changed_assign=0 changed_order=10
[charge_scheduler-1] [INFO] [1785314536.204906824] [charge_scheduler]: [执行事件] loop=fixed plan_v=0 C2 type=target_service target=1 station_ord=0 planned_finish=106.86 actual_finish=106.86 dev=+0.00 injected=0.0
[charge_scheduler-1] [INFO] [1785314536.204917343] [charge_scheduler]: [执行事件] loop=fixed plan_v=1 C2 type=station_turnaround target=-1 station_ord=1 planned_finish=119.28 actual_finish=119.28 dev=+0.00 injected=0.0
[charge_scheduler-1] [INFO] [1785314536.204925360] [charge_scheduler]: [执行事件] loop=fixed plan_v=1 C1 type=target_service target=9 station_ord=0 planned_finish=135.45 actual_finish=135.45 dev=+0.00 injected=0.0
[charge_scheduler-1] [INFO] [1785314536.204933949] [charge_scheduler]: [执行事件] loop=fixed plan_v=1 C1 type=station_turnaround target=-1 station_ord=1 planned_finish=147.74 actual_finish=147.74 dev=+0.00 injected=0.0
[charge_scheduler-1] [INFO] [1785314536.204940924] [charge_scheduler]: [执行事件] loop=fixed plan_v=1 C1 type=target_service target=18 station_ord=0 planned_finish=174.87 actual_finish=174.87 dev=+0.00 injected=0.0
[charge_scheduler-1] [INFO] [1785314536.204947733] [charge_scheduler]: [执行事件] loop=fixed plan_v=1 C2 type=target_service target=13 station_ord=0 planned_finish=156.76 actual_finish=186.76 dev=+30.00 injected=30.0
[charge_scheduler-1] [WARN] [1785314536.381690441] [charge_scheduler]: [重调度事件] policy=fixed #2 t=186.76min trigger=C2/target_service dev=+30.00 pool=8 committed=1 plan_v=2 solve_ms=176.7 changed_assign=0 changed_order=7
[charge_scheduler-1] [INFO] [1785314536.381773234] [charge_scheduler]: [执行事件] loop=fixed plan_v=1 C1 type=target_service target=6 station_ord=0 planned_finish=219.46 actual_finish=219.46 dev=+0.00 injected=0.0
[charge_scheduler-1] [INFO] [1785314536.381788485] [charge_scheduler]: [执行事件] loop=fixed plan_v=2 C2 type=target_service target=10 station_ord=0 planned_finish=225.86 actual_finish=225.86 dev=+0.00 injected=0.0
[charge_scheduler-1] [INFO] [1785314536.381798337] [charge_scheduler]: [执行事件] loop=fixed plan_v=2 C1 type=target_service target=19 station_ord=0 planned_finish=257.33 actual_finish=257.33 dev=+0.00 injected=0.0
[charge_scheduler-1] [INFO] [1785314536.381808950] [charge_scheduler]: [执行事件] loop=fixed plan_v=2 C2 type=target_service target=0 station_ord=0 planned_finish=261.98 actual_finish=261.98 dev=+0.00 injected=0.0
[charge_scheduler-1] [INFO] [1785314536.381818072] [charge_scheduler]: [执行事件] loop=fixed plan_v=2 C1 type=station_turnaround target=-1 station_ord=2 planned_finish=269.53 actual_finish=269.53 dev=+0.00 injected=0.0
[charge_scheduler-1] [INFO] [1785314536.381869805] [charge_scheduler]: [执行事件] loop=fixed plan_v=2 C2 type=station_turnaround target=-1 station_ord=2 planned_finish=272.83 actual_finish=272.83 dev=+0.00 injected=0.0
[charge_scheduler-1] [INFO] [1785314536.381881843] [charge_scheduler]: [执行事件] loop=fixed plan_v=2 C1 type=target_service target=16 station_ord=0 planned_finish=307.36 actual_finish=307.36 dev=+0.00 injected=0.0
[charge_scheduler-1] [INFO] [1785314536.381893186] [charge_scheduler]: [执行事件] loop=fixed plan_v=2 C2 type=target_service target=5 station_ord=0 planned_finish=319.76 actual_finish=319.76 dev=+0.00 injected=0.0
[charge_scheduler-1] [INFO] [1785314536.381905052] [charge_scheduler]: [执行事件] loop=fixed plan_v=2 C1 type=target_service target=2 station_ord=0 planned_finish=352.63 actual_finish=352.63 dev=+0.00 injected=0.0
[charge_scheduler-1] [INFO] [1785314536.381921886] [charge_scheduler]: [执行事件] loop=fixed plan_v=2 C1 type=station_turnaround target=-1 station_ord=3 planned_finish=364.55 actual_finish=364.55 dev=+0.00 injected=0.0
[charge_scheduler-1] [INFO] [1785314536.381932794] [charge_scheduler]: [执行事件] loop=fixed plan_v=2 C2 type=target_service target=14 station_ord=0 planned_finish=366.89 actual_finish=366.89 dev=+0.00 injected=0.0
[charge_scheduler-1] [INFO] [1785314536.381942379] [charge_scheduler]: [执行事件] loop=fixed plan_v=2 C2 type=final_return target=-1 station_ord=0 planned_finish=370.65 actual_finish=370.65 dev=+0.00 injected=0.0
[charge_scheduler-1] [INFO] [1785314536.381952024] [charge_scheduler]: [执行事件] loop=fixed plan_v=2 C1 type=target_service target=17 station_ord=0 planned_finish=411.21 actual_finish=411.21 dev=+0.00 injected=0.0
[charge_scheduler-1] [INFO] [1785314536.381961712] [charge_scheduler]: [执行事件] loop=fixed plan_v=2 C1 type=final_return target=-1 station_ord=0 planned_finish=414.00 actual_finish=414.00 dev=+0.00 injected=0.0
[charge_scheduler-1] [INFO] [1785314536.381988084] [charge_scheduler]: ★闭环实验结果 mode=open M=20 K=2 disturbance=target delay=30.0 seed=10 N_late=9 T_overtime=360.263 C_total=3854.987 makespan=412.599 served=20 energy_viol=2 reschedules=0 reschedule_ms=0.000 changed_assign=0 changed_order=0 applied_target=2 applied_station=0 initial_solve_ms=13171.557
[charge_scheduler-1] [INFO] [1785314536.382004933] [charge_scheduler]: ★闭环实验结果 mode=fixed M=20 K=2 disturbance=target delay=30.0 seed=10 N_late=7 T_overtime=412.978 C_total=3974.220 makespan=414.000 served=20 energy_viol=0 reschedules=2 reschedule_ms=462.090 changed_assign=0 changed_order=17 applied_target=2 applied_station=0 initial_solve_ms=13171.557
[charge_scheduler-1] [INFO] [1785314536.382017207] [charge_scheduler]: ★闭环实验收益 policy=fixed M=20 K=2 disturbance=target delay=30.0 seed=10 recovered_late=2 overtime_reduction=-52.715 distance_delta=119.232 makespan_reduction=-1.401
[WARNING] [launch]: user interrupted with ctrl-c (SIGINT)
[charge_scheduler-1] [INFO] [1785314538.118010186] [rclcpp]: signal_handler(signum=2)
[INFO] [charge_scheduler-1]: sending signal 'SIGINT' to process[charge_scheduler-1]
[ERROR] [charge_scheduler-1]: process has died [pid 12153, exit code -2, cmd '/home/yy/controller/shared_dir/Comprehensive_Road_Testing/install/task_planner/lib/task_planner/charge_scheduler --ros-args -r __node:=charge_scheduler --params-file /home/yy/controller/shared_dir/Comprehensive_Road_Testing/install/task_planner/share/task_planner/config/charge_scheduler.param.yaml'].
