[INFO] [launch]: All log files can be found below /root/.ros/log/2026-07-29-08-44-20-251303-YYYY-12533
[INFO] [launch]: Default logging verbosity is set to INFO
[INFO] [charge_scheduler-1]: process started with pid [12536]
[charge_scheduler-1] [INFO] [1785314660.419654050] [charge_scheduler]: [Scheduler] 20辆车 | 电池800.0kWh(20%=160.0 80%=640.0) | 充电360kW效率97% | 行驶0.6kWh/km | 桩350kW
[charge_scheduler-1] [INFO] [1785314660.419796221] [charge_scheduler]: [Scheduler] 站端周转: 换电 10 min(换后满电) | 单趟可用 640 kWh
[charge_scheduler-1] [INFO] [1785314660.419825073] [charge_scheduler]:   车#0 [电动装载机282|light] 位置(-47.3,-2.6) 容量282kWh 剩余35% | α=6→6min/% τ=168min → 需130.8kWh(充21.2min)
[charge_scheduler-1] [INFO] [1785314660.419851526] [charge_scheduler]:   车#1 [重型叉车|light] 位置(-44.0,-64.1) 容量200kWh 剩余20% | α=6→6min/% τ=96min → 需123.7kWh(充20.0min)
[charge_scheduler-1] [INFO] [1785314660.419873911] [charge_scheduler]:   车#2 [电动装载机350|light] 位置(-51.1,-38.8) 容量350kWh 剩余50% | α=6→6min/% τ=288min → 需108.2kWh(充17.5min)
[charge_scheduler-1] [INFO] [1785314660.419894876] [charge_scheduler]:   车#3 [重型叉车|light] 位置(-71.0,-19.0) 容量200kWh 剩余10% | α=6→6min/% τ=32min → 需144.3kWh(充23.3min)
[charge_scheduler-1] [INFO] [1785314660.419915117] [charge_scheduler]:   车#4 [电动装载机282|heavy→降级] 位置(-93.3,6.6) 容量282kWh 剩余60% | α=3→6min/% τ=212min → 需58.1kWh(充9.4min)
[charge_scheduler-1] [INFO] [1785314660.419934660] [charge_scheduler]:   车#5 [电动装载机350|light] 位置(-104.4,47.7) 容量350kWh 剩余25% | α=6→6min/% τ=128min → 需198.5kWh(充32.1min)
[charge_scheduler-1] [INFO] [1785314660.419954788] [charge_scheduler]:   车#6 [电动装载机350|heavy→降级] 位置(-37.0,-75.1) 容量350kWh 剩余40% | α=4→6min/% τ=176min → 需144.3kWh(充23.3min)
[charge_scheduler-1] [INFO] [1785314660.419973673] [charge_scheduler]:   车#7 [重型叉车|light] 位置(-88.8,-37.1) 容量200kWh 剩余15% | α=6→6min/% τ=64min → 需134.0kWh(充21.7min)
[charge_scheduler-1] [INFO] [1785314660.419992719] [charge_scheduler]:   车#8 [电动装载机282|heavy→降级] 位置(-70.9,27.7) 容量282kWh 剩余55% | α=3→6min/% τ=196min → 需72.7kWh(充11.8min)
[charge_scheduler-1] [INFO] [1785314660.420011641] [charge_scheduler]:   车#9 [电动装载机282|heavy→降级] 位置(-35.4,-47.4) 容量282kWh 剩余30% | α=3→6min/% τ=116min → 需145.4kWh(充23.5min)
[charge_scheduler-1] [INFO] [1785314660.420030396] [charge_scheduler]:   车#10 [电动装载机282|light] 位置(-100.0,-1.0) 容量282kWh 剩余45% | α=6→6min/% τ=224min → 需101.8kWh(充16.4min)
[charge_scheduler-1] [INFO] [1785314660.420049219] [charge_scheduler]:   车#11 [电动装载机350|light] 位置(-72.8,-15.6) 容量350kWh 剩余18% | α=6→6min/% τ=83min → 需223.7kWh(充36.2min)
[charge_scheduler-1] [INFO] [1785314660.420069261] [charge_scheduler]:   车#12 [重型叉车|heavy→降级] 位置(-61.7,-20.7) 容量200kWh 剩余62% | α=3→6min/% τ=230min → 需37.1kWh(充6.0min)
[charge_scheduler-1] [INFO] [1785314660.420088162] [charge_scheduler]:   车#13 [电动装载机282|light] 位置(-133.0,-25.3) 容量282kWh 剩余28% | α=6→6min/% τ=129min → 需151.2kWh(充24.4min)
[charge_scheduler-1] [INFO] [1785314660.420107205] [charge_scheduler]:   车#14 [电动装载机350|light] 位置(-132.0,-8.9) 容量350kWh 剩余52% | α=6→6min/% τ=301min → 需101.0kWh(充16.3min)
[charge_scheduler-1] [INFO] [1785314660.420127248] [charge_scheduler]:   车#15 [重型叉车|light] 位置(-120.0,7.9) 容量200kWh 剩余12% | α=6→6min/% τ=45min → 需140.2kWh(充22.7min)
[charge_scheduler-1] [INFO] [1785314660.420142674] [charge_scheduler]:   车#16 [电动装载机282|light] 位置(-43.8,-82.9) 容量282kWh 剩余38% | α=6→6min/% τ=185min → 需122.1kWh(充19.7min)
[charge_scheduler-1] [INFO] [1785314660.420172429] [charge_scheduler]:   车#17 [电动装载机350|light] 位置(-31.1,-74.7) 容量350kWh 剩余58% | α=6→6min/% τ=339min → 需79.4kWh(充12.8min)
[charge_scheduler-1] [INFO] [1785314660.420188441] [charge_scheduler]:   车#18 [重型叉车|heavy→降级] 位置(-75.4,-68.2) 容量200kWh 剩余22% | α=3→6min/% τ=102min → 需119.6kWh(充19.3min)
[charge_scheduler-1] [INFO] [1785314660.420204168] [charge_scheduler]:   车#19 [电动装载机282|light] 位置(-88.2,47.1) 容量282kWh 剩余48% | α=6→6min/% τ=241min → 需93.0kWh(充15.0min)
[charge_scheduler-1] [INFO] [1785314660.431385686] [charge_scheduler]: [Scheduler] 闭环接口: threshold=10.0min | event_sim=on | policy=fixed | structured_feedback=optional (/task_planner/execution_event)
[charge_scheduler-1] [INFO] [1785314660.431513364] [charge_scheduler]: [Scheduler] 已启动, 等待地图...
[charge_scheduler-1] [INFO] [1785314660.492495034] [charge_scheduler]: [Scheduler] RoutingGraph 就绪
[charge_scheduler-1] [INFO] [1785314660.492864579] [charge_scheduler]: [Scheduler] 提取到 6 条虚线捷径
[charge_scheduler-1] [INFO] [1785314660.509232077] [charge_scheduler]: [Scheduler] 下层兼容增强图: 166 节点, 6 条虚线掉头边
[charge_scheduler-1] [INFO] [1785314664.395909998] [charge_scheduler]: [Scheduler] 距离矩阵完成 21x21, 3886.6 ms | 模式=maneuver | 真实不可达=0 抽象不可达=0 | 缺少对向投影节点=0
[charge_scheduler-1] [INFO] [1785314664.395987120] [charge_scheduler]:   ✓ 比值自检：420 个 OD 满足 机动/直线≥1 | 均值=2.70 最大=41.42 (车#4→车#10)
[charge_scheduler-1] [INFO] [1785314664.395997055] [charge_scheduler]: [Scheduler] 地图就绪, 166 条 lanelet（与下层一致）
[charge_scheduler-1] [INFO] [1785314664.396045316] [charge_scheduler]: ======== 开始VRPTW调度 20 辆车 ========
[charge_scheduler-1] [INFO] [1785314664.396051081] [charge_scheduler]:   规模20>8 → 启发式(alns)
[charge_scheduler-1] [INFO] [1785314678.899802369] [charge_scheduler]: [ALNS] seed=7 iters=15000 | N_late=2(成功率90.0%) T_overtime=135.1min C_total=3720.9m | 趟数=7 makespan=376.4min
[charge_scheduler-1] [INFO] [1785314678.899854796] [charge_scheduler]:   求解耗时 14503.8 ms
[charge_scheduler-1] [INFO] [1785314678.899862184] [charge_scheduler]: ════════ 调度结果 ════════
[charge_scheduler-1] [INFO] [1785314678.899866276] [charge_scheduler]:   ★目标(字典序): ① N_late=2 辆 (按时成功率 18/20 = 90.0%)  ② T_overtime=135.1min  ③ C_total=3720.9m
[charge_scheduler-1] [INFO] [1785314678.899872045] [charge_scheduler]:   附: 趟数=7 | makespan=376.4min | 能量可行=是
[charge_scheduler-1] [INFO] [1785314678.899882131] [charge_scheduler]:   [充电车2] 趟1: 站 → 车#4(到1.4/限212.0✓) → 车#8(到13.7/限196.0✓) → 车#3(到28.2/限32.0✓) → 车#11(到53.2/限83.2✓) → 站
[charge_scheduler-1] [INFO] [1785314678.899888310] [charge_scheduler]:   [充电车1] 趟2: 站 → 车#12(到2.3/限230.4✓) → 车#15(到9.8/限44.8✓) → 车#7(到34.9/限64.0✓) → 车#18(到59.3/限102.4✓) → 车#1(到83.2/限96.0✓) → 站
[charge_scheduler-1] [INFO] [1785314678.899892984] [charge_scheduler]:   [充电车2] 趟3: 站 → 车#9(到108.8/限116.0✓) → 车#16(到144.7/限184.8✓) → 站
[charge_scheduler-1] [INFO] [1785314678.899898568] [charge_scheduler]:   [充电车1] 趟4: 站 → 车#13(到122.8/限128.8✓) → 车#0(到160.7/限168.0✓) → 车#10(到199.0/限224.0✓) → 站
[charge_scheduler-1] [INFO] [1785314678.899903169] [charge_scheduler]:   [充电车2] 趟5: 站 → 车#5(到192.5/限128.0✗超时) → 车#19(到236.6/限240.8✓) → 站
[charge_scheduler-1] [INFO] [1785314678.899907999] [charge_scheduler]:   [充电车1] 趟6: 站 → 车#6(到246.6/限176.0✗超时) → 车#14(到292.8/限300.8✓) → 站
[charge_scheduler-1] [INFO] [1785314678.899912391] [charge_scheduler]:   [充电车2] 趟7: 站 → 车#2(到285.8/限288.0✓) → 车#17(到330.6/限339.2✓) → 站
[charge_scheduler-1] [INFO] [1785314678.899915561] [charge_scheduler]: ════════════════════════
[charge_scheduler-1] [INFO] [1785314678.899959687] [charge_scheduler]: [扰动清单] type=station delay=30.0min targets={} station={C1-S1,C2-S1,}
[charge_scheduler-1] [INFO] [1785314678.899973027] [charge_scheduler]: [执行事件] loop=open plan_v=0 C1 type=target_service target=12 station_ord=0 planned_finish=8.58 actual_finish=8.58 dev=+0.00 injected=0.0
[charge_scheduler-1] [INFO] [1785314678.899980340] [charge_scheduler]: [执行事件] loop=open plan_v=0 C2 type=target_service target=4 station_ord=0 planned_finish=11.04 actual_finish=11.04 dev=+0.00 injected=0.0
[charge_scheduler-1] [INFO] [1785314678.899986349] [charge_scheduler]: [执行事件] loop=open plan_v=0 C2 type=target_service target=8 station_ord=0 planned_finish=27.46 actual_finish=27.46 dev=+0.00 injected=0.0
[charge_scheduler-1] [INFO] [1785314678.899991707] [charge_scheduler]: [执行事件] loop=open plan_v=0 C1 type=target_service target=15 station_ord=0 planned_finish=33.02 actual_finish=33.02 dev=+0.00 injected=0.0
[charge_scheduler-1] [INFO] [1785314678.899997097] [charge_scheduler]: [执行事件] loop=open plan_v=0 C2 type=target_service target=3 station_ord=0 planned_finish=53.05 actual_finish=53.05 dev=+0.00 injected=0.0
[charge_scheduler-1] [INFO] [1785314678.900031773] [charge_scheduler]: [执行事件] loop=open plan_v=0 C1 type=target_service target=7 station_ord=0 planned_finish=58.39 actual_finish=58.39 dev=+0.00 injected=0.0
[charge_scheduler-1] [INFO] [1785314678.900037384] [charge_scheduler]: [执行事件] loop=open plan_v=0 C1 type=target_service target=18 station_ord=0 planned_finish=82.05 actual_finish=82.05 dev=+0.00 injected=0.0
[charge_scheduler-1] [INFO] [1785314678.900042979] [charge_scheduler]: [执行事件] loop=open plan_v=0 C2 type=target_service target=11 station_ord=0 planned_finish=94.18 actual_finish=94.18 dev=+0.00 injected=0.0
[charge_scheduler-1] [INFO] [1785314678.900049172] [charge_scheduler]: [执行事件] loop=open plan_v=0 C1 type=target_service target=1 station_ord=0 planned_finish=107.54 actual_finish=107.54 dev=+0.00 injected=0.0
[charge_scheduler-1] [INFO] [1785314678.900055274] [charge_scheduler]: [执行事件] loop=open plan_v=0 C2 type=station_turnaround target=-1 station_ord=1 planned_finish=106.67 actual_finish=136.67 dev=+30.00 injected=30.0
[charge_scheduler-1] [INFO] [1785314678.900061346] [charge_scheduler]: [执行事件] loop=open plan_v=0 C1 type=station_turnaround target=-1 station_ord=1 planned_finish=119.97 actual_finish=149.97 dev=+30.00 injected=30.0
[charge_scheduler-1] [INFO] [1785314678.900067206] [charge_scheduler]: [执行事件] loop=open plan_v=0 C2 type=target_service target=9 station_ord=0 planned_finish=143.49 actual_finish=174.09 dev=+30.60 injected=0.0
[charge_scheduler-1] [INFO] [1785314678.900072840] [charge_scheduler]: [执行事件] loop=open plan_v=0 C1 type=target_service target=13 station_ord=0 planned_finish=157.50 actual_finish=188.01 dev=+30.51 injected=0.0
[charge_scheduler-1] [INFO] [1785314678.900078499] [charge_scheduler]: [执行事件] loop=open plan_v=0 C2 type=target_service target=16 station_ord=0 planned_finish=176.61 actual_finish=209.78 dev=+33.17 injected=0.0
[charge_scheduler-1] [INFO] [1785314678.900084004] [charge_scheduler]: [执行事件] loop=open plan_v=0 C2 type=station_turnaround target=-1 station_ord=2 planned_finish=189.33 actual_finish=222.50 dev=+33.17 injected=0.0
[charge_scheduler-1] [INFO] [1785314678.900089568] [charge_scheduler]: [执行事件] loop=open plan_v=0 C1 type=target_service target=0 station_ord=0 planned_finish=195.36 actual_finish=226.48 dev=+31.12 injected=0.0
[charge_scheduler-1] [INFO] [1785314678.900095191] [charge_scheduler]: [执行事件] loop=open plan_v=0 C1 type=target_service target=10 station_ord=0 planned_finish=232.10 actual_finish=265.32 dev=+33.22 injected=0.0
[charge_scheduler-1] [INFO] [1785314678.900100831] [charge_scheduler]: [执行事件] loop=open plan_v=0 C2 type=target_service target=5 station_ord=0 planned_finish=236.26 actual_finish=269.43 dev=+33.17 injected=0.0
[charge_scheduler-1] [INFO] [1785314678.900106278] [charge_scheduler]: [执行事件] loop=open plan_v=0 C1 type=station_turnaround target=-1 station_ord=2 planned_finish=243.75 actual_finish=276.97 dev=+33.22 injected=0.0
[charge_scheduler-1] [INFO] [1785314678.900112442] [charge_scheduler]: [执行事件] loop=open plan_v=0 C2 type=target_service target=19 station_ord=0 planned_finish=271.52 actual_finish=305.04 dev=+33.52 injected=0.0
[charge_scheduler-1] [INFO] [1785314678.900117944] [charge_scheduler]: [执行事件] loop=open plan_v=0 C2 type=station_turnaround target=-1 station_ord=3 planned_finish=283.72 actual_finish=317.24 dev=+33.52 injected=0.0
[charge_scheduler-1] [INFO] [1785314678.900123490] [charge_scheduler]: [执行事件] loop=open plan_v=0 C1 type=target_service target=6 station_ord=0 planned_finish=290.31 actual_finish=323.53 dev=+33.22 injected=0.0
[charge_scheduler-1] [INFO] [1785314678.900128927] [charge_scheduler]: [执行事件] loop=open plan_v=0 C2 type=target_service target=2 station_ord=0 planned_finish=329.30 actual_finish=363.03 dev=+33.72 injected=0.0
[charge_scheduler-1] [INFO] [1785314678.900134393] [charge_scheduler]: [执行事件] loop=open plan_v=0 C1 type=target_service target=14 station_ord=0 planned_finish=335.82 actual_finish=369.77 dev=+33.95 injected=0.0
[charge_scheduler-1] [INFO] [1785314678.900139791] [charge_scheduler]: [执行事件] loop=open plan_v=0 C1 type=final_return target=-1 station_ord=0 planned_finish=339.58 actual_finish=373.53 dev=+33.95 injected=0.0
[charge_scheduler-1] [INFO] [1785314678.900145071] [charge_scheduler]: [执行事件] loop=open plan_v=0 C2 type=target_service target=17 station_ord=0 planned_finish=373.60 actual_finish=408.10 dev=+34.51 injected=0.0
[charge_scheduler-1] [INFO] [1785314678.900153051] [charge_scheduler]: [执行事件] loop=open plan_v=0 C2 type=final_return target=-1 station_ord=0 planned_finish=376.39 actual_finish=410.89 dev=+34.51 injected=0.0
[charge_scheduler-1] [INFO] [1785314678.900165325] [charge_scheduler]: [执行事件] loop=fixed plan_v=0 C1 type=target_service target=12 station_ord=0 planned_finish=8.58 actual_finish=8.58 dev=+0.00 injected=0.0
[charge_scheduler-1] [INFO] [1785314678.900170607] [charge_scheduler]: [执行事件] loop=fixed plan_v=0 C2 type=target_service target=4 station_ord=0 planned_finish=11.04 actual_finish=11.04 dev=+0.00 injected=0.0
[charge_scheduler-1] [INFO] [1785314678.900176014] [charge_scheduler]: [执行事件] loop=fixed plan_v=0 C2 type=target_service target=8 station_ord=0 planned_finish=27.46 actual_finish=27.46 dev=+0.00 injected=0.0
[charge_scheduler-1] [INFO] [1785314678.900181254] [charge_scheduler]: [执行事件] loop=fixed plan_v=0 C1 type=target_service target=15 station_ord=0 planned_finish=33.02 actual_finish=33.02 dev=+0.00 injected=0.0
[charge_scheduler-1] [INFO] [1785314678.900186613] [charge_scheduler]: [执行事件] loop=fixed plan_v=0 C2 type=target_service target=3 station_ord=0 planned_finish=53.05 actual_finish=53.05 dev=+0.00 injected=0.0
[charge_scheduler-1] [INFO] [1785314678.900191867] [charge_scheduler]: [执行事件] loop=fixed plan_v=0 C1 type=target_service target=7 station_ord=0 planned_finish=58.39 actual_finish=58.39 dev=+0.00 injected=0.0
[charge_scheduler-1] [INFO] [1785314678.900197168] [charge_scheduler]: [执行事件] loop=fixed plan_v=0 C1 type=target_service target=18 station_ord=0 planned_finish=82.05 actual_finish=82.05 dev=+0.00 injected=0.0
[charge_scheduler-1] [INFO] [1785314678.900202544] [charge_scheduler]: [执行事件] loop=fixed plan_v=0 C2 type=target_service target=11 station_ord=0 planned_finish=94.18 actual_finish=94.18 dev=+0.00 injected=0.0
[charge_scheduler-1] [INFO] [1785314678.900207998] [charge_scheduler]: [执行事件] loop=fixed plan_v=0 C1 type=target_service target=1 station_ord=0 planned_finish=107.54 actual_finish=107.54 dev=+0.00 injected=0.0
[charge_scheduler-1] [INFO] [1785314678.900213653] [charge_scheduler]: [执行事件] loop=fixed plan_v=0 C2 type=station_turnaround target=-1 station_ord=1 planned_finish=106.67 actual_finish=136.67 dev=+30.00 injected=30.0
[charge_scheduler-1] [WARN] [1785314679.169270096] [charge_scheduler]: [重调度事件] policy=fixed #1 t=136.67min trigger=C2/station_turnaround dev=+30.00 pool=11 committed=0 plan_v=1 solve_ms=269.0 changed_assign=0 changed_order=7
[charge_scheduler-1] [INFO] [1785314679.169322470] [charge_scheduler]: [执行事件] loop=fixed plan_v=0 C1 type=station_turnaround target=-1 station_ord=1 planned_finish=119.97 actual_finish=149.97 dev=+30.00 injected=30.0
[charge_scheduler-1] [WARN] [1785314679.421424090] [charge_scheduler]: [重调度事件] policy=fixed #2 t=149.97min trigger=C1/station_turnaround dev=+30.00 pool=10 committed=1 plan_v=2 solve_ms=252.0 changed_assign=0 changed_order=4
[charge_scheduler-1] [INFO] [1785314679.421496723] [charge_scheduler]: [执行事件] loop=fixed plan_v=1 C2 type=target_service target=9 station_ord=0 planned_finish=174.09 actual_finish=174.09 dev=+0.00 injected=0.0
[charge_scheduler-1] [INFO] [1785314679.421510909] [charge_scheduler]: [执行事件] loop=fixed plan_v=2 C1 type=target_service target=13 station_ord=0 planned_finish=188.01 actual_finish=188.01 dev=+0.00 injected=0.0
[charge_scheduler-1] [INFO] [1785314679.421519989] [charge_scheduler]: [执行事件] loop=fixed plan_v=2 C2 type=target_service target=16 station_ord=0 planned_finish=209.78 actual_finish=209.78 dev=+0.00 injected=0.0
[charge_scheduler-1] [INFO] [1785314679.421528261] [charge_scheduler]: [执行事件] loop=fixed plan_v=2 C1 type=target_service target=10 station_ord=0 planned_finish=227.21 actual_finish=227.21 dev=+0.00 injected=0.0
[charge_scheduler-1] [INFO] [1785314679.421536407] [charge_scheduler]: [执行事件] loop=fixed plan_v=2 C2 type=target_service target=19 station_ord=0 planned_finish=246.86 actual_finish=246.86 dev=+0.00 injected=0.0
[charge_scheduler-1] [INFO] [1785314679.421546105] [charge_scheduler]: [执行事件] loop=fixed plan_v=2 C2 type=station_turnaround target=-1 station_ord=2 planned_finish=259.06 actual_finish=259.06 dev=+0.00 injected=0.0
[charge_scheduler-1] [INFO] [1785314679.421554707] [charge_scheduler]: [执行事件] loop=fixed plan_v=2 C1 type=target_service target=0 station_ord=0 planned_finish=263.33 actual_finish=263.33 dev=+0.00 injected=0.0
[charge_scheduler-1] [INFO] [1785314679.421594371] [charge_scheduler]: [执行事件] loop=fixed plan_v=2 C1 type=station_turnaround target=-1 station_ord=2 planned_finish=274.19 actual_finish=274.19 dev=+0.00 injected=0.0
[charge_scheduler-1] [INFO] [1785314679.421604085] [charge_scheduler]: [执行事件] loop=fixed plan_v=2 C2 type=target_service target=5 station_ord=0 planned_finish=305.99 actual_finish=305.99 dev=+0.00 injected=0.0
[charge_scheduler-1] [INFO] [1785314679.421612759] [charge_scheduler]: [执行事件] loop=fixed plan_v=2 C1 type=target_service target=6 station_ord=0 planned_finish=320.75 actual_finish=320.75 dev=+0.00 injected=0.0
[charge_scheduler-1] [INFO] [1785314679.421621354] [charge_scheduler]: [执行事件] loop=fixed plan_v=2 C2 type=target_service target=2 station_ord=0 planned_finish=352.10 actual_finish=352.10 dev=+0.00 injected=0.0
[charge_scheduler-1] [INFO] [1785314679.421637682] [charge_scheduler]: [执行事件] loop=fixed plan_v=2 C2 type=station_turnaround target=-1 station_ord=3 planned_finish=364.03 actual_finish=364.03 dev=+0.00 injected=0.0
[charge_scheduler-1] [INFO] [1785314679.421645566] [charge_scheduler]: [执行事件] loop=fixed plan_v=2 C1 type=target_service target=14 station_ord=0 planned_finish=366.98 actual_finish=366.98 dev=+0.00 injected=0.0
[charge_scheduler-1] [INFO] [1785314679.421653304] [charge_scheduler]: [执行事件] loop=fixed plan_v=2 C1 type=final_return target=-1 station_ord=0 planned_finish=370.74 actual_finish=370.74 dev=+0.00 injected=0.0
[charge_scheduler-1] [INFO] [1785314679.421660856] [charge_scheduler]: [执行事件] loop=fixed plan_v=2 C2 type=target_service target=17 station_ord=0 planned_finish=410.68 actual_finish=410.68 dev=+0.00 injected=0.0
[charge_scheduler-1] [INFO] [1785314679.421668291] [charge_scheduler]: [执行事件] loop=fixed plan_v=2 C2 type=final_return target=-1 station_ord=0 planned_finish=413.47 actual_finish=413.47 dev=+0.00 injected=0.0
[charge_scheduler-1] [INFO] [1785314679.421685476] [charge_scheduler]: ★闭环实验结果 mode=open M=20 K=2 disturbance=station delay=30.0 seed=7 N_late=10 T_overtime=388.207 C_total=3720.913 makespan=410.894 served=20 energy_viol=2 reschedules=0 reschedule_ms=0.000 changed_assign=0 changed_order=0 applied_target=0 applied_station=2 initial_solve_ms=14503.803
[charge_scheduler-1] [INFO] [1785314679.421699114] [charge_scheduler]: ★闭环实验结果 mode=fixed M=20 K=2 disturbance=station delay=30.0 seed=7 N_late=8 T_overtime=412.627 C_total=4023.264 makespan=413.474 served=20 energy_viol=0 reschedules=2 reschedule_ms=521.052 changed_assign=0 changed_order=11 applied_target=0 applied_station=2 initial_solve_ms=14503.803
[charge_scheduler-1] [INFO] [1785314679.421709704] [charge_scheduler]: ★闭环实验收益 policy=fixed M=20 K=2 disturbance=station delay=30.0 seed=7 recovered_late=2 overtime_reduction=-24.420 distance_delta=302.351 makespan_reduction=-2.580
[WARNING] [launch]: user interrupted with ctrl-c (SIGINT)
[INFO] [charge_scheduler-1]: sending signal 'SIGINT' to process[charge_scheduler-1]
[charge_scheduler-1] [INFO] [1785314681.297648080] [rclcpp]: signal_handler(signum=2)
[ERROR] [charge_scheduler-1]: process has died [pid 12536, exit code -2, cmd '/home/yy/controller/shared_dir/Comprehensive_Road_Testing/install/task_planner/lib/task_planner/charge_scheduler --ros-args -r __node:=charge_scheduler --params-file /home/yy/controller/shared_dir/Comprehensive_Road_Testing/install/task_planner/share/task_planner/config/charge_scheduler.param.yaml'].
