[RUN_META] map=map1 experiment=E2 objective=OBJ-N method=EUC internal_mode=euclid scale=M30 K=3 seed=8 iters=15000
[RUN_META] case=./cases/charge_scheduler_M30_K3.param.yaml
[INFO] [launch]: All log files can be found below /root/.ros/log/2026-08-08-13-14-32-516611-YYYY-10349
[INFO] [launch]: Default logging verbosity is set to INFO
[INFO] [charge_scheduler-1]: process started with pid [10352]
[charge_scheduler-1] [INFO] [1786194872.719902612] [charge_scheduler]: [目标顺序] objective_order=Nlate,Tover,Ctotal
[charge_scheduler-1] [INFO] [1786194872.721082754] [charge_scheduler]: [Scheduler] 30辆车 | 电池800.0kWh(20%=160.0 80%=640.0) | 充电360kW效率97% | 行驶0.6kWh/km | 桩350kW
[charge_scheduler-1] [INFO] [1786194872.721133341] [charge_scheduler]: [Scheduler] 站端周转: 换电 10 min(换后满电) | 单趟可用 640 kWh
[charge_scheduler-1] [INFO] [1786194872.721148397] [charge_scheduler]:   车#0 [电动装载机282|light] 位置(-47.3,-2.6) 容量282kWh 剩余35% | α=6→6min/% τ=168min → 需130.8kWh(充21.2min)
[charge_scheduler-1] [INFO] [1786194872.721169062] [charge_scheduler]:   车#1 [重型叉车|light] 位置(-44.0,-64.1) 容量200kWh 剩余20% | α=6→6min/% τ=96min → 需123.7kWh(充20.0min)
[charge_scheduler-1] [INFO] [1786194872.721187066] [charge_scheduler]:   车#2 [电动装载机350|light] 位置(-51.1,-38.8) 容量350kWh 剩余50% | α=6→6min/% τ=288min → 需108.2kWh(充17.5min)
[charge_scheduler-1] [INFO] [1786194872.721203438] [charge_scheduler]:   车#3 [重型叉车|light] 位置(-71.0,-19.0) 容量200kWh 剩余10% | α=6→6min/% τ=32min → 需144.3kWh(充23.3min)
[charge_scheduler-1] [INFO] [1786194872.721219905] [charge_scheduler]:   车#4 [电动装载机282|heavy→降级] 位置(-93.3,6.6) 容量282kWh 剩余60% | α=3→6min/% τ=212min → 需58.1kWh(充9.4min)
[charge_scheduler-1] [INFO] [1786194872.721235762] [charge_scheduler]:   车#5 [电动装载机350|light] 位置(-104.4,47.7) 容量350kWh 剩余25% | α=6→6min/% τ=128min → 需198.5kWh(充32.1min)
[charge_scheduler-1] [INFO] [1786194872.721251400] [charge_scheduler]:   车#6 [电动装载机350|heavy→降级] 位置(-37.0,-75.1) 容量350kWh 剩余40% | α=4→6min/% τ=176min → 需144.3kWh(充23.3min)
[charge_scheduler-1] [INFO] [1786194872.721266649] [charge_scheduler]:   车#7 [重型叉车|light] 位置(-88.8,-37.1) 容量200kWh 剩余15% | α=6→6min/% τ=64min → 需134.0kWh(充21.7min)
[charge_scheduler-1] [INFO] [1786194872.721282055] [charge_scheduler]:   车#8 [电动装载机282|heavy→降级] 位置(-70.9,27.7) 容量282kWh 剩余55% | α=3→6min/% τ=196min → 需72.7kWh(充11.8min)
[charge_scheduler-1] [INFO] [1786194872.721303932] [charge_scheduler]:   车#9 [电动装载机282|heavy→降级] 位置(-35.4,-47.4) 容量282kWh 剩余30% | α=3→6min/% τ=116min → 需145.4kWh(充23.5min)
[charge_scheduler-1] [INFO] [1786194872.721319866] [charge_scheduler]:   车#10 [电动装载机282|light] 位置(-100.0,-1.0) 容量282kWh 剩余45% | α=6→6min/% τ=224min → 需101.8kWh(充16.4min)
[charge_scheduler-1] [INFO] [1786194872.721335014] [charge_scheduler]:   车#11 [电动装载机350|light] 位置(-72.8,-15.6) 容量350kWh 剩余18% | α=6→6min/% τ=83min → 需223.7kWh(充36.2min)
[charge_scheduler-1] [INFO] [1786194872.721350323] [charge_scheduler]:   车#12 [重型叉车|heavy→降级] 位置(-61.7,-20.7) 容量200kWh 剩余62% | α=3→6min/% τ=230min → 需37.1kWh(充6.0min)
[charge_scheduler-1] [INFO] [1786194872.721365671] [charge_scheduler]:   车#13 [电动装载机282|light] 位置(-133.0,-25.3) 容量282kWh 剩余28% | α=6→6min/% τ=129min → 需151.2kWh(充24.4min)
[charge_scheduler-1] [INFO] [1786194872.721381178] [charge_scheduler]:   车#14 [电动装载机350|light] 位置(-132.0,-8.9) 容量350kWh 剩余52% | α=6→6min/% τ=301min → 需101.0kWh(充16.3min)
[charge_scheduler-1] [INFO] [1786194872.721399731] [charge_scheduler]:   车#15 [重型叉车|light] 位置(-120.0,7.9) 容量200kWh 剩余12% | α=6→6min/% τ=45min → 需140.2kWh(充22.7min)
[charge_scheduler-1] [INFO] [1786194872.721415705] [charge_scheduler]:   车#16 [电动装载机282|light] 位置(-43.8,-82.9) 容量282kWh 剩余38% | α=6→6min/% τ=185min → 需122.1kWh(充19.7min)
[charge_scheduler-1] [INFO] [1786194872.721430867] [charge_scheduler]:   车#17 [电动装载机350|light] 位置(-31.1,-74.7) 容量350kWh 剩余58% | α=6→6min/% τ=339min → 需79.4kWh(充12.8min)
[charge_scheduler-1] [INFO] [1786194872.721446088] [charge_scheduler]:   车#18 [重型叉车|heavy→降级] 位置(-75.4,-68.2) 容量200kWh 剩余22% | α=3→6min/% τ=102min → 需119.6kWh(充19.3min)
[charge_scheduler-1] [INFO] [1786194872.721461396] [charge_scheduler]:   车#19 [电动装载机282|light] 位置(-88.2,47.1) 容量282kWh 剩余48% | α=6→6min/% τ=241min → 需93.0kWh(充15.0min)
[charge_scheduler-1] [INFO] [1786194872.721476647] [charge_scheduler]:   车#20 [电动装载机350|light] 位置(-71.4,16.3) 容量350kWh 剩余33% | α=6→6min/% τ=179min → 需169.6kWh(充27.4min)
[charge_scheduler-1] [INFO] [1786194872.721529829] [charge_scheduler]:   车#21 [重型叉车|heavy→降级] 位置(-122.0,-0.6) 容量200kWh 剩余65% | α=3→6min/% τ=240min → 需30.9kWh(充5.0min)
[charge_scheduler-1] [INFO] [1786194872.721553362] [charge_scheduler]:   车#22 [电动装载机282|light] 位置(-71.6,11.6) 容量282kWh 剩余16% | α=6→6min/% τ=62min → 需186.1kWh(充30.1min)
[charge_scheduler-1] [INFO] [1786194872.721570037] [charge_scheduler]:   车#23 [电动装载机350|light] 位置(-131.0,37.2) 容量350kWh 剩余42% | α=6→6min/% τ=237min → 需137.1kWh(充22.2min)
[charge_scheduler-1] [INFO] [1786194872.721585976] [charge_scheduler]:   车#24 [重型叉车|heavy→降级] 位置(-51.3,5.9) 容量200kWh 剩余25% | α=3→6min/% τ=112min → 需113.4kWh(充18.3min)
[charge_scheduler-1] [INFO] [1786194872.721601157] [charge_scheduler]:   车#25 [电动装载机282|light] 位置(-62.2,-10.7) 容量282kWh 剩余55% | α=6→6min/% τ=280min → 需72.7kWh(充11.8min)
[charge_scheduler-1] [INFO] [1786194872.721616705] [charge_scheduler]:   车#26 [电动装载机350|light] 位置(-116.0,60.4) 容量350kWh 剩余30% | α=6→6min/% τ=160min → 需180.4kWh(充29.2min)
[charge_scheduler-1] [INFO] [1786194872.721631918] [charge_scheduler]:   车#27 [重型叉车|heavy→降级] 位置(-90.4,60.5) 容量200kWh 剩余68% | α=3→6min/% τ=250min → 需24.7kWh(充4.0min)
[charge_scheduler-1] [INFO] [1786194872.721646900] [charge_scheduler]:   车#28 [电动装载机282|light] 位置(-85.5,-46.0) 容量282kWh 剩余20% | α=6→6min/% τ=84min → 需174.4kWh(充28.2min)
[charge_scheduler-1] [INFO] [1786194872.721665337] [charge_scheduler]:   车#29 [电动装载机350|light] 位置(-87.0,-36.6) 容量350kWh 剩余36% | α=6→6min/% τ=198min → 需158.8kWh(充25.7min)
[charge_scheduler-1] [INFO] [1786194872.749689652] [charge_scheduler]: [Scheduler] 闭环接口: threshold=2.0min | event_sim=off | policy=global | structured_feedback=optional (/task_planner/execution_event)
[charge_scheduler-1] [INFO] [1786194872.749730129] [charge_scheduler]: [Scheduler] 已启动, 等待地图...
[charge_scheduler-1] [INFO] [1786194872.749742823] [charge_scheduler]: [Scheduler] 充电车1接口: sequence/served/arrived_target/arrived_station/return_goal/task_complete 后缀=_1
[charge_scheduler-1] [INFO] [1786194872.749754012] [charge_scheduler]: [Scheduler] 充电车2接口: sequence/served/arrived_target/arrived_station/return_goal/task_complete 后缀=_2
[charge_scheduler-1] [INFO] [1786194872.749763315] [charge_scheduler]: [Scheduler] 充电车3接口: sequence/served/arrived_target/arrived_station/return_goal/task_complete 后缀=_3
[charge_scheduler-1] [INFO] [1786194873.188507837] [charge_scheduler]: [Scheduler] RoutingGraph 就绪
[charge_scheduler-1] [INFO] [1786194873.188807048] [charge_scheduler]: [Scheduler] 提取到 6 条虚线捷径
[charge_scheduler-1] [INFO] [1786194873.203976577] [charge_scheduler]: [Scheduler] 下层兼容增强图: 166 节点, 6 条虚线掉头边
[charge_scheduler-1] [INFO] [1786194881.144238370] [charge_scheduler]: [Scheduler] 距离矩阵完成 31x31, 7940.2 ms | 模式=euclid | ECD不可达=0 DSP原始不可达=0 DSP虚线兜底=0 DSP最终不可达=0 抽象不可达=0 | 缺少对向投影节点=0 | 对向识别(ID/几何/法向)=0/0/0 | 单向驿站投影=0
[charge_scheduler-1] [INFO] [1786194881.144328818] [charge_scheduler]:   ✓ 比值自检：930 个 OD 满足 机动/直线≥1 | 均值=2.97 最大=42.81 (车#15→车#21)
[charge_scheduler-1] [INFO] [1786194881.144341415] [charge_scheduler]: [Scheduler] 地图就绪, 166 条 lanelet（与下层一致）
[charge_scheduler-1] [INFO] [1786194881.144394031] [charge_scheduler]: ======== 开始VRPTW调度 30 辆车 ========
[charge_scheduler-1] [INFO] [1786194881.144399930] [charge_scheduler]:   规模30>8 → 启发式(alns)
[charge_scheduler-1] [INFO] [1786194936.297392021] [charge_scheduler]: [ALNS] objective_order=Nlate,Tover,Ctotal seed=8 iters=15000 | N_late=2(成功率93.3%) T_overtime=81.5min C_total=3119.3m | 趟数=12 makespan=370.2min
[charge_scheduler-1] [INFO] [1786194936.297446586] [charge_scheduler]:   求解耗时 55153.0 ms
[charge_scheduler-1] [INFO] [1786194936.297456533] [charge_scheduler]: ════════ 调度结果 ════════
[charge_scheduler-1] [INFO] [1786194936.297463883] [charge_scheduler]:   ★目标(字典序): objective_order=Nlate,Tover,Ctotal | N_late=2 辆 (按时成功率 28/30 = 93.3%)  T_overtime=81.5min  C_total=3119.3m
[charge_scheduler-1] [INFO] [1786194936.297499495] [charge_scheduler]:   附: 趟数=12 | makespan=370.2min | 能量可行=是
[charge_scheduler-1] [INFO] [1786194936.297515679] [charge_scheduler]:   [充电车2] 趟1: 站 → 车#8(到1.1/限196.0✓) → 车#3(到13.7/限32.0✓) → 车#24(到38.3/限112.0✓) → 车#22(到59.7/限61.6✓) → 站
[charge_scheduler-1] [INFO] [1786194936.297526159] [charge_scheduler]:   [充电车1] 趟2: 站 → 车#12(到1.0/限230.4✓) → 车#4(到7.7/限212.0✓) → 车#28(到19.0/限84.0✓) → 车#1(到49.5/限96.0✓) → 车#18(到72.6/限102.4✓) → 站
[charge_scheduler-1] [INFO] [1786194936.297535834] [charge_scheduler]:   [充电车3] 趟3: 站 → 车#27(到1.6/限249.6✓) → 车#21(到6.8/限240.0✓) → 车#7(到13.3/限64.0✓) → 车#15(到36.4/限44.8✓) → 车#11(到61.8/限83.2✓) → 站
[charge_scheduler-1] [INFO] [1786194936.297542476] [charge_scheduler]:   [充电车2] 趟4: 站 → 车#9(到106.8/限116.0✓) → 车#6(到141.7/限176.0✓) → 站
[charge_scheduler-1] [INFO] [1786194936.297549267] [charge_scheduler]:   [充电车1] 趟5: 站 → 车#5(到109.3/限128.0✓) → 车#26(到151.6/限160.0✓) → 站
[charge_scheduler-1] [INFO] [1786194936.297557959] [charge_scheduler]:   [充电车3] 趟6: 站 → 车#13(到116.7/限128.8✓) → 车#16(到152.6/限184.8✓) → 车#0(到186.3/限168.0✗超时) → 站
[charge_scheduler-1] [INFO] [1786194936.297564630] [charge_scheduler]:   [充电车2] 趟7: 站 → 车#29(到195.0/限198.4✓) → 车#19(到239.7/限240.8✓) → 站
[charge_scheduler-1] [INFO] [1786194936.297571336] [charge_scheduler]:   [充电车1] 趟8: 站 → 车#10(到208.0/限224.0✓) → 车#20(到242.4/限179.2✗超时) → 站
[charge_scheduler-1] [INFO] [1786194936.297577838] [charge_scheduler]:   [充电车3] 趟9: 站 → 车#23(到234.3/限236.8✓) → 车#25(到279.1/限280.0✓) → 站
[charge_scheduler-1] [INFO] [1786194936.297583814] [charge_scheduler]:   [充电车1] 趟10: 站 → 车#14(到299.2/限300.8✓) → 站
[charge_scheduler-1] [INFO] [1786194936.297589212] [charge_scheduler]:   [充电车2] 趟11: 站 → 车#2(到287.3/限288.0✓) → 站
[charge_scheduler-1] [INFO] [1786194936.297594954] [charge_scheduler]:   [充电车3] 趟12: 站 → 车#17(到326.4/限339.2✓) → 站
[charge_scheduler-1] [INFO] [1786194936.297600100] [charge_scheduler]: ════════════════════════
[charge_scheduler-1] [WARN] [1786194936.297650637] [charge_scheduler]: ════ 耦合消融重放：欧氏距离定序 → 同K ECD执行口径 ════
[charge_scheduler-1] [WARN] [1786194936.297657601] [charge_scheduler]:   【欧氏距离仅生成顺序；K=3、能量、换电、分趟和并行时间线均按ECD执行一致机动距离重新解码】
[charge_scheduler-1] [WARN] [1786194936.297664292] [charge_scheduler]:   N_late=11 (按时率 19/30 = 63.3%)   T_overtime=232.4min   C_total=6556.4m   makespan=387.7min   能量违规=0   objective_order=Nlate,Tover,Ctotal
[charge_scheduler-1] [WARN] [1786194936.297673505] [charge_scheduler]:   逐辆到达时刻（ECD执行口径、同K解码）：
[charge_scheduler-1] [WARN] [1786194936.297679561] [charge_scheduler]:      车#0 到达 206.9 / 限 168.0 ✗超时
[charge_scheduler-1] [WARN] [1786194936.297686377] [charge_scheduler]:      车#1 到达 53.4 / 限 96.0 ✓
[charge_scheduler-1] [WARN] [1786194936.297693056] [charge_scheduler]:      车#2 到达 307.0 / 限 288.0 ✗超时
[charge_scheduler-1] [WARN] [1786194936.297705206] [charge_scheduler]:      车#3 到达 17.1 / 限 32.0 ✓
[charge_scheduler-1] [WARN] [1786194936.297712273] [charge_scheduler]:      车#4 到达 9.4 / 限 212.0 ✓
[charge_scheduler-1] [WARN] [1786194936.297718865] [charge_scheduler]:      车#5 到达 117.2 / 限 128.0 ✓
[charge_scheduler-1] [WARN] [1786194936.297725710] [charge_scheduler]:      车#6 到达 151.8 / 限 176.0 ✓
[charge_scheduler-1] [WARN] [1786194936.297732627] [charge_scheduler]:      车#7 到达 15.7 / 限 64.0 ✓
[charge_scheduler-1] [WARN] [1786194936.297739558] [charge_scheduler]:      车#8 到达 4.0 / 限 196.0 ✓
[charge_scheduler-1] [WARN] [1786194936.297752991] [charge_scheduler]:      车#9 到达 115.6 / 限 116.0 ✓
[charge_scheduler-1] [WARN] [1786194936.297759702] [charge_scheduler]:      车#10 到达 223.1 / 限 224.0 ✓
[charge_scheduler-1] [WARN] [1786194936.297766353] [charge_scheduler]:      车#11 到达 65.0 / 限 83.2 ✓
[charge_scheduler-1] [WARN] [1786194936.297774322] [charge_scheduler]:      车#12 到达 2.3 / 限 230.4 ✓
[charge_scheduler-1] [WARN] [1786194936.297780808] [charge_scheduler]:      车#13 到达 122.4 / 限 128.8 ✓
[charge_scheduler-1] [WARN] [1786194936.297795061] [charge_scheduler]:      车#14 到达 321.4 / 限 300.8 ✗超时
[charge_scheduler-1] [WARN] [1786194936.297802183] [charge_scheduler]:      车#15 到达 40.2 / 限 44.8 ✓
[charge_scheduler-1] [WARN] [1786194936.297807871] [charge_scheduler]:      车#16 到达 162.9 / 限 184.8 ✓
[charge_scheduler-1] [WARN] [1786194936.297820634] [charge_scheduler]:      车#17 到达 341.2 / 限 339.2 ✗超时
[charge_scheduler-1] [WARN] [1786194936.297828133] [charge_scheduler]:      车#18 到达 76.9 / 限 102.4 ✓
[charge_scheduler-1] [WARN] [1786194936.297835513] [charge_scheduler]:      车#19 到达 257.5 / 限 240.8 ✗超时
[charge_scheduler-1] [WARN] [1786194936.297843591] [charge_scheduler]:      车#20 到达 263.2 / 限 179.2 ✗超时
[charge_scheduler-1] [WARN] [1786194936.297851461] [charge_scheduler]:      车#21 到达 8.2 / 限 240.0 ✓
[charge_scheduler-1] [WARN] [1786194936.297858940] [charge_scheduler]:      车#22 到达 67.5 / 限 61.6 ✗超时
[charge_scheduler-1] [WARN] [1786194936.297866433] [charge_scheduler]:      车#23 到达 244.2 / 限 236.8 ✗超时
[charge_scheduler-1] [WARN] [1786194936.297873550] [charge_scheduler]:      车#24 到达 43.0 / 限 112.0 ✓
[charge_scheduler-1] [WARN] [1786194936.297884441] [charge_scheduler]:      车#25 到达 303.5 / 限 280.0 ✗超时
[charge_scheduler-1] [WARN] [1786194936.297891759] [charge_scheduler]:      车#26 到达 161.9 / 限 160.0 ✗超时
[charge_scheduler-1] [WARN] [1786194936.297898966] [charge_scheduler]:      车#27 到达 2.1 / 限 249.6 ✓
[charge_scheduler-1] [WARN] [1786194936.297905667] [charge_scheduler]:      车#28 到达 22.4 / 限 84.0 ✓
[charge_scheduler-1] [WARN] [1786194936.297912445] [charge_scheduler]:      车#29 到达 210.9 / 限 198.4 ✗超时
[charge_scheduler-1] [WARN] [1786194936.297925309] [charge_scheduler]:   欧氏距离生成的固定访问顺序 = #12 #8 #27 #21 #4 #7 #3 #28 #15 #24 #1 #22 #11 #18 #9 #5 #13 #6 #26 #16 #0 #29 #10 #23 #19 #20 #25 #2 #14 #17 
[charge_scheduler-1] [WARN] [1786194936.297932030] [charge_scheduler]: ════════════════════════════════════════
[charge_scheduler-1] [INFO] [1786194936.297945710] [charge_scheduler]:   ⏱ 任务计时开始 (t=0)
[charge_scheduler-1] [INFO] [1786194936.298485549] [charge_scheduler]: [多车派发] 充电车1分配4趟、10辆目标车，开始独立逐任务派发
[charge_scheduler-1] [INFO] [1786194936.298580722] [charge_scheduler]:   → [充电车1] 第1/4趟 第1/5辆: 车#12 (-61.70,-20.70) | topic后缀=_1 | 承诺完成=7.08min
[charge_scheduler-1] [INFO] [1786194936.299339670] [charge_scheduler]: [多车派发] 充电车2分配4趟、9辆目标车，开始独立逐任务派发
[charge_scheduler-1] [INFO] [1786194936.299431003] [charge_scheduler]:   → [充电车2] 第1/4趟 第1/4辆: 车#8 (-70.92,27.67) | topic后缀=_2 | 承诺完成=13.04min
[charge_scheduler-1] [INFO] [1786194936.300015617] [charge_scheduler]: [多车派发] 充电车3分配4趟、11辆目标车，开始独立逐任务派发
[charge_scheduler-1] [INFO] [1786194936.300067361] [charge_scheduler]:   → [充电车3] 第1/4趟 第1/5辆: 车#27 (-90.40,60.50) | topic后缀=_3 | 承诺完成=5.77min
