[RUN_META] map=map1 experiment=E2 objective=OBJ-N method=ECD internal_mode=maneuver scale=M30 K=3 seed=1 iters=15000
[RUN_META] case=./cases/charge_scheduler_M30_K3.param.yaml
[INFO] [launch]: All log files can be found below /root/.ros/log/2026-08-08-12-44-54-955995-YYYY-5987
[INFO] [launch]: Default logging verbosity is set to INFO
[INFO] [charge_scheduler-1]: process started with pid [5990]
[charge_scheduler-1] [INFO] [1786193095.153960422] [charge_scheduler]: [目标顺序] objective_order=Nlate,Tover,Ctotal
[charge_scheduler-1] [INFO] [1786193095.154684982] [charge_scheduler]: [Scheduler] 30辆车 | 电池800.0kWh(20%=160.0 80%=640.0) | 充电360kW效率97% | 行驶0.6kWh/km | 桩350kW
[charge_scheduler-1] [INFO] [1786193095.154941967] [charge_scheduler]: [Scheduler] 站端周转: 换电 10 min(换后满电) | 单趟可用 640 kWh
[charge_scheduler-1] [INFO] [1786193095.154964063] [charge_scheduler]:   车#0 [电动装载机282|light] 位置(-47.3,-2.6) 容量282kWh 剩余35% | α=6→6min/% τ=168min → 需130.8kWh(充21.2min)
[charge_scheduler-1] [INFO] [1786193095.154977881] [charge_scheduler]:   车#1 [重型叉车|light] 位置(-44.0,-64.1) 容量200kWh 剩余20% | α=6→6min/% τ=96min → 需123.7kWh(充20.0min)
[charge_scheduler-1] [INFO] [1786193095.154987789] [charge_scheduler]:   车#2 [电动装载机350|light] 位置(-51.1,-38.8) 容量350kWh 剩余50% | α=6→6min/% τ=288min → 需108.2kWh(充17.5min)
[charge_scheduler-1] [INFO] [1786193095.154997379] [charge_scheduler]:   车#3 [重型叉车|light] 位置(-71.0,-19.0) 容量200kWh 剩余10% | α=6→6min/% τ=32min → 需144.3kWh(充23.3min)
[charge_scheduler-1] [INFO] [1786193095.155010637] [charge_scheduler]:   车#4 [电动装载机282|heavy→降级] 位置(-93.3,6.6) 容量282kWh 剩余60% | α=3→6min/% τ=212min → 需58.1kWh(充9.4min)
[charge_scheduler-1] [INFO] [1786193095.155025478] [charge_scheduler]:   车#5 [电动装载机350|light] 位置(-104.4,47.7) 容量350kWh 剩余25% | α=6→6min/% τ=128min → 需198.5kWh(充32.1min)
[charge_scheduler-1] [INFO] [1786193095.155040283] [charge_scheduler]:   车#6 [电动装载机350|heavy→降级] 位置(-37.0,-75.1) 容量350kWh 剩余40% | α=4→6min/% τ=176min → 需144.3kWh(充23.3min)
[charge_scheduler-1] [INFO] [1786193095.155063016] [charge_scheduler]:   车#7 [重型叉车|light] 位置(-88.8,-37.1) 容量200kWh 剩余15% | α=6→6min/% τ=64min → 需134.0kWh(充21.7min)
[charge_scheduler-1] [INFO] [1786193095.155076069] [charge_scheduler]:   车#8 [电动装载机282|heavy→降级] 位置(-70.9,27.7) 容量282kWh 剩余55% | α=3→6min/% τ=196min → 需72.7kWh(充11.8min)
[charge_scheduler-1] [INFO] [1786193095.155090426] [charge_scheduler]:   车#9 [电动装载机282|heavy→降级] 位置(-35.4,-47.4) 容量282kWh 剩余30% | α=3→6min/% τ=116min → 需145.4kWh(充23.5min)
[charge_scheduler-1] [INFO] [1786193095.155103716] [charge_scheduler]:   车#10 [电动装载机282|light] 位置(-100.0,-1.0) 容量282kWh 剩余45% | α=6→6min/% τ=224min → 需101.8kWh(充16.4min)
[charge_scheduler-1] [INFO] [1786193095.155117593] [charge_scheduler]:   车#11 [电动装载机350|light] 位置(-72.8,-15.6) 容量350kWh 剩余18% | α=6→6min/% τ=83min → 需223.7kWh(充36.2min)
[charge_scheduler-1] [INFO] [1786193095.155131485] [charge_scheduler]:   车#12 [重型叉车|heavy→降级] 位置(-61.7,-20.7) 容量200kWh 剩余62% | α=3→6min/% τ=230min → 需37.1kWh(充6.0min)
[charge_scheduler-1] [INFO] [1786193095.155145835] [charge_scheduler]:   车#13 [电动装载机282|light] 位置(-133.0,-25.3) 容量282kWh 剩余28% | α=6→6min/% τ=129min → 需151.2kWh(充24.4min)
[charge_scheduler-1] [INFO] [1786193095.155161363] [charge_scheduler]:   车#14 [电动装载机350|light] 位置(-132.0,-8.9) 容量350kWh 剩余52% | α=6→6min/% τ=301min → 需101.0kWh(充16.3min)
[charge_scheduler-1] [INFO] [1786193095.155175380] [charge_scheduler]:   车#15 [重型叉车|light] 位置(-120.0,7.9) 容量200kWh 剩余12% | α=6→6min/% τ=45min → 需140.2kWh(充22.7min)
[charge_scheduler-1] [INFO] [1786193095.155190057] [charge_scheduler]:   车#16 [电动装载机282|light] 位置(-43.8,-82.9) 容量282kWh 剩余38% | α=6→6min/% τ=185min → 需122.1kWh(充19.7min)
[charge_scheduler-1] [INFO] [1786193095.155204153] [charge_scheduler]:   车#17 [电动装载机350|light] 位置(-31.1,-74.7) 容量350kWh 剩余58% | α=6→6min/% τ=339min → 需79.4kWh(充12.8min)
[charge_scheduler-1] [INFO] [1786193095.155217807] [charge_scheduler]:   车#18 [重型叉车|heavy→降级] 位置(-75.4,-68.2) 容量200kWh 剩余22% | α=3→6min/% τ=102min → 需119.6kWh(充19.3min)
[charge_scheduler-1] [INFO] [1786193095.155509849] [charge_scheduler]:   车#19 [电动装载机282|light] 位置(-88.2,47.1) 容量282kWh 剩余48% | α=6→6min/% τ=241min → 需93.0kWh(充15.0min)
[charge_scheduler-1] [INFO] [1786193095.155542810] [charge_scheduler]:   车#20 [电动装载机350|light] 位置(-71.4,16.3) 容量350kWh 剩余33% | α=6→6min/% τ=179min → 需169.6kWh(充27.4min)
[charge_scheduler-1] [INFO] [1786193095.155599921] [charge_scheduler]:   车#21 [重型叉车|heavy→降级] 位置(-122.0,-0.6) 容量200kWh 剩余65% | α=3→6min/% τ=240min → 需30.9kWh(充5.0min)
[charge_scheduler-1] [INFO] [1786193095.155619044] [charge_scheduler]:   车#22 [电动装载机282|light] 位置(-71.6,11.6) 容量282kWh 剩余16% | α=6→6min/% τ=62min → 需186.1kWh(充30.1min)
[charge_scheduler-1] [INFO] [1786193095.155633051] [charge_scheduler]:   车#23 [电动装载机350|light] 位置(-131.0,37.2) 容量350kWh 剩余42% | α=6→6min/% τ=237min → 需137.1kWh(充22.2min)
[charge_scheduler-1] [INFO] [1786193095.155642356] [charge_scheduler]:   车#24 [重型叉车|heavy→降级] 位置(-51.3,5.9) 容量200kWh 剩余25% | α=3→6min/% τ=112min → 需113.4kWh(充18.3min)
[charge_scheduler-1] [INFO] [1786193095.155651511] [charge_scheduler]:   车#25 [电动装载机282|light] 位置(-62.2,-10.7) 容量282kWh 剩余55% | α=6→6min/% τ=280min → 需72.7kWh(充11.8min)
[charge_scheduler-1] [INFO] [1786193095.155662178] [charge_scheduler]:   车#26 [电动装载机350|light] 位置(-116.0,60.4) 容量350kWh 剩余30% | α=6→6min/% τ=160min → 需180.4kWh(充29.2min)
[charge_scheduler-1] [INFO] [1786193095.155679167] [charge_scheduler]:   车#27 [重型叉车|heavy→降级] 位置(-90.4,60.5) 容量200kWh 剩余68% | α=3→6min/% τ=250min → 需24.7kWh(充4.0min)
[charge_scheduler-1] [INFO] [1786193095.155693020] [charge_scheduler]:   车#28 [电动装载机282|light] 位置(-85.5,-46.0) 容量282kWh 剩余20% | α=6→6min/% τ=84min → 需174.4kWh(充28.2min)
[charge_scheduler-1] [INFO] [1786193095.155706689] [charge_scheduler]:   车#29 [电动装载机350|light] 位置(-87.0,-36.6) 容量350kWh 剩余36% | α=6→6min/% τ=198min → 需158.8kWh(充25.7min)
[charge_scheduler-1] [INFO] [1786193095.191215111] [charge_scheduler]: [Scheduler] 闭环接口: threshold=2.0min | event_sim=off | policy=global | structured_feedback=optional (/task_planner/execution_event)
[charge_scheduler-1] [INFO] [1786193095.191321924] [charge_scheduler]: [Scheduler] 已启动, 等待地图...
[charge_scheduler-1] [INFO] [1786193095.191331993] [charge_scheduler]: [Scheduler] 充电车1接口: sequence/served/arrived_target/arrived_station/return_goal/task_complete 后缀=_1
[charge_scheduler-1] [INFO] [1786193095.191340539] [charge_scheduler]: [Scheduler] 充电车2接口: sequence/served/arrived_target/arrived_station/return_goal/task_complete 后缀=_2
[charge_scheduler-1] [INFO] [1786193095.191354502] [charge_scheduler]: [Scheduler] 充电车3接口: sequence/served/arrived_target/arrived_station/return_goal/task_complete 后缀=_3
[charge_scheduler-1] [INFO] [1786193095.418722301] [charge_scheduler]: [Scheduler] RoutingGraph 就绪
[charge_scheduler-1] [INFO] [1786193095.418979261] [charge_scheduler]: [Scheduler] 提取到 6 条虚线捷径
[charge_scheduler-1] [INFO] [1786193095.434363235] [charge_scheduler]: [Scheduler] 下层兼容增强图: 166 节点, 6 条虚线掉头边
[charge_scheduler-1] [INFO] [1786193103.083669844] [charge_scheduler]: [Scheduler] 距离矩阵完成 31x31, 7649.2 ms | 模式=maneuver | ECD不可达=0 DSP原始不可达=0 DSP虚线兜底=0 DSP最终不可达=0 抽象不可达=0 | 缺少对向投影节点=0 | 对向识别(ID/几何/法向)=0/0/0 | 单向驿站投影=0
[charge_scheduler-1] [INFO] [1786193103.083769207] [charge_scheduler]:   ✓ 比值自检：930 个 OD 满足 机动/直线≥1 | 均值=2.97 最大=42.81 (车#15→车#21)
[charge_scheduler-1] [INFO] [1786193103.083786726] [charge_scheduler]: [Scheduler] 地图就绪, 166 条 lanelet（与下层一致）
[charge_scheduler-1] [INFO] [1786193103.083844671] [charge_scheduler]: ======== 开始VRPTW调度 30 辆车 ========
[charge_scheduler-1] [INFO] [1786193103.083851128] [charge_scheduler]:   规模30>8 → 启发式(alns)
[charge_scheduler-1] [INFO] [1786193155.806831493] [charge_scheduler]: [ALNS] objective_order=Nlate,Tover,Ctotal seed=1 iters=15000 | N_late=2(成功率93.3%) T_overtime=184.6min C_total=5671.3m | 趟数=11 makespan=383.5min
[charge_scheduler-1] [INFO] [1786193155.806884350] [charge_scheduler]:   求解耗时 52723.0 ms
[charge_scheduler-1] [INFO] [1786193155.806891722] [charge_scheduler]: ════════ 调度结果 ════════
[charge_scheduler-1] [INFO] [1786193155.806896097] [charge_scheduler]:   ★目标(字典序): objective_order=Nlate,Tover,Ctotal | N_late=2 辆 (按时成功率 28/30 = 93.3%)  T_overtime=184.6min  C_total=5671.3m
[charge_scheduler-1] [INFO] [1786193155.806943447] [charge_scheduler]:   附: 趟数=11 | makespan=383.5min | 能量可行=是
[charge_scheduler-1] [INFO] [1786193155.806953910] [charge_scheduler]:   [充电车2] 趟1: 站 → 车#3(到1.3/限32.0✓) → 车#11(到24.9/限83.2✓) → 车#28(到64.1/限84.0✓) → 站
[charge_scheduler-1] [INFO] [1786193155.806961409] [charge_scheduler]:   [充电车3] 趟2: 站 → 车#27(到2.1/限249.6✓) → 车#21(到8.2/限240.0✓) → 车#12(到16.2/限230.4✓) → 车#15(到25.1/限44.8✓) → 车#7(到50.9/限64.0✓) → 车#9(到76.3/限116.0✓) → 站
[charge_scheduler-1] [INFO] [1786193155.806968263] [charge_scheduler]:   [充电车1] 趟3: 站 → 车#4(到1.4/限212.0✓) → 车#8(到13.7/限196.0✓) → 车#22(到27.8/限61.6✓) → 车#18(到61.6/限102.4✓) → 车#1(到85.6/限96.0✓) → 站
[charge_scheduler-1] [INFO] [1786193155.806975202] [charge_scheduler]:   [充电车3] 趟4: 站 → 车#5(到123.7/限128.0✓) → 车#20(到168.2/限179.2✓) → 站
[charge_scheduler-1] [INFO] [1786193155.806981407] [charge_scheduler]:   [充电车2] 趟5: 站 → 车#24(到110.5/限112.0✓) → 车#26(到137.2/限160.0✓) → 车#16(到182.6/限184.8✓) → 站
[charge_scheduler-1] [INFO] [1786193155.806986939] [charge_scheduler]:   [充电车1] 趟6: 站 → 车#13(到125.3/限128.8✓) → 车#0(到163.4/限168.0✓) → 车#10(到201.9/限224.0✓) → 站
[charge_scheduler-1] [INFO] [1786193155.806991601] [charge_scheduler]:   [充电车3] 趟7: 站 → 车#19(到225.7/限240.8✓) → 车#25(到262.3/限280.0✓) → 站
[charge_scheduler-1] [INFO] [1786193155.806996390] [charge_scheduler]:   [充电车2] 趟8: 站 → 车#23(到232.9/限236.8✓) → 车#2(到279.3/限288.0✓) → 站
[charge_scheduler-1] [INFO] [1786193155.807001220] [charge_scheduler]:   [充电车1] 趟9: 站 → 车#29(到248.8/限198.4✗超时) → 车#14(到293.9/限300.8✓) → 站
[charge_scheduler-1] [INFO] [1786193155.807005673] [charge_scheduler]:   [充电车2] 趟10: 站 → 车#17(到337.1/限339.2✓) → 站
[charge_scheduler-1] [INFO] [1786193155.807010080] [charge_scheduler]:   [充电车3] 趟11: 站 → 车#6(到310.1/限176.0✗超时) → 站
[charge_scheduler-1] [INFO] [1786193155.807013349] [charge_scheduler]: ════════════════════════
[charge_scheduler-1] [INFO] [1786193155.807024094] [charge_scheduler]:   ⏱ 任务计时开始 (t=0)
[charge_scheduler-1] [INFO] [1786193155.807359015] [charge_scheduler]: [多车派发] 充电车1分配3趟、10辆目标车，开始独立逐任务派发
[charge_scheduler-1] [INFO] [1786193155.807406405] [charge_scheduler]:   → [充电车1] 第1/3趟 第1/5辆: 车#4 (-93.30,6.61) | topic后缀=_1 | 承诺完成=11.04min
[charge_scheduler-1] [INFO] [1786193155.807698452] [charge_scheduler]: [多车派发] 充电车2分配4趟、9辆目标车，开始独立逐任务派发
[charge_scheduler-1] [INFO] [1786193155.807713128] [charge_scheduler]:   → [充电车2] 第1/4趟 第1/3辆: 车#3 (-70.97,-18.98) | topic后缀=_2 | 承诺完成=24.73min
[charge_scheduler-1] [INFO] [1786193155.808007102] [charge_scheduler]: [多车派发] 充电车3分配4趟、11辆目标车，开始独立逐任务派发
[charge_scheduler-1] [INFO] [1786193155.808020072] [charge_scheduler]:   → [充电车3] 第1/4趟 第1/6辆: 车#27 (-90.40,60.50) | topic后缀=_3 | 承诺完成=6.36min
