[INFO] [launch]: All log files can be found below /root/.ros/log/2026-08-08-09-45-28-734691-YYYY-6400
[INFO] [launch]: Default logging verbosity is set to INFO
[INFO] [charge_scheduler-1]: process started with pid [6401]
[charge_scheduler-1] [INFO] [1786182328.853385146] [charge_scheduler]: [目标顺序] objective_order=Tover,Nlate,Ctotal
[charge_scheduler-1] [INFO] [1786182328.853822311] [charge_scheduler]: [Scheduler] 10辆车 | 电池800.0kWh(20%=160.0 80%=640.0) | 充电360kW效率97% | 行驶0.6kWh/km | 桩350kW
[charge_scheduler-1] [INFO] [1786182328.853852331] [charge_scheduler]: [Scheduler] 站端周转: 换电 10 min(换后满电) | 单趟可用 640 kWh
[charge_scheduler-1] [INFO] [1786182328.853860562] [charge_scheduler]:   车#0 [电动装载机282|light] 位置(-47.3,-2.6) 容量282kWh 剩余35% | α=6→6min/% τ=168min → 需130.8kWh(充21.2min)
[charge_scheduler-1] [INFO] [1786182328.853873579] [charge_scheduler]:   车#1 [重型叉车|light] 位置(-44.0,-64.1) 容量200kWh 剩余20% | α=6→6min/% τ=96min → 需123.7kWh(充20.0min)
[charge_scheduler-1] [INFO] [1786182328.853884089] [charge_scheduler]:   车#2 [电动装载机350|light] 位置(-51.1,-38.8) 容量350kWh 剩余50% | α=6→6min/% τ=288min → 需108.2kWh(充17.5min)
[charge_scheduler-1] [INFO] [1786182328.853896113] [charge_scheduler]:   车#3 [重型叉车|light] 位置(-71.0,-19.0) 容量200kWh 剩余10% | α=6→6min/% τ=32min → 需144.3kWh(充23.3min)
[charge_scheduler-1] [INFO] [1786182328.853906627] [charge_scheduler]:   车#4 [电动装载机282|heavy→降级] 位置(-93.3,6.6) 容量282kWh 剩余60% | α=3→6min/% τ=212min → 需58.1kWh(充9.4min)
[charge_scheduler-1] [INFO] [1786182328.853914043] [charge_scheduler]:   车#5 [电动装载机350|light] 位置(-104.4,47.7) 容量350kWh 剩余25% | α=6→6min/% τ=128min → 需198.5kWh(充32.1min)
[charge_scheduler-1] [INFO] [1786182328.853921549] [charge_scheduler]:   车#6 [电动装载机350|heavy→降级] 位置(-37.0,-75.1) 容量350kWh 剩余40% | α=4→6min/% τ=176min → 需144.3kWh(充23.3min)
[charge_scheduler-1] [INFO] [1786182328.853931287] [charge_scheduler]:   车#7 [重型叉车|light] 位置(-88.8,-37.1) 容量200kWh 剩余15% | α=6→6min/% τ=64min → 需134.0kWh(充21.7min)
[charge_scheduler-1] [INFO] [1786182328.853941414] [charge_scheduler]:   车#8 [电动装载机282|heavy→降级] 位置(-70.9,27.7) 容量282kWh 剩余55% | α=3→6min/% τ=196min → 需72.7kWh(充11.8min)
[charge_scheduler-1] [INFO] [1786182328.853952953] [charge_scheduler]:   车#9 [电动装载机282|heavy→降级] 位置(-35.4,-47.4) 容量282kWh 剩余30% | α=3→6min/% τ=116min → 需145.4kWh(充23.5min)
[charge_scheduler-1] [INFO] [1786182328.862139616] [charge_scheduler]: [Scheduler] 闭环接口: threshold=10.0min | event_sim=off | policy=global | structured_feedback=optional (/task_planner/execution_event)
[charge_scheduler-1] [INFO] [1786182328.862175756] [charge_scheduler]: [Scheduler] 已启动, 等待地图...
[charge_scheduler-1] [INFO] [1786182328.862180562] [charge_scheduler]: [Scheduler] 充电车1接口: sequence/served/arrived_target/arrived_station/return_goal/task_complete 后缀=_1
[charge_scheduler-1] [INFO] [1786182328.917038941] [charge_scheduler]: [Scheduler] RoutingGraph 就绪
[charge_scheduler-1] [INFO] [1786182328.917362659] [charge_scheduler]: [Scheduler] 提取到 6 条虚线捷径
[charge_scheduler-1] [INFO] [1786182328.928743213] [charge_scheduler]: [Scheduler] 下层兼容增强图: 166 节点, 6 条虚线掉头边
[charge_scheduler-1] [INFO] [1786182330.459357931] [charge_scheduler]: [Scheduler] 距离矩阵完成 11x11, 1530.6 ms | 模式=dsp | ECD不可达=0 DSP原始不可达=19 DSP虚线兜底=19 DSP最终不可达=0 抽象不可达=0 | 缺少对向投影节点=0 | 对向识别(ID/几何/法向)=0/0/0 | 单向驿站投影=0
[charge_scheduler-1] [INFO] [1786182330.459407548] [charge_scheduler]:   ✓ 比值自检：110 个 OD 满足 机动/直线≥1 | 均值=2.33 最大=6.58 (车#4→车#3)
[charge_scheduler-1] [INFO] [1786182330.459419044] [charge_scheduler]:   [DSP诊断] 有限OD=110 | following-only不可达=19 | 虚线兜底=19 | 最终不可达=0 | DSP<ECD=0 | DSP/ECD均值=1.537 最大=7.179 | 最大非对称差=373.063m
[charge_scheduler-1] [INFO] [1786182330.459430292] [charge_scheduler]: [Scheduler] 地图就绪, 166 条 lanelet（与下层一致）
[charge_scheduler-1] [INFO] [1786182330.459476222] [charge_scheduler]: ======== 开始VRPTW调度 10 辆车 ========
[charge_scheduler-1] [INFO] [1786182330.459481299] [charge_scheduler]:   规模10>8 → 启发式(alns)
[charge_scheduler-1] [INFO] [1786182331.795021434] [charge_scheduler]: [ALNS] objective_order=Tover,Nlate,Ctotal seed=4 iters=8000 | N_late=5(成功率50.0%) T_overtime=190.9min C_total=2001.7m | 趟数=4 makespan=356.7min
[charge_scheduler-1] [INFO] [1786182331.795109032] [charge_scheduler]:   求解耗时 1335.6 ms
[charge_scheduler-1] [INFO] [1786182331.795117093] [charge_scheduler]: ════════ 调度结果 ════════
[charge_scheduler-1] [INFO] [1786182331.795121797] [charge_scheduler]:   ★目标(字典序): objective_order=Tover,Nlate,Ctotal | N_late=5 辆 (按时成功率 5/10 = 50.0%)  T_overtime=190.9min  C_total=2001.7m
[charge_scheduler-1] [INFO] [1786182331.795127671] [charge_scheduler]:   附: 趟数=4 | makespan=356.7min | 能量可行=是
[charge_scheduler-1] [INFO] [1786182331.795137857] [charge_scheduler]:   趟1: 站 → 车#4(到1.4/限212.0✓) → 车#8(到13.7/限196.0✓) → 车#3(到28.2/限32.0✓) → 车#1(到54.1/限96.0✓) → 车#7(到78.7/限64.0✗超时) → 站
[charge_scheduler-1] [INFO] [1786182331.795143656] [charge_scheduler]:   趟2: 站 → 车#9(到118.1/限116.0✗超时) → 车#0(到155.7/限168.0✓) → 站
[charge_scheduler-1] [INFO] [1786182331.795148960] [charge_scheduler]:   趟3: 站 → 车#5(到203.9/限128.0✗超时) → 车#6(到251.1/限176.0✗超时) → 站
[charge_scheduler-1] [INFO] [1786182331.795155788] [charge_scheduler]:   趟4: 站 → 车#2(到311.0/限288.0✗超时) → 站
[charge_scheduler-1] [INFO] [1786182331.795159217] [charge_scheduler]: ════════════════════════
[charge_scheduler-1] [WARN] [1786182331.795178689] [charge_scheduler]: ════ 耦合消融重放：DSP有向路网定序 → 同K ECD执行口径 ════
[charge_scheduler-1] [WARN] [1786182331.795183374] [charge_scheduler]:   【DSP有向路网仅生成顺序；K=1、能量、换电、分趟和并行时间线均按ECD执行一致机动距离重新解码】
[charge_scheduler-1] [WARN] [1786182331.795187334] [charge_scheduler]:   N_late=5 (按时率 5/10 = 50.0%)   T_overtime=182.4min   C_total=1781.7m   makespan=353.3min   能量违规=0   objective_order=Tover,Nlate,Ctotal
[charge_scheduler-1] [WARN] [1786182331.795193361] [charge_scheduler]:   逐辆到达时刻（ECD执行口径、同K解码）：
[charge_scheduler-1] [WARN] [1786182331.795197038] [charge_scheduler]:      车#0 到达 154.1 / 限 168.0 ✓
[charge_scheduler-1] [WARN] [1786182331.795201988] [charge_scheduler]:      车#1 到达 54.1 / 限 96.0 ✓
[charge_scheduler-1] [WARN] [1786182331.795206352] [charge_scheduler]:      车#2 到达 307.6 / 限 288.0 ✗超时
[charge_scheduler-1] [WARN] [1786182331.795210662] [charge_scheduler]:      车#3 到达 28.2 / 限 32.0 ✓
[charge_scheduler-1] [WARN] [1786182331.795214733] [charge_scheduler]:      车#4 到达 1.4 / 限 212.0 ✓
[charge_scheduler-1] [WARN] [1786182331.795218766] [charge_scheduler]:      车#5 到达 202.2 / 限 128.0 ✗超时
[charge_scheduler-1] [WARN] [1786182331.795227604] [charge_scheduler]:      车#6 到达 249.1 / 限 176.0 ✗超时
[charge_scheduler-1] [WARN] [1786182331.795232278] [charge_scheduler]:      车#7 到达 78.0 / 限 64.0 ✗超时
[charge_scheduler-1] [WARN] [1786182331.795236375] [charge_scheduler]:      车#8 到达 13.7 / 限 196.0 ✓
[charge_scheduler-1] [WARN] [1786182331.795240489] [charge_scheduler]:      车#9 到达 117.4 / 限 116.0 ✗超时
[charge_scheduler-1] [WARN] [1786182331.795246095] [charge_scheduler]:   DSP有向路网生成的固定访问顺序 = #4 #8 #3 #1 #7 #9 #0 #5 #6 #2 
[charge_scheduler-1] [WARN] [1786182331.795249692] [charge_scheduler]: ════════════════════════════════════════
[charge_scheduler-1] [INFO] [1786182331.795256459] [charge_scheduler]:   ⏱ 任务计时开始 (t=0)
[charge_scheduler-1] [INFO] [1786182331.795459693] [charge_scheduler]:   → 趟1 第1辆: 车#4 [电动装载机282] (-93.30,6.61) 容量282.00kWh 剩余60% | 承诺完成=11.04min plan_v=0
