[INFO] [launch]: All log files can be found below /root/.ros/log/2026-08-08-09-57-53-698353-YYYY-9688
[INFO] [launch]: Default logging verbosity is set to INFO
[INFO] [charge_scheduler-1]: process started with pid [9689]
[charge_scheduler-1] [INFO] [1786183073.829121025] [charge_scheduler]: [目标顺序] objective_order=Tover,Nlate,Ctotal
[charge_scheduler-1] [INFO] [1786183073.832520315] [charge_scheduler]: [Scheduler] 30辆车 | 电池800.0kWh(20%=160.0 80%=640.0) | 充电360kW效率97% | 行驶0.6kWh/km | 桩350kW
[charge_scheduler-1] [INFO] [1786183073.832569951] [charge_scheduler]: [Scheduler] 站端周转: 换电 10 min(换后满电) | 单趟可用 640 kWh
[charge_scheduler-1] [INFO] [1786183073.832584085] [charge_scheduler]:   车#0 [电动装载机282|light] 位置(-47.3,-2.6) 容量282kWh 剩余35% | α=6→6min/% τ=168min → 需130.8kWh(充21.2min)
[charge_scheduler-1] [INFO] [1786183073.832601585] [charge_scheduler]:   车#1 [重型叉车|light] 位置(-44.0,-64.1) 容量200kWh 剩余20% | α=6→6min/% τ=96min → 需123.7kWh(充20.0min)
[charge_scheduler-1] [INFO] [1786183073.832617179] [charge_scheduler]:   车#2 [电动装载机350|light] 位置(-51.1,-38.8) 容量350kWh 剩余50% | α=6→6min/% τ=288min → 需108.2kWh(充17.5min)
[charge_scheduler-1] [INFO] [1786183073.832631283] [charge_scheduler]:   车#3 [重型叉车|light] 位置(-71.0,-19.0) 容量200kWh 剩余10% | α=6→6min/% τ=32min → 需144.3kWh(充23.3min)
[charge_scheduler-1] [INFO] [1786183073.832645551] [charge_scheduler]:   车#4 [电动装载机282|heavy→降级] 位置(-93.3,6.6) 容量282kWh 剩余60% | α=3→6min/% τ=212min → 需58.1kWh(充9.4min)
[charge_scheduler-1] [INFO] [1786183073.832659154] [charge_scheduler]:   车#5 [电动装载机350|light] 位置(-104.4,47.7) 容量350kWh 剩余25% | α=6→6min/% τ=128min → 需198.5kWh(充32.1min)
[charge_scheduler-1] [INFO] [1786183073.832672481] [charge_scheduler]:   车#6 [电动装载机350|heavy→降级] 位置(-37.0,-75.1) 容量350kWh 剩余40% | α=4→6min/% τ=176min → 需144.3kWh(充23.3min)
[charge_scheduler-1] [INFO] [1786183073.832685459] [charge_scheduler]:   车#7 [重型叉车|light] 位置(-88.8,-37.1) 容量200kWh 剩余15% | α=6→6min/% τ=64min → 需134.0kWh(充21.7min)
[charge_scheduler-1] [INFO] [1786183073.832702296] [charge_scheduler]:   车#8 [电动装载机282|heavy→降级] 位置(-70.9,27.7) 容量282kWh 剩余55% | α=3→6min/% τ=196min → 需72.7kWh(充11.8min)
[charge_scheduler-1] [INFO] [1786183073.832715592] [charge_scheduler]:   车#9 [电动装载机282|heavy→降级] 位置(-35.4,-47.4) 容量282kWh 剩余30% | α=3→6min/% τ=116min → 需145.4kWh(充23.5min)
[charge_scheduler-1] [INFO] [1786183073.832728576] [charge_scheduler]:   车#10 [电动装载机282|light] 位置(-100.0,-1.0) 容量282kWh 剩余45% | α=6→6min/% τ=224min → 需101.8kWh(充16.4min)
[charge_scheduler-1] [INFO] [1786183073.832773250] [charge_scheduler]:   车#11 [电动装载机350|light] 位置(-72.8,-15.6) 容量350kWh 剩余18% | α=6→6min/% τ=83min → 需223.7kWh(充36.2min)
[charge_scheduler-1] [INFO] [1786183073.832790574] [charge_scheduler]:   车#12 [重型叉车|heavy→降级] 位置(-61.7,-20.7) 容量200kWh 剩余62% | α=3→6min/% τ=230min → 需37.1kWh(充6.0min)
[charge_scheduler-1] [INFO] [1786183073.832797671] [charge_scheduler]:   车#13 [电动装载机282|light] 位置(-133.0,-25.3) 容量282kWh 剩余28% | α=6→6min/% τ=129min → 需151.2kWh(充24.4min)
[charge_scheduler-1] [INFO] [1786183073.832806254] [charge_scheduler]:   车#14 [电动装载机350|light] 位置(-132.0,-8.9) 容量350kWh 剩余52% | α=6→6min/% τ=301min → 需101.0kWh(充16.3min)
[charge_scheduler-1] [INFO] [1786183073.832812434] [charge_scheduler]:   车#15 [重型叉车|light] 位置(-120.0,7.9) 容量200kWh 剩余12% | α=6→6min/% τ=45min → 需140.2kWh(充22.7min)
[charge_scheduler-1] [INFO] [1786183073.832818768] [charge_scheduler]:   车#16 [电动装载机282|light] 位置(-43.8,-82.9) 容量282kWh 剩余38% | α=6→6min/% τ=185min → 需122.1kWh(充19.7min)
[charge_scheduler-1] [INFO] [1786183073.832824831] [charge_scheduler]:   车#17 [电动装载机350|light] 位置(-31.1,-74.7) 容量350kWh 剩余58% | α=6→6min/% τ=339min → 需79.4kWh(充12.8min)
[charge_scheduler-1] [INFO] [1786183073.832831041] [charge_scheduler]:   车#18 [重型叉车|heavy→降级] 位置(-75.4,-68.2) 容量200kWh 剩余22% | α=3→6min/% τ=102min → 需119.6kWh(充19.3min)
[charge_scheduler-1] [INFO] [1786183073.832837499] [charge_scheduler]:   车#19 [电动装载机282|light] 位置(-88.2,47.1) 容量282kWh 剩余48% | α=6→6min/% τ=241min → 需93.0kWh(充15.0min)
[charge_scheduler-1] [INFO] [1786183073.832843786] [charge_scheduler]:   车#20 [电动装载机350|light] 位置(-71.4,16.3) 容量350kWh 剩余33% | α=6→6min/% τ=179min → 需169.6kWh(充27.4min)
[charge_scheduler-1] [INFO] [1786183073.832876640] [charge_scheduler]:   车#21 [重型叉车|heavy→降级] 位置(-122.0,-0.6) 容量200kWh 剩余65% | α=3→6min/% τ=240min → 需30.9kWh(充5.0min)
[charge_scheduler-1] [INFO] [1786183073.832883390] [charge_scheduler]:   车#22 [电动装载机282|light] 位置(-71.6,11.6) 容量282kWh 剩余16% | α=6→6min/% τ=62min → 需186.1kWh(充30.1min)
[charge_scheduler-1] [INFO] [1786183073.832889619] [charge_scheduler]:   车#23 [电动装载机350|light] 位置(-131.0,37.2) 容量350kWh 剩余42% | α=6→6min/% τ=237min → 需137.1kWh(充22.2min)
[charge_scheduler-1] [INFO] [1786183073.832895932] [charge_scheduler]:   车#24 [重型叉车|heavy→降级] 位置(-51.3,5.9) 容量200kWh 剩余25% | α=3→6min/% τ=112min → 需113.4kWh(充18.3min)
[charge_scheduler-1] [INFO] [1786183073.832902090] [charge_scheduler]:   车#25 [电动装载机282|light] 位置(-62.2,-10.7) 容量282kWh 剩余55% | α=6→6min/% τ=280min → 需72.7kWh(充11.8min)
[charge_scheduler-1] [INFO] [1786183073.832908454] [charge_scheduler]:   车#26 [电动装载机350|light] 位置(-116.0,60.4) 容量350kWh 剩余30% | α=6→6min/% τ=160min → 需180.4kWh(充29.2min)
[charge_scheduler-1] [INFO] [1786183073.832914914] [charge_scheduler]:   车#27 [重型叉车|heavy→降级] 位置(-90.4,60.5) 容量200kWh 剩余68% | α=3→6min/% τ=250min → 需24.7kWh(充4.0min)
[charge_scheduler-1] [INFO] [1786183073.832922075] [charge_scheduler]:   车#28 [电动装载机282|light] 位置(-85.5,-46.0) 容量282kWh 剩余20% | α=6→6min/% τ=84min → 需174.4kWh(充28.2min)
[charge_scheduler-1] [INFO] [1786183073.832928393] [charge_scheduler]:   车#29 [电动装载机350|light] 位置(-87.0,-36.6) 容量350kWh 剩余36% | α=6→6min/% τ=198min → 需158.8kWh(充25.7min)
[charge_scheduler-1] [INFO] [1786183073.846718689] [charge_scheduler]: [Scheduler] 闭环接口: threshold=10.0min | event_sim=off | policy=global | structured_feedback=optional (/task_planner/execution_event)
[charge_scheduler-1] [INFO] [1786183073.846759456] [charge_scheduler]: [Scheduler] 已启动, 等待地图...
[charge_scheduler-1] [INFO] [1786183073.846767087] [charge_scheduler]: [Scheduler] 充电车1接口: sequence/served/arrived_target/arrived_station/return_goal/task_complete 后缀=_1
[charge_scheduler-1] [INFO] [1786183073.846772949] [charge_scheduler]: [Scheduler] 充电车2接口: sequence/served/arrived_target/arrived_station/return_goal/task_complete 后缀=_2
[charge_scheduler-1] [INFO] [1786183073.846865043] [charge_scheduler]: [Scheduler] 充电车3接口: sequence/served/arrived_target/arrived_station/return_goal/task_complete 后缀=_3
[charge_scheduler-1] [INFO] [1786183073.878171277] [charge_scheduler]: [Scheduler] RoutingGraph 就绪
[charge_scheduler-1] [INFO] [1786183073.878417815] [charge_scheduler]: [Scheduler] 提取到 6 条虚线捷径
[charge_scheduler-1] [INFO] [1786183073.893445920] [charge_scheduler]: [Scheduler] 下层兼容增强图: 166 节点, 6 条虚线掉头边
[charge_scheduler-1] [INFO] [1786183087.330640894] [charge_scheduler]: [Scheduler] 距离矩阵完成 31x31, 13437.1 ms | 模式=dsp | ECD不可达=0 DSP原始不可达=87 DSP虚线兜底=87 DSP最终不可达=0 抽象不可达=0 | 缺少对向投影节点=0 | 对向识别(ID/几何/法向)=0/0/0 | 单向驿站投影=0
[charge_scheduler-1] [INFO] [1786183087.330729631] [charge_scheduler]:   ✓ 比值自检：930 个 OD 满足 机动/直线≥1 | 均值=2.97 最大=42.81 (车#15→车#21)
[charge_scheduler-1] [INFO] [1786183087.330762479] [charge_scheduler]:   [DSP诊断] 有限OD=930 | following-only不可达=87 | 虚线兜底=87 | 最终不可达=0 | DSP<ECD=0 | DSP/ECD均值=1.739 最大=44.401 | 最大非对称差=583.720m
[charge_scheduler-1] [INFO] [1786183087.330774900] [charge_scheduler]: [Scheduler] 地图就绪, 166 条 lanelet（与下层一致）
[charge_scheduler-1] [INFO] [1786183087.330831309] [charge_scheduler]: ======== 开始VRPTW调度 30 辆车 ========
[charge_scheduler-1] [INFO] [1786183087.330836081] [charge_scheduler]:   规模30>8 → 启发式(alns)
[charge_scheduler-1] [INFO] [1786183136.244793576] [charge_scheduler]: [ALNS] objective_order=Tover,Nlate,Ctotal seed=8 iters=15000 | N_late=9(成功率70.0%) T_overtime=176.1min C_total=6202.7m | 趟数=11 makespan=383.3min
[charge_scheduler-1] [INFO] [1786183136.244843265] [charge_scheduler]:   求解耗时 48914.0 ms
[charge_scheduler-1] [INFO] [1786183136.244850654] [charge_scheduler]: ════════ 调度结果 ════════
[charge_scheduler-1] [INFO] [1786183136.244886055] [charge_scheduler]:   ★目标(字典序): objective_order=Tover,Nlate,Ctotal | N_late=9 辆 (按时成功率 21/30 = 70.0%)  T_overtime=176.1min  C_total=6202.7m
[charge_scheduler-1] [INFO] [1786183136.244892170] [charge_scheduler]:   附: 趟数=11 | makespan=383.3min | 能量可行=是
[charge_scheduler-1] [INFO] [1786183136.244902418] [charge_scheduler]:   [充电车2] 趟1: 站 → 车#8(到4.0/限196.0✓) → 车#22(到16.7/限61.6✓) → 车#9(到49.6/限116.0✓) → 车#18(到80.6/限102.4✓) → 站
[charge_scheduler-1] [INFO] [1786183136.244909264] [charge_scheduler]:   [充电车3] 趟2: 站 → 车#12(到3.8/限230.4✓) → 车#4(到11.1/限212.0✓) → 车#15(到22.6/限44.8✓) → 车#28(到48.3/限84.0✓) → 车#1(到81.4/限96.0✓) → 站
[charge_scheduler-1] [INFO] [1786183136.244915341] [charge_scheduler]:   [充电车1] 趟3: 站 → 车#27(到2.1/限249.6✓) → 车#21(到8.2/限240.0✓) → 车#3(到15.1/限32.0✓) → 车#7(到39.9/限64.0✓) → 车#11(到67.8/限83.2✓) → 站
[charge_scheduler-1] [INFO] [1786183136.244920090] [charge_scheduler]:   [充电车3] 趟4: 站 → 车#5(到121.3/限128.0✓) → 车#20(到165.5/限179.2✓) → 站
[charge_scheduler-1] [INFO] [1786183136.244925478] [charge_scheduler]:   [充电车2] 趟5: 站 → 车#24(到118.1/限112.0✗超时) → 车#26(到144.9/限160.0✓) → 车#16(到191.0/限184.8✗超时) → 站
[charge_scheduler-1] [INFO] [1786183136.244930758] [charge_scheduler]:   [充电车1] 趟6: 站 → 车#13(到125.4/限128.8✓) → 车#0(到163.6/限168.0✓) → 车#10(到202.0/限224.0✓) → 站
[charge_scheduler-1] [INFO] [1786183136.244936756] [charge_scheduler]:   [充电车3] 趟7: 站 → 车#29(到221.3/限198.4✗超时) → 车#19(到267.9/限240.8✗超时) → 站
[charge_scheduler-1] [INFO] [1786183136.244941468] [charge_scheduler]:   [充电车2] 趟8: 站 → 车#6(到242.1/限176.0✗超时) → 车#25(到287.4/限280.0✗超时) → 站
[charge_scheduler-1] [INFO] [1786183136.244946048] [charge_scheduler]:   [充电车1] 趟9: 站 → 车#23(到249.6/限236.8✗超时) → 车#2(到297.8/限288.0✗超时) → 站
[charge_scheduler-1] [INFO] [1786183136.244950326] [charge_scheduler]:   [充电车2] 趟10: 站 → 车#17(到336.9/限339.2✓) → 站
[charge_scheduler-1] [INFO] [1786183136.244954403] [charge_scheduler]:   [充电车3] 趟11: 站 → 车#14(到318.4/限300.8✗超时) → 站
[charge_scheduler-1] [INFO] [1786183136.244958182] [charge_scheduler]: ════════════════════════
[charge_scheduler-1] [WARN] [1786183136.244988060] [charge_scheduler]: ════ 耦合消融重放：DSP有向路网定序 → 同K ECD执行口径 ════
[charge_scheduler-1] [WARN] [1786183136.244992329] [charge_scheduler]:   【DSP有向路网仅生成顺序；K=3、能量、换电、分趟和并行时间线均按ECD执行一致机动距离重新解码】
[charge_scheduler-1] [WARN] [1786183136.244996238] [charge_scheduler]:   N_late=9 (按时率 21/30 = 70.0%)   T_overtime=156.1min   C_total=5783.4m   makespan=380.8min   能量违规=0   objective_order=Tover,Nlate,Ctotal
[charge_scheduler-1] [WARN] [1786183136.245001990] [charge_scheduler]:   逐辆到达时刻（ECD执行口径、同K解码）：
[charge_scheduler-1] [WARN] [1786183136.245005465] [charge_scheduler]:      车#0 到达 160.9 / 限 168.0 ✓
[charge_scheduler-1] [WARN] [1786183136.245009941] [charge_scheduler]:      车#1 到达 80.2 / 限 96.0 ✓
[charge_scheduler-1] [WARN] [1786183136.245014236] [charge_scheduler]:      车#2 到达 293.2 / 限 288.0 ✗超时
[charge_scheduler-1] [WARN] [1786183136.245018392] [charge_scheduler]:      车#3 到达 15.1 / 限 32.0 ✓
[charge_scheduler-1] [WARN] [1786183136.245022501] [charge_scheduler]:      车#4 到达 9.4 / 限 212.0 ✓
[charge_scheduler-1] [WARN] [1786183136.245026382] [charge_scheduler]:      车#5 到达 120.0 / 限 128.0 ✓
[charge_scheduler-1] [WARN] [1786183136.245030584] [charge_scheduler]:      车#6 到达 240.0 / 限 176.0 ✗超时
[charge_scheduler-1] [WARN] [1786183136.245034578] [charge_scheduler]:      车#7 到达 39.9 / 限 64.0 ✓
[charge_scheduler-1] [WARN] [1786183136.245038532] [charge_scheduler]:      车#8 到达 4.0 / 限 196.0 ✓
[charge_scheduler-1] [WARN] [1786183136.245042281] [charge_scheduler]:      车#9 到达 49.6 / 限 116.0 ✓
[charge_scheduler-1] [WARN] [1786183136.245046279] [charge_scheduler]:      车#10 到达 199.1 / 限 224.0 ✓
[charge_scheduler-1] [WARN] [1786183136.245050396] [charge_scheduler]:      车#11 到达 65.5 / 限 83.2 ✓
[charge_scheduler-1] [WARN] [1786183136.245057513] [charge_scheduler]:      车#12 到达 2.3 / 限 230.4 ✓
[charge_scheduler-1] [WARN] [1786183136.245061377] [charge_scheduler]:      车#13 到达 122.9 / 限 128.8 ✓
[charge_scheduler-1] [WARN] [1786183136.245065638] [charge_scheduler]:      车#14 到达 316.9 / 限 300.8 ✗超时
[charge_scheduler-1] [WARN] [1786183136.245069614] [charge_scheduler]:      车#15 到达 20.7 / 限 44.8 ✓
[charge_scheduler-1] [WARN] [1786183136.245073547] [charge_scheduler]:      车#16 到达 189.2 / 限 184.8 ✗超时
[charge_scheduler-1] [WARN] [1786183136.245077591] [charge_scheduler]:      车#17 到达 334.7 / 限 339.2 ✓
[charge_scheduler-1] [WARN] [1786183136.245081537] [charge_scheduler]:      车#18 到达 79.1 / 限 102.4 ✓
[charge_scheduler-1] [WARN] [1786183136.245085573] [charge_scheduler]:      车#19 到达 266.4 / 限 240.8 ✗超时
[charge_scheduler-1] [WARN] [1786183136.245089761] [charge_scheduler]:      车#20 到达 164.1 / 限 179.2 ✓
[charge_scheduler-1] [WARN] [1786183136.245093690] [charge_scheduler]:      车#21 到达 8.2 / 限 240.0 ✓
[charge_scheduler-1] [WARN] [1786183136.245097617] [charge_scheduler]:      车#22 到达 16.7 / 限 61.6 ✓
[charge_scheduler-1] [WARN] [1786183136.245101539] [charge_scheduler]:      车#23 到达 246.5 / 限 236.8 ✗超时
[charge_scheduler-1] [WARN] [1786183136.245105469] [charge_scheduler]:      车#24 到达 116.5 / 限 112.0 ✗超时
[charge_scheduler-1] [WARN] [1786183136.245109428] [charge_scheduler]:      车#25 到达 285.2 / 限 280.0 ✗超时
[charge_scheduler-1] [WARN] [1786183136.245113361] [charge_scheduler]:      车#26 到达 143.3 / 限 160.0 ✓
[charge_scheduler-1] [WARN] [1786183136.245117386] [charge_scheduler]:      车#27 到达 2.1 / 限 249.6 ✓
[charge_scheduler-1] [WARN] [1786183136.245121255] [charge_scheduler]:      车#28 到达 46.2 / 限 84.0 ✓
[charge_scheduler-1] [WARN] [1786183136.245125289] [charge_scheduler]:      车#29 到达 219.8 / 限 198.4 ✗超时
[charge_scheduler-1] [WARN] [1786183136.245132038] [charge_scheduler]:   DSP有向路网生成的固定访问顺序 = #27 #8 #12 #21 #4 #22 #3 #15 #7 #28 #9 #11 #18 #1 #24 #5 #13 #26 #0 #20 #16 #10 #29 #6 #23 #19 #25 #2 #14 #17 
[charge_scheduler-1] [WARN] [1786183136.245135850] [charge_scheduler]: ════════════════════════════════════════
[charge_scheduler-1] [INFO] [1786183136.245143254] [charge_scheduler]:   ⏱ 任务计时开始 (t=0)
[charge_scheduler-1] [INFO] [1786183136.245488848] [charge_scheduler]: [多车派发] 充电车1分配3趟、10辆目标车，开始独立逐任务派发
[charge_scheduler-1] [INFO] [1786183136.245542071] [charge_scheduler]:   → [充电车1] 第1/3趟 第1/5辆: 车#27 (-90.40,60.50) | topic后缀=_1 | 承诺完成=6.36min
[charge_scheduler-1] [INFO] [1786183136.245840674] [charge_scheduler]: [多车派发] 充电车2分配4趟、10辆目标车，开始独立逐任务派发
[charge_scheduler-1] [INFO] [1786183136.245855452] [charge_scheduler]:   → [充电车2] 第1/4趟 第1/4辆: 车#8 (-70.92,27.67) | topic后缀=_2 | 承诺完成=16.35min
[charge_scheduler-1] [INFO] [1786183136.246147949] [charge_scheduler]: [多车派发] 充电车3分配4趟、10辆目标车，开始独立逐任务派发
[charge_scheduler-1] [INFO] [1786183136.246160512] [charge_scheduler]:   → [充电车3] 第1/4趟 第1/5辆: 车#12 (-61.70,-20.70) | topic后缀=_3 | 承诺完成=10.25min
