[INFO] [launch]: All log files can be found below /root/.ros/log/2026-08-08-09-55-45-471179-YYYY-9198
[INFO] [launch]: Default logging verbosity is set to INFO
[INFO] [charge_scheduler-1]: process started with pid [9199]
[charge_scheduler-1] [INFO] [1786182945.604397258] [charge_scheduler]: [目标顺序] objective_order=Tover,Nlate,Ctotal
[charge_scheduler-1] [INFO] [1786182945.604917464] [charge_scheduler]: [Scheduler] 30辆车 | 电池800.0kWh(20%=160.0 80%=640.0) | 充电360kW效率97% | 行驶0.6kWh/km | 桩350kW
[charge_scheduler-1] [INFO] [1786182945.604957522] [charge_scheduler]: [Scheduler] 站端周转: 换电 10 min(换后满电) | 单趟可用 640 kWh
[charge_scheduler-1] [INFO] [1786182945.604966130] [charge_scheduler]:   车#0 [电动装载机282|light] 位置(-47.3,-2.6) 容量282kWh 剩余35% | α=6→6min/% τ=168min → 需130.8kWh(充21.2min)
[charge_scheduler-1] [INFO] [1786182945.604979983] [charge_scheduler]:   车#1 [重型叉车|light] 位置(-44.0,-64.1) 容量200kWh 剩余20% | α=6→6min/% τ=96min → 需123.7kWh(充20.0min)
[charge_scheduler-1] [INFO] [1786182945.604990674] [charge_scheduler]:   车#2 [电动装载机350|light] 位置(-51.1,-38.8) 容量350kWh 剩余50% | α=6→6min/% τ=288min → 需108.2kWh(充17.5min)
[charge_scheduler-1] [INFO] [1786182945.605001936] [charge_scheduler]:   车#3 [重型叉车|light] 位置(-71.0,-19.0) 容量200kWh 剩余10% | α=6→6min/% τ=32min → 需144.3kWh(充23.3min)
[charge_scheduler-1] [INFO] [1786182945.605012752] [charge_scheduler]:   车#4 [电动装载机282|heavy→降级] 位置(-93.3,6.6) 容量282kWh 剩余60% | α=3→6min/% τ=212min → 需58.1kWh(充9.4min)
[charge_scheduler-1] [INFO] [1786182945.605024059] [charge_scheduler]:   车#5 [电动装载机350|light] 位置(-104.4,47.7) 容量350kWh 剩余25% | α=6→6min/% τ=128min → 需198.5kWh(充32.1min)
[charge_scheduler-1] [INFO] [1786182945.605034503] [charge_scheduler]:   车#6 [电动装载机350|heavy→降级] 位置(-37.0,-75.1) 容量350kWh 剩余40% | α=4→6min/% τ=176min → 需144.3kWh(充23.3min)
[charge_scheduler-1] [INFO] [1786182945.605046244] [charge_scheduler]:   车#7 [重型叉车|light] 位置(-88.8,-37.1) 容量200kWh 剩余15% | α=6→6min/% τ=64min → 需134.0kWh(充21.7min)
[charge_scheduler-1] [INFO] [1786182945.605055809] [charge_scheduler]:   车#8 [电动装载机282|heavy→降级] 位置(-70.9,27.7) 容量282kWh 剩余55% | α=3→6min/% τ=196min → 需72.7kWh(充11.8min)
[charge_scheduler-1] [INFO] [1786182945.605065884] [charge_scheduler]:   车#9 [电动装载机282|heavy→降级] 位置(-35.4,-47.4) 容量282kWh 剩余30% | α=3→6min/% τ=116min → 需145.4kWh(充23.5min)
[charge_scheduler-1] [INFO] [1786182945.605076205] [charge_scheduler]:   车#10 [电动装载机282|light] 位置(-100.0,-1.0) 容量282kWh 剩余45% | α=6→6min/% τ=224min → 需101.8kWh(充16.4min)
[charge_scheduler-1] [INFO] [1786182945.605086415] [charge_scheduler]:   车#11 [电动装载机350|light] 位置(-72.8,-15.6) 容量350kWh 剩余18% | α=6→6min/% τ=83min → 需223.7kWh(充36.2min)
[charge_scheduler-1] [INFO] [1786182945.605096158] [charge_scheduler]:   车#12 [重型叉车|heavy→降级] 位置(-61.7,-20.7) 容量200kWh 剩余62% | α=3→6min/% τ=230min → 需37.1kWh(充6.0min)
[charge_scheduler-1] [INFO] [1786182945.605106876] [charge_scheduler]:   车#13 [电动装载机282|light] 位置(-133.0,-25.3) 容量282kWh 剩余28% | α=6→6min/% τ=129min → 需151.2kWh(充24.4min)
[charge_scheduler-1] [INFO] [1786182945.605118542] [charge_scheduler]:   车#14 [电动装载机350|light] 位置(-132.0,-8.9) 容量350kWh 剩余52% | α=6→6min/% τ=301min → 需101.0kWh(充16.3min)
[charge_scheduler-1] [INFO] [1786182945.605128741] [charge_scheduler]:   车#15 [重型叉车|light] 位置(-120.0,7.9) 容量200kWh 剩余12% | α=6→6min/% τ=45min → 需140.2kWh(充22.7min)
[charge_scheduler-1] [INFO] [1786182945.605139796] [charge_scheduler]:   车#16 [电动装载机282|light] 位置(-43.8,-82.9) 容量282kWh 剩余38% | α=6→6min/% τ=185min → 需122.1kWh(充19.7min)
[charge_scheduler-1] [INFO] [1786182945.605148759] [charge_scheduler]:   车#17 [电动装载机350|light] 位置(-31.1,-74.7) 容量350kWh 剩余58% | α=6→6min/% τ=339min → 需79.4kWh(充12.8min)
[charge_scheduler-1] [INFO] [1786182945.605158084] [charge_scheduler]:   车#18 [重型叉车|heavy→降级] 位置(-75.4,-68.2) 容量200kWh 剩余22% | α=3→6min/% τ=102min → 需119.6kWh(充19.3min)
[charge_scheduler-1] [INFO] [1786182945.605167342] [charge_scheduler]:   车#19 [电动装载机282|light] 位置(-88.2,47.1) 容量282kWh 剩余48% | α=6→6min/% τ=241min → 需93.0kWh(充15.0min)
[charge_scheduler-1] [INFO] [1786182945.605177054] [charge_scheduler]:   车#20 [电动装载机350|light] 位置(-71.4,16.3) 容量350kWh 剩余33% | α=6→6min/% τ=179min → 需169.6kWh(充27.4min)
[charge_scheduler-1] [INFO] [1786182945.605247528] [charge_scheduler]:   车#21 [重型叉车|heavy→降级] 位置(-122.0,-0.6) 容量200kWh 剩余65% | α=3→6min/% τ=240min → 需30.9kWh(充5.0min)
[charge_scheduler-1] [INFO] [1786182945.605258950] [charge_scheduler]:   车#22 [电动装载机282|light] 位置(-71.6,11.6) 容量282kWh 剩余16% | α=6→6min/% τ=62min → 需186.1kWh(充30.1min)
[charge_scheduler-1] [INFO] [1786182945.605268736] [charge_scheduler]:   车#23 [电动装载机350|light] 位置(-131.0,37.2) 容量350kWh 剩余42% | α=6→6min/% τ=237min → 需137.1kWh(充22.2min)
[charge_scheduler-1] [INFO] [1786182945.605278175] [charge_scheduler]:   车#24 [重型叉车|heavy→降级] 位置(-51.3,5.9) 容量200kWh 剩余25% | α=3→6min/% τ=112min → 需113.4kWh(充18.3min)
[charge_scheduler-1] [INFO] [1786182945.605287591] [charge_scheduler]:   车#25 [电动装载机282|light] 位置(-62.2,-10.7) 容量282kWh 剩余55% | α=6→6min/% τ=280min → 需72.7kWh(充11.8min)
[charge_scheduler-1] [INFO] [1786182945.605297142] [charge_scheduler]:   车#26 [电动装载机350|light] 位置(-116.0,60.4) 容量350kWh 剩余30% | α=6→6min/% τ=160min → 需180.4kWh(充29.2min)
[charge_scheduler-1] [INFO] [1786182945.605306915] [charge_scheduler]:   车#27 [重型叉车|heavy→降级] 位置(-90.4,60.5) 容量200kWh 剩余68% | α=3→6min/% τ=250min → 需24.7kWh(充4.0min)
[charge_scheduler-1] [INFO] [1786182945.605326892] [charge_scheduler]:   车#28 [电动装载机282|light] 位置(-85.5,-46.0) 容量282kWh 剩余20% | α=6→6min/% τ=84min → 需174.4kWh(充28.2min)
[charge_scheduler-1] [INFO] [1786182945.605337349] [charge_scheduler]:   车#29 [电动装载机350|light] 位置(-87.0,-36.6) 容量350kWh 剩余36% | α=6→6min/% τ=198min → 需158.8kWh(充25.7min)
[charge_scheduler-1] [INFO] [1786182945.616831729] [charge_scheduler]: [Scheduler] 闭环接口: threshold=10.0min | event_sim=off | policy=global | structured_feedback=optional (/task_planner/execution_event)
[charge_scheduler-1] [INFO] [1786182945.616872904] [charge_scheduler]: [Scheduler] 已启动, 等待地图...
[charge_scheduler-1] [INFO] [1786182945.616879874] [charge_scheduler]: [Scheduler] 充电车1接口: sequence/served/arrived_target/arrived_station/return_goal/task_complete 后缀=_1
[charge_scheduler-1] [INFO] [1786182945.616886297] [charge_scheduler]: [Scheduler] 充电车2接口: sequence/served/arrived_target/arrived_station/return_goal/task_complete 后缀=_2
[charge_scheduler-1] [INFO] [1786182945.616891288] [charge_scheduler]: [Scheduler] 充电车3接口: sequence/served/arrived_target/arrived_station/return_goal/task_complete 后缀=_3
[charge_scheduler-1] [INFO] [1786182945.668699059] [charge_scheduler]: [Scheduler] RoutingGraph 就绪
[charge_scheduler-1] [INFO] [1786182945.668983241] [charge_scheduler]: [Scheduler] 提取到 6 条虚线捷径
[charge_scheduler-1] [INFO] [1786182945.680329497] [charge_scheduler]: [Scheduler] 下层兼容增强图: 166 节点, 6 条虚线掉头边
[charge_scheduler-1] [INFO] [1786182959.538278307] [charge_scheduler]: [Scheduler] 距离矩阵完成 31x31, 13857.9 ms | 模式=dsp | ECD不可达=0 DSP原始不可达=87 DSP虚线兜底=87 DSP最终不可达=0 抽象不可达=0 | 缺少对向投影节点=0 | 对向识别(ID/几何/法向)=0/0/0 | 单向驿站投影=0
[charge_scheduler-1] [INFO] [1786182959.538369847] [charge_scheduler]:   ✓ 比值自检：930 个 OD 满足 机动/直线≥1 | 均值=2.97 最大=42.81 (车#15→车#21)
[charge_scheduler-1] [INFO] [1786182959.538402626] [charge_scheduler]:   [DSP诊断] 有限OD=930 | following-only不可达=87 | 虚线兜底=87 | 最终不可达=0 | DSP<ECD=0 | DSP/ECD均值=1.739 最大=44.401 | 最大非对称差=583.720m
[charge_scheduler-1] [INFO] [1786182959.538415002] [charge_scheduler]: [Scheduler] 地图就绪, 166 条 lanelet（与下层一致）
[charge_scheduler-1] [INFO] [1786182959.538476145] [charge_scheduler]: ======== 开始VRPTW调度 30 辆车 ========
[charge_scheduler-1] [INFO] [1786182959.538483140] [charge_scheduler]:   规模30>8 → 启发式(alns)
[charge_scheduler-1] [INFO] [1786183007.925949049] [charge_scheduler]: [ALNS] objective_order=Tover,Nlate,Ctotal seed=6 iters=15000 | N_late=10(成功率66.7%) T_overtime=182.0min C_total=6200.5m | 趟数=11 makespan=387.4min
[charge_scheduler-1] [INFO] [1786183007.925996214] [charge_scheduler]:   求解耗时 48387.5 ms
[charge_scheduler-1] [INFO] [1786183007.926004292] [charge_scheduler]: ════════ 调度结果 ════════
[charge_scheduler-1] [INFO] [1786183007.926037417] [charge_scheduler]:   ★目标(字典序): objective_order=Tover,Nlate,Ctotal | N_late=10 辆 (按时成功率 20/30 = 66.7%)  T_overtime=182.0min  C_total=6200.5m
[charge_scheduler-1] [INFO] [1786183007.926044037] [charge_scheduler]:   附: 趟数=11 | makespan=387.4min | 能量可行=是
[charge_scheduler-1] [INFO] [1786183007.926055628] [charge_scheduler]:   [充电车3] 趟1: 站 → 车#4(到1.4/限212.0✓) → 车#12(到13.9/限230.4✓) → 车#3(到25.4/限32.0✓) → 车#1(到51.1/限96.0✓) → 车#18(到75.7/限102.4✓) → 站
[charge_scheduler-1] [INFO] [1786183007.926061979] [charge_scheduler]:   [充电车2] 趟2: 站 → 车#8(到4.0/限196.0✓) → 车#22(到16.7/限61.6✓) → 车#15(到49.1/限44.8✗超时) → 车#28(到75.9/限84.0✓) → 站
[charge_scheduler-1] [INFO] [1786183007.926068189] [charge_scheduler]:   [充电车1] 趟3: 站 → 车#27(到2.1/限249.6✓) → 车#21(到8.2/限240.0✓) → 车#11(到15.1/限83.2✓) → 车#7(到53.4/限64.0✓) → 车#13(到78.8/限128.8✓) → 站
[charge_scheduler-1] [INFO] [1786183007.926073004] [charge_scheduler]:   [充电车1] 趟4: 站 → 车#5(到127.1/限128.0✓) → 车#20(到171.9/限179.2✓) → 站
[charge_scheduler-1] [INFO] [1786183007.926078218] [charge_scheduler]:   [充电车3] 趟5: 站 → 车#24(到113.0/限112.0✗超时) → 车#26(到139.8/限160.0✓) → 车#16(到185.4/限184.8✗超时) → 站
[charge_scheduler-1] [INFO] [1786183007.926083612] [charge_scheduler]:   [充电车2] 趟6: 站 → 车#9(到124.7/限116.0✗超时) → 车#0(到162.3/限168.0✓) → 车#10(到200.6/限224.0✓) → 站
[charge_scheduler-1] [INFO] [1786183007.926088750] [charge_scheduler]:   [充电车1] 趟7: 站 → 车#6(到229.5/限176.0✗超时) → 车#25(到274.7/限280.0✓) → 站
[charge_scheduler-1] [INFO] [1786183007.926093265] [charge_scheduler]:   [充电车3] 趟8: 站 → 车#29(到235.2/限198.4✗超时) → 车#23(到281.0/限236.8✗超时) → 站
[charge_scheduler-1] [INFO] [1786183007.926097433] [charge_scheduler]:   [充电车1] 趟9: 站 → 车#14(到323.9/限300.8✗超时) → 站
[charge_scheduler-1] [INFO] [1786183007.926102155] [charge_scheduler]:   [充电车2] 趟10: 站 → 车#19(到249.0/限240.8✗超时) → 车#2(到287.8/限288.0✓) → 站
[charge_scheduler-1] [INFO] [1786183007.926106217] [charge_scheduler]:   [充电车3] 趟11: 站 → 车#17(到340.8/限339.2✗超时) → 站
[charge_scheduler-1] [INFO] [1786183007.926110029] [charge_scheduler]: ════════════════════════
[charge_scheduler-1] [WARN] [1786183007.926139911] [charge_scheduler]: ════ 耦合消融重放：DSP有向路网定序 → 同K ECD执行口径 ════
[charge_scheduler-1] [WARN] [1786183007.926144331] [charge_scheduler]:   【DSP有向路网仅生成顺序；K=3、能量、换电、分趟和并行时间线均按ECD执行一致机动距离重新解码】
[charge_scheduler-1] [WARN] [1786183007.926148364] [charge_scheduler]:   N_late=7 (按时率 23/30 = 76.7%)   T_overtime=170.2min   C_total=5853.9m   makespan=383.6min   能量违规=0   objective_order=Tover,Nlate,Ctotal
[charge_scheduler-1] [WARN] [1786183007.926155207] [charge_scheduler]:   逐辆到达时刻（ECD执行口径、同K解码）：
[charge_scheduler-1] [WARN] [1786183007.926159755] [charge_scheduler]:      车#0 到达 161.5 / 限 168.0 ✓
[charge_scheduler-1] [WARN] [1786183007.926164356] [charge_scheduler]:      车#1 到达 49.7 / 限 96.0 ✓
[charge_scheduler-1] [WARN] [1786183007.926168507] [charge_scheduler]:      车#2 到达 285.4 / 限 288.0 ✓
[charge_scheduler-1] [WARN] [1786183007.926172713] [charge_scheduler]:      车#3 到达 22.4 / 限 32.0 ✓
[charge_scheduler-1] [WARN] [1786183007.926176750] [charge_scheduler]:      车#4 到达 1.4 / 限 212.0 ✓
[charge_scheduler-1] [WARN] [1786183007.926180590] [charge_scheduler]:      车#5 到达 127.1 / 限 128.0 ✓
[charge_scheduler-1] [WARN] [1786183007.926184743] [charge_scheduler]:      车#6 到达 229.1 / 限 176.0 ✗超时
[charge_scheduler-1] [WARN] [1786183007.926188876] [charge_scheduler]:      车#7 到达 53.4 / 限 64.0 ✓
[charge_scheduler-1] [WARN] [1786183007.926192784] [charge_scheduler]:      车#8 到达 4.0 / 限 196.0 ✓
[charge_scheduler-1] [WARN] [1786183007.926196621] [charge_scheduler]:      车#9 到达 124.7 / 限 116.0 ✗超时
[charge_scheduler-1] [WARN] [1786183007.926200768] [charge_scheduler]:      车#10 到达 199.7 / 限 224.0 ✓
[charge_scheduler-1] [WARN] [1786183007.926204947] [charge_scheduler]:      车#11 到达 15.1 / 限 83.2 ✓
[charge_scheduler-1] [WARN] [1786183007.926216833] [charge_scheduler]:      车#12 到达 13.9 / 限 230.4 ✓
[charge_scheduler-1] [WARN] [1786183007.926220980] [charge_scheduler]:      车#13 到达 78.8 / 限 128.8 ✓
[charge_scheduler-1] [WARN] [1786183007.926228073] [charge_scheduler]:      车#14 到达 323.5 / 限 300.8 ✗超时
[charge_scheduler-1] [WARN] [1786183007.926232445] [charge_scheduler]:      车#15 到达 49.1 / 限 44.8 ✗超时
[charge_scheduler-1] [WARN] [1786183007.926236541] [charge_scheduler]:      车#16 到达 182.2 / 限 184.8 ✓
[charge_scheduler-1] [WARN] [1786183007.926240790] [charge_scheduler]:      车#17 到达 337.2 / 限 339.2 ✓
[charge_scheduler-1] [WARN] [1786183007.926244939] [charge_scheduler]:      车#18 到达 73.0 / 限 102.4 ✓
[charge_scheduler-1] [WARN] [1786183007.926249023] [charge_scheduler]:      车#19 到达 248.0 / 限 240.8 ✗超时
[charge_scheduler-1] [WARN] [1786183007.926253215] [charge_scheduler]:      车#20 到达 171.9 / 限 179.2 ✓
[charge_scheduler-1] [WARN] [1786183007.926257322] [charge_scheduler]:      车#21 到达 8.2 / 限 240.0 ✓
[charge_scheduler-1] [WARN] [1786183007.926261504] [charge_scheduler]:      车#22 到达 16.7 / 限 61.6 ✓
[charge_scheduler-1] [WARN] [1786183007.926265595] [charge_scheduler]:      车#23 到达 277.5 / 限 236.8 ✗超时
[charge_scheduler-1] [WARN] [1786183007.926269681] [charge_scheduler]:      车#24 到达 110.1 / 限 112.0 ✓
[charge_scheduler-1] [WARN] [1786183007.926273820] [charge_scheduler]:      车#25 到达 274.4 / 限 280.0 ✓
[charge_scheduler-1] [WARN] [1786183007.926277941] [charge_scheduler]:      车#26 到达 136.8 / 限 160.0 ✓
[charge_scheduler-1] [WARN] [1786183007.926281941] [charge_scheduler]:      车#27 到达 2.1 / 限 249.6 ✓
[charge_scheduler-1] [WARN] [1786183007.926285872] [charge_scheduler]:      车#28 到达 75.9 / 限 84.0 ✓
[charge_scheduler-1] [WARN] [1786183007.926289915] [charge_scheduler]:      车#29 到达 231.8 / 限 198.4 ✗超时
[charge_scheduler-1] [WARN] [1786183007.926296807] [charge_scheduler]:   DSP有向路网生成的固定访问顺序 = #27 #8 #4 #21 #12 #11 #22 #3 #15 #1 #7 #18 #28 #13 #24 #9 #5 #26 #0 #20 #16 #10 #6 #29 #19 #25 #23 #2 #14 #17 
[charge_scheduler-1] [WARN] [1786183007.926301506] [charge_scheduler]: ════════════════════════════════════════
[charge_scheduler-1] [INFO] [1786183007.926309448] [charge_scheduler]:   ⏱ 任务计时开始 (t=0)
[charge_scheduler-1] [INFO] [1786183007.926647334] [charge_scheduler]: [多车派发] 充电车1分配4趟、10辆目标车，开始独立逐任务派发
[charge_scheduler-1] [INFO] [1786183007.926697170] [charge_scheduler]:   → [充电车1] 第1/4趟 第1/5辆: 车#27 (-90.40,60.50) | topic后缀=_1 | 承诺完成=6.36min
[charge_scheduler-1] [INFO] [1786183007.926998439] [charge_scheduler]: [多车派发] 充电车2分配3趟、9辆目标车，开始独立逐任务派发
[charge_scheduler-1] [INFO] [1786183007.927013509] [charge_scheduler]:   → [充电车2] 第1/3趟 第1/4辆: 车#8 (-70.92,27.67) | topic后缀=_2 | 承诺完成=16.35min
[charge_scheduler-1] [INFO] [1786183007.927315890] [charge_scheduler]: [多车派发] 充电车3分配4趟、11辆目标车，开始独立逐任务派发
[charge_scheduler-1] [INFO] [1786183007.927334059] [charge_scheduler]:   → [充电车3] 第1/4趟 第1/5辆: 车#4 (-93.30,6.61) | topic后缀=_3 | 承诺完成=11.04min
