[INFO] [launch]: All log files can be found below /root/.ros/log/2026-08-08-09-46-10-639809-YYYY-6716
[INFO] [launch]: Default logging verbosity is set to INFO
[INFO] [charge_scheduler-1]: process started with pid [6717]
[charge_scheduler-1] [INFO] [1786182370.774392850] [charge_scheduler]: [目标顺序] objective_order=Tover,Nlate,Ctotal
[charge_scheduler-1] [INFO] [1786182370.775361692] [charge_scheduler]: [Scheduler] 10辆车 | 电池800.0kWh(20%=160.0 80%=640.0) | 充电360kW效率97% | 行驶0.6kWh/km | 桩350kW
[charge_scheduler-1] [INFO] [1786182370.775400742] [charge_scheduler]: [Scheduler] 站端周转: 换电 10 min(换后满电) | 单趟可用 640 kWh
[charge_scheduler-1] [INFO] [1786182370.775409589] [charge_scheduler]:   车#0 [电动装载机282|light] 位置(-71.0,-19.0) 容量282kWh 剩余35% | α=6→6min/% τ=168min → 需130.8kWh(充21.2min)
[charge_scheduler-1] [INFO] [1786182370.775423609] [charge_scheduler]:   车#1 [重型叉车|light] 位置(-88.8,-37.1) 容量200kWh 剩余20% | α=6→6min/% τ=96min → 需123.7kWh(充20.0min)
[charge_scheduler-1] [INFO] [1786182370.775435510] [charge_scheduler]:   车#2 [电动装载机350|light] 位置(-100.0,-1.0) 容量350kWh 剩余50% | α=6→6min/% τ=288min → 需108.2kWh(充17.5min)
[charge_scheduler-1] [INFO] [1786182370.775446743] [charge_scheduler]:   车#3 [重型叉车|light] 位置(-43.8,-82.9) 容量200kWh 剩余10% | α=6→6min/% τ=32min → 需144.3kWh(充23.3min)
[charge_scheduler-1] [INFO] [1786182370.775457862] [charge_scheduler]:   车#4 [电动装载机282|heavy→降级] 位置(-31.1,-74.7) 容量282kWh 剩余60% | α=3→6min/% τ=212min → 需58.1kWh(充9.4min)
[charge_scheduler-1] [INFO] [1786182370.775470858] [charge_scheduler]:   车#5 [电动装载机350|light] 位置(-88.2,47.1) 容量350kWh 剩余25% | α=6→6min/% τ=128min → 需198.5kWh(充32.1min)
[charge_scheduler-1] [INFO] [1786182370.775482035] [charge_scheduler]:   车#6 [电动装载机350|heavy→降级] 位置(-71.4,16.3) 容量350kWh 剩余40% | α=4→6min/% τ=176min → 需144.3kWh(充23.3min)
[charge_scheduler-1] [INFO] [1786182370.775492921] [charge_scheduler]:   车#7 [重型叉车|light] 位置(-71.6,11.6) 容量200kWh 剩余15% | α=6→6min/% τ=64min → 需134.0kWh(充21.7min)
[charge_scheduler-1] [INFO] [1786182370.775503738] [charge_scheduler]:   车#8 [电动装载机282|heavy→降级] 位置(-90.4,60.5) 容量282kWh 剩余55% | α=3→6min/% τ=196min → 需72.7kWh(充11.8min)
[charge_scheduler-1] [INFO] [1786182370.775514978] [charge_scheduler]:   车#9 [电动装载机282|heavy→降级] 位置(-87.0,-36.6) 容量282kWh 剩余30% | α=3→6min/% τ=116min → 需145.4kWh(充23.5min)
[charge_scheduler-1] [INFO] [1786182370.787417122] [charge_scheduler]: [Scheduler] 闭环接口: threshold=10.0min | event_sim=off | policy=global | structured_feedback=optional (/task_planner/execution_event)
[charge_scheduler-1] [INFO] [1786182370.787463480] [charge_scheduler]: [Scheduler] 已启动, 等待地图...
[charge_scheduler-1] [INFO] [1786182370.787483155] [charge_scheduler]: [Scheduler] 充电车1接口: sequence/served/arrived_target/arrived_station/return_goal/task_complete 后缀=_1
[charge_scheduler-1] [INFO] [1786182370.836009844] [charge_scheduler]: [Scheduler] RoutingGraph 就绪
[charge_scheduler-1] [INFO] [1786182370.836360758] [charge_scheduler]: [Scheduler] 提取到 6 条虚线捷径
[charge_scheduler-1] [INFO] [1786182370.850070451] [charge_scheduler]: [Scheduler] 下层兼容增强图: 166 节点, 6 条虚线掉头边
[charge_scheduler-1] [INFO] [1786182372.397498761] [charge_scheduler]: [Scheduler] 距离矩阵完成 11x11, 1547.4 ms | 模式=dsp | ECD不可达=0 DSP原始不可达=10 DSP虚线兜底=10 DSP最终不可达=0 抽象不可达=0 | 缺少对向投影节点=0 | 对向识别(ID/几何/法向)=0/0/0 | 单向驿站投影=0
[charge_scheduler-1] [INFO] [1786182372.397547382] [charge_scheduler]:   ✓ 比值自检：110 个 OD 满足 机动/直线≥1 | 均值=3.16 最大=23.07 (车#8→车#5)
[charge_scheduler-1] [INFO] [1786182372.397558768] [charge_scheduler]:   [DSP诊断] 有限OD=110 | following-only不可达=10 | 虚线兜底=10 | 最终不可达=0 | DSP<ECD=0 | DSP/ECD均值=2.060 最大=44.401 | 最大非对称差=583.720m
[charge_scheduler-1] [INFO] [1786182372.397570186] [charge_scheduler]: [Scheduler] 地图就绪, 166 条 lanelet（与下层一致）
[charge_scheduler-1] [INFO] [1786182372.397615630] [charge_scheduler]: ======== 开始VRPTW调度 10 辆车 ========
[charge_scheduler-1] [INFO] [1786182372.397620817] [charge_scheduler]:   规模10>8 → 启发式(alns)
[charge_scheduler-1] [INFO] [1786182373.739230495] [charge_scheduler]: [ALNS] objective_order=Tover,Nlate,Ctotal seed=2 iters=8000 | N_late=7(成功率30.0%) T_overtime=233.7min C_total=2597.9m | 趟数=4 makespan=369.3min
[charge_scheduler-1] [INFO] [1786182373.739322636] [charge_scheduler]:   求解耗时 1341.7 ms
[charge_scheduler-1] [INFO] [1786182373.739331200] [charge_scheduler]: ════════ 调度结果 ════════
[charge_scheduler-1] [INFO] [1786182373.739336066] [charge_scheduler]:   ★目标(字典序): objective_order=Tover,Nlate,Ctotal | N_late=7 辆 (按时成功率 3/10 = 30.0%)  T_overtime=233.7min  C_total=2597.9m
[charge_scheduler-1] [INFO] [1786182373.739342118] [charge_scheduler]:   附: 趟数=4 | makespan=369.3min | 能量可行=是
[charge_scheduler-1] [INFO] [1786182373.739351956] [charge_scheduler]:   趟1: 站 → 车#4(到3.0/限212.0✓) → 车#8(到15.8/限196.0✓) → 车#3(到34.0/限32.0✗超时) → 车#7(到64.6/限64.0✗超时) → 车#1(到90.7/限96.0✓) → 站
[charge_scheduler-1] [INFO] [1786182373.739357836] [charge_scheduler]:   趟2: 站 → 车#9(到129.6/限116.0✗超时) → 车#0(到168.9/限168.0✗超时) → 站
[charge_scheduler-1] [INFO] [1786182373.739363273] [charge_scheduler]:   趟3: 站 → 车#5(到220.0/限128.0✗超时) → 车#6(到264.7/限176.0✗超时) → 站
[charge_scheduler-1] [INFO] [1786182373.739369910] [charge_scheduler]:   趟4: 站 → 车#2(到323.9/限288.0✗超时) → 站
[charge_scheduler-1] [INFO] [1786182373.739373441] [charge_scheduler]: ════════════════════════
[charge_scheduler-1] [WARN] [1786182373.739393150] [charge_scheduler]: ════ 耦合消融重放：DSP有向路网定序 → 同K ECD执行口径 ════
[charge_scheduler-1] [WARN] [1786182373.739397293] [charge_scheduler]:   【DSP有向路网仅生成顺序；K=1、能量、换电、分趟和并行时间线均按ECD执行一致机动距离重新解码】
[charge_scheduler-1] [WARN] [1786182373.739401230] [charge_scheduler]:   N_late=5 (按时率 5/10 = 50.0%)   T_overtime=220.9min   C_total=2389.9m   makespan=365.9min   能量违规=0   objective_order=Tover,Nlate,Ctotal
[charge_scheduler-1] [WARN] [1786182373.739407937] [charge_scheduler]:   逐辆到达时刻（ECD执行口径、同K解码）：
[charge_scheduler-1] [WARN] [1786182373.739411515] [charge_scheduler]:      车#0 到达 165.7 / 限 168.0 ✓
[charge_scheduler-1] [WARN] [1786182373.739416350] [charge_scheduler]:      车#1 到达 89.9 / 限 96.0 ✓
[charge_scheduler-1] [WARN] [1786182373.739420693] [charge_scheduler]:      车#2 到达 320.5 / 限 288.0 ✗超时
[charge_scheduler-1] [WARN] [1786182373.739424934] [charge_scheduler]:      车#3 到达 33.8 / 限 32.0 ✗超时
[charge_scheduler-1] [WARN] [1786182373.739429004] [charge_scheduler]:      车#4 到达 2.9 / 限 212.0 ✓
[charge_scheduler-1] [WARN] [1786182373.739433121] [charge_scheduler]:      车#5 到达 216.6 / 限 128.0 ✗超时
[charge_scheduler-1] [WARN] [1786182373.739437295] [charge_scheduler]:      车#6 到达 261.3 / 限 176.0 ✗超时
[charge_scheduler-1] [WARN] [1786182373.739441423] [charge_scheduler]:      车#7 到达 63.8 / 限 64.0 ✓
[charge_scheduler-1] [WARN] [1786182373.739445530] [charge_scheduler]:      车#8 到达 15.7 / 限 196.0 ✓
[charge_scheduler-1] [WARN] [1786182373.739449659] [charge_scheduler]:      车#9 到达 128.7 / 限 116.0 ✗超时
[charge_scheduler-1] [WARN] [1786182373.739455169] [charge_scheduler]:   DSP有向路网生成的固定访问顺序 = #4 #8 #3 #7 #1 #9 #0 #5 #6 #2 
[charge_scheduler-1] [WARN] [1786182373.739459092] [charge_scheduler]: ════════════════════════════════════════
[charge_scheduler-1] [INFO] [1786182373.739465182] [charge_scheduler]:   ⏱ 任务计时开始 (t=0)
[charge_scheduler-1] [INFO] [1786182373.739644588] [charge_scheduler]:   → 趟1 第1辆: 车#4 [电动装载机282] (-31.10,-74.70) 容量282.00kWh 剩余60% | 承诺完成=12.89min plan_v=0
