[INFO] [launch]: All log files can be found below /root/.ros/log/2026-08-08-13-40-02-673704-YYYY-3548
[INFO] [launch]: Default logging verbosity is set to INFO
[INFO] [charge_scheduler-1]: process started with pid [3551]
[charge_scheduler-1] [INFO] [1786196402.804729577] [charge_scheduler]: [目标顺序] objective_order=Nlate,Tover,Ctotal
[charge_scheduler-1] [INFO] [1786196402.805271256] [charge_scheduler]: [Scheduler] 30辆车 | 电池800.0kWh(20%=160.0 80%=640.0) | 充电360kW效率97% | 行驶0.6kWh/km | 桩350kW
[charge_scheduler-1] [INFO] [1786196402.805299967] [charge_scheduler]: [Scheduler] 站端周转: 换电 10 min(换后满电) | 单趟可用 640 kWh
[charge_scheduler-1] [INFO] [1786196402.805309313] [charge_scheduler]:   车#0 [电动装载机282|light] 位置(3889.6,73764.7) 容量282kWh 剩余35% | α=6→6min/% τ=168min → 需130.8kWh(充21.2min)
[charge_scheduler-1] [INFO] [1786196402.805325746] [charge_scheduler]:   车#1 [重型叉车|light] 位置(3778.9,73807.0) 容量200kWh 剩余20% | α=6→6min/% τ=96min → 需123.7kWh(充20.0min)
[charge_scheduler-1] [INFO] [1786196402.805339811] [charge_scheduler]:   车#2 [电动装载机350|light] 位置(3794.9,73804.6) 容量350kWh 剩余50% | α=6→6min/% τ=288min → 需108.2kWh(充17.5min)
[charge_scheduler-1] [INFO] [1786196402.805352313] [charge_scheduler]:   车#3 [重型叉车|light] 位置(3806.9,73760.3) 容量200kWh 剩余10% | α=6→6min/% τ=32min → 需144.3kWh(充23.3min)
[charge_scheduler-1] [INFO] [1786196402.805365555] [charge_scheduler]:   车#4 [电动装载机282|heavy→降级] 位置(3705.1,73758.2) 容量282kWh 剩余60% | α=3→6min/% τ=212min → 需58.1kWh(充9.4min)
[charge_scheduler-1] [INFO] [1786196402.805380878] [charge_scheduler]:   车#5 [电动装载机350|light] 位置(3756.5,73770.2) 容量350kWh 剩余25% | α=6→6min/% τ=128min → 需198.5kWh(充32.1min)
[charge_scheduler-1] [INFO] [1786196402.805393820] [charge_scheduler]:   车#6 [电动装载机350|heavy→降级] 位置(3887.4,73809.4) 容量350kWh 剩余40% | α=4→6min/% τ=176min → 需144.3kWh(充23.3min)
[charge_scheduler-1] [INFO] [1786196402.805406468] [charge_scheduler]:   车#7 [重型叉车|light] 位置(3899.0,73786.6) 容量200kWh 剩余15% | α=6→6min/% τ=64min → 需134.0kWh(充21.7min)
[charge_scheduler-1] [INFO] [1786196402.805418951] [charge_scheduler]:   车#8 [电动装载机282|heavy→降级] 位置(3689.7,73663.1) 容量282kWh 剩余55% | α=3→6min/% τ=196min → 需72.7kWh(充11.8min)
[charge_scheduler-1] [INFO] [1786196402.805431793] [charge_scheduler]:   车#9 [电动装载机282|heavy→降级] 位置(3748.4,73767.2) 容量282kWh 剩余30% | α=3→6min/% τ=116min → 需145.4kWh(充23.5min)
[charge_scheduler-1] [INFO] [1786196402.805444214] [charge_scheduler]:   车#10 [电动装载机282|light] 位置(3865.2,73751.0) 容量282kWh 剩余45% | α=6→6min/% τ=224min → 需101.8kWh(充16.4min)
[charge_scheduler-1] [INFO] [1786196402.805459373] [charge_scheduler]:   车#11 [电动装载机350|light] 位置(3785.0,73749.2) 容量350kWh 剩余18% | α=6→6min/% τ=83min → 需223.7kWh(充36.2min)
[charge_scheduler-1] [INFO] [1786196402.805471896] [charge_scheduler]:   车#12 [重型叉车|heavy→降级] 位置(3811.5,73799.9) 容量200kWh 剩余62% | α=3→6min/% τ=230min → 需37.1kWh(充6.0min)
[charge_scheduler-1] [INFO] [1786196402.805484945] [charge_scheduler]:   车#13 [电动装载机282|light] 位置(3810.8,73773.1) 容量282kWh 剩余28% | α=6→6min/% τ=129min → 需151.2kWh(充24.4min)
[charge_scheduler-1] [INFO] [1786196402.805497843] [charge_scheduler]:   车#14 [电动装载机350|light] 位置(3905.0,73793.5) 容量350kWh 剩余52% | α=6→6min/% τ=301min → 需101.0kWh(充16.3min)
[charge_scheduler-1] [INFO] [1786196402.805509788] [charge_scheduler]:   车#15 [重型叉车|light] 位置(3894.3,73756.9) 容量200kWh 剩余12% | α=6→6min/% τ=45min → 需140.2kWh(充22.7min)
[charge_scheduler-1] [INFO] [1786196402.805522866] [charge_scheduler]:   车#16 [电动装载机282|light] 位置(3818.5,73716.2) 容量282kWh 剩余38% | α=6→6min/% τ=185min → 需122.1kWh(充19.7min)
[charge_scheduler-1] [INFO] [1786196402.805535820] [charge_scheduler]:   车#17 [电动装载机350|light] 位置(3733.2,73772.4) 容量350kWh 剩余58% | α=6→6min/% τ=339min → 需79.4kWh(充12.8min)
[charge_scheduler-1] [INFO] [1786196402.805550719] [charge_scheduler]:   车#18 [重型叉车|heavy→降级] 位置(3764.7,73699.0) 容量200kWh 剩余22% | α=3→6min/% τ=102min → 需119.6kWh(充19.3min)
[charge_scheduler-1] [INFO] [1786196402.805563310] [charge_scheduler]:   车#19 [电动装载机282|light] 位置(3878.4,73747.9) 容量282kWh 剩余48% | α=6→6min/% τ=241min → 需93.0kWh(充15.0min)
[charge_scheduler-1] [INFO] [1786196402.805605848] [charge_scheduler]:   车#20 [电动装载机350|light] 位置(3740.3,73686.9) 容量350kWh 剩余33% | α=6→6min/% τ=179min → 需169.6kWh(充27.4min)
[charge_scheduler-1] [INFO] [1786196402.805618575] [charge_scheduler]:   车#21 [重型叉车|heavy→降级] 位置(3895.4,73811.9) 容量200kWh 剩余65% | α=3→6min/% τ=240min → 需30.9kWh(充5.0min)
[charge_scheduler-1] [INFO] [1786196402.805631593] [charge_scheduler]:   车#22 [电动装载机282|light] 位置(3876.0,73830.2) 容量282kWh 剩余16% | α=6→6min/% τ=62min → 需186.1kWh(充30.1min)
[charge_scheduler-1] [INFO] [1786196402.805644374] [charge_scheduler]:   车#23 [电动装载机350|light] 位置(3765.9,73790.3) 容量350kWh 剩余42% | α=6→6min/% τ=237min → 需137.1kWh(充22.2min)
[charge_scheduler-1] [INFO] [1786196402.805657676] [charge_scheduler]:   车#24 [重型叉车|heavy→降级] 位置(3637.1,73698.1) 容量200kWh 剩余25% | α=3→6min/% τ=112min → 需113.4kWh(充18.3min)
[charge_scheduler-1] [INFO] [1786196402.805671741] [charge_scheduler]:   车#25 [电动装载机282|light] 位置(3884.5,73833.1) 容量282kWh 剩余55% | α=6→6min/% τ=280min → 需72.7kWh(充11.8min)
[charge_scheduler-1] [INFO] [1786196402.805683577] [charge_scheduler]:   车#26 [电动装载机350|light] 位置(3699.3,73765.4) 容量350kWh 剩余30% | α=6→6min/% τ=160min → 需180.4kWh(充29.2min)
[charge_scheduler-1] [INFO] [1786196402.805696301] [charge_scheduler]:   车#27 [重型叉车|heavy→降级] 位置(3800.8,73717.7) 容量200kWh 剩余68% | α=3→6min/% τ=250min → 需24.7kWh(充4.0min)
[charge_scheduler-1] [INFO] [1786196402.805708422] [charge_scheduler]:   车#28 [电动装载机282|light] 位置(3825.0,73792.7) 容量282kWh 剩余20% | α=6→6min/% τ=84min → 需174.4kWh(充28.2min)
[charge_scheduler-1] [INFO] [1786196402.805720636] [charge_scheduler]:   车#29 [电动装载机350|light] 位置(3784.3,73759.0) 容量350kWh 剩余36% | α=6→6min/% τ=198min → 需158.8kWh(充25.7min)
[charge_scheduler-1] [INFO] [1786196402.821007760] [charge_scheduler]: [Scheduler] 闭环接口: threshold=10.0min | event_sim=off | policy=all | structured_feedback=optional (/task_planner/execution_event)
[charge_scheduler-1] [INFO] [1786196402.821056570] [charge_scheduler]: [Scheduler] 已启动, 等待地图...
[charge_scheduler-1] [INFO] [1786196402.821066868] [charge_scheduler]: [Scheduler] 充电车1接口: sequence/served/arrived_target/arrived_station/return_goal/task_complete 后缀=_1
[charge_scheduler-1] [INFO] [1786196402.821075153] [charge_scheduler]: [Scheduler] 充电车2接口: sequence/served/arrived_target/arrived_station/return_goal/task_complete 后缀=_2
[charge_scheduler-1] [INFO] [1786196402.821082078] [charge_scheduler]: [Scheduler] 充电车3接口: sequence/served/arrived_target/arrived_station/return_goal/task_complete 后缀=_3
[charge_scheduler-1] [INFO] [1786196402.912334990] [charge_scheduler]: [Scheduler] RoutingGraph 就绪
[charge_scheduler-1] [INFO] [1786196402.912760204] [charge_scheduler]: [Scheduler] 提取到 0 条虚线捷径
[charge_scheduler-1] [INFO] [1786196402.944835126] [charge_scheduler]: [Scheduler] 下层兼容增强图: 190 节点, 0 条虚线掉头边
[charge_scheduler-1] [INFO] [1786196442.857780544] [charge_scheduler]: [Scheduler] 距离矩阵完成 31x31, 39912.9 ms | 模式=dsp | ECD不可达=0 DSP原始不可达=0 DSP虚线兜底=0 DSP最终不可达=0 抽象不可达=0 | 缺少对向投影节点=0 | 对向识别(ID/几何/法向)=0/0/0 | 单向驿站投影=0
[charge_scheduler-1] [INFO] [1786196442.857893284] [charge_scheduler]:   ✓ 比值自检：930 个 OD 满足 机动/直线≥1 | 均值=4.11 最大=62.63 (车#0→车#15)
[charge_scheduler-1] [INFO] [1786196442.857953384] [charge_scheduler]:   [DSP诊断] 有限OD=930 | following-only不可达=0 | 虚线兜底=0 | 最终不可达=0 | DSP<ECD=0 | DSP/ECD均值=1.103 最大=13.873 | 最大非对称差=579.540m
[charge_scheduler-1] [INFO] [1786196442.857971758] [charge_scheduler]: [Scheduler] 地图就绪, 190 条 lanelet（与下层一致）
[charge_scheduler-1] [INFO] [1786196442.858051548] [charge_scheduler]: ======== 开始VRPTW调度 30 辆车 ========
[charge_scheduler-1] [INFO] [1786196442.858059802] [charge_scheduler]:   规模30>8 → 启发式(alns)
[charge_scheduler-1] [INFO] [1786196488.503336939] [charge_scheduler]: [ALNS] objective_order=Nlate,Tover,Ctotal seed=6 iters=15000 | N_late=3(成功率90.0%) T_overtime=362.7min C_total=8151.3m | 趟数=12 makespan=387.1min
[charge_scheduler-1] [INFO] [1786196488.503376723] [charge_scheduler]:   求解耗时 45645.3 ms
[charge_scheduler-1] [INFO] [1786196488.503406563] [charge_scheduler]: ════════ 调度结果 ════════
[charge_scheduler-1] [INFO] [1786196488.503411680] [charge_scheduler]:   ★目标(字典序): objective_order=Nlate,Tover,Ctotal | N_late=3 辆 (按时成功率 27/30 = 90.0%)  T_overtime=362.7min  C_total=8151.3m
[charge_scheduler-1] [INFO] [1786196488.503418260] [charge_scheduler]:   附: 趟数=12 | makespan=387.1min | 能量可行=是
[charge_scheduler-1] [INFO] [1786196488.503428032] [charge_scheduler]:   [充电车2] 趟1: 站 → 车#27(到1.7/限249.6✓) → 车#3(到7.7/限32.0✓) → 车#7(到35.0/限64.0✓) → 车#22(到59.3/限61.6✓) → 站
[charge_scheduler-1] [INFO] [1786196488.503434802] [charge_scheduler]:   [充电车3] 趟2: 站 → 车#9(到1.2/限116.0✓) → 车#4(到25.8/限212.0✓) → 车#1(到42.1/限96.0✓) → 车#28(到65.3/限84.0✓) → 站
[charge_scheduler-1] [INFO] [1786196488.503440714] [charge_scheduler]:   [充电车1] 趟3: 站 → 车#12(到2.3/限230.4✓) → 车#21(到10.6/限240.0✓) → 车#15(到17.7/限44.8✓) → 车#11(到43.5/限83.2✓) → 车#18(到86.2/限102.4✓) → 站
[charge_scheduler-1] [INFO] [1786196488.503446509] [charge_scheduler]:   [充电车1] 趟4: 站 → 车#5(到125.6/限128.0✓) → 车#20(到171.4/限179.2✓) → 站
[charge_scheduler-1] [INFO] [1786196488.503451644] [charge_scheduler]:   [充电车3] 趟5: 站 → 车#13(到113.2/限128.8✓) → 车#16(到148.7/限184.8✓) → 车#10(到184.1/限224.0✓) → 站
[charge_scheduler-1] [INFO] [1786196488.503456926] [charge_scheduler]:   [充电车2] 趟6: 站 → 车#24(到111.5/限112.0✓) → 车#0(到141.9/限168.0✓) → 车#6(到175.9/限176.0✓) → 站
[charge_scheduler-1] [INFO] [1786196488.503461220] [charge_scheduler]:   [充电车2] 趟7: 站 → 车#19(到239.7/限240.8✓) → 车#25(到278.1/限280.0✓) → 站
[charge_scheduler-1] [INFO] [1786196488.503465731] [charge_scheduler]:   [充电车3] 趟8: 站 → 车#26(到234.0/限160.0✗超时) → 车#14(到281.7/限300.8✓) → 站
[charge_scheduler-1] [INFO] [1786196488.503470213] [charge_scheduler]:   [充电车1] 趟9: 站 → 车#23(到233.4/限236.8✓) → 车#2(到283.0/限288.0✓) → 站
[charge_scheduler-1] [INFO] [1786196488.503474389] [charge_scheduler]:   [充电车1] 趟10: 站 → 车#8(到343.9/限196.0✗超时) → 站
[charge_scheduler-1] [INFO] [1786196488.503478631] [charge_scheduler]:   [充电车2] 趟11: 站 → 车#17(到329.8/限339.2✓) → 站
[charge_scheduler-1] [INFO] [1786196488.503483546] [charge_scheduler]:   [充电车3] 趟12: 站 → 车#29(到339.2/限198.4✗超时) → 站
[charge_scheduler-1] [INFO] [1786196488.503486589] [charge_scheduler]: ════════════════════════
[charge_scheduler-1] [WARN] [1786196488.503515946] [charge_scheduler]: ════ 耦合消融重放：DSP有向路网定序 → 同K ECD执行口径 ════
[charge_scheduler-1] [WARN] [1786196488.503520237] [charge_scheduler]:   【DSP有向路网仅生成顺序；K=3、能量、换电、分趟和并行时间线均按ECD执行一致机动距离重新解码】
[charge_scheduler-1] [WARN] [1786196488.503524291] [charge_scheduler]:   N_late=3 (按时率 27/30 = 90.0%)   T_overtime=356.6min   C_total=7779.3m   makespan=382.0min   能量违规=0   objective_order=Nlate,Tover,Ctotal
[charge_scheduler-1] [WARN] [1786196488.503530060] [charge_scheduler]:   逐辆到达时刻（ECD执行口径、同K解码）：
[charge_scheduler-1] [WARN] [1786196488.503533707] [charge_scheduler]:      车#0 到达 141.9 / 限 168.0 ✓
[charge_scheduler-1] [WARN] [1786196488.503538150] [charge_scheduler]:      车#1 到达 42.1 / 限 96.0 ✓
[charge_scheduler-1] [WARN] [1786196488.503542354] [charge_scheduler]:      车#2 到达 277.4 / 限 288.0 ✓
[charge_scheduler-1] [WARN] [1786196488.503546432] [charge_scheduler]:      车#3 到达 7.7 / 限 32.0 ✓
[charge_scheduler-1] [WARN] [1786196488.503550575] [charge_scheduler]:      车#4 到达 25.8 / 限 212.0 ✓
[charge_scheduler-1] [WARN] [1786196488.503554692] [charge_scheduler]:      车#5 到达 125.6 / 限 128.0 ✓
[charge_scheduler-1] [WARN] [1786196488.503558721] [charge_scheduler]:      车#6 到达 175.9 / 限 176.0 ✓
[charge_scheduler-1] [WARN] [1786196488.503562683] [charge_scheduler]:      车#7 到达 35.0 / 限 64.0 ✓
[charge_scheduler-1] [WARN] [1786196488.503566625] [charge_scheduler]:      车#8 到达 342.9 / 限 196.0 ✗超时
[charge_scheduler-1] [WARN] [1786196488.503570504] [charge_scheduler]:      车#9 到达 1.2 / 限 116.0 ✓
[charge_scheduler-1] [WARN] [1786196488.503577295] [charge_scheduler]:      车#10 到达 184.1 / 限 224.0 ✓
[charge_scheduler-1] [WARN] [1786196488.503581434] [charge_scheduler]:      车#11 到达 43.5 / 限 83.2 ✓
[charge_scheduler-1] [WARN] [1786196488.503586038] [charge_scheduler]:      车#12 到达 2.3 / 限 230.4 ✓
[charge_scheduler-1] [WARN] [1786196488.503589798] [charge_scheduler]:      车#13 到达 113.2 / 限 128.8 ✓
[charge_scheduler-1] [WARN] [1786196488.503593923] [charge_scheduler]:      车#14 到达 281.7 / 限 300.8 ✓
[charge_scheduler-1] [WARN] [1786196488.503597906] [charge_scheduler]:      车#15 到达 17.7 / 限 44.8 ✓
[charge_scheduler-1] [WARN] [1786196488.503601829] [charge_scheduler]:      车#16 到达 148.7 / 限 184.8 ✓
[charge_scheduler-1] [WARN] [1786196488.503605776] [charge_scheduler]:      车#17 到达 329.8 / 限 339.2 ✓
[charge_scheduler-1] [WARN] [1786196488.503609678] [charge_scheduler]:      车#18 到达 86.2 / 限 102.4 ✓
[charge_scheduler-1] [WARN] [1786196488.503613695] [charge_scheduler]:      车#19 到达 239.7 / 限 240.8 ✓
[charge_scheduler-1] [WARN] [1786196488.503617674] [charge_scheduler]:      车#20 到达 171.4 / 限 179.2 ✓
[charge_scheduler-1] [WARN] [1786196488.503621568] [charge_scheduler]:      车#21 到达 10.6 / 限 240.0 ✓
[charge_scheduler-1] [WARN] [1786196488.503625574] [charge_scheduler]:      车#22 到达 59.3 / 限 61.6 ✓
[charge_scheduler-1] [WARN] [1786196488.503629514] [charge_scheduler]:      车#23 到达 233.4 / 限 236.8 ✓
[charge_scheduler-1] [WARN] [1786196488.503633483] [charge_scheduler]:      车#24 到达 111.5 / 限 112.0 ✓
[charge_scheduler-1] [WARN] [1786196488.503637456] [charge_scheduler]:      车#25 到达 278.1 / 限 280.0 ✓
[charge_scheduler-1] [WARN] [1786196488.503641320] [charge_scheduler]:      车#26 到达 234.0 / 限 160.0 ✗超时
[charge_scheduler-1] [WARN] [1786196488.503645388] [charge_scheduler]:      车#27 到达 1.7 / 限 249.6 ✓
[charge_scheduler-1] [WARN] [1786196488.503649113] [charge_scheduler]:      车#28 到达 65.3 / 限 84.0 ✓
[charge_scheduler-1] [WARN] [1786196488.503653004] [charge_scheduler]:      车#29 到达 334.0 / 限 198.4 ✗超时
[charge_scheduler-1] [WARN] [1786196488.503659684] [charge_scheduler]:   DSP有向路网生成的固定访问顺序 = #12 #27 #9 #3 #21 #15 #4 #7 #11 #1 #22 #28 #18 #24 #13 #5 #0 #16 #20 #6 #10 #23 #26 #19 #25 #2 #14 #17 #29 #8 
[charge_scheduler-1] [WARN] [1786196488.503663411] [charge_scheduler]: ════════════════════════════════════════
[charge_scheduler-1] [INFO] [1786196488.503671338] [charge_scheduler]:   ⏱ 任务计时开始 (t=0)
[charge_scheduler-1] [INFO] [1786196488.503996825] [charge_scheduler]: [多车派发] 充电车1分配4趟、10辆目标车，开始独立逐任务派发
[charge_scheduler-1] [INFO] [1786196488.504047684] [charge_scheduler]:   → [充电车1] 第1/4趟 第1/5辆: 车#12 (3811.54,73799.88) | topic后缀=_1 | 承诺完成=8.50min
[charge_scheduler-1] [INFO] [1786196488.504338734] [charge_scheduler]: [多车派发] 充电车2分配4趟、10辆目标车，开始独立逐任务派发
[charge_scheduler-1] [INFO] [1786196488.504353728] [charge_scheduler]:   → [充电车2] 第1/4趟 第1/4辆: 车#27 (3800.80,73717.69) | topic后缀=_2 | 承诺完成=5.89min
[charge_scheduler-1] [INFO] [1786196488.504645057] [charge_scheduler]: [多车派发] 充电车3分配4趟、10辆目标车，开始独立逐任务派发
[charge_scheduler-1] [INFO] [1786196488.504657927] [charge_scheduler]:   → [充电车3] 第1/4趟 第1/4辆: 车#9 (3748.40,73767.21) | topic后缀=_3 | 承诺完成=24.86min
