[INFO] [launch]: All log files can be found below /root/.ros/log/2026-08-08-13-44-26-140574-YYYY-4125
[INFO] [launch]: Default logging verbosity is set to INFO
[INFO] [charge_scheduler-1]: process started with pid [4128]
[charge_scheduler-1] [INFO] [1786196666.266612511] [charge_scheduler]: [目标顺序] objective_order=Nlate,Tover,Ctotal
[charge_scheduler-1] [INFO] [1786196666.267375881] [charge_scheduler]: [Scheduler] 30辆车 | 电池800.0kWh(20%=160.0 80%=640.0) | 充电360kW效率97% | 行驶0.6kWh/km | 桩350kW
[charge_scheduler-1] [INFO] [1786196666.267418982] [charge_scheduler]: [Scheduler] 站端周转: 换电 10 min(换后满电) | 单趟可用 640 kWh
[charge_scheduler-1] [INFO] [1786196666.267436696] [charge_scheduler]:   车#0 [电动装载机282|light] 位置(3889.6,73764.7) 容量282kWh 剩余35% | α=6→6min/% τ=168min → 需130.8kWh(充21.2min)
[charge_scheduler-1] [INFO] [1786196666.267461319] [charge_scheduler]:   车#1 [重型叉车|light] 位置(3778.9,73807.0) 容量200kWh 剩余20% | α=6→6min/% τ=96min → 需123.7kWh(充20.0min)
[charge_scheduler-1] [INFO] [1786196666.267482604] [charge_scheduler]:   车#2 [电动装载机350|light] 位置(3794.9,73804.6) 容量350kWh 剩余50% | α=6→6min/% τ=288min → 需108.2kWh(充17.5min)
[charge_scheduler-1] [INFO] [1786196666.267501903] [charge_scheduler]:   车#3 [重型叉车|light] 位置(3806.9,73760.3) 容量200kWh 剩余10% | α=6→6min/% τ=32min → 需144.3kWh(充23.3min)
[charge_scheduler-1] [INFO] [1786196666.267521549] [charge_scheduler]:   车#4 [电动装载机282|heavy→降级] 位置(3705.1,73758.2) 容量282kWh 剩余60% | α=3→6min/% τ=212min → 需58.1kWh(充9.4min)
[charge_scheduler-1] [INFO] [1786196666.267540569] [charge_scheduler]:   车#5 [电动装载机350|light] 位置(3756.5,73770.2) 容量350kWh 剩余25% | α=6→6min/% τ=128min → 需198.5kWh(充32.1min)
[charge_scheduler-1] [INFO] [1786196666.267559566] [charge_scheduler]:   车#6 [电动装载机350|heavy→降级] 位置(3887.4,73809.4) 容量350kWh 剩余40% | α=4→6min/% τ=176min → 需144.3kWh(充23.3min)
[charge_scheduler-1] [INFO] [1786196666.267582694] [charge_scheduler]:   车#7 [重型叉车|light] 位置(3899.0,73786.6) 容量200kWh 剩余15% | α=6→6min/% τ=64min → 需134.0kWh(充21.7min)
[charge_scheduler-1] [INFO] [1786196666.267602133] [charge_scheduler]:   车#8 [电动装载机282|heavy→降级] 位置(3689.7,73663.1) 容量282kWh 剩余55% | α=3→6min/% τ=196min → 需72.7kWh(充11.8min)
[charge_scheduler-1] [INFO] [1786196666.267623020] [charge_scheduler]:   车#9 [电动装载机282|heavy→降级] 位置(3748.4,73767.2) 容量282kWh 剩余30% | α=3→6min/% τ=116min → 需145.4kWh(充23.5min)
[charge_scheduler-1] [INFO] [1786196666.267641916] [charge_scheduler]:   车#10 [电动装载机282|light] 位置(3865.2,73751.0) 容量282kWh 剩余45% | α=6→6min/% τ=224min → 需101.8kWh(充16.4min)
[charge_scheduler-1] [INFO] [1786196666.267660060] [charge_scheduler]:   车#11 [电动装载机350|light] 位置(3785.0,73749.2) 容量350kWh 剩余18% | α=6→6min/% τ=83min → 需223.7kWh(充36.2min)
[charge_scheduler-1] [INFO] [1786196666.267677718] [charge_scheduler]:   车#12 [重型叉车|heavy→降级] 位置(3811.5,73799.9) 容量200kWh 剩余62% | α=3→6min/% τ=230min → 需37.1kWh(充6.0min)
[charge_scheduler-1] [INFO] [1786196666.267699282] [charge_scheduler]:   车#13 [电动装载机282|light] 位置(3810.8,73773.1) 容量282kWh 剩余28% | α=6→6min/% τ=129min → 需151.2kWh(充24.4min)
[charge_scheduler-1] [INFO] [1786196666.267719905] [charge_scheduler]:   车#14 [电动装载机350|light] 位置(3905.0,73793.5) 容量350kWh 剩余52% | α=6→6min/% τ=301min → 需101.0kWh(充16.3min)
[charge_scheduler-1] [INFO] [1786196666.267738122] [charge_scheduler]:   车#15 [重型叉车|light] 位置(3894.3,73756.9) 容量200kWh 剩余12% | α=6→6min/% τ=45min → 需140.2kWh(充22.7min)
[charge_scheduler-1] [INFO] [1786196666.267756630] [charge_scheduler]:   车#16 [电动装载机282|light] 位置(3818.5,73716.2) 容量282kWh 剩余38% | α=6→6min/% τ=185min → 需122.1kWh(充19.7min)
[charge_scheduler-1] [INFO] [1786196666.267774584] [charge_scheduler]:   车#17 [电动装载机350|light] 位置(3733.2,73772.4) 容量350kWh 剩余58% | α=6→6min/% τ=339min → 需79.4kWh(充12.8min)
[charge_scheduler-1] [INFO] [1786196666.267792535] [charge_scheduler]:   车#18 [重型叉车|heavy→降级] 位置(3764.7,73699.0) 容量200kWh 剩余22% | α=3→6min/% τ=102min → 需119.6kWh(充19.3min)
[charge_scheduler-1] [INFO] [1786196666.267811109] [charge_scheduler]:   车#19 [电动装载机282|light] 位置(3878.4,73747.9) 容量282kWh 剩余48% | α=6→6min/% τ=241min → 需93.0kWh(充15.0min)
[charge_scheduler-1] [INFO] [1786196666.267889869] [charge_scheduler]:   车#20 [电动装载机350|light] 位置(3740.3,73686.9) 容量350kWh 剩余33% | α=6→6min/% τ=179min → 需169.6kWh(充27.4min)
[charge_scheduler-1] [INFO] [1786196666.267913699] [charge_scheduler]:   车#21 [重型叉车|heavy→降级] 位置(3895.4,73811.9) 容量200kWh 剩余65% | α=3→6min/% τ=240min → 需30.9kWh(充5.0min)
[charge_scheduler-1] [INFO] [1786196666.267932633] [charge_scheduler]:   车#22 [电动装载机282|light] 位置(3876.0,73830.2) 容量282kWh 剩余16% | α=6→6min/% τ=62min → 需186.1kWh(充30.1min)
[charge_scheduler-1] [INFO] [1786196666.267951508] [charge_scheduler]:   车#23 [电动装载机350|light] 位置(3765.9,73790.3) 容量350kWh 剩余42% | α=6→6min/% τ=237min → 需137.1kWh(充22.2min)
[charge_scheduler-1] [INFO] [1786196666.267969797] [charge_scheduler]:   车#24 [重型叉车|heavy→降级] 位置(3637.1,73698.1) 容量200kWh 剩余25% | α=3→6min/% τ=112min → 需113.4kWh(充18.3min)
[charge_scheduler-1] [INFO] [1786196666.267988815] [charge_scheduler]:   车#25 [电动装载机282|light] 位置(3884.5,73833.1) 容量282kWh 剩余55% | α=6→6min/% τ=280min → 需72.7kWh(充11.8min)
[charge_scheduler-1] [INFO] [1786196666.268007207] [charge_scheduler]:   车#26 [电动装载机350|light] 位置(3699.3,73765.4) 容量350kWh 剩余30% | α=6→6min/% τ=160min → 需180.4kWh(充29.2min)
[charge_scheduler-1] [INFO] [1786196666.268030502] [charge_scheduler]:   车#27 [重型叉车|heavy→降级] 位置(3800.8,73717.7) 容量200kWh 剩余68% | α=3→6min/% τ=250min → 需24.7kWh(充4.0min)
[charge_scheduler-1] [INFO] [1786196666.268049203] [charge_scheduler]:   车#28 [电动装载机282|light] 位置(3825.0,73792.7) 容量282kWh 剩余20% | α=6→6min/% τ=84min → 需174.4kWh(充28.2min)
[charge_scheduler-1] [INFO] [1786196666.268067425] [charge_scheduler]:   车#29 [电动装载机350|light] 位置(3784.3,73759.0) 容量350kWh 剩余36% | α=6→6min/% τ=198min → 需158.8kWh(充25.7min)
[charge_scheduler-1] [INFO] [1786196666.287209103] [charge_scheduler]: [Scheduler] 闭环接口: threshold=10.0min | event_sim=off | policy=all | structured_feedback=optional (/task_planner/execution_event)
[charge_scheduler-1] [INFO] [1786196666.287252869] [charge_scheduler]: [Scheduler] 已启动, 等待地图...
[charge_scheduler-1] [INFO] [1786196666.287266371] [charge_scheduler]: [Scheduler] 充电车1接口: sequence/served/arrived_target/arrived_station/return_goal/task_complete 后缀=_1
[charge_scheduler-1] [INFO] [1786196666.287277468] [charge_scheduler]: [Scheduler] 充电车2接口: sequence/served/arrived_target/arrived_station/return_goal/task_complete 后缀=_2
[charge_scheduler-1] [INFO] [1786196666.287287068] [charge_scheduler]: [Scheduler] 充电车3接口: sequence/served/arrived_target/arrived_station/return_goal/task_complete 后缀=_3
[charge_scheduler-1] [INFO] [1786196666.386391463] [charge_scheduler]: [Scheduler] RoutingGraph 就绪
[charge_scheduler-1] [INFO] [1786196666.386812073] [charge_scheduler]: [Scheduler] 提取到 0 条虚线捷径
[charge_scheduler-1] [INFO] [1786196666.412502363] [charge_scheduler]: [Scheduler] 下层兼容增强图: 190 节点, 0 条虚线掉头边
[charge_scheduler-1] [INFO] [1786196706.378175591] [charge_scheduler]: [Scheduler] 距离矩阵完成 31x31, 39965.6 ms | 模式=dsp | ECD不可达=0 DSP原始不可达=0 DSP虚线兜底=0 DSP最终不可达=0 抽象不可达=0 | 缺少对向投影节点=0 | 对向识别(ID/几何/法向)=0/0/0 | 单向驿站投影=0
[charge_scheduler-1] [INFO] [1786196706.378243770] [charge_scheduler]:   ✓ 比值自检：930 个 OD 满足 机动/直线≥1 | 均值=4.11 最大=62.63 (车#0→车#15)
[charge_scheduler-1] [INFO] [1786196706.378275841] [charge_scheduler]:   [DSP诊断] 有限OD=930 | following-only不可达=0 | 虚线兜底=0 | 最终不可达=0 | DSP<ECD=0 | DSP/ECD均值=1.103 最大=13.873 | 最大非对称差=579.540m
[charge_scheduler-1] [INFO] [1786196706.378287765] [charge_scheduler]: [Scheduler] 地图就绪, 190 条 lanelet（与下层一致）
[charge_scheduler-1] [INFO] [1786196706.378339820] [charge_scheduler]: ======== 开始VRPTW调度 30 辆车 ========
[charge_scheduler-1] [INFO] [1786196706.378345269] [charge_scheduler]:   规模30>8 → 启发式(alns)
[charge_scheduler-1] [INFO] [1786196752.668644580] [charge_scheduler]: [ALNS] objective_order=Nlate,Tover,Ctotal seed=9 iters=15000 | N_late=3(成功率90.0%) T_overtime=365.2min C_total=8336.2m | 趟数=12 makespan=388.2min
[charge_scheduler-1] [INFO] [1786196752.668722262] [charge_scheduler]:   求解耗时 46290.4 ms
[charge_scheduler-1] [INFO] [1786196752.668770864] [charge_scheduler]: ════════ 调度结果 ════════
[charge_scheduler-1] [INFO] [1786196752.668778443] [charge_scheduler]:   ★目标(字典序): objective_order=Nlate,Tover,Ctotal | N_late=3 辆 (按时成功率 27/30 = 90.0%)  T_overtime=365.2min  C_total=8336.2m
[charge_scheduler-1] [INFO] [1786196752.668792385] [charge_scheduler]:   附: 趟数=12 | makespan=388.2min | 能量可行=是
[charge_scheduler-1] [INFO] [1786196752.668805308] [charge_scheduler]:   [充电车3] 趟1: 站 → 车#9(到1.2/限116.0✓) → 车#15(到29.0/限44.8✓) → 车#11(到55.3/限83.2✓) → 站
[charge_scheduler-1] [INFO] [1786196752.668818904] [charge_scheduler]:   [充电车1] 趟2: 站 → 车#12(到2.3/限230.4✓) → 车#21(到10.6/限240.0✓) → 车#3(到19.4/限32.0✓) → 车#1(到45.8/限96.0✓) → 车#28(到69.2/限84.0✓) → 站
[charge_scheduler-1] [INFO] [1786196752.668836388] [charge_scheduler]:   [充电车2] 趟3: 站 → 车#4(到2.1/限212.0✓) → 车#27(到14.5/限249.6✓) → 车#7(到22.2/限64.0✓) → 车#22(到45.8/限61.6✓) → 车#18(到85.0/限102.4✓) → 站
[charge_scheduler-1] [INFO] [1786196752.668846660] [charge_scheduler]:   [充电车3] 趟4: 站 → 车#24(到111.0/限112.0✓) → 车#8(到138.0/限196.0✓) → 车#20(到169.4/限179.2✓) → 站
[charge_scheduler-1] [INFO] [1786196752.668857069] [charge_scheduler]:   [充电车2] 趟5: 站 → 车#5(到124.3/限128.0✓) → 车#6(到171.4/限176.0✓) → 站
[charge_scheduler-1] [INFO] [1786196752.668886062] [charge_scheduler]:   [充电车1] 趟6: 站 → 车#13(到117.4/限128.8✓) → 车#0(到153.3/限168.0✓) → 车#10(到191.5/限224.0✓) → 站
[charge_scheduler-1] [INFO] [1786196752.668896017] [charge_scheduler]:   [充电车2] 趟7: 站 → 车#19(到234.7/限240.8✓) → 车#25(到272.7/限280.0✓) → 站
[charge_scheduler-1] [INFO] [1786196752.668903213] [charge_scheduler]:   [充电车3] 趟8: 站 → 车#23(到231.2/限236.8✓) → 车#2(到280.6/限288.0✓) → 站
[charge_scheduler-1] [INFO] [1786196752.668909381] [charge_scheduler]:   [充电车1] 趟9: 站 → 车#16(到243.0/限184.8✗超时) → 车#14(到283.2/限300.8✓) → 站
[charge_scheduler-1] [INFO] [1786196752.668920681] [charge_scheduler]:   [充电车1] 趟10: 站 → 车#26(到341.8/限160.0✗超时) → 站
[charge_scheduler-1] [INFO] [1786196752.668927164] [charge_scheduler]:   [充电车2] 趟11: 站 → 车#29(到323.5/限198.4✗超时) → 站
[charge_scheduler-1] [INFO] [1786196752.668934062] [charge_scheduler]:   [充电车3] 趟12: 站 → 车#17(到337.9/限339.2✓) → 站
[charge_scheduler-1] [INFO] [1786196752.668939883] [charge_scheduler]: ════════════════════════
[charge_scheduler-1] [WARN] [1786196752.668994306] [charge_scheduler]: ════ 耦合消融重放：DSP有向路网定序 → 同K ECD执行口径 ════
[charge_scheduler-1] [WARN] [1786196752.669006273] [charge_scheduler]:   【DSP有向路网仅生成顺序；K=3、能量、换电、分趟和并行时间线均按ECD执行一致机动距离重新解码】
[charge_scheduler-1] [WARN] [1786196752.669012509] [charge_scheduler]:   N_late=3 (按时率 27/30 = 90.0%)   T_overtime=356.8min   C_total=7718.6m   makespan=383.8min   能量违规=0   objective_order=Nlate,Tover,Ctotal
[charge_scheduler-1] [WARN] [1786196752.669020972] [charge_scheduler]:   逐辆到达时刻（ECD执行口径、同K解码）：
[charge_scheduler-1] [WARN] [1786196752.669025469] [charge_scheduler]:      车#0 到达 153.3 / 限 168.0 ✓
[charge_scheduler-1] [WARN] [1786196752.669031006] [charge_scheduler]:      车#1 到达 45.8 / 限 96.0 ✓
[charge_scheduler-1] [WARN] [1786196752.669035889] [charge_scheduler]:      车#2 到达 275.0 / 限 288.0 ✓
[charge_scheduler-1] [WARN] [1786196752.669040912] [charge_scheduler]:      车#3 到达 19.4 / 限 32.0 ✓
[charge_scheduler-1] [WARN] [1786196752.669045663] [charge_scheduler]:      车#4 到达 2.1 / 限 212.0 ✓
[charge_scheduler-1] [WARN] [1786196752.669050679] [charge_scheduler]:      车#5 到达 124.3 / 限 128.0 ✓
[charge_scheduler-1] [WARN] [1786196752.669055774] [charge_scheduler]:      车#6 到达 171.4 / 限 176.0 ✓
[charge_scheduler-1] [WARN] [1786196752.669060693] [charge_scheduler]:      车#7 到达 22.2 / 限 64.0 ✓
[charge_scheduler-1] [WARN] [1786196752.669065506] [charge_scheduler]:      车#8 到达 138.0 / 限 196.0 ✓
[charge_scheduler-1] [WARN] [1786196752.669070421] [charge_scheduler]:      车#9 到达 1.2 / 限 116.0 ✓
[charge_scheduler-1] [WARN] [1786196752.669082224] [charge_scheduler]:      车#10 到达 187.8 / 限 224.0 ✓
[charge_scheduler-1] [WARN] [1786196752.669087918] [charge_scheduler]:      车#11 到达 55.3 / 限 83.2 ✓
[charge_scheduler-1] [WARN] [1786196752.669093267] [charge_scheduler]:      车#12 到达 2.3 / 限 230.4 ✓
[charge_scheduler-1] [WARN] [1786196752.669099307] [charge_scheduler]:      车#13 到达 117.4 / 限 128.8 ✓
[charge_scheduler-1] [WARN] [1786196752.669104971] [charge_scheduler]:      车#14 到达 279.2 / 限 300.8 ✓
[charge_scheduler-1] [WARN] [1786196752.669110392] [charge_scheduler]:      车#15 到达 29.0 / 限 44.8 ✓
[charge_scheduler-1] [WARN] [1786196752.669115771] [charge_scheduler]:      车#16 到达 239.0 / 限 184.8 ✗超时
[charge_scheduler-1] [WARN] [1786196752.669123951] [charge_scheduler]:      车#17 到达 331.8 / 限 339.2 ✓
[charge_scheduler-1] [WARN] [1786196752.669135070] [charge_scheduler]:      车#18 到达 85.0 / 限 102.4 ✓
[charge_scheduler-1] [WARN] [1786196752.669141726] [charge_scheduler]:      车#19 到达 234.7 / 限 240.8 ✓
[charge_scheduler-1] [WARN] [1786196752.669148860] [charge_scheduler]:      车#20 到达 169.4 / 限 179.2 ✓
[charge_scheduler-1] [WARN] [1786196752.669157578] [charge_scheduler]:      车#21 到达 10.6 / 限 240.0 ✓
[charge_scheduler-1] [WARN] [1786196752.669165004] [charge_scheduler]:      车#22 到达 45.8 / 限 61.6 ✓
[charge_scheduler-1] [WARN] [1786196752.669177720] [charge_scheduler]:      车#23 到达 231.2 / 限 236.8 ✓
[charge_scheduler-1] [WARN] [1786196752.669186051] [charge_scheduler]:      车#24 到达 111.0 / 限 112.0 ✓
[charge_scheduler-1] [WARN] [1786196752.669194550] [charge_scheduler]:      车#25 到达 272.7 / 限 280.0 ✓
[charge_scheduler-1] [WARN] [1786196752.669203424] [charge_scheduler]:      车#26 到达 337.5 / 限 160.0 ✗超时
[charge_scheduler-1] [WARN] [1786196752.669217447] [charge_scheduler]:      车#27 到达 14.5 / 限 249.6 ✓
[charge_scheduler-1] [WARN] [1786196752.669227529] [charge_scheduler]:      车#28 到达 69.2 / 限 84.0 ✓
[charge_scheduler-1] [WARN] [1786196752.669237827] [charge_scheduler]:      车#29 到达 323.5 / 限 198.4 ✗超时
[charge_scheduler-1] [WARN] [1786196752.669254078] [charge_scheduler]:   DSP有向路网生成的固定访问顺序 = #12 #4 #9 #27 #21 #3 #7 #15 #22 #1 #11 #28 #18 #24 #13 #5 #8 #0 #6 #20 #10 #23 #19 #16 #25 #2 #14 #29 #17 #26 
[charge_scheduler-1] [WARN] [1786196752.669264638] [charge_scheduler]: ════════════════════════════════════════
[charge_scheduler-1] [INFO] [1786196752.669279996] [charge_scheduler]:   ⏱ 任务计时开始 (t=0)
[charge_scheduler-1] [INFO] [1786196752.669704977] [charge_scheduler]: [多车派发] 充电车1分配4趟、11辆目标车，开始独立逐任务派发
[charge_scheduler-1] [INFO] [1786196752.669767651] [charge_scheduler]:   → [充电车1] 第1/4趟 第1/5辆: 车#12 (3811.54,73799.88) | topic后缀=_1 | 承诺完成=8.50min
[charge_scheduler-1] [INFO] [1786196752.670168945] [charge_scheduler]: [多车派发] 充电车2分配4趟、10辆目标车，开始独立逐任务派发
[charge_scheduler-1] [INFO] [1786196752.670192263] [charge_scheduler]:   → [充电车2] 第1/4趟 第1/5辆: 车#4 (3705.05,73758.23) | topic后缀=_2 | 承诺完成=11.77min
[charge_scheduler-1] [INFO] [1786196752.670509748] [charge_scheduler]: [多车派发] 充电车3分配4趟、9辆目标车，开始独立逐任务派发
[charge_scheduler-1] [INFO] [1786196752.670522804] [charge_scheduler]:   → [充电车3] 第1/4趟 第1/3辆: 车#9 (3748.40,73767.21) | topic后缀=_3 | 承诺完成=24.86min
