[INFO] [launch]: All log files can be found below /root/.ros/log/2026-08-08-13-30-34-812190-YYYY-2257
[INFO] [launch]: Default logging verbosity is set to INFO
[INFO] [charge_scheduler-1]: process started with pid [2260]
[charge_scheduler-1] [INFO] [1786195834.939561072] [charge_scheduler]: [目标顺序] objective_order=Nlate,Tover,Ctotal
[charge_scheduler-1] [INFO] [1786195834.940083013] [charge_scheduler]: [Scheduler] 20辆车 | 电池800.0kWh(20%=160.0 80%=640.0) | 充电360kW效率97% | 行驶0.6kWh/km | 桩350kW
[charge_scheduler-1] [INFO] [1786195834.940113657] [charge_scheduler]: [Scheduler] 站端周转: 换电 10 min(换后满电) | 单趟可用 640 kWh
[charge_scheduler-1] [INFO] [1786195834.940122705] [charge_scheduler]:   车#0 [电动装载机282|light] 位置(3865.2,73751.0) 容量282kWh 剩余35% | α=6→6min/% τ=168min → 需130.8kWh(充21.2min)
[charge_scheduler-1] [INFO] [1786195834.940138767] [charge_scheduler]:   车#1 [重型叉车|light] 位置(3785.0,73749.2) 容量200kWh 剩余20% | α=6→6min/% τ=96min → 需123.7kWh(充20.0min)
[charge_scheduler-1] [INFO] [1786195834.940152128] [charge_scheduler]:   车#2 [电动装载机350|light] 位置(3811.5,73799.9) 容量350kWh 剩余50% | α=6→6min/% τ=288min → 需108.2kWh(充17.5min)
[charge_scheduler-1] [INFO] [1786195834.940164859] [charge_scheduler]:   车#3 [重型叉车|light] 位置(3810.8,73773.1) 容量200kWh 剩余10% | α=6→6min/% τ=32min → 需144.3kWh(充23.3min)
[charge_scheduler-1] [INFO] [1786195834.940177470] [charge_scheduler]:   车#4 [电动装载机282|heavy→降级] 位置(3905.0,73793.5) 容量282kWh 剩余60% | α=3→6min/% τ=212min → 需58.1kWh(充9.4min)
[charge_scheduler-1] [INFO] [1786195834.940195645] [charge_scheduler]:   车#5 [电动装载机350|light] 位置(3894.3,73756.9) 容量350kWh 剩余25% | α=6→6min/% τ=128min → 需198.5kWh(充32.1min)
[charge_scheduler-1] [INFO] [1786195834.940208720] [charge_scheduler]:   车#6 [电动装载机350|heavy→降级] 位置(3818.5,73716.2) 容量350kWh 剩余40% | α=4→6min/% τ=176min → 需144.3kWh(充23.3min)
[charge_scheduler-1] [INFO] [1786195834.940221533] [charge_scheduler]:   车#7 [重型叉车|light] 位置(3733.2,73772.4) 容量200kWh 剩余15% | α=6→6min/% τ=64min → 需134.0kWh(充21.7min)
[charge_scheduler-1] [INFO] [1786195834.940234417] [charge_scheduler]:   车#8 [电动装载机282|heavy→降级] 位置(3764.7,73699.0) 容量282kWh 剩余55% | α=3→6min/% τ=196min → 需72.7kWh(充11.8min)
[charge_scheduler-1] [INFO] [1786195834.940247178] [charge_scheduler]:   车#9 [电动装载机282|heavy→降级] 位置(3878.4,73747.9) 容量282kWh 剩余30% | α=3→6min/% τ=116min → 需145.4kWh(充23.5min)
[charge_scheduler-1] [INFO] [1786195834.940260004] [charge_scheduler]:   车#10 [电动装载机282|light] 位置(3740.3,73686.9) 容量282kWh 剩余45% | α=6→6min/% τ=224min → 需101.8kWh(充16.4min)
[charge_scheduler-1] [INFO] [1786195834.940272330] [charge_scheduler]:   车#11 [电动装载机350|light] 位置(3895.4,73811.9) 容量350kWh 剩余18% | α=6→6min/% τ=83min → 需223.7kWh(充36.2min)
[charge_scheduler-1] [INFO] [1786195834.940286065] [charge_scheduler]:   车#12 [重型叉车|heavy→降级] 位置(3876.0,73830.2) 容量200kWh 剩余62% | α=3→6min/% τ=230min → 需37.1kWh(充6.0min)
[charge_scheduler-1] [INFO] [1786195834.940299267] [charge_scheduler]:   车#13 [电动装载机282|light] 位置(3765.9,73790.3) 容量282kWh 剩余28% | α=6→6min/% τ=129min → 需151.2kWh(充24.4min)
[charge_scheduler-1] [INFO] [1786195834.940312025] [charge_scheduler]:   车#14 [电动装载机350|light] 位置(3637.1,73698.1) 容量350kWh 剩余52% | α=6→6min/% τ=301min → 需101.0kWh(充16.3min)
[charge_scheduler-1] [INFO] [1786195834.940324259] [charge_scheduler]:   车#15 [重型叉车|light] 位置(3884.5,73833.1) 容量200kWh 剩余12% | α=6→6min/% τ=45min → 需140.2kWh(充22.7min)
[charge_scheduler-1] [INFO] [1786195834.940337054] [charge_scheduler]:   车#16 [电动装载机282|light] 位置(3699.3,73765.4) 容量282kWh 剩余38% | α=6→6min/% τ=185min → 需122.1kWh(充19.7min)
[charge_scheduler-1] [INFO] [1786195834.940349171] [charge_scheduler]:   车#17 [电动装载机350|light] 位置(3800.8,73717.7) 容量350kWh 剩余58% | α=6→6min/% τ=339min → 需79.4kWh(充12.8min)
[charge_scheduler-1] [INFO] [1786195834.940363522] [charge_scheduler]:   车#18 [重型叉车|heavy→降级] 位置(3825.0,73792.7) 容量200kWh 剩余22% | α=3→6min/% τ=102min → 需119.6kWh(充19.3min)
[charge_scheduler-1] [INFO] [1786195834.940376313] [charge_scheduler]:   车#19 [电动装载机282|light] 位置(3784.3,73759.0) 容量282kWh 剩余48% | α=6→6min/% τ=241min → 需93.0kWh(充15.0min)
[charge_scheduler-1] [INFO] [1786195834.954676302] [charge_scheduler]: [Scheduler] 闭环接口: threshold=10.0min | event_sim=off | policy=all | structured_feedback=optional (/task_planner/execution_event)
[charge_scheduler-1] [INFO] [1786195834.954725011] [charge_scheduler]: [Scheduler] 已启动, 等待地图...
[charge_scheduler-1] [INFO] [1786195834.954733256] [charge_scheduler]: [Scheduler] 充电车1接口: sequence/served/arrived_target/arrived_station/return_goal/task_complete 后缀=_1
[charge_scheduler-1] [INFO] [1786195834.954739868] [charge_scheduler]: [Scheduler] 充电车2接口: sequence/served/arrived_target/arrived_station/return_goal/task_complete 后缀=_2
[charge_scheduler-1] [INFO] [1786195835.043802108] [charge_scheduler]: [Scheduler] RoutingGraph 就绪
[charge_scheduler-1] [INFO] [1786195835.044298624] [charge_scheduler]: [Scheduler] 提取到 0 条虚线捷径
[charge_scheduler-1] [INFO] [1786195835.070016387] [charge_scheduler]: [Scheduler] 下层兼容增强图: 190 节点, 0 条虚线掉头边
[charge_scheduler-1] [INFO] [1786195853.064265147] [charge_scheduler]: [Scheduler] 距离矩阵完成 21x21, 17994.2 ms | 模式=dsp | ECD不可达=0 DSP原始不可达=0 DSP虚线兜底=0 DSP最终不可达=0 抽象不可达=0 | 缺少对向投影节点=0 | 对向识别(ID/几何/法向)=0/0/0 | 单向驿站投影=0
[charge_scheduler-1] [INFO] [1786195853.064338398] [charge_scheduler]:   ✓ 比值自检：420 个 OD 满足 机动/直线≥1 | 均值=3.73 最大=54.86 (车#15→车#12)
[charge_scheduler-1] [INFO] [1786195853.064366248] [charge_scheduler]:   [DSP诊断] 有限OD=420 | following-only不可达=0 | 虚线兜底=0 | 最终不可达=0 | DSP<ECD=0 | DSP/ECD均值=1.107 最大=13.873 | 最大非对称差=579.540m
[charge_scheduler-1] [INFO] [1786195853.064381842] [charge_scheduler]: [Scheduler] 地图就绪, 190 条 lanelet（与下层一致）
[charge_scheduler-1] [INFO] [1786195853.064444967] [charge_scheduler]: ======== 开始VRPTW调度 20 辆车 ========
[charge_scheduler-1] [INFO] [1786195853.064453497] [charge_scheduler]:   规模20>8 → 启发式(alns)
[charge_scheduler-1] [INFO] [1786195864.404515208] [charge_scheduler]: [ALNS] objective_order=Nlate,Tover,Ctotal seed=7 iters=15000 | N_late=2(成功率90.0%) T_overtime=293.8min C_total=5770.4m | 趟数=8 makespan=401.0min
[charge_scheduler-1] [INFO] [1786195864.404556897] [charge_scheduler]:   求解耗时 11340.1 ms
[charge_scheduler-1] [INFO] [1786195864.404564017] [charge_scheduler]: ════════ 调度结果 ════════
[charge_scheduler-1] [INFO] [1786195864.404568695] [charge_scheduler]:   ★目标(字典序): objective_order=Nlate,Tover,Ctotal | N_late=2 辆 (按时成功率 18/20 = 90.0%)  T_overtime=293.8min  C_total=5770.4m
[charge_scheduler-1] [INFO] [1786195864.404574681] [charge_scheduler]:   附: 趟数=8 | makespan=401.0min | 能量可行=是
[charge_scheduler-1] [INFO] [1786195864.404583722] [charge_scheduler]:   [充电车1] 趟1: 站 → 车#3(到1.7/限32.0✓) → 车#15(到27.4/限44.8✓) → 车#7(到56.1/限64.0✓) → 车#18(到85.2/限102.4✓) → 站
[charge_scheduler-1] [INFO] [1786195864.404590163] [charge_scheduler]:   [充电车2] 趟2: 站 → 车#4(到4.6/限212.0✓) → 车#9(到15.7/限116.0✓) → 车#11(到45.1/限83.2✓) → 车#1(到88.5/限96.0✓) → 站
[charge_scheduler-1] [INFO] [1786195864.404595505] [charge_scheduler]:   [充电车2] 趟3: 站 → 车#16(到126.8/限184.8✓) → 车#10(到160.5/限224.0✓) → 车#8(到190.9/限196.0✓) → 站
[charge_scheduler-1] [INFO] [1786195864.404601518] [charge_scheduler]:   [充电车1] 趟4: 站 → 车#13(到128.3/限128.8✓) → 车#0(到166.4/限168.0✓) → 车#12(到203.3/限230.4✓) → 站
[charge_scheduler-1] [INFO] [1786195864.404606223] [charge_scheduler]:   [充电车2] 趟5: 站 → 车#19(到239.0/限240.8✓) → 车#2(到275.2/限288.0✓) → 站
[charge_scheduler-1] [INFO] [1786195864.404611042] [charge_scheduler]:   [充电车1] 趟6: 站 → 车#6(到244.1/限176.0✗超时) → 车#14(到291.8/限300.8✓) → 站
[charge_scheduler-1] [INFO] [1786195864.404614817] [charge_scheduler]:   [充电车1] 趟7: 站 → 车#5(到353.6/限128.0✗超时) → 站
[charge_scheduler-1] [INFO] [1786195864.404618734] [charge_scheduler]:   [充电车2] 趟8: 站 → 车#17(到336.1/限339.2✓) → 站
[charge_scheduler-1] [INFO] [1786195864.404622531] [charge_scheduler]: ════════════════════════
[charge_scheduler-1] [WARN] [1786195864.404642234] [charge_scheduler]: ════ 耦合消融重放：DSP有向路网定序 → 同K ECD执行口径 ════
[charge_scheduler-1] [WARN] [1786195864.404669853] [charge_scheduler]:   【DSP有向路网仅生成顺序；K=2、能量、换电、分趟和并行时间线均按ECD执行一致机动距离重新解码】
[charge_scheduler-1] [WARN] [1786195864.404673951] [charge_scheduler]:   N_late=2 (按时率 18/20 = 90.0%)   T_overtime=293.8min   C_total=5770.4m   makespan=401.0min   能量违规=0   objective_order=Nlate,Tover,Ctotal
[charge_scheduler-1] [WARN] [1786195864.404679909] [charge_scheduler]:   逐辆到达时刻（ECD执行口径、同K解码）：
[charge_scheduler-1] [WARN] [1786195864.404683474] [charge_scheduler]:      车#0 到达 166.4 / 限 168.0 ✓
[charge_scheduler-1] [WARN] [1786195864.404687805] [charge_scheduler]:      车#1 到达 88.5 / 限 96.0 ✓
[charge_scheduler-1] [WARN] [1786195864.404691880] [charge_scheduler]:      车#2 到达 275.2 / 限 288.0 ✓
[charge_scheduler-1] [WARN] [1786195864.404696552] [charge_scheduler]:      车#3 到达 1.7 / 限 32.0 ✓
[charge_scheduler-1] [WARN] [1786195864.404700314] [charge_scheduler]:      车#4 到达 4.6 / 限 212.0 ✓
[charge_scheduler-1] [WARN] [1786195864.404704167] [charge_scheduler]:      车#5 到达 353.6 / 限 128.0 ✗超时
[charge_scheduler-1] [WARN] [1786195864.404708307] [charge_scheduler]:      车#6 到达 244.1 / 限 176.0 ✗超时
[charge_scheduler-1] [WARN] [1786195864.404712195] [charge_scheduler]:      车#7 到达 56.1 / 限 64.0 ✓
[charge_scheduler-1] [WARN] [1786195864.404716094] [charge_scheduler]:      车#8 到达 190.9 / 限 196.0 ✓
[charge_scheduler-1] [WARN] [1786195864.404720089] [charge_scheduler]:      车#9 到达 15.7 / 限 116.0 ✓
[charge_scheduler-1] [WARN] [1786195864.404723995] [charge_scheduler]:      车#10 到达 160.5 / 限 224.0 ✓
[charge_scheduler-1] [WARN] [1786195864.404728508] [charge_scheduler]:      车#11 到达 45.1 / 限 83.2 ✓
[charge_scheduler-1] [WARN] [1786195864.404732367] [charge_scheduler]:      车#12 到达 203.3 / 限 230.4 ✓
[charge_scheduler-1] [WARN] [1786195864.404736383] [charge_scheduler]:      车#13 到达 128.3 / 限 128.8 ✓
[charge_scheduler-1] [WARN] [1786195864.404740475] [charge_scheduler]:      车#14 到达 291.8 / 限 300.8 ✓
[charge_scheduler-1] [WARN] [1786195864.404744913] [charge_scheduler]:      车#15 到达 27.4 / 限 44.8 ✓
[charge_scheduler-1] [WARN] [1786195864.404748844] [charge_scheduler]:      车#16 到达 126.8 / 限 184.8 ✓
[charge_scheduler-1] [WARN] [1786195864.404752766] [charge_scheduler]:      车#17 到达 336.1 / 限 339.2 ✓
[charge_scheduler-1] [WARN] [1786195864.404756689] [charge_scheduler]:      车#18 到达 85.2 / 限 102.4 ✓
[charge_scheduler-1] [WARN] [1786195864.404760651] [charge_scheduler]:      车#19 到达 239.0 / 限 240.8 ✓
[charge_scheduler-1] [WARN] [1786195864.404766670] [charge_scheduler]:   DSP有向路网生成的固定访问顺序 = #3 #4 #9 #15 #11 #7 #18 #1 #13 #16 #10 #0 #8 #12 #19 #6 #2 #14 #17 #5 
[charge_scheduler-1] [WARN] [1786195864.404770274] [charge_scheduler]: ════════════════════════════════════════
[charge_scheduler-1] [INFO] [1786195864.404777184] [charge_scheduler]:   ⏱ 任务计时开始 (t=0)
[charge_scheduler-1] [INFO] [1786195864.405017592] [charge_scheduler]: [多车派发] 充电车1分配4趟、10辆目标车，开始独立逐任务派发
[charge_scheduler-1] [INFO] [1786195864.405084619] [charge_scheduler]:   → [充电车1] 第1/4趟 第1/4辆: 车#3 (3810.77,73773.05) | topic后缀=_1 | 承诺完成=25.10min
[charge_scheduler-1] [INFO] [1786195864.405309406] [charge_scheduler]: [多车派发] 充电车2分配4趟、10辆目标车，开始独立逐任务派发
[charge_scheduler-1] [INFO] [1786195864.405323364] [charge_scheduler]:   → [充电车2] 第1/4趟 第1/4辆: 车#4 (3904.99,73793.46) | topic后缀=_2 | 承诺完成=14.62min
