[RUN_META] map=map2 experiment=E2 objective=OBJ-N method=EUC internal_mode=euclid scale=M30 K=3 seed=8 iters=15000
[RUN_META] case=./cases_map2/charge_scheduler_M30_K3_param.yaml
[INFO] [launch]: All log files can be found below /root/.ros/log/2026-08-08-14-46-40-333291-YYYY-14951
[INFO] [launch]: Default logging verbosity is set to INFO
[INFO] [charge_scheduler-1]: process started with pid [14954]
[charge_scheduler-1] [INFO] [1786200400.488798240] [charge_scheduler]: [目标顺序] objective_order=Nlate,Tover,Ctotal
[charge_scheduler-1] [INFO] [1786200400.489290454] [charge_scheduler]: [Scheduler] 30辆车 | 电池800.0kWh(20%=160.0 80%=640.0) | 充电360kW效率97% | 行驶0.6kWh/km | 桩350kW
[charge_scheduler-1] [INFO] [1786200400.489321108] [charge_scheduler]: [Scheduler] 站端周转: 换电 10 min(换后满电) | 单趟可用 640 kWh
[charge_scheduler-1] [INFO] [1786200400.489329619] [charge_scheduler]:   车#0 [电动装载机282|light] 位置(3889.6,73764.7) 容量282kWh 剩余35% | α=6→6min/% τ=168min → 需130.8kWh(充21.2min)
[charge_scheduler-1] [INFO] [1786200400.489947788] [charge_scheduler]:   车#1 [重型叉车|light] 位置(3778.9,73807.0) 容量200kWh 剩余20% | α=6→6min/% τ=96min → 需123.7kWh(充20.0min)
[charge_scheduler-1] [INFO] [1786200400.489968240] [charge_scheduler]:   车#2 [电动装载机350|light] 位置(3794.9,73804.6) 容量350kWh 剩余50% | α=6→6min/% τ=288min → 需108.2kWh(充17.5min)
[charge_scheduler-1] [INFO] [1786200400.489980266] [charge_scheduler]:   车#3 [重型叉车|light] 位置(3806.9,73760.3) 容量200kWh 剩余10% | α=6→6min/% τ=32min → 需144.3kWh(充23.3min)
[charge_scheduler-1] [INFO] [1786200400.489992293] [charge_scheduler]:   车#4 [电动装载机282|heavy→降级] 位置(3705.1,73758.2) 容量282kWh 剩余60% | α=3→6min/% τ=212min → 需58.1kWh(充9.4min)
[charge_scheduler-1] [INFO] [1786200400.490007874] [charge_scheduler]:   车#5 [电动装载机350|light] 位置(3756.5,73770.2) 容量350kWh 剩余25% | α=6→6min/% τ=128min → 需198.5kWh(充32.1min)
[charge_scheduler-1] [INFO] [1786200400.490022830] [charge_scheduler]:   车#6 [电动装载机350|heavy→降级] 位置(3887.4,73809.4) 容量350kWh 剩余40% | α=4→6min/% τ=176min → 需144.3kWh(充23.3min)
[charge_scheduler-1] [INFO] [1786200400.490034053] [charge_scheduler]:   车#7 [重型叉车|light] 位置(3899.0,73786.6) 容量200kWh 剩余15% | α=6→6min/% τ=64min → 需134.0kWh(充21.7min)
[charge_scheduler-1] [INFO] [1786200400.490045518] [charge_scheduler]:   车#8 [电动装载机282|heavy→降级] 位置(3689.7,73663.1) 容量282kWh 剩余55% | α=3→6min/% τ=196min → 需72.7kWh(充11.8min)
[charge_scheduler-1] [INFO] [1786200400.490056933] [charge_scheduler]:   车#9 [电动装载机282|heavy→降级] 位置(3748.4,73767.2) 容量282kWh 剩余30% | α=3→6min/% τ=116min → 需145.4kWh(充23.5min)
[charge_scheduler-1] [INFO] [1786200400.490068228] [charge_scheduler]:   车#10 [电动装载机282|light] 位置(3865.2,73751.0) 容量282kWh 剩余45% | α=6→6min/% τ=224min → 需101.8kWh(充16.4min)
[charge_scheduler-1] [INFO] [1786200400.490080071] [charge_scheduler]:   车#11 [电动装载机350|light] 位置(3785.0,73749.2) 容量350kWh 剩余18% | α=6→6min/% τ=83min → 需223.7kWh(充36.2min)
[charge_scheduler-1] [INFO] [1786200400.490091694] [charge_scheduler]:   车#12 [重型叉车|heavy→降级] 位置(3811.5,73799.9) 容量200kWh 剩余62% | α=3→6min/% τ=230min → 需37.1kWh(充6.0min)
[charge_scheduler-1] [INFO] [1786200400.490105681] [charge_scheduler]:   车#13 [电动装载机282|light] 位置(3810.8,73773.1) 容量282kWh 剩余28% | α=6→6min/% τ=129min → 需151.2kWh(充24.4min)
[charge_scheduler-1] [INFO] [1786200400.490117786] [charge_scheduler]:   车#14 [电动装载机350|light] 位置(3905.0,73793.5) 容量350kWh 剩余52% | α=6→6min/% τ=301min → 需101.0kWh(充16.3min)
[charge_scheduler-1] [INFO] [1786200400.490128992] [charge_scheduler]:   车#15 [重型叉车|light] 位置(3894.3,73756.9) 容量200kWh 剩余12% | α=6→6min/% τ=45min → 需140.2kWh(充22.7min)
[charge_scheduler-1] [INFO] [1786200400.490139892] [charge_scheduler]:   车#16 [电动装载机282|light] 位置(3818.5,73716.2) 容量282kWh 剩余38% | α=6→6min/% τ=185min → 需122.1kWh(充19.7min)
[charge_scheduler-1] [INFO] [1786200400.490151305] [charge_scheduler]:   车#17 [电动装载机350|light] 位置(3733.2,73772.4) 容量350kWh 剩余58% | α=6→6min/% τ=339min → 需79.4kWh(充12.8min)
[charge_scheduler-1] [INFO] [1786200400.490162418] [charge_scheduler]:   车#18 [重型叉车|heavy→降级] 位置(3764.7,73699.0) 容量200kWh 剩余22% | α=3→6min/% τ=102min → 需119.6kWh(充19.3min)
[charge_scheduler-1] [INFO] [1786200400.490175414] [charge_scheduler]:   车#19 [电动装载机282|light] 位置(3878.4,73747.9) 容量282kWh 剩余48% | α=6→6min/% τ=241min → 需93.0kWh(充15.0min)
[charge_scheduler-1] [INFO] [1786200400.490212949] [charge_scheduler]:   车#20 [电动装载机350|light] 位置(3740.3,73686.9) 容量350kWh 剩余33% | α=6→6min/% τ=179min → 需169.6kWh(充27.4min)
[charge_scheduler-1] [INFO] [1786200400.490224575] [charge_scheduler]:   车#21 [重型叉车|heavy→降级] 位置(3895.4,73811.9) 容量200kWh 剩余65% | α=3→6min/% τ=240min → 需30.9kWh(充5.0min)
[charge_scheduler-1] [INFO] [1786200400.490235820] [charge_scheduler]:   车#22 [电动装载机282|light] 位置(3876.0,73830.2) 容量282kWh 剩余16% | α=6→6min/% τ=62min → 需186.1kWh(充30.1min)
[charge_scheduler-1] [INFO] [1786200400.490247588] [charge_scheduler]:   车#23 [电动装载机350|light] 位置(3765.9,73790.3) 容量350kWh 剩余42% | α=6→6min/% τ=237min → 需137.1kWh(充22.2min)
[charge_scheduler-1] [INFO] [1786200400.490259803] [charge_scheduler]:   车#24 [重型叉车|heavy→降级] 位置(3637.1,73698.1) 容量200kWh 剩余25% | α=3→6min/% τ=112min → 需113.4kWh(充18.3min)
[charge_scheduler-1] [INFO] [1786200400.490271401] [charge_scheduler]:   车#25 [电动装载机282|light] 位置(3884.5,73833.1) 容量282kWh 剩余55% | α=6→6min/% τ=280min → 需72.7kWh(充11.8min)
[charge_scheduler-1] [INFO] [1786200400.490283715] [charge_scheduler]:   车#26 [电动装载机350|light] 位置(3699.3,73765.4) 容量350kWh 剩余30% | α=6→6min/% τ=160min → 需180.4kWh(充29.2min)
[charge_scheduler-1] [INFO] [1786200400.490293913] [charge_scheduler]:   车#27 [重型叉车|heavy→降级] 位置(3800.8,73717.7) 容量200kWh 剩余68% | α=3→6min/% τ=250min → 需24.7kWh(充4.0min)
[charge_scheduler-1] [INFO] [1786200400.490303618] [charge_scheduler]:   车#28 [电动装载机282|light] 位置(3825.0,73792.7) 容量282kWh 剩余20% | α=6→6min/% τ=84min → 需174.4kWh(充28.2min)
[charge_scheduler-1] [INFO] [1786200400.490313628] [charge_scheduler]:   车#29 [电动装载机350|light] 位置(3784.3,73759.0) 容量350kWh 剩余36% | α=6→6min/% τ=198min → 需158.8kWh(充25.7min)
[charge_scheduler-1] [INFO] [1786200400.513933887] [charge_scheduler]: [Scheduler] 闭环接口: threshold=10.0min | event_sim=off | policy=all | structured_feedback=optional (/task_planner/execution_event)
[charge_scheduler-1] [INFO] [1786200400.513983007] [charge_scheduler]: [Scheduler] 已启动, 等待地图...
[charge_scheduler-1] [INFO] [1786200400.513996700] [charge_scheduler]: [Scheduler] 充电车1接口: sequence/served/arrived_target/arrived_station/return_goal/task_complete 后缀=_1
[charge_scheduler-1] [INFO] [1786200400.514008677] [charge_scheduler]: [Scheduler] 充电车2接口: sequence/served/arrived_target/arrived_station/return_goal/task_complete 后缀=_2
[charge_scheduler-1] [INFO] [1786200400.514028785] [charge_scheduler]: [Scheduler] 充电车3接口: sequence/served/arrived_target/arrived_station/return_goal/task_complete 后缀=_3
[charge_scheduler-1] [INFO] [1786200400.940582836] [charge_scheduler]: [Scheduler] RoutingGraph 就绪
[charge_scheduler-1] [INFO] [1786200400.941119328] [charge_scheduler]: [Scheduler] 提取到 0 条虚线捷径
[charge_scheduler-1] [INFO] [1786200400.973014013] [charge_scheduler]: [Scheduler] 下层兼容增强图: 190 节点, 0 条虚线掉头边
[charge_scheduler-1] [INFO] [1786200424.005913806] [charge_scheduler]: [Scheduler] 距离矩阵完成 31x31, 23032.8 ms | 模式=euclid | ECD不可达=0 DSP原始不可达=0 DSP虚线兜底=0 DSP最终不可达=0 抽象不可达=0 | 缺少对向投影节点=0 | 对向识别(ID/几何/法向)=0/0/0 | 单向驿站投影=0
[charge_scheduler-1] [INFO] [1786200424.005976364] [charge_scheduler]:   ✓ 比值自检：930 个 OD 满足 机动/直线≥1 | 均值=4.11 最大=62.63 (车#0→车#15)
[charge_scheduler-1] [INFO] [1786200424.005991411] [charge_scheduler]: [Scheduler] 地图就绪, 190 条 lanelet（与下层一致）
[charge_scheduler-1] [INFO] [1786200424.006043505] [charge_scheduler]: ======== 开始VRPTW调度 30 辆车 ========
[charge_scheduler-1] [INFO] [1786200424.006048418] [charge_scheduler]:   规模30>8 → 启发式(alns)
[charge_scheduler-1] [INFO] [1786200476.242131854] [charge_scheduler]: [ALNS] objective_order=Nlate,Tover,Ctotal seed=8 iters=15000 | N_late=1(成功率96.7%) T_overtime=186.6min C_total=3498.9m | 趟数=11 makespan=368.0min
[charge_scheduler-1] [INFO] [1786200476.242193013] [charge_scheduler]:   求解耗时 52236.1 ms
[charge_scheduler-1] [INFO] [1786200476.242202297] [charge_scheduler]: ════════ 调度结果 ════════
[charge_scheduler-1] [INFO] [1786200476.242208934] [charge_scheduler]:   ★目标(字典序): objective_order=Nlate,Tover,Ctotal | N_late=1 辆 (按时成功率 29/30 = 96.7%)  T_overtime=186.6min  C_total=3498.9m
[charge_scheduler-1] [INFO] [1786200476.242252183] [charge_scheduler]:   附: 趟数=11 | makespan=368.0min | 能量可行=是
[charge_scheduler-1] [INFO] [1786200476.242264681] [charge_scheduler]:   [充电车3] 趟1: 站 → 车#27(到1.3/限249.6✓) → 车#15(到6.9/限44.8✓) → 车#7(到30.4/限64.0✓) → 车#22(到54.4/限61.6✓) → 站
[charge_scheduler-1] [INFO] [1786200476.242271845] [charge_scheduler]:   [充电车2] 趟2: 站 → 车#8(到1.3/限196.0✓) → 车#3(到15.5/限32.0✓) → 车#28(到40.2/限84.0✓) → 车#1(到72.5/限96.0✓) → 站
[charge_scheduler-1] [INFO] [1786200476.242282076] [charge_scheduler]:   [充电车1] 趟3: 站 → 车#4(到0.3/限212.0✓) → 车#12(到11.5/限230.4✓) → 车#9(到19.8/限116.0✓) → 车#5(到46.3/限128.0✓) → 车#18(到83.7/限102.4✓) → 站
[charge_scheduler-1] [INFO] [1786200476.242287620] [charge_scheduler]:   [充电车3] 趟4: 站 → 车#26(到102.2/限160.0✓) → 车#20(到142.0/限179.2✓) → 站
[charge_scheduler-1] [INFO] [1786200476.242294669] [charge_scheduler]:   [充电车2] 趟5: 站 → 车#24(到109.0/限112.0✓) → 车#16(到136.6/限184.8✓) → 车#6(到169.5/限176.0✓) → 站
[charge_scheduler-1] [INFO] [1786200476.242300404] [charge_scheduler]:   [充电车1] 趟6: 站 → 车#13(到120.0/限128.8✓) → 车#0(到155.7/限168.0✓) → 车#10(到190.4/限224.0✓) → 站
[charge_scheduler-1] [INFO] [1786200476.242305208] [charge_scheduler]:   [充电车3] 趟7: 站 → 车#29(到194.2/限198.4✓) → 车#19(到239.0/限240.8✓) → 站
[charge_scheduler-1] [INFO] [1786200476.242309936] [charge_scheduler]:   [充电车2] 趟8: 站 → 车#23(到226.3/限236.8✓) → 车#11(到269.8/限83.2✗超时) → 站
[charge_scheduler-1] [INFO] [1786200476.242318288] [charge_scheduler]:   [充电车1] 趟9: 站 → 车#21(到237.8/限240.0✓) → 车#25(到263.0/限280.0✓) → 车#14(到297.5/限300.8✓) → 站
[charge_scheduler-1] [INFO] [1786200476.242322574] [charge_scheduler]:   [充电车2] 趟10: 站 → 车#17(到325.0/限339.2✓) → 站
[charge_scheduler-1] [INFO] [1786200476.242326773] [charge_scheduler]:   [充电车3] 趟11: 站 → 车#2(到287.9/限288.0✓) → 站
[charge_scheduler-1] [INFO] [1786200476.242330054] [charge_scheduler]: ════════════════════════
[charge_scheduler-1] [WARN] [1786200476.242361312] [charge_scheduler]: ════ 耦合消融重放：欧氏距离定序 → 同K ECD执行口径 ════
[charge_scheduler-1] [WARN] [1786200476.242365401] [charge_scheduler]:   【欧氏距离仅生成顺序；K=3、能量、换电、分趟和并行时间线均按ECD执行一致机动距离重新解码】
[charge_scheduler-1] [WARN] [1786200476.242369280] [charge_scheduler]:   N_late=15 (按时率 15/30 = 50.0%)   T_overtime=490.6min   C_total=9477.9m   makespan=404.0min   能量违规=0   objective_order=Nlate,Tover,Ctotal
[charge_scheduler-1] [WARN] [1786200476.242375553] [charge_scheduler]:   逐辆到达时刻（ECD执行口径、同K解码）：
[charge_scheduler-1] [WARN] [1786200476.242379045] [charge_scheduler]:      车#0 到达 177.1 / 限 168.0 ✗超时
[charge_scheduler-1] [WARN] [1786200476.242383415] [charge_scheduler]:      车#1 到达 83.4 / 限 96.0 ✓
[charge_scheduler-1] [WARN] [1786200476.242387601] [charge_scheduler]:      车#2 到达 331.8 / 限 288.0 ✗超时
[charge_scheduler-1] [WARN] [1786200476.242391662] [charge_scheduler]:      车#3 到达 21.1 / 限 32.0 ✓
[charge_scheduler-1] [WARN] [1786200476.242396551] [charge_scheduler]:      车#4 到达 2.1 / 限 212.0 ✓
[charge_scheduler-1] [WARN] [1786200476.242400420] [charge_scheduler]:      车#5 到达 61.6 / 限 128.0 ✓
[charge_scheduler-1] [WARN] [1786200476.242404319] [charge_scheduler]:      车#6 到达 192.9 / 限 176.0 ✗超时
[charge_scheduler-1] [WARN] [1786200476.242408347] [charge_scheduler]:      车#7 到达 39.2 / 限 64.0 ✓
[charge_scheduler-1] [WARN] [1786200476.242412191] [charge_scheduler]:      车#8 到达 5.0 / 限 196.0 ✓
[charge_scheduler-1] [WARN] [1786200476.242415939] [charge_scheduler]:      车#9 到达 28.4 / 限 116.0 ✓
[charge_scheduler-1] [WARN] [1786200476.242419828] [charge_scheduler]:      车#10 到达 215.4 / 限 224.0 ✓
[charge_scheduler-1] [WARN] [1786200476.242423815] [charge_scheduler]:      车#11 到达 313.4 / 限 83.2 ✗超时
[charge_scheduler-1] [WARN] [1786200476.242428343] [charge_scheduler]:      车#12 到达 15.1 / 限 230.4 ✓
[charge_scheduler-1] [WARN] [1786200476.242432643] [charge_scheduler]:      车#13 到达 140.2 / 限 128.8 ✗超时
[charge_scheduler-1] [WARN] [1786200476.242443502] [charge_scheduler]:      车#14 到达 335.5 / 限 300.8 ✗超时
[charge_scheduler-1] [WARN] [1786200476.242448039] [charge_scheduler]:      车#15 到达 10.7 / 限 44.8 ✓
[charge_scheduler-1] [WARN] [1786200476.242452423] [charge_scheduler]:      车#16 到达 155.5 / 限 184.8 ✓
[charge_scheduler-1] [WARN] [1786200476.242456782] [charge_scheduler]:      车#17 到达 358.4 / 限 339.2 ✗超时
[charge_scheduler-1] [WARN] [1786200476.242461162] [charge_scheduler]:      车#18 到达 113.4 / 限 102.4 ✗超时
[charge_scheduler-1] [WARN] [1786200476.242466335] [charge_scheduler]:      车#19 到达 277.2 / 限 240.8 ✗超时
[charge_scheduler-1] [WARN] [1786200476.242471405] [charge_scheduler]:      车#20 到达 158.3 / 限 179.2 ✓
[charge_scheduler-1] [WARN] [1786200476.242475878] [charge_scheduler]:      车#21 到达 255.4 / 限 240.0 ✗超时
[charge_scheduler-1] [WARN] [1786200476.242480194] [charge_scheduler]:      车#22 到达 63.7 / 限 61.6 ✗超时
[charge_scheduler-1] [WARN] [1786200476.242484457] [charge_scheduler]:      车#23 到达 253.8 / 限 236.8 ✗超时
[charge_scheduler-1] [WARN] [1786200476.242488795] [charge_scheduler]:      车#24 到达 124.1 / 限 112.0 ✗超时
[charge_scheduler-1] [WARN] [1786200476.242493123] [charge_scheduler]:      车#25 到达 280.8 / 限 280.0 ✗超时
[charge_scheduler-1] [WARN] [1786200476.242497384] [charge_scheduler]:      车#26 到达 115.4 / 限 160.0 ✓
[charge_scheduler-1] [WARN] [1786200476.242501646] [charge_scheduler]:      车#27 到达 1.7 / 限 249.6 ✓
[charge_scheduler-1] [WARN] [1786200476.242505783] [charge_scheduler]:      车#28 到达 48.5 / 限 84.0 ✓
[charge_scheduler-1] [WARN] [1786200476.242510129] [charge_scheduler]:      车#29 到达 229.0 / 限 198.4 ✗超时
[charge_scheduler-1] [WARN] [1786200476.242517541] [charge_scheduler]:   欧氏距离生成的固定访问顺序 = #4 #8 #27 #15 #12 #3 #9 #7 #28 #5 #22 #1 #18 #26 #24 #13 #16 #20 #0 #6 #10 #29 #23 #21 #19 #25 #11 #2 #14 #17 
[charge_scheduler-1] [WARN] [1786200476.242521524] [charge_scheduler]: ════════════════════════════════════════
[charge_scheduler-1] [INFO] [1786200476.242533102] [charge_scheduler]:   ⏱ 任务计时开始 (t=0)
[charge_scheduler-1] [INFO] [1786200476.242853946] [charge_scheduler]: [多车派发] 充电车1分配3趟、11辆目标车，开始独立逐任务派发
[charge_scheduler-1] [INFO] [1786200476.242908779] [charge_scheduler]:   → [充电车1] 第1/3趟 第1/5辆: 车#4 (3705.05,73758.23) | topic后缀=_1 | 承诺完成=9.78min
[charge_scheduler-1] [INFO] [1786200476.243256312] [charge_scheduler]: [多车派发] 充电车2分配4趟、10辆目标车，开始独立逐任务派发
[charge_scheduler-1] [INFO] [1786200476.243272808] [charge_scheduler]:   → [充电车2] 第1/4趟 第1/4辆: 车#8 (3689.66,73663.13) | topic后缀=_2 | 承诺完成=13.22min
[charge_scheduler-1] [INFO] [1786200476.243561848] [charge_scheduler]: [多车派发] 充电车3分配4趟、9辆目标车，开始独立逐任务派发
[charge_scheduler-1] [INFO] [1786200476.243574596] [charge_scheduler]:   → [充电车3] 第1/4趟 第1/4辆: 车#27 (3800.80,73717.69) | topic后缀=_3 | 承诺完成=5.39min
