[RUN_META] map=map2 experiment=E2 objective=OBJ-N method=EUC internal_mode=euclid scale=M30 K=3 seed=2 iters=15000
[RUN_META] case=./cases_map2/charge_scheduler_M30_K3_param.yaml
[INFO] [launch]: All log files can be found below /root/.ros/log/2026-08-08-14-38-49-525209-YYYY-13829
[INFO] [launch]: Default logging verbosity is set to INFO
[INFO] [charge_scheduler-1]: process started with pid [13832]
[charge_scheduler-1] [INFO] [1786199929.735603352] [charge_scheduler]: [目标顺序] objective_order=Nlate,Tover,Ctotal
[charge_scheduler-1] [INFO] [1786199929.736289405] [charge_scheduler]: [Scheduler] 30辆车 | 电池800.0kWh(20%=160.0 80%=640.0) | 充电360kW效率97% | 行驶0.6kWh/km | 桩350kW
[charge_scheduler-1] [INFO] [1786199929.736328538] [charge_scheduler]: [Scheduler] 站端周转: 换电 10 min(换后满电) | 单趟可用 640 kWh
[charge_scheduler-1] [INFO] [1786199929.736343822] [charge_scheduler]:   车#0 [电动装载机282|light] 位置(3889.6,73764.7) 容量282kWh 剩余35% | α=6→6min/% τ=168min → 需130.8kWh(充21.2min)
[charge_scheduler-1] [INFO] [1786199929.736362946] [charge_scheduler]:   车#1 [重型叉车|light] 位置(3778.9,73807.0) 容量200kWh 剩余20% | α=6→6min/% τ=96min → 需123.7kWh(充20.0min)
[charge_scheduler-1] [INFO] [1786199929.736378753] [charge_scheduler]:   车#2 [电动装载机350|light] 位置(3794.9,73804.6) 容量350kWh 剩余50% | α=6→6min/% τ=288min → 需108.2kWh(充17.5min)
[charge_scheduler-1] [INFO] [1786199929.736393428] [charge_scheduler]:   车#3 [重型叉车|light] 位置(3806.9,73760.3) 容量200kWh 剩余10% | α=6→6min/% τ=32min → 需144.3kWh(充23.3min)
[charge_scheduler-1] [INFO] [1786199929.736408330] [charge_scheduler]:   车#4 [电动装载机282|heavy→降级] 位置(3705.1,73758.2) 容量282kWh 剩余60% | α=3→6min/% τ=212min → 需58.1kWh(充9.4min)
[charge_scheduler-1] [INFO] [1786199929.736424420] [charge_scheduler]:   车#5 [电动装载机350|light] 位置(3756.5,73770.2) 容量350kWh 剩余25% | α=6→6min/% τ=128min → 需198.5kWh(充32.1min)
[charge_scheduler-1] [INFO] [1786199929.736439750] [charge_scheduler]:   车#6 [电动装载机350|heavy→降级] 位置(3887.4,73809.4) 容量350kWh 剩余40% | α=4→6min/% τ=176min → 需144.3kWh(充23.3min)
[charge_scheduler-1] [INFO] [1786199929.736455162] [charge_scheduler]:   车#7 [重型叉车|light] 位置(3899.0,73786.6) 容量200kWh 剩余15% | α=6→6min/% τ=64min → 需134.0kWh(充21.7min)
[charge_scheduler-1] [INFO] [1786199929.736469995] [charge_scheduler]:   车#8 [电动装载机282|heavy→降级] 位置(3689.7,73663.1) 容量282kWh 剩余55% | α=3→6min/% τ=196min → 需72.7kWh(充11.8min)
[charge_scheduler-1] [INFO] [1786199929.736487185] [charge_scheduler]:   车#9 [电动装载机282|heavy→降级] 位置(3748.4,73767.2) 容量282kWh 剩余30% | α=3→6min/% τ=116min → 需145.4kWh(充23.5min)
[charge_scheduler-1] [INFO] [1786199929.736502171] [charge_scheduler]:   车#10 [电动装载机282|light] 位置(3865.2,73751.0) 容量282kWh 剩余45% | α=6→6min/% τ=224min → 需101.8kWh(充16.4min)
[charge_scheduler-1] [INFO] [1786199929.736517151] [charge_scheduler]:   车#11 [电动装载机350|light] 位置(3785.0,73749.2) 容量350kWh 剩余18% | α=6→6min/% τ=83min → 需223.7kWh(充36.2min)
[charge_scheduler-1] [INFO] [1786199929.736533060] [charge_scheduler]:   车#12 [重型叉车|heavy→降级] 位置(3811.5,73799.9) 容量200kWh 剩余62% | α=3→6min/% τ=230min → 需37.1kWh(充6.0min)
[charge_scheduler-1] [INFO] [1786199929.736544728] [charge_scheduler]:   车#13 [电动装载机282|light] 位置(3810.8,73773.1) 容量282kWh 剩余28% | α=6→6min/% τ=129min → 需151.2kWh(充24.4min)
[charge_scheduler-1] [INFO] [1786199929.736556885] [charge_scheduler]:   车#14 [电动装载机350|light] 位置(3905.0,73793.5) 容量350kWh 剩余52% | α=6→6min/% τ=301min → 需101.0kWh(充16.3min)
[charge_scheduler-1] [INFO] [1786199929.736568501] [charge_scheduler]:   车#15 [重型叉车|light] 位置(3894.3,73756.9) 容量200kWh 剩余12% | α=6→6min/% τ=45min → 需140.2kWh(充22.7min)
[charge_scheduler-1] [INFO] [1786199929.736584252] [charge_scheduler]:   车#16 [电动装载机282|light] 位置(3818.5,73716.2) 容量282kWh 剩余38% | α=6→6min/% τ=185min → 需122.1kWh(充19.7min)
[charge_scheduler-1] [INFO] [1786199929.736595224] [charge_scheduler]:   车#17 [电动装载机350|light] 位置(3733.2,73772.4) 容量350kWh 剩余58% | α=6→6min/% τ=339min → 需79.4kWh(充12.8min)
[charge_scheduler-1] [INFO] [1786199929.736606150] [charge_scheduler]:   车#18 [重型叉车|heavy→降级] 位置(3764.7,73699.0) 容量200kWh 剩余22% | α=3→6min/% τ=102min → 需119.6kWh(充19.3min)
[charge_scheduler-1] [INFO] [1786199929.736616555] [charge_scheduler]:   车#19 [电动装载机282|light] 位置(3878.4,73747.9) 容量282kWh 剩余48% | α=6→6min/% τ=241min → 需93.0kWh(充15.0min)
[charge_scheduler-1] [INFO] [1786199929.736661315] [charge_scheduler]:   车#20 [电动装载机350|light] 位置(3740.3,73686.9) 容量350kWh 剩余33% | α=6→6min/% τ=179min → 需169.6kWh(充27.4min)
[charge_scheduler-1] [INFO] [1786199929.736672367] [charge_scheduler]:   车#21 [重型叉车|heavy→降级] 位置(3895.4,73811.9) 容量200kWh 剩余65% | α=3→6min/% τ=240min → 需30.9kWh(充5.0min)
[charge_scheduler-1] [INFO] [1786199929.736684798] [charge_scheduler]:   车#22 [电动装载机282|light] 位置(3876.0,73830.2) 容量282kWh 剩余16% | α=6→6min/% τ=62min → 需186.1kWh(充30.1min)
[charge_scheduler-1] [INFO] [1786199929.736695764] [charge_scheduler]:   车#23 [电动装载机350|light] 位置(3765.9,73790.3) 容量350kWh 剩余42% | α=6→6min/% τ=237min → 需137.1kWh(充22.2min)
[charge_scheduler-1] [INFO] [1786199929.736707023] [charge_scheduler]:   车#24 [重型叉车|heavy→降级] 位置(3637.1,73698.1) 容量200kWh 剩余25% | α=3→6min/% τ=112min → 需113.4kWh(充18.3min)
[charge_scheduler-1] [INFO] [1786199929.736717971] [charge_scheduler]:   车#25 [电动装载机282|light] 位置(3884.5,73833.1) 容量282kWh 剩余55% | α=6→6min/% τ=280min → 需72.7kWh(充11.8min)
[charge_scheduler-1] [INFO] [1786199929.736728937] [charge_scheduler]:   车#26 [电动装载机350|light] 位置(3699.3,73765.4) 容量350kWh 剩余30% | α=6→6min/% τ=160min → 需180.4kWh(充29.2min)
[charge_scheduler-1] [INFO] [1786199929.736740146] [charge_scheduler]:   车#27 [重型叉车|heavy→降级] 位置(3800.8,73717.7) 容量200kWh 剩余68% | α=3→6min/% τ=250min → 需24.7kWh(充4.0min)
[charge_scheduler-1] [INFO] [1786199929.736750929] [charge_scheduler]:   车#28 [电动装载机282|light] 位置(3825.0,73792.7) 容量282kWh 剩余20% | α=6→6min/% τ=84min → 需174.4kWh(充28.2min)
[charge_scheduler-1] [INFO] [1786199929.736764161] [charge_scheduler]:   车#29 [电动装载机350|light] 位置(3784.3,73759.0) 容量350kWh 剩余36% | α=6→6min/% τ=198min → 需158.8kWh(充25.7min)
[charge_scheduler-1] [INFO] [1786199929.826184618] [charge_scheduler]: [Scheduler] 闭环接口: threshold=10.0min | event_sim=off | policy=all | structured_feedback=optional (/task_planner/execution_event)
[charge_scheduler-1] [INFO] [1786199929.826269773] [charge_scheduler]: [Scheduler] 已启动, 等待地图...
[charge_scheduler-1] [INFO] [1786199929.826286712] [charge_scheduler]: [Scheduler] 充电车1接口: sequence/served/arrived_target/arrived_station/return_goal/task_complete 后缀=_1
[charge_scheduler-1] [INFO] [1786199929.826299989] [charge_scheduler]: [Scheduler] 充电车2接口: sequence/served/arrived_target/arrived_station/return_goal/task_complete 后缀=_2
[charge_scheduler-1] [INFO] [1786199929.826311854] [charge_scheduler]: [Scheduler] 充电车3接口: sequence/served/arrived_target/arrived_station/return_goal/task_complete 后缀=_3
[charge_scheduler-1] [INFO] [1786199930.185483101] [charge_scheduler]: [Scheduler] RoutingGraph 就绪
[charge_scheduler-1] [INFO] [1786199930.185940846] [charge_scheduler]: [Scheduler] 提取到 0 条虚线捷径
[charge_scheduler-1] [INFO] [1786199930.209886543] [charge_scheduler]: [Scheduler] 下层兼容增强图: 190 节点, 0 条虚线掉头边
[charge_scheduler-1] [INFO] [1786199953.218550610] [charge_scheduler]: [Scheduler] 距离矩阵完成 31x31, 23008.6 ms | 模式=euclid | ECD不可达=0 DSP原始不可达=0 DSP虚线兜底=0 DSP最终不可达=0 抽象不可达=0 | 缺少对向投影节点=0 | 对向识别(ID/几何/法向)=0/0/0 | 单向驿站投影=0
[charge_scheduler-1] [INFO] [1786199953.218716573] [charge_scheduler]:   ✓ 比值自检：930 个 OD 满足 机动/直线≥1 | 均值=4.11 最大=62.63 (车#0→车#15)
[charge_scheduler-1] [INFO] [1786199953.218747151] [charge_scheduler]: [Scheduler] 地图就绪, 190 条 lanelet（与下层一致）
[charge_scheduler-1] [INFO] [1786199953.218886221] [charge_scheduler]: ======== 开始VRPTW调度 30 辆车 ========
[charge_scheduler-1] [INFO] [1786199953.218902260] [charge_scheduler]:   规模30>8 → 启发式(alns)
[charge_scheduler-1] [INFO] [1786200003.772037723] [charge_scheduler]: [ALNS] objective_order=Nlate,Tover,Ctotal seed=2 iters=15000 | N_late=2(成功率93.3%) T_overtime=142.2min C_total=3841.6m | 趟数=12 makespan=378.2min
[charge_scheduler-1] [INFO] [1786200003.772087381] [charge_scheduler]:   求解耗时 50553.2 ms
[charge_scheduler-1] [INFO] [1786200003.772096773] [charge_scheduler]: ════════ 调度结果 ════════
[charge_scheduler-1] [INFO] [1786200003.772102607] [charge_scheduler]:   ★目标(字典序): objective_order=Nlate,Tover,Ctotal | N_late=2 辆 (按时成功率 28/30 = 93.3%)  T_overtime=142.2min  C_total=3841.6m
[charge_scheduler-1] [INFO] [1786200003.772140032] [charge_scheduler]:   附: 趟数=12 | makespan=378.2min | 能量可行=是
[charge_scheduler-1] [INFO] [1786200003.772152986] [charge_scheduler]:   [充电车3] 趟1: 站 → 车#21(到2.8/限240.0✓) → 车#7(到8.5/限64.0✓) → 车#15(到31.1/限44.8✓) → 车#5(到57.4/限128.0✓) → 站
[charge_scheduler-1] [INFO] [1786200003.772161204] [charge_scheduler]:   [充电车1] 趟2: 站 → 车#4(到0.3/限212.0✓) → 车#3(到11.3/限32.0✓) → 车#11(到35.6/限83.2✓) → 车#18(到75.8/限102.4✓) → 站
[charge_scheduler-1] [INFO] [1786200003.772168358] [charge_scheduler]:   [充电车2] 趟3: 站 → 车#27(到1.3/限249.6✓) → 车#12(到6.6/限230.4✓) → 车#28(到13.6/限84.0✓) → 车#22(到43.8/限61.6✓) → 车#1(到79.1/限96.0✓) → 站
[charge_scheduler-1] [INFO] [1786200003.772174164] [charge_scheduler]:   [充电车3] 趟4: 站 → 车#9(到106.0/限116.0✓) → 车#26(到141.1/限160.0✓) → 站
[charge_scheduler-1] [INFO] [1786200003.772181172] [charge_scheduler]:   [充电车1] 趟5: 站 → 车#24(到111.8/限112.0✓) → 车#20(到138.3/限179.2✓) → 车#16(到179.6/限184.8✓) → 站
[charge_scheduler-1] [INFO] [1786200003.772187214] [charge_scheduler]:   [充电车2] 趟6: 站 → 车#13(到115.9/限128.8✓) → 车#0(到151.3/限168.0✓) → 车#8(到188.5/限196.0✓) → 站
[charge_scheduler-1] [INFO] [1786200003.772192666] [charge_scheduler]:   [充电车3] 趟7: 站 → 车#29(到194.6/限198.4✓) → 车#19(到239.4/限240.8✓) → 站
[charge_scheduler-1] [INFO] [1786200003.772197896] [charge_scheduler]:   [充电车1] 趟8: 站 → 车#10(到228.1/限224.0✗超时) → 车#25(到264.6/限280.0✓) → 站
[charge_scheduler-1] [INFO] [1786200003.772203170] [charge_scheduler]:   [充电车2] 趟9: 站 → 车#23(到235.4/限236.8✓) → 车#2(到279.5/限288.0✓) → 站
[charge_scheduler-1] [INFO] [1786200003.772208046] [charge_scheduler]:   [充电车1] 趟10: 站 → 车#6(到314.1/限176.0✗超时) → 站
[charge_scheduler-1] [INFO] [1786200003.772212754] [charge_scheduler]:   [充电车2] 趟11: 站 → 车#17(到334.4/限339.2✓) → 站
[charge_scheduler-1] [INFO] [1786200003.772217344] [charge_scheduler]:   [充电车3] 趟12: 站 → 车#14(到289.8/限300.8✓) → 站
[charge_scheduler-1] [INFO] [1786200003.772221445] [charge_scheduler]: ════════════════════════
[charge_scheduler-1] [WARN] [1786200003.772257712] [charge_scheduler]: ════ 耦合消融重放：欧氏距离定序 → 同K ECD执行口径 ════
[charge_scheduler-1] [WARN] [1786200003.772262881] [charge_scheduler]:   【欧氏距离仅生成顺序；K=3、能量、换电、分趟和并行时间线均按ECD执行一致机动距离重新解码】
[charge_scheduler-1] [WARN] [1786200003.772267398] [charge_scheduler]:   N_late=17 (按时率 13/30 = 43.3%)   T_overtime=475.2min   C_total=10268.1m   makespan=414.0min   能量违规=0   objective_order=Nlate,Tover,Ctotal
[charge_scheduler-1] [WARN] [1786200003.772274454] [charge_scheduler]:   逐辆到达时刻（ECD执行口径、同K解码）：
[charge_scheduler-1] [WARN] [1786200003.772278497] [charge_scheduler]:      车#0 到达 171.0 / 限 168.0 ✗超时
[charge_scheduler-1] [WARN] [1786200003.772283753] [charge_scheduler]:      车#1 到达 94.1 / 限 96.0 ✓
[charge_scheduler-1] [WARN] [1786200003.772288674] [charge_scheduler]:      车#2 到达 323.4 / 限 288.0 ✗超时
[charge_scheduler-1] [WARN] [1786200003.772293499] [charge_scheduler]:      车#3 到达 16.2 / 限 32.0 ✓
[charge_scheduler-1] [WARN] [1786200003.772298571] [charge_scheduler]:      车#4 到达 2.1 / 限 212.0 ✓
[charge_scheduler-1] [WARN] [1786200003.772303097] [charge_scheduler]:      车#5 到达 75.9 / 限 128.0 ✓
[charge_scheduler-1] [WARN] [1786200003.772307896] [charge_scheduler]:      车#6 到达 350.4 / 限 176.0 ✗超时
[charge_scheduler-1] [WARN] [1786200003.772312536] [charge_scheduler]:      车#7 到达 15.9 / 限 64.0 ✓
[charge_scheduler-1] [WARN] [1786200003.772317060] [charge_scheduler]:      车#8 到达 226.7 / 限 196.0 ✗超时
[charge_scheduler-1] [WARN] [1786200003.772321697] [charge_scheduler]:      车#9 到达 121.8 / 限 116.0 ✗超时
[charge_scheduler-1] [WARN] [1786200003.772326573] [charge_scheduler]:      车#10 到达 253.2 / 限 224.0 ✗超时
[charge_scheduler-1] [WARN] [1786200003.772331291] [charge_scheduler]:      车#11 到达 41.9 / 限 83.2 ✓
[charge_scheduler-1] [WARN] [1786200003.772335986] [charge_scheduler]:      车#12 到达 7.7 / 限 230.4 ✓
[charge_scheduler-1] [WARN] [1786200003.772343162] [charge_scheduler]:      车#13 到达 134.1 / 限 128.8 ✗超时
[charge_scheduler-1] [WARN] [1786200003.772348172] [charge_scheduler]:      车#14 到达 328.7 / 限 300.8 ✗超时
[charge_scheduler-1] [WARN] [1786200003.772352904] [charge_scheduler]:      车#15 到达 45.6 / 限 44.8 ✗超时
[charge_scheduler-1] [WARN] [1786200003.772357507] [charge_scheduler]:      车#16 到达 202.8 / 限 184.8 ✗超时
[charge_scheduler-1] [WARN] [1786200003.772362196] [charge_scheduler]:      车#17 到达 368.3 / 限 339.2 ✗超时
[charge_scheduler-1] [WARN] [1786200003.772366900] [charge_scheduler]:      车#18 到达 84.5 / 限 102.4 ✓
[charge_scheduler-1] [WARN] [1786200003.772371644] [charge_scheduler]:      车#19 到达 268.8 / 限 240.8 ✗超时
[charge_scheduler-1] [WARN] [1786200003.772376448] [charge_scheduler]:      车#20 到达 157.4 / 限 179.2 ✓
[charge_scheduler-1] [WARN] [1786200003.772381530] [charge_scheduler]:      车#21 到达 4.2 / 限 240.0 ✓
[charge_scheduler-1] [WARN] [1786200003.772386120] [charge_scheduler]:      车#22 到达 55.1 / 限 61.6 ✓
[charge_scheduler-1] [WARN] [1786200003.772390840] [charge_scheduler]:      车#23 到达 268.3 / 限 236.8 ✗超时
[charge_scheduler-1] [WARN] [1786200003.772395596] [charge_scheduler]:      车#24 到达 129.6 / 限 112.0 ✗超时
[charge_scheduler-1] [WARN] [1786200003.772400316] [charge_scheduler]:      车#25 到达 296.1 / 限 280.0 ✗超时
[charge_scheduler-1] [WARN] [1786200003.772405135] [charge_scheduler]:      车#26 到达 161.6 / 限 160.0 ✗超时
[charge_scheduler-1] [WARN] [1786200003.772409871] [charge_scheduler]:      车#27 到达 1.7 / 限 249.6 ✓
[charge_scheduler-1] [WARN] [1786200003.772414399] [charge_scheduler]:      车#28 到达 22.1 / 限 84.0 ✓
[charge_scheduler-1] [WARN] [1786200003.772419051] [charge_scheduler]:      车#29 到达 219.2 / 限 198.4 ✗超时
[charge_scheduler-1] [WARN] [1786200003.772427156] [charge_scheduler]:   欧氏距离生成的固定访问顺序 = #4 #27 #21 #12 #7 #3 #28 #15 #11 #22 #5 #18 #1 #9 #24 #13 #20 #26 #0 #16 #29 #8 #10 #23 #19 #25 #2 #14 #6 #17 
[charge_scheduler-1] [WARN] [1786200003.772431266] [charge_scheduler]: ════════════════════════════════════════
[charge_scheduler-1] [INFO] [1786200003.772440064] [charge_scheduler]:   ⏱ 任务计时开始 (t=0)
[charge_scheduler-1] [INFO] [1786200003.772818253] [charge_scheduler]: [多车派发] 充电车1分配4趟、10辆目标车，开始独立逐任务派发
[charge_scheduler-1] [INFO] [1786200003.772885231] [charge_scheduler]:   → [充电车1] 第1/4趟 第1/4辆: 车#4 (3705.05,73758.23) | topic后缀=_1 | 承诺完成=9.78min
[charge_scheduler-1] [INFO] [1786200003.773181983] [charge_scheduler]: [多车派发] 充电车2分配4趟、11辆目标车，开始独立逐任务派发
[charge_scheduler-1] [INFO] [1786200003.773197108] [charge_scheduler]:   → [充电车2] 第1/4趟 第1/5辆: 车#27 (3800.80,73717.69) | topic后缀=_2 | 承诺完成=5.39min
[charge_scheduler-1] [INFO] [1786200003.773486570] [charge_scheduler]: [多车派发] 充电车3分配4趟、9辆目标车，开始独立逐任务派发
[charge_scheduler-1] [INFO] [1786200003.773499374] [charge_scheduler]:   → [充电车3] 第1/4趟 第1/4辆: 车#21 (3895.44,73811.86) | topic后缀=_3 | 承诺完成=8.11min
