[INFO] [launch]: All log files can be found below /root/.ros/log/2026-08-03-11-10-43-624149-YYYY-14521
[INFO] [launch]: Default logging verbosity is set to INFO
[INFO] [charge_scheduler-1]: process started with pid [14525]
[charge_scheduler-1] [INFO] [1785755443.749358341] [charge_scheduler]: [目标顺序] objective_order=Tover,Nlate,Ctotal
[charge_scheduler-1] [INFO] [1785755443.754107698] [charge_scheduler]: [Scheduler] 10辆车 | 电池800.0kWh(20%=160.0 80%=640.0) | 充电360kW效率97% | 行驶0.6kWh/km | 桩350kW
[charge_scheduler-1] [INFO] [1785755443.754166043] [charge_scheduler]: [Scheduler] 站端周转: 换电 10 min(换后满电) | 单趟可用 640 kWh
[charge_scheduler-1] [INFO] [1785755443.754184604] [charge_scheduler]:   车#0 [电动装载机282|light] 位置(3806.9,73760.3) 容量282kWh 剩余35% | α=6→6min/% τ=168min → 需130.8kWh(充21.2min)
[charge_scheduler-1] [INFO] [1785755443.754210233] [charge_scheduler]:   车#1 [重型叉车|light] 位置(3905.0,73793.5) 容量200kWh 剩余20% | α=6→6min/% τ=96min → 需123.7kWh(充20.0min)
[charge_scheduler-1] [INFO] [1785755443.754233151] [charge_scheduler]:   车#2 [电动装载机350|light] 位置(3794.9,73804.6) 容量350kWh 剩余50% | α=6→6min/% τ=288min → 需108.2kWh(充17.5min)
[charge_scheduler-1] [INFO] [1785755443.754263719] [charge_scheduler]:   车#3 [重型叉车|light] 位置(3889.6,73764.7) 容量200kWh 剩余10% | α=6→6min/% τ=32min → 需144.3kWh(充23.3min)
[charge_scheduler-1] [INFO] [1785755443.754284289] [charge_scheduler]:   车#4 [电动装载机282|heavy→降级] 位置(3740.3,73686.9) 容量282kWh 剩余60% | α=3→6min/% τ=212min → 需58.1kWh(充9.4min)
[charge_scheduler-1] [INFO] [1785755443.754308354] [charge_scheduler]:   车#5 [电动装载机350|light] 位置(3865.2,73751.0) 容量350kWh 剩余25% | α=6→6min/% τ=128min → 需198.5kWh(充32.1min)
[charge_scheduler-1] [INFO] [1785755443.754327662] [charge_scheduler]:   车#6 [电动装载机350|heavy→降级] 位置(3811.5,73799.9) 容量350kWh 剩余40% | α=4→6min/% τ=176min → 需144.3kWh(充23.3min)
[charge_scheduler-1] [INFO] [1785755443.754346090] [charge_scheduler]:   车#7 [重型叉车|light] 位置(3884.5,73833.1) 容量200kWh 剩余15% | α=6→6min/% τ=64min → 需134.0kWh(充21.7min)
[charge_scheduler-1] [INFO] [1785755443.754364468] [charge_scheduler]:   车#8 [电动装载机282|heavy→降级] 位置(3756.5,73770.2) 容量282kWh 剩余55% | α=3→6min/% τ=196min → 需72.7kWh(充11.8min)
[charge_scheduler-1] [INFO] [1785755443.754382565] [charge_scheduler]:   车#9 [电动装载机282|heavy→降级] 位置(3765.9,73790.3) 容量282kWh 剩余30% | α=3→6min/% τ=116min → 需145.4kWh(充23.5min)
[charge_scheduler-1] [INFO] [1785755443.763430951] [charge_scheduler]: [Scheduler] 闭环接口: threshold=10.0min | event_sim=off | policy=all | structured_feedback=optional (/task_planner/execution_event)
[charge_scheduler-1] [INFO] [1785755443.763477311] [charge_scheduler]: [Scheduler] 已启动, 等待地图...
[charge_scheduler-1] [INFO] [1785755443.763491843] [charge_scheduler]: [Scheduler] 充电车1接口: sequence/served/arrived_target/arrived_station/return_goal/task_complete 后缀=_1
[charge_scheduler-1] [INFO] [1785755443.864417638] [charge_scheduler]: [Scheduler] RoutingGraph 就绪
[charge_scheduler-1] [INFO] [1785755443.864827756] [charge_scheduler]: [Scheduler] 提取到 0 条虚线捷径
[charge_scheduler-1] [INFO] [1785755443.897762856] [charge_scheduler]: [Scheduler] 下层兼容增强图: 190 节点, 0 条虚线掉头边
[charge_scheduler-1] [INFO] [1785755446.420981007] [charge_scheduler]: [Scheduler] 距离矩阵完成 11x11, 2523.2 ms | 模式=maneuver | 真实不可达=0 抽象不可达=0 | 缺少对向投影节点=0 | 对向识别(ID/几何/法向)=0/0/0 | 单向驿站投影=0
[charge_scheduler-1] [INFO] [1785755446.421023825] [charge_scheduler]:   ✓ 比值自检：110 个 OD 满足 机动/直线≥1 | 均值=3.98 最大=40.56 (车#6→车#2)
[charge_scheduler-1] [INFO] [1785755446.421034696] [charge_scheduler]: [Scheduler] 地图就绪, 190 条 lanelet（与下层一致）
[charge_scheduler-1] [INFO] [1785755446.421076884] [charge_scheduler]: ======== 开始VRPTW调度 10 辆车 ========
[charge_scheduler-1] [INFO] [1785755446.421082111] [charge_scheduler]:   规模10>8 → 启发式(alns)
[charge_scheduler-1] [INFO] [1785755447.826053818] [charge_scheduler]: [ALNS] objective_order=Tover,Nlate,Ctotal seed=3 iters=8000 | N_late=5(成功率50.0%) T_overtime=266.6min C_total=3186.9m | 趟数=4 makespan=381.0min
[charge_scheduler-1] [INFO] [1785755447.826131446] [charge_scheduler]:   求解耗时 1405.0 ms
[charge_scheduler-1] [INFO] [1785755447.826139162] [charge_scheduler]: ════════ 调度结果 ════════
[charge_scheduler-1] [INFO] [1785755447.826143805] [charge_scheduler]:   ★目标(字典序): objective_order=Tover,Nlate,Ctotal | N_late=5 辆 (按时成功率 5/10 = 50.0%)  T_overtime=266.6min  C_total=3186.9m
[charge_scheduler-1] [INFO] [1785755447.826205968] [charge_scheduler]:   附: 趟数=4 | makespan=381.0min | 能量可行=是
[charge_scheduler-1] [INFO] [1785755447.826217814] [charge_scheduler]:   趟1: 站 → 车#4(到2.1/限212.0✓) → 车#3(到14.4/限32.0✓) → 车#8(到42.4/限196.0✓) → 车#7(到63.8/限64.0✓) → 车#1(到89.6/限96.0✓) → 站
[charge_scheduler-1] [INFO] [1785755447.826223447] [charge_scheduler]:   趟2: 站 → 车#5(到131.3/限128.0✗超时) → 车#9(到178.9/限116.0✗超时) → 站
[charge_scheduler-1] [INFO] [1785755447.826228583] [charge_scheduler]:   趟3: 站 → 车#0(到229.6/限168.0✗超时) → 车#6(到268.2/限176.0✗超时) → 站
[charge_scheduler-1] [INFO] [1785755447.826232600] [charge_scheduler]:   趟4: 站 → 车#2(到334.6/限288.0✗超时) → 站
[charge_scheduler-1] [INFO] [1785755447.826237728] [charge_scheduler]: ════════════════════════
[charge_scheduler-1] [INFO] [1785755447.826248216] [charge_scheduler]:   ⏱ 任务计时开始 (t=0)
[charge_scheduler-1] [INFO] [1785755447.826735967] [charge_scheduler]:   → 趟1 第1辆: 车#4 [电动装载机282] (3740.35,73686.88) 容量282.00kWh 剩余60% | 承诺完成=11.78min plan_v=0
