[INFO] [launch]: All log files can be found below /root/.ros/log/2026-08-03-11-12-55-859129-YYYY-15530
[INFO] [launch]: Default logging verbosity is set to INFO
[INFO] [charge_scheduler-1]: process started with pid [15534]
[charge_scheduler-1] [INFO] [1785755575.997671915] [charge_scheduler]: [目标顺序] objective_order=Tover,Nlate,Ctotal
[charge_scheduler-1] [INFO] [1785755575.998142666] [charge_scheduler]: [Scheduler] 10辆车 | 电池800.0kWh(20%=160.0 80%=640.0) | 充电360kW效率97% | 行驶0.6kWh/km | 桩350kW
[charge_scheduler-1] [INFO] [1785755575.998176993] [charge_scheduler]: [Scheduler] 站端周转: 换电 10 min(换后满电) | 单趟可用 640 kWh
[charge_scheduler-1] [INFO] [1785755575.998185788] [charge_scheduler]:   车#0 [电动装载机282|light] 位置(3806.9,73760.3) 容量282kWh 剩余35% | α=6→6min/% τ=168min → 需130.8kWh(充21.2min)
[charge_scheduler-1] [INFO] [1785755575.998199884] [charge_scheduler]:   车#1 [重型叉车|light] 位置(3905.0,73793.5) 容量200kWh 剩余20% | α=6→6min/% τ=96min → 需123.7kWh(充20.0min)
[charge_scheduler-1] [INFO] [1785755575.998213592] [charge_scheduler]:   车#2 [电动装载机350|light] 位置(3794.9,73804.6) 容量350kWh 剩余50% | α=6→6min/% τ=288min → 需108.2kWh(充17.5min)
[charge_scheduler-1] [INFO] [1785755575.998226752] [charge_scheduler]:   车#3 [重型叉车|light] 位置(3889.6,73764.7) 容量200kWh 剩余10% | α=6→6min/% τ=32min → 需144.3kWh(充23.3min)
[charge_scheduler-1] [INFO] [1785755575.998239289] [charge_scheduler]:   车#4 [电动装载机282|heavy→降级] 位置(3740.3,73686.9) 容量282kWh 剩余60% | α=3→6min/% τ=212min → 需58.1kWh(充9.4min)
[charge_scheduler-1] [INFO] [1785755575.998254841] [charge_scheduler]:   车#5 [电动装载机350|light] 位置(3865.2,73751.0) 容量350kWh 剩余25% | α=6→6min/% τ=128min → 需198.5kWh(充32.1min)
[charge_scheduler-1] [INFO] [1785755575.998267980] [charge_scheduler]:   车#6 [电动装载机350|heavy→降级] 位置(3811.5,73799.9) 容量350kWh 剩余40% | α=4→6min/% τ=176min → 需144.3kWh(充23.3min)
[charge_scheduler-1] [INFO] [1785755575.998278380] [charge_scheduler]:   车#7 [重型叉车|light] 位置(3884.5,73833.1) 容量200kWh 剩余15% | α=6→6min/% τ=64min → 需134.0kWh(充21.7min)
[charge_scheduler-1] [INFO] [1785755575.998288747] [charge_scheduler]:   车#8 [电动装载机282|heavy→降级] 位置(3756.5,73770.2) 容量282kWh 剩余55% | α=3→6min/% τ=196min → 需72.7kWh(充11.8min)
[charge_scheduler-1] [INFO] [1785755575.998298837] [charge_scheduler]:   车#9 [电动装载机282|heavy→降级] 位置(3765.9,73790.3) 容量282kWh 剩余30% | α=3→6min/% τ=116min → 需145.4kWh(充23.5min)
[charge_scheduler-1] [INFO] [1785755576.008968527] [charge_scheduler]: [Scheduler] 闭环接口: threshold=10.0min | event_sim=off | policy=all | structured_feedback=optional (/task_planner/execution_event)
[charge_scheduler-1] [INFO] [1785755576.009022226] [charge_scheduler]: [Scheduler] 已启动, 等待地图...
[charge_scheduler-1] [INFO] [1785755576.009038965] [charge_scheduler]: [Scheduler] 充电车1接口: sequence/served/arrived_target/arrived_station/return_goal/task_complete 后缀=_1
[charge_scheduler-1] [INFO] [1785755576.103600064] [charge_scheduler]: [Scheduler] RoutingGraph 就绪
[charge_scheduler-1] [INFO] [1785755576.104030211] [charge_scheduler]: [Scheduler] 提取到 0 条虚线捷径
[charge_scheduler-1] [INFO] [1785755576.132149895] [charge_scheduler]: [Scheduler] 下层兼容增强图: 190 节点, 0 条虚线掉头边
[charge_scheduler-1] [INFO] [1785755578.644813926] [charge_scheduler]: [Scheduler] 距离矩阵完成 11x11, 2512.6 ms | 模式=euclid | 真实不可达=0 抽象不可达=0 | 缺少对向投影节点=0 | 对向识别(ID/几何/法向)=0/0/0 | 单向驿站投影=0
[charge_scheduler-1] [INFO] [1785755578.644865221] [charge_scheduler]:   ✓ 比值自检：110 个 OD 满足 机动/直线≥1 | 均值=3.98 最大=40.56 (车#6→车#2)
[charge_scheduler-1] [INFO] [1785755578.644882467] [charge_scheduler]: [Scheduler] 地图就绪, 190 条 lanelet（与下层一致）
[charge_scheduler-1] [INFO] [1785755578.644929757] [charge_scheduler]: ======== 开始VRPTW调度 10 辆车 ========
[charge_scheduler-1] [INFO] [1785755578.644935006] [charge_scheduler]:   规模10>8 → 启发式(alns)
[charge_scheduler-1] [INFO] [1785755580.054908312] [charge_scheduler]: [ALNS] objective_order=Tover,Nlate,Ctotal seed=8 iters=8000 | N_late=4(成功率60.0%) T_overtime=151.3min C_total=1326.7m | 趟数=4 makespan=347.9min
[charge_scheduler-1] [INFO] [1785755580.054957015] [charge_scheduler]:   求解耗时 1410.0 ms
[charge_scheduler-1] [INFO] [1785755580.054964583] [charge_scheduler]: ════════ 调度结果 ════════
[charge_scheduler-1] [INFO] [1785755580.054969168] [charge_scheduler]:   ★目标(字典序): objective_order=Tover,Nlate,Ctotal | N_late=4 辆 (按时成功率 6/10 = 60.0%)  T_overtime=151.3min  C_total=1326.7m
[charge_scheduler-1] [INFO] [1785755580.055012221] [charge_scheduler]:   附: 趟数=4 | makespan=347.9min | 能量可行=是
[charge_scheduler-1] [INFO] [1785755580.055022284] [charge_scheduler]:   趟1: 站 → 车#4(到0.9/限212.0✓) → 车#8(到11.7/限196.0✓) → 车#3(到27.2/限32.0✓) → 车#7(到52.9/限64.0✓) → 车#1(到78.0/限96.0✓) → 站
[charge_scheduler-1] [INFO] [1785755580.055028204] [charge_scheduler]:   趟2: 站 → 车#9(到115.9/限116.0✓) → 车#5(到152.8/限128.0✗超时) → 站
[charge_scheduler-1] [INFO] [1785755580.055033205] [charge_scheduler]:   趟3: 站 → 车#0(到210.0/限168.0✗超时) → 车#6(到245.9/限176.0✗超时) → 站
[charge_scheduler-1] [INFO] [1785755580.055037367] [charge_scheduler]:   趟4: 站 → 车#2(到302.7/限288.0✗超时) → 站
[charge_scheduler-1] [INFO] [1785755580.055041912] [charge_scheduler]: ════════════════════════
[charge_scheduler-1] [WARN] [1785755580.055061630] [charge_scheduler]: ════ 耦合消融重放：欧氏距离定序 → 同K真实机动执行 ════
[charge_scheduler-1] [WARN] [1785755580.055065503] [charge_scheduler]:   【欧氏距离仅生成顺序；K=1、能量、换电、分趟和并行时间线均按真实机动距离重新解码】
[charge_scheduler-1] [WARN] [1785755580.055069311] [charge_scheduler]:   N_late=7 (按时率 3/10 = 30.0%)   T_overtime=293.1min   C_total=3906.6m   makespan=388.9min   能量违规=0   objective_order=Tover,Nlate,Ctotal
[charge_scheduler-1] [WARN] [1785755580.055075193] [charge_scheduler]:   逐辆到达时刻（真实机动距离、同K解码）：
[charge_scheduler-1] [WARN] [1785755580.055078786] [charge_scheduler]:      车#0 到达 237.5 / 限 168.0 ✗超时
[charge_scheduler-1] [WARN] [1785755580.055083242] [charge_scheduler]:      车#1 到达 90.9 / 限 96.0 ✓
[charge_scheduler-1] [WARN] [1785755580.055087356] [charge_scheduler]:      车#2 到达 342.5 / 限 288.0 ✗超时
[charge_scheduler-1] [WARN] [1785755580.055091443] [charge_scheduler]:      车#3 到达 32.9 / 限 32.0 ✗超时
[charge_scheduler-1] [WARN] [1785755580.055095426] [charge_scheduler]:      车#4 到达 2.1 / 限 212.0 ✓
[charge_scheduler-1] [WARN] [1785755580.055099395] [charge_scheduler]:      车#5 到达 174.5 / 限 128.0 ✗超时
[charge_scheduler-1] [WARN] [1785755580.055103514] [charge_scheduler]:      车#6 到达 276.1 / 限 176.0 ✗超时
[charge_scheduler-1] [WARN] [1785755580.055107492] [charge_scheduler]:      车#7 到达 65.1 / 限 64.0 ✗超时
[charge_scheduler-1] [WARN] [1785755580.055111428] [charge_scheduler]:      车#8 到达 16.0 / 限 196.0 ✓
[charge_scheduler-1] [WARN] [1785755580.055115491] [charge_scheduler]:      车#9 到达 136.4 / 限 116.0 ✗超时
[charge_scheduler-1] [WARN] [1785755580.055120795] [charge_scheduler]:   欧氏距离生成的固定访问顺序 = #4 #8 #3 #7 #1 #9 #5 #0 #6 #2 
[charge_scheduler-1] [WARN] [1785755580.055124240] [charge_scheduler]: ════════════════════════════════════════
[charge_scheduler-1] [INFO] [1785755580.055130535] [charge_scheduler]:   ⏱ 任务计时开始 (t=0)
[charge_scheduler-1] [INFO] [1785755580.055581759] [charge_scheduler]:   → 趟1 第1辆: 车#4 [电动装载机282] (3740.35,73686.88) 容量282.00kWh 剩余60% | 承诺完成=10.42min plan_v=0
