[INFO] [launch]: All log files can be found below /root/.ros/log/2026-08-03-11-59-27-228330-YYYY-25251
[INFO] [launch]: Default logging verbosity is set to INFO
[INFO] [charge_scheduler-1]: process started with pid [25255]
[charge_scheduler-1] [INFO] [1785758367.362974814] [charge_scheduler]: [目标顺序] objective_order=Tover,Nlate,Ctotal
[charge_scheduler-1] [INFO] [1785758367.363810909] [charge_scheduler]: [Scheduler] 30辆车 | 电池800.0kWh(20%=160.0 80%=640.0) | 充电360kW效率97% | 行驶0.6kWh/km | 桩350kW
[charge_scheduler-1] [INFO] [1785758367.363855641] [charge_scheduler]: [Scheduler] 站端周转: 换电 10 min(换后满电) | 单趟可用 640 kWh
[charge_scheduler-1] [INFO] [1785758367.363873344] [charge_scheduler]:   车#0 [电动装载机282|light] 位置(3889.6,73764.7) 容量282kWh 剩余35% | α=6→6min/% τ=168min → 需130.8kWh(充21.2min)
[charge_scheduler-1] [INFO] [1785758367.363897745] [charge_scheduler]:   车#1 [重型叉车|light] 位置(3778.9,73807.0) 容量200kWh 剩余20% | α=6→6min/% τ=96min → 需123.7kWh(充20.0min)
[charge_scheduler-1] [INFO] [1785758367.363919636] [charge_scheduler]:   车#2 [电动装载机350|light] 位置(3794.9,73804.6) 容量350kWh 剩余50% | α=6→6min/% τ=288min → 需108.2kWh(充17.5min)
[charge_scheduler-1] [INFO] [1785758367.363939004] [charge_scheduler]:   车#3 [重型叉车|light] 位置(3806.9,73760.3) 容量200kWh 剩余10% | α=6→6min/% τ=32min → 需144.3kWh(充23.3min)
[charge_scheduler-1] [INFO] [1785758367.363958177] [charge_scheduler]:   车#4 [电动装载机282|heavy→降级] 位置(3705.1,73758.2) 容量282kWh 剩余60% | α=3→6min/% τ=212min → 需58.1kWh(充9.4min)
[charge_scheduler-1] [INFO] [1785758367.363977919] [charge_scheduler]:   车#5 [电动装载机350|light] 位置(3756.5,73770.2) 容量350kWh 剩余25% | α=6→6min/% τ=128min → 需198.5kWh(充32.1min)
[charge_scheduler-1] [INFO] [1785758367.363997873] [charge_scheduler]:   车#6 [电动装载机350|heavy→降级] 位置(3887.4,73809.4) 容量350kWh 剩余40% | α=4→6min/% τ=176min → 需144.3kWh(充23.3min)
[charge_scheduler-1] [INFO] [1785758367.364016970] [charge_scheduler]:   车#7 [重型叉车|light] 位置(3899.0,73786.6) 容量200kWh 剩余15% | α=6→6min/% τ=64min → 需134.0kWh(充21.7min)
[charge_scheduler-1] [INFO] [1785758367.364036320] [charge_scheduler]:   车#8 [电动装载机282|heavy→降级] 位置(3689.7,73663.1) 容量282kWh 剩余55% | α=3→6min/% τ=196min → 需72.7kWh(充11.8min)
[charge_scheduler-1] [INFO] [1785758367.364055140] [charge_scheduler]:   车#9 [电动装载机282|heavy→降级] 位置(3748.4,73767.2) 容量282kWh 剩余30% | α=3→6min/% τ=116min → 需145.4kWh(充23.5min)
[charge_scheduler-1] [INFO] [1785758367.364081171] [charge_scheduler]:   车#10 [电动装载机282|light] 位置(3865.2,73751.0) 容量282kWh 剩余45% | α=6→6min/% τ=224min → 需101.8kWh(充16.4min)
[charge_scheduler-1] [INFO] [1785758367.364101471] [charge_scheduler]:   车#11 [电动装载机350|light] 位置(3785.0,73749.2) 容量350kWh 剩余18% | α=6→6min/% τ=83min → 需223.7kWh(充36.2min)
[charge_scheduler-1] [INFO] [1785758367.364120145] [charge_scheduler]:   车#12 [重型叉车|heavy→降级] 位置(3811.5,73799.9) 容量200kWh 剩余62% | α=3→6min/% τ=230min → 需37.1kWh(充6.0min)
[charge_scheduler-1] [INFO] [1785758367.364138541] [charge_scheduler]:   车#13 [电动装载机282|light] 位置(3810.8,73773.1) 容量282kWh 剩余28% | α=6→6min/% τ=129min → 需151.2kWh(充24.4min)
[charge_scheduler-1] [INFO] [1785758367.364157157] [charge_scheduler]:   车#14 [电动装载机350|light] 位置(3905.0,73793.5) 容量350kWh 剩余52% | α=6→6min/% τ=301min → 需101.0kWh(充16.3min)
[charge_scheduler-1] [INFO] [1785758367.364175846] [charge_scheduler]:   车#15 [重型叉车|light] 位置(3894.3,73756.9) 容量200kWh 剩余12% | α=6→6min/% τ=45min → 需140.2kWh(充22.7min)
[charge_scheduler-1] [INFO] [1785758367.364198581] [charge_scheduler]:   车#16 [电动装载机282|light] 位置(3818.5,73716.2) 容量282kWh 剩余38% | α=6→6min/% τ=185min → 需122.1kWh(充19.7min)
[charge_scheduler-1] [INFO] [1785758367.364218132] [charge_scheduler]:   车#17 [电动装载机350|light] 位置(3733.2,73772.4) 容量350kWh 剩余58% | α=6→6min/% τ=339min → 需79.4kWh(充12.8min)
[charge_scheduler-1] [INFO] [1785758367.364236835] [charge_scheduler]:   车#18 [重型叉车|heavy→降级] 位置(3764.7,73699.0) 容量200kWh 剩余22% | α=3→6min/% τ=102min → 需119.6kWh(充19.3min)
[charge_scheduler-1] [INFO] [1785758367.364263543] [charge_scheduler]:   车#19 [电动装载机282|light] 位置(3878.4,73747.9) 容量282kWh 剩余48% | α=6→6min/% τ=241min → 需93.0kWh(充15.0min)
[charge_scheduler-1] [INFO] [1785758367.364337035] [charge_scheduler]:   车#20 [电动装载机350|light] 位置(3740.3,73686.9) 容量350kWh 剩余33% | α=6→6min/% τ=179min → 需169.6kWh(充27.4min)
[charge_scheduler-1] [INFO] [1785758367.364361609] [charge_scheduler]:   车#21 [重型叉车|heavy→降级] 位置(3895.4,73811.9) 容量200kWh 剩余65% | α=3→6min/% τ=240min → 需30.9kWh(充5.0min)
[charge_scheduler-1] [INFO] [1785758367.364381413] [charge_scheduler]:   车#22 [电动装载机282|light] 位置(3876.0,73830.2) 容量282kWh 剩余16% | α=6→6min/% τ=62min → 需186.1kWh(充30.1min)
[charge_scheduler-1] [INFO] [1785758367.364406520] [charge_scheduler]:   车#23 [电动装载机350|light] 位置(3765.9,73790.3) 容量350kWh 剩余42% | α=6→6min/% τ=237min → 需137.1kWh(充22.2min)
[charge_scheduler-1] [INFO] [1785758367.364425568] [charge_scheduler]:   车#24 [重型叉车|heavy→降级] 位置(3637.1,73698.1) 容量200kWh 剩余25% | α=3→6min/% τ=112min → 需113.4kWh(充18.3min)
[charge_scheduler-1] [INFO] [1785758367.364445311] [charge_scheduler]:   车#25 [电动装载机282|light] 位置(3884.5,73833.1) 容量282kWh 剩余55% | α=6→6min/% τ=280min → 需72.7kWh(充11.8min)
[charge_scheduler-1] [INFO] [1785758367.364464602] [charge_scheduler]:   车#26 [电动装载机350|light] 位置(3699.3,73765.4) 容量350kWh 剩余30% | α=6→6min/% τ=160min → 需180.4kWh(充29.2min)
[charge_scheduler-1] [INFO] [1785758367.364484026] [charge_scheduler]:   车#27 [重型叉车|heavy→降级] 位置(3800.8,73717.7) 容量200kWh 剩余68% | α=3→6min/% τ=250min → 需24.7kWh(充4.0min)
[charge_scheduler-1] [INFO] [1785758367.364503378] [charge_scheduler]:   车#28 [电动装载机282|light] 位置(3825.0,73792.7) 容量282kWh 剩余20% | α=6→6min/% τ=84min → 需174.4kWh(充28.2min)
[charge_scheduler-1] [INFO] [1785758367.364522081] [charge_scheduler]:   车#29 [电动装载机350|light] 位置(3784.3,73759.0) 容量350kWh 剩余36% | α=6→6min/% τ=198min → 需158.8kWh(充25.7min)
[charge_scheduler-1] [INFO] [1785758367.374374778] [charge_scheduler]: [Scheduler] 闭环接口: threshold=10.0min | event_sim=off | policy=all | structured_feedback=optional (/task_planner/execution_event)
[charge_scheduler-1] [INFO] [1785758367.374430492] [charge_scheduler]: [Scheduler] 已启动, 等待地图...
[charge_scheduler-1] [INFO] [1785758367.374442305] [charge_scheduler]: [Scheduler] 充电车1接口: sequence/served/arrived_target/arrived_station/return_goal/task_complete 后缀=_1
[charge_scheduler-1] [INFO] [1785758367.374452946] [charge_scheduler]: [Scheduler] 充电车2接口: sequence/served/arrived_target/arrived_station/return_goal/task_complete 后缀=_2
[charge_scheduler-1] [INFO] [1785758367.374461074] [charge_scheduler]: [Scheduler] 充电车3接口: sequence/served/arrived_target/arrived_station/return_goal/task_complete 后缀=_3
[charge_scheduler-1] [INFO] [1785758367.467791231] [charge_scheduler]: [Scheduler] RoutingGraph 就绪
[charge_scheduler-1] [INFO] [1785758367.468262071] [charge_scheduler]: [Scheduler] 提取到 0 条虚线捷径
[charge_scheduler-1] [INFO] [1785758367.495255922] [charge_scheduler]: [Scheduler] 下层兼容增强图: 190 节点, 0 条虚线掉头边
[charge_scheduler-1] [INFO] [1785758388.607148520] [charge_scheduler]: [Scheduler] 距离矩阵完成 31x31, 21111.8 ms | 模式=euclid | 真实不可达=0 抽象不可达=0 | 缺少对向投影节点=0 | 对向识别(ID/几何/法向)=0/0/0 | 单向驿站投影=0
[charge_scheduler-1] [INFO] [1785758388.607213601] [charge_scheduler]:   ✓ 比值自检：930 个 OD 满足 机动/直线≥1 | 均值=4.11 最大=62.63 (车#0→车#15)
[charge_scheduler-1] [INFO] [1785758388.607225604] [charge_scheduler]: [Scheduler] 地图就绪, 190 条 lanelet（与下层一致）
[charge_scheduler-1] [INFO] [1785758388.607270440] [charge_scheduler]: ======== 开始VRPTW调度 30 辆车 ========
[charge_scheduler-1] [INFO] [1785758388.607275729] [charge_scheduler]:   规模30>8 → 启发式(alns)
[charge_scheduler-1] [INFO] [1785758434.599076789] [charge_scheduler]: [ALNS] objective_order=Tover,Nlate,Ctotal seed=9 iters=15000 | N_late=7(成功率76.7%) T_overtime=64.8min C_total=3628.5m | 趟数=11 makespan=369.9min
[charge_scheduler-1] [INFO] [1785758434.599123950] [charge_scheduler]:   求解耗时 45991.8 ms
[charge_scheduler-1] [INFO] [1785758434.599132187] [charge_scheduler]: ════════ 调度结果 ════════
[charge_scheduler-1] [INFO] [1785758434.599136700] [charge_scheduler]:   ★目标(字典序): objective_order=Tover,Nlate,Ctotal | N_late=7 辆 (按时成功率 23/30 = 76.7%)  T_overtime=64.8min  C_total=3628.5m
[charge_scheduler-1] [INFO] [1785758434.599170441] [charge_scheduler]:   附: 趟数=11 | makespan=369.9min | 能量可行=是
[charge_scheduler-1] [INFO] [1785758434.599180936] [charge_scheduler]:   [充电车1] 趟1: 站 → 车#8(到1.3/限196.0✓) → 车#3(到15.5/限32.0✓) → 车#13(到39.8/限128.8✓) → 车#28(到68.0/限84.0✓) → 站
[charge_scheduler-1] [INFO] [1785758434.599188074] [charge_scheduler]:   [充电车2] 趟2: 站 → 车#27(到1.3/限249.6✓) → 车#12(到6.6/限230.4✓) → 车#21(到14.6/限240.0✓) → 车#22(到21.5/限61.6✓) → 车#7(到54.1/限64.0✓) → 车#1(到80.5/限96.0✓) → 站
[charge_scheduler-1] [INFO] [1785758434.599194617] [charge_scheduler]:   [充电车3] 趟3: 站 → 车#4(到0.3/限212.0✓) → 车#9(到10.4/限116.0✓) → 车#15(到37.7/限44.8✓) → 车#11(到63.9/限83.2✓) → 站
[charge_scheduler-1] [INFO] [1785758434.599200322] [charge_scheduler]:   [充电车2] 趟4: 站 → 车#5(到116.6/限128.0✓) → 车#26(到160.2/限160.0✗超时) → 站
[charge_scheduler-1] [INFO] [1785758434.599205900] [charge_scheduler]:   [充电车1] 趟5: 站 → 车#18(到114.6/限102.4✗超时) → 车#0(到141.7/限168.0✓) → 车#6(到175.4/限176.0✓) → 站
[charge_scheduler-1] [INFO] [1785758434.599211045] [charge_scheduler]:   [充电车3] 趟6: 站 → 车#24(到118.3/限112.0✗超时) → 车#16(到146.1/限184.8✓) → 车#20(到179.3/限179.2✗超时) → 站
[charge_scheduler-1] [INFO] [1785758434.599215493] [charge_scheduler]:   [充电车2] 趟7: 站 → 车#10(到216.6/限224.0✓) → 车#19(到251.4/限240.8✗超时) → 站
[charge_scheduler-1] [INFO] [1785758434.599219857] [charge_scheduler]:   [充电车1] 趟8: 站 → 车#29(到232.8/限198.4✗超时) → 车#25(到278.4/限280.0✓) → 站
[charge_scheduler-1] [INFO] [1785758434.599223757] [charge_scheduler]:   [充电车1] 趟9: 站 → 车#17(到326.8/限339.2✓) → 站
[charge_scheduler-1] [INFO] [1785758434.599228153] [charge_scheduler]:   [充电车2] 趟10: 站 → 车#14(到301.9/限300.8✗超时) → 站
[charge_scheduler-1] [INFO] [1785758434.599232807] [charge_scheduler]:   [充电车3] 趟11: 站 → 车#23(到234.9/限236.8✓) → 车#2(到279.0/限288.0✓) → 站
[charge_scheduler-1] [INFO] [1785758434.599236150] [charge_scheduler]: ════════════════════════
[charge_scheduler-1] [WARN] [1785758434.599269161] [charge_scheduler]: ════ 耦合消融重放：欧氏距离定序 → 同K真实机动执行 ════
[charge_scheduler-1] [WARN] [1785758434.599273428] [charge_scheduler]:   【欧氏距离仅生成顺序；K=3、能量、换电、分趟和并行时间线均按真实机动距离重新解码】
[charge_scheduler-1] [WARN] [1785758434.599277211] [charge_scheduler]:   N_late=14 (按时率 16/30 = 53.3%)   T_overtime=328.1min   C_total=8866.4m   makespan=393.2min   能量违规=0   objective_order=Tover,Nlate,Ctotal
[charge_scheduler-1] [WARN] [1785758434.599283233] [charge_scheduler]:   逐辆到达时刻（真实机动距离、同K解码）：
[charge_scheduler-1] [WARN] [1785758434.599286918] [charge_scheduler]:      车#0 到达 154.6 / 限 168.0 ✓
[charge_scheduler-1] [WARN] [1785758434.599291444] [charge_scheduler]:      车#1 到达 93.8 / 限 96.0 ✓
[charge_scheduler-1] [WARN] [1785758434.599295569] [charge_scheduler]:      车#2 到达 310.2 / 限 288.0 ✗超时
[charge_scheduler-1] [WARN] [1785758434.599299752] [charge_scheduler]:      车#3 到达 21.1 / 限 32.0 ✓
[charge_scheduler-1] [WARN] [1785758434.599304312] [charge_scheduler]:      车#4 到达 2.1 / 限 212.0 ✓
[charge_scheduler-1] [WARN] [1785758434.599308368] [charge_scheduler]:      车#5 到达 133.1 / 限 128.0 ✗超时
[charge_scheduler-1] [WARN] [1785758434.599312487] [charge_scheduler]:      车#6 到达 189.7 / 限 176.0 ✗超时
[charge_scheduler-1] [WARN] [1785758434.599316415] [charge_scheduler]:      车#7 到达 63.8 / 限 64.0 ✓
[charge_scheduler-1] [WARN] [1785758434.599320381] [charge_scheduler]:      车#8 到达 5.0 / 限 196.0 ✓
[charge_scheduler-1] [WARN] [1785758434.599324183] [charge_scheduler]:      车#9 到达 14.0 / 限 116.0 ✓
[charge_scheduler-1] [WARN] [1785758434.599328267] [charge_scheduler]:      车#10 到达 238.4 / 限 224.0 ✗超时
[charge_scheduler-1] [WARN] [1785758434.599332320] [charge_scheduler]:      车#11 到达 70.8 / 限 83.2 ✓
[charge_scheduler-1] [WARN] [1785758434.599336753] [charge_scheduler]:      车#12 到达 7.7 / 限 230.4 ✓
[charge_scheduler-1] [WARN] [1785758434.599340516] [charge_scheduler]:      车#13 到达 49.1 / 限 128.8 ✓
[charge_scheduler-1] [WARN] [1785758434.599347792] [charge_scheduler]:      车#14 到达 336.1 / 限 300.8 ✗超时
[charge_scheduler-1] [WARN] [1785758434.599351993] [charge_scheduler]:      车#15 到达 43.7 / 限 44.8 ✓
[charge_scheduler-1] [WARN] [1785758434.599355944] [charge_scheduler]:      车#16 到达 166.5 / 限 184.8 ✓
[charge_scheduler-1] [WARN] [1785758434.599360003] [charge_scheduler]:      车#17 到达 347.5 / 限 339.2 ✗超时
[charge_scheduler-1] [WARN] [1785758434.599363954] [charge_scheduler]:      车#18 到达 127.4 / 限 102.4 ✗超时
[charge_scheduler-1] [WARN] [1785758434.599367942] [charge_scheduler]:      车#19 到达 282.9 / 限 240.8 ✗超时
[charge_scheduler-1] [WARN] [1785758434.599371930] [charge_scheduler]:      车#20 到达 203.2 / 限 179.2 ✗超时
[charge_scheduler-1] [WARN] [1785758434.599375959] [charge_scheduler]:      车#21 到达 16.6 / 限 240.0 ✓
[charge_scheduler-1] [WARN] [1785758434.599380028] [charge_scheduler]:      车#22 到达 30.4 / 限 61.6 ✓
[charge_scheduler-1] [WARN] [1785758434.599383949] [charge_scheduler]:      车#23 到达 265.9 / 限 236.8 ✗超时
[charge_scheduler-1] [WARN] [1785758434.599387985] [charge_scheduler]:      车#24 到达 135.1 / 限 112.0 ✗超时
[charge_scheduler-1] [WARN] [1785758434.599392049] [charge_scheduler]:      车#25 到达 295.7 / 限 280.0 ✗超时
[charge_scheduler-1] [WARN] [1785758434.599395999] [charge_scheduler]:      车#26 到达 179.2 / 限 160.0 ✗超时
[charge_scheduler-1] [WARN] [1785758434.599399869] [charge_scheduler]:      车#27 到达 1.7 / 限 249.6 ✓
[charge_scheduler-1] [WARN] [1785758434.599403641] [charge_scheduler]:      车#28 到达 82.3 / 限 84.0 ✓
[charge_scheduler-1] [WARN] [1785758434.599407622] [charge_scheduler]:      车#29 到达 249.2 / 限 198.4 ✗超时
[charge_scheduler-1] [WARN] [1785758434.599414321] [charge_scheduler]:   欧氏距离生成的固定访问顺序 = #8 #27 #4 #12 #9 #21 #3 #22 #15 #13 #7 #11 #28 #1 #18 #5 #24 #0 #16 #26 #6 #20 #10 #29 #23 #19 #25 #2 #14 #17 
[charge_scheduler-1] [WARN] [1785758434.599417946] [charge_scheduler]: ════════════════════════════════════════
[charge_scheduler-1] [INFO] [1785758434.599425592] [charge_scheduler]:   ⏱ 任务计时开始 (t=0)
[charge_scheduler-1] [INFO] [1785758434.599740001] [charge_scheduler]: [多车派发] 充电车1分配4趟、10辆目标车，开始独立逐任务派发
[charge_scheduler-1] [INFO] [1785758434.599790542] [charge_scheduler]:   → [充电车1] 第1/4趟 第1/4辆: 车#8 (3689.66,73663.13) | topic后缀=_1 | 承诺完成=13.22min
[charge_scheduler-1] [INFO] [1785758434.600083862] [charge_scheduler]: [多车派发] 充电车2分配4趟、11辆目标车，开始独立逐任务派发
[charge_scheduler-1] [INFO] [1785758434.600098462] [charge_scheduler]:   → [充电车2] 第1/4趟 第1/6辆: 车#27 (3800.80,73717.69) | topic后缀=_2 | 承诺完成=5.39min
[charge_scheduler-1] [INFO] [1785758434.600386623] [charge_scheduler]: [多车派发] 充电车3分配3趟、9辆目标车，开始独立逐任务派发
[charge_scheduler-1] [INFO] [1785758434.600399542] [charge_scheduler]:   → [充电车3] 第1/3趟 第1/4辆: 车#4 (3705.05,73758.23) | topic后缀=_3 | 承诺完成=9.78min
