[INFO] [launch]: All log files can be found below /root/.ros/log/2026-08-03-11-28-32-962210-YYYY-19176
[INFO] [launch]: Default logging verbosity is set to INFO
[INFO] [charge_scheduler-1]: process started with pid [19180]
[charge_scheduler-1] [INFO] [1785756513.105679983] [charge_scheduler]: [目标顺序] objective_order=Tover,Nlate,Ctotal
[charge_scheduler-1] [INFO] [1785756513.106221380] [charge_scheduler]: [Scheduler] 30辆车 | 电池800.0kWh(20%=160.0 80%=640.0) | 充电360kW效率97% | 行驶0.6kWh/km | 桩350kW
[charge_scheduler-1] [INFO] [1785756513.106265089] [charge_scheduler]: [Scheduler] 站端周转: 换电 10 min(换后满电) | 单趟可用 640 kWh
[charge_scheduler-1] [INFO] [1785756513.106276505] [charge_scheduler]:   车#0 [电动装载机282|light] 位置(3889.6,73764.7) 容量282kWh 剩余35% | α=6→6min/% τ=168min → 需130.8kWh(充21.2min)
[charge_scheduler-1] [INFO] [1785756513.106294510] [charge_scheduler]:   车#1 [重型叉车|light] 位置(3778.9,73807.0) 容量200kWh 剩余20% | α=6→6min/% τ=96min → 需123.7kWh(充20.0min)
[charge_scheduler-1] [INFO] [1785756513.106310116] [charge_scheduler]:   车#2 [电动装载机350|light] 位置(3794.9,73804.6) 容量350kWh 剩余50% | α=6→6min/% τ=288min → 需108.2kWh(充17.5min)
[charge_scheduler-1] [INFO] [1785756513.106326147] [charge_scheduler]:   车#3 [重型叉车|light] 位置(3806.9,73760.3) 容量200kWh 剩余10% | α=6→6min/% τ=32min → 需144.3kWh(充23.3min)
[charge_scheduler-1] [INFO] [1785756513.106341468] [charge_scheduler]:   车#4 [电动装载机282|heavy→降级] 位置(3705.1,73758.2) 容量282kWh 剩余60% | α=3→6min/% τ=212min → 需58.1kWh(充9.4min)
[charge_scheduler-1] [INFO] [1785756513.106355291] [charge_scheduler]:   车#5 [电动装载机350|light] 位置(3756.5,73770.2) 容量350kWh 剩余25% | α=6→6min/% τ=128min → 需198.5kWh(充32.1min)
[charge_scheduler-1] [INFO] [1785756513.106371651] [charge_scheduler]:   车#6 [电动装载机350|heavy→降级] 位置(3887.4,73809.4) 容量350kWh 剩余40% | α=4→6min/% τ=176min → 需144.3kWh(充23.3min)
[charge_scheduler-1] [INFO] [1785756513.106385276] [charge_scheduler]:   车#7 [重型叉车|light] 位置(3899.0,73786.6) 容量200kWh 剩余15% | α=6→6min/% τ=64min → 需134.0kWh(充21.7min)
[charge_scheduler-1] [INFO] [1785756513.106399409] [charge_scheduler]:   车#8 [电动装载机282|heavy→降级] 位置(3689.7,73663.1) 容量282kWh 剩余55% | α=3→6min/% τ=196min → 需72.7kWh(充11.8min)
[charge_scheduler-1] [INFO] [1785756513.106413545] [charge_scheduler]:   车#9 [电动装载机282|heavy→降级] 位置(3748.4,73767.2) 容量282kWh 剩余30% | α=3→6min/% τ=116min → 需145.4kWh(充23.5min)
[charge_scheduler-1] [INFO] [1785756513.106426917] [charge_scheduler]:   车#10 [电动装载机282|light] 位置(3865.2,73751.0) 容量282kWh 剩余45% | α=6→6min/% τ=224min → 需101.8kWh(充16.4min)
[charge_scheduler-1] [INFO] [1785756513.106441279] [charge_scheduler]:   车#11 [电动装载机350|light] 位置(3785.0,73749.2) 容量350kWh 剩余18% | α=6→6min/% τ=83min → 需223.7kWh(充36.2min)
[charge_scheduler-1] [INFO] [1785756513.106457479] [charge_scheduler]:   车#12 [重型叉车|heavy→降级] 位置(3811.5,73799.9) 容量200kWh 剩余62% | α=3→6min/% τ=230min → 需37.1kWh(充6.0min)
[charge_scheduler-1] [INFO] [1785756513.106476031] [charge_scheduler]:   车#13 [电动装载机282|light] 位置(3810.8,73773.1) 容量282kWh 剩余28% | α=6→6min/% τ=129min → 需151.2kWh(充24.4min)
[charge_scheduler-1] [INFO] [1785756513.106486083] [charge_scheduler]:   车#14 [电动装载机350|light] 位置(3905.0,73793.5) 容量350kWh 剩余52% | α=6→6min/% τ=301min → 需101.0kWh(充16.3min)
[charge_scheduler-1] [INFO] [1785756513.106496696] [charge_scheduler]:   车#15 [重型叉车|light] 位置(3894.3,73756.9) 容量200kWh 剩余12% | α=6→6min/% τ=45min → 需140.2kWh(充22.7min)
[charge_scheduler-1] [INFO] [1785756513.106507780] [charge_scheduler]:   车#16 [电动装载机282|light] 位置(3818.5,73716.2) 容量282kWh 剩余38% | α=6→6min/% τ=185min → 需122.1kWh(充19.7min)
[charge_scheduler-1] [INFO] [1785756513.106518533] [charge_scheduler]:   车#17 [电动装载机350|light] 位置(3733.2,73772.4) 容量350kWh 剩余58% | α=6→6min/% τ=339min → 需79.4kWh(充12.8min)
[charge_scheduler-1] [INFO] [1785756513.106530379] [charge_scheduler]:   车#18 [重型叉车|heavy→降级] 位置(3764.7,73699.0) 容量200kWh 剩余22% | α=3→6min/% τ=102min → 需119.6kWh(充19.3min)
[charge_scheduler-1] [INFO] [1785756513.106543384] [charge_scheduler]:   车#19 [电动装载机282|light] 位置(3878.4,73747.9) 容量282kWh 剩余48% | α=6→6min/% τ=241min → 需93.0kWh(充15.0min)
[charge_scheduler-1] [INFO] [1785756513.106582707] [charge_scheduler]:   车#20 [电动装载机350|light] 位置(3740.3,73686.9) 容量350kWh 剩余33% | α=6→6min/% τ=179min → 需169.6kWh(充27.4min)
[charge_scheduler-1] [INFO] [1785756513.106595331] [charge_scheduler]:   车#21 [重型叉车|heavy→降级] 位置(3895.4,73811.9) 容量200kWh 剩余65% | α=3→6min/% τ=240min → 需30.9kWh(充5.0min)
[charge_scheduler-1] [INFO] [1785756513.106607787] [charge_scheduler]:   车#22 [电动装载机282|light] 位置(3876.0,73830.2) 容量282kWh 剩余16% | α=6→6min/% τ=62min → 需186.1kWh(充30.1min)
[charge_scheduler-1] [INFO] [1785756513.106618959] [charge_scheduler]:   车#23 [电动装载机350|light] 位置(3765.9,73790.3) 容量350kWh 剩余42% | α=6→6min/% τ=237min → 需137.1kWh(充22.2min)
[charge_scheduler-1] [INFO] [1785756513.106630507] [charge_scheduler]:   车#24 [重型叉车|heavy→降级] 位置(3637.1,73698.1) 容量200kWh 剩余25% | α=3→6min/% τ=112min → 需113.4kWh(充18.3min)
[charge_scheduler-1] [INFO] [1785756513.106644467] [charge_scheduler]:   车#25 [电动装载机282|light] 位置(3884.5,73833.1) 容量282kWh 剩余55% | α=6→6min/% τ=280min → 需72.7kWh(充11.8min)
[charge_scheduler-1] [INFO] [1785756513.106655943] [charge_scheduler]:   车#26 [电动装载机350|light] 位置(3699.3,73765.4) 容量350kWh 剩余30% | α=6→6min/% τ=160min → 需180.4kWh(充29.2min)
[charge_scheduler-1] [INFO] [1785756513.106668641] [charge_scheduler]:   车#27 [重型叉车|heavy→降级] 位置(3800.8,73717.7) 容量200kWh 剩余68% | α=3→6min/% τ=250min → 需24.7kWh(充4.0min)
[charge_scheduler-1] [INFO] [1785756513.106681289] [charge_scheduler]:   车#28 [电动装载机282|light] 位置(3825.0,73792.7) 容量282kWh 剩余20% | α=6→6min/% τ=84min → 需174.4kWh(充28.2min)
[charge_scheduler-1] [INFO] [1785756513.106694071] [charge_scheduler]:   车#29 [电动装载机350|light] 位置(3784.3,73759.0) 容量350kWh 剩余36% | α=6→6min/% τ=198min → 需158.8kWh(充25.7min)
[charge_scheduler-1] [INFO] [1785756513.119023483] [charge_scheduler]: [Scheduler] 闭环接口: threshold=10.0min | event_sim=off | policy=all | structured_feedback=optional (/task_planner/execution_event)
[charge_scheduler-1] [INFO] [1785756513.119075010] [charge_scheduler]: [Scheduler] 已启动, 等待地图...
[charge_scheduler-1] [INFO] [1785756513.119083567] [charge_scheduler]: [Scheduler] 充电车1接口: sequence/served/arrived_target/arrived_station/return_goal/task_complete 后缀=_1
[charge_scheduler-1] [INFO] [1785756513.119090697] [charge_scheduler]: [Scheduler] 充电车2接口: sequence/served/arrived_target/arrived_station/return_goal/task_complete 后缀=_2
[charge_scheduler-1] [INFO] [1785756513.119096446] [charge_scheduler]: [Scheduler] 充电车3接口: sequence/served/arrived_target/arrived_station/return_goal/task_complete 后缀=_3
[charge_scheduler-1] [INFO] [1785756513.231466032] [charge_scheduler]: [Scheduler] RoutingGraph 就绪
[charge_scheduler-1] [INFO] [1785756513.232009503] [charge_scheduler]: [Scheduler] 提取到 0 条虚线捷径
[charge_scheduler-1] [INFO] [1785756513.261820157] [charge_scheduler]: [Scheduler] 下层兼容增强图: 190 节点, 0 条虚线掉头边
[charge_scheduler-1] [INFO] [1785756536.958190790] [charge_scheduler]: [Scheduler] 距离矩阵完成 31x31, 23696.3 ms | 模式=maneuver | 真实不可达=0 抽象不可达=0 | 缺少对向投影节点=0 | 对向识别(ID/几何/法向)=0/0/0 | 单向驿站投影=0
[charge_scheduler-1] [INFO] [1785756536.958262216] [charge_scheduler]:   ✓ 比值自检：930 个 OD 满足 机动/直线≥1 | 均值=4.11 最大=62.63 (车#0→车#15)
[charge_scheduler-1] [INFO] [1785756536.958274200] [charge_scheduler]: [Scheduler] 地图就绪, 190 条 lanelet（与下层一致）
[charge_scheduler-1] [INFO] [1785756536.958321622] [charge_scheduler]: ======== 开始VRPTW调度 30 辆车 ========
[charge_scheduler-1] [INFO] [1785756536.958326763] [charge_scheduler]:   规模30>8 → 启发式(alns)
[charge_scheduler-1] [INFO] [1785756590.072901374] [charge_scheduler]: [ALNS] objective_order=Tover,Nlate,Ctotal seed=4 iters=15000 | N_late=10(成功率66.7%) T_overtime=204.9min C_total=7008.4m | 趟数=11 makespan=383.9min
[charge_scheduler-1] [INFO] [1785756590.072951708] [charge_scheduler]:   求解耗时 53114.6 ms
[charge_scheduler-1] [INFO] [1785756590.072959443] [charge_scheduler]: ════════ 调度结果 ════════
[charge_scheduler-1] [INFO] [1785756590.072964647] [charge_scheduler]:   ★目标(字典序): objective_order=Tover,Nlate,Ctotal | N_late=10 辆 (按时成功率 20/30 = 66.7%)  T_overtime=204.9min  C_total=7008.4m
[charge_scheduler-1] [INFO] [1785756590.073005328] [charge_scheduler]:   附: 趟数=11 | makespan=383.9min | 能量可行=是
[charge_scheduler-1] [INFO] [1785756590.073015637] [charge_scheduler]:   [充电车2] 趟1: 站 → 车#27(到1.7/限249.6✓) → 车#7(到8.0/限64.0✓) → 车#22(到30.9/限61.6✓) → 车#28(到65.4/限84.0✓) → 站
[charge_scheduler-1] [INFO] [1785756590.073022645] [charge_scheduler]:   [充电车1] 趟2: 站 → 车#4(到2.1/限212.0✓) → 车#8(到15.3/限196.0✓) → 车#18(到30.7/限102.4✓) → 车#9(到53.3/限116.0✓) → 车#1(到84.3/限96.0✓) → 站
[charge_scheduler-1] [INFO] [1785756590.073028831] [charge_scheduler]:   [充电车3] 趟3: 站 → 车#12(到2.3/限230.4✓) → 车#21(到10.6/限240.0✓) → 车#15(到17.7/限44.8✓) → 车#3(到43.1/限32.0✗超时) → 车#11(到68.6/限83.2✓) → 站
[charge_scheduler-1] [INFO] [1785756590.073034022] [charge_scheduler]:   [充电车3] 趟4: 站 → 车#5(到125.7/限128.0✓) → 车#20(到171.6/限179.2✓) → 站
[charge_scheduler-1] [INFO] [1785756590.073039776] [charge_scheduler]:   [充电车2] 趟5: 站 → 车#24(到114.5/限112.0✗超时) → 车#26(到143.6/限160.0✓) → 车#16(到189.5/限184.8✗超时) → 站
[charge_scheduler-1] [INFO] [1785756590.073044983] [charge_scheduler]:   [充电车1] 趟6: 站 → 车#13(到123.8/限128.8✓) → 车#0(到160.2/限168.0✓) → 车#10(到195.3/限224.0✓) → 站
[charge_scheduler-1] [INFO] [1785756590.073049444] [charge_scheduler]:   [充电车2] 趟7: 站 → 车#19(到242.6/限240.8✗超时) → 车#25(到281.1/限280.0✗超时) → 站
[charge_scheduler-1] [INFO] [1785756590.073053854] [charge_scheduler]:   [充电车3] 趟8: 站 → 车#6(到231.2/限176.0✗超时) → 车#23(到277.4/限236.8✗超时) → 站
[charge_scheduler-1] [INFO] [1785756590.073058136] [charge_scheduler]:   [充电车1] 趟9: 站 → 车#29(到245.2/限198.4✗超时) → 车#2(到293.9/限288.0✗超时) → 站
[charge_scheduler-1] [INFO] [1785756590.073062375] [charge_scheduler]:   [充电车2] 趟10: 站 → 车#14(到335.9/限300.8✗超时) → 站
[charge_scheduler-1] [INFO] [1785756590.073066732] [charge_scheduler]:   [充电车3] 趟11: 站 → 车#17(到334.9/限339.2✓) → 站
[charge_scheduler-1] [INFO] [1785756590.073069853] [charge_scheduler]: ════════════════════════
[charge_scheduler-1] [INFO] [1785756590.073074979] [charge_scheduler]:   ⏱ 任务计时开始 (t=0)
[charge_scheduler-1] [INFO] [1785756590.073417296] [charge_scheduler]: [多车派发] 充电车1分配3趟、10辆目标车，开始独立逐任务派发
[charge_scheduler-1] [INFO] [1785756590.073477696] [charge_scheduler]:   → [充电车1] 第1/3趟 第1/5辆: 车#4 (3705.05,73758.23) | topic后缀=_1 | 承诺完成=11.77min
[charge_scheduler-1] [INFO] [1785756590.073776490] [charge_scheduler]: [多车派发] 充电车2分配4趟、10辆目标车，开始独立逐任务派发
[charge_scheduler-1] [INFO] [1785756590.073793232] [charge_scheduler]:   → [充电车2] 第1/4趟 第1/4辆: 车#27 (3800.80,73717.69) | topic后缀=_2 | 承诺完成=5.89min
[charge_scheduler-1] [INFO] [1785756590.074078461] [charge_scheduler]: [多车派发] 充电车3分配4趟、10辆目标车，开始独立逐任务派发
[charge_scheduler-1] [INFO] [1785756590.074092135] [charge_scheduler]:   → [充电车3] 第1/4趟 第1/5辆: 车#12 (3811.54,73799.88) | topic后缀=_3 | 承诺完成=8.50min
