[INFO] [launch]: All log files can be found below /root/.ros/log/2026-08-03-11-18-09-850447-YYYY-16841
[INFO] [launch]: Default logging verbosity is set to INFO
[INFO] [charge_scheduler-1]: process started with pid [16845]
[charge_scheduler-1] [INFO] [1785755889.976498233] [charge_scheduler]: [目标顺序] objective_order=Tover,Nlate,Ctotal
[charge_scheduler-1] [INFO] [1785755889.977141172] [charge_scheduler]: [Scheduler] 20辆车 | 电池800.0kWh(20%=160.0 80%=640.0) | 充电360kW效率97% | 行驶0.6kWh/km | 桩350kW
[charge_scheduler-1] [INFO] [1785755889.977178673] [charge_scheduler]: [Scheduler] 站端周转: 换电 10 min(换后满电) | 单趟可用 640 kWh
[charge_scheduler-1] [INFO] [1785755889.977188146] [charge_scheduler]:   车#0 [电动装载机282|light] 位置(3865.2,73751.0) 容量282kWh 剩余35% | α=6→6min/% τ=168min → 需130.8kWh(充21.2min)
[charge_scheduler-1] [INFO] [1785755889.977203382] [charge_scheduler]:   车#1 [重型叉车|light] 位置(3785.0,73749.2) 容量200kWh 剩余20% | α=6→6min/% τ=96min → 需123.7kWh(充20.0min)
[charge_scheduler-1] [INFO] [1785755889.977216628] [charge_scheduler]:   车#2 [电动装载机350|light] 位置(3811.5,73799.9) 容量350kWh 剩余50% | α=6→6min/% τ=288min → 需108.2kWh(充17.5min)
[charge_scheduler-1] [INFO] [1785755889.977228739] [charge_scheduler]:   车#3 [重型叉车|light] 位置(3810.8,73773.1) 容量200kWh 剩余10% | α=6→6min/% τ=32min → 需144.3kWh(充23.3min)
[charge_scheduler-1] [INFO] [1785755889.977240675] [charge_scheduler]:   车#4 [电动装载机282|heavy→降级] 位置(3905.0,73793.5) 容量282kWh 剩余60% | α=3→6min/% τ=212min → 需58.1kWh(充9.4min)
[charge_scheduler-1] [INFO] [1785755889.977258768] [charge_scheduler]:   车#5 [电动装载机350|light] 位置(3894.3,73756.9) 容量350kWh 剩余25% | α=6→6min/% τ=128min → 需198.5kWh(充32.1min)
[charge_scheduler-1] [INFO] [1785755889.977270670] [charge_scheduler]:   车#6 [电动装载机350|heavy→降级] 位置(3818.5,73716.2) 容量350kWh 剩余40% | α=4→6min/% τ=176min → 需144.3kWh(充23.3min)
[charge_scheduler-1] [INFO] [1785755889.977281409] [charge_scheduler]:   车#7 [重型叉车|light] 位置(3733.2,73772.4) 容量200kWh 剩余15% | α=6→6min/% τ=64min → 需134.0kWh(充21.7min)
[charge_scheduler-1] [INFO] [1785755889.977292538] [charge_scheduler]:   车#8 [电动装载机282|heavy→降级] 位置(3764.7,73699.0) 容量282kWh 剩余55% | α=3→6min/% τ=196min → 需72.7kWh(充11.8min)
[charge_scheduler-1] [INFO] [1785755889.977304474] [charge_scheduler]:   车#9 [电动装载机282|heavy→降级] 位置(3878.4,73747.9) 容量282kWh 剩余30% | α=3→6min/% τ=116min → 需145.4kWh(充23.5min)
[charge_scheduler-1] [INFO] [1785755889.977319022] [charge_scheduler]:   车#10 [电动装载机282|light] 位置(3740.3,73686.9) 容量282kWh 剩余45% | α=6→6min/% τ=224min → 需101.8kWh(充16.4min)
[charge_scheduler-1] [INFO] [1785755889.977329937] [charge_scheduler]:   车#11 [电动装载机350|light] 位置(3895.4,73811.9) 容量350kWh 剩余18% | α=6→6min/% τ=83min → 需223.7kWh(充36.2min)
[charge_scheduler-1] [INFO] [1785755889.977341280] [charge_scheduler]:   车#12 [重型叉车|heavy→降级] 位置(3876.0,73830.2) 容量200kWh 剩余62% | α=3→6min/% τ=230min → 需37.1kWh(充6.0min)
[charge_scheduler-1] [INFO] [1785755889.977351747] [charge_scheduler]:   车#13 [电动装载机282|light] 位置(3765.9,73790.3) 容量282kWh 剩余28% | α=6→6min/% τ=129min → 需151.2kWh(充24.4min)
[charge_scheduler-1] [INFO] [1785755889.977363792] [charge_scheduler]:   车#14 [电动装载机350|light] 位置(3637.1,73698.1) 容量350kWh 剩余52% | α=6→6min/% τ=301min → 需101.0kWh(充16.3min)
[charge_scheduler-1] [INFO] [1785755889.977373152] [charge_scheduler]:   车#15 [重型叉车|light] 位置(3884.5,73833.1) 容量200kWh 剩余12% | α=6→6min/% τ=45min → 需140.2kWh(充22.7min)
[charge_scheduler-1] [INFO] [1785755889.977385765] [charge_scheduler]:   车#16 [电动装载机282|light] 位置(3699.3,73765.4) 容量282kWh 剩余38% | α=6→6min/% τ=185min → 需122.1kWh(充19.7min)
[charge_scheduler-1] [INFO] [1785755889.977396707] [charge_scheduler]:   车#17 [电动装载机350|light] 位置(3800.8,73717.7) 容量350kWh 剩余58% | α=6→6min/% τ=339min → 需79.4kWh(充12.8min)
[charge_scheduler-1] [INFO] [1785755889.977408407] [charge_scheduler]:   车#18 [重型叉车|heavy→降级] 位置(3825.0,73792.7) 容量200kWh 剩余22% | α=3→6min/% τ=102min → 需119.6kWh(充19.3min)
[charge_scheduler-1] [INFO] [1785755889.977419278] [charge_scheduler]:   车#19 [电动装载机282|light] 位置(3784.3,73759.0) 容量282kWh 剩余48% | α=6→6min/% τ=241min → 需93.0kWh(充15.0min)
[charge_scheduler-1] [INFO] [1785755889.987143302] [charge_scheduler]: [Scheduler] 闭环接口: threshold=10.0min | event_sim=off | policy=all | structured_feedback=optional (/task_planner/execution_event)
[charge_scheduler-1] [INFO] [1785755889.987206566] [charge_scheduler]: [Scheduler] 已启动, 等待地图...
[charge_scheduler-1] [INFO] [1785755889.987224897] [charge_scheduler]: [Scheduler] 充电车1接口: sequence/served/arrived_target/arrived_station/return_goal/task_complete 后缀=_1
[charge_scheduler-1] [INFO] [1785755889.987238751] [charge_scheduler]: [Scheduler] 充电车2接口: sequence/served/arrived_target/arrived_station/return_goal/task_complete 后缀=_2
[charge_scheduler-1] [INFO] [1785755890.090768775] [charge_scheduler]: [Scheduler] RoutingGraph 就绪
[charge_scheduler-1] [INFO] [1785755890.091339721] [charge_scheduler]: [Scheduler] 提取到 0 条虚线捷径
[charge_scheduler-1] [INFO] [1785755890.121148192] [charge_scheduler]: [Scheduler] 下层兼容增强图: 190 节点, 0 条虚线掉头边
[charge_scheduler-1] [INFO] [1785755890.121203375] [charge_scheduler]:   [Abstract参数] opposite_angle=25.0deg normal_angle=30.0deg search_radius=15.00m lateral=[1.00,12.00]m longitudinal<=3.00m parallel_span=4.00m boundary_gap<=0.500m
[charge_scheduler-1] [INFO] [1785755890.133041219] [charge_scheduler]:   [Abstract] 站 → lanelet(9262) method=station_single_lane | 单向驿站保留1个主投影
[charge_scheduler-1] [INFO] [1785755890.145311885] [charge_scheduler]:   [Abstract] 车#0 → lanelet(134, 133) method=geometric_boundary | lateral=2.987m longitudinal=0.007m distance=2.987m dot=-1.0000 normal=1.0000 boundary_gap=0.0000m parallel_samples=3
[charge_scheduler-1] [INFO] [1785755890.156315074] [charge_scheduler]:   [Abstract] 车#1 → lanelet(125, 124) method=shared_boundary_id | lateral=2.974m longitudinal=0.019m distance=2.974m dot=-1.0000 normal=1.0000 boundary_gap=-1.0000m parallel_samples=3
[charge_scheduler-1] [INFO] [1785755890.167228578] [charge_scheduler]:   [Abstract] 车#2 → lanelet(130, 129) method=shared_boundary_id | lateral=2.976m longitudinal=0.020m distance=2.976m dot=-1.0000 normal=1.0000 boundary_gap=-1.0000m parallel_samples=3
[charge_scheduler-1] [INFO] [1785755890.178626685] [charge_scheduler]:   [Abstract] 车#3 → lanelet(124, 125) method=shared_boundary_id | lateral=2.969m longitudinal=0.019m distance=2.969m dot=-1.0000 normal=1.0000 boundary_gap=-1.0000m parallel_samples=3
[charge_scheduler-1] [INFO] [1785755890.190731722] [charge_scheduler]:   [Abstract] 车#4 → lanelet(135, 136) method=geometric_boundary | lateral=3.099m longitudinal=0.049m distance=3.100m dot=-1.0000 normal=0.9999 boundary_gap=0.0000m parallel_samples=3
[charge_scheduler-1] [INFO] [1785755890.201705037] [charge_scheduler]:   [Abstract] 车#5 → lanelet(133, 134) method=geometric_boundary | lateral=2.983m longitudinal=0.005m distance=2.983m dot=-1.0000 normal=1.0000 boundary_gap=0.0000m parallel_samples=3
[charge_scheduler-1] [INFO] [1785755890.212930996] [charge_scheduler]:   [Abstract] 车#6 → lanelet(115, 114) method=shared_boundary_id | lateral=2.989m longitudinal=0.010m distance=2.989m dot=-1.0000 normal=1.0000 boundary_gap=-1.0000m parallel_samples=3
[charge_scheduler-1] [INFO] [1785755890.225750562] [charge_scheduler]:   [Abstract] 车#7 → lanelet(118, 119) method=shared_boundary_id | lateral=2.926m longitudinal=0.024m distance=2.926m dot=-1.0000 normal=1.0000 boundary_gap=-1.0000m parallel_samples=3
[charge_scheduler-1] [INFO] [1785755890.238762427] [charge_scheduler]:   [Abstract] 车#8 → lanelet(9285, 9232) method=geometric_boundary | lateral=2.989m longitudinal=0.203m distance=2.996m dot=-1.0000 normal=0.9977 boundary_gap=0.0000m parallel_samples=3
[charge_scheduler-1] [INFO] [1785755890.250155112] [charge_scheduler]:   [Abstract] 车#9 → lanelet(133, 134) method=geometric_boundary | lateral=2.987m longitudinal=0.006m distance=2.987m dot=-1.0000 normal=1.0000 boundary_gap=0.0000m parallel_samples=3
[charge_scheduler-1] [INFO] [1785755890.261573703] [charge_scheduler]:   [Abstract] 车#10 → lanelet(9286, 9232) method=geometric_boundary | lateral=2.990m longitudinal=0.131m distance=2.993m dot=-1.0000 normal=0.9990 boundary_gap=0.0000m parallel_samples=3
[charge_scheduler-1] [INFO] [1785755890.272946719] [charge_scheduler]:   [Abstract] 车#11 → lanelet(135, 136) method=geometric_boundary | lateral=3.100m longitudinal=0.047m distance=3.100m dot=-1.0000 normal=0.9999 boundary_gap=0.0000m parallel_samples=3
[charge_scheduler-1] [INFO] [1785755890.285077776] [charge_scheduler]:   [Abstract] 车#12 → lanelet(136, 135) method=geometric_boundary | lateral=3.099m longitudinal=0.045m distance=3.099m dot=-1.0000 normal=0.9999 boundary_gap=0.0000m parallel_samples=3
[charge_scheduler-1] [INFO] [1785755890.295835376] [charge_scheduler]:   [Abstract] 车#13 → lanelet(120, 121) method=shared_boundary_id | lateral=2.930m longitudinal=0.023m distance=2.930m dot=-1.0000 normal=1.0000 boundary_gap=-1.0000m parallel_samples=3
[charge_scheduler-1] [INFO] [1785755890.307147539] [charge_scheduler]:   [Abstract] 车#14 → lanelet(146, 147) method=geometric_boundary | lateral=2.983m longitudinal=0.224m distance=2.991m dot=-1.0000 normal=0.9972 boundary_gap=0.0000m parallel_samples=3
[charge_scheduler-1] [INFO] [1785755890.318615206] [charge_scheduler]:   [Abstract] 车#15 → lanelet(135, 136) method=geometric_boundary | lateral=3.099m longitudinal=0.045m distance=3.099m dot=-1.0000 normal=0.9999 boundary_gap=0.0000m parallel_samples=3
[charge_scheduler-1] [INFO] [1785755890.329045769] [charge_scheduler]:   [Abstract] 车#16 → lanelet(119, 118) method=shared_boundary_id | lateral=2.917m longitudinal=0.007m distance=2.917m dot=-1.0000 normal=1.0000 boundary_gap=-1.0000m parallel_samples=3
[charge_scheduler-1] [INFO] [1785755890.340872966] [charge_scheduler]:   [Abstract] 车#17 → lanelet(114, 115) method=shared_boundary_id | lateral=2.989m longitudinal=0.003m distance=2.989m dot=-1.0000 normal=1.0000 boundary_gap=-1.0000m parallel_samples=3
[charge_scheduler-1] [INFO] [1785755890.351588284] [charge_scheduler]:   [Abstract] 车#18 → lanelet(129, 130) method=shared_boundary_id | lateral=2.968m longitudinal=0.003m distance=2.968m dot=-1.0000 normal=1.0000 boundary_gap=-1.0000m parallel_samples=3
[charge_scheduler-1] [INFO] [1785755890.362159114] [charge_scheduler]:   [Abstract] 车#19 → lanelet(124, 125) method=shared_boundary_id | lateral=2.973m longitudinal=0.021m distance=2.973m dot=-1.0000 normal=1.0000 boundary_gap=-1.0000m parallel_samples=3
[charge_scheduler-1] [INFO] [1785755890.362182769] [charge_scheduler]:   [Abstract投影汇总] shared_boundary_id=10 geometric_boundary=10 normal_direction_fallback=0 station_single_lane=1 not_found=0
[charge_scheduler-1] [INFO] [1785755900.363903305] [charge_scheduler]: [Scheduler] 距离矩阵完成 21x21, 10242.7 ms | 模式=abstract | 真实不可达=0 抽象不可达=0 | 缺少对向投影节点=0 | 对向识别(ID/几何/法向)=10/10/0 | 单向驿站投影=1
[charge_scheduler-1] [INFO] [1785755900.363969715] [charge_scheduler]:   ✓ 比值自检：420 个 OD 满足 机动/直线≥1 | 均值=3.73 最大=54.86 (车#15→车#12)
[charge_scheduler-1] [INFO] [1785755900.364002279] [charge_scheduler]:   [Abstract诊断] 有限OD=420 | ABS<MAN=420 | ABS/MAN均值=0.598 最大=0.989 | 最大非对称差=97.333m
[charge_scheduler-1] [INFO] [1785755900.364018864] [charge_scheduler]: [Scheduler] 地图就绪, 190 条 lanelet（与下层一致）
[charge_scheduler-1] [INFO] [1785755900.364085531] [charge_scheduler]: ======== 开始VRPTW调度 20 辆车 ========
[charge_scheduler-1] [INFO] [1785755900.364094100] [charge_scheduler]:   规模20>8 → 启发式(alns)
[charge_scheduler-1] [INFO] [1785755911.798306541] [charge_scheduler]: [ALNS] objective_order=Tover,Nlate,Ctotal seed=4 iters=15000 | N_late=7(成功率65.0%) T_overtime=89.0min C_total=3519.6m | 趟数=8 makespan=387.0min
[charge_scheduler-1] [INFO] [1785755911.798363045] [charge_scheduler]:   求解耗时 11434.3 ms
[charge_scheduler-1] [INFO] [1785755911.798374399] [charge_scheduler]: ════════ 调度结果 ════════
[charge_scheduler-1] [INFO] [1785755911.798381592] [charge_scheduler]:   ★目标(字典序): objective_order=Tover,Nlate,Ctotal | N_late=7 辆 (按时成功率 13/20 = 65.0%)  T_overtime=89.0min  C_total=3519.6m
[charge_scheduler-1] [INFO] [1785755911.798390612] [charge_scheduler]:   附: 趟数=8 | makespan=387.0min | 能量可行=是
[charge_scheduler-1] [INFO] [1785755911.798404984] [charge_scheduler]:   [充电车2] 趟1: 站 → 车#8(到1.8/限196.0✓) → 车#3(到15.4/限32.0✓) → 车#1(到40.1/限96.0✓) → 车#7(到63.3/限64.0✓) → 站
[charge_scheduler-1] [INFO] [1785755911.798415815] [charge_scheduler]:   [充电车1] 趟2: 站 → 车#4(到3.8/限212.0✓) → 车#9(到14.7/限116.0✓) → 车#15(到41.9/限44.8✓) → 车#11(到67.1/限83.2✓) → 站
[charge_scheduler-1] [INFO] [1785755911.798424148] [charge_scheduler]:   [充电车2] 趟3: 站 → 车#18(到102.2/限102.4✓) → 车#13(到129.4/限128.8✗超时) → 车#16(到165.7/限184.8✓) → 站
[charge_scheduler-1] [INFO] [1785755911.798460922] [charge_scheduler]:   [充电车1] 趟4: 站 → 车#5(到127.0/限128.0✓) → 车#0(到171.1/限168.0✗超时) → 车#12(到208.1/限230.4✓) → 站
[charge_scheduler-1] [INFO] [1785755911.798467645] [charge_scheduler]:   [充电车2] 趟5: 站 → 车#6(到212.6/限176.0✗超时) → 车#10(到257.6/限224.0✗超时) → 站
[charge_scheduler-1] [INFO] [1785755911.798475160] [charge_scheduler]:   [充电车1] 趟6: 站 → 车#19(到247.2/限240.8✗超时) → 车#2(到283.5/限288.0✓) → 站
[charge_scheduler-1] [INFO] [1785755911.798482013] [charge_scheduler]:   [充电车1] 趟7: 站 → 车#17(到341.2/限339.2✗超时) → 站
[charge_scheduler-1] [INFO] [1785755911.798489999] [charge_scheduler]:   [充电车2] 趟8: 站 → 车#14(到307.4/限300.8✗超时) → 站
[charge_scheduler-1] [INFO] [1785755911.798495172] [charge_scheduler]: ════════════════════════
[charge_scheduler-1] [WARN] [1785755911.798529223] [charge_scheduler]: ════ 耦合消融重放：抽象路网定序 → 同K真实机动执行 ════
[charge_scheduler-1] [WARN] [1785755911.798535290] [charge_scheduler]:   【抽象路网仅生成顺序；K=2、能量、换电、分趟和并行时间线均按真实机动距离重新解码】
[charge_scheduler-1] [WARN] [1785755911.798541183] [charge_scheduler]:   N_late=12 (按时率 8/20 = 40.0%)   T_overtime=221.3min   C_total=5589.6m   makespan=406.1min   能量违规=0   objective_order=Tover,Nlate,Ctotal
[charge_scheduler-1] [WARN] [1785755911.798550603] [charge_scheduler]:   逐辆到达时刻（真实机动距离、同K解码）：
[charge_scheduler-1] [WARN] [1785755911.798556471] [charge_scheduler]:      车#0 到达 191.9 / 限 168.0 ✗超时
[charge_scheduler-1] [WARN] [1785755911.798563529] [charge_scheduler]:      车#1 到达 43.3 / 限 96.0 ✓
[charge_scheduler-1] [WARN] [1785755911.798570314] [charge_scheduler]:      车#2 到达 308.9 / 限 288.0 ✗超时
[charge_scheduler-1] [WARN] [1785755911.798577202] [charge_scheduler]:      车#3 到达 16.4 / 限 32.0 ✓
[charge_scheduler-1] [WARN] [1785755911.798584665] [charge_scheduler]:      车#4 到达 4.6 / 限 212.0 ✓
[charge_scheduler-1] [WARN] [1785755911.798591379] [charge_scheduler]:      车#5 到达 131.7 / 限 128.0 ✗超时
[charge_scheduler-1] [WARN] [1785755911.798597614] [charge_scheduler]:      车#6 到达 225.0 / 限 176.0 ✗超时
[charge_scheduler-1] [WARN] [1785755911.798604076] [charge_scheduler]:      车#7 到达 66.8 / 限 64.0 ✗超时
[charge_scheduler-1] [WARN] [1785755911.798610298] [charge_scheduler]:      车#8 到达 2.5 / 限 196.0 ✓
[charge_scheduler-1] [WARN] [1785755911.798616109] [charge_scheduler]:      车#9 到达 15.7 / 限 116.0 ✓
[charge_scheduler-1] [WARN] [1785755911.798622168] [charge_scheduler]:      车#10 到达 271.7 / 限 224.0 ✗超时
[charge_scheduler-1] [WARN] [1785755911.798628626] [charge_scheduler]:      车#11 到达 86.9 / 限 83.2 ✗超时
[charge_scheduler-1] [WARN] [1785755911.798635665] [charge_scheduler]:      车#12 到达 228.9 / 限 230.4 ✓
[charge_scheduler-1] [WARN] [1785755911.798642406] [charge_scheduler]:      车#13 到达 136.6 / 限 128.8 ✗超时
[charge_scheduler-1] [WARN] [1785755911.798648357] [charge_scheduler]:      车#14 到达 322.4 / 限 300.8 ✗超时
[charge_scheduler-1] [WARN] [1785755911.798654464] [charge_scheduler]:      车#15 到达 42.8 / 限 44.8 ✓
[charge_scheduler-1] [WARN] [1785755911.798660444] [charge_scheduler]:      车#16 到达 174.8 / 限 184.8 ✓
[charge_scheduler-1] [WARN] [1785755911.798666907] [charge_scheduler]:      车#17 到达 358.8 / 限 339.2 ✗超时
[charge_scheduler-1] [WARN] [1785755911.798673399] [charge_scheduler]:      车#18 到达 106.7 / 限 102.4 ✗超时
[charge_scheduler-1] [WARN] [1785755911.798680043] [charge_scheduler]:      车#19 到达 257.1 / 限 240.8 ✗超时
[charge_scheduler-1] [WARN] [1785755911.798691341] [charge_scheduler]:   抽象路网生成的固定访问顺序 = #4 #8 #9 #3 #1 #15 #7 #11 #18 #5 #13 #16 #0 #6 #12 #19 #10 #2 #14 #17 
[charge_scheduler-1] [WARN] [1785755911.798696989] [charge_scheduler]: ════════════════════════════════════════
[charge_scheduler-1] [INFO] [1785755911.798707911] [charge_scheduler]:   ⏱ 任务计时开始 (t=0)
[charge_scheduler-1] [INFO] [1785755911.799069243] [charge_scheduler]: [多车派发] 充电车1分配4趟、10辆目标车，开始独立逐任务派发
[charge_scheduler-1] [INFO] [1785755911.799163338] [charge_scheduler]:   → [充电车1] 第1/4趟 第1/4辆: 车#4 (3904.99,73793.46) | topic后缀=_1 | 承诺完成=13.73min
[charge_scheduler-1] [INFO] [1785755911.799443286] [charge_scheduler]: [多车派发] 充电车2分配4趟、10辆目标车，开始独立逐任务派发
[charge_scheduler-1] [INFO] [1785755911.799468099] [charge_scheduler]:   → [充电车2] 第1/4趟 第1/4辆: 车#8 (3764.73,73699.03) | topic后缀=_2 | 承诺完成=13.76min
