[INFO] [launch]: All log files can be found below /root/.ros/log/2026-08-03-11-50-03-222766-YYYY-23387
[INFO] [launch]: Default logging verbosity is set to INFO
[INFO] [charge_scheduler-1]: process started with pid [23391]
[charge_scheduler-1] [INFO] [1785757803.344446335] [charge_scheduler]: [目标顺序] objective_order=Tover,Nlate,Ctotal
[charge_scheduler-1] [INFO] [1785757803.344956226] [charge_scheduler]: [Scheduler] 30辆车 | 电池800.0kWh(20%=160.0 80%=640.0) | 充电360kW效率97% | 行驶0.6kWh/km | 桩350kW
[charge_scheduler-1] [INFO] [1785757803.344986748] [charge_scheduler]: [Scheduler] 站端周转: 换电 10 min(换后满电) | 单趟可用 640 kWh
[charge_scheduler-1] [INFO] [1785757803.344995343] [charge_scheduler]:   车#0 [电动装载机282|light] 位置(3889.6,73764.7) 容量282kWh 剩余35% | α=6→6min/% τ=168min → 需130.8kWh(充21.2min)
[charge_scheduler-1] [INFO] [1785757803.345009980] [charge_scheduler]:   车#1 [重型叉车|light] 位置(3778.9,73807.0) 容量200kWh 剩余20% | α=6→6min/% τ=96min → 需123.7kWh(充20.0min)
[charge_scheduler-1] [INFO] [1785757803.345022530] [charge_scheduler]:   车#2 [电动装载机350|light] 位置(3794.9,73804.6) 容量350kWh 剩余50% | α=6→6min/% τ=288min → 需108.2kWh(充17.5min)
[charge_scheduler-1] [INFO] [1785757803.345035000] [charge_scheduler]:   车#3 [重型叉车|light] 位置(3806.9,73760.3) 容量200kWh 剩余10% | α=6→6min/% τ=32min → 需144.3kWh(充23.3min)
[charge_scheduler-1] [INFO] [1785757803.345048147] [charge_scheduler]:   车#4 [电动装载机282|heavy→降级] 位置(3705.1,73758.2) 容量282kWh 剩余60% | α=3→6min/% τ=212min → 需58.1kWh(充9.4min)
[charge_scheduler-1] [INFO] [1785757803.345061114] [charge_scheduler]:   车#5 [电动装载机350|light] 位置(3756.5,73770.2) 容量350kWh 剩余25% | α=6→6min/% τ=128min → 需198.5kWh(充32.1min)
[charge_scheduler-1] [INFO] [1785757803.345073997] [charge_scheduler]:   车#6 [电动装载机350|heavy→降级] 位置(3887.4,73809.4) 容量350kWh 剩余40% | α=4→6min/% τ=176min → 需144.3kWh(充23.3min)
[charge_scheduler-1] [INFO] [1785757803.345085812] [charge_scheduler]:   车#7 [重型叉车|light] 位置(3899.0,73786.6) 容量200kWh 剩余15% | α=6→6min/% τ=64min → 需134.0kWh(充21.7min)
[charge_scheduler-1] [INFO] [1785757803.345098274] [charge_scheduler]:   车#8 [电动装载机282|heavy→降级] 位置(3689.7,73663.1) 容量282kWh 剩余55% | α=3→6min/% τ=196min → 需72.7kWh(充11.8min)
[charge_scheduler-1] [INFO] [1785757803.345111571] [charge_scheduler]:   车#9 [电动装载机282|heavy→降级] 位置(3748.4,73767.2) 容量282kWh 剩余30% | α=3→6min/% τ=116min → 需145.4kWh(充23.5min)
[charge_scheduler-1] [INFO] [1785757803.345123329] [charge_scheduler]:   车#10 [电动装载机282|light] 位置(3865.2,73751.0) 容量282kWh 剩余45% | α=6→6min/% τ=224min → 需101.8kWh(充16.4min)
[charge_scheduler-1] [INFO] [1785757803.345134705] [charge_scheduler]:   车#11 [电动装载机350|light] 位置(3785.0,73749.2) 容量350kWh 剩余18% | α=6→6min/% τ=83min → 需223.7kWh(充36.2min)
[charge_scheduler-1] [INFO] [1785757803.345146328] [charge_scheduler]:   车#12 [重型叉车|heavy→降级] 位置(3811.5,73799.9) 容量200kWh 剩余62% | α=3→6min/% τ=230min → 需37.1kWh(充6.0min)
[charge_scheduler-1] [INFO] [1785757803.345157534] [charge_scheduler]:   车#13 [电动装载机282|light] 位置(3810.8,73773.1) 容量282kWh 剩余28% | α=6→6min/% τ=129min → 需151.2kWh(充24.4min)
[charge_scheduler-1] [INFO] [1785757803.345168650] [charge_scheduler]:   车#14 [电动装载机350|light] 位置(3905.0,73793.5) 容量350kWh 剩余52% | α=6→6min/% τ=301min → 需101.0kWh(充16.3min)
[charge_scheduler-1] [INFO] [1785757803.345181823] [charge_scheduler]:   车#15 [重型叉车|light] 位置(3894.3,73756.9) 容量200kWh 剩余12% | α=6→6min/% τ=45min → 需140.2kWh(充22.7min)
[charge_scheduler-1] [INFO] [1785757803.345193033] [charge_scheduler]:   车#16 [电动装载机282|light] 位置(3818.5,73716.2) 容量282kWh 剩余38% | α=6→6min/% τ=185min → 需122.1kWh(充19.7min)
[charge_scheduler-1] [INFO] [1785757803.345204342] [charge_scheduler]:   车#17 [电动装载机350|light] 位置(3733.2,73772.4) 容量350kWh 剩余58% | α=6→6min/% τ=339min → 需79.4kWh(充12.8min)
[charge_scheduler-1] [INFO] [1785757803.345215262] [charge_scheduler]:   车#18 [重型叉车|heavy→降级] 位置(3764.7,73699.0) 容量200kWh 剩余22% | α=3→6min/% τ=102min → 需119.6kWh(充19.3min)
[charge_scheduler-1] [INFO] [1785757803.345227315] [charge_scheduler]:   车#19 [电动装载机282|light] 位置(3878.4,73747.9) 容量282kWh 剩余48% | α=6→6min/% τ=241min → 需93.0kWh(充15.0min)
[charge_scheduler-1] [INFO] [1785757803.345312449] [charge_scheduler]:   车#20 [电动装载机350|light] 位置(3740.3,73686.9) 容量350kWh 剩余33% | α=6→6min/% τ=179min → 需169.6kWh(充27.4min)
[charge_scheduler-1] [INFO] [1785757803.345327010] [charge_scheduler]:   车#21 [重型叉车|heavy→降级] 位置(3895.4,73811.9) 容量200kWh 剩余65% | α=3→6min/% τ=240min → 需30.9kWh(充5.0min)
[charge_scheduler-1] [INFO] [1785757803.345341276] [charge_scheduler]:   车#22 [电动装载机282|light] 位置(3876.0,73830.2) 容量282kWh 剩余16% | α=6→6min/% τ=62min → 需186.1kWh(充30.1min)
[charge_scheduler-1] [INFO] [1785757803.345354348] [charge_scheduler]:   车#23 [电动装载机350|light] 位置(3765.9,73790.3) 容量350kWh 剩余42% | α=6→6min/% τ=237min → 需137.1kWh(充22.2min)
[charge_scheduler-1] [INFO] [1785757803.345367202] [charge_scheduler]:   车#24 [重型叉车|heavy→降级] 位置(3637.1,73698.1) 容量200kWh 剩余25% | α=3→6min/% τ=112min → 需113.4kWh(充18.3min)
[charge_scheduler-1] [INFO] [1785757803.345380419] [charge_scheduler]:   车#25 [电动装载机282|light] 位置(3884.5,73833.1) 容量282kWh 剩余55% | α=6→6min/% τ=280min → 需72.7kWh(充11.8min)
[charge_scheduler-1] [INFO] [1785757803.345393245] [charge_scheduler]:   车#26 [电动装载机350|light] 位置(3699.3,73765.4) 容量350kWh 剩余30% | α=6→6min/% τ=160min → 需180.4kWh(充29.2min)
[charge_scheduler-1] [INFO] [1785757803.345406121] [charge_scheduler]:   车#27 [重型叉车|heavy→降级] 位置(3800.8,73717.7) 容量200kWh 剩余68% | α=3→6min/% τ=250min → 需24.7kWh(充4.0min)
[charge_scheduler-1] [INFO] [1785757803.345418400] [charge_scheduler]:   车#28 [电动装载机282|light] 位置(3825.0,73792.7) 容量282kWh 剩余20% | α=6→6min/% τ=84min → 需174.4kWh(充28.2min)
[charge_scheduler-1] [INFO] [1785757803.345433096] [charge_scheduler]:   车#29 [电动装载机350|light] 位置(3784.3,73759.0) 容量350kWh 剩余36% | α=6→6min/% τ=198min → 需158.8kWh(充25.7min)
[charge_scheduler-1] [INFO] [1785757803.355592080] [charge_scheduler]: [Scheduler] 闭环接口: threshold=10.0min | event_sim=off | policy=all | structured_feedback=optional (/task_planner/execution_event)
[charge_scheduler-1] [INFO] [1785757803.355638380] [charge_scheduler]: [Scheduler] 已启动, 等待地图...
[charge_scheduler-1] [INFO] [1785757803.355648891] [charge_scheduler]: [Scheduler] 充电车1接口: sequence/served/arrived_target/arrived_station/return_goal/task_complete 后缀=_1
[charge_scheduler-1] [INFO] [1785757803.355657529] [charge_scheduler]: [Scheduler] 充电车2接口: sequence/served/arrived_target/arrived_station/return_goal/task_complete 后缀=_2
[charge_scheduler-1] [INFO] [1785757803.355664996] [charge_scheduler]: [Scheduler] 充电车3接口: sequence/served/arrived_target/arrived_station/return_goal/task_complete 后缀=_3
[charge_scheduler-1] [INFO] [1785757803.447451137] [charge_scheduler]: [Scheduler] RoutingGraph 就绪
[charge_scheduler-1] [INFO] [1785757803.447985238] [charge_scheduler]: [Scheduler] 提取到 0 条虚线捷径
[charge_scheduler-1] [INFO] [1785757803.474755414] [charge_scheduler]: [Scheduler] 下层兼容增强图: 190 节点, 0 条虚线掉头边
[charge_scheduler-1] [INFO] [1785757824.615056260] [charge_scheduler]: [Scheduler] 距离矩阵完成 31x31, 21140.2 ms | 模式=euclid | 真实不可达=0 抽象不可达=0 | 缺少对向投影节点=0 | 对向识别(ID/几何/法向)=0/0/0 | 单向驿站投影=0
[charge_scheduler-1] [INFO] [1785757824.615124286] [charge_scheduler]:   ✓ 比值自检：930 个 OD 满足 机动/直线≥1 | 均值=4.11 最大=62.63 (车#0→车#15)
[charge_scheduler-1] [INFO] [1785757824.615135378] [charge_scheduler]: [Scheduler] 地图就绪, 190 条 lanelet（与下层一致）
[charge_scheduler-1] [INFO] [1785757824.615182046] [charge_scheduler]: ======== 开始VRPTW调度 30 辆车 ========
[charge_scheduler-1] [INFO] [1785757824.615187104] [charge_scheduler]:   规模30>8 → 启发式(alns)
[charge_scheduler-1] [INFO] [1785757872.988818932] [charge_scheduler]: [ALNS] objective_order=Tover,Nlate,Ctotal seed=1 iters=15000 | N_late=11(成功率63.3%) T_overtime=65.3min C_total=3773.4m | 趟数=11 makespan=378.1min
[charge_scheduler-1] [INFO] [1785757872.988861725] [charge_scheduler]:   求解耗时 48373.7 ms
[charge_scheduler-1] [INFO] [1785757872.988869309] [charge_scheduler]: ════════ 调度结果 ════════
[charge_scheduler-1] [INFO] [1785757872.988875155] [charge_scheduler]:   ★目标(字典序): objective_order=Tover,Nlate,Ctotal | N_late=11 辆 (按时成功率 19/30 = 63.3%)  T_overtime=65.3min  C_total=3773.4m
[charge_scheduler-1] [INFO] [1785757872.988908187] [charge_scheduler]:   附: 趟数=11 | makespan=378.1min | 能量可行=是
[charge_scheduler-1] [INFO] [1785757872.988918017] [charge_scheduler]:   [充电车2] 趟1: 站 → 车#8(到1.3/限196.0✓) → 车#12(到16.0/限230.4✓) → 车#28(到23.9/限84.0✓) → 车#22(到55.0/限61.6✓) → 站
[charge_scheduler-1] [INFO] [1785757872.988925407] [charge_scheduler]:   [充电车3] 趟2: 站 → 车#4(到0.3/限212.0✓) → 车#3(到11.3/限32.0✓) → 车#13(到35.4/限128.8✓) → 车#11(到63.4/限83.2✓) → 站
[charge_scheduler-1] [INFO] [1785757872.988931654] [charge_scheduler]:   [充电车1] 趟3: 站 → 车#21(到2.8/限240.0✓) → 车#6(到8.2/限176.0✓) → 车#15(到33.6/限44.8✓) → 车#7(到58.4/限64.0✓) → 车#1(到85.0/限96.0✓) → 站
[charge_scheduler-1] [INFO] [1785757872.988936467] [charge_scheduler]:   [充电车3] 趟4: 站 → 车#9(到116.8/限116.0✗超时) → 车#26(到152.8/限160.0✓) → 站
[charge_scheduler-1] [INFO] [1785757872.988942809] [charge_scheduler]:   [充电车2] 趟5: 站 → 车#18(到103.3/限102.4✗超时) → 车#5(到129.4/限128.0✗超时) → 车#16(到174.4/限184.8✓) → 站
[charge_scheduler-1] [INFO] [1785757872.988948147] [charge_scheduler]:   [充电车1] 趟6: 站 → 车#24(到122.1/限112.0✗超时) → 车#0(到151.0/限168.0✓) → 车#20(到187.4/限179.2✗超时) → 站
[charge_scheduler-1] [INFO] [1785757872.988952629] [charge_scheduler]:   [充电车3] 趟7: 站 → 车#29(到207.4/限198.4✗超时) → 车#19(到252.5/限240.8✗超时) → 站
[charge_scheduler-1] [INFO] [1785757872.988957414] [charge_scheduler]:   [充电车2] 趟8: 站 → 车#10(到222.4/限224.0✓) → 车#27(到258.6/限249.6✗超时) → 车#25(到285.8/限280.0✗超时) → 站
[charge_scheduler-1] [INFO] [1785757872.988961838] [charge_scheduler]:   [充电车1] 趟9: 站 → 车#23(到243.0/限236.8✗超时) → 车#2(到287.2/限288.0✓) → 站
[charge_scheduler-1] [INFO] [1785757872.988966104] [charge_scheduler]:   [充电车2] 趟10: 站 → 车#17(到334.3/限339.2✓) → 站
[charge_scheduler-1] [INFO] [1785757872.988970121] [charge_scheduler]:   [充电车3] 趟11: 站 → 车#14(到303.0/限300.8✗超时) → 站
[charge_scheduler-1] [INFO] [1785757872.988973412] [charge_scheduler]: ════════════════════════
[charge_scheduler-1] [WARN] [1785757872.989001979] [charge_scheduler]: ════ 耦合消融重放：欧氏距离定序 → 同K真实机动执行 ════
[charge_scheduler-1] [WARN] [1785757872.989005851] [charge_scheduler]:   【欧氏距离仅生成顺序；K=3、能量、换电、分趟和并行时间线均按真实机动距离重新解码】
[charge_scheduler-1] [WARN] [1785757872.989009901] [charge_scheduler]:   N_late=21 (按时率 9/30 = 30.0%)   T_overtime=595.7min   C_total=10761.5m   makespan=417.5min   能量违规=0   objective_order=Tover,Nlate,Ctotal
[charge_scheduler-1] [WARN] [1785757872.989016004] [charge_scheduler]:   逐辆到达时刻（真实机动距离、同K解码）：
[charge_scheduler-1] [WARN] [1785757872.989019622] [charge_scheduler]:      车#0 到达 174.9 / 限 168.0 ✗超时
[charge_scheduler-1] [WARN] [1785757872.989024002] [charge_scheduler]:      车#1 到达 117.8 / 限 96.0 ✗超时
[charge_scheduler-1] [WARN] [1785757872.989028072] [charge_scheduler]:      车#2 到达 337.2 / 限 288.0 ✗超时
[charge_scheduler-1] [WARN] [1785757872.989032126] [charge_scheduler]:      车#3 到达 16.2 / 限 32.0 ✓
[charge_scheduler-1] [WARN] [1785757872.989036531] [charge_scheduler]:      车#4 到达 2.1 / 限 212.0 ✓
[charge_scheduler-1] [WARN] [1785757872.989040347] [charge_scheduler]:      车#5 到达 151.8 / 限 128.0 ✗超时
[charge_scheduler-1] [WARN] [1785757872.989044350] [charge_scheduler]:      车#6 到达 16.3 / 限 176.0 ✓
[charge_scheduler-1] [WARN] [1785757872.989048287] [charge_scheduler]:      车#7 到达 75.9 / 限 64.0 ✗超时
[charge_scheduler-1] [WARN] [1785757872.989052232] [charge_scheduler]:      车#8 到达 5.0 / 限 196.0 ✓
[charge_scheduler-1] [WARN] [1785757872.989055971] [charge_scheduler]:      车#9 到达 136.2 / 限 116.0 ✗超时
[charge_scheduler-1] [WARN] [1785757872.989059948] [charge_scheduler]:      车#10 到达 248.7 / 限 224.0 ✗超时
[charge_scheduler-1] [WARN] [1785757872.989063899] [charge_scheduler]:      车#11 到达 80.0 / 限 83.2 ✓
[charge_scheduler-1] [WARN] [1785757872.989068518] [charge_scheduler]:      车#12 到达 21.1 / 限 230.4 ✓
[charge_scheduler-1] [WARN] [1785757872.989075166] [charge_scheduler]:      车#13 到达 46.2 / 限 128.8 ✓
[charge_scheduler-1] [WARN] [1785757872.989079270] [charge_scheduler]:      车#14 到达 337.8 / 限 300.8 ✗超时
[charge_scheduler-1] [WARN] [1785757872.989083307] [charge_scheduler]:      车#15 到达 45.6 / 限 44.8 ✗超时
[charge_scheduler-1] [WARN] [1785757872.989087245] [charge_scheduler]:      车#16 到达 210.3 / 限 184.8 ✗超时
[charge_scheduler-1] [WARN] [1785757872.989091360] [charge_scheduler]:      车#17 到达 371.8 / 限 339.2 ✗超时
[charge_scheduler-1] [WARN] [1785757872.989095389] [charge_scheduler]:      车#18 到达 123.0 / 限 102.4 ✗超时
[charge_scheduler-1] [WARN] [1785757872.989099370] [charge_scheduler]:      车#19 到达 282.6 / 限 240.8 ✗超时
[charge_scheduler-1] [WARN] [1785757872.989103591] [charge_scheduler]:      车#20 到达 227.7 / 限 179.2 ✗超时
[charge_scheduler-1] [WARN] [1785757872.989107583] [charge_scheduler]:      车#21 到达 4.2 / 限 240.0 ✓
[charge_scheduler-1] [WARN] [1785757872.989111313] [charge_scheduler]:      车#22 到达 71.1 / 限 61.6 ✗超时
[charge_scheduler-1] [WARN] [1785757872.989115274] [charge_scheduler]:      车#23 到达 277.3 / 限 236.8 ✗超时
[charge_scheduler-1] [WARN] [1785757872.989119250] [charge_scheduler]:      车#24 到达 147.8 / 限 112.0 ✗超时
[charge_scheduler-1] [WARN] [1785757872.989123209] [charge_scheduler]:      车#25 到达 331.9 / 限 280.0 ✗超时
[charge_scheduler-1] [WARN] [1785757872.989127134] [charge_scheduler]:      车#26 到达 176.9 / 限 160.0 ✗超时
[charge_scheduler-1] [WARN] [1785757872.989131077] [charge_scheduler]:      车#27 到达 289.5 / 限 249.6 ✗超时
[charge_scheduler-1] [WARN] [1785757872.989135016] [charge_scheduler]:      车#28 到达 36.9 / 限 84.0 ✓
[charge_scheduler-1] [WARN] [1785757872.989138993] [charge_scheduler]:      车#29 到达 234.5 / 限 198.4 ✗超时
[charge_scheduler-1] [WARN] [1785757872.989145770] [charge_scheduler]:   欧氏距离生成的固定访问顺序 = #21 #8 #4 #6 #3 #12 #28 #15 #13 #22 #7 #11 #1 #18 #9 #24 #5 #0 #26 #16 #20 #29 #10 #23 #19 #27 #25 #2 #14 #17 
[charge_scheduler-1] [WARN] [1785757872.989149224] [charge_scheduler]: ════════════════════════════════════════
[charge_scheduler-1] [INFO] [1785757872.989156912] [charge_scheduler]:   ⏱ 任务计时开始 (t=0)
[charge_scheduler-1] [INFO] [1785757872.989479081] [charge_scheduler]: [多车派发] 充电车1分配3趟、10辆目标车，开始独立逐任务派发
[charge_scheduler-1] [INFO] [1785757872.989531883] [charge_scheduler]:   → [充电车1] 第1/3趟 第1/5辆: 车#21 (3895.44,73811.86) | topic后缀=_1 | 承诺完成=8.11min
[charge_scheduler-1] [INFO] [1785757872.989825020] [charge_scheduler]: [多车派发] 充电车2分配4趟、11辆目标车，开始独立逐任务派发
[charge_scheduler-1] [INFO] [1785757872.989840050] [charge_scheduler]:   → [充电车2] 第1/4趟 第1/4辆: 车#8 (3689.66,73663.13) | topic后缀=_2 | 承诺完成=13.22min
[charge_scheduler-1] [INFO] [1785757872.990144126] [charge_scheduler]: [多车派发] 充电车3分配4趟、9辆目标车，开始独立逐任务派发
[charge_scheduler-1] [INFO] [1785757872.990161011] [charge_scheduler]:   → [充电车3] 第1/4趟 第1/4辆: 车#4 (3705.05,73758.23) | topic后缀=_3 | 承诺完成=9.78min
