[INFO] [launch]: All log files can be found below /root/.ros/log/2026-08-03-11-10-27-768233-YYYY-14402
[INFO] [launch]: Default logging verbosity is set to INFO
[INFO] [charge_scheduler-1]: process started with pid [14406]
[charge_scheduler-1] [INFO] [1785755427.901850797] [charge_scheduler]: [目标顺序] objective_order=Tover,Nlate,Ctotal
[charge_scheduler-1] [INFO] [1785755427.902454052] [charge_scheduler]: [Scheduler] 10辆车 | 电池800.0kWh(20%=160.0 80%=640.0) | 充电360kW效率97% | 行驶0.6kWh/km | 桩350kW
[charge_scheduler-1] [INFO] [1785755427.902484403] [charge_scheduler]: [Scheduler] 站端周转: 换电 10 min(换后满电) | 单趟可用 640 kWh
[charge_scheduler-1] [INFO] [1785755427.902495336] [charge_scheduler]:   车#0 [电动装载机282|light] 位置(3889.6,73764.7) 容量282kWh 剩余35% | α=6→6min/% τ=168min → 需130.8kWh(充21.2min)
[charge_scheduler-1] [INFO] [1785755427.902514363] [charge_scheduler]:   车#1 [重型叉车|light] 位置(3778.9,73807.0) 容量200kWh 剩余20% | α=6→6min/% τ=96min → 需123.7kWh(充20.0min)
[charge_scheduler-1] [INFO] [1785755427.902531223] [charge_scheduler]:   车#2 [电动装载机350|light] 位置(3794.9,73804.6) 容量350kWh 剩余50% | α=6→6min/% τ=288min → 需108.2kWh(充17.5min)
[charge_scheduler-1] [INFO] [1785755427.902547218] [charge_scheduler]:   车#3 [重型叉车|light] 位置(3806.9,73760.3) 容量200kWh 剩余10% | α=6→6min/% τ=32min → 需144.3kWh(充23.3min)
[charge_scheduler-1] [INFO] [1785755427.902564561] [charge_scheduler]:   车#4 [电动装载机282|heavy→降级] 位置(3705.1,73758.2) 容量282kWh 剩余60% | α=3→6min/% τ=212min → 需58.1kWh(充9.4min)
[charge_scheduler-1] [INFO] [1785755427.902580756] [charge_scheduler]:   车#5 [电动装载机350|light] 位置(3756.5,73770.2) 容量350kWh 剩余25% | α=6→6min/% τ=128min → 需198.5kWh(充32.1min)
[charge_scheduler-1] [INFO] [1785755427.902595904] [charge_scheduler]:   车#6 [电动装载机350|heavy→降级] 位置(3887.4,73809.4) 容量350kWh 剩余40% | α=4→6min/% τ=176min → 需144.3kWh(充23.3min)
[charge_scheduler-1] [INFO] [1785755427.902611816] [charge_scheduler]:   车#7 [重型叉车|light] 位置(3899.0,73786.6) 容量200kWh 剩余15% | α=6→6min/% τ=64min → 需134.0kWh(充21.7min)
[charge_scheduler-1] [INFO] [1785755427.902627578] [charge_scheduler]:   车#8 [电动装载机282|heavy→降级] 位置(3689.7,73663.1) 容量282kWh 剩余55% | α=3→6min/% τ=196min → 需72.7kWh(充11.8min)
[charge_scheduler-1] [INFO] [1785755427.902643271] [charge_scheduler]:   车#9 [电动装载机282|heavy→降级] 位置(3748.4,73767.2) 容量282kWh 剩余30% | α=3→6min/% τ=116min → 需145.4kWh(充23.5min)
[charge_scheduler-1] [INFO] [1785755427.911297875] [charge_scheduler]: [Scheduler] 闭环接口: threshold=10.0min | event_sim=off | policy=all | structured_feedback=optional (/task_planner/execution_event)
[charge_scheduler-1] [INFO] [1785755427.911345477] [charge_scheduler]: [Scheduler] 已启动, 等待地图...
[charge_scheduler-1] [INFO] [1785755427.911353792] [charge_scheduler]: [Scheduler] 充电车1接口: sequence/served/arrived_target/arrived_station/return_goal/task_complete 后缀=_1
[charge_scheduler-1] [INFO] [1785755428.012664631] [charge_scheduler]: [Scheduler] RoutingGraph 就绪
[charge_scheduler-1] [INFO] [1785755428.013100600] [charge_scheduler]: [Scheduler] 提取到 0 条虚线捷径
[charge_scheduler-1] [INFO] [1785755428.041951970] [charge_scheduler]: [Scheduler] 下层兼容增强图: 190 节点, 0 条虚线掉头边
[charge_scheduler-1] [INFO] [1785755430.571665271] [charge_scheduler]: [Scheduler] 距离矩阵完成 11x11, 2529.6 ms | 模式=euclid | 真实不可达=0 抽象不可达=0 | 缺少对向投影节点=0 | 对向识别(ID/几何/法向)=0/0/0 | 单向驿站投影=0
[charge_scheduler-1] [INFO] [1785755430.571715553] [charge_scheduler]:   ✓ 比值自检：110 个 OD 满足 机动/直线≥1 | 均值=3.53 最大=42.54 (车#9→车#5)
[charge_scheduler-1] [INFO] [1785755430.571726058] [charge_scheduler]: [Scheduler] 地图就绪, 190 条 lanelet（与下层一致）
[charge_scheduler-1] [INFO] [1785755430.571761994] [charge_scheduler]: ======== 开始VRPTW调度 10 辆车 ========
[charge_scheduler-1] [INFO] [1785755430.571766930] [charge_scheduler]:   规模10>8 → 启发式(alns)
[charge_scheduler-1] [INFO] [1785755431.948225991] [charge_scheduler]: [ALNS] objective_order=Tover,Nlate,Ctotal seed=10 iters=8000 | N_late=4(成功率60.0%) T_overtime=143.2min C_total=1252.5m | 趟数=4 makespan=346.6min
[charge_scheduler-1] [INFO] [1785755431.948277616] [charge_scheduler]:   求解耗时 1376.5 ms
[charge_scheduler-1] [INFO] [1785755431.948284790] [charge_scheduler]: ════════ 调度结果 ════════
[charge_scheduler-1] [INFO] [1785755431.948289681] [charge_scheduler]:   ★目标(字典序): objective_order=Tover,Nlate,Ctotal | N_late=4 辆 (按时成功率 6/10 = 60.0%)  T_overtime=143.2min  C_total=1252.5m
[charge_scheduler-1] [INFO] [1785755431.948327484] [charge_scheduler]:   附: 趟数=4 | makespan=346.6min | 能量可行=是
[charge_scheduler-1] [INFO] [1785755431.948337857] [charge_scheduler]:   趟1: 站 → 车#4(到0.3/限212.0✓) → 车#8(到11.2/限196.0✓) → 车#3(到26.9/限32.0✓) → 车#7(到53.1/限64.0✓) → 车#1(到79.3/限96.0✓) → 站
[charge_scheduler-1] [INFO] [1785755431.948343697] [charge_scheduler]:   趟2: 站 → 车#9(到115.3/限116.0✓) → 车#5(到150.6/限128.0✗超时) → 站
[charge_scheduler-1] [INFO] [1785755431.948348711] [charge_scheduler]:   趟3: 站 → 车#0(到207.6/限168.0✗超时) → 车#6(到243.5/限176.0✗超时) → 站
[charge_scheduler-1] [INFO] [1785755431.948352702] [charge_scheduler]:   趟4: 站 → 车#2(到301.4/限288.0✗超时) → 站
[charge_scheduler-1] [INFO] [1785755431.948358504] [charge_scheduler]: ════════════════════════
[charge_scheduler-1] [WARN] [1785755431.948378961] [charge_scheduler]: ════ 耦合消融重放：欧氏距离定序 → 同K真实机动执行 ════
[charge_scheduler-1] [WARN] [1785755431.948382896] [charge_scheduler]:   【欧氏距离仅生成顺序；K=1、能量、换电、分趟和并行时间线均按真实机动距离重新解码】
[charge_scheduler-1] [WARN] [1785755431.948386845] [charge_scheduler]:   N_late=6 (按时率 4/10 = 40.0%)   T_overtime=254.9min   C_total=3140.9m   makespan=377.2min   能量违规=0   objective_order=Tover,Nlate,Ctotal
[charge_scheduler-1] [WARN] [1785755431.948393620] [charge_scheduler]:   逐辆到达时刻（真实机动距离、同K解码）：
[charge_scheduler-1] [WARN] [1785755431.948397247] [charge_scheduler]:      车#0 到达 230.2 / 限 168.0 ✗超时
[charge_scheduler-1] [WARN] [1785755431.948401588] [charge_scheduler]:      车#1 到达 91.5 / 限 96.0 ✓
[charge_scheduler-1] [WARN] [1785755431.948405857] [charge_scheduler]:      车#2 到达 330.8 / 限 288.0 ✗超时
[charge_scheduler-1] [WARN] [1785755431.948409980] [charge_scheduler]:      车#3 到达 33.0 / 限 32.0 ✗超时
[charge_scheduler-1] [WARN] [1785755431.948414062] [charge_scheduler]:      车#4 到达 2.1 / 限 212.0 ✓
[charge_scheduler-1] [WARN] [1785755431.948418172] [charge_scheduler]:      车#5 到达 171.6 / 限 128.0 ✗超时
[charge_scheduler-1] [WARN] [1785755431.948422256] [charge_scheduler]:      车#6 到达 266.5 / 限 176.0 ✗超时
[charge_scheduler-1] [WARN] [1785755431.948426252] [charge_scheduler]:      车#7 到达 61.6 / 限 64.0 ✓
[charge_scheduler-1] [WARN] [1785755431.948430282] [charge_scheduler]:      车#8 到达 15.3 / 限 196.0 ✓
[charge_scheduler-1] [WARN] [1785755431.948434309] [charge_scheduler]:      车#9 到达 130.8 / 限 116.0 ✗超时
[charge_scheduler-1] [WARN] [1785755431.948439571] [charge_scheduler]:   欧氏距离生成的固定访问顺序 = #4 #8 #3 #7 #1 #9 #5 #0 #6 #2 
[charge_scheduler-1] [WARN] [1785755431.948443073] [charge_scheduler]: ════════════════════════════════════════
[charge_scheduler-1] [INFO] [1785755431.948449346] [charge_scheduler]:   ⏱ 任务计时开始 (t=0)
[charge_scheduler-1] [INFO] [1785755431.948934594] [charge_scheduler]:   → 趟1 第1辆: 车#4 [电动装载机282] (3705.05,73758.23) 容量282.00kWh 剩余60% | 承诺完成=9.78min plan_v=0
