[INFO] [launch]: All log files can be found below /root/.ros/log/2026-08-03-11-20-50-174352-YYYY-17491
[INFO] [launch]: Default logging verbosity is set to INFO
[INFO] [charge_scheduler-1]: process started with pid [17495]
[charge_scheduler-1] [INFO] [1785756050.307019037] [charge_scheduler]: [目标顺序] objective_order=Tover,Nlate,Ctotal
[charge_scheduler-1] [INFO] [1785756050.308259127] [charge_scheduler]: [Scheduler] 20辆车 | 电池800.0kWh(20%=160.0 80%=640.0) | 充电360kW效率97% | 行驶0.6kWh/km | 桩350kW
[charge_scheduler-1] [INFO] [1785756050.308313745] [charge_scheduler]: [Scheduler] 站端周转: 换电 10 min(换后满电) | 单趟可用 640 kWh
[charge_scheduler-1] [INFO] [1785756050.308333273] [charge_scheduler]:   车#0 [电动装载机282|light] 位置(3865.2,73751.0) 容量282kWh 剩余35% | α=6→6min/% τ=168min → 需130.8kWh(充21.2min)
[charge_scheduler-1] [INFO] [1785756050.308359431] [charge_scheduler]:   车#1 [重型叉车|light] 位置(3785.0,73749.2) 容量200kWh 剩余20% | α=6→6min/% τ=96min → 需123.7kWh(充20.0min)
[charge_scheduler-1] [INFO] [1785756050.308382312] [charge_scheduler]:   车#2 [电动装载机350|light] 位置(3811.5,73799.9) 容量350kWh 剩余50% | α=6→6min/% τ=288min → 需108.2kWh(充17.5min)
[charge_scheduler-1] [INFO] [1785756050.308403167] [charge_scheduler]:   车#3 [重型叉车|light] 位置(3810.8,73773.1) 容量200kWh 剩余10% | α=6→6min/% τ=32min → 需144.3kWh(充23.3min)
[charge_scheduler-1] [INFO] [1785756050.308424262] [charge_scheduler]:   车#4 [电动装载机282|heavy→降级] 位置(3905.0,73793.5) 容量282kWh 剩余60% | α=3→6min/% τ=212min → 需58.1kWh(充9.4min)
[charge_scheduler-1] [INFO] [1785756050.308445002] [charge_scheduler]:   车#5 [电动装载机350|light] 位置(3894.3,73756.9) 容量350kWh 剩余25% | α=6→6min/% τ=128min → 需198.5kWh(充32.1min)
[charge_scheduler-1] [INFO] [1785756050.308470942] [charge_scheduler]:   车#6 [电动装载机350|heavy→降级] 位置(3818.5,73716.2) 容量350kWh 剩余40% | α=4→6min/% τ=176min → 需144.3kWh(充23.3min)
[charge_scheduler-1] [INFO] [1785756050.308490699] [charge_scheduler]:   车#7 [重型叉车|light] 位置(3733.2,73772.4) 容量200kWh 剩余15% | α=6→6min/% τ=64min → 需134.0kWh(充21.7min)
[charge_scheduler-1] [INFO] [1785756050.308510909] [charge_scheduler]:   车#8 [电动装载机282|heavy→降级] 位置(3764.7,73699.0) 容量282kWh 剩余55% | α=3→6min/% τ=196min → 需72.7kWh(充11.8min)
[charge_scheduler-1] [INFO] [1785756050.308530783] [charge_scheduler]:   车#9 [电动装载机282|heavy→降级] 位置(3878.4,73747.9) 容量282kWh 剩余30% | α=3→6min/% τ=116min → 需145.4kWh(充23.5min)
[charge_scheduler-1] [INFO] [1785756050.308549554] [charge_scheduler]:   车#10 [电动装载机282|light] 位置(3740.3,73686.9) 容量282kWh 剩余45% | α=6→6min/% τ=224min → 需101.8kWh(充16.4min)
[charge_scheduler-1] [INFO] [1785756050.308568846] [charge_scheduler]:   车#11 [电动装载机350|light] 位置(3895.4,73811.9) 容量350kWh 剩余18% | α=6→6min/% τ=83min → 需223.7kWh(充36.2min)
[charge_scheduler-1] [INFO] [1785756050.308593147] [charge_scheduler]:   车#12 [重型叉车|heavy→降级] 位置(3876.0,73830.2) 容量200kWh 剩余62% | α=3→6min/% τ=230min → 需37.1kWh(充6.0min)
[charge_scheduler-1] [INFO] [1785756050.308612719] [charge_scheduler]:   车#13 [电动装载机282|light] 位置(3765.9,73790.3) 容量282kWh 剩余28% | α=6→6min/% τ=129min → 需151.2kWh(充24.4min)
[charge_scheduler-1] [INFO] [1785756050.308632338] [charge_scheduler]:   车#14 [电动装载机350|light] 位置(3637.1,73698.1) 容量350kWh 剩余52% | α=6→6min/% τ=301min → 需101.0kWh(充16.3min)
[charge_scheduler-1] [INFO] [1785756050.308651895] [charge_scheduler]:   车#15 [重型叉车|light] 位置(3884.5,73833.1) 容量200kWh 剩余12% | α=6→6min/% τ=45min → 需140.2kWh(充22.7min)
[charge_scheduler-1] [INFO] [1785756050.308671731] [charge_scheduler]:   车#16 [电动装载机282|light] 位置(3699.3,73765.4) 容量282kWh 剩余38% | α=6→6min/% τ=185min → 需122.1kWh(充19.7min)
[charge_scheduler-1] [INFO] [1785756050.308690307] [charge_scheduler]:   车#17 [电动装载机350|light] 位置(3800.8,73717.7) 容量350kWh 剩余58% | α=6→6min/% τ=339min → 需79.4kWh(充12.8min)
[charge_scheduler-1] [INFO] [1785756050.308708703] [charge_scheduler]:   车#18 [重型叉车|heavy→降级] 位置(3825.0,73792.7) 容量200kWh 剩余22% | α=3→6min/% τ=102min → 需119.6kWh(充19.3min)
[charge_scheduler-1] [INFO] [1785756050.308736816] [charge_scheduler]:   车#19 [电动装载机282|light] 位置(3784.3,73759.0) 容量282kWh 剩余48% | α=6→6min/% τ=241min → 需93.0kWh(充15.0min)
[charge_scheduler-1] [INFO] [1785756050.322375822] [charge_scheduler]: [Scheduler] 闭环接口: threshold=10.0min | event_sim=off | policy=all | structured_feedback=optional (/task_planner/execution_event)
[charge_scheduler-1] [INFO] [1785756050.322435588] [charge_scheduler]: [Scheduler] 已启动, 等待地图...
[charge_scheduler-1] [INFO] [1785756050.322458298] [charge_scheduler]: [Scheduler] 充电车1接口: sequence/served/arrived_target/arrived_station/return_goal/task_complete 后缀=_1
[charge_scheduler-1] [INFO] [1785756050.322475583] [charge_scheduler]: [Scheduler] 充电车2接口: sequence/served/arrived_target/arrived_station/return_goal/task_complete 后缀=_2
[charge_scheduler-1] [INFO] [1785756050.413716967] [charge_scheduler]: [Scheduler] RoutingGraph 就绪
[charge_scheduler-1] [INFO] [1785756050.414136887] [charge_scheduler]: [Scheduler] 提取到 0 条虚线捷径
[charge_scheduler-1] [INFO] [1785756050.442561663] [charge_scheduler]: [Scheduler] 下层兼容增强图: 190 节点, 0 条虚线掉头边
[charge_scheduler-1] [INFO] [1785756059.896695816] [charge_scheduler]: [Scheduler] 距离矩阵完成 21x21, 9454.1 ms | 模式=euclid | 真实不可达=0 抽象不可达=0 | 缺少对向投影节点=0 | 对向识别(ID/几何/法向)=0/0/0 | 单向驿站投影=0
[charge_scheduler-1] [INFO] [1785756059.896752624] [charge_scheduler]:   ✓ 比值自检：420 个 OD 满足 机动/直线≥1 | 均值=3.73 最大=54.86 (车#15→车#12)
[charge_scheduler-1] [INFO] [1785756059.896765537] [charge_scheduler]: [Scheduler] 地图就绪, 190 条 lanelet（与下层一致）
[charge_scheduler-1] [INFO] [1785756059.896813356] [charge_scheduler]: ======== 开始VRPTW调度 20 辆车 ========
[charge_scheduler-1] [INFO] [1785756059.896818380] [charge_scheduler]:   规模20>8 → 启发式(alns)
[charge_scheduler-1] [INFO] [1785756071.314845589] [charge_scheduler]: [ALNS] objective_order=Tover,Nlate,Ctotal seed=1 iters=15000 | N_late=3(成功率85.0%) T_overtime=54.9min C_total=2433.0m | 趟数=8 makespan=377.5min
[charge_scheduler-1] [INFO] [1785756071.314892915] [charge_scheduler]:   求解耗时 11418.1 ms
[charge_scheduler-1] [INFO] [1785756071.314900138] [charge_scheduler]: ════════ 调度结果 ════════
[charge_scheduler-1] [INFO] [1785756071.314904762] [charge_scheduler]:   ★目标(字典序): objective_order=Tover,Nlate,Ctotal | N_late=3 辆 (按时成功率 17/20 = 85.0%)  T_overtime=54.9min  C_total=2433.0m
[charge_scheduler-1] [INFO] [1785756071.314910903] [charge_scheduler]:   附: 趟数=8 | makespan=377.5min | 能量可行=是
[charge_scheduler-1] [INFO] [1785756071.314921077] [charge_scheduler]:   [充电车1] 趟1: 站 → 车#8(到0.9/限196.0✓) → 车#3(到14.1/限32.0✓) → 车#1(到38.7/限96.0✓) → 车#7(到61.6/限64.0✓) → 站
[charge_scheduler-1] [INFO] [1785756071.314927398] [charge_scheduler]:   [充电车2] 趟2: 站 → 车#4(到2.9/限212.0✓) → 车#9(到13.5/限116.0✓) → 车#15(到40.2/限44.8✓) → 车#11(到65.4/限83.2✓) → 站
[charge_scheduler-1] [INFO] [1785756071.314932836] [charge_scheduler]:   [充电车1] 趟3: 站 → 车#18(到98.7/限102.4✓) → 车#13(到124.4/限128.8✓) → 车#16(到160.3/限184.8✓) → 站
[charge_scheduler-1] [INFO] [1785756071.314938229] [charge_scheduler]:   [充电车2] 趟4: 站 → 车#5(到122.9/限128.0✓) → 车#0(到166.6/限168.0✓) → 车#12(到203.0/限230.4✓) → 站
[charge_scheduler-1] [INFO] [1785756071.314943138] [charge_scheduler]:   [充电车1] 趟5: 站 → 车#6(到205.5/限176.0✗超时) → 车#19(到250.1/限240.8✗超时) → 站
[charge_scheduler-1] [INFO] [1785756071.314948162] [charge_scheduler]:   [充电车2] 趟6: 站 → 车#10(到240.1/限224.0✗超时) → 车#2(到277.4/限288.0✓) → 站
[charge_scheduler-1] [INFO] [1785756071.314952373] [charge_scheduler]:   [充电车1] 趟7: 站 → 车#14(到297.7/限300.8✓) → 站
[charge_scheduler-1] [INFO] [1785756071.314956350] [charge_scheduler]:   [充电车2] 趟8: 站 → 车#17(到333.0/限339.2✓) → 站
[charge_scheduler-1] [INFO] [1785756071.314959491] [charge_scheduler]: ════════════════════════
[charge_scheduler-1] [WARN] [1785756071.314979608] [charge_scheduler]: ════ 耦合消融重放：欧氏距离定序 → 同K真实机动执行 ════
[charge_scheduler-1] [WARN] [1785756071.314983754] [charge_scheduler]:   【欧氏距离仅生成顺序；K=2、能量、换电、分趟和并行时间线均按真实机动距离重新解码】
[charge_scheduler-1] [WARN] [1785756071.314987692] [charge_scheduler]:   N_late=12 (按时率 8/20 = 40.0%)   T_overtime=221.4min   C_total=5598.9m   makespan=405.9min   能量违规=0   objective_order=Tover,Nlate,Ctotal
[charge_scheduler-1] [WARN] [1785756071.315018469] [charge_scheduler]:   逐辆到达时刻（真实机动距离、同K解码）：
[charge_scheduler-1] [WARN] [1785756071.315022284] [charge_scheduler]:      车#0 到达 191.9 / 限 168.0 ✗超时
[charge_scheduler-1] [WARN] [1785756071.315026907] [charge_scheduler]:      车#1 到达 43.3 / 限 96.0 ✓
[charge_scheduler-1] [WARN] [1785756071.315031229] [charge_scheduler]:      车#2 到达 308.6 / 限 288.0 ✗超时
[charge_scheduler-1] [WARN] [1785756071.315036154] [charge_scheduler]:      车#3 到达 16.4 / 限 32.0 ✓
[charge_scheduler-1] [WARN] [1785756071.315040062] [charge_scheduler]:      车#4 到达 4.6 / 限 212.0 ✓
[charge_scheduler-1] [WARN] [1785756071.315043969] [charge_scheduler]:      车#5 到达 131.7 / 限 128.0 ✗超时
[charge_scheduler-1] [WARN] [1785756071.315048017] [charge_scheduler]:      车#6 到达 225.0 / 限 176.0 ✗超时
[charge_scheduler-1] [WARN] [1785756071.315051973] [charge_scheduler]:      车#7 到达 66.8 / 限 64.0 ✗超时
[charge_scheduler-1] [WARN] [1785756071.315055941] [charge_scheduler]:      车#8 到达 2.5 / 限 196.0 ✓
[charge_scheduler-1] [WARN] [1785756071.315059696] [charge_scheduler]:      车#9 到达 15.7 / 限 116.0 ✓
[charge_scheduler-1] [WARN] [1785756071.315063722] [charge_scheduler]:      车#10 到达 258.7 / 限 224.0 ✗超时
[charge_scheduler-1] [WARN] [1785756071.315068714] [charge_scheduler]:      车#11 到达 86.9 / 限 83.2 ✗超时
[charge_scheduler-1] [WARN] [1785756071.315072727] [charge_scheduler]:      车#12 到达 228.9 / 限 230.4 ✓
[charge_scheduler-1] [WARN] [1785756071.315076845] [charge_scheduler]:      车#13 到达 136.6 / 限 128.8 ✗超时
[charge_scheduler-1] [WARN] [1785756071.315080954] [charge_scheduler]:      车#14 到达 322.8 / 限 300.8 ✗超时
[charge_scheduler-1] [WARN] [1785756071.315084969] [charge_scheduler]:      车#15 到达 42.8 / 限 44.8 ✓
[charge_scheduler-1] [WARN] [1785756071.315088941] [charge_scheduler]:      车#16 到达 174.8 / 限 184.8 ✓
[charge_scheduler-1] [WARN] [1785756071.315092861] [charge_scheduler]:      车#17 到达 358.6 / 限 339.2 ✗超时
[charge_scheduler-1] [WARN] [1785756071.315096878] [charge_scheduler]:      车#18 到达 106.7 / 限 102.4 ✗超时
[charge_scheduler-1] [WARN] [1785756071.315101759] [charge_scheduler]:      车#19 到达 270.3 / 限 240.8 ✗超时
[charge_scheduler-1] [WARN] [1785756071.315107756] [charge_scheduler]:   欧氏距离生成的固定访问顺序 = #8 #4 #3 #9 #1 #15 #7 #11 #18 #5 #13 #16 #0 #6 #12 #10 #19 #2 #14 #17 
[charge_scheduler-1] [WARN] [1785756071.315111412] [charge_scheduler]: ════════════════════════════════════════
[charge_scheduler-1] [INFO] [1785756071.315118479] [charge_scheduler]:   ⏱ 任务计时开始 (t=0)
[charge_scheduler-1] [INFO] [1785756071.315353782] [charge_scheduler]: [多车派发] 充电车1分配4趟、10辆目标车，开始独立逐任务派发
[charge_scheduler-1] [INFO] [1785756071.315403583] [charge_scheduler]:   → [充电车1] 第1/4趟 第1/4辆: 车#8 (3764.73,73699.03) | topic后缀=_1 | 承诺完成=12.82min
[charge_scheduler-1] [INFO] [1785756071.315633972] [charge_scheduler]: [多车派发] 充电车2分配4趟、10辆目标车，开始独立逐任务派发
[charge_scheduler-1] [INFO] [1785756071.315650927] [charge_scheduler]:   → [充电车2] 第1/4趟 第1/4辆: 车#4 (3904.99,73793.46) | topic后缀=_2 | 承诺完成=12.69min
