[INFO] [launch]: All log files can be found below /root/.ros/log/2026-08-03-11-08-26-071665-YYYY-13467
[INFO] [launch]: Default logging verbosity is set to INFO
[INFO] [charge_scheduler-1]: process started with pid [13471]
[charge_scheduler-1] [INFO] [1785755306.198990798] [charge_scheduler]: [目标顺序] objective_order=Tover,Nlate,Ctotal
[charge_scheduler-1] [INFO] [1785755306.199476487] [charge_scheduler]: [Scheduler] 10辆车 | 电池800.0kWh(20%=160.0 80%=640.0) | 充电360kW效率97% | 行驶0.6kWh/km | 桩350kW
[charge_scheduler-1] [INFO] [1785755306.199507194] [charge_scheduler]: [Scheduler] 站端周转: 换电 10 min(换后满电) | 单趟可用 640 kWh
[charge_scheduler-1] [INFO] [1785755306.199520899] [charge_scheduler]:   车#0 [电动装载机282|light] 位置(3889.6,73764.7) 容量282kWh 剩余35% | α=6→6min/% τ=168min → 需130.8kWh(充21.2min)
[charge_scheduler-1] [INFO] [1785755306.199537902] [charge_scheduler]:   车#1 [重型叉车|light] 位置(3778.9,73807.0) 容量200kWh 剩余20% | α=6→6min/% τ=96min → 需123.7kWh(充20.0min)
[charge_scheduler-1] [INFO] [1785755306.199551096] [charge_scheduler]:   车#2 [电动装载机350|light] 位置(3794.9,73804.6) 容量350kWh 剩余50% | α=6→6min/% τ=288min → 需108.2kWh(充17.5min)
[charge_scheduler-1] [INFO] [1785755306.199563468] [charge_scheduler]:   车#3 [重型叉车|light] 位置(3806.9,73760.3) 容量200kWh 剩余10% | α=6→6min/% τ=32min → 需144.3kWh(充23.3min)
[charge_scheduler-1] [INFO] [1785755306.199576038] [charge_scheduler]:   车#4 [电动装载机282|heavy→降级] 位置(3705.1,73758.2) 容量282kWh 剩余60% | α=3→6min/% τ=212min → 需58.1kWh(充9.4min)
[charge_scheduler-1] [INFO] [1785755306.199589370] [charge_scheduler]:   车#5 [电动装载机350|light] 位置(3756.5,73770.2) 容量350kWh 剩余25% | α=6→6min/% τ=128min → 需198.5kWh(充32.1min)
[charge_scheduler-1] [INFO] [1785755306.199602217] [charge_scheduler]:   车#6 [电动装载机350|heavy→降级] 位置(3887.4,73809.4) 容量350kWh 剩余40% | α=4→6min/% τ=176min → 需144.3kWh(充23.3min)
[charge_scheduler-1] [INFO] [1785755306.199616566] [charge_scheduler]:   车#7 [重型叉车|light] 位置(3899.0,73786.6) 容量200kWh 剩余15% | α=6→6min/% τ=64min → 需134.0kWh(充21.7min)
[charge_scheduler-1] [INFO] [1785755306.199628858] [charge_scheduler]:   车#8 [电动装载机282|heavy→降级] 位置(3689.7,73663.1) 容量282kWh 剩余55% | α=3→6min/% τ=196min → 需72.7kWh(充11.8min)
[charge_scheduler-1] [INFO] [1785755306.199641419] [charge_scheduler]:   车#9 [电动装载机282|heavy→降级] 位置(3748.4,73767.2) 容量282kWh 剩余30% | α=3→6min/% τ=116min → 需145.4kWh(充23.5min)
[charge_scheduler-1] [INFO] [1785755306.209396148] [charge_scheduler]: [Scheduler] 闭环接口: threshold=10.0min | event_sim=off | policy=all | structured_feedback=optional (/task_planner/execution_event)
[charge_scheduler-1] [INFO] [1785755306.209443813] [charge_scheduler]: [Scheduler] 已启动, 等待地图...
[charge_scheduler-1] [INFO] [1785755306.209453858] [charge_scheduler]: [Scheduler] 充电车1接口: sequence/served/arrived_target/arrived_station/return_goal/task_complete 后缀=_1
[charge_scheduler-1] [INFO] [1785755306.299525988] [charge_scheduler]: [Scheduler] RoutingGraph 就绪
[charge_scheduler-1] [INFO] [1785755306.299942737] [charge_scheduler]: [Scheduler] 提取到 0 条虚线捷径
[charge_scheduler-1] [INFO] [1785755306.328023827] [charge_scheduler]: [Scheduler] 下层兼容增强图: 190 节点, 0 条虚线掉头边
[charge_scheduler-1] [INFO] [1785755308.878384699] [charge_scheduler]: [Scheduler] 距离矩阵完成 11x11, 2550.3 ms | 模式=maneuver | 真实不可达=0 抽象不可达=0 | 缺少对向投影节点=0 | 对向识别(ID/几何/法向)=0/0/0 | 单向驿站投影=0
[charge_scheduler-1] [INFO] [1785755308.878429483] [charge_scheduler]:   ✓ 比值自检：110 个 OD 满足 机动/直线≥1 | 均值=3.53 最大=42.54 (车#9→车#5)
[charge_scheduler-1] [INFO] [1785755308.878440102] [charge_scheduler]: [Scheduler] 地图就绪, 190 条 lanelet（与下层一致）
[charge_scheduler-1] [INFO] [1785755308.878481779] [charge_scheduler]: ======== 开始VRPTW调度 10 辆车 ========
[charge_scheduler-1] [INFO] [1785755308.878486812] [charge_scheduler]:   规模10>8 → 启发式(alns)
[charge_scheduler-1] [INFO] [1785755310.224336712] [charge_scheduler]: [ALNS] objective_order=Tover,Nlate,Ctotal seed=7 iters=8000 | N_late=6(成功率40.0%) T_overtime=253.2min C_total=3254.8m | 趟数=4 makespan=378.9min
[charge_scheduler-1] [INFO] [1785755310.224398463] [charge_scheduler]:   求解耗时 1345.9 ms
[charge_scheduler-1] [INFO] [1785755310.224406760] [charge_scheduler]: ════════ 调度结果 ════════
[charge_scheduler-1] [INFO] [1785755310.224417930] [charge_scheduler]:   ★目标(字典序): objective_order=Tover,Nlate,Ctotal | N_late=6 辆 (按时成功率 4/10 = 40.0%)  T_overtime=253.2min  C_total=3254.8m
[charge_scheduler-1] [INFO] [1785755310.224459708] [charge_scheduler]:   附: 趟数=4 | makespan=378.9min | 能量可行=是
[charge_scheduler-1] [INFO] [1785755310.224471753] [charge_scheduler]:   趟1: 站 → 车#4(到2.1/限212.0✓) → 车#8(到15.3/限196.0✓) → 车#3(到33.0/限32.0✗超时) → 车#7(到61.6/限64.0✓) → 车#1(到91.5/限96.0✓) → 站
[charge_scheduler-1] [INFO] [1785755310.224478361] [charge_scheduler]:   趟2: 站 → 车#9(到130.8/限116.0✗超时) → 车#0(到169.5/限168.0✗超时) → 站
[charge_scheduler-1] [INFO] [1785755310.224484239] [charge_scheduler]:   趟3: 站 → 车#6(到224.3/限176.0✗超时) → 车#5(到271.1/限128.0✗超时) → 站
[charge_scheduler-1] [INFO] [1785755310.224488704] [charge_scheduler]:   趟4: 站 → 车#2(到332.5/限288.0✗超时) → 站
[charge_scheduler-1] [INFO] [1785755310.224493977] [charge_scheduler]: ════════════════════════
[charge_scheduler-1] [INFO] [1785755310.224500007] [charge_scheduler]:   ⏱ 任务计时开始 (t=0)
[charge_scheduler-1] [INFO] [1785755310.224980008] [charge_scheduler]:   → 趟1 第1辆: 车#4 [电动装载机282] (3705.05,73758.23) 容量282.00kWh 剩余60% | 承诺完成=11.77min plan_v=0
