[RUN_META] map=map1 experiment=E2 objective=OBJ-N method=ABS internal_mode=abstract scale=M20 K=2 seed=5 iters=15000
[RUN_META] case=./cases/charge_scheduler_M20_K2.param.yaml
[INFO] [launch]: All log files can be found below /root/.ros/log/2026-08-08-12-39-26-061674-YYYY-4820
[INFO] [launch]: Default logging verbosity is set to INFO
[INFO] [charge_scheduler-1]: process started with pid [4823]
[charge_scheduler-1] [INFO] [1786192766.205209785] [charge_scheduler]: [目标顺序] objective_order=Nlate,Tover,Ctotal
[charge_scheduler-1] [INFO] [1786192766.206542116] [charge_scheduler]: [Scheduler] 20辆车 | 电池800.0kWh(20%=160.0 80%=640.0) | 充电360kW效率97% | 行驶0.6kWh/km | 桩350kW
[charge_scheduler-1] [INFO] [1786192766.206609439] [charge_scheduler]: [Scheduler] 站端周转: 换电 10 min(换后满电) | 单趟可用 640 kWh
[charge_scheduler-1] [INFO] [1786192766.206637049] [charge_scheduler]:   车#0 [电动装载机282|light] 位置(-47.3,-2.6) 容量282kWh 剩余35% | α=6→6min/% τ=168min → 需130.8kWh(充21.2min)
[charge_scheduler-1] [INFO] [1786192766.206675186] [charge_scheduler]:   车#1 [重型叉车|light] 位置(-44.0,-64.1) 容量200kWh 剩余20% | α=6→6min/% τ=96min → 需123.7kWh(充20.0min)
[charge_scheduler-1] [INFO] [1786192766.206708768] [charge_scheduler]:   车#2 [电动装载机350|light] 位置(-51.1,-38.8) 容量350kWh 剩余50% | α=6→6min/% τ=288min → 需108.2kWh(充17.5min)
[charge_scheduler-1] [INFO] [1786192766.206740078] [charge_scheduler]:   车#3 [重型叉车|light] 位置(-71.0,-19.0) 容量200kWh 剩余10% | α=6→6min/% τ=32min → 需144.3kWh(充23.3min)
[charge_scheduler-1] [INFO] [1786192766.206770817] [charge_scheduler]:   车#4 [电动装载机282|heavy→降级] 位置(-93.3,6.6) 容量282kWh 剩余60% | α=3→6min/% τ=212min → 需58.1kWh(充9.4min)
[charge_scheduler-1] [INFO] [1786192766.206803325] [charge_scheduler]:   车#5 [电动装载机350|light] 位置(-104.4,47.7) 容量350kWh 剩余25% | α=6→6min/% τ=128min → 需198.5kWh(充32.1min)
[charge_scheduler-1] [INFO] [1786192766.206834309] [charge_scheduler]:   车#6 [电动装载机350|heavy→降级] 位置(-37.0,-75.1) 容量350kWh 剩余40% | α=4→6min/% τ=176min → 需144.3kWh(充23.3min)
[charge_scheduler-1] [INFO] [1786192766.206865387] [charge_scheduler]:   车#7 [重型叉车|light] 位置(-88.8,-37.1) 容量200kWh 剩余15% | α=6→6min/% τ=64min → 需134.0kWh(充21.7min)
[charge_scheduler-1] [INFO] [1786192766.206918561] [charge_scheduler]:   车#8 [电动装载机282|heavy→降级] 位置(-70.9,27.7) 容量282kWh 剩余55% | α=3→6min/% τ=196min → 需72.7kWh(充11.8min)
[charge_scheduler-1] [INFO] [1786192766.206954670] [charge_scheduler]:   车#9 [电动装载机282|heavy→降级] 位置(-35.4,-47.4) 容量282kWh 剩余30% | α=3→6min/% τ=116min → 需145.4kWh(充23.5min)
[charge_scheduler-1] [INFO] [1786192766.206984262] [charge_scheduler]:   车#10 [电动装载机282|light] 位置(-100.0,-1.0) 容量282kWh 剩余45% | α=6→6min/% τ=224min → 需101.8kWh(充16.4min)
[charge_scheduler-1] [INFO] [1786192766.207014326] [charge_scheduler]:   车#11 [电动装载机350|light] 位置(-72.8,-15.6) 容量350kWh 剩余18% | α=6→6min/% τ=83min → 需223.7kWh(充36.2min)
[charge_scheduler-1] [INFO] [1786192766.207043412] [charge_scheduler]:   车#12 [重型叉车|heavy→降级] 位置(-61.7,-20.7) 容量200kWh 剩余62% | α=3→6min/% τ=230min → 需37.1kWh(充6.0min)
[charge_scheduler-1] [INFO] [1786192766.207072248] [charge_scheduler]:   车#13 [电动装载机282|light] 位置(-133.0,-25.3) 容量282kWh 剩余28% | α=6→6min/% τ=129min → 需151.2kWh(充24.4min)
[charge_scheduler-1] [INFO] [1786192766.207114704] [charge_scheduler]:   车#14 [电动装载机350|light] 位置(-132.0,-8.9) 容量350kWh 剩余52% | α=6→6min/% τ=301min → 需101.0kWh(充16.3min)
[charge_scheduler-1] [INFO] [1786192766.207148448] [charge_scheduler]:   车#15 [重型叉车|light] 位置(-120.0,7.9) 容量200kWh 剩余12% | α=6→6min/% τ=45min → 需140.2kWh(充22.7min)
[charge_scheduler-1] [INFO] [1786192766.207181882] [charge_scheduler]:   车#16 [电动装载机282|light] 位置(-43.8,-82.9) 容量282kWh 剩余38% | α=6→6min/% τ=185min → 需122.1kWh(充19.7min)
[charge_scheduler-1] [INFO] [1786192766.207214810] [charge_scheduler]:   车#17 [电动装载机350|light] 位置(-31.1,-74.7) 容量350kWh 剩余58% | α=6→6min/% τ=339min → 需79.4kWh(充12.8min)
[charge_scheduler-1] [INFO] [1786192766.207247527] [charge_scheduler]:   车#18 [重型叉车|heavy→降级] 位置(-75.4,-68.2) 容量200kWh 剩余22% | α=3→6min/% τ=102min → 需119.6kWh(充19.3min)
[charge_scheduler-1] [INFO] [1786192766.207279887] [charge_scheduler]:   车#19 [电动装载机282|light] 位置(-88.2,47.1) 容量282kWh 剩余48% | α=6→6min/% τ=241min → 需93.0kWh(充15.0min)
[charge_scheduler-1] [INFO] [1786192766.226376812] [charge_scheduler]: [Scheduler] 闭环接口: threshold=2.0min | event_sim=off | policy=global | structured_feedback=optional (/task_planner/execution_event)
[charge_scheduler-1] [INFO] [1786192766.227222435] [charge_scheduler]: [Scheduler] 已启动, 等待地图...
[charge_scheduler-1] [INFO] [1786192766.227256052] [charge_scheduler]: [Scheduler] 充电车1接口: sequence/served/arrived_target/arrived_station/return_goal/task_complete 后缀=_1
[charge_scheduler-1] [INFO] [1786192766.227268918] [charge_scheduler]: [Scheduler] 充电车2接口: sequence/served/arrived_target/arrived_station/return_goal/task_complete 后缀=_2
[charge_scheduler-1] [INFO] [1786192766.443812043] [charge_scheduler]: [Scheduler] RoutingGraph 就绪
[charge_scheduler-1] [INFO] [1786192766.444078907] [charge_scheduler]: [Scheduler] 提取到 6 条虚线捷径
[charge_scheduler-1] [INFO] [1786192766.457600701] [charge_scheduler]: [Scheduler] 下层兼容增强图: 166 节点, 6 条虚线掉头边
[charge_scheduler-1] [INFO] [1786192766.457671614] [charge_scheduler]:   [Abstract参数] opposite_angle=25.0deg normal_angle=30.0deg search_radius=15.00m lateral=[1.00,12.00]m longitudinal<=3.00m parallel_span=4.00m boundary_gap<=0.500m
[charge_scheduler-1] [INFO] [1786192766.462132901] [charge_scheduler]:   [Abstract] 站 → lanelet(14, 29) method=shared_boundary_id | lateral=2.742m longitudinal=0.031m distance=2.742m dot=-1.0000 normal=0.9999 boundary_gap=-1.0000m parallel_samples=3
[charge_scheduler-1] [INFO] [1786192766.467891039] [charge_scheduler]:   [Abstract] 车#0 → lanelet(29, 14) method=shared_boundary_id | lateral=2.702m longitudinal=0.036m distance=2.702m dot=-1.0000 normal=0.9999 boundary_gap=-1.0000m parallel_samples=3
[charge_scheduler-1] [INFO] [1786192766.471940014] [charge_scheduler]:   [Abstract] 车#1 → lanelet(65, 66) method=shared_boundary_id | lateral=2.759m longitudinal=0.040m distance=2.760m dot=-1.0000 normal=0.9999 boundary_gap=-1.0000m parallel_samples=3
[charge_scheduler-1] [INFO] [1786192766.479134366] [charge_scheduler]:   [Abstract] 车#2 → lanelet(43, 44) method=shared_boundary_id | lateral=2.679m longitudinal=0.250m distance=2.691m dot=-1.0000 normal=0.9957 boundary_gap=-1.0000m parallel_samples=3
[charge_scheduler-1] [INFO] [1786192766.482759167] [charge_scheduler]:   [Abstract] 车#3 → lanelet(218, 219) method=shared_boundary_id | lateral=2.715m longitudinal=0.098m distance=2.717m dot=-1.0000 normal=0.9994 boundary_gap=-1.0000m parallel_samples=3
[charge_scheduler-1] [INFO] [1786192766.486402182] [charge_scheduler]:   [Abstract] 车#4 → lanelet(98, 99) method=shared_boundary_id | lateral=2.803m longitudinal=0.148m distance=2.807m dot=-1.0000 normal=0.9986 boundary_gap=-1.0000m parallel_samples=3
[charge_scheduler-1] [INFO] [1786192766.490320650] [charge_scheduler]:   [Abstract] 车#5 → lanelet(114, 106) method=shared_boundary_id | lateral=4.623m longitudinal=0.021m distance=4.623m dot=-1.0000 normal=1.0000 boundary_gap=-1.0000m parallel_samples=3
[charge_scheduler-1] [INFO] [1786192766.493544683] [charge_scheduler]:   [Abstract] 车#6 → lanelet(76, 77) method=shared_boundary_id | lateral=2.702m longitudinal=0.017m distance=2.702m dot=-1.0000 normal=1.0000 boundary_gap=-1.0000m parallel_samples=3
[charge_scheduler-1] [INFO] [1786192766.497430898] [charge_scheduler]:   [Abstract] 车#7 → lanelet(87, 88) method=shared_boundary_id | lateral=3.006m longitudinal=0.014m distance=3.006m dot=-1.0000 normal=1.0000 boundary_gap=-1.0000m parallel_samples=3
[charge_scheduler-1] [INFO] [1786192766.502406951] [charge_scheduler]:   [Abstract] 车#8 → lanelet(216, 217) method=shared_boundary_id | lateral=3.031m longitudinal=0.391m distance=3.056m dot=-1.0000 normal=0.9918 boundary_gap=-1.0000m parallel_samples=3
[charge_scheduler-1] [INFO] [1786192766.505888171] [charge_scheduler]:   [Abstract] 车#9 → lanelet(44, 43) method=shared_boundary_id | lateral=2.685m longitudinal=0.081m distance=2.686m dot=-1.0000 normal=0.9995 boundary_gap=-1.0000m parallel_samples=3
[charge_scheduler-1] [INFO] [1786192766.508981717] [charge_scheduler]:   [Abstract] 车#10 → lanelet(99, 98) method=shared_boundary_id | lateral=2.806m longitudinal=0.237m distance=2.816m dot=-1.0000 normal=0.9965 boundary_gap=-1.0000m parallel_samples=3
[charge_scheduler-1] [INFO] [1786192766.512103052] [charge_scheduler]:   [Abstract] 车#11 → lanelet(218, 219) method=shared_boundary_id | lateral=2.714m longitudinal=0.118m distance=2.716m dot=-1.0000 normal=0.9991 boundary_gap=-1.0000m parallel_samples=3
[charge_scheduler-1] [INFO] [1786192766.515358827] [charge_scheduler]:   [Abstract] 车#12 → lanelet(219, 218) method=shared_boundary_id | lateral=2.716m longitudinal=0.083m distance=2.717m dot=-1.0000 normal=0.9995 boundary_gap=-1.0000m parallel_samples=3
[charge_scheduler-1] [INFO] [1786192766.518662848] [charge_scheduler]:   [Abstract] 车#13 → lanelet(155, 154) method=shared_boundary_id | lateral=4.055m longitudinal=0.338m distance=4.069m dot=-1.0000 normal=0.9965 boundary_gap=-1.0000m parallel_samples=3
[charge_scheduler-1] [INFO] [1786192766.523327657] [charge_scheduler]:   [Abstract] 车#14 → lanelet(155, 154) method=shared_boundary_id | lateral=3.992m longitudinal=0.375m distance=4.009m dot=-1.0000 normal=0.9956 boundary_gap=-1.0000m parallel_samples=3
[charge_scheduler-1] [INFO] [1786192766.529087236] [charge_scheduler]:   [Abstract] 车#15 → lanelet(98, 99) method=shared_boundary_id | lateral=2.816m longitudinal=0.465m distance=2.854m dot=-1.0000 normal=0.9866 boundary_gap=-1.0000m parallel_samples=3
[charge_scheduler-1] [INFO] [1786192766.532871110] [charge_scheduler]:   [Abstract] 车#16 → lanelet(77, 76) method=shared_boundary_id | lateral=2.710m longitudinal=0.031m distance=2.710m dot=-1.0000 normal=0.9999 boundary_gap=-1.0000m parallel_samples=3
[charge_scheduler-1] [INFO] [1786192766.536050750] [charge_scheduler]:   [Abstract] 车#17 → lanelet(76, 77) method=shared_boundary_id | lateral=2.695m longitudinal=0.003m distance=2.695m dot=-1.0000 normal=1.0000 boundary_gap=-1.0000m parallel_samples=3
[charge_scheduler-1] [INFO] [1786192766.539281397] [charge_scheduler]:   [Abstract] 车#18 → lanelet(220, 221) method=shared_boundary_id | lateral=2.610m longitudinal=0.057m distance=2.610m dot=-1.0000 normal=0.9998 boundary_gap=-1.0000m parallel_samples=3
[charge_scheduler-1] [INFO] [1786192766.542678235] [charge_scheduler]:   [Abstract] 车#19 → lanelet(114, 106) method=shared_boundary_id | lateral=4.689m longitudinal=0.046m distance=4.690m dot=-1.0000 normal=1.0000 boundary_gap=-1.0000m parallel_samples=3
[charge_scheduler-1] [INFO] [1786192766.542694700] [charge_scheduler]:   [Abstract投影汇总] shared_boundary_id=21 geometric_boundary=0 normal_direction_fallback=0 station_single_lane=0 not_found=0
[charge_scheduler-1] [INFO] [1786192769.988894728] [charge_scheduler]: [Scheduler] 距离矩阵完成 21x21, 3531.2 ms | 模式=abstract | ECD不可达=0 DSP原始不可达=0 DSP虚线兜底=0 DSP最终不可达=0 抽象不可达=0 | 缺少对向投影节点=0 | 对向识别(ID/几何/法向)=21/0/0 | 单向驿站投影=0
[charge_scheduler-1] [INFO] [1786192769.988959155] [charge_scheduler]:   ✓ 比值自检：420 个 OD 满足 机动/直线≥1 | 均值=2.70 最大=41.42 (车#4→车#10)
[charge_scheduler-1] [INFO] [1786192769.988977683] [charge_scheduler]:   [Abstract诊断] 有限OD=420 | ABS<MAN=420 | ABS/MAN均值=0.679 最大=0.984 | 最大非对称差=174.334m
[charge_scheduler-1] [INFO] [1786192769.988990595] [charge_scheduler]: [Scheduler] 地图就绪, 166 条 lanelet（与下层一致）
[charge_scheduler-1] [INFO] [1786192769.989039355] [charge_scheduler]: ======== 开始VRPTW调度 20 辆车 ========
[charge_scheduler-1] [INFO] [1786192769.989044176] [charge_scheduler]:   规模20>8 → 启发式(alns)
[charge_scheduler-1] [INFO] [1786192783.029366466] [charge_scheduler]: [ALNS] objective_order=Nlate,Tover,Ctotal seed=5 iters=15000 | N_late=1(成功率95.0%) T_overtime=111.7min C_total=2886.4m | 趟数=7 makespan=379.8min
[charge_scheduler-1] [INFO] [1786192783.029428316] [charge_scheduler]:   求解耗时 13040.4 ms
[charge_scheduler-1] [INFO] [1786192783.029438817] [charge_scheduler]: ════════ 调度结果 ════════
[charge_scheduler-1] [INFO] [1786192783.029445812] [charge_scheduler]:   ★目标(字典序): objective_order=Nlate,Tover,Ctotal | N_late=1 辆 (按时成功率 19/20 = 95.0%)  T_overtime=111.7min  C_total=2886.4m
[charge_scheduler-1] [INFO] [1786192783.029454069] [charge_scheduler]:   附: 趟数=7 | makespan=379.8min | 能量可行=是
[charge_scheduler-1] [INFO] [1786192783.029468001] [charge_scheduler]:   [充电车2] 趟1: 站 → 车#4(到1.4/限212.0✓) → 车#3(到11.6/限32.0✓) → 车#15(到36.7/限44.8✓) → 车#11(到62.3/限83.2✓) → 站
[charge_scheduler-1] [INFO] [1786192783.029476907] [charge_scheduler]:   [充电车1] 趟2: 站 → 车#12(到1.3/限230.4✓) → 车#9(到8.3/限116.0✓) → 车#7(到33.8/限64.0✓) → 车#18(到57.9/限102.4✓) → 车#1(到81.0/限96.0✓) → 站
[charge_scheduler-1] [INFO] [1786192783.029513044] [charge_scheduler]:   [充电车2] 趟3: 站 → 车#0(到116.0/限168.0✓) → 车#6(到148.8/限176.0✓) → 站
[charge_scheduler-1] [INFO] [1786192783.029521101] [charge_scheduler]:   [充电车1] 趟4: 站 → 车#13(到119.8/限128.8✓) → 车#16(到156.4/限184.8✓) → 车#8(到191.2/限196.0✓) → 站
[charge_scheduler-1] [INFO] [1786192783.029526486] [charge_scheduler]:   [充电车2] 趟5: 站 → 车#10(到204.1/限224.0✓) → 车#19(到239.3/限240.8✓) → 站
[charge_scheduler-1] [INFO] [1786192783.029532072] [charge_scheduler]:   [充电车1] 趟6: 站 → 车#5(到239.7/限128.0✗超时) → 车#2(到285.6/限288.0✓) → 站
[charge_scheduler-1] [INFO] [1786192783.029536871] [charge_scheduler]:   [充电车2] 趟7: 站 → 车#14(到288.7/限300.8✓) → 车#17(到333.9/限339.2✓) → 站
[charge_scheduler-1] [INFO] [1786192783.029541128] [charge_scheduler]: ════════════════════════
[charge_scheduler-1] [WARN] [1786192783.029565316] [charge_scheduler]: ════ 耦合消融重放：抽象路网定序 → 同K ECD执行口径 ════
[charge_scheduler-1] [WARN] [1786192783.029570116] [charge_scheduler]:   【抽象路网仅生成顺序；K=2、能量、换电、分趟和并行时间线均按ECD执行一致机动距离重新解码】
[charge_scheduler-1] [WARN] [1786192783.029575248] [charge_scheduler]:   N_late=6 (按时率 14/20 = 70.0%)   T_overtime=178.9min   C_total=4717.3m   makespan=395.3min   能量违规=0   objective_order=Nlate,Tover,Ctotal
[charge_scheduler-1] [WARN] [1786192783.029582011] [charge_scheduler]:   逐辆到达时刻（ECD执行口径、同K解码）：
[charge_scheduler-1] [WARN] [1786192783.029586051] [charge_scheduler]:      车#0 到达 122.7 / 限 168.0 ✓
[charge_scheduler-1] [WARN] [1786192783.029591452] [charge_scheduler]:      车#1 到达 85.0 / 限 96.0 ✓
[charge_scheduler-1] [WARN] [1786192783.029596063] [charge_scheduler]:      车#2 到达 290.1 / 限 288.0 ✗超时
[charge_scheduler-1] [WARN] [1786192783.029600903] [charge_scheduler]:      车#3 到达 14.4 / 限 32.0 ✓
[charge_scheduler-1] [WARN] [1786192783.029605330] [charge_scheduler]:      车#4 到达 1.4 / 限 212.0 ✓
[charge_scheduler-1] [WARN] [1786192783.029609569] [charge_scheduler]:      车#5 到达 252.9 / 限 128.0 ✗超时
[charge_scheduler-1] [WARN] [1786192783.029614078] [charge_scheduler]:      车#6 到达 156.4 / 限 176.0 ✓
[charge_scheduler-1] [WARN] [1786192783.029618418] [charge_scheduler]:      车#7 到达 36.6 / 限 64.0 ✓
[charge_scheduler-1] [WARN] [1786192783.029622758] [charge_scheduler]:      车#8 到达 215.1 / 限 196.0 ✗超时
[charge_scheduler-1] [WARN] [1786192783.029627087] [charge_scheduler]:      车#9 到达 10.5 / 限 116.0 ✓
[charge_scheduler-1] [WARN] [1786192783.029631418] [charge_scheduler]:      车#10 到达 204.1 / 限 224.0 ✓
[charge_scheduler-1] [WARN] [1786192783.029636342] [charge_scheduler]:      车#11 到达 68.4 / 限 83.2 ✓
[charge_scheduler-1] [WARN] [1786192783.029640783] [charge_scheduler]:      车#12 到达 2.3 / 限 230.4 ✓
[charge_scheduler-1] [WARN] [1786192783.029644931] [charge_scheduler]:      车#13 到达 126.1 / 限 128.8 ✓
[charge_scheduler-1] [WARN] [1786192783.029649384] [charge_scheduler]:      车#14 到达 312.1 / 限 300.8 ✗超时
[charge_scheduler-1] [WARN] [1786192783.029653903] [charge_scheduler]:      车#15 到达 40.7 / 限 44.8 ✓
[charge_scheduler-1] [WARN] [1786192783.029658163] [charge_scheduler]:      车#16 到达 165.6 / 限 184.8 ✓
[charge_scheduler-1] [WARN] [1786192783.029662661] [charge_scheduler]:      车#17 到达 348.7 / 限 339.2 ✗超时
[charge_scheduler-1] [WARN] [1786192783.029666983] [charge_scheduler]:      车#18 到达 61.0 / 限 102.4 ✓
[charge_scheduler-1] [WARN] [1786192783.029671614] [charge_scheduler]:      车#19 到达 252.7 / 限 240.8 ✗超时
[charge_scheduler-1] [WARN] [1786192783.029678633] [charge_scheduler]:   抽象路网生成的固定访问顺序 = #12 #4 #9 #3 #7 #15 #18 #11 #1 #0 #13 #6 #16 #8 #10 #19 #5 #2 #14 #17 
[charge_scheduler-1] [WARN] [1786192783.029682649] [charge_scheduler]: ════════════════════════════════════════
[charge_scheduler-1] [INFO] [1786192783.029690093] [charge_scheduler]:   ⏱ 任务计时开始 (t=0)
[charge_scheduler-1] [INFO] [1786192783.029946331] [charge_scheduler]: [多车派发] 充电车1分配3趟、10辆目标车，开始独立逐任务派发
[charge_scheduler-1] [INFO] [1786192783.030001611] [charge_scheduler]:   → [充电车1] 第1/3趟 第1/5辆: 车#12 (-61.70,-20.70) | topic后缀=_1 | 承诺完成=7.45min
[charge_scheduler-1] [INFO] [1786192783.030228158] [charge_scheduler]: [多车派发] 充电车2分配4趟、10辆目标车，开始独立逐任务派发
[charge_scheduler-1] [INFO] [1786192783.030242539] [charge_scheduler]:   → [充电车2] 第1/4趟 第1/4辆: 车#4 (-93.30,6.61) | topic后缀=_2 | 承诺完成=10.99min
