[INFO] [launch]: All log files can be found below /root/.ros/log/2026-08-03-12-32-49-358255-YYYY-33330
[INFO] [launch]: Default logging verbosity is set to INFO
[INFO] [charge_scheduler-1]: process started with pid [33334]
[charge_scheduler-1] [INFO] [1785760369.482971328] [charge_scheduler]: [目标顺序] objective_order=Nlate,Tover,Ctotal
[charge_scheduler-1] [INFO] [1785760369.484225241] [charge_scheduler]: [Scheduler] 20辆车 | 电池800.0kWh(20%=160.0 80%=640.0) | 充电360kW效率97% | 行驶0.6kWh/km | 桩350kW
[charge_scheduler-1] [INFO] [1785760369.484273871] [charge_scheduler]: [Scheduler] 站端周转: 换电 10 min(换后满电) | 单趟可用 640 kWh
[charge_scheduler-1] [INFO] [1785760369.484282683] [charge_scheduler]:   车#0 [电动装载机282|light] 位置(3865.2,73751.0) 容量282kWh 剩余35% | α=6→6min/% τ=168min → 需130.8kWh(充21.2min)
[charge_scheduler-1] [INFO] [1785760369.484297458] [charge_scheduler]:   车#1 [重型叉车|light] 位置(3785.0,73749.2) 容量200kWh 剩余20% | α=6→6min/% τ=96min → 需123.7kWh(充20.0min)
[charge_scheduler-1] [INFO] [1785760369.484310009] [charge_scheduler]:   车#2 [电动装载机350|light] 位置(3811.5,73799.9) 容量350kWh 剩余50% | α=6→6min/% τ=288min → 需108.2kWh(充17.5min)
[charge_scheduler-1] [INFO] [1785760369.484322419] [charge_scheduler]:   车#3 [重型叉车|light] 位置(3810.8,73773.1) 容量200kWh 剩余10% | α=6→6min/% τ=32min → 需144.3kWh(充23.3min)
[charge_scheduler-1] [INFO] [1785760369.484345320] [charge_scheduler]:   车#4 [电动装载机282|heavy→降级] 位置(3905.0,73793.5) 容量282kWh 剩余60% | α=3→6min/% τ=212min → 需58.1kWh(充9.4min)
[charge_scheduler-1] [INFO] [1785760369.484357707] [charge_scheduler]:   车#5 [电动装载机350|light] 位置(3894.3,73756.9) 容量350kWh 剩余25% | α=6→6min/% τ=128min → 需198.5kWh(充32.1min)
[charge_scheduler-1] [INFO] [1785760369.484370361] [charge_scheduler]:   车#6 [电动装载机350|heavy→降级] 位置(3818.5,73716.2) 容量350kWh 剩余40% | α=4→6min/% τ=176min → 需144.3kWh(充23.3min)
[charge_scheduler-1] [INFO] [1785760369.484382496] [charge_scheduler]:   车#7 [重型叉车|light] 位置(3733.2,73772.4) 容量200kWh 剩余15% | α=6→6min/% τ=64min → 需134.0kWh(充21.7min)
[charge_scheduler-1] [INFO] [1785760369.484394817] [charge_scheduler]:   车#8 [电动装载机282|heavy→降级] 位置(3764.7,73699.0) 容量282kWh 剩余55% | α=3→6min/% τ=196min → 需72.7kWh(充11.8min)
[charge_scheduler-1] [INFO] [1785760369.484406940] [charge_scheduler]:   车#9 [电动装载机282|heavy→降级] 位置(3878.4,73747.9) 容量282kWh 剩余30% | α=3→6min/% τ=116min → 需145.4kWh(充23.5min)
[charge_scheduler-1] [INFO] [1785760369.484418401] [charge_scheduler]:   车#10 [电动装载机282|light] 位置(3740.3,73686.9) 容量282kWh 剩余45% | α=6→6min/% τ=224min → 需101.8kWh(充16.4min)
[charge_scheduler-1] [INFO] [1785760369.484430998] [charge_scheduler]:   车#11 [电动装载机350|light] 位置(3895.4,73811.9) 容量350kWh 剩余18% | α=6→6min/% τ=83min → 需223.7kWh(充36.2min)
[charge_scheduler-1] [INFO] [1785760369.484442503] [charge_scheduler]:   车#12 [重型叉车|heavy→降级] 位置(3876.0,73830.2) 容量200kWh 剩余62% | α=3→6min/% τ=230min → 需37.1kWh(充6.0min)
[charge_scheduler-1] [INFO] [1785760369.484454423] [charge_scheduler]:   车#13 [电动装载机282|light] 位置(3765.9,73790.3) 容量282kWh 剩余28% | α=6→6min/% τ=129min → 需151.2kWh(充24.4min)
[charge_scheduler-1] [INFO] [1785760369.484465377] [charge_scheduler]:   车#14 [电动装载机350|light] 位置(3637.1,73698.1) 容量350kWh 剩余52% | α=6→6min/% τ=301min → 需101.0kWh(充16.3min)
[charge_scheduler-1] [INFO] [1785760369.484476647] [charge_scheduler]:   车#15 [重型叉车|light] 位置(3884.5,73833.1) 容量200kWh 剩余12% | α=6→6min/% τ=45min → 需140.2kWh(充22.7min)
[charge_scheduler-1] [INFO] [1785760369.484488080] [charge_scheduler]:   车#16 [电动装载机282|light] 位置(3699.3,73765.4) 容量282kWh 剩余38% | α=6→6min/% τ=185min → 需122.1kWh(充19.7min)
[charge_scheduler-1] [INFO] [1785760369.484499705] [charge_scheduler]:   车#17 [电动装载机350|light] 位置(3800.8,73717.7) 容量350kWh 剩余58% | α=6→6min/% τ=339min → 需79.4kWh(充12.8min)
[charge_scheduler-1] [INFO] [1785760369.484512993] [charge_scheduler]:   车#18 [重型叉车|heavy→降级] 位置(3825.0,73792.7) 容量200kWh 剩余22% | α=3→6min/% τ=102min → 需119.6kWh(充19.3min)
[charge_scheduler-1] [INFO] [1785760369.484524925] [charge_scheduler]:   车#19 [电动装载机282|light] 位置(3784.3,73759.0) 容量282kWh 剩余48% | α=6→6min/% τ=241min → 需93.0kWh(充15.0min)
[charge_scheduler-1] [INFO] [1785760369.498146220] [charge_scheduler]: [Scheduler] 闭环接口: threshold=10.0min | event_sim=on | policy=all | structured_feedback=optional (/task_planner/execution_event)
[charge_scheduler-1] [INFO] [1785760369.498184740] [charge_scheduler]: [Scheduler] 已启动, 等待地图...
[charge_scheduler-1] [INFO] [1785760369.498197085] [charge_scheduler]: [Scheduler] 充电车1接口: sequence/served/arrived_target/arrived_station/return_goal/task_complete 后缀=_1
[charge_scheduler-1] [INFO] [1785760369.498203902] [charge_scheduler]: [Scheduler] 充电车2接口: sequence/served/arrived_target/arrived_station/return_goal/task_complete 后缀=_2
[charge_scheduler-1] [INFO] [1785760369.600122900] [charge_scheduler]: [Scheduler] RoutingGraph 就绪
[charge_scheduler-1] [INFO] [1785760369.600552161] [charge_scheduler]: [Scheduler] 提取到 0 条虚线捷径
[charge_scheduler-1] [INFO] [1785760369.627669192] [charge_scheduler]: [Scheduler] 下层兼容增强图: 190 节点, 0 条虚线掉头边
[charge_scheduler-1] [INFO] [1785760379.146000641] [charge_scheduler]: [Scheduler] 距离矩阵完成 21x21, 9518.3 ms | 模式=maneuver | 真实不可达=0 抽象不可达=0 | 缺少对向投影节点=0 | 对向识别(ID/几何/法向)=0/0/0 | 单向驿站投影=0
[charge_scheduler-1] [INFO] [1785760379.146070562] [charge_scheduler]:   ✓ 比值自检：420 个 OD 满足 机动/直线≥1 | 均值=3.73 最大=54.86 (车#15→车#12)
[charge_scheduler-1] [INFO] [1785760379.146088636] [charge_scheduler]: [Scheduler] 地图就绪, 190 条 lanelet（与下层一致）
[charge_scheduler-1] [INFO] [1785760379.146138399] [charge_scheduler]: ======== 开始VRPTW调度 20 辆车 ========
[charge_scheduler-1] [INFO] [1785760379.146149284] [charge_scheduler]:   规模20>8 → 启发式(alns)
[charge_scheduler-1] [INFO] [1785760390.421695435] [charge_scheduler]: [ALNS] objective_order=Nlate,Tover,Ctotal seed=9 iters=15000 | N_late=3(成功率85.0%) T_overtime=253.3min C_total=5538.2m | 趟数=8 makespan=392.7min
[charge_scheduler-1] [INFO] [1785760390.421741494] [charge_scheduler]:   求解耗时 11275.6 ms
[charge_scheduler-1] [INFO] [1785760390.421749157] [charge_scheduler]: ════════ 调度结果 ════════
[charge_scheduler-1] [INFO] [1785760390.421754888] [charge_scheduler]:   ★目标(字典序): objective_order=Nlate,Tover,Ctotal | N_late=3 辆 (按时成功率 17/20 = 85.0%)  T_overtime=253.3min  C_total=5538.2m
[charge_scheduler-1] [INFO] [1785760390.421762859] [charge_scheduler]:   附: 趟数=8 | makespan=392.7min | 能量可行=是
[charge_scheduler-1] [INFO] [1785760390.421773066] [charge_scheduler]:   [充电车2] 趟1: 站 → 车#8(到2.5/限196.0✓) → 车#3(到16.4/限32.0✓) → 车#7(到44.1/限64.0✓) → 车#18(到72.5/限102.4✓) → 站
[charge_scheduler-1] [INFO] [1785760390.421779653] [charge_scheduler]:   [充电车1] 趟2: 站 → 车#15(到3.9/限44.8✓) → 车#4(到27.5/限212.0✓) → 车#11(到41.3/限83.2✓) → 车#1(到84.4/限96.0✓) → 站
[charge_scheduler-1] [INFO] [1785760390.421785317] [charge_scheduler]:   [充电车2] 趟3: 站 → 车#9(到114.0/限116.0✓) → 车#5(到149.4/限128.0✗超时) → 站
[charge_scheduler-1] [INFO] [1785760390.421791267] [charge_scheduler]:   [充电车1] 趟4: 站 → 车#13(到126.8/限128.8✓) → 车#0(到164.8/限168.0✓) → 车#12(到201.5/限230.4✓) → 站
[charge_scheduler-1] [INFO] [1785760390.421796416] [charge_scheduler]:   [充电车2] 趟5: 站 → 车#10(到208.8/限224.0✓) → 车#16(到246.0/限184.8✗超时) → 站
[charge_scheduler-1] [INFO] [1785760390.421802496] [charge_scheduler]:   [充电车1] 趟6: 站 → 车#19(到240.4/限240.8✓) → 车#2(到276.8/限288.0✓) → 站
[charge_scheduler-1] [INFO] [1785760390.421806714] [charge_scheduler]:   [充电车1] 趟7: 站 → 车#17(到337.8/限339.2✓) → 站
[charge_scheduler-1] [INFO] [1785760390.421811531] [charge_scheduler]:   [充电车2] 趟8: 站 → 车#14(到296.9/限300.8✓) → 车#6(到346.7/限176.0✗超时) → 站
[charge_scheduler-1] [INFO] [1785760390.421815264] [charge_scheduler]: ════════════════════════
[charge_scheduler-1] [INFO] [1785760390.421860322] [charge_scheduler]: [扰动清单] type=combined delay=60.0min targets={5,11,} station={C1-S1,C2-S1,}
[charge_scheduler-1] [INFO] [1785760390.421873642] [charge_scheduler]: [执行事件] loop=open plan_v=0 C2 type=target_service target=8 station_ord=0 planned_finish=14.59 actual_finish=14.59 dev=+0.00 injected=0.0
[charge_scheduler-1] [INFO] [1785760390.421881191] [charge_scheduler]: [执行事件] loop=open plan_v=0 C1 type=target_service target=15 station_ord=0 planned_finish=26.76 actual_finish=26.76 dev=+0.00 injected=0.0
[charge_scheduler-1] [INFO] [1785760390.421915491] [charge_scheduler]: [执行事件] loop=open plan_v=0 C2 type=target_service target=3 station_ord=0 planned_finish=40.55 actual_finish=40.55 dev=+0.00 injected=0.0
[charge_scheduler-1] [INFO] [1785760390.421921224] [charge_scheduler]: [执行事件] loop=open plan_v=0 C1 type=target_service target=4 station_ord=0 planned_finish=40.95 actual_finish=40.95 dev=+0.00 injected=0.0
[charge_scheduler-1] [INFO] [1785760390.421926860] [charge_scheduler]: [执行事件] loop=open plan_v=0 C2 type=target_service target=7 station_ord=0 planned_finish=68.05 actual_finish=68.05 dev=+0.00 injected=0.0
[charge_scheduler-1] [INFO] [1785760390.421932162] [charge_scheduler]: [执行事件] loop=open plan_v=0 C2 type=target_service target=18 station_ord=0 planned_finish=95.95 actual_finish=95.95 dev=+0.00 injected=0.0
[charge_scheduler-1] [INFO] [1785760390.421938264] [charge_scheduler]: [执行事件] loop=open plan_v=0 C1 type=target_service target=11 station_ord=0 planned_finish=81.23 actual_finish=141.23 dev=+60.00 injected=60.0
[charge_scheduler-1] [INFO] [1785760390.421944543] [charge_scheduler]: [执行事件] loop=open plan_v=0 C2 type=station_turnaround target=-1 station_ord=1 planned_finish=108.47 actual_finish=168.47 dev=+60.00 injected=60.0
[charge_scheduler-1] [INFO] [1785760390.421950924] [charge_scheduler]: [执行事件] loop=open plan_v=0 C1 type=target_service target=1 station_ord=0 planned_finish=108.76 actual_finish=169.37 dev=+60.61 injected=0.0
[charge_scheduler-1] [INFO] [1785760390.421957087] [charge_scheduler]: [执行事件] loop=open plan_v=0 C2 type=target_service target=9 station_ord=0 planned_finish=149.05 actual_finish=209.22 dev=+60.17 injected=0.0
[charge_scheduler-1] [INFO] [1785760390.421962943] [charge_scheduler]: [执行事件] loop=open plan_v=0 C1 type=station_turnaround target=-1 station_ord=1 planned_finish=120.30 actual_finish=240.91 dev=+120.61 injected=60.0
[charge_scheduler-1] [INFO] [1785760390.421968983] [charge_scheduler]: [执行事件] loop=open plan_v=0 C1 type=target_service target=13 station_ord=0 planned_finish=161.91 actual_finish=282.68 dev=+120.77 injected=0.0
[charge_scheduler-1] [INFO] [1785760390.421974759] [charge_scheduler]: [执行事件] loop=open plan_v=0 C2 type=target_service target=5 station_ord=0 planned_finish=193.13 actual_finish=313.30 dev=+120.17 injected=60.0
[charge_scheduler-1] [INFO] [1785760390.421980478] [charge_scheduler]: [执行事件] loop=open plan_v=0 C1 type=target_service target=0 station_ord=0 planned_finish=199.75 actual_finish=320.79 dev=+121.04 injected=0.0
[charge_scheduler-1] [INFO] [1785760390.421985956] [charge_scheduler]: [执行事件] loop=open plan_v=0 C2 type=station_turnaround target=-1 station_ord=2 planned_finish=206.73 actual_finish=326.90 dev=+120.17 injected=0.0
[charge_scheduler-1] [INFO] [1785760390.421991680] [charge_scheduler]: [执行事件] loop=open plan_v=0 C1 type=target_service target=12 station_ord=0 planned_finish=225.03 actual_finish=347.58 dev=+122.55 injected=0.0
[charge_scheduler-1] [INFO] [1785760390.421997494] [charge_scheduler]: [执行事件] loop=open plan_v=0 C1 type=station_turnaround target=-1 station_ord=2 planned_finish=239.20 actual_finish=361.75 dev=+122.55 injected=0.0
[charge_scheduler-1] [INFO] [1785760390.422003238] [charge_scheduler]: [执行事件] loop=open plan_v=0 C2 type=target_service target=10 station_ord=0 planned_finish=242.78 actual_finish=364.23 dev=+121.45 injected=0.0
[charge_scheduler-1] [INFO] [1785760390.422008976] [charge_scheduler]: [执行事件] loop=open plan_v=0 C1 type=target_service target=19 station_ord=0 planned_finish=275.64 actual_finish=398.22 dev=+122.58 injected=0.0
[charge_scheduler-1] [INFO] [1785760390.422014746] [charge_scheduler]: [执行事件] loop=open plan_v=0 C2 type=target_service target=16 station_ord=0 planned_finish=281.27 actual_finish=402.72 dev=+121.45 injected=0.0
[charge_scheduler-1] [INFO] [1785760390.422020920] [charge_scheduler]: [执行事件] loop=open plan_v=0 C2 type=station_turnaround target=-1 station_ord=3 planned_finish=293.89 actual_finish=415.34 dev=+121.45 injected=0.0
[charge_scheduler-1] [INFO] [1785760390.422026624] [charge_scheduler]: [执行事件] loop=open plan_v=0 C1 type=target_service target=2 station_ord=0 planned_finish=319.49 actual_finish=443.09 dev=+123.60 injected=0.0
[charge_scheduler-1] [INFO] [1785760390.422034660] [charge_scheduler]: [执行事件] loop=open plan_v=0 C1 type=station_turnaround target=-1 station_ord=3 planned_finish=336.05 actual_finish=459.65 dev=+123.60 injected=0.0
[charge_scheduler-1] [INFO] [1785760390.422040386] [charge_scheduler]: [执行事件] loop=open plan_v=0 C2 type=target_service target=14 station_ord=0 planned_finish=340.27 actual_finish=462.07 dev=+121.80 injected=0.0
[charge_scheduler-1] [INFO] [1785760390.422046242] [charge_scheduler]: [执行事件] loop=open plan_v=0 C1 type=target_service target=17 station_ord=0 planned_finish=381.38 actual_finish=505.11 dev=+123.73 injected=0.0
[charge_scheduler-1] [INFO] [1785760390.422051981] [charge_scheduler]: [执行事件] loop=open plan_v=0 C1 type=final_return target=-1 station_ord=0 planned_finish=384.95 actual_finish=508.68 dev=+123.73 injected=0.0
[charge_scheduler-1] [INFO] [1785760390.422057733] [charge_scheduler]: [执行事件] loop=open plan_v=0 C2 type=target_service target=6 station_ord=0 planned_finish=390.42 actual_finish=512.22 dev=+121.80 injected=0.0
[charge_scheduler-1] [INFO] [1785760390.422063136] [charge_scheduler]: [执行事件] loop=open plan_v=0 C2 type=final_return target=-1 station_ord=0 planned_finish=392.74 actual_finish=514.54 dev=+121.80 injected=0.0
[charge_scheduler-1] [INFO] [1785760390.422075188] [charge_scheduler]: [执行事件] loop=fixed plan_v=0 C2 type=target_service target=8 station_ord=0 planned_finish=14.59 actual_finish=14.59 dev=+0.00 injected=0.0
[charge_scheduler-1] [INFO] [1785760390.422080964] [charge_scheduler]: [执行事件] loop=fixed plan_v=0 C1 type=target_service target=15 station_ord=0 planned_finish=26.76 actual_finish=26.76 dev=+0.00 injected=0.0
[charge_scheduler-1] [INFO] [1785760390.422086500] [charge_scheduler]: [执行事件] loop=fixed plan_v=0 C2 type=target_service target=3 station_ord=0 planned_finish=40.55 actual_finish=40.55 dev=+0.00 injected=0.0
[charge_scheduler-1] [INFO] [1785760390.422091905] [charge_scheduler]: [执行事件] loop=fixed plan_v=0 C1 type=target_service target=4 station_ord=0 planned_finish=40.95 actual_finish=40.95 dev=+0.00 injected=0.0
[charge_scheduler-1] [INFO] [1785760390.422097476] [charge_scheduler]: [执行事件] loop=fixed plan_v=0 C2 type=target_service target=7 station_ord=0 planned_finish=68.05 actual_finish=68.05 dev=+0.00 injected=0.0
[charge_scheduler-1] [INFO] [1785760390.422103015] [charge_scheduler]: [执行事件] loop=fixed plan_v=0 C2 type=target_service target=18 station_ord=0 planned_finish=95.95 actual_finish=95.95 dev=+0.00 injected=0.0
[charge_scheduler-1] [INFO] [1785760390.422108611] [charge_scheduler]: [执行事件] loop=fixed plan_v=0 C1 type=target_service target=11 station_ord=0 planned_finish=81.23 actual_finish=141.23 dev=+60.00 injected=60.0
[charge_scheduler-1] [WARN] [1785760390.732546454] [charge_scheduler]: [重调度事件] policy=fixed #1 t=141.23min trigger=C1/target_service dev=+60.00 pool=13 committed=0 plan_v=1 solve_ms=310.4 changed_assign=0 changed_order=12
[charge_scheduler-1] [INFO] [1785760390.732593591] [charge_scheduler]: [执行事件] loop=fixed plan_v=0 C2 type=station_turnaround target=-1 station_ord=1 planned_finish=108.47 actual_finish=168.47 dev=+60.00 injected=60.0
[charge_scheduler-1] [WARN] [1785760391.007179765] [charge_scheduler]: [重调度事件] policy=fixed #2 t=168.47min trigger=C2/station_turnaround dev=+60.00 pool=12 committed=1 plan_v=2 solve_ms=274.5 changed_assign=0 changed_order=12
[charge_scheduler-1] [INFO] [1785760391.007229111] [charge_scheduler]: [执行事件] loop=fixed plan_v=1 C1 type=target_service target=1 station_ord=0 planned_finish=169.37 actual_finish=169.37 dev=+0.00 injected=0.0
[charge_scheduler-1] [INFO] [1785760391.007241327] [charge_scheduler]: [执行事件] loop=fixed plan_v=2 C2 type=target_service target=9 station_ord=0 planned_finish=209.22 actual_finish=209.22 dev=+0.00 injected=0.0
[charge_scheduler-1] [INFO] [1785760391.007255046] [charge_scheduler]: [执行事件] loop=fixed plan_v=2 C1 type=station_turnaround target=-1 station_ord=1 planned_finish=180.91 actual_finish=240.91 dev=+60.00 injected=60.0
[charge_scheduler-1] [WARN] [1785760391.224361552] [charge_scheduler]: [重调度事件] policy=fixed #3 t=240.91min trigger=C1/station_turnaround dev=+60.00 pool=10 committed=1 plan_v=3 solve_ms=217.1 changed_assign=0 changed_order=9
[charge_scheduler-1] [INFO] [1785760391.224424233] [charge_scheduler]: [执行事件] loop=fixed plan_v=3 C1 type=target_service target=0 station_ord=0 planned_finish=278.95 actual_finish=278.95 dev=+0.00 injected=0.0
[charge_scheduler-1] [INFO] [1785760391.224463840] [charge_scheduler]: [执行事件] loop=fixed plan_v=3 C1 type=target_service target=12 station_ord=0 planned_finish=305.74 actual_finish=305.74 dev=+0.00 injected=0.0
[charge_scheduler-1] [INFO] [1785760391.224473593] [charge_scheduler]: [执行事件] loop=fixed plan_v=2 C2 type=target_service target=5 station_ord=0 planned_finish=253.30 actual_finish=313.30 dev=+60.00 injected=60.0
[charge_scheduler-1] [WARN] [1785760391.368739806] [charge_scheduler]: [重调度事件] policy=fixed #4 t=313.30min trigger=C2/target_service dev=+60.00 pool=7 committed=1 plan_v=4 solve_ms=144.2 changed_assign=0 changed_order=6
[charge_scheduler-1] [INFO] [1785760391.368786922] [charge_scheduler]: [执行事件] loop=fixed plan_v=4 C2 type=station_turnaround target=-1 station_ord=2 planned_finish=326.90 actual_finish=326.90 dev=+0.00 injected=0.0
[charge_scheduler-1] [INFO] [1785760391.368798565] [charge_scheduler]: [执行事件] loop=fixed plan_v=3 C1 type=target_service target=13 station_ord=0 planned_finish=343.09 actual_finish=343.09 dev=+0.00 injected=0.0
[charge_scheduler-1] [INFO] [1785760391.368804967] [charge_scheduler]: [执行事件] loop=fixed plan_v=4 C1 type=station_turnaround target=-1 station_ord=2 planned_finish=355.23 actual_finish=355.23 dev=+0.00 injected=0.0
[charge_scheduler-1] [INFO] [1785760391.368810819] [charge_scheduler]: [执行事件] loop=fixed plan_v=4 C2 type=target_service target=10 station_ord=0 planned_finish=364.23 actual_finish=364.23 dev=+0.00 injected=0.0
[charge_scheduler-1] [INFO] [1785760391.369227769] [charge_scheduler]: [执行事件] loop=fixed plan_v=4 C1 type=target_service target=19 station_ord=0 planned_finish=391.70 actual_finish=391.70 dev=+0.00 injected=0.0
[charge_scheduler-1] [INFO] [1785760391.369237746] [charge_scheduler]: [执行事件] loop=fixed plan_v=4 C2 type=target_service target=16 station_ord=0 planned_finish=402.72 actual_finish=402.72 dev=+0.00 injected=0.0
[charge_scheduler-1] [INFO] [1785760391.369243249] [charge_scheduler]: [执行事件] loop=fixed plan_v=4 C2 type=station_turnaround target=-1 station_ord=3 planned_finish=415.34 actual_finish=415.34 dev=+0.00 injected=0.0
[charge_scheduler-1] [INFO] [1785760391.369253553] [charge_scheduler]: [执行事件] loop=fixed plan_v=4 C1 type=target_service target=2 station_ord=0 planned_finish=436.58 actual_finish=436.58 dev=+0.00 injected=0.0
[charge_scheduler-1] [INFO] [1785760391.369259614] [charge_scheduler]: [执行事件] loop=fixed plan_v=4 C1 type=station_turnaround target=-1 station_ord=3 planned_finish=453.14 actual_finish=453.14 dev=+0.00 injected=0.0
[charge_scheduler-1] [INFO] [1785760391.369265148] [charge_scheduler]: [执行事件] loop=fixed plan_v=4 C2 type=target_service target=6 station_ord=0 planned_finish=462.21 actual_finish=462.21 dev=+0.00 injected=0.0
[charge_scheduler-1] [INFO] [1785760391.369270820] [charge_scheduler]: [执行事件] loop=fixed plan_v=4 C1 type=target_service target=17 station_ord=0 planned_finish=498.60 actual_finish=498.60 dev=+0.00 injected=0.0
[charge_scheduler-1] [INFO] [1785760391.369276392] [charge_scheduler]: [执行事件] loop=fixed plan_v=4 C1 type=final_return target=-1 station_ord=0 planned_finish=502.17 actual_finish=502.17 dev=+0.00 injected=0.0
[charge_scheduler-1] [INFO] [1785760391.369281674] [charge_scheduler]: [执行事件] loop=fixed plan_v=4 C2 type=target_service target=14 station_ord=0 planned_finish=509.85 actual_finish=509.85 dev=+0.00 injected=0.0
[charge_scheduler-1] [INFO] [1785760391.369286891] [charge_scheduler]: [执行事件] loop=fixed plan_v=4 C2 type=final_return target=-1 station_ord=0 planned_finish=513.56 actual_finish=513.56 dev=+0.00 injected=0.0
[charge_scheduler-1] [INFO] [1785760391.369307149] [charge_scheduler]: [执行事件] loop=global plan_v=0 C2 type=target_service target=8 station_ord=0 planned_finish=14.59 actual_finish=14.59 dev=+0.00 injected=0.0
[charge_scheduler-1] [INFO] [1785760391.369313100] [charge_scheduler]: [执行事件] loop=global plan_v=0 C1 type=target_service target=15 station_ord=0 planned_finish=26.76 actual_finish=26.76 dev=+0.00 injected=0.0
[charge_scheduler-1] [INFO] [1785760391.369318707] [charge_scheduler]: [执行事件] loop=global plan_v=0 C2 type=target_service target=3 station_ord=0 planned_finish=40.55 actual_finish=40.55 dev=+0.00 injected=0.0
[charge_scheduler-1] [INFO] [1785760391.369342891] [charge_scheduler]: [执行事件] loop=global plan_v=0 C1 type=target_service target=4 station_ord=0 planned_finish=40.95 actual_finish=40.95 dev=+0.00 injected=0.0
[charge_scheduler-1] [INFO] [1785760391.369349657] [charge_scheduler]: [执行事件] loop=global plan_v=0 C2 type=target_service target=7 station_ord=0 planned_finish=68.05 actual_finish=68.05 dev=+0.00 injected=0.0
[charge_scheduler-1] [INFO] [1785760391.369355045] [charge_scheduler]: [执行事件] loop=global plan_v=0 C2 type=target_service target=18 station_ord=0 planned_finish=95.95 actual_finish=95.95 dev=+0.00 injected=0.0
[charge_scheduler-1] [INFO] [1785760391.369361323] [charge_scheduler]: [执行事件] loop=global plan_v=0 C1 type=target_service target=11 station_ord=0 planned_finish=81.23 actual_finish=141.23 dev=+60.00 injected=60.0
[charge_scheduler-1] [WARN] [1785760392.430980253] [charge_scheduler]: [重调度事件] policy=global #1 t=141.23min trigger=C1/target_service dev=+60.00 pool=13 committed=0 plan_v=1 solve_ms=1061.6 changed_assign=6 changed_order=10
[charge_scheduler-1] [INFO] [1785760392.431028083] [charge_scheduler]: [执行事件] loop=global plan_v=0 C2 type=station_turnaround target=-1 station_ord=1 planned_finish=108.47 actual_finish=168.47 dev=+60.00 injected=60.0
[charge_scheduler-1] [WARN] [1785760393.360707384] [charge_scheduler]: [重调度事件] policy=global #2 t=168.47min trigger=C2/station_turnaround dev=+60.00 pool=12 committed=1 plan_v=2 solve_ms=929.6 changed_assign=6 changed_order=11
[charge_scheduler-1] [INFO] [1785760393.360756766] [charge_scheduler]: [执行事件] loop=global plan_v=1 C1 type=target_service target=1 station_ord=0 planned_finish=169.37 actual_finish=169.37 dev=+0.00 injected=0.0
[charge_scheduler-1] [INFO] [1785760393.360768667] [charge_scheduler]: [执行事件] loop=global plan_v=2 C2 type=target_service target=10 station_ord=0 planned_finish=201.30 actual_finish=201.30 dev=+0.00 injected=0.0
[charge_scheduler-1] [INFO] [1785760393.360774924] [charge_scheduler]: [执行事件] loop=global plan_v=2 C2 type=target_service target=19 station_ord=0 planned_finish=235.12 actual_finish=235.12 dev=+0.00 injected=0.0
[charge_scheduler-1] [INFO] [1785760393.360780875] [charge_scheduler]: [执行事件] loop=global plan_v=2 C1 type=station_turnaround target=-1 station_ord=1 planned_finish=180.91 actual_finish=240.91 dev=+60.00 injected=60.0
[charge_scheduler-1] [WARN] [1785760393.745163982] [charge_scheduler]: [重调度事件] policy=global #3 t=240.91min trigger=C1/station_turnaround dev=+60.00 pool=9 committed=1 plan_v=3 solve_ms=384.4 changed_assign=3 changed_order=8
[charge_scheduler-1] [INFO] [1785760393.745207608] [charge_scheduler]: [执行事件] loop=global plan_v=3 C1 type=target_service target=12 station_ord=0 planned_finish=270.41 actual_finish=270.41 dev=+0.00 injected=0.0
[charge_scheduler-1] [INFO] [1785760393.745217624] [charge_scheduler]: [执行事件] loop=global plan_v=2 C2 type=target_service target=0 station_ord=0 planned_finish=272.03 actual_finish=272.03 dev=+0.00 injected=0.0
[charge_scheduler-1] [INFO] [1785760393.745224751] [charge_scheduler]: [执行事件] loop=global plan_v=3 C2 type=station_turnaround target=-1 station_ord=2 planned_finish=287.90 actual_finish=287.90 dev=+0.00 injected=0.0
[charge_scheduler-1] [INFO] [1785760393.745230773] [charge_scheduler]: [执行事件] loop=global plan_v=3 C1 type=target_service target=13 station_ord=0 planned_finish=307.77 actual_finish=307.77 dev=+0.00 injected=0.0
[charge_scheduler-1] [INFO] [1785760393.745236866] [charge_scheduler]: [执行事件] loop=global plan_v=3 C2 type=target_service target=14 station_ord=0 planned_finish=333.73 actual_finish=333.73 dev=+0.00 injected=0.0
[charge_scheduler-1] [INFO] [1785760393.745242365] [charge_scheduler]: [执行事件] loop=global plan_v=3 C1 type=target_service target=16 station_ord=0 planned_finish=345.94 actual_finish=345.94 dev=+0.00 injected=0.0
[charge_scheduler-1] [INFO] [1785760393.745252947] [charge_scheduler]: [执行事件] loop=global plan_v=3 C1 type=station_turnaround target=-1 station_ord=2 planned_finish=358.56 actual_finish=358.56 dev=+0.00 injected=0.0
[charge_scheduler-1] [INFO] [1785760393.745258670] [charge_scheduler]: [执行事件] loop=global plan_v=3 C2 type=target_service target=17 station_ord=0 planned_finish=381.21 actual_finish=381.21 dev=+0.00 injected=0.0
[charge_scheduler-1] [INFO] [1785760393.745264391] [charge_scheduler]: [执行事件] loop=global plan_v=3 C2 type=station_turnaround target=-1 station_ord=3 planned_finish=394.78 actual_finish=394.78 dev=+0.00 injected=0.0
[charge_scheduler-1] [INFO] [1785760393.745296169] [charge_scheduler]: [执行事件] loop=global plan_v=3 C1 type=target_service target=2 station_ord=0 planned_finish=404.57 actual_finish=404.57 dev=+0.00 injected=0.0
[charge_scheduler-1] [INFO] [1785760393.745303259] [charge_scheduler]: [执行事件] loop=global plan_v=3 C2 type=target_service target=9 station_ord=0 planned_finish=435.53 actual_finish=435.53 dev=+0.00 injected=0.0
[charge_scheduler-1] [INFO] [1785760393.745308910] [charge_scheduler]: [执行事件] loop=global plan_v=3 C2 type=target_service target=6 station_ord=0 planned_finish=480.40 actual_finish=480.40 dev=+0.00 injected=0.0
[charge_scheduler-1] [INFO] [1785760393.745314492] [charge_scheduler]: [执行事件] loop=global plan_v=3 C2 type=final_return target=-1 station_ord=0 planned_finish=482.72 actual_finish=482.72 dev=+0.00 injected=0.0
[charge_scheduler-1] [INFO] [1785760393.745320056] [charge_scheduler]: [执行事件] loop=global plan_v=3 C1 type=target_service target=5 station_ord=0 planned_finish=451.36 actual_finish=511.36 dev=+60.00 injected=60.0
[charge_scheduler-1] [INFO] [1785760393.745327323] [charge_scheduler]: [执行事件] loop=global plan_v=3 C1 type=final_return target=-1 station_ord=0 planned_finish=454.97 actual_finish=514.97 dev=+60.00 injected=0.0
[charge_scheduler-1] [INFO] [1785760393.745340492] [charge_scheduler]: ★闭环实验结果 mode=open M=20 K=2 disturbance=combined delay=60.0 seed=9 N_late=13 T_overtime=1569.536 C_total=5538.195 makespan=514.545 served=20 energy_viol=0 reschedules=0 reschedule_ms=0.000 changed_assign=0 changed_order=0 applied_target=2 applied_station=2 initial_solve_ms=11275.592 objective_order=Nlate,Tover,Ctotal
[charge_scheduler-1] [INFO] [1785760393.745350052] [charge_scheduler]: ★闭环实验结果 mode=fixed M=20 K=2 disturbance=combined delay=60.0 seed=9 N_late=13 T_overtime=1524.511 C_total=5037.892 makespan=513.557 served=20 energy_viol=0 reschedules=4 reschedule_ms=946.199 changed_assign=0 changed_order=39 applied_target=2 applied_station=2 initial_solve_ms=11275.592 objective_order=Nlate,Tover,Ctotal
[charge_scheduler-1] [INFO] [1785760393.745357390] [charge_scheduler]: ★闭环实验收益 policy=fixed M=20 K=2 disturbance=combined delay=60.0 seed=9 recovered_late=0 overtime_reduction=45.025 distance_delta=-500.304 makespan_reduction=0.988
[charge_scheduler-1] [INFO] [1785760393.745363996] [charge_scheduler]: ★闭环实验结果 mode=closed M=20 K=2 disturbance=combined delay=60.0 seed=9 N_late=9 T_overtime=1299.128 C_total=5082.574 makespan=514.966 served=20 energy_viol=0 reschedules=3 reschedule_ms=2375.595 changed_assign=15 changed_order=29 applied_target=2 applied_station=2 initial_solve_ms=11275.592 objective_order=Nlate,Tover,Ctotal
[charge_scheduler-1] [INFO] [1785760393.745371365] [charge_scheduler]: ★闭环实验收益 policy=closed M=20 K=2 disturbance=combined delay=60.0 seed=9 recovered_late=4 overtime_reduction=270.408 distance_delta=-455.621 makespan_reduction=-0.421
