[INFO] [launch]: All log files can be found below /root/.ros/log/2026-08-03-13-32-21-878463-YYYY-45195
[INFO] [launch]: Default logging verbosity is set to INFO
[INFO] [charge_scheduler-1]: process started with pid [45199]
[charge_scheduler-1] [INFO] [1785763942.000488946] [charge_scheduler]: [目标顺序] objective_order=Nlate,Tover,Ctotal
[charge_scheduler-1] [INFO] [1785763942.001560812] [charge_scheduler]: [Scheduler] 30辆车 | 电池800.0kWh(20%=160.0 80%=640.0) | 充电360kW效率97% | 行驶0.6kWh/km | 桩350kW
[charge_scheduler-1] [INFO] [1785763942.001597614] [charge_scheduler]: [Scheduler] 站端周转: 换电 10 min(换后满电) | 单趟可用 640 kWh
[charge_scheduler-1] [INFO] [1785763942.001611044] [charge_scheduler]:   车#0 [电动装载机282|light] 位置(3889.6,73764.7) 容量282kWh 剩余35% | α=6→6min/% τ=168min → 需130.8kWh(充21.2min)
[charge_scheduler-1] [INFO] [1785763942.001626012] [charge_scheduler]:   车#1 [重型叉车|light] 位置(3778.9,73807.0) 容量200kWh 剩余20% | α=6→6min/% τ=96min → 需123.7kWh(充20.0min)
[charge_scheduler-1] [INFO] [1785763942.001639298] [charge_scheduler]:   车#2 [电动装载机350|light] 位置(3794.9,73804.6) 容量350kWh 剩余50% | α=6→6min/% τ=288min → 需108.2kWh(充17.5min)
[charge_scheduler-1] [INFO] [1785763942.001652119] [charge_scheduler]:   车#3 [重型叉车|light] 位置(3806.9,73760.3) 容量200kWh 剩余10% | α=6→6min/% τ=32min → 需144.3kWh(充23.3min)
[charge_scheduler-1] [INFO] [1785763942.001665059] [charge_scheduler]:   车#4 [电动装载机282|heavy→降级] 位置(3705.1,73758.2) 容量282kWh 剩余60% | α=3→6min/% τ=212min → 需58.1kWh(充9.4min)
[charge_scheduler-1] [INFO] [1785763942.001680430] [charge_scheduler]:   车#5 [电动装载机350|light] 位置(3756.5,73770.2) 容量350kWh 剩余25% | α=6→6min/% τ=128min → 需198.5kWh(充32.1min)
[charge_scheduler-1] [INFO] [1785763942.001693520] [charge_scheduler]:   车#6 [电动装载机350|heavy→降级] 位置(3887.4,73809.4) 容量350kWh 剩余40% | α=4→6min/% τ=176min → 需144.3kWh(充23.3min)
[charge_scheduler-1] [INFO] [1785763942.001705458] [charge_scheduler]:   车#7 [重型叉车|light] 位置(3899.0,73786.6) 容量200kWh 剩余15% | α=6→6min/% τ=64min → 需134.0kWh(充21.7min)
[charge_scheduler-1] [INFO] [1785763942.001716470] [charge_scheduler]:   车#8 [电动装载机282|heavy→降级] 位置(3689.7,73663.1) 容量282kWh 剩余55% | α=3→6min/% τ=196min → 需72.7kWh(充11.8min)
[charge_scheduler-1] [INFO] [1785763942.001728233] [charge_scheduler]:   车#9 [电动装载机282|heavy→降级] 位置(3748.4,73767.2) 容量282kWh 剩余30% | α=3→6min/% τ=116min → 需145.4kWh(充23.5min)
[charge_scheduler-1] [INFO] [1785763942.001739931] [charge_scheduler]:   车#10 [电动装载机282|light] 位置(3865.2,73751.0) 容量282kWh 剩余45% | α=6→6min/% τ=224min → 需101.8kWh(充16.4min)
[charge_scheduler-1] [INFO] [1785763942.001753306] [charge_scheduler]:   车#11 [电动装载机350|light] 位置(3785.0,73749.2) 容量350kWh 剩余18% | α=6→6min/% τ=83min → 需223.7kWh(充36.2min)
[charge_scheduler-1] [INFO] [1785763942.001765355] [charge_scheduler]:   车#12 [重型叉车|heavy→降级] 位置(3811.5,73799.9) 容量200kWh 剩余62% | α=3→6min/% τ=230min → 需37.1kWh(充6.0min)
[charge_scheduler-1] [INFO] [1785763942.001776922] [charge_scheduler]:   车#13 [电动装载机282|light] 位置(3810.8,73773.1) 容量282kWh 剩余28% | α=6→6min/% τ=129min → 需151.2kWh(充24.4min)
[charge_scheduler-1] [INFO] [1785763942.001787551] [charge_scheduler]:   车#14 [电动装载机350|light] 位置(3905.0,73793.5) 容量350kWh 剩余52% | α=6→6min/% τ=301min → 需101.0kWh(充16.3min)
[charge_scheduler-1] [INFO] [1785763942.001799419] [charge_scheduler]:   车#15 [重型叉车|light] 位置(3894.3,73756.9) 容量200kWh 剩余12% | α=6→6min/% τ=45min → 需140.2kWh(充22.7min)
[charge_scheduler-1] [INFO] [1785763942.001810913] [charge_scheduler]:   车#16 [电动装载机282|light] 位置(3818.5,73716.2) 容量282kWh 剩余38% | α=6→6min/% τ=185min → 需122.1kWh(充19.7min)
[charge_scheduler-1] [INFO] [1785763942.001823074] [charge_scheduler]:   车#17 [电动装载机350|light] 位置(3733.2,73772.4) 容量350kWh 剩余58% | α=6→6min/% τ=339min → 需79.4kWh(充12.8min)
[charge_scheduler-1] [INFO] [1785763942.001846287] [charge_scheduler]:   车#18 [重型叉车|heavy→降级] 位置(3764.7,73699.0) 容量200kWh 剩余22% | α=3→6min/% τ=102min → 需119.6kWh(充19.3min)
[charge_scheduler-1] [INFO] [1785763942.001858750] [charge_scheduler]:   车#19 [电动装载机282|light] 位置(3878.4,73747.9) 容量282kWh 剩余48% | α=6→6min/% τ=241min → 需93.0kWh(充15.0min)
[charge_scheduler-1] [INFO] [1785763942.001899503] [charge_scheduler]:   车#20 [电动装载机350|light] 位置(3740.3,73686.9) 容量350kWh 剩余33% | α=6→6min/% τ=179min → 需169.6kWh(充27.4min)
[charge_scheduler-1] [INFO] [1785763942.001912464] [charge_scheduler]:   车#21 [重型叉车|heavy→降级] 位置(3895.4,73811.9) 容量200kWh 剩余65% | α=3→6min/% τ=240min → 需30.9kWh(充5.0min)
[charge_scheduler-1] [INFO] [1785763942.001925118] [charge_scheduler]:   车#22 [电动装载机282|light] 位置(3876.0,73830.2) 容量282kWh 剩余16% | α=6→6min/% τ=62min → 需186.1kWh(充30.1min)
[charge_scheduler-1] [INFO] [1785763942.001937359] [charge_scheduler]:   车#23 [电动装载机350|light] 位置(3765.9,73790.3) 容量350kWh 剩余42% | α=6→6min/% τ=237min → 需137.1kWh(充22.2min)
[charge_scheduler-1] [INFO] [1785763942.001950131] [charge_scheduler]:   车#24 [重型叉车|heavy→降级] 位置(3637.1,73698.1) 容量200kWh 剩余25% | α=3→6min/% τ=112min → 需113.4kWh(充18.3min)
[charge_scheduler-1] [INFO] [1785763942.001964583] [charge_scheduler]:   车#25 [电动装载机282|light] 位置(3884.5,73833.1) 容量282kWh 剩余55% | α=6→6min/% τ=280min → 需72.7kWh(充11.8min)
[charge_scheduler-1] [INFO] [1785763942.001976716] [charge_scheduler]:   车#26 [电动装载机350|light] 位置(3699.3,73765.4) 容量350kWh 剩余30% | α=6→6min/% τ=160min → 需180.4kWh(充29.2min)
[charge_scheduler-1] [INFO] [1785763942.001988809] [charge_scheduler]:   车#27 [重型叉车|heavy→降级] 位置(3800.8,73717.7) 容量200kWh 剩余68% | α=3→6min/% τ=250min → 需24.7kWh(充4.0min)
[charge_scheduler-1] [INFO] [1785763942.002000390] [charge_scheduler]:   车#28 [电动装载机282|light] 位置(3825.0,73792.7) 容量282kWh 剩余20% | α=6→6min/% τ=84min → 需174.4kWh(充28.2min)
[charge_scheduler-1] [INFO] [1785763942.002012383] [charge_scheduler]:   车#29 [电动装载机350|light] 位置(3784.3,73759.0) 容量350kWh 剩余36% | α=6→6min/% τ=198min → 需158.8kWh(充25.7min)
[charge_scheduler-1] [INFO] [1785763942.010731674] [charge_scheduler]: [Scheduler] 闭环接口: threshold=10.0min | event_sim=on | policy=all | structured_feedback=optional (/task_planner/execution_event)
[charge_scheduler-1] [INFO] [1785763942.010772125] [charge_scheduler]: [Scheduler] 已启动, 等待地图...
[charge_scheduler-1] [INFO] [1785763942.010782034] [charge_scheduler]: [Scheduler] 充电车1接口: sequence/served/arrived_target/arrived_station/return_goal/task_complete 后缀=_1
[charge_scheduler-1] [INFO] [1785763942.010789071] [charge_scheduler]: [Scheduler] 充电车2接口: sequence/served/arrived_target/arrived_station/return_goal/task_complete 后缀=_2
[charge_scheduler-1] [INFO] [1785763942.010795068] [charge_scheduler]: [Scheduler] 充电车3接口: sequence/served/arrived_target/arrived_station/return_goal/task_complete 后缀=_3
[charge_scheduler-1] [INFO] [1785763942.111878105] [charge_scheduler]: [Scheduler] RoutingGraph 就绪
[charge_scheduler-1] [INFO] [1785763942.112431695] [charge_scheduler]: [Scheduler] 提取到 0 条虚线捷径
[charge_scheduler-1] [INFO] [1785763942.140034329] [charge_scheduler]: [Scheduler] 下层兼容增强图: 190 节点, 0 条虚线掉头边
[charge_scheduler-1] [INFO] [1785763963.026031560] [charge_scheduler]: [Scheduler] 距离矩阵完成 31x31, 20885.9 ms | 模式=maneuver | 真实不可达=0 抽象不可达=0 | 缺少对向投影节点=0 | 对向识别(ID/几何/法向)=0/0/0 | 单向驿站投影=0
[charge_scheduler-1] [INFO] [1785763963.026103914] [charge_scheduler]:   ✓ 比值自检：930 个 OD 满足 机动/直线≥1 | 均值=4.11 最大=62.63 (车#0→车#15)
[charge_scheduler-1] [INFO] [1785763963.026117550] [charge_scheduler]: [Scheduler] 地图就绪, 190 条 lanelet（与下层一致）
[charge_scheduler-1] [INFO] [1785763963.026169637] [charge_scheduler]: ======== 开始VRPTW调度 30 辆车 ========
[charge_scheduler-1] [INFO] [1785763963.026199701] [charge_scheduler]:   规模30>8 → 启发式(alns)
[charge_scheduler-1] [INFO] [1785764009.664346577] [charge_scheduler]: [ALNS] objective_order=Nlate,Tover,Ctotal seed=10 iters=15000 | N_late=3(成功率90.0%) T_overtime=375.8min C_total=7716.8m | 趟数=12 makespan=381.0min
[charge_scheduler-1] [INFO] [1785764009.664390505] [charge_scheduler]:   求解耗时 46638.2 ms
[charge_scheduler-1] [INFO] [1785764009.664397912] [charge_scheduler]: ════════ 调度结果 ════════
[charge_scheduler-1] [INFO] [1785764009.664404042] [charge_scheduler]:   ★目标(字典序): objective_order=Nlate,Tover,Ctotal | N_late=3 辆 (按时成功率 27/30 = 90.0%)  T_overtime=375.8min  C_total=7716.8m
[charge_scheduler-1] [INFO] [1785764009.664433215] [charge_scheduler]:   附: 趟数=12 | makespan=381.0min | 能量可行=是
[charge_scheduler-1] [INFO] [1785764009.664443178] [charge_scheduler]:   [充电车1] 趟1: 站 → 车#27(到1.7/限249.6✓) → 车#12(到7.7/限230.4✓) → 车#21(到16.6/限240.0✓) → 车#15(到24.4/限44.8✓) → 车#11(到50.5/限83.2✓) → 站
[charge_scheduler-1] [INFO] [1785764009.664449862] [charge_scheduler]:   [充电车3] 趟2: 站 → 车#3(到3.4/限32.0✓) → 车#9(到28.1/限116.0✓) → 车#1(到56.6/限96.0✓) → 车#18(到84.1/限102.4✓) → 站
[charge_scheduler-1] [INFO] [1785764009.664455435] [charge_scheduler]:   [充电车2] 趟3: 站 → 车#4(到2.1/限212.0✓) → 车#22(到17.3/限61.6✓) → 车#7(到49.6/限64.0✓) → 车#28(到76.4/限84.0✓) → 站
[charge_scheduler-1] [INFO] [1785764009.664460429] [charge_scheduler]:   [充电车1] 趟4: 站 → 车#24(到105.8/限112.0✓) → 车#26(到134.6/限160.0✓) → 车#16(到179.7/限184.8✓) → 站
[charge_scheduler-1] [INFO] [1785764009.664465695] [charge_scheduler]:   [充电车2] 趟5: 站 → 车#5(到126.7/限128.0✓) → 车#6(到174.0/限176.0✓) → 站
[charge_scheduler-1] [INFO] [1785764009.664470873] [charge_scheduler]:   [充电车3] 趟6: 站 → 车#13(到121.8/限128.8✓) → 车#0(到158.1/限168.0✓) → 车#10(到193.0/限224.0✓) → 站
[charge_scheduler-1] [INFO] [1785764009.664475297] [charge_scheduler]:   [充电车1] 趟7: 站 → 车#23(到233.3/限236.8✓) → 车#2(到277.3/限288.0✓) → 站
[charge_scheduler-1] [INFO] [1785764009.664479855] [charge_scheduler]:   [充电车2] 趟8: 站 → 车#19(到237.6/限240.8✓) → 车#29(到275.2/限198.4✗超时) → 站
[charge_scheduler-1] [INFO] [1785764009.664484144] [charge_scheduler]:   [充电车3] 趟9: 站 → 车#25(到245.4/限280.0✓) → 车#14(到278.5/限300.8✓) → 站
[charge_scheduler-1] [INFO] [1785764009.664488418] [charge_scheduler]:   [充电车1] 趟10: 站 → 车#20(到334.8/限179.2✗超时) → 站
[charge_scheduler-1] [INFO] [1785764009.664492995] [charge_scheduler]:   [充电车2] 趟11: 站 → 车#17(到334.7/限339.2✓) → 站
[charge_scheduler-1] [INFO] [1785764009.664496918] [charge_scheduler]:   [充电车3] 趟12: 站 → 车#8(到339.5/限196.0✗超时) → 站
[charge_scheduler-1] [INFO] [1785764009.664500289] [charge_scheduler]: ════════════════════════
[charge_scheduler-1] [INFO] [1785764009.664553663] [charge_scheduler]: [扰动清单] type=station delay=15.0min targets={} station={C1-S1,C3-S1,}
[charge_scheduler-1] [INFO] [1785764009.664568754] [charge_scheduler]: [执行事件] loop=open plan_v=0 C1 type=target_service target=27 station_ord=0 planned_finish=5.89 actual_finish=5.89 dev=+0.00 injected=0.0
[charge_scheduler-1] [INFO] [1785764009.664575585] [charge_scheduler]: [执行事件] loop=open plan_v=0 C2 type=target_service target=4 station_ord=0 planned_finish=11.77 actual_finish=11.77 dev=+0.00 injected=0.0
[charge_scheduler-1] [INFO] [1785764009.664581407] [charge_scheduler]: [执行事件] loop=open plan_v=0 C1 type=target_service target=12 station_ord=0 planned_finish=14.55 actual_finish=14.55 dev=+0.00 injected=0.0
[charge_scheduler-1] [INFO] [1785764009.664586855] [charge_scheduler]: [执行事件] loop=open plan_v=0 C1 type=target_service target=21 station_ord=0 planned_finish=23.35 actual_finish=23.35 dev=+0.00 injected=0.0
[charge_scheduler-1] [INFO] [1785764009.664592259] [charge_scheduler]: [执行事件] loop=open plan_v=0 C3 type=target_service target=3 station_ord=0 planned_finish=26.90 actual_finish=26.90 dev=+0.00 injected=0.0
[charge_scheduler-1] [INFO] [1785764009.664597625] [charge_scheduler]: [执行事件] loop=open plan_v=0 C1 type=target_service target=15 station_ord=0 planned_finish=48.34 actual_finish=48.34 dev=+0.00 injected=0.0
[charge_scheduler-1] [INFO] [1785764009.664602870] [charge_scheduler]: [执行事件] loop=open plan_v=0 C2 type=target_service target=22 station_ord=0 planned_finish=48.85 actual_finish=48.85 dev=+0.00 injected=0.0
[charge_scheduler-1] [INFO] [1785764009.664608219] [charge_scheduler]: [执行事件] loop=open plan_v=0 C3 type=target_service target=9 station_ord=0 planned_finish=55.68 actual_finish=55.68 dev=+0.00 injected=0.0
[charge_scheduler-1] [INFO] [1785764009.664614219] [charge_scheduler]: [执行事件] loop=open plan_v=0 C2 type=target_service target=7 station_ord=0 planned_finish=73.88 actual_finish=73.88 dev=+0.00 injected=0.0
[charge_scheduler-1] [INFO] [1785764009.664622562] [charge_scheduler]: [执行事件] loop=open plan_v=0 C3 type=target_service target=1 station_ord=0 planned_finish=79.59 actual_finish=79.59 dev=+0.00 injected=0.0
[charge_scheduler-1] [INFO] [1785764009.664628719] [charge_scheduler]: [执行事件] loop=open plan_v=0 C1 type=target_service target=11 station_ord=0 planned_finish=91.28 actual_finish=91.28 dev=+0.00 injected=0.0
[charge_scheduler-1] [INFO] [1785764009.664634916] [charge_scheduler]: [执行事件] loop=open plan_v=0 C3 type=target_service target=18 station_ord=0 planned_finish=108.11 actual_finish=108.11 dev=+0.00 injected=0.0
[charge_scheduler-1] [INFO] [1785764009.664640940] [charge_scheduler]: [执行事件] loop=open plan_v=0 C2 type=target_service target=28 station_ord=0 planned_finish=110.97 actual_finish=110.97 dev=+0.00 injected=0.0
[charge_scheduler-1] [INFO] [1785764009.664646630] [charge_scheduler]: [执行事件] loop=open plan_v=0 C1 type=station_turnaround target=-1 station_ord=1 planned_finish=102.82 actual_finish=117.82 dev=+15.00 injected=15.0
[charge_scheduler-1] [INFO] [1785764009.664652692] [charge_scheduler]: [执行事件] loop=open plan_v=0 C2 type=station_turnaround target=-1 station_ord=1 planned_finish=123.49 actual_finish=123.49 dev=+0.00 injected=0.0
[charge_scheduler-1] [INFO] [1785764009.664658135] [charge_scheduler]: [执行事件] loop=open plan_v=0 C3 type=station_turnaround target=-1 station_ord=1 planned_finish=120.15 actual_finish=135.15 dev=+15.00 injected=15.0
[charge_scheduler-1] [INFO] [1785764009.664664519] [charge_scheduler]: [执行事件] loop=open plan_v=0 C1 type=target_service target=24 station_ord=0 planned_finish=130.48 actual_finish=145.81 dev=+15.32 injected=0.0
[charge_scheduler-1] [INFO] [1785764009.664670252] [charge_scheduler]: [执行事件] loop=open plan_v=0 C2 type=target_service target=5 station_ord=0 planned_finish=170.31 actual_finish=170.31 dev=+0.00 injected=0.0
[charge_scheduler-1] [INFO] [1785764009.664675823] [charge_scheduler]: [执行事件] loop=open plan_v=0 C3 type=target_service target=13 station_ord=0 planned_finish=156.49 actual_finish=172.08 dev=+15.58 injected=0.0
[charge_scheduler-1] [INFO] [1785764009.664681489] [charge_scheduler]: [执行事件] loop=open plan_v=0 C1 type=target_service target=26 station_ord=0 planned_finish=176.00 actual_finish=192.72 dev=+16.72 injected=0.0
[charge_scheduler-1] [INFO] [1785764009.664687642] [charge_scheduler]: [执行事件] loop=open plan_v=0 C3 type=target_service target=0 station_ord=0 planned_finish=192.56 actual_finish=208.97 dev=+16.41 injected=0.0
[charge_scheduler-1] [INFO] [1785764009.664693464] [charge_scheduler]: [执行事件] loop=open plan_v=0 C2 type=target_service target=6 station_ord=0 planned_finish=217.56 actual_finish=217.56 dev=+0.00 injected=0.0
[charge_scheduler-1] [INFO] [1785764009.664699142] [charge_scheduler]: [执行事件] loop=open plan_v=0 C1 type=target_service target=16 station_ord=0 planned_finish=214.48 actual_finish=231.63 dev=+17.15 injected=0.0
[charge_scheduler-1] [INFO] [1785764009.664704828] [charge_scheduler]: [执行事件] loop=open plan_v=0 C2 type=station_turnaround target=-1 station_ord=2 planned_finish=232.08 actual_finish=232.08 dev=+0.00 injected=0.0
[charge_scheduler-1] [INFO] [1785764009.664710486] [charge_scheduler]: [执行事件] loop=open plan_v=0 C3 type=target_service target=10 station_ord=0 planned_finish=225.68 actual_finish=243.47 dev=+17.79 injected=0.0
[charge_scheduler-1] [INFO] [1785764009.664716106] [charge_scheduler]: [执行事件] loop=open plan_v=0 C1 type=station_turnaround target=-1 station_ord=2 planned_finish=226.81 actual_finish=243.96 dev=+17.15 injected=0.0
[charge_scheduler-1] [INFO] [1785764009.664722058] [charge_scheduler]: [执行事件] loop=open plan_v=0 C3 type=station_turnaround target=-1 station_ord=2 planned_finish=241.55 actual_finish=259.34 dev=+17.79 injected=0.0
[charge_scheduler-1] [INFO] [1785764009.664727649] [charge_scheduler]: [执行事件] loop=open plan_v=0 C2 type=target_service target=19 station_ord=0 planned_finish=272.56 actual_finish=272.56 dev=+0.00 injected=0.0
[charge_scheduler-1] [INFO] [1785764009.664733143] [charge_scheduler]: [执行事件] loop=open plan_v=0 C1 type=target_service target=23 station_ord=0 planned_finish=276.76 actual_finish=294.23 dev=+17.47 injected=0.0
[charge_scheduler-1] [INFO] [1785764009.664738806] [charge_scheduler]: [执行事件] loop=open plan_v=0 C3 type=target_service target=25 station_ord=0 planned_finish=277.78 actual_finish=297.07 dev=+19.28 injected=0.0
[charge_scheduler-1] [INFO] [1785764009.664745930] [charge_scheduler]: [执行事件] loop=open plan_v=0 C2 type=target_service target=29 station_ord=0 planned_finish=318.92 actual_finish=318.92 dev=+0.00 injected=0.0
[charge_scheduler-1] [INFO] [1785764009.664751526] [charge_scheduler]: [执行事件] loop=open plan_v=0 C2 type=station_turnaround target=-1 station_ord=3 planned_finish=333.12 actual_finish=333.12 dev=+0.00 injected=0.0
[charge_scheduler-1] [INFO] [1785764009.664757174] [charge_scheduler]: [执行事件] loop=open plan_v=0 C1 type=target_service target=2 station_ord=0 planned_finish=320.06 actual_finish=338.51 dev=+18.44 injected=0.0
[charge_scheduler-1] [INFO] [1785764009.664762935] [charge_scheduler]: [执行事件] loop=open plan_v=0 C3 type=target_service target=14 station_ord=0 planned_finish=320.26 actual_finish=341.30 dev=+21.04 injected=0.0
[charge_scheduler-1] [INFO] [1785764009.664768574] [charge_scheduler]: [执行事件] loop=open plan_v=0 C1 type=station_turnaround target=-1 station_ord=3 planned_finish=332.71 actual_finish=351.15 dev=+18.44 injected=0.0
[charge_scheduler-1] [INFO] [1785764009.664774127] [charge_scheduler]: [执行事件] loop=open plan_v=0 C3 type=station_turnaround target=-1 station_ord=3 planned_finish=334.52 actual_finish=355.56 dev=+21.04 injected=0.0
[charge_scheduler-1] [INFO] [1785764009.664779909] [charge_scheduler]: [执行事件] loop=open plan_v=0 C2 type=target_service target=17 station_ord=0 planned_finish=378.08 actual_finish=378.08 dev=+0.00 injected=0.0
[charge_scheduler-1] [INFO] [1785764009.664785470] [charge_scheduler]: [执行事件] loop=open plan_v=0 C2 type=final_return target=-1 station_ord=0 planned_finish=380.01 actual_finish=380.01 dev=+0.00 injected=0.0
[charge_scheduler-1] [INFO] [1785764009.664790872] [charge_scheduler]: [执行事件] loop=open plan_v=0 C3 type=target_service target=8 station_ord=0 planned_finish=374.74 actual_finish=395.78 dev=+21.04 injected=0.0
[charge_scheduler-1] [INFO] [1785764009.664796398] [charge_scheduler]: [执行事件] loop=open plan_v=0 C1 type=target_service target=20 station_ord=0 planned_finish=378.53 actual_finish=396.97 dev=+18.44 injected=0.0
[charge_scheduler-1] [INFO] [1785764009.664801765] [charge_scheduler]: [执行事件] loop=open plan_v=0 C3 type=final_return target=-1 station_ord=0 planned_finish=376.55 actual_finish=397.60 dev=+21.04 injected=0.0
[charge_scheduler-1] [INFO] [1785764009.664807058] [charge_scheduler]: [执行事件] loop=open plan_v=0 C1 type=final_return target=-1 station_ord=0 planned_finish=380.99 actual_finish=399.43 dev=+18.44 injected=0.0
[charge_scheduler-1] [INFO] [1785764009.664820512] [charge_scheduler]: [执行事件] loop=fixed plan_v=0 C1 type=target_service target=27 station_ord=0 planned_finish=5.89 actual_finish=5.89 dev=+0.00 injected=0.0
[charge_scheduler-1] [INFO] [1785764009.664825811] [charge_scheduler]: [执行事件] loop=fixed plan_v=0 C2 type=target_service target=4 station_ord=0 planned_finish=11.77 actual_finish=11.77 dev=+0.00 injected=0.0
[charge_scheduler-1] [INFO] [1785764009.664831356] [charge_scheduler]: [执行事件] loop=fixed plan_v=0 C1 type=target_service target=12 station_ord=0 planned_finish=14.55 actual_finish=14.55 dev=+0.00 injected=0.0
[charge_scheduler-1] [INFO] [1785764009.664837040] [charge_scheduler]: [执行事件] loop=fixed plan_v=0 C1 type=target_service target=21 station_ord=0 planned_finish=23.35 actual_finish=23.35 dev=+0.00 injected=0.0
[charge_scheduler-1] [INFO] [1785764009.664843625] [charge_scheduler]: [执行事件] loop=fixed plan_v=0 C3 type=target_service target=3 station_ord=0 planned_finish=26.90 actual_finish=26.90 dev=+0.00 injected=0.0
[charge_scheduler-1] [INFO] [1785764009.664849351] [charge_scheduler]: [执行事件] loop=fixed plan_v=0 C1 type=target_service target=15 station_ord=0 planned_finish=48.34 actual_finish=48.34 dev=+0.00 injected=0.0
[charge_scheduler-1] [INFO] [1785764009.664854788] [charge_scheduler]: [执行事件] loop=fixed plan_v=0 C2 type=target_service target=22 station_ord=0 planned_finish=48.85 actual_finish=48.85 dev=+0.00 injected=0.0
[charge_scheduler-1] [INFO] [1785764009.664860273] [charge_scheduler]: [执行事件] loop=fixed plan_v=0 C3 type=target_service target=9 station_ord=0 planned_finish=55.68 actual_finish=55.68 dev=+0.00 injected=0.0
[charge_scheduler-1] [INFO] [1785764009.664865696] [charge_scheduler]: [执行事件] loop=fixed plan_v=0 C2 type=target_service target=7 station_ord=0 planned_finish=73.88 actual_finish=73.88 dev=+0.00 injected=0.0
[charge_scheduler-1] [INFO] [1785764009.664872673] [charge_scheduler]: [执行事件] loop=fixed plan_v=0 C3 type=target_service target=1 station_ord=0 planned_finish=79.59 actual_finish=79.59 dev=+0.00 injected=0.0
[charge_scheduler-1] [INFO] [1785764009.664878286] [charge_scheduler]: [执行事件] loop=fixed plan_v=0 C1 type=target_service target=11 station_ord=0 planned_finish=91.28 actual_finish=91.28 dev=+0.00 injected=0.0
[charge_scheduler-1] [INFO] [1785764009.664884075] [charge_scheduler]: [执行事件] loop=fixed plan_v=0 C3 type=target_service target=18 station_ord=0 planned_finish=108.11 actual_finish=108.11 dev=+0.00 injected=0.0
[charge_scheduler-1] [INFO] [1785764009.664889750] [charge_scheduler]: [执行事件] loop=fixed plan_v=0 C2 type=target_service target=28 station_ord=0 planned_finish=110.97 actual_finish=110.97 dev=+0.00 injected=0.0
[charge_scheduler-1] [INFO] [1785764009.664895614] [charge_scheduler]: [执行事件] loop=fixed plan_v=0 C1 type=station_turnaround target=-1 station_ord=1 planned_finish=102.82 actual_finish=117.82 dev=+15.00 injected=15.0
[charge_scheduler-1] [WARN] [1785764010.032639310] [charge_scheduler]: [重调度事件] policy=fixed #1 t=117.82min trigger=C1/station_turnaround dev=+15.00 pool=17 committed=0 plan_v=1 solve_ms=367.7 changed_assign=0 changed_order=11
[charge_scheduler-1] [INFO] [1785764010.032686344] [charge_scheduler]: [执行事件] loop=fixed plan_v=0 C2 type=station_turnaround target=-1 station_ord=1 planned_finish=123.49 actual_finish=123.49 dev=+0.00 injected=0.0
[charge_scheduler-1] [INFO] [1785764010.032696062] [charge_scheduler]: [执行事件] loop=fixed plan_v=0 C3 type=station_turnaround target=-1 station_ord=1 planned_finish=120.15 actual_finish=135.15 dev=+15.00 injected=15.0
[charge_scheduler-1] [WARN] [1785764010.339679383] [charge_scheduler]: [重调度事件] policy=fixed #2 t=135.15min trigger=C3/station_turnaround dev=+15.00 pool=15 committed=2 plan_v=2 solve_ms=306.9 changed_assign=0 changed_order=8
[charge_scheduler-1] [INFO] [1785764010.339739761] [charge_scheduler]: [执行事件] loop=fixed plan_v=1 C1 type=target_service target=24 station_ord=0 planned_finish=145.81 actual_finish=145.81 dev=+0.00 injected=0.0
[charge_scheduler-1] [INFO] [1785764010.339749393] [charge_scheduler]: [执行事件] loop=fixed plan_v=1 C2 type=target_service target=5 station_ord=0 planned_finish=170.31 actual_finish=170.31 dev=+0.00 injected=0.0
[charge_scheduler-1] [INFO] [1785764010.339755926] [charge_scheduler]: [执行事件] loop=fixed plan_v=2 C3 type=target_service target=13 station_ord=0 planned_finish=172.08 actual_finish=172.08 dev=+0.00 injected=0.0
[charge_scheduler-1] [INFO] [1785764010.339761717] [charge_scheduler]: [执行事件] loop=fixed plan_v=2 C1 type=target_service target=26 station_ord=0 planned_finish=192.72 actual_finish=192.72 dev=+0.00 injected=0.0
[charge_scheduler-1] [INFO] [1785764010.339767687] [charge_scheduler]: [执行事件] loop=fixed plan_v=2 C3 type=target_service target=10 station_ord=0 planned_finish=204.28 actual_finish=204.28 dev=+0.00 injected=0.0
[charge_scheduler-1] [INFO] [1785764010.339773407] [charge_scheduler]: [执行事件] loop=fixed plan_v=2 C2 type=target_service target=6 station_ord=0 planned_finish=217.56 actual_finish=217.56 dev=+0.00 injected=0.0
[charge_scheduler-1] [INFO] [1785764010.339780311] [charge_scheduler]: [执行事件] loop=fixed plan_v=2 C1 type=target_service target=16 station_ord=0 planned_finish=231.63 actual_finish=231.63 dev=+0.00 injected=0.0
[charge_scheduler-1] [INFO] [1785764010.339786173] [charge_scheduler]: [执行事件] loop=fixed plan_v=2 C2 type=station_turnaround target=-1 station_ord=2 planned_finish=232.08 actual_finish=232.08 dev=+0.00 injected=0.0
[charge_scheduler-1] [INFO] [1785764010.339792176] [charge_scheduler]: [执行事件] loop=fixed plan_v=2 C3 type=target_service target=0 station_ord=0 planned_finish=240.04 actual_finish=240.04 dev=+0.00 injected=0.0
[charge_scheduler-1] [INFO] [1785764010.339797961] [charge_scheduler]: [执行事件] loop=fixed plan_v=2 C1 type=station_turnaround target=-1 station_ord=2 planned_finish=243.96 actual_finish=243.96 dev=+0.00 injected=0.0
[charge_scheduler-1] [INFO] [1785764010.339804068] [charge_scheduler]: [执行事件] loop=fixed plan_v=2 C3 type=station_turnaround target=-1 station_ord=2 planned_finish=255.51 actual_finish=255.51 dev=+0.00 injected=0.0
[charge_scheduler-1] [INFO] [1785764010.339840252] [charge_scheduler]: [执行事件] loop=fixed plan_v=2 C2 type=target_service target=19 station_ord=0 planned_finish=272.56 actual_finish=272.56 dev=+0.00 injected=0.0
[charge_scheduler-1] [INFO] [1785764010.339847164] [charge_scheduler]: [执行事件] loop=fixed plan_v=2 C3 type=target_service target=25 station_ord=0 planned_finish=292.91 actual_finish=292.91 dev=+0.00 injected=0.0
[charge_scheduler-1] [INFO] [1785764010.339853291] [charge_scheduler]: [执行事件] loop=fixed plan_v=2 C1 type=target_service target=23 station_ord=0 planned_finish=294.23 actual_finish=294.23 dev=+0.00 injected=0.0
[charge_scheduler-1] [INFO] [1785764010.339859589] [charge_scheduler]: [执行事件] loop=fixed plan_v=2 C2 type=target_service target=29 station_ord=0 planned_finish=318.92 actual_finish=318.92 dev=+0.00 injected=0.0
[charge_scheduler-1] [INFO] [1785764010.339865827] [charge_scheduler]: [执行事件] loop=fixed plan_v=2 C2 type=station_turnaround target=-1 station_ord=3 planned_finish=333.12 actual_finish=333.12 dev=+0.00 injected=0.0
[charge_scheduler-1] [INFO] [1785764010.339872231] [charge_scheduler]: [执行事件] loop=fixed plan_v=2 C3 type=target_service target=14 station_ord=0 planned_finish=336.76 actual_finish=336.76 dev=+0.00 injected=0.0
[charge_scheduler-1] [INFO] [1785764010.339879140] [charge_scheduler]: [执行事件] loop=fixed plan_v=2 C1 type=target_service target=2 station_ord=0 planned_finish=338.51 actual_finish=338.51 dev=+0.00 injected=0.0
[charge_scheduler-1] [INFO] [1785764010.339885807] [charge_scheduler]: [执行事件] loop=fixed plan_v=2 C3 type=station_turnaround target=-1 station_ord=3 planned_finish=351.03 actual_finish=351.03 dev=+0.00 injected=0.0
[charge_scheduler-1] [INFO] [1785764010.339893153] [charge_scheduler]: [执行事件] loop=fixed plan_v=2 C1 type=station_turnaround target=-1 station_ord=3 planned_finish=351.15 actual_finish=351.15 dev=+0.00 injected=0.0
[charge_scheduler-1] [INFO] [1785764010.339900025] [charge_scheduler]: [执行事件] loop=fixed plan_v=2 C2 type=target_service target=17 station_ord=0 planned_finish=378.08 actual_finish=378.08 dev=+0.00 injected=0.0
[charge_scheduler-1] [INFO] [1785764010.339906886] [charge_scheduler]: [执行事件] loop=fixed plan_v=2 C2 type=final_return target=-1 station_ord=0 planned_finish=380.01 actual_finish=380.01 dev=+0.00 injected=0.0
[charge_scheduler-1] [INFO] [1785764010.339913688] [charge_scheduler]: [执行事件] loop=fixed plan_v=2 C3 type=target_service target=8 station_ord=0 planned_finish=391.25 actual_finish=391.25 dev=+0.00 injected=0.0
[charge_scheduler-1] [INFO] [1785764010.339920384] [charge_scheduler]: [执行事件] loop=fixed plan_v=2 C3 type=final_return target=-1 station_ord=0 planned_finish=393.06 actual_finish=393.06 dev=+0.00 injected=0.0
[charge_scheduler-1] [INFO] [1785764010.339930841] [charge_scheduler]: [执行事件] loop=fixed plan_v=2 C1 type=target_service target=20 station_ord=0 planned_finish=396.97 actual_finish=396.97 dev=+0.00 injected=0.0
[charge_scheduler-1] [INFO] [1785764010.339937538] [charge_scheduler]: [执行事件] loop=fixed plan_v=2 C1 type=final_return target=-1 station_ord=0 planned_finish=399.43 actual_finish=399.43 dev=+0.00 injected=0.0
[charge_scheduler-1] [INFO] [1785764010.339967004] [charge_scheduler]: [执行事件] loop=global plan_v=0 C1 type=target_service target=27 station_ord=0 planned_finish=5.89 actual_finish=5.89 dev=+0.00 injected=0.0
[charge_scheduler-1] [INFO] [1785764010.339977728] [charge_scheduler]: [执行事件] loop=global plan_v=0 C2 type=target_service target=4 station_ord=0 planned_finish=11.77 actual_finish=11.77 dev=+0.00 injected=0.0
[charge_scheduler-1] [INFO] [1785764010.339985344] [charge_scheduler]: [执行事件] loop=global plan_v=0 C1 type=target_service target=12 station_ord=0 planned_finish=14.55 actual_finish=14.55 dev=+0.00 injected=0.0
[charge_scheduler-1] [INFO] [1785764010.339992274] [charge_scheduler]: [执行事件] loop=global plan_v=0 C1 type=target_service target=21 station_ord=0 planned_finish=23.35 actual_finish=23.35 dev=+0.00 injected=0.0
[charge_scheduler-1] [INFO] [1785764010.339999643] [charge_scheduler]: [执行事件] loop=global plan_v=0 C3 type=target_service target=3 station_ord=0 planned_finish=26.90 actual_finish=26.90 dev=+0.00 injected=0.0
[charge_scheduler-1] [INFO] [1785764010.340006596] [charge_scheduler]: [执行事件] loop=global plan_v=0 C1 type=target_service target=15 station_ord=0 planned_finish=48.34 actual_finish=48.34 dev=+0.00 injected=0.0
[charge_scheduler-1] [INFO] [1785764010.340017313] [charge_scheduler]: [执行事件] loop=global plan_v=0 C2 type=target_service target=22 station_ord=0 planned_finish=48.85 actual_finish=48.85 dev=+0.00 injected=0.0
[charge_scheduler-1] [INFO] [1785764010.340024395] [charge_scheduler]: [执行事件] loop=global plan_v=0 C3 type=target_service target=9 station_ord=0 planned_finish=55.68 actual_finish=55.68 dev=+0.00 injected=0.0
[charge_scheduler-1] [INFO] [1785764010.340033494] [charge_scheduler]: [执行事件] loop=global plan_v=0 C2 type=target_service target=7 station_ord=0 planned_finish=73.88 actual_finish=73.88 dev=+0.00 injected=0.0
[charge_scheduler-1] [INFO] [1785764010.340043233] [charge_scheduler]: [执行事件] loop=global plan_v=0 C3 type=target_service target=1 station_ord=0 planned_finish=79.59 actual_finish=79.59 dev=+0.00 injected=0.0
[charge_scheduler-1] [INFO] [1785764010.340051821] [charge_scheduler]: [执行事件] loop=global plan_v=0 C1 type=target_service target=11 station_ord=0 planned_finish=91.28 actual_finish=91.28 dev=+0.00 injected=0.0
[charge_scheduler-1] [INFO] [1785764010.340060489] [charge_scheduler]: [执行事件] loop=global plan_v=0 C3 type=target_service target=18 station_ord=0 planned_finish=108.11 actual_finish=108.11 dev=+0.00 injected=0.0
[charge_scheduler-1] [INFO] [1785764010.340068399] [charge_scheduler]: [执行事件] loop=global plan_v=0 C2 type=target_service target=28 station_ord=0 planned_finish=110.97 actual_finish=110.97 dev=+0.00 injected=0.0
[charge_scheduler-1] [INFO] [1785764010.340075524] [charge_scheduler]: [执行事件] loop=global plan_v=0 C1 type=station_turnaround target=-1 station_ord=1 planned_finish=102.82 actual_finish=117.82 dev=+15.00 injected=15.0
[charge_scheduler-1] [WARN] [1785764012.922011585] [charge_scheduler]: [重调度事件] policy=global #1 t=117.82min trigger=C1/station_turnaround dev=+15.00 pool=17 committed=0 plan_v=1 solve_ms=2581.9 changed_assign=9 changed_order=7
[charge_scheduler-1] [INFO] [1785764012.922052226] [charge_scheduler]: [执行事件] loop=global plan_v=0 C2 type=station_turnaround target=-1 station_ord=1 planned_finish=123.49 actual_finish=123.49 dev=+0.00 injected=0.0
[charge_scheduler-1] [INFO] [1785764012.922061562] [charge_scheduler]: [执行事件] loop=global plan_v=0 C3 type=station_turnaround target=-1 station_ord=1 planned_finish=120.15 actual_finish=135.15 dev=+15.00 injected=15.0
[charge_scheduler-1] [WARN] [1785764014.457309033] [charge_scheduler]: [重调度事件] policy=global #2 t=135.15min trigger=C3/station_turnaround dev=+15.00 pool=15 committed=2 plan_v=2 solve_ms=1535.2 changed_assign=7 changed_order=10
[charge_scheduler-1] [INFO] [1785764014.457362011] [charge_scheduler]: [执行事件] loop=global plan_v=1 C1 type=target_service target=24 station_ord=0 planned_finish=145.81 actual_finish=145.81 dev=+0.00 injected=0.0
[charge_scheduler-1] [INFO] [1785764014.457371533] [charge_scheduler]: [执行事件] loop=global plan_v=1 C2 type=target_service target=5 station_ord=0 planned_finish=170.31 actual_finish=170.31 dev=+0.00 injected=0.0
[charge_scheduler-1] [INFO] [1785764014.457377922] [charge_scheduler]: [执行事件] loop=global plan_v=2 C3 type=target_service target=13 station_ord=0 planned_finish=172.08 actual_finish=172.08 dev=+0.00 injected=0.0
[charge_scheduler-1] [INFO] [1785764014.457383975] [charge_scheduler]: [执行事件] loop=global plan_v=2 C1 type=target_service target=0 station_ord=0 planned_finish=185.03 actual_finish=185.03 dev=+0.00 injected=0.0
[charge_scheduler-1] [INFO] [1785764014.457389645] [charge_scheduler]: [执行事件] loop=global plan_v=2 C3 type=target_service target=16 station_ord=0 planned_finish=207.93 actual_finish=207.93 dev=+0.00 injected=0.0
[charge_scheduler-1] [INFO] [1785764014.457395435] [charge_scheduler]: [执行事件] loop=global plan_v=2 C2 type=target_service target=20 station_ord=0 planned_finish=215.73 actual_finish=215.73 dev=+0.00 injected=0.0
[charge_scheduler-1] [INFO] [1785764014.457406697] [charge_scheduler]: [执行事件] loop=global plan_v=2 C1 type=target_service target=8 station_ord=0 planned_finish=227.89 actual_finish=227.89 dev=+0.00 injected=0.0
[charge_scheduler-1] [INFO] [1785764014.457412584] [charge_scheduler]: [执行事件] loop=global plan_v=2 C2 type=station_turnaround target=-1 station_ord=2 planned_finish=228.19 actual_finish=228.19 dev=+0.00 injected=0.0
[charge_scheduler-1] [INFO] [1785764014.457441643] [charge_scheduler]: [执行事件] loop=global plan_v=2 C1 type=station_turnaround target=-1 station_ord=2 planned_finish=239.71 actual_finish=239.71 dev=+0.00 injected=0.0
[charge_scheduler-1] [INFO] [1785764014.457448363] [charge_scheduler]: [执行事件] loop=global plan_v=2 C3 type=target_service target=19 station_ord=0 planned_finish=246.80 actual_finish=246.80 dev=+0.00 injected=0.0
[charge_scheduler-1] [INFO] [1785764014.457454591] [charge_scheduler]: [执行事件] loop=global plan_v=2 C3 type=station_turnaround target=-1 station_ord=2 planned_finish=260.13 actual_finish=260.13 dev=+0.00 injected=0.0
[charge_scheduler-1] [INFO] [1785764014.457460461] [charge_scheduler]: [执行事件] loop=global plan_v=2 C1 type=target_service target=10 station_ord=0 planned_finish=277.75 actual_finish=277.75 dev=+0.00 injected=0.0
[charge_scheduler-1] [INFO] [1785764014.457466486] [charge_scheduler]: [执行事件] loop=global plan_v=2 C2 type=target_service target=23 station_ord=0 planned_finish=278.27 actual_finish=278.27 dev=+0.00 injected=0.0
[charge_scheduler-1] [INFO] [1785764014.457472075] [charge_scheduler]: [执行事件] loop=global plan_v=2 C3 type=target_service target=25 station_ord=0 planned_finish=297.93 actual_finish=297.93 dev=+0.00 injected=0.0
[charge_scheduler-1] [INFO] [1785764014.457477697] [charge_scheduler]: [执行事件] loop=global plan_v=2 C1 type=target_service target=2 station_ord=0 planned_finish=324.19 actual_finish=324.19 dev=+0.00 injected=0.0
[charge_scheduler-1] [INFO] [1785764014.457483412] [charge_scheduler]: [执行事件] loop=global plan_v=2 C2 type=target_service target=26 station_ord=0 planned_finish=324.94 actual_finish=324.94 dev=+0.00 injected=0.0
[charge_scheduler-1] [INFO] [1785764014.457488941] [charge_scheduler]: [执行事件] loop=global plan_v=2 C1 type=station_turnaround target=-1 station_ord=3 planned_finish=336.84 actual_finish=336.84 dev=+0.00 injected=0.0
[charge_scheduler-1] [INFO] [1785764014.457494797] [charge_scheduler]: [执行事件] loop=global plan_v=2 C2 type=station_turnaround target=-1 station_ord=3 planned_finish=337.56 actual_finish=337.56 dev=+0.00 injected=0.0
[charge_scheduler-1] [INFO] [1785764014.457500589] [charge_scheduler]: [执行事件] loop=global plan_v=2 C3 type=target_service target=14 station_ord=0 planned_finish=342.23 actual_finish=342.23 dev=+0.00 injected=0.0
[charge_scheduler-1] [INFO] [1785764014.457506173] [charge_scheduler]: [执行事件] loop=global plan_v=2 C3 type=station_turnaround target=-1 station_ord=3 planned_finish=356.50 actual_finish=356.50 dev=+0.00 injected=0.0
[charge_scheduler-1] [INFO] [1785764014.457511851] [charge_scheduler]: [执行事件] loop=global plan_v=2 C2 type=target_service target=17 station_ord=0 planned_finish=382.92 actual_finish=382.92 dev=+0.00 injected=0.0
[charge_scheduler-1] [INFO] [1785764014.457517418] [charge_scheduler]: [执行事件] loop=global plan_v=2 C1 type=target_service target=6 station_ord=0 planned_finish=384.73 actual_finish=384.73 dev=+0.00 injected=0.0
[charge_scheduler-1] [INFO] [1785764014.457522922] [charge_scheduler]: [执行事件] loop=global plan_v=2 C2 type=final_return target=-1 station_ord=0 planned_finish=384.85 actual_finish=384.85 dev=+0.00 injected=0.0
[charge_scheduler-1] [INFO] [1785764014.457528501] [charge_scheduler]: [执行事件] loop=global plan_v=2 C1 type=final_return target=-1 station_ord=0 planned_finish=389.25 actual_finish=389.25 dev=+0.00 injected=0.0
[charge_scheduler-1] [INFO] [1785764014.457533892] [charge_scheduler]: [执行事件] loop=global plan_v=2 C3 type=target_service target=29 station_ord=0 planned_finish=401.47 actual_finish=401.47 dev=+0.00 injected=0.0
[charge_scheduler-1] [INFO] [1785764014.457539304] [charge_scheduler]: [执行事件] loop=global plan_v=2 C3 type=final_return target=-1 station_ord=0 planned_finish=405.67 actual_finish=405.67 dev=+0.00 injected=0.0
[charge_scheduler-1] [INFO] [1785764014.457552817] [charge_scheduler]: ★闭环实验结果 mode=open M=30 K=3 disturbance=station delay=15.0 seed=10 N_late=9 T_overtime=469.895 C_total=7716.779 makespan=399.433 served=30 energy_viol=2 reschedules=0 reschedule_ms=0.000 changed_assign=0 changed_order=0 applied_target=0 applied_station=2 initial_solve_ms=46638.190 objective_order=Nlate,Tover,Ctotal
[charge_scheduler-1] [INFO] [1785764014.457563347] [charge_scheduler]: ★闭环实验结果 mode=fixed M=30 K=3 disturbance=station delay=15.0 seed=10 N_late=9 T_overtime=496.431 C_total=7663.488 makespan=399.433 served=30 energy_viol=0 reschedules=2 reschedule_ms=674.609 changed_assign=0 changed_order=19 applied_target=0 applied_station=2 initial_solve_ms=46638.190 objective_order=Nlate,Tover,Ctotal
[charge_scheduler-1] [INFO] [1785764014.457574588] [charge_scheduler]: ★闭环实验收益 policy=fixed M=30 K=3 disturbance=station delay=15.0 seed=10 recovered_late=0 overtime_reduction=-26.536 distance_delta=-53.291 makespan_reduction=0.000
[charge_scheduler-1] [INFO] [1785764014.457580923] [charge_scheduler]: ★闭环实验结果 mode=closed M=30 K=3 disturbance=station delay=15.0 seed=10 N_late=6 T_overtime=480.826 C_total=8109.484 makespan=405.670 served=30 energy_viol=0 reschedules=2 reschedule_ms=4117.113 changed_assign=16 changed_order=17 applied_target=0 applied_station=2 initial_solve_ms=46638.190 objective_order=Nlate,Tover,Ctotal
[charge_scheduler-1] [INFO] [1785764014.457588815] [charge_scheduler]: ★闭环实验收益 policy=closed M=30 K=3 disturbance=station delay=15.0 seed=10 recovered_late=3 overtime_reduction=-10.931 distance_delta=392.705 makespan_reduction=-6.237
