[INFO] [launch]: All log files can be found below /root/.ros/log/2026-08-03-12-15-24-461752-YYYY-29118
[INFO] [launch]: Default logging verbosity is set to INFO
[INFO] [charge_scheduler-1]: process started with pid [29122]
[charge_scheduler-1] [INFO] [1785759324.584808585] [charge_scheduler]: [目标顺序] objective_order=Nlate,Tover,Ctotal
[charge_scheduler-1] [INFO] [1785759324.585433609] [charge_scheduler]: [Scheduler] 20辆车 | 电池800.0kWh(20%=160.0 80%=640.0) | 充电360kW效率97% | 行驶0.6kWh/km | 桩350kW
[charge_scheduler-1] [INFO] [1785759324.585471601] [charge_scheduler]: [Scheduler] 站端周转: 换电 10 min(换后满电) | 单趟可用 640 kWh
[charge_scheduler-1] [INFO] [1785759324.585486632] [charge_scheduler]:   车#0 [电动装载机282|light] 位置(3865.2,73751.0) 容量282kWh 剩余35% | α=6→6min/% τ=168min → 需130.8kWh(充21.2min)
[charge_scheduler-1] [INFO] [1785759324.585502006] [charge_scheduler]:   车#1 [重型叉车|light] 位置(3785.0,73749.2) 容量200kWh 剩余20% | α=6→6min/% τ=96min → 需123.7kWh(充20.0min)
[charge_scheduler-1] [INFO] [1785759324.585515348] [charge_scheduler]:   车#2 [电动装载机350|light] 位置(3811.5,73799.9) 容量350kWh 剩余50% | α=6→6min/% τ=288min → 需108.2kWh(充17.5min)
[charge_scheduler-1] [INFO] [1785759324.585528409] [charge_scheduler]:   车#3 [重型叉车|light] 位置(3810.8,73773.1) 容量200kWh 剩余10% | α=6→6min/% τ=32min → 需144.3kWh(充23.3min)
[charge_scheduler-1] [INFO] [1785759324.585541611] [charge_scheduler]:   车#4 [电动装载机282|heavy→降级] 位置(3905.0,73793.5) 容量282kWh 剩余60% | α=3→6min/% τ=212min → 需58.1kWh(充9.4min)
[charge_scheduler-1] [INFO] [1785759324.585554731] [charge_scheduler]:   车#5 [电动装载机350|light] 位置(3894.3,73756.9) 容量350kWh 剩余25% | α=6→6min/% τ=128min → 需198.5kWh(充32.1min)
[charge_scheduler-1] [INFO] [1785759324.585566906] [charge_scheduler]:   车#6 [电动装载机350|heavy→降级] 位置(3818.5,73716.2) 容量350kWh 剩余40% | α=4→6min/% τ=176min → 需144.3kWh(充23.3min)
[charge_scheduler-1] [INFO] [1785759324.585578822] [charge_scheduler]:   车#7 [重型叉车|light] 位置(3733.2,73772.4) 容量200kWh 剩余15% | α=6→6min/% τ=64min → 需134.0kWh(充21.7min)
[charge_scheduler-1] [INFO] [1785759324.585591641] [charge_scheduler]:   车#8 [电动装载机282|heavy→降级] 位置(3764.7,73699.0) 容量282kWh 剩余55% | α=3→6min/% τ=196min → 需72.7kWh(充11.8min)
[charge_scheduler-1] [INFO] [1785759324.585611463] [charge_scheduler]:   车#9 [电动装载机282|heavy→降级] 位置(3878.4,73747.9) 容量282kWh 剩余30% | α=3→6min/% τ=116min → 需145.4kWh(充23.5min)
[charge_scheduler-1] [INFO] [1785759324.585623614] [charge_scheduler]:   车#10 [电动装载机282|light] 位置(3740.3,73686.9) 容量282kWh 剩余45% | α=6→6min/% τ=224min → 需101.8kWh(充16.4min)
[charge_scheduler-1] [INFO] [1785759324.585635698] [charge_scheduler]:   车#11 [电动装载机350|light] 位置(3895.4,73811.9) 容量350kWh 剩余18% | α=6→6min/% τ=83min → 需223.7kWh(充36.2min)
[charge_scheduler-1] [INFO] [1785759324.585648442] [charge_scheduler]:   车#12 [重型叉车|heavy→降级] 位置(3876.0,73830.2) 容量200kWh 剩余62% | α=3→6min/% τ=230min → 需37.1kWh(充6.0min)
[charge_scheduler-1] [INFO] [1785759324.585661366] [charge_scheduler]:   车#13 [电动装载机282|light] 位置(3765.9,73790.3) 容量282kWh 剩余28% | α=6→6min/% τ=129min → 需151.2kWh(充24.4min)
[charge_scheduler-1] [INFO] [1785759324.585673668] [charge_scheduler]:   车#14 [电动装载机350|light] 位置(3637.1,73698.1) 容量350kWh 剩余52% | α=6→6min/% τ=301min → 需101.0kWh(充16.3min)
[charge_scheduler-1] [INFO] [1785759324.585686007] [charge_scheduler]:   车#15 [重型叉车|light] 位置(3884.5,73833.1) 容量200kWh 剩余12% | α=6→6min/% τ=45min → 需140.2kWh(充22.7min)
[charge_scheduler-1] [INFO] [1785759324.585700914] [charge_scheduler]:   车#16 [电动装载机282|light] 位置(3699.3,73765.4) 容量282kWh 剩余38% | α=6→6min/% τ=185min → 需122.1kWh(充19.7min)
[charge_scheduler-1] [INFO] [1785759324.585712844] [charge_scheduler]:   车#17 [电动装载机350|light] 位置(3800.8,73717.7) 容量350kWh 剩余58% | α=6→6min/% τ=339min → 需79.4kWh(充12.8min)
[charge_scheduler-1] [INFO] [1785759324.585724767] [charge_scheduler]:   车#18 [重型叉车|heavy→降级] 位置(3825.0,73792.7) 容量200kWh 剩余22% | α=3→6min/% τ=102min → 需119.6kWh(充19.3min)
[charge_scheduler-1] [INFO] [1785759324.585737418] [charge_scheduler]:   车#19 [电动装载机282|light] 位置(3784.3,73759.0) 容量282kWh 剩余48% | α=6→6min/% τ=241min → 需93.0kWh(充15.0min)
[charge_scheduler-1] [INFO] [1785759324.599613734] [charge_scheduler]: [Scheduler] 闭环接口: threshold=10.0min | event_sim=on | policy=all | structured_feedback=optional (/task_planner/execution_event)
[charge_scheduler-1] [INFO] [1785759324.599647056] [charge_scheduler]: [Scheduler] 已启动, 等待地图...
[charge_scheduler-1] [INFO] [1785759324.599652495] [charge_scheduler]: [Scheduler] 充电车1接口: sequence/served/arrived_target/arrived_station/return_goal/task_complete 后缀=_1
[charge_scheduler-1] [INFO] [1785759324.599657170] [charge_scheduler]: [Scheduler] 充电车2接口: sequence/served/arrived_target/arrived_station/return_goal/task_complete 后缀=_2
[charge_scheduler-1] [INFO] [1785759324.691430846] [charge_scheduler]: [Scheduler] RoutingGraph 就绪
[charge_scheduler-1] [INFO] [1785759324.691903472] [charge_scheduler]: [Scheduler] 提取到 0 条虚线捷径
[charge_scheduler-1] [INFO] [1785759324.721730332] [charge_scheduler]: [Scheduler] 下层兼容增强图: 190 节点, 0 条虚线掉头边
[charge_scheduler-1] [INFO] [1785759334.246818784] [charge_scheduler]: [Scheduler] 距离矩阵完成 21x21, 9525.0 ms | 模式=maneuver | 真实不可达=0 抽象不可达=0 | 缺少对向投影节点=0 | 对向识别(ID/几何/法向)=0/0/0 | 单向驿站投影=0
[charge_scheduler-1] [INFO] [1785759334.246875722] [charge_scheduler]:   ✓ 比值自检：420 个 OD 满足 机动/直线≥1 | 均值=3.73 最大=54.86 (车#15→车#12)
[charge_scheduler-1] [INFO] [1785759334.246887015] [charge_scheduler]: [Scheduler] 地图就绪, 190 条 lanelet（与下层一致）
[charge_scheduler-1] [INFO] [1785759334.246934975] [charge_scheduler]: ======== 开始VRPTW调度 20 辆车 ========
[charge_scheduler-1] [INFO] [1785759334.246939952] [charge_scheduler]:   规模20>8 → 启发式(alns)
[charge_scheduler-1] [INFO] [1785759345.600820866] [charge_scheduler]: [ALNS] objective_order=Nlate,Tover,Ctotal seed=6 iters=15000 | N_late=3(成功率85.0%) T_overtime=253.3min C_total=5538.2m | 趟数=8 makespan=392.7min
[charge_scheduler-1] [INFO] [1785759345.600868014] [charge_scheduler]:   求解耗时 11353.9 ms
[charge_scheduler-1] [INFO] [1785759345.600876102] [charge_scheduler]: ════════ 调度结果 ════════
[charge_scheduler-1] [INFO] [1785759345.600880895] [charge_scheduler]:   ★目标(字典序): objective_order=Nlate,Tover,Ctotal | N_late=3 辆 (按时成功率 17/20 = 85.0%)  T_overtime=253.3min  C_total=5538.2m
[charge_scheduler-1] [INFO] [1785759345.600887497] [charge_scheduler]:   附: 趟数=8 | makespan=392.7min | 能量可行=是
[charge_scheduler-1] [INFO] [1785759345.600897020] [charge_scheduler]:   [充电车1] 趟1: 站 → 车#8(到2.5/限196.0✓) → 车#3(到16.4/限32.0✓) → 车#7(到44.1/限64.0✓) → 车#18(到72.5/限102.4✓) → 站
[charge_scheduler-1] [INFO] [1785759345.600903216] [charge_scheduler]:   [充电车2] 趟2: 站 → 车#15(到3.9/限44.8✓) → 车#4(到27.5/限212.0✓) → 车#11(到41.3/限83.2✓) → 车#1(到84.4/限96.0✓) → 站
[charge_scheduler-1] [INFO] [1785759345.600908382] [charge_scheduler]:   [充电车1] 趟3: 站 → 车#9(到114.0/限116.0✓) → 车#5(到149.4/限128.0✗超时) → 站
[charge_scheduler-1] [INFO] [1785759345.600913864] [charge_scheduler]:   [充电车2] 趟4: 站 → 车#13(到126.8/限128.8✓) → 车#0(到164.8/限168.0✓) → 车#12(到201.5/限230.4✓) → 站
[charge_scheduler-1] [INFO] [1785759345.600918410] [charge_scheduler]:   [充电车1] 趟5: 站 → 车#10(到208.8/限224.0✓) → 车#16(到246.0/限184.8✗超时) → 站
[charge_scheduler-1] [INFO] [1785759345.600924407] [charge_scheduler]:   [充电车2] 趟6: 站 → 车#19(到240.4/限240.8✓) → 车#2(到276.8/限288.0✓) → 站
[charge_scheduler-1] [INFO] [1785759345.600929039] [charge_scheduler]:   [充电车1] 趟7: 站 → 车#14(到296.9/限300.8✓) → 车#6(到346.7/限176.0✗超时) → 站
[charge_scheduler-1] [INFO] [1785759345.600933177] [charge_scheduler]:   [充电车2] 趟8: 站 → 车#17(到337.8/限339.2✓) → 站
[charge_scheduler-1] [INFO] [1785759345.600936501] [charge_scheduler]: ════════════════════════
[charge_scheduler-1] [INFO] [1785759345.600983468] [charge_scheduler]: [扰动清单] type=target delay=60.0min targets={5,11,} station={}
[charge_scheduler-1] [INFO] [1785759345.600996842] [charge_scheduler]: [执行事件] loop=open plan_v=0 C1 type=target_service target=8 station_ord=0 planned_finish=14.59 actual_finish=14.59 dev=+0.00 injected=0.0
[charge_scheduler-1] [INFO] [1785759345.601004333] [charge_scheduler]: [执行事件] loop=open plan_v=0 C2 type=target_service target=15 station_ord=0 planned_finish=26.76 actual_finish=26.76 dev=+0.00 injected=0.0
[charge_scheduler-1] [INFO] [1785759345.601037452] [charge_scheduler]: [执行事件] loop=open plan_v=0 C1 type=target_service target=3 station_ord=0 planned_finish=40.55 actual_finish=40.55 dev=+0.00 injected=0.0
[charge_scheduler-1] [INFO] [1785759345.601043952] [charge_scheduler]: [执行事件] loop=open plan_v=0 C2 type=target_service target=4 station_ord=0 planned_finish=40.95 actual_finish=40.95 dev=+0.00 injected=0.0
[charge_scheduler-1] [INFO] [1785759345.601049686] [charge_scheduler]: [执行事件] loop=open plan_v=0 C1 type=target_service target=7 station_ord=0 planned_finish=68.05 actual_finish=68.05 dev=+0.00 injected=0.0
[charge_scheduler-1] [INFO] [1785759345.601055332] [charge_scheduler]: [执行事件] loop=open plan_v=0 C1 type=target_service target=18 station_ord=0 planned_finish=95.95 actual_finish=95.95 dev=+0.00 injected=0.0
[charge_scheduler-1] [INFO] [1785759345.601061234] [charge_scheduler]: [执行事件] loop=open plan_v=0 C1 type=station_turnaround target=-1 station_ord=1 planned_finish=108.47 actual_finish=108.47 dev=+0.00 injected=0.0
[charge_scheduler-1] [INFO] [1785759345.601067484] [charge_scheduler]: [执行事件] loop=open plan_v=0 C2 type=target_service target=11 station_ord=0 planned_finish=81.23 actual_finish=141.23 dev=+60.00 injected=60.0
[charge_scheduler-1] [INFO] [1785759345.601073602] [charge_scheduler]: [执行事件] loop=open plan_v=0 C1 type=target_service target=9 station_ord=0 planned_finish=149.05 actual_finish=149.05 dev=+0.00 injected=0.0
[charge_scheduler-1] [INFO] [1785759345.601079659] [charge_scheduler]: [执行事件] loop=open plan_v=0 C2 type=target_service target=1 station_ord=0 planned_finish=108.76 actual_finish=169.37 dev=+60.61 injected=0.0
[charge_scheduler-1] [INFO] [1785759345.601085178] [charge_scheduler]: [执行事件] loop=open plan_v=0 C2 type=station_turnaround target=-1 station_ord=1 planned_finish=120.30 actual_finish=180.91 dev=+60.61 injected=0.0
[charge_scheduler-1] [INFO] [1785759345.601090863] [charge_scheduler]: [执行事件] loop=open plan_v=0 C2 type=target_service target=13 station_ord=0 planned_finish=161.91 actual_finish=222.68 dev=+60.77 injected=0.0
[charge_scheduler-1] [INFO] [1785759345.601096587] [charge_scheduler]: [执行事件] loop=open plan_v=0 C1 type=target_service target=5 station_ord=0 planned_finish=193.13 actual_finish=253.13 dev=+60.00 injected=60.0
[charge_scheduler-1] [INFO] [1785759345.601102731] [charge_scheduler]: [执行事件] loop=open plan_v=0 C2 type=target_service target=0 station_ord=0 planned_finish=199.75 actual_finish=260.79 dev=+61.04 injected=0.0
[charge_scheduler-1] [INFO] [1785759345.601108266] [charge_scheduler]: [执行事件] loop=open plan_v=0 C1 type=station_turnaround target=-1 station_ord=2 planned_finish=206.73 actual_finish=266.73 dev=+60.00 injected=0.0
[charge_scheduler-1] [INFO] [1785759345.601113911] [charge_scheduler]: [执行事件] loop=open plan_v=0 C2 type=target_service target=12 station_ord=0 planned_finish=225.03 actual_finish=287.58 dev=+62.55 injected=0.0
[charge_scheduler-1] [INFO] [1785759345.601119340] [charge_scheduler]: [执行事件] loop=open plan_v=0 C2 type=station_turnaround target=-1 station_ord=2 planned_finish=239.20 actual_finish=301.75 dev=+62.55 injected=0.0
[charge_scheduler-1] [INFO] [1785759345.601124917] [charge_scheduler]: [执行事件] loop=open plan_v=0 C1 type=target_service target=10 station_ord=0 planned_finish=242.78 actual_finish=304.06 dev=+61.28 injected=0.0
[charge_scheduler-1] [INFO] [1785759345.601130545] [charge_scheduler]: [执行事件] loop=open plan_v=0 C2 type=target_service target=19 station_ord=0 planned_finish=275.64 actual_finish=338.22 dev=+62.58 injected=0.0
[charge_scheduler-1] [INFO] [1785759345.601136049] [charge_scheduler]: [执行事件] loop=open plan_v=0 C1 type=target_service target=16 station_ord=0 planned_finish=281.27 actual_finish=342.55 dev=+61.28 injected=0.0
[charge_scheduler-1] [INFO] [1785759345.601142320] [charge_scheduler]: [执行事件] loop=open plan_v=0 C1 type=station_turnaround target=-1 station_ord=3 planned_finish=293.89 actual_finish=355.17 dev=+61.28 injected=0.0
[charge_scheduler-1] [INFO] [1785759345.601148062] [charge_scheduler]: [执行事件] loop=open plan_v=0 C2 type=target_service target=2 station_ord=0 planned_finish=319.49 actual_finish=383.09 dev=+63.60 injected=0.0
[charge_scheduler-1] [INFO] [1785759345.601153599] [charge_scheduler]: [执行事件] loop=open plan_v=0 C2 type=station_turnaround target=-1 station_ord=3 planned_finish=336.05 actual_finish=399.65 dev=+63.60 injected=0.0
[charge_scheduler-1] [INFO] [1785759345.601161630] [charge_scheduler]: [执行事件] loop=open plan_v=0 C1 type=target_service target=14 station_ord=0 planned_finish=340.27 actual_finish=401.90 dev=+61.63 injected=0.0
[charge_scheduler-1] [INFO] [1785759345.601167680] [charge_scheduler]: [执行事件] loop=open plan_v=0 C2 type=target_service target=17 station_ord=0 planned_finish=381.38 actual_finish=445.11 dev=+63.73 injected=0.0
[charge_scheduler-1] [INFO] [1785759345.601173199] [charge_scheduler]: [执行事件] loop=open plan_v=0 C2 type=final_return target=-1 station_ord=0 planned_finish=384.95 actual_finish=448.68 dev=+63.73 injected=0.0
[charge_scheduler-1] [INFO] [1785759345.601178775] [charge_scheduler]: [执行事件] loop=open plan_v=0 C1 type=target_service target=6 station_ord=0 planned_finish=390.42 actual_finish=452.05 dev=+61.63 injected=0.0
[charge_scheduler-1] [INFO] [1785759345.601184037] [charge_scheduler]: [执行事件] loop=open plan_v=0 C1 type=final_return target=-1 station_ord=0 planned_finish=392.74 actual_finish=454.37 dev=+61.63 injected=0.0
[charge_scheduler-1] [INFO] [1785759345.601195875] [charge_scheduler]: [执行事件] loop=fixed plan_v=0 C1 type=target_service target=8 station_ord=0 planned_finish=14.59 actual_finish=14.59 dev=+0.00 injected=0.0
[charge_scheduler-1] [INFO] [1785759345.601201807] [charge_scheduler]: [执行事件] loop=fixed plan_v=0 C2 type=target_service target=15 station_ord=0 planned_finish=26.76 actual_finish=26.76 dev=+0.00 injected=0.0
[charge_scheduler-1] [INFO] [1785759345.601207386] [charge_scheduler]: [执行事件] loop=fixed plan_v=0 C1 type=target_service target=3 station_ord=0 planned_finish=40.55 actual_finish=40.55 dev=+0.00 injected=0.0
[charge_scheduler-1] [INFO] [1785759345.601213164] [charge_scheduler]: [执行事件] loop=fixed plan_v=0 C2 type=target_service target=4 station_ord=0 planned_finish=40.95 actual_finish=40.95 dev=+0.00 injected=0.0
[charge_scheduler-1] [INFO] [1785759345.601218695] [charge_scheduler]: [执行事件] loop=fixed plan_v=0 C1 type=target_service target=7 station_ord=0 planned_finish=68.05 actual_finish=68.05 dev=+0.00 injected=0.0
[charge_scheduler-1] [INFO] [1785759345.601224067] [charge_scheduler]: [执行事件] loop=fixed plan_v=0 C1 type=target_service target=18 station_ord=0 planned_finish=95.95 actual_finish=95.95 dev=+0.00 injected=0.0
[charge_scheduler-1] [INFO] [1785759345.601229770] [charge_scheduler]: [执行事件] loop=fixed plan_v=0 C1 type=station_turnaround target=-1 station_ord=1 planned_finish=108.47 actual_finish=108.47 dev=+0.00 injected=0.0
[charge_scheduler-1] [INFO] [1785759345.601235697] [charge_scheduler]: [执行事件] loop=fixed plan_v=0 C2 type=target_service target=11 station_ord=0 planned_finish=81.23 actual_finish=141.23 dev=+60.00 injected=60.0
[charge_scheduler-1] [WARN] [1785759345.867308074] [charge_scheduler]: [重调度事件] policy=fixed #1 t=141.23min trigger=C2/target_service dev=+60.00 pool=12 committed=1 plan_v=1 solve_ms=266.0 changed_assign=0 changed_order=9
[charge_scheduler-1] [INFO] [1785759345.867355275] [charge_scheduler]: [执行事件] loop=fixed plan_v=0 C1 type=target_service target=9 station_ord=0 planned_finish=149.05 actual_finish=149.05 dev=+0.00 injected=0.0
[charge_scheduler-1] [INFO] [1785759345.867366712] [charge_scheduler]: [执行事件] loop=fixed plan_v=1 C2 type=target_service target=1 station_ord=0 planned_finish=169.37 actual_finish=169.37 dev=+0.00 injected=0.0
[charge_scheduler-1] [INFO] [1785759345.867375771] [charge_scheduler]: [执行事件] loop=fixed plan_v=1 C2 type=station_turnaround target=-1 station_ord=1 planned_finish=180.91 actual_finish=180.91 dev=+0.00 injected=0.0
[charge_scheduler-1] [INFO] [1785759345.867384959] [charge_scheduler]: [执行事件] loop=fixed plan_v=1 C1 type=target_service target=6 station_ord=0 planned_finish=191.56 actual_finish=191.56 dev=+0.00 injected=0.0
[charge_scheduler-1] [INFO] [1785759345.867393275] [charge_scheduler]: [执行事件] loop=fixed plan_v=1 C1 type=station_turnaround target=-1 station_ord=2 planned_finish=203.89 actual_finish=203.89 dev=+0.00 injected=0.0
[charge_scheduler-1] [INFO] [1785759345.867401634] [charge_scheduler]: [执行事件] loop=fixed plan_v=1 C2 type=target_service target=0 station_ord=0 planned_finish=218.95 actual_finish=218.95 dev=+0.00 injected=0.0
[charge_scheduler-1] [INFO] [1785759345.867430222] [charge_scheduler]: [执行事件] loop=fixed plan_v=1 C1 type=target_service target=16 station_ord=0 planned_finish=241.34 actual_finish=241.34 dev=+0.00 injected=0.0
[charge_scheduler-1] [INFO] [1785759345.867439273] [charge_scheduler]: [执行事件] loop=fixed plan_v=1 C2 type=target_service target=12 station_ord=0 planned_finish=245.24 actual_finish=245.24 dev=+0.00 injected=0.0
[charge_scheduler-1] [INFO] [1785759345.867448703] [charge_scheduler]: [执行事件] loop=fixed plan_v=1 C1 type=target_service target=10 station_ord=0 planned_finish=279.86 actual_finish=279.86 dev=+0.00 injected=0.0
[charge_scheduler-1] [INFO] [1785759345.867457786] [charge_scheduler]: [执行事件] loop=fixed plan_v=1 C2 type=target_service target=13 station_ord=0 planned_finish=282.59 actual_finish=282.59 dev=+0.00 injected=0.0
[charge_scheduler-1] [INFO] [1785759345.867466076] [charge_scheduler]: [执行事件] loop=fixed plan_v=1 C1 type=station_turnaround target=-1 station_ord=3 planned_finish=292.32 actual_finish=292.32 dev=+0.00 injected=0.0
[charge_scheduler-1] [INFO] [1785759345.867474475] [charge_scheduler]: [执行事件] loop=fixed plan_v=1 C2 type=station_turnaround target=-1 station_ord=2 planned_finish=294.73 actual_finish=294.73 dev=+0.00 injected=0.0
[charge_scheduler-1] [INFO] [1785759345.867483073] [charge_scheduler]: [执行事件] loop=fixed plan_v=1 C2 type=target_service target=19 station_ord=0 planned_finish=331.20 actual_finish=331.20 dev=+0.00 injected=0.0
[charge_scheduler-1] [INFO] [1785759345.867494407] [charge_scheduler]: [执行事件] loop=fixed plan_v=1 C1 type=target_service target=14 station_ord=0 planned_finish=338.55 actual_finish=338.55 dev=+0.00 injected=0.0
[charge_scheduler-1] [INFO] [1785759345.867503920] [charge_scheduler]: [执行事件] loop=fixed plan_v=1 C2 type=target_service target=2 station_ord=0 planned_finish=376.07 actual_finish=376.07 dev=+0.00 injected=0.0
[charge_scheduler-1] [INFO] [1785759345.867512353] [charge_scheduler]: [执行事件] loop=fixed plan_v=1 C2 type=station_turnaround target=-1 station_ord=3 planned_finish=392.63 actual_finish=392.63 dev=+0.00 injected=0.0
[charge_scheduler-1] [INFO] [1785759345.867520897] [charge_scheduler]: [执行事件] loop=fixed plan_v=1 C2 type=target_service target=17 station_ord=0 planned_finish=438.10 actual_finish=438.10 dev=+0.00 injected=0.0
[charge_scheduler-1] [INFO] [1785759345.867528869] [charge_scheduler]: [执行事件] loop=fixed plan_v=1 C2 type=final_return target=-1 station_ord=0 planned_finish=441.67 actual_finish=441.67 dev=+0.00 injected=0.0
[charge_scheduler-1] [INFO] [1785759345.867537079] [charge_scheduler]: [执行事件] loop=fixed plan_v=1 C1 type=target_service target=5 station_ord=0 planned_finish=390.79 actual_finish=450.79 dev=+60.00 injected=60.0
[charge_scheduler-1] [INFO] [1785759345.867547213] [charge_scheduler]: [执行事件] loop=fixed plan_v=1 C1 type=final_return target=-1 station_ord=0 planned_finish=394.40 actual_finish=454.40 dev=+60.00 injected=0.0
[charge_scheduler-1] [INFO] [1785759345.867570245] [charge_scheduler]: [执行事件] loop=global plan_v=0 C1 type=target_service target=8 station_ord=0 planned_finish=14.59 actual_finish=14.59 dev=+0.00 injected=0.0
[charge_scheduler-1] [INFO] [1785759345.867579071] [charge_scheduler]: [执行事件] loop=global plan_v=0 C2 type=target_service target=15 station_ord=0 planned_finish=26.76 actual_finish=26.76 dev=+0.00 injected=0.0
[charge_scheduler-1] [INFO] [1785759345.867587310] [charge_scheduler]: [执行事件] loop=global plan_v=0 C1 type=target_service target=3 station_ord=0 planned_finish=40.55 actual_finish=40.55 dev=+0.00 injected=0.0
[charge_scheduler-1] [INFO] [1785759345.867595742] [charge_scheduler]: [执行事件] loop=global plan_v=0 C2 type=target_service target=4 station_ord=0 planned_finish=40.95 actual_finish=40.95 dev=+0.00 injected=0.0
[charge_scheduler-1] [INFO] [1785759345.867605253] [charge_scheduler]: [执行事件] loop=global plan_v=0 C1 type=target_service target=7 station_ord=0 planned_finish=68.05 actual_finish=68.05 dev=+0.00 injected=0.0
[charge_scheduler-1] [INFO] [1785759345.867614310] [charge_scheduler]: [执行事件] loop=global plan_v=0 C1 type=target_service target=18 station_ord=0 planned_finish=95.95 actual_finish=95.95 dev=+0.00 injected=0.0
[charge_scheduler-1] [INFO] [1785759345.867623152] [charge_scheduler]: [执行事件] loop=global plan_v=0 C1 type=station_turnaround target=-1 station_ord=1 planned_finish=108.47 actual_finish=108.47 dev=+0.00 injected=0.0
[charge_scheduler-1] [INFO] [1785759345.867639378] [charge_scheduler]: [执行事件] loop=global plan_v=0 C2 type=target_service target=11 station_ord=0 planned_finish=81.23 actual_finish=141.23 dev=+60.00 injected=60.0
[charge_scheduler-1] [WARN] [1785759346.801294386] [charge_scheduler]: [重调度事件] policy=global #1 t=141.23min trigger=C2/target_service dev=+60.00 pool=12 committed=1 plan_v=1 solve_ms=933.6 changed_assign=7 changed_order=10
[charge_scheduler-1] [INFO] [1785759346.801354396] [charge_scheduler]: [执行事件] loop=global plan_v=0 C1 type=target_service target=9 station_ord=0 planned_finish=149.05 actual_finish=149.05 dev=+0.00 injected=0.0
[charge_scheduler-1] [INFO] [1785759346.801366169] [charge_scheduler]: [执行事件] loop=global plan_v=1 C2 type=target_service target=1 station_ord=0 planned_finish=169.37 actual_finish=169.37 dev=+0.00 injected=0.0
[charge_scheduler-1] [INFO] [1785759346.801375259] [charge_scheduler]: [执行事件] loop=global plan_v=1 C2 type=station_turnaround target=-1 station_ord=1 planned_finish=180.91 actual_finish=180.91 dev=+0.00 injected=0.0
[charge_scheduler-1] [INFO] [1785759346.801384316] [charge_scheduler]: [执行事件] loop=global plan_v=1 C1 type=target_service target=0 station_ord=0 planned_finish=187.10 actual_finish=187.10 dev=+0.00 injected=0.0
[charge_scheduler-1] [INFO] [1785759346.801393260] [charge_scheduler]: [执行事件] loop=global plan_v=1 C2 type=target_service target=16 station_ord=0 planned_finish=218.22 actual_finish=218.22 dev=+0.00 injected=0.0
[charge_scheduler-1] [INFO] [1785759346.801402406] [charge_scheduler]: [执行事件] loop=global plan_v=1 C1 type=target_service target=10 station_ord=0 planned_finish=226.32 actual_finish=226.32 dev=+0.00 injected=0.0
[charge_scheduler-1] [INFO] [1785759346.801410954] [charge_scheduler]: [执行事件] loop=global plan_v=1 C1 type=station_turnaround target=-1 station_ord=2 planned_finish=238.78 actual_finish=238.78 dev=+0.00 injected=0.0
[charge_scheduler-1] [INFO] [1785759346.801420116] [charge_scheduler]: [执行事件] loop=global plan_v=1 C2 type=target_service target=12 station_ord=0 planned_finish=247.89 actual_finish=247.89 dev=+0.00 injected=0.0
[charge_scheduler-1] [INFO] [1785759346.801428956] [charge_scheduler]: [执行事件] loop=global plan_v=1 C1 type=target_service target=19 station_ord=0 planned_finish=275.18 actual_finish=275.18 dev=+0.00 injected=0.0
[charge_scheduler-1] [INFO] [1785759346.801437791] [charge_scheduler]: [执行事件] loop=global plan_v=1 C2 type=target_service target=13 station_ord=0 planned_finish=285.25 actual_finish=285.25 dev=+0.00 injected=0.0
[charge_scheduler-1] [INFO] [1785759346.801446571] [charge_scheduler]: [执行事件] loop=global plan_v=1 C2 type=station_turnaround target=-1 station_ord=2 planned_finish=297.39 actual_finish=297.39 dev=+0.00 injected=0.0
[charge_scheduler-1] [INFO] [1785759346.801455233] [charge_scheduler]: [执行事件] loop=global plan_v=1 C1 type=target_service target=2 station_ord=0 planned_finish=318.99 actual_finish=318.99 dev=+0.00 injected=0.0
[charge_scheduler-1] [INFO] [1785759346.801464741] [charge_scheduler]: [执行事件] loop=global plan_v=1 C1 type=station_turnaround target=-1 station_ord=3 planned_finish=335.55 actual_finish=335.55 dev=+0.00 injected=0.0
[charge_scheduler-1] [INFO] [1785759346.801473491] [charge_scheduler]: [执行事件] loop=global plan_v=1 C2 type=target_service target=14 station_ord=0 planned_finish=344.09 actual_finish=344.09 dev=+0.00 injected=0.0
[charge_scheduler-1] [INFO] [1785759346.801482056] [charge_scheduler]: [执行事件] loop=global plan_v=1 C1 type=target_service target=17 station_ord=0 planned_finish=380.84 actual_finish=380.84 dev=+0.00 injected=0.0
[charge_scheduler-1] [INFO] [1785759346.801492047] [charge_scheduler]: [执行事件] loop=global plan_v=1 C2 type=target_service target=6 station_ord=0 planned_finish=394.23 actual_finish=394.23 dev=+0.00 injected=0.0
[charge_scheduler-1] [INFO] [1785759346.801501058] [charge_scheduler]: [执行事件] loop=global plan_v=1 C2 type=final_return target=-1 station_ord=0 planned_finish=396.56 actual_finish=396.56 dev=+0.00 injected=0.0
[charge_scheduler-1] [INFO] [1785759346.801509806] [charge_scheduler]: [执行事件] loop=global plan_v=1 C1 type=target_service target=5 station_ord=0 planned_finish=429.39 actual_finish=489.39 dev=+60.00 injected=60.0
[charge_scheduler-1] [INFO] [1785759346.801542391] [charge_scheduler]: [执行事件] loop=global plan_v=1 C1 type=final_return target=-1 station_ord=0 planned_finish=433.00 actual_finish=493.00 dev=+60.00 injected=0.0
[charge_scheduler-1] [INFO] [1785759346.801558822] [charge_scheduler]: ★闭环实验结果 mode=open M=20 K=2 disturbance=target delay=60.0 seed=6 N_late=12 T_overtime=850.714 C_total=5538.195 makespan=454.374 served=20 energy_viol=0 reschedules=0 reschedule_ms=0.000 changed_assign=0 changed_order=0 applied_target=2 applied_station=0 initial_solve_ms=11353.927 objective_order=Nlate,Tover,Ctotal
[charge_scheduler-1] [INFO] [1785759346.801573566] [charge_scheduler]: ★闭环实验结果 mode=fixed M=20 K=2 disturbance=target delay=60.0 seed=6 N_late=9 T_overtime=598.171 C_total=5295.694 makespan=454.396 served=20 energy_viol=0 reschedules=1 reschedule_ms=266.021 changed_assign=0 changed_order=9 applied_target=2 applied_station=0 initial_solve_ms=11353.927 objective_order=Nlate,Tover,Ctotal
[charge_scheduler-1] [INFO] [1785759346.801584852] [charge_scheduler]: ★闭环实验收益 policy=fixed M=20 K=2 disturbance=target delay=60.0 seed=6 recovered_late=3 overtime_reduction=252.543 distance_delta=-242.502 makespan_reduction=-0.022
[charge_scheduler-1] [INFO] [1785759346.801594985] [charge_scheduler]: ★闭环实验结果 mode=closed M=20 K=2 disturbance=target delay=60.0 seed=6 N_late=4 T_overtime=601.691 C_total=5682.556 makespan=493.000 served=20 energy_viol=0 reschedules=1 reschedule_ms=933.619 changed_assign=7 changed_order=10 applied_target=2 applied_station=0 initial_solve_ms=11353.927 objective_order=Nlate,Tover,Ctotal
[charge_scheduler-1] [INFO] [1785759346.801605633] [charge_scheduler]: ★闭环实验收益 policy=closed M=20 K=2 disturbance=target delay=60.0 seed=6 recovered_late=8 overtime_reduction=249.024 distance_delta=144.361 makespan_reduction=-38.626
