[INFO] [launch]: All log files can be found below /root/.ros/log/2026-08-03-13-42-00-251193-YYYY-47109
[INFO] [launch]: Default logging verbosity is set to INFO
[INFO] [charge_scheduler-1]: process started with pid [47113]
[charge_scheduler-1] [INFO] [1785764520.372433734] [charge_scheduler]: [目标顺序] objective_order=Nlate,Tover,Ctotal
[charge_scheduler-1] [INFO] [1785764520.372965390] [charge_scheduler]: [Scheduler] 30辆车 | 电池800.0kWh(20%=160.0 80%=640.0) | 充电360kW效率97% | 行驶0.6kWh/km | 桩350kW
[charge_scheduler-1] [INFO] [1785764520.372992269] [charge_scheduler]: [Scheduler] 站端周转: 换电 10 min(换后满电) | 单趟可用 640 kWh
[charge_scheduler-1] [INFO] [1785764520.373001422] [charge_scheduler]:   车#0 [电动装载机282|light] 位置(3889.6,73764.7) 容量282kWh 剩余35% | α=6→6min/% τ=168min → 需130.8kWh(充21.2min)
[charge_scheduler-1] [INFO] [1785764520.373017313] [charge_scheduler]:   车#1 [重型叉车|light] 位置(3778.9,73807.0) 容量200kWh 剩余20% | α=6→6min/% τ=96min → 需123.7kWh(充20.0min)
[charge_scheduler-1] [INFO] [1785764520.373031006] [charge_scheduler]:   车#2 [电动装载机350|light] 位置(3794.9,73804.6) 容量350kWh 剩余50% | α=6→6min/% τ=288min → 需108.2kWh(充17.5min)
[charge_scheduler-1] [INFO] [1785764520.373043825] [charge_scheduler]:   车#3 [重型叉车|light] 位置(3806.9,73760.3) 容量200kWh 剩余10% | α=6→6min/% τ=32min → 需144.3kWh(充23.3min)
[charge_scheduler-1] [INFO] [1785764520.373057157] [charge_scheduler]:   车#4 [电动装载机282|heavy→降级] 位置(3705.1,73758.2) 容量282kWh 剩余60% | α=3→6min/% τ=212min → 需58.1kWh(充9.4min)
[charge_scheduler-1] [INFO] [1785764520.373070515] [charge_scheduler]:   车#5 [电动装载机350|light] 位置(3756.5,73770.2) 容量350kWh 剩余25% | α=6→6min/% τ=128min → 需198.5kWh(充32.1min)
[charge_scheduler-1] [INFO] [1785764520.373083703] [charge_scheduler]:   车#6 [电动装载机350|heavy→降级] 位置(3887.4,73809.4) 容量350kWh 剩余40% | α=4→6min/% τ=176min → 需144.3kWh(充23.3min)
[charge_scheduler-1] [INFO] [1785764520.373097113] [charge_scheduler]:   车#7 [重型叉车|light] 位置(3899.0,73786.6) 容量200kWh 剩余15% | α=6→6min/% τ=64min → 需134.0kWh(充21.7min)
[charge_scheduler-1] [INFO] [1785764520.373109560] [charge_scheduler]:   车#8 [电动装载机282|heavy→降级] 位置(3689.7,73663.1) 容量282kWh 剩余55% | α=3→6min/% τ=196min → 需72.7kWh(充11.8min)
[charge_scheduler-1] [INFO] [1785764520.373123665] [charge_scheduler]:   车#9 [电动装载机282|heavy→降级] 位置(3748.4,73767.2) 容量282kWh 剩余30% | α=3→6min/% τ=116min → 需145.4kWh(充23.5min)
[charge_scheduler-1] [INFO] [1785764520.373142976] [charge_scheduler]:   车#10 [电动装载机282|light] 位置(3865.2,73751.0) 容量282kWh 剩余45% | α=6→6min/% τ=224min → 需101.8kWh(充16.4min)
[charge_scheduler-1] [INFO] [1785764520.373155705] [charge_scheduler]:   车#11 [电动装载机350|light] 位置(3785.0,73749.2) 容量350kWh 剩余18% | α=6→6min/% τ=83min → 需223.7kWh(充36.2min)
[charge_scheduler-1] [INFO] [1785764520.373168350] [charge_scheduler]:   车#12 [重型叉车|heavy→降级] 位置(3811.5,73799.9) 容量200kWh 剩余62% | α=3→6min/% τ=230min → 需37.1kWh(充6.0min)
[charge_scheduler-1] [INFO] [1785764520.373183164] [charge_scheduler]:   车#13 [电动装载机282|light] 位置(3810.8,73773.1) 容量282kWh 剩余28% | α=6→6min/% τ=129min → 需151.2kWh(充24.4min)
[charge_scheduler-1] [INFO] [1785764520.373196615] [charge_scheduler]:   车#14 [电动装载机350|light] 位置(3905.0,73793.5) 容量350kWh 剩余52% | α=6→6min/% τ=301min → 需101.0kWh(充16.3min)
[charge_scheduler-1] [INFO] [1785764520.374417304] [charge_scheduler]:   车#15 [重型叉车|light] 位置(3894.3,73756.9) 容量200kWh 剩余12% | α=6→6min/% τ=45min → 需140.2kWh(充22.7min)
[charge_scheduler-1] [INFO] [1785764520.374450868] [charge_scheduler]:   车#16 [电动装载机282|light] 位置(3818.5,73716.2) 容量282kWh 剩余38% | α=6→6min/% τ=185min → 需122.1kWh(充19.7min)
[charge_scheduler-1] [INFO] [1785764520.374468114] [charge_scheduler]:   车#17 [电动装载机350|light] 位置(3733.2,73772.4) 容量350kWh 剩余58% | α=6→6min/% τ=339min → 需79.4kWh(充12.8min)
[charge_scheduler-1] [INFO] [1785764520.374489004] [charge_scheduler]:   车#18 [重型叉车|heavy→降级] 位置(3764.7,73699.0) 容量200kWh 剩余22% | α=3→6min/% τ=102min → 需119.6kWh(充19.3min)
[charge_scheduler-1] [INFO] [1785764520.374502483] [charge_scheduler]:   车#19 [电动装载机282|light] 位置(3878.4,73747.9) 容量282kWh 剩余48% | α=6→6min/% τ=241min → 需93.0kWh(充15.0min)
[charge_scheduler-1] [INFO] [1785764520.374546536] [charge_scheduler]:   车#20 [电动装载机350|light] 位置(3740.3,73686.9) 容量350kWh 剩余33% | α=6→6min/% τ=179min → 需169.6kWh(充27.4min)
[charge_scheduler-1] [INFO] [1785764520.374559280] [charge_scheduler]:   车#21 [重型叉车|heavy→降级] 位置(3895.4,73811.9) 容量200kWh 剩余65% | α=3→6min/% τ=240min → 需30.9kWh(充5.0min)
[charge_scheduler-1] [INFO] [1785764520.374571859] [charge_scheduler]:   车#22 [电动装载机282|light] 位置(3876.0,73830.2) 容量282kWh 剩余16% | α=6→6min/% τ=62min → 需186.1kWh(充30.1min)
[charge_scheduler-1] [INFO] [1785764520.374584483] [charge_scheduler]:   车#23 [电动装载机350|light] 位置(3765.9,73790.3) 容量350kWh 剩余42% | α=6→6min/% τ=237min → 需137.1kWh(充22.2min)
[charge_scheduler-1] [INFO] [1785764520.374597083] [charge_scheduler]:   车#24 [重型叉车|heavy→降级] 位置(3637.1,73698.1) 容量200kWh 剩余25% | α=3→6min/% τ=112min → 需113.4kWh(充18.3min)
[charge_scheduler-1] [INFO] [1785764520.374612048] [charge_scheduler]:   车#25 [电动装载机282|light] 位置(3884.5,73833.1) 容量282kWh 剩余55% | α=6→6min/% τ=280min → 需72.7kWh(充11.8min)
[charge_scheduler-1] [INFO] [1785764520.374624725] [charge_scheduler]:   车#26 [电动装载机350|light] 位置(3699.3,73765.4) 容量350kWh 剩余30% | α=6→6min/% τ=160min → 需180.4kWh(充29.2min)
[charge_scheduler-1] [INFO] [1785764520.374637609] [charge_scheduler]:   车#27 [重型叉车|heavy→降级] 位置(3800.8,73717.7) 容量200kWh 剩余68% | α=3→6min/% τ=250min → 需24.7kWh(充4.0min)
[charge_scheduler-1] [INFO] [1785764520.374649913] [charge_scheduler]:   车#28 [电动装载机282|light] 位置(3825.0,73792.7) 容量282kWh 剩余20% | α=6→6min/% τ=84min → 需174.4kWh(充28.2min)
[charge_scheduler-1] [INFO] [1785764520.374662670] [charge_scheduler]:   车#29 [电动装载机350|light] 位置(3784.3,73759.0) 容量350kWh 剩余36% | α=6→6min/% τ=198min → 需158.8kWh(充25.7min)
[charge_scheduler-1] [INFO] [1785764520.387213669] [charge_scheduler]: [Scheduler] 闭环接口: threshold=10.0min | event_sim=on | policy=all | structured_feedback=optional (/task_planner/execution_event)
[charge_scheduler-1] [INFO] [1785764520.387264296] [charge_scheduler]: [Scheduler] 已启动, 等待地图...
[charge_scheduler-1] [INFO] [1785764520.387272742] [charge_scheduler]: [Scheduler] 充电车1接口: sequence/served/arrived_target/arrived_station/return_goal/task_complete 后缀=_1
[charge_scheduler-1] [INFO] [1785764520.387278359] [charge_scheduler]: [Scheduler] 充电车2接口: sequence/served/arrived_target/arrived_station/return_goal/task_complete 后缀=_2
[charge_scheduler-1] [INFO] [1785764520.387289420] [charge_scheduler]: [Scheduler] 充电车3接口: sequence/served/arrived_target/arrived_station/return_goal/task_complete 后缀=_3
[charge_scheduler-1] [INFO] [1785764520.478022258] [charge_scheduler]: [Scheduler] RoutingGraph 就绪
[charge_scheduler-1] [INFO] [1785764520.478674925] [charge_scheduler]: [Scheduler] 提取到 0 条虚线捷径
[charge_scheduler-1] [INFO] [1785764520.507972029] [charge_scheduler]: [Scheduler] 下层兼容增强图: 190 节点, 0 条虚线掉头边
[charge_scheduler-1] [INFO] [1785764541.249334871] [charge_scheduler]: [Scheduler] 距离矩阵完成 31x31, 20741.3 ms | 模式=maneuver | 真实不可达=0 抽象不可达=0 | 缺少对向投影节点=0 | 对向识别(ID/几何/法向)=0/0/0 | 单向驿站投影=0
[charge_scheduler-1] [INFO] [1785764541.249430077] [charge_scheduler]:   ✓ 比值自检：930 个 OD 满足 机动/直线≥1 | 均值=4.11 最大=62.63 (车#0→车#15)
[charge_scheduler-1] [INFO] [1785764541.249444337] [charge_scheduler]: [Scheduler] 地图就绪, 190 条 lanelet（与下层一致）
[charge_scheduler-1] [INFO] [1785764541.249504458] [charge_scheduler]: ======== 开始VRPTW调度 30 辆车 ========
[charge_scheduler-1] [INFO] [1785764541.249509430] [charge_scheduler]:   规模30>8 → 启发式(alns)
[charge_scheduler-1] [INFO] [1785764587.616250124] [charge_scheduler]: [ALNS] objective_order=Nlate,Tover,Ctotal seed=8 iters=15000 | N_late=3(成功率90.0%) T_overtime=379.7min C_total=7709.3m | 趟数=12 makespan=392.2min
[charge_scheduler-1] [INFO] [1785764587.616305114] [charge_scheduler]:   求解耗时 46366.8 ms
[charge_scheduler-1] [INFO] [1785764587.616315781] [charge_scheduler]: ════════ 调度结果 ════════
[charge_scheduler-1] [INFO] [1785764587.616322979] [charge_scheduler]:   ★目标(字典序): objective_order=Nlate,Tover,Ctotal | N_late=3 辆 (按时成功率 27/30 = 90.0%)  T_overtime=379.7min  C_total=7709.3m
[charge_scheduler-1] [INFO] [1785764587.616359287] [charge_scheduler]:   附: 趟数=12 | makespan=392.2min | 能量可行=是
[charge_scheduler-1] [INFO] [1785764587.616370978] [charge_scheduler]:   [充电车2] 趟1: 站 → 车#3(到3.4/限32.0✓) → 车#7(到30.5/限64.0✓) → 车#22(到54.6/限61.6✓) → 站
[charge_scheduler-1] [INFO] [1785764587.616377681] [charge_scheduler]:   [充电车3] 趟2: 站 → 车#9(到1.2/限116.0✓) → 车#4(到25.8/限212.0✓) → 车#1(到42.1/限96.0✓) → 车#28(到65.3/限84.0✓) → 站
[charge_scheduler-1] [INFO] [1785764587.616383511] [charge_scheduler]:   [充电车1] 趟3: 站 → 车#27(到1.7/限249.6✓) → 车#12(到7.7/限230.4✓) → 车#15(到17.6/限44.8✓) → 车#11(到43.3/限83.2✓) → 车#18(到86.1/限102.4✓) → 站
[charge_scheduler-1] [INFO] [1785764587.616388443] [charge_scheduler]:   [充电车1] 趟4: 站 → 车#5(到125.4/限128.0✓) → 车#20(到171.2/限179.2✓) → 站
[charge_scheduler-1] [INFO] [1785764587.616394509] [charge_scheduler]:   [充电车2] 趟5: 站 → 车#24(到106.4/限112.0✓) → 车#0(到136.5/限168.0✓) → 车#6(到170.1/限176.0✓) → 站
[charge_scheduler-1] [INFO] [1785764587.616399472] [charge_scheduler]:   [充电车3] 趟6: 站 → 车#13(到113.2/限128.8✓) → 车#16(到148.7/限184.8✓) → 车#8(到186.7/限196.0✓) → 站
[charge_scheduler-1] [INFO] [1785764587.616403920] [charge_scheduler]:   [充电车1] 趟7: 站 → 车#23(到233.2/限236.8✓) → 车#2(到277.2/限288.0✓) → 站
[charge_scheduler-1] [INFO] [1785764587.616408147] [charge_scheduler]:   [充电车3] 趟8: 站 → 车#19(到238.5/限240.8✓) → 车#29(到276.2/限198.4✗超时) → 站
[charge_scheduler-1] [INFO] [1785764587.616412981] [charge_scheduler]:   [充电车2] 趟9: 站 → 车#21(到232.1/限240.0✓) → 车#25(到257.1/限280.0✓) → 车#14(到291.1/限300.8✓) → 站
[charge_scheduler-1] [INFO] [1785764587.616417718] [charge_scheduler]:   [充电车1] 趟10: 站 → 车#26(到334.8/限160.0✗超时) → 站
[charge_scheduler-1] [INFO] [1785764587.616424403] [charge_scheduler]:   [充电车2] 趟11: 站 → 车#10(到351.1/限224.0✗超时) → 站
[charge_scheduler-1] [INFO] [1785764587.616430770] [charge_scheduler]:   [充电车3] 趟12: 站 → 车#17(到335.8/限339.2✓) → 站
[charge_scheduler-1] [INFO] [1785764587.616435898] [charge_scheduler]: ════════════════════════
[charge_scheduler-1] [INFO] [1785764587.616522085] [charge_scheduler]: [扰动清单] type=station delay=30.0min targets={} station={C2-S1,C3-S1,}
[charge_scheduler-1] [INFO] [1785764587.616545694] [charge_scheduler]: [执行事件] loop=open plan_v=0 C1 type=target_service target=27 station_ord=0 planned_finish=5.89 actual_finish=5.89 dev=+0.00 injected=0.0
[charge_scheduler-1] [INFO] [1785764587.616553722] [charge_scheduler]: [执行事件] loop=open plan_v=0 C1 type=target_service target=12 station_ord=0 planned_finish=14.55 actual_finish=14.55 dev=+0.00 injected=0.0
[charge_scheduler-1] [INFO] [1785764587.616559768] [charge_scheduler]: [执行事件] loop=open plan_v=0 C3 type=target_service target=9 station_ord=0 planned_finish=24.86 actual_finish=24.86 dev=+0.00 injected=0.0
[charge_scheduler-1] [INFO] [1785764587.616565459] [charge_scheduler]: [执行事件] loop=open plan_v=0 C2 type=target_service target=3 station_ord=0 planned_finish=26.90 actual_finish=26.90 dev=+0.00 injected=0.0
[charge_scheduler-1] [INFO] [1785764587.616570947] [charge_scheduler]: [执行事件] loop=open plan_v=0 C3 type=target_service target=4 station_ord=0 planned_finish=39.01 actual_finish=39.01 dev=+0.00 injected=0.0
[charge_scheduler-1] [INFO] [1785764587.616576370] [charge_scheduler]: [执行事件] loop=open plan_v=0 C1 type=target_service target=15 station_ord=0 planned_finish=41.17 actual_finish=41.17 dev=+0.00 injected=0.0
[charge_scheduler-1] [INFO] [1785764587.616581634] [charge_scheduler]: [执行事件] loop=open plan_v=0 C2 type=target_service target=7 station_ord=0 planned_finish=53.75 actual_finish=53.75 dev=+0.00 injected=0.0
[charge_scheduler-1] [INFO] [1785764587.616586848] [charge_scheduler]: [执行事件] loop=open plan_v=0 C3 type=target_service target=1 station_ord=0 planned_finish=64.31 actual_finish=64.31 dev=+0.00 injected=0.0
[charge_scheduler-1] [INFO] [1785764587.616592508] [charge_scheduler]: [执行事件] loop=open plan_v=0 C1 type=target_service target=11 station_ord=0 planned_finish=83.46 actual_finish=83.46 dev=+0.00 injected=0.0
[charge_scheduler-1] [INFO] [1785764587.616603761] [charge_scheduler]: [执行事件] loop=open plan_v=0 C2 type=target_service target=22 station_ord=0 planned_finish=89.24 actual_finish=89.24 dev=+0.00 injected=0.0
[charge_scheduler-1] [INFO] [1785764587.616610609] [charge_scheduler]: [执行事件] loop=open plan_v=0 C3 type=target_service target=28 station_ord=0 planned_finish=98.99 actual_finish=98.99 dev=+0.00 injected=0.0
[charge_scheduler-1] [INFO] [1785764587.616616344] [charge_scheduler]: [执行事件] loop=open plan_v=0 C1 type=target_service target=18 station_ord=0 planned_finish=110.20 actual_finish=110.20 dev=+0.00 injected=0.0
[charge_scheduler-1] [INFO] [1785764587.616622783] [charge_scheduler]: [执行事件] loop=open plan_v=0 C1 type=station_turnaround target=-1 station_ord=1 planned_finish=122.24 actual_finish=122.24 dev=+0.00 injected=0.0
[charge_scheduler-1] [INFO] [1785764587.616628484] [charge_scheduler]: [执行事件] loop=open plan_v=0 C2 type=station_turnaround target=-1 station_ord=1 planned_finish=103.41 actual_finish=133.41 dev=+30.00 injected=30.0
[charge_scheduler-1] [INFO] [1785764587.616634341] [charge_scheduler]: [执行事件] loop=open plan_v=0 C3 type=station_turnaround target=-1 station_ord=1 planned_finish=111.50 actual_finish=141.50 dev=+30.00 injected=30.0
[charge_scheduler-1] [INFO] [1785764587.616640138] [charge_scheduler]: [执行事件] loop=open plan_v=0 C2 type=target_service target=24 station_ord=0 planned_finish=131.11 actual_finish=161.40 dev=+30.29 injected=0.0
[charge_scheduler-1] [INFO] [1785764587.616646637] [charge_scheduler]: [执行事件] loop=open plan_v=0 C1 type=target_service target=5 station_ord=0 planned_finish=168.95 actual_finish=168.95 dev=+0.00 injected=0.0
[charge_scheduler-1] [INFO] [1785764587.616652311] [charge_scheduler]: [执行事件] loop=open plan_v=0 C3 type=target_service target=13 station_ord=0 planned_finish=147.12 actual_finish=178.43 dev=+31.31 injected=0.0
[charge_scheduler-1] [INFO] [1785764587.616658114] [charge_scheduler]: [执行事件] loop=open plan_v=0 C2 type=target_service target=0 station_ord=0 planned_finish=169.09 actual_finish=201.93 dev=+32.83 injected=0.0
[charge_scheduler-1] [INFO] [1785764587.616663869] [charge_scheduler]: [执行事件] loop=open plan_v=0 C1 type=target_service target=20 station_ord=0 planned_finish=214.25 actual_finish=214.25 dev=+0.00 injected=0.0
[charge_scheduler-1] [INFO] [1785764587.616669500] [charge_scheduler]: [执行事件] loop=open plan_v=0 C3 type=target_service target=16 station_ord=0 planned_finish=180.87 actual_finish=214.81 dev=+33.94 injected=0.0
[charge_scheduler-1] [INFO] [1785764587.616675211] [charge_scheduler]: [执行事件] loop=open plan_v=0 C1 type=station_turnaround target=-1 station_ord=2 planned_finish=226.70 actual_finish=226.70 dev=+0.00 injected=0.0
[charge_scheduler-1] [INFO] [1785764587.616681037] [charge_scheduler]: [执行事件] loop=open plan_v=0 C2 type=target_service target=6 station_ord=0 planned_finish=213.33 actual_finish=246.70 dev=+33.37 injected=0.0
[charge_scheduler-1] [INFO] [1785764587.616687095] [charge_scheduler]: [执行事件] loop=open plan_v=0 C3 type=target_service target=8 station_ord=0 planned_finish=221.21 actual_finish=255.93 dev=+34.72 injected=0.0
[charge_scheduler-1] [INFO] [1785764587.616692876] [charge_scheduler]: [执行事件] loop=open plan_v=0 C2 type=station_turnaround target=-1 station_ord=2 planned_finish=227.85 actual_finish=261.22 dev=+33.37 injected=0.0
[charge_scheduler-1] [INFO] [1785764587.616698705] [charge_scheduler]: [执行事件] loop=open plan_v=0 C3 type=station_turnaround target=-1 station_ord=2 planned_finish=233.03 actual_finish=267.75 dev=+34.72 injected=0.0
[charge_scheduler-1] [INFO] [1785764587.616704521] [charge_scheduler]: [执行事件] loop=open plan_v=0 C1 type=target_service target=23 station_ord=0 planned_finish=276.65 actual_finish=276.65 dev=+0.00 injected=0.0
[charge_scheduler-1] [INFO] [1785764587.616710246] [charge_scheduler]: [执行事件] loop=open plan_v=0 C2 type=target_service target=21 station_ord=0 planned_finish=256.68 actual_finish=290.46 dev=+33.78 injected=0.0
[charge_scheduler-1] [INFO] [1785764587.616715857] [charge_scheduler]: [执行事件] loop=open plan_v=0 C3 type=target_service target=19 station_ord=0 planned_finish=273.59 actual_finish=308.50 dev=+34.91 injected=0.0
[charge_scheduler-1] [INFO] [1785764587.616721503] [charge_scheduler]: [执行事件] loop=open plan_v=0 C1 type=target_service target=2 station_ord=0 planned_finish=319.94 actual_finish=319.94 dev=+0.00 injected=0.0
[charge_scheduler-1] [INFO] [1785764587.616732989] [charge_scheduler]: [执行事件] loop=open plan_v=0 C2 type=target_service target=25 station_ord=0 planned_finish=290.40 actual_finish=326.11 dev=+35.71 injected=0.0
[charge_scheduler-1] [INFO] [1785764587.616738871] [charge_scheduler]: [执行事件] loop=open plan_v=0 C1 type=station_turnaround target=-1 station_ord=3 planned_finish=332.59 actual_finish=332.59 dev=+0.00 injected=0.0
[charge_scheduler-1] [INFO] [1785764587.616744712] [charge_scheduler]: [执行事件] loop=open plan_v=0 C3 type=target_service target=29 station_ord=0 planned_finish=319.95 actual_finish=354.86 dev=+34.91 injected=0.0
[charge_scheduler-1] [INFO] [1785764587.616750333] [charge_scheduler]: [执行事件] loop=open plan_v=0 C3 type=station_turnaround target=-1 station_ord=3 planned_finish=334.15 actual_finish=369.06 dev=+34.91 injected=0.0
[charge_scheduler-1] [INFO] [1785764587.616756089] [charge_scheduler]: [执行事件] loop=open plan_v=0 C2 type=target_service target=14 station_ord=0 planned_finish=334.02 actual_finish=370.61 dev=+36.59 injected=0.0
[charge_scheduler-1] [INFO] [1785764587.616762038] [charge_scheduler]: [执行事件] loop=open plan_v=0 C1 type=target_service target=26 station_ord=0 planned_finish=378.54 actual_finish=378.54 dev=+0.00 injected=0.0
[charge_scheduler-1] [INFO] [1785764587.616767777] [charge_scheduler]: [执行事件] loop=open plan_v=0 C1 type=final_return target=-1 station_ord=0 planned_finish=381.16 actual_finish=381.16 dev=+0.00 injected=0.0
[charge_scheduler-1] [INFO] [1785764587.616772994] [charge_scheduler]: [执行事件] loop=open plan_v=0 C2 type=station_turnaround target=-1 station_ord=3 planned_finish=348.29 actual_finish=384.87 dev=+36.59 injected=0.0
[charge_scheduler-1] [INFO] [1785764587.616778648] [charge_scheduler]: [执行事件] loop=open plan_v=0 C3 type=target_service target=17 station_ord=0 planned_finish=379.20 actual_finish=414.42 dev=+35.22 injected=0.0
[charge_scheduler-1] [INFO] [1785764587.616784065] [charge_scheduler]: [执行事件] loop=open plan_v=0 C3 type=final_return target=-1 station_ord=0 planned_finish=381.13 actual_finish=416.35 dev=+35.22 injected=0.0
[charge_scheduler-1] [INFO] [1785764587.616789443] [charge_scheduler]: [执行事件] loop=open plan_v=0 C2 type=target_service target=10 station_ord=0 planned_finish=386.33 actual_finish=422.92 dev=+36.59 injected=0.0
[charge_scheduler-1] [INFO] [1785764587.616795030] [charge_scheduler]: [执行事件] loop=open plan_v=0 C2 type=final_return target=-1 station_ord=0 planned_finish=392.20 actual_finish=428.79 dev=+36.59 injected=0.0
[charge_scheduler-1] [INFO] [1785764587.616808872] [charge_scheduler]: [执行事件] loop=fixed plan_v=0 C1 type=target_service target=27 station_ord=0 planned_finish=5.89 actual_finish=5.89 dev=+0.00 injected=0.0
[charge_scheduler-1] [INFO] [1785764587.616814436] [charge_scheduler]: [执行事件] loop=fixed plan_v=0 C1 type=target_service target=12 station_ord=0 planned_finish=14.55 actual_finish=14.55 dev=+0.00 injected=0.0
[charge_scheduler-1] [INFO] [1785764587.616820371] [charge_scheduler]: [执行事件] loop=fixed plan_v=0 C3 type=target_service target=9 station_ord=0 planned_finish=24.86 actual_finish=24.86 dev=+0.00 injected=0.0
[charge_scheduler-1] [INFO] [1785764587.616826053] [charge_scheduler]: [执行事件] loop=fixed plan_v=0 C2 type=target_service target=3 station_ord=0 planned_finish=26.90 actual_finish=26.90 dev=+0.00 injected=0.0
[charge_scheduler-1] [INFO] [1785764587.616832587] [charge_scheduler]: [执行事件] loop=fixed plan_v=0 C3 type=target_service target=4 station_ord=0 planned_finish=39.01 actual_finish=39.01 dev=+0.00 injected=0.0
[charge_scheduler-1] [INFO] [1785764587.616838543] [charge_scheduler]: [执行事件] loop=fixed plan_v=0 C1 type=target_service target=15 station_ord=0 planned_finish=41.17 actual_finish=41.17 dev=+0.00 injected=0.0
[charge_scheduler-1] [INFO] [1785764587.616844122] [charge_scheduler]: [执行事件] loop=fixed plan_v=0 C2 type=target_service target=7 station_ord=0 planned_finish=53.75 actual_finish=53.75 dev=+0.00 injected=0.0
[charge_scheduler-1] [INFO] [1785764587.616849627] [charge_scheduler]: [执行事件] loop=fixed plan_v=0 C3 type=target_service target=1 station_ord=0 planned_finish=64.31 actual_finish=64.31 dev=+0.00 injected=0.0
[charge_scheduler-1] [INFO] [1785764587.616855161] [charge_scheduler]: [执行事件] loop=fixed plan_v=0 C1 type=target_service target=11 station_ord=0 planned_finish=83.46 actual_finish=83.46 dev=+0.00 injected=0.0
[charge_scheduler-1] [INFO] [1785764587.616862517] [charge_scheduler]: [执行事件] loop=fixed plan_v=0 C2 type=target_service target=22 station_ord=0 planned_finish=89.24 actual_finish=89.24 dev=+0.00 injected=0.0
[charge_scheduler-1] [INFO] [1785764587.616868202] [charge_scheduler]: [执行事件] loop=fixed plan_v=0 C3 type=target_service target=28 station_ord=0 planned_finish=98.99 actual_finish=98.99 dev=+0.00 injected=0.0
[charge_scheduler-1] [INFO] [1785764587.616874098] [charge_scheduler]: [执行事件] loop=fixed plan_v=0 C1 type=target_service target=18 station_ord=0 planned_finish=110.20 actual_finish=110.20 dev=+0.00 injected=0.0
[charge_scheduler-1] [INFO] [1785764587.616879888] [charge_scheduler]: [执行事件] loop=fixed plan_v=0 C1 type=station_turnaround target=-1 station_ord=1 planned_finish=122.24 actual_finish=122.24 dev=+0.00 injected=0.0
[charge_scheduler-1] [INFO] [1785764587.616885999] [charge_scheduler]: [执行事件] loop=fixed plan_v=0 C2 type=station_turnaround target=-1 station_ord=1 planned_finish=103.41 actual_finish=133.41 dev=+30.00 injected=30.0
[charge_scheduler-1] [WARN] [1785764587.988494700] [charge_scheduler]: [重调度事件] policy=fixed #1 t=133.41min trigger=C2/station_turnaround dev=+30.00 pool=17 committed=1 plan_v=1 solve_ms=371.5 changed_assign=0 changed_order=11
[charge_scheduler-1] [INFO] [1785764587.988541226] [charge_scheduler]: [执行事件] loop=fixed plan_v=0 C3 type=station_turnaround target=-1 station_ord=1 planned_finish=111.50 actual_finish=141.50 dev=+30.00 injected=30.0
[charge_scheduler-1] [WARN] [1785764588.339296567] [charge_scheduler]: [重调度事件] policy=fixed #2 t=141.50min trigger=C3/station_turnaround dev=+30.00 pool=16 committed=2 plan_v=2 solve_ms=350.7 changed_assign=0 changed_order=7
[charge_scheduler-1] [INFO] [1785764588.339348182] [charge_scheduler]: [执行事件] loop=fixed plan_v=1 C2 type=target_service target=24 station_ord=0 planned_finish=161.40 actual_finish=161.40 dev=+0.00 injected=0.0
[charge_scheduler-1] [INFO] [1785764588.339357820] [charge_scheduler]: [执行事件] loop=fixed plan_v=0 C1 type=target_service target=5 station_ord=0 planned_finish=168.95 actual_finish=168.95 dev=+0.00 injected=0.0
[charge_scheduler-1] [INFO] [1785764588.339364443] [charge_scheduler]: [执行事件] loop=fixed plan_v=2 C3 type=target_service target=13 station_ord=0 planned_finish=178.43 actual_finish=178.43 dev=+0.00 injected=0.0
[charge_scheduler-1] [INFO] [1785764588.339370131] [charge_scheduler]: [执行事件] loop=fixed plan_v=2 C2 type=target_service target=0 station_ord=0 planned_finish=201.93 actual_finish=201.93 dev=+0.00 injected=0.0
[charge_scheduler-1] [INFO] [1785764588.339376012] [charge_scheduler]: [执行事件] loop=fixed plan_v=2 C1 type=target_service target=20 station_ord=0 planned_finish=214.25 actual_finish=214.25 dev=+0.00 injected=0.0
[charge_scheduler-1] [INFO] [1785764588.339383129] [charge_scheduler]: [执行事件] loop=fixed plan_v=2 C3 type=target_service target=16 station_ord=0 planned_finish=214.81 actual_finish=214.81 dev=+0.00 injected=0.0
[charge_scheduler-1] [INFO] [1785764588.339389037] [charge_scheduler]: [执行事件] loop=fixed plan_v=2 C1 type=station_turnaround target=-1 station_ord=2 planned_finish=226.70 actual_finish=226.70 dev=+0.00 injected=0.0
[charge_scheduler-1] [INFO] [1785764588.339394965] [charge_scheduler]: [执行事件] loop=fixed plan_v=2 C3 type=station_turnaround target=-1 station_ord=2 planned_finish=227.13 actual_finish=227.13 dev=+0.00 injected=0.0
[charge_scheduler-1] [INFO] [1785764588.339400577] [charge_scheduler]: [执行事件] loop=fixed plan_v=2 C2 type=target_service target=10 station_ord=0 planned_finish=235.84 actual_finish=235.84 dev=+0.00 injected=0.0
[charge_scheduler-1] [INFO] [1785764588.339406465] [charge_scheduler]: [执行事件] loop=fixed plan_v=2 C2 type=station_turnaround target=-1 station_ord=2 planned_finish=251.71 actual_finish=251.71 dev=+0.00 injected=0.0
[charge_scheduler-1] [INFO] [1785764588.339412263] [charge_scheduler]: [执行事件] loop=fixed plan_v=2 C3 type=target_service target=19 station_ord=0 planned_finish=267.20 actual_finish=267.20 dev=+0.00 injected=0.0
[charge_scheduler-1] [INFO] [1785764588.339419042] [charge_scheduler]: [执行事件] loop=fixed plan_v=2 C1 type=target_service target=23 station_ord=0 planned_finish=276.65 actual_finish=276.65 dev=+0.00 injected=0.0
[charge_scheduler-1] [INFO] [1785764588.339454403] [charge_scheduler]: [执行事件] loop=fixed plan_v=2 C2 type=target_service target=6 station_ord=0 planned_finish=299.60 actual_finish=299.60 dev=+0.00 injected=0.0
[charge_scheduler-1] [INFO] [1785764588.339460250] [charge_scheduler]: [执行事件] loop=fixed plan_v=2 C3 type=target_service target=8 station_ord=0 planned_finish=309.33 actual_finish=309.33 dev=+0.00 injected=0.0
[charge_scheduler-1] [INFO] [1785764588.339465869] [charge_scheduler]: [执行事件] loop=fixed plan_v=2 C1 type=target_service target=2 station_ord=0 planned_finish=319.94 actual_finish=319.94 dev=+0.00 injected=0.0
[charge_scheduler-1] [INFO] [1785764588.339471223] [charge_scheduler]: [执行事件] loop=fixed plan_v=2 C3 type=station_turnaround target=-1 station_ord=3 planned_finish=321.14 actual_finish=321.14 dev=+0.00 injected=0.0
[charge_scheduler-1] [INFO] [1785764588.339476749] [charge_scheduler]: [执行事件] loop=fixed plan_v=2 C2 type=target_service target=21 station_ord=0 planned_finish=331.28 actual_finish=331.28 dev=+0.00 injected=0.0
[charge_scheduler-1] [INFO] [1785764588.339482266] [charge_scheduler]: [执行事件] loop=fixed plan_v=2 C1 type=station_turnaround target=-1 station_ord=3 planned_finish=332.59 actual_finish=332.59 dev=+0.00 injected=0.0
[charge_scheduler-1] [INFO] [1785764588.339487787] [charge_scheduler]: [执行事件] loop=fixed plan_v=2 C2 type=station_turnaround target=-1 station_ord=3 planned_finish=345.86 actual_finish=345.86 dev=+0.00 injected=0.0
[charge_scheduler-1] [INFO] [1785764588.339493536] [charge_scheduler]: [执行事件] loop=fixed plan_v=2 C3 type=target_service target=29 station_ord=0 planned_finish=366.11 actual_finish=366.11 dev=+0.00 injected=0.0
[charge_scheduler-1] [INFO] [1785764588.339499033] [charge_scheduler]: [执行事件] loop=fixed plan_v=2 C1 type=target_service target=26 station_ord=0 planned_finish=378.54 actual_finish=378.54 dev=+0.00 injected=0.0
[charge_scheduler-1] [INFO] [1785764588.339504591] [charge_scheduler]: [执行事件] loop=fixed plan_v=2 C1 type=final_return target=-1 station_ord=0 planned_finish=381.16 actual_finish=381.16 dev=+0.00 injected=0.0
[charge_scheduler-1] [INFO] [1785764588.339510106] [charge_scheduler]: [执行事件] loop=fixed plan_v=2 C2 type=target_service target=25 station_ord=0 planned_finish=384.99 actual_finish=384.99 dev=+0.00 injected=0.0
[charge_scheduler-1] [INFO] [1785764588.339515859] [charge_scheduler]: [执行事件] loop=fixed plan_v=2 C3 type=target_service target=17 station_ord=0 planned_finish=413.85 actual_finish=413.85 dev=+0.00 injected=0.0
[charge_scheduler-1] [INFO] [1785764588.339521222] [charge_scheduler]: [执行事件] loop=fixed plan_v=2 C3 type=final_return target=-1 station_ord=0 planned_finish=415.78 actual_finish=415.78 dev=+0.00 injected=0.0
[charge_scheduler-1] [INFO] [1785764588.339526491] [charge_scheduler]: [执行事件] loop=fixed plan_v=2 C2 type=target_service target=14 station_ord=0 planned_finish=429.50 actual_finish=429.50 dev=+0.00 injected=0.0
[charge_scheduler-1] [INFO] [1785764588.339531714] [charge_scheduler]: [执行事件] loop=fixed plan_v=2 C2 type=final_return target=-1 station_ord=0 planned_finish=433.76 actual_finish=433.76 dev=+0.00 injected=0.0
[charge_scheduler-1] [INFO] [1785764588.339554470] [charge_scheduler]: [执行事件] loop=global plan_v=0 C1 type=target_service target=27 station_ord=0 planned_finish=5.89 actual_finish=5.89 dev=+0.00 injected=0.0
[charge_scheduler-1] [INFO] [1785764588.339560207] [charge_scheduler]: [执行事件] loop=global plan_v=0 C1 type=target_service target=12 station_ord=0 planned_finish=14.55 actual_finish=14.55 dev=+0.00 injected=0.0
[charge_scheduler-1] [INFO] [1785764588.339565777] [charge_scheduler]: [执行事件] loop=global plan_v=0 C3 type=target_service target=9 station_ord=0 planned_finish=24.86 actual_finish=24.86 dev=+0.00 injected=0.0
[charge_scheduler-1] [INFO] [1785764588.339571261] [charge_scheduler]: [执行事件] loop=global plan_v=0 C2 type=target_service target=3 station_ord=0 planned_finish=26.90 actual_finish=26.90 dev=+0.00 injected=0.0
[charge_scheduler-1] [INFO] [1785764588.339576622] [charge_scheduler]: [执行事件] loop=global plan_v=0 C3 type=target_service target=4 station_ord=0 planned_finish=39.01 actual_finish=39.01 dev=+0.00 injected=0.0
[charge_scheduler-1] [INFO] [1785764588.339582090] [charge_scheduler]: [执行事件] loop=global plan_v=0 C1 type=target_service target=15 station_ord=0 planned_finish=41.17 actual_finish=41.17 dev=+0.00 injected=0.0
[charge_scheduler-1] [INFO] [1785764588.339590684] [charge_scheduler]: [执行事件] loop=global plan_v=0 C2 type=target_service target=7 station_ord=0 planned_finish=53.75 actual_finish=53.75 dev=+0.00 injected=0.0
[charge_scheduler-1] [INFO] [1785764588.339596252] [charge_scheduler]: [执行事件] loop=global plan_v=0 C3 type=target_service target=1 station_ord=0 planned_finish=64.31 actual_finish=64.31 dev=+0.00 injected=0.0
[charge_scheduler-1] [INFO] [1785764588.339601786] [charge_scheduler]: [执行事件] loop=global plan_v=0 C1 type=target_service target=11 station_ord=0 planned_finish=83.46 actual_finish=83.46 dev=+0.00 injected=0.0
[charge_scheduler-1] [INFO] [1785764588.339607278] [charge_scheduler]: [执行事件] loop=global plan_v=0 C2 type=target_service target=22 station_ord=0 planned_finish=89.24 actual_finish=89.24 dev=+0.00 injected=0.0
[charge_scheduler-1] [INFO] [1785764588.339613654] [charge_scheduler]: [执行事件] loop=global plan_v=0 C3 type=target_service target=28 station_ord=0 planned_finish=98.99 actual_finish=98.99 dev=+0.00 injected=0.0
[charge_scheduler-1] [INFO] [1785764588.339619630] [charge_scheduler]: [执行事件] loop=global plan_v=0 C1 type=target_service target=18 station_ord=0 planned_finish=110.20 actual_finish=110.20 dev=+0.00 injected=0.0
[charge_scheduler-1] [INFO] [1785764588.339625335] [charge_scheduler]: [执行事件] loop=global plan_v=0 C1 type=station_turnaround target=-1 station_ord=1 planned_finish=122.24 actual_finish=122.24 dev=+0.00 injected=0.0
[charge_scheduler-1] [INFO] [1785764588.339631374] [charge_scheduler]: [执行事件] loop=global plan_v=0 C2 type=station_turnaround target=-1 station_ord=1 planned_finish=103.41 actual_finish=133.41 dev=+30.00 injected=30.0
[charge_scheduler-1] [WARN] [1785764590.909408055] [charge_scheduler]: [重调度事件] policy=global #1 t=133.41min trigger=C2/station_turnaround dev=+30.00 pool=17 committed=1 plan_v=1 solve_ms=2569.7 changed_assign=10 changed_order=12
[charge_scheduler-1] [INFO] [1785764590.909451572] [charge_scheduler]: [执行事件] loop=global plan_v=0 C3 type=station_turnaround target=-1 station_ord=1 planned_finish=111.50 actual_finish=141.50 dev=+30.00 injected=30.0
[charge_scheduler-1] [WARN] [1785764593.164126637] [charge_scheduler]: [重调度事件] policy=global #2 t=141.50min trigger=C3/station_turnaround dev=+30.00 pool=16 committed=2 plan_v=2 solve_ms=2254.6 changed_assign=9 changed_order=12
[charge_scheduler-1] [INFO] [1785764593.164178666] [charge_scheduler]: [执行事件] loop=global plan_v=1 C2 type=target_service target=24 station_ord=0 planned_finish=161.40 actual_finish=161.40 dev=+0.00 injected=0.0
[charge_scheduler-1] [INFO] [1785764593.164188093] [charge_scheduler]: [执行事件] loop=global plan_v=0 C1 type=target_service target=5 station_ord=0 planned_finish=168.95 actual_finish=168.95 dev=+0.00 injected=0.0
[charge_scheduler-1] [INFO] [1785764593.164199357] [charge_scheduler]: [执行事件] loop=global plan_v=2 C3 type=target_service target=13 station_ord=0 planned_finish=178.43 actual_finish=178.43 dev=+0.00 injected=0.0
[charge_scheduler-1] [INFO] [1785764593.164205545] [charge_scheduler]: [执行事件] loop=global plan_v=2 C2 type=target_service target=0 station_ord=0 planned_finish=201.93 actual_finish=201.93 dev=+0.00 injected=0.0
[charge_scheduler-1] [INFO] [1785764593.164211801] [charge_scheduler]: [执行事件] loop=global plan_v=2 C1 type=target_service target=20 station_ord=0 planned_finish=214.25 actual_finish=214.25 dev=+0.00 injected=0.0
[charge_scheduler-1] [INFO] [1785764593.164218502] [charge_scheduler]: [执行事件] loop=global plan_v=2 C3 type=target_service target=16 station_ord=0 planned_finish=214.81 actual_finish=214.81 dev=+0.00 injected=0.0
[charge_scheduler-1] [INFO] [1785764593.164224481] [charge_scheduler]: [执行事件] loop=global plan_v=2 C1 type=station_turnaround target=-1 station_ord=2 planned_finish=226.70 actual_finish=226.70 dev=+0.00 injected=0.0
[charge_scheduler-1] [INFO] [1785764593.164235180] [charge_scheduler]: [执行事件] loop=global plan_v=2 C2 type=target_service target=10 station_ord=0 planned_finish=235.84 actual_finish=235.84 dev=+0.00 injected=0.0
[charge_scheduler-1] [INFO] [1785764593.164243077] [charge_scheduler]: [执行事件] loop=global plan_v=2 C3 type=target_service target=21 station_ord=0 planned_finish=243.36 actual_finish=243.36 dev=+0.00 injected=0.0
[charge_scheduler-1] [INFO] [1785764593.164269044] [charge_scheduler]: [执行事件] loop=global plan_v=2 C2 type=station_turnaround target=-1 station_ord=2 planned_finish=251.71 actual_finish=251.71 dev=+0.00 injected=0.0
[charge_scheduler-1] [INFO] [1785764593.164275346] [charge_scheduler]: [执行事件] loop=global plan_v=2 C3 type=station_turnaround target=-1 station_ord=2 planned_finish=257.94 actual_finish=257.94 dev=+0.00 injected=0.0
[charge_scheduler-1] [INFO] [1785764593.164281319] [charge_scheduler]: [执行事件] loop=global plan_v=2 C1 type=target_service target=23 station_ord=0 planned_finish=276.65 actual_finish=276.65 dev=+0.00 injected=0.0
[charge_scheduler-1] [INFO] [1785764593.164289686] [charge_scheduler]: [执行事件] loop=global plan_v=2 C3 type=target_service target=25 station_ord=0 planned_finish=295.55 actual_finish=295.55 dev=+0.00 injected=0.0
[charge_scheduler-1] [INFO] [1785764593.164295580] [charge_scheduler]: [执行事件] loop=global plan_v=2 C2 type=target_service target=29 station_ord=0 planned_finish=296.68 actual_finish=296.68 dev=+0.00 injected=0.0
[charge_scheduler-1] [INFO] [1785764593.164301001] [charge_scheduler]: [执行事件] loop=global plan_v=2 C1 type=target_service target=2 station_ord=0 planned_finish=319.94 actual_finish=319.94 dev=+0.00 injected=0.0
[charge_scheduler-1] [INFO] [1785764593.164306761] [charge_scheduler]: [执行事件] loop=global plan_v=2 C3 type=target_service target=19 station_ord=0 planned_finish=332.50 actual_finish=332.50 dev=+0.00 injected=0.0
[charge_scheduler-1] [INFO] [1785764593.164312441] [charge_scheduler]: [执行事件] loop=global plan_v=2 C1 type=station_turnaround target=-1 station_ord=3 planned_finish=332.59 actual_finish=332.59 dev=+0.00 injected=0.0
[charge_scheduler-1] [INFO] [1785764593.164318155] [charge_scheduler]: [执行事件] loop=global plan_v=2 C2 type=target_service target=14 station_ord=0 planned_finish=343.78 actual_finish=343.78 dev=+0.00 injected=0.0
[charge_scheduler-1] [INFO] [1785764593.164323739] [charge_scheduler]: [执行事件] loop=global plan_v=2 C3 type=station_turnaround target=-1 station_ord=3 planned_finish=345.83 actual_finish=345.83 dev=+0.00 injected=0.0
[charge_scheduler-1] [INFO] [1785764593.164329220] [charge_scheduler]: [执行事件] loop=global plan_v=2 C2 type=station_turnaround target=-1 station_ord=3 planned_finish=358.04 actual_finish=358.04 dev=+0.00 injected=0.0
[charge_scheduler-1] [INFO] [1785764593.164334975] [charge_scheduler]: [执行事件] loop=global plan_v=2 C1 type=target_service target=8 station_ord=0 planned_finish=372.81 actual_finish=372.81 dev=+0.00 injected=0.0
[charge_scheduler-1] [INFO] [1785764593.164341048] [charge_scheduler]: [执行事件] loop=global plan_v=2 C3 type=target_service target=17 station_ord=0 planned_finish=391.20 actual_finish=391.20 dev=+0.00 injected=0.0
[charge_scheduler-1] [INFO] [1785764593.164346769] [charge_scheduler]: [执行事件] loop=global plan_v=2 C3 type=final_return target=-1 station_ord=0 planned_finish=393.13 actual_finish=393.13 dev=+0.00 injected=0.0
[charge_scheduler-1] [INFO] [1785764593.164352359] [charge_scheduler]: [执行事件] loop=global plan_v=2 C2 type=target_service target=6 station_ord=0 planned_finish=405.94 actual_finish=405.94 dev=+0.00 injected=0.0
[charge_scheduler-1] [INFO] [1785764593.164357820] [charge_scheduler]: [执行事件] loop=global plan_v=2 C2 type=final_return target=-1 station_ord=0 planned_finish=410.46 actual_finish=410.46 dev=+0.00 injected=0.0
[charge_scheduler-1] [INFO] [1785764593.164363188] [charge_scheduler]: [执行事件] loop=global plan_v=2 C1 type=target_service target=26 station_ord=0 planned_finish=418.75 actual_finish=418.75 dev=+0.00 injected=0.0
[charge_scheduler-1] [INFO] [1785764593.164368626] [charge_scheduler]: [执行事件] loop=global plan_v=2 C1 type=final_return target=-1 station_ord=0 planned_finish=421.37 actual_finish=421.37 dev=+0.00 injected=0.0
[charge_scheduler-1] [INFO] [1785764593.164381778] [charge_scheduler]: ★闭环实验结果 mode=open M=30 K=3 disturbance=station delay=30.0 seed=8 N_late=12 T_overtime=667.854 C_total=7709.324 makespan=428.788 served=30 energy_viol=6 reschedules=0 reschedule_ms=0.000 changed_assign=0 changed_order=0 applied_target=0 applied_station=2 initial_solve_ms=46366.795 objective_order=Nlate,Tover,Ctotal
[charge_scheduler-1] [INFO] [1785764593.164391660] [charge_scheduler]: ★闭环实验结果 mode=fixed M=30 K=3 disturbance=station delay=30.0 seed=8 N_late=10 T_overtime=747.324 C_total=8169.451 makespan=433.760 served=30 energy_viol=0 reschedules=2 reschedule_ms=722.221 changed_assign=0 changed_order=18 applied_target=0 applied_station=2 initial_solve_ms=46366.795 objective_order=Nlate,Tover,Ctotal
[charge_scheduler-1] [INFO] [1785764593.164401413] [charge_scheduler]: ★闭环实验收益 policy=fixed M=30 K=3 disturbance=station delay=30.0 seed=8 recovered_late=2 overtime_reduction=-79.469 distance_delta=460.127 makespan_reduction=-4.972
[charge_scheduler-1] [INFO] [1785764593.164407898] [charge_scheduler]: ★闭环实验结果 mode=closed M=30 K=3 disturbance=station delay=30.0 seed=8 N_late=8 T_overtime=700.745 C_total=7918.081 makespan=421.373 served=30 energy_viol=0 reschedules=2 reschedule_ms=4824.382 changed_assign=19 changed_order=24 applied_target=0 applied_station=2 initial_solve_ms=46366.795 objective_order=Nlate,Tover,Ctotal
[charge_scheduler-1] [INFO] [1785764593.164416055] [charge_scheduler]: ★闭环实验收益 policy=closed M=30 K=3 disturbance=station delay=30.0 seed=8 recovered_late=4 overtime_reduction=-32.891 distance_delta=208.757 makespan_reduction=7.415
