[INFO] [launch]: All log files can be found below /root/.ros/log/2026-08-03-12-26-36-409930-YYYY-31836
[INFO] [launch]: Default logging verbosity is set to INFO
[INFO] [charge_scheduler-1]: process started with pid [31840]
[charge_scheduler-1] [INFO] [1785759996.539113218] [charge_scheduler]: [目标顺序] objective_order=Nlate,Tover,Ctotal
[charge_scheduler-1] [INFO] [1785759996.543098535] [charge_scheduler]: [Scheduler] 20辆车 | 电池800.0kWh(20%=160.0 80%=640.0) | 充电360kW效率97% | 行驶0.6kWh/km | 桩350kW
[charge_scheduler-1] [INFO] [1785759996.543140856] [charge_scheduler]: [Scheduler] 站端周转: 换电 10 min(换后满电) | 单趟可用 640 kWh
[charge_scheduler-1] [INFO] [1785759996.543150086] [charge_scheduler]:   车#0 [电动装载机282|light] 位置(3865.2,73751.0) 容量282kWh 剩余35% | α=6→6min/% τ=168min → 需130.8kWh(充21.2min)
[charge_scheduler-1] [INFO] [1785759996.543163510] [charge_scheduler]:   车#1 [重型叉车|light] 位置(3785.0,73749.2) 容量200kWh 剩余20% | α=6→6min/% τ=96min → 需123.7kWh(充20.0min)
[charge_scheduler-1] [INFO] [1785759996.543175472] [charge_scheduler]:   车#2 [电动装载机350|light] 位置(3811.5,73799.9) 容量350kWh 剩余50% | α=6→6min/% τ=288min → 需108.2kWh(充17.5min)
[charge_scheduler-1] [INFO] [1785759996.543186578] [charge_scheduler]:   车#3 [重型叉车|light] 位置(3810.8,73773.1) 容量200kWh 剩余10% | α=6→6min/% τ=32min → 需144.3kWh(充23.3min)
[charge_scheduler-1] [INFO] [1785759996.543197971] [charge_scheduler]:   车#4 [电动装载机282|heavy→降级] 位置(3905.0,73793.5) 容量282kWh 剩余60% | α=3→6min/% τ=212min → 需58.1kWh(充9.4min)
[charge_scheduler-1] [INFO] [1785759996.543210185] [charge_scheduler]:   车#5 [电动装载机350|light] 位置(3894.3,73756.9) 容量350kWh 剩余25% | α=6→6min/% τ=128min → 需198.5kWh(充32.1min)
[charge_scheduler-1] [INFO] [1785759996.543221249] [charge_scheduler]:   车#6 [电动装载机350|heavy→降级] 位置(3818.5,73716.2) 容量350kWh 剩余40% | α=4→6min/% τ=176min → 需144.3kWh(充23.3min)
[charge_scheduler-1] [INFO] [1785759996.543231828] [charge_scheduler]:   车#7 [重型叉车|light] 位置(3733.2,73772.4) 容量200kWh 剩余15% | α=6→6min/% τ=64min → 需134.0kWh(充21.7min)
[charge_scheduler-1] [INFO] [1785759996.543242776] [charge_scheduler]:   车#8 [电动装载机282|heavy→降级] 位置(3764.7,73699.0) 容量282kWh 剩余55% | α=3→6min/% τ=196min → 需72.7kWh(充11.8min)
[charge_scheduler-1] [INFO] [1785759996.543262052] [charge_scheduler]:   车#9 [电动装载机282|heavy→降级] 位置(3878.4,73747.9) 容量282kWh 剩余30% | α=3→6min/% τ=116min → 需145.4kWh(充23.5min)
[charge_scheduler-1] [INFO] [1785759996.543274388] [charge_scheduler]:   车#10 [电动装载机282|light] 位置(3740.3,73686.9) 容量282kWh 剩余45% | α=6→6min/% τ=224min → 需101.8kWh(充16.4min)
[charge_scheduler-1] [INFO] [1785759996.543284802] [charge_scheduler]:   车#11 [电动装载机350|light] 位置(3895.4,73811.9) 容量350kWh 剩余18% | α=6→6min/% τ=83min → 需223.7kWh(充36.2min)
[charge_scheduler-1] [INFO] [1785759996.543295745] [charge_scheduler]:   车#12 [重型叉车|heavy→降级] 位置(3876.0,73830.2) 容量200kWh 剩余62% | α=3→6min/% τ=230min → 需37.1kWh(充6.0min)
[charge_scheduler-1] [INFO] [1785759996.543306545] [charge_scheduler]:   车#13 [电动装载机282|light] 位置(3765.9,73790.3) 容量282kWh 剩余28% | α=6→6min/% τ=129min → 需151.2kWh(充24.4min)
[charge_scheduler-1] [INFO] [1785759996.543317623] [charge_scheduler]:   车#14 [电动装载机350|light] 位置(3637.1,73698.1) 容量350kWh 剩余52% | α=6→6min/% τ=301min → 需101.0kWh(充16.3min)
[charge_scheduler-1] [INFO] [1785759996.543330631] [charge_scheduler]:   车#15 [重型叉车|light] 位置(3884.5,73833.1) 容量200kWh 剩余12% | α=6→6min/% τ=45min → 需140.2kWh(充22.7min)
[charge_scheduler-1] [INFO] [1785759996.543341335] [charge_scheduler]:   车#16 [电动装载机282|light] 位置(3699.3,73765.4) 容量282kWh 剩余38% | α=6→6min/% τ=185min → 需122.1kWh(充19.7min)
[charge_scheduler-1] [INFO] [1785759996.543352542] [charge_scheduler]:   车#17 [电动装载机350|light] 位置(3800.8,73717.7) 容量350kWh 剩余58% | α=6→6min/% τ=339min → 需79.4kWh(充12.8min)
[charge_scheduler-1] [INFO] [1785759996.543363316] [charge_scheduler]:   车#18 [重型叉车|heavy→降级] 位置(3825.0,73792.7) 容量200kWh 剩余22% | α=3→6min/% τ=102min → 需119.6kWh(充19.3min)
[charge_scheduler-1] [INFO] [1785759996.543374668] [charge_scheduler]:   车#19 [电动装载机282|light] 位置(3784.3,73759.0) 容量282kWh 剩余48% | α=6→6min/% τ=241min → 需93.0kWh(充15.0min)
[charge_scheduler-1] [INFO] [1785759996.557306411] [charge_scheduler]: [Scheduler] 闭环接口: threshold=10.0min | event_sim=on | policy=all | structured_feedback=optional (/task_planner/execution_event)
[charge_scheduler-1] [INFO] [1785759996.557357251] [charge_scheduler]: [Scheduler] 已启动, 等待地图...
[charge_scheduler-1] [INFO] [1785759996.557364070] [charge_scheduler]: [Scheduler] 充电车1接口: sequence/served/arrived_target/arrived_station/return_goal/task_complete 后缀=_1
[charge_scheduler-1] [INFO] [1785759996.557368968] [charge_scheduler]: [Scheduler] 充电车2接口: sequence/served/arrived_target/arrived_station/return_goal/task_complete 后缀=_2
[charge_scheduler-1] [INFO] [1785759996.655679219] [charge_scheduler]: [Scheduler] RoutingGraph 就绪
[charge_scheduler-1] [INFO] [1785759996.656095431] [charge_scheduler]: [Scheduler] 提取到 0 条虚线捷径
[charge_scheduler-1] [INFO] [1785759996.683585739] [charge_scheduler]: [Scheduler] 下层兼容增强图: 190 节点, 0 条虚线掉头边
[charge_scheduler-1] [INFO] [1785760006.127255139] [charge_scheduler]: [Scheduler] 距离矩阵完成 21x21, 9443.6 ms | 模式=maneuver | 真实不可达=0 抽象不可达=0 | 缺少对向投影节点=0 | 对向识别(ID/几何/法向)=0/0/0 | 单向驿站投影=0
[charge_scheduler-1] [INFO] [1785760006.127328594] [charge_scheduler]:   ✓ 比值自检：420 个 OD 满足 机动/直线≥1 | 均值=3.73 最大=54.86 (车#15→车#12)
[charge_scheduler-1] [INFO] [1785760006.127342747] [charge_scheduler]: [Scheduler] 地图就绪, 190 条 lanelet（与下层一致）
[charge_scheduler-1] [INFO] [1785760006.127396508] [charge_scheduler]: ======== 开始VRPTW调度 20 辆车 ========
[charge_scheduler-1] [INFO] [1785760006.127401764] [charge_scheduler]:   规模20>8 → 启发式(alns)
[charge_scheduler-1] [INFO] [1785760017.697390457] [charge_scheduler]: [ALNS] objective_order=Nlate,Tover,Ctotal seed=4 iters=15000 | N_late=3(成功率85.0%) T_overtime=260.9min C_total=5777.5m | 趟数=8 makespan=394.4min
[charge_scheduler-1] [INFO] [1785760017.697465439] [charge_scheduler]:   求解耗时 11570.1 ms
[charge_scheduler-1] [INFO] [1785760017.697475778] [charge_scheduler]: ════════ 调度结果 ════════
[charge_scheduler-1] [INFO] [1785760017.697482424] [charge_scheduler]:   ★目标(字典序): objective_order=Nlate,Tover,Ctotal | N_late=3 辆 (按时成功率 17/20 = 85.0%)  T_overtime=260.9min  C_total=5777.5m
[charge_scheduler-1] [INFO] [1785760017.697493811] [charge_scheduler]:   附: 趟数=8 | makespan=394.4min | 能量可行=是
[charge_scheduler-1] [INFO] [1785760017.697507187] [charge_scheduler]:   [充电车1] 趟1: 站 → 车#8(到2.5/限196.0✓) → 车#3(到16.4/限32.0✓) → 车#7(到44.1/限64.0✓) → 车#18(到72.5/限102.4✓) → 站
[charge_scheduler-1] [INFO] [1785760017.697516245] [charge_scheduler]:   [充电车2] 趟2: 站 → 车#4(到4.6/限212.0✓) → 车#15(到15.3/限44.8✓) → 车#11(到39.2/限83.2✓) → 车#1(到82.1/限96.0✓) → 站
[charge_scheduler-1] [INFO] [1785760017.697523718] [charge_scheduler]:   [充电车1] 趟3: 站 → 车#9(到114.0/限116.0✓) → 车#6(到150.2/限176.0✓) → 站
[charge_scheduler-1] [INFO] [1785760017.697536094] [charge_scheduler]:   [充电车2] 趟4: 站 → 车#13(到124.5/限128.8✓) → 车#0(到162.2/限168.0✓) → 车#12(到198.7/限230.4✓) → 站
[charge_scheduler-1] [INFO] [1785760017.697543515] [charge_scheduler]:   [充电车1] 趟5: 站 → 车#16(到206.1/限184.8✗超时) → 车#10(到244.6/限224.0✗超时) → 站
[charge_scheduler-1] [INFO] [1785760017.697551310] [charge_scheduler]:   [充电车2] 趟6: 站 → 车#19(到237.5/限240.8✓) → 车#2(到273.6/限288.0✓) → 站
[charge_scheduler-1] [INFO] [1785760017.697558037] [charge_scheduler]:   [充电车1] 趟7: 站 → 车#14(到295.3/限300.8✓) → 车#5(到347.0/限128.0✗超时) → 站
[charge_scheduler-1] [INFO] [1785760017.697564094] [charge_scheduler]:   [充电车2] 趟8: 站 → 车#17(到334.3/限339.2✓) → 站
[charge_scheduler-1] [INFO] [1785760017.697569440] [charge_scheduler]: ════════════════════════
[charge_scheduler-1] [INFO] [1785760017.697639927] [charge_scheduler]: [扰动清单] type=station delay=60.0min targets={} station={C1-S1,C2-S1,}
[charge_scheduler-1] [INFO] [1785760017.697657549] [charge_scheduler]: [执行事件] loop=open plan_v=0 C1 type=target_service target=8 station_ord=0 planned_finish=14.59 actual_finish=14.59 dev=+0.00 injected=0.0
[charge_scheduler-1] [INFO] [1785760017.697667459] [charge_scheduler]: [执行事件] loop=open plan_v=0 C2 type=target_service target=4 station_ord=0 planned_finish=14.62 actual_finish=14.62 dev=+0.00 injected=0.0
[charge_scheduler-1] [INFO] [1785760017.697703404] [charge_scheduler]: [执行事件] loop=open plan_v=0 C2 type=target_service target=15 station_ord=0 planned_finish=38.79 actual_finish=38.79 dev=+0.00 injected=0.0
[charge_scheduler-1] [INFO] [1785760017.697710933] [charge_scheduler]: [执行事件] loop=open plan_v=0 C1 type=target_service target=3 station_ord=0 planned_finish=40.55 actual_finish=40.55 dev=+0.00 injected=0.0
[charge_scheduler-1] [INFO] [1785760017.697718236] [charge_scheduler]: [执行事件] loop=open plan_v=0 C1 type=target_service target=7 station_ord=0 planned_finish=68.05 actual_finish=68.05 dev=+0.00 injected=0.0
[charge_scheduler-1] [INFO] [1785760017.697726264] [charge_scheduler]: [执行事件] loop=open plan_v=0 C2 type=target_service target=11 station_ord=0 planned_finish=78.97 actual_finish=78.97 dev=+0.00 injected=0.0
[charge_scheduler-1] [INFO] [1785760017.697733406] [charge_scheduler]: [执行事件] loop=open plan_v=0 C1 type=target_service target=18 station_ord=0 planned_finish=95.95 actual_finish=95.95 dev=+0.00 injected=0.0
[charge_scheduler-1] [INFO] [1785760017.697741055] [charge_scheduler]: [执行事件] loop=open plan_v=0 C2 type=target_service target=1 station_ord=0 planned_finish=106.39 actual_finish=106.39 dev=+0.00 injected=0.0
[charge_scheduler-1] [INFO] [1785760017.697749042] [charge_scheduler]: [执行事件] loop=open plan_v=0 C1 type=station_turnaround target=-1 station_ord=1 planned_finish=108.47 actual_finish=168.47 dev=+60.00 injected=60.0
[charge_scheduler-1] [INFO] [1785760017.697757041] [charge_scheduler]: [执行事件] loop=open plan_v=0 C2 type=station_turnaround target=-1 station_ord=1 planned_finish=117.93 actual_finish=177.93 dev=+60.00 injected=60.0
[charge_scheduler-1] [INFO] [1785760017.697764797] [charge_scheduler]: [执行事件] loop=open plan_v=0 C1 type=target_service target=9 station_ord=0 planned_finish=149.05 actual_finish=209.22 dev=+60.17 injected=0.0
[charge_scheduler-1] [INFO] [1785760017.697772235] [charge_scheduler]: [执行事件] loop=open plan_v=0 C2 type=target_service target=13 station_ord=0 planned_finish=159.34 actual_finish=219.70 dev=+60.36 injected=0.0
[charge_scheduler-1] [INFO] [1785760017.697779639] [charge_scheduler]: [执行事件] loop=open plan_v=0 C1 type=target_service target=6 station_ord=0 planned_finish=191.56 actual_finish=254.09 dev=+62.53 injected=0.0
[charge_scheduler-1] [INFO] [1785760017.697787419] [charge_scheduler]: [执行事件] loop=open plan_v=0 C2 type=target_service target=0 station_ord=0 planned_finish=196.96 actual_finish=257.81 dev=+60.85 injected=0.0
[charge_scheduler-1] [INFO] [1785760017.697794695] [charge_scheduler]: [执行事件] loop=open plan_v=0 C1 type=station_turnaround target=-1 station_ord=2 planned_finish=203.89 actual_finish=266.41 dev=+62.53 injected=0.0
[charge_scheduler-1] [INFO] [1785760017.697801911] [charge_scheduler]: [执行事件] loop=open plan_v=0 C2 type=target_service target=12 station_ord=0 planned_finish=222.10 actual_finish=284.60 dev=+62.50 injected=0.0
[charge_scheduler-1] [INFO] [1785760017.697809215] [charge_scheduler]: [执行事件] loop=open plan_v=0 C2 type=station_turnaround target=-1 station_ord=2 planned_finish=236.27 actual_finish=298.77 dev=+62.50 injected=0.0
[charge_scheduler-1] [INFO] [1785760017.697816621] [charge_scheduler]: [执行事件] loop=open plan_v=0 C1 type=target_service target=16 station_ord=0 planned_finish=241.34 actual_finish=303.86 dev=+62.53 injected=0.0
[charge_scheduler-1] [INFO] [1785760017.697823862] [charge_scheduler]: [执行事件] loop=open plan_v=0 C2 type=target_service target=19 station_ord=0 planned_finish=272.46 actual_finish=335.24 dev=+62.78 injected=0.0
[charge_scheduler-1] [INFO] [1785760017.697831047] [charge_scheduler]: [执行事件] loop=open plan_v=0 C1 type=target_service target=10 station_ord=0 planned_finish=279.86 actual_finish=342.39 dev=+62.53 injected=0.0
[charge_scheduler-1] [INFO] [1785760017.697838167] [charge_scheduler]: [执行事件] loop=open plan_v=0 C1 type=station_turnaround target=-1 station_ord=3 planned_finish=292.32 actual_finish=354.84 dev=+62.53 injected=0.0
[charge_scheduler-1] [INFO] [1785760017.697846941] [charge_scheduler]: [执行事件] loop=open plan_v=0 C2 type=target_service target=2 station_ord=0 planned_finish=316.02 actual_finish=380.11 dev=+64.09 injected=0.0
[charge_scheduler-1] [INFO] [1785760017.697854177] [charge_scheduler]: [执行事件] loop=open plan_v=0 C2 type=station_turnaround target=-1 station_ord=3 planned_finish=332.58 actual_finish=396.67 dev=+64.09 injected=0.0
[charge_scheduler-1] [INFO] [1785760017.697866676] [charge_scheduler]: [执行事件] loop=open plan_v=0 C1 type=target_service target=14 station_ord=0 planned_finish=338.55 actual_finish=401.58 dev=+63.03 injected=0.0
[charge_scheduler-1] [INFO] [1785760017.697874204] [charge_scheduler]: [执行事件] loop=open plan_v=0 C2 type=target_service target=17 station_ord=0 planned_finish=377.60 actual_finish=442.14 dev=+64.54 injected=0.0
[charge_scheduler-1] [INFO] [1785760017.697881536] [charge_scheduler]: [执行事件] loop=open plan_v=0 C2 type=final_return target=-1 station_ord=0 planned_finish=381.17 actual_finish=445.71 dev=+64.54 injected=0.0
[charge_scheduler-1] [INFO] [1785760017.697888837] [charge_scheduler]: [执行事件] loop=open plan_v=0 C1 type=target_service target=5 station_ord=0 planned_finish=390.79 actual_finish=453.82 dev=+63.03 injected=0.0
[charge_scheduler-1] [INFO] [1785760017.697895850] [charge_scheduler]: [执行事件] loop=open plan_v=0 C1 type=final_return target=-1 station_ord=0 planned_finish=394.40 actual_finish=457.42 dev=+63.03 injected=0.0
[charge_scheduler-1] [INFO] [1785760017.697911168] [charge_scheduler]: [执行事件] loop=fixed plan_v=0 C1 type=target_service target=8 station_ord=0 planned_finish=14.59 actual_finish=14.59 dev=+0.00 injected=0.0
[charge_scheduler-1] [INFO] [1785760017.697918997] [charge_scheduler]: [执行事件] loop=fixed plan_v=0 C2 type=target_service target=4 station_ord=0 planned_finish=14.62 actual_finish=14.62 dev=+0.00 injected=0.0
[charge_scheduler-1] [INFO] [1785760017.697927859] [charge_scheduler]: [执行事件] loop=fixed plan_v=0 C2 type=target_service target=15 station_ord=0 planned_finish=38.79 actual_finish=38.79 dev=+0.00 injected=0.0
[charge_scheduler-1] [INFO] [1785760017.697936394] [charge_scheduler]: [执行事件] loop=fixed plan_v=0 C1 type=target_service target=3 station_ord=0 planned_finish=40.55 actual_finish=40.55 dev=+0.00 injected=0.0
[charge_scheduler-1] [INFO] [1785760017.697942758] [charge_scheduler]: [执行事件] loop=fixed plan_v=0 C1 type=target_service target=7 station_ord=0 planned_finish=68.05 actual_finish=68.05 dev=+0.00 injected=0.0
[charge_scheduler-1] [INFO] [1785760017.697949175] [charge_scheduler]: [执行事件] loop=fixed plan_v=0 C2 type=target_service target=11 station_ord=0 planned_finish=78.97 actual_finish=78.97 dev=+0.00 injected=0.0
[charge_scheduler-1] [INFO] [1785760017.697955547] [charge_scheduler]: [执行事件] loop=fixed plan_v=0 C1 type=target_service target=18 station_ord=0 planned_finish=95.95 actual_finish=95.95 dev=+0.00 injected=0.0
[charge_scheduler-1] [INFO] [1785760017.697962141] [charge_scheduler]: [执行事件] loop=fixed plan_v=0 C2 type=target_service target=1 station_ord=0 planned_finish=106.39 actual_finish=106.39 dev=+0.00 injected=0.0
[charge_scheduler-1] [INFO] [1785760017.697968773] [charge_scheduler]: [执行事件] loop=fixed plan_v=0 C1 type=station_turnaround target=-1 station_ord=1 planned_finish=108.47 actual_finish=168.47 dev=+60.00 injected=60.0
[charge_scheduler-1] [WARN] [1785760017.971432157] [charge_scheduler]: [重调度事件] policy=fixed #1 t=168.47min trigger=C1/station_turnaround dev=+60.00 pool=12 committed=0 plan_v=1 solve_ms=273.4 changed_assign=0 changed_order=9
[charge_scheduler-1] [INFO] [1785760017.971479917] [charge_scheduler]: [执行事件] loop=fixed plan_v=0 C2 type=station_turnaround target=-1 station_ord=1 planned_finish=117.93 actual_finish=177.93 dev=+60.00 injected=60.0
[charge_scheduler-1] [WARN] [1785760018.210282961] [charge_scheduler]: [重调度事件] policy=fixed #2 t=177.93min trigger=C2/station_turnaround dev=+60.00 pool=11 committed=1 plan_v=2 solve_ms=238.8 changed_assign=0 changed_order=3
[charge_scheduler-1] [INFO] [1785760018.210336016] [charge_scheduler]: [执行事件] loop=fixed plan_v=1 C1 type=target_service target=16 station_ord=0 planned_finish=204.73 actual_finish=204.73 dev=+0.00 injected=0.0
[charge_scheduler-1] [INFO] [1785760018.210345333] [charge_scheduler]: [执行事件] loop=fixed plan_v=2 C2 type=target_service target=0 station_ord=0 planned_finish=215.98 actual_finish=215.98 dev=+0.00 injected=0.0
[charge_scheduler-1] [INFO] [1785760018.210351598] [charge_scheduler]: [执行事件] loop=fixed plan_v=2 C1 type=target_service target=10 station_ord=0 planned_finish=241.91 actual_finish=241.91 dev=+0.00 injected=0.0
[charge_scheduler-1] [INFO] [1785760018.210388781] [charge_scheduler]: [执行事件] loop=fixed plan_v=2 C2 type=target_service target=12 station_ord=0 planned_finish=242.10 actual_finish=242.10 dev=+0.00 injected=0.0
[charge_scheduler-1] [INFO] [1785760018.210395201] [charge_scheduler]: [执行事件] loop=fixed plan_v=2 C2 type=target_service target=13 station_ord=0 planned_finish=279.46 actual_finish=279.46 dev=+0.00 injected=0.0
[charge_scheduler-1] [INFO] [1785760018.210401984] [charge_scheduler]: [执行事件] loop=fixed plan_v=2 C1 type=target_service target=9 station_ord=0 planned_finish=283.18 actual_finish=283.18 dev=+0.00 injected=0.0
[charge_scheduler-1] [INFO] [1785760018.210407716] [charge_scheduler]: [执行事件] loop=fixed plan_v=2 C2 type=station_turnaround target=-1 station_ord=2 planned_finish=291.60 actual_finish=291.60 dev=+0.00 injected=0.0
[charge_scheduler-1] [INFO] [1785760018.210413557] [charge_scheduler]: [执行事件] loop=fixed plan_v=2 C1 type=station_turnaround target=-1 station_ord=2 planned_finish=296.51 actual_finish=296.51 dev=+0.00 injected=0.0
[charge_scheduler-1] [INFO] [1785760018.210419472] [charge_scheduler]: [执行事件] loop=fixed plan_v=2 C2 type=target_service target=19 station_ord=0 planned_finish=328.07 actual_finish=328.07 dev=+0.00 injected=0.0
[charge_scheduler-1] [INFO] [1785760018.210425315] [charge_scheduler]: [执行事件] loop=fixed plan_v=2 C1 type=target_service target=5 station_ord=0 planned_finish=345.48 actual_finish=345.48 dev=+0.00 injected=0.0
[charge_scheduler-1] [INFO] [1785760018.210432634] [charge_scheduler]: [执行事件] loop=fixed plan_v=2 C2 type=target_service target=2 station_ord=0 planned_finish=372.94 actual_finish=372.94 dev=+0.00 injected=0.0
[charge_scheduler-1] [INFO] [1785760018.210438339] [charge_scheduler]: [执行事件] loop=fixed plan_v=2 C2 type=station_turnaround target=-1 station_ord=3 planned_finish=389.50 actual_finish=389.50 dev=+0.00 injected=0.0
[charge_scheduler-1] [INFO] [1785760018.210443849] [charge_scheduler]: [执行事件] loop=fixed plan_v=2 C1 type=target_service target=6 station_ord=0 planned_finish=390.62 actual_finish=390.62 dev=+0.00 injected=0.0
[charge_scheduler-1] [INFO] [1785760018.210449213] [charge_scheduler]: [执行事件] loop=fixed plan_v=2 C1 type=station_turnaround target=-1 station_ord=3 planned_finish=402.94 actual_finish=402.94 dev=+0.00 injected=0.0
[charge_scheduler-1] [INFO] [1785760018.210454714] [charge_scheduler]: [执行事件] loop=fixed plan_v=2 C2 type=target_service target=17 station_ord=0 planned_finish=434.97 actual_finish=434.97 dev=+0.00 injected=0.0
[charge_scheduler-1] [INFO] [1785760018.210460188] [charge_scheduler]: [执行事件] loop=fixed plan_v=2 C2 type=final_return target=-1 station_ord=0 planned_finish=438.53 actual_finish=438.53 dev=+0.00 injected=0.0
[charge_scheduler-1] [INFO] [1785760018.210465661] [charge_scheduler]: [执行事件] loop=fixed plan_v=2 C1 type=target_service target=14 station_ord=0 planned_finish=449.68 actual_finish=449.68 dev=+0.00 injected=0.0
[charge_scheduler-1] [INFO] [1785760018.210471017] [charge_scheduler]: [执行事件] loop=fixed plan_v=2 C1 type=final_return target=-1 station_ord=0 planned_finish=453.38 actual_finish=453.38 dev=+0.00 injected=0.0
[charge_scheduler-1] [INFO] [1785760018.210490282] [charge_scheduler]: [执行事件] loop=global plan_v=0 C1 type=target_service target=8 station_ord=0 planned_finish=14.59 actual_finish=14.59 dev=+0.00 injected=0.0
[charge_scheduler-1] [INFO] [1785760018.210496183] [charge_scheduler]: [执行事件] loop=global plan_v=0 C2 type=target_service target=4 station_ord=0 planned_finish=14.62 actual_finish=14.62 dev=+0.00 injected=0.0
[charge_scheduler-1] [INFO] [1785760018.210501789] [charge_scheduler]: [执行事件] loop=global plan_v=0 C2 type=target_service target=15 station_ord=0 planned_finish=38.79 actual_finish=38.79 dev=+0.00 injected=0.0
[charge_scheduler-1] [INFO] [1785760018.210507251] [charge_scheduler]: [执行事件] loop=global plan_v=0 C1 type=target_service target=3 station_ord=0 planned_finish=40.55 actual_finish=40.55 dev=+0.00 injected=0.0
[charge_scheduler-1] [INFO] [1785760018.210512604] [charge_scheduler]: [执行事件] loop=global plan_v=0 C1 type=target_service target=7 station_ord=0 planned_finish=68.05 actual_finish=68.05 dev=+0.00 injected=0.0
[charge_scheduler-1] [INFO] [1785760018.210518006] [charge_scheduler]: [执行事件] loop=global plan_v=0 C2 type=target_service target=11 station_ord=0 planned_finish=78.97 actual_finish=78.97 dev=+0.00 injected=0.0
[charge_scheduler-1] [INFO] [1785760018.210526881] [charge_scheduler]: [执行事件] loop=global plan_v=0 C1 type=target_service target=18 station_ord=0 planned_finish=95.95 actual_finish=95.95 dev=+0.00 injected=0.0
[charge_scheduler-1] [INFO] [1785760018.210533344] [charge_scheduler]: [执行事件] loop=global plan_v=0 C2 type=target_service target=1 station_ord=0 planned_finish=106.39 actual_finish=106.39 dev=+0.00 injected=0.0
[charge_scheduler-1] [INFO] [1785760018.210539180] [charge_scheduler]: [执行事件] loop=global plan_v=0 C1 type=station_turnaround target=-1 station_ord=1 planned_finish=108.47 actual_finish=168.47 dev=+60.00 injected=60.0
[charge_scheduler-1] [WARN] [1785760019.102311945] [charge_scheduler]: [重调度事件] policy=global #1 t=168.47min trigger=C1/station_turnaround dev=+60.00 pool=12 committed=0 plan_v=1 solve_ms=891.7 changed_assign=8 changed_order=12
[charge_scheduler-1] [INFO] [1785760019.102358281] [charge_scheduler]: [执行事件] loop=global plan_v=0 C2 type=station_turnaround target=-1 station_ord=1 planned_finish=117.93 actual_finish=177.93 dev=+60.00 injected=60.0
[charge_scheduler-1] [WARN] [1785760019.700202259] [charge_scheduler]: [重调度事件] policy=global #2 t=177.93min trigger=C2/station_turnaround dev=+60.00 pool=11 committed=1 plan_v=2 solve_ms=597.8 changed_assign=4 changed_order=6
[charge_scheduler-1] [INFO] [1785760019.700255618] [charge_scheduler]: [执行事件] loop=global plan_v=1 C1 type=target_service target=0 station_ord=0 planned_finish=206.51 actual_finish=206.51 dev=+0.00 injected=0.0
[charge_scheduler-1] [INFO] [1785760019.700265270] [charge_scheduler]: [执行事件] loop=global plan_v=2 C2 type=target_service target=16 station_ord=0 planned_finish=214.99 actual_finish=214.99 dev=+0.00 injected=0.0
[charge_scheduler-1] [INFO] [1785760019.700271567] [charge_scheduler]: [执行事件] loop=global plan_v=2 C1 type=target_service target=12 station_ord=0 planned_finish=232.15 actual_finish=232.15 dev=+0.00 injected=0.0
[charge_scheduler-1] [INFO] [1785760019.700277452] [charge_scheduler]: [执行事件] loop=global plan_v=2 C2 type=target_service target=19 station_ord=0 planned_finish=249.98 actual_finish=249.98 dev=+0.00 injected=0.0
[charge_scheduler-1] [INFO] [1785760019.700283215] [charge_scheduler]: [执行事件] loop=global plan_v=2 C1 type=target_service target=13 station_ord=0 planned_finish=269.50 actual_finish=269.50 dev=+0.00 injected=0.0
[charge_scheduler-1] [INFO] [1785760019.700290279] [charge_scheduler]: [执行事件] loop=global plan_v=2 C1 type=station_turnaround target=-1 station_ord=2 planned_finish=281.64 actual_finish=281.64 dev=+0.00 injected=0.0
[charge_scheduler-1] [INFO] [1785760019.700296325] [charge_scheduler]: [执行事件] loop=global plan_v=2 C2 type=target_service target=9 station_ord=0 planned_finish=289.60 actual_finish=289.60 dev=+0.00 injected=0.0
[charge_scheduler-1] [INFO] [1785760019.700302005] [charge_scheduler]: [执行事件] loop=global plan_v=2 C2 type=station_turnaround target=-1 station_ord=2 planned_finish=302.93 actual_finish=302.93 dev=+0.00 injected=0.0
[charge_scheduler-1] [INFO] [1785760019.700307654] [charge_scheduler]: [执行事件] loop=global plan_v=2 C1 type=target_service target=2 station_ord=0 planned_finish=327.28 actual_finish=327.28 dev=+0.00 injected=0.0
[charge_scheduler-1] [INFO] [1785760019.700313172] [charge_scheduler]: [执行事件] loop=global plan_v=2 C2 type=target_service target=10 station_ord=0 planned_finish=340.25 actual_finish=340.25 dev=+0.00 injected=0.0
[charge_scheduler-1] [INFO] [1785760019.700318652] [charge_scheduler]: [执行事件] loop=global plan_v=2 C1 type=target_service target=17 station_ord=0 planned_finish=376.71 actual_finish=376.71 dev=+0.00 injected=0.0
[charge_scheduler-1] [INFO] [1785760019.700324360] [charge_scheduler]: [执行事件] loop=global plan_v=2 C2 type=target_service target=5 station_ord=0 planned_finish=389.73 actual_finish=389.73 dev=+0.00 injected=0.0
[charge_scheduler-1] [INFO] [1785760019.700330099] [charge_scheduler]: [执行事件] loop=global plan_v=2 C1 type=station_turnaround target=-1 station_ord=3 planned_finish=390.27 actual_finish=390.27 dev=+0.00 injected=0.0
[charge_scheduler-1] [INFO] [1785760019.700335571] [charge_scheduler]: [执行事件] loop=global plan_v=2 C2 type=station_turnaround target=-1 station_ord=3 planned_finish=403.33 actual_finish=403.33 dev=+0.00 injected=0.0
[charge_scheduler-1] [INFO] [1785760019.700364566] [charge_scheduler]: [执行事件] loop=global plan_v=2 C1 type=target_service target=6 station_ord=0 planned_finish=437.15 actual_finish=437.15 dev=+0.00 injected=0.0
[charge_scheduler-1] [INFO] [1785760019.700370538] [charge_scheduler]: [执行事件] loop=global plan_v=2 C1 type=final_return target=-1 station_ord=0 planned_finish=439.48 actual_finish=439.48 dev=+0.00 injected=0.0
[charge_scheduler-1] [INFO] [1785760019.700376064] [charge_scheduler]: [执行事件] loop=global plan_v=2 C2 type=target_service target=14 station_ord=0 planned_finish=450.07 actual_finish=450.07 dev=+0.00 injected=0.0
[charge_scheduler-1] [INFO] [1785760019.700381459] [charge_scheduler]: [执行事件] loop=global plan_v=2 C2 type=final_return target=-1 station_ord=0 planned_finish=453.77 actual_finish=453.77 dev=+0.00 injected=0.0
[charge_scheduler-1] [INFO] [1785760019.700394397] [charge_scheduler]: ★闭环实验结果 mode=open M=20 K=2 disturbance=station delay=60.0 seed=4 N_late=12 T_overtime=904.507 C_total=5777.485 makespan=457.422 served=20 energy_viol=0 reschedules=0 reschedule_ms=0.000 changed_assign=0 changed_order=0 applied_target=0 applied_station=2 initial_solve_ms=11570.063 objective_order=Nlate,Tover,Ctotal
[charge_scheduler-1] [INFO] [1785760019.700405210] [charge_scheduler]: ★闭环实验结果 mode=fixed M=20 K=2 disturbance=station delay=60.0 seed=4 N_late=9 T_overtime=855.016 C_total=5242.248 makespan=453.381 served=20 energy_viol=0 reschedules=2 reschedule_ms=512.169 changed_assign=0 changed_order=12 applied_target=0 applied_station=2 initial_solve_ms=11570.063 objective_order=Nlate,Tover,Ctotal
[charge_scheduler-1] [INFO] [1785760019.700413113] [charge_scheduler]: ★闭环实验收益 policy=fixed M=20 K=2 disturbance=station delay=60.0 seed=4 recovered_late=3 overtime_reduction=49.492 distance_delta=-535.237 makespan_reduction=4.040
[charge_scheduler-1] [INFO] [1785760019.700419206] [charge_scheduler]: ★闭环实验结果 mode=closed M=20 K=2 disturbance=station delay=60.0 seed=4 N_late=7 T_overtime=868.955 C_total=5415.848 makespan=453.772 served=20 energy_viol=0 reschedules=2 reschedule_ms=1489.556 changed_assign=12 changed_order=18 applied_target=0 applied_station=2 initial_solve_ms=11570.063 objective_order=Nlate,Tover,Ctotal
[charge_scheduler-1] [INFO] [1785760019.700426875] [charge_scheduler]: ★闭环实验收益 policy=closed M=20 K=2 disturbance=station delay=60.0 seed=4 recovered_late=5 overtime_reduction=35.553 distance_delta=-361.637 makespan_reduction=3.649
