[INFO] [launch]: All log files can be found below /root/.ros/log/2026-08-03-12-17-22-638021-YYYY-29598
[INFO] [launch]: Default logging verbosity is set to INFO
[INFO] [charge_scheduler-1]: process started with pid [29602]
[charge_scheduler-1] [INFO] [1785759442.769356975] [charge_scheduler]: [目标顺序] objective_order=Nlate,Tover,Ctotal
[charge_scheduler-1] [INFO] [1785759442.769858076] [charge_scheduler]: [Scheduler] 20辆车 | 电池800.0kWh(20%=160.0 80%=640.0) | 充电360kW效率97% | 行驶0.6kWh/km | 桩350kW
[charge_scheduler-1] [INFO] [1785759442.769887472] [charge_scheduler]: [Scheduler] 站端周转: 换电 10 min(换后满电) | 单趟可用 640 kWh
[charge_scheduler-1] [INFO] [1785759442.769896667] [charge_scheduler]:   车#0 [电动装载机282|light] 位置(3865.2,73751.0) 容量282kWh 剩余35% | α=6→6min/% τ=168min → 需130.8kWh(充21.2min)
[charge_scheduler-1] [INFO] [1785759442.769911679] [charge_scheduler]:   车#1 [重型叉车|light] 位置(3785.0,73749.2) 容量200kWh 剩余20% | α=6→6min/% τ=96min → 需123.7kWh(充20.0min)
[charge_scheduler-1] [INFO] [1785759442.769923236] [charge_scheduler]:   车#2 [电动装载机350|light] 位置(3811.5,73799.9) 容量350kWh 剩余50% | α=6→6min/% τ=288min → 需108.2kWh(充17.5min)
[charge_scheduler-1] [INFO] [1785759442.769934988] [charge_scheduler]:   车#3 [重型叉车|light] 位置(3810.8,73773.1) 容量200kWh 剩余10% | α=6→6min/% τ=32min → 需144.3kWh(充23.3min)
[charge_scheduler-1] [INFO] [1785759442.769948537] [charge_scheduler]:   车#4 [电动装载机282|heavy→降级] 位置(3905.0,73793.5) 容量282kWh 剩余60% | α=3→6min/% τ=212min → 需58.1kWh(充9.4min)
[charge_scheduler-1] [INFO] [1785759442.769959591] [charge_scheduler]:   车#5 [电动装载机350|light] 位置(3894.3,73756.9) 容量350kWh 剩余25% | α=6→6min/% τ=128min → 需198.5kWh(充32.1min)
[charge_scheduler-1] [INFO] [1785759442.769971390] [charge_scheduler]:   车#6 [电动装载机350|heavy→降级] 位置(3818.5,73716.2) 容量350kWh 剩余40% | α=4→6min/% τ=176min → 需144.3kWh(充23.3min)
[charge_scheduler-1] [INFO] [1785759442.769982228] [charge_scheduler]:   车#7 [重型叉车|light] 位置(3733.2,73772.4) 容量200kWh 剩余15% | α=6→6min/% τ=64min → 需134.0kWh(充21.7min)
[charge_scheduler-1] [INFO] [1785759442.769993473] [charge_scheduler]:   车#8 [电动装载机282|heavy→降级] 位置(3764.7,73699.0) 容量282kWh 剩余55% | α=3→6min/% τ=196min → 需72.7kWh(充11.8min)
[charge_scheduler-1] [INFO] [1785759442.770005933] [charge_scheduler]:   车#9 [电动装载机282|heavy→降级] 位置(3878.4,73747.9) 容量282kWh 剩余30% | α=3→6min/% τ=116min → 需145.4kWh(充23.5min)
[charge_scheduler-1] [INFO] [1785759442.770019169] [charge_scheduler]:   车#10 [电动装载机282|light] 位置(3740.3,73686.9) 容量282kWh 剩余45% | α=6→6min/% τ=224min → 需101.8kWh(充16.4min)
[charge_scheduler-1] [INFO] [1785759442.770030146] [charge_scheduler]:   车#11 [电动装载机350|light] 位置(3895.4,73811.9) 容量350kWh 剩余18% | α=6→6min/% τ=83min → 需223.7kWh(充36.2min)
[charge_scheduler-1] [INFO] [1785759442.770041129] [charge_scheduler]:   车#12 [重型叉车|heavy→降级] 位置(3876.0,73830.2) 容量200kWh 剩余62% | α=3→6min/% τ=230min → 需37.1kWh(充6.0min)
[charge_scheduler-1] [INFO] [1785759442.770053108] [charge_scheduler]:   车#13 [电动装载机282|light] 位置(3765.9,73790.3) 容量282kWh 剩余28% | α=6→6min/% τ=129min → 需151.2kWh(充24.4min)
[charge_scheduler-1] [INFO] [1785759442.770064623] [charge_scheduler]:   车#14 [电动装载机350|light] 位置(3637.1,73698.1) 容量350kWh 剩余52% | α=6→6min/% τ=301min → 需101.0kWh(充16.3min)
[charge_scheduler-1] [INFO] [1785759442.770075166] [charge_scheduler]:   车#15 [重型叉车|light] 位置(3884.5,73833.1) 容量200kWh 剩余12% | α=6→6min/% τ=45min → 需140.2kWh(充22.7min)
[charge_scheduler-1] [INFO] [1785759442.770085999] [charge_scheduler]:   车#16 [电动装载机282|light] 位置(3699.3,73765.4) 容量282kWh 剩余38% | α=6→6min/% τ=185min → 需122.1kWh(充19.7min)
[charge_scheduler-1] [INFO] [1785759442.770099238] [charge_scheduler]:   车#17 [电动装载机350|light] 位置(3800.8,73717.7) 容量350kWh 剩余58% | α=6→6min/% τ=339min → 需79.4kWh(充12.8min)
[charge_scheduler-1] [INFO] [1785759442.770110030] [charge_scheduler]:   车#18 [重型叉车|heavy→降级] 位置(3825.0,73792.7) 容量200kWh 剩余22% | α=3→6min/% τ=102min → 需119.6kWh(充19.3min)
[charge_scheduler-1] [INFO] [1785759442.770121552] [charge_scheduler]:   车#19 [电动装载机282|light] 位置(3784.3,73759.0) 容量282kWh 剩余48% | α=6→6min/% τ=241min → 需93.0kWh(充15.0min)
[charge_scheduler-1] [INFO] [1785759442.780032676] [charge_scheduler]: [Scheduler] 闭环接口: threshold=10.0min | event_sim=on | policy=all | structured_feedback=optional (/task_planner/execution_event)
[charge_scheduler-1] [INFO] [1785759442.780069663] [charge_scheduler]: [Scheduler] 已启动, 等待地图...
[charge_scheduler-1] [INFO] [1785759442.780081006] [charge_scheduler]: [Scheduler] 充电车1接口: sequence/served/arrived_target/arrived_station/return_goal/task_complete 后缀=_1
[charge_scheduler-1] [INFO] [1785759442.780088525] [charge_scheduler]: [Scheduler] 充电车2接口: sequence/served/arrived_target/arrived_station/return_goal/task_complete 后缀=_2
[charge_scheduler-1] [INFO] [1785759442.895412768] [charge_scheduler]: [Scheduler] RoutingGraph 就绪
[charge_scheduler-1] [INFO] [1785759442.895831545] [charge_scheduler]: [Scheduler] 提取到 0 条虚线捷径
[charge_scheduler-1] [INFO] [1785759442.924056369] [charge_scheduler]: [Scheduler] 下层兼容增强图: 190 节点, 0 条虚线掉头边
[charge_scheduler-1] [INFO] [1785759452.475204769] [charge_scheduler]: [Scheduler] 距离矩阵完成 21x21, 9551.0 ms | 模式=maneuver | 真实不可达=0 抽象不可达=0 | 缺少对向投影节点=0 | 对向识别(ID/几何/法向)=0/0/0 | 单向驿站投影=0
[charge_scheduler-1] [INFO] [1785759452.475268263] [charge_scheduler]:   ✓ 比值自检：420 个 OD 满足 机动/直线≥1 | 均值=3.73 最大=54.86 (车#15→车#12)
[charge_scheduler-1] [INFO] [1785759452.475279799] [charge_scheduler]: [Scheduler] 地图就绪, 190 条 lanelet（与下层一致）
[charge_scheduler-1] [INFO] [1785759452.475328208] [charge_scheduler]: ======== 开始VRPTW调度 20 辆车 ========
[charge_scheduler-1] [INFO] [1785759452.475333220] [charge_scheduler]:   规模20>8 → 启发式(alns)
[charge_scheduler-1] [INFO] [1785759464.216543208] [charge_scheduler]: [ALNS] objective_order=Nlate,Tover,Ctotal seed=1 iters=15000 | N_late=2(成功率90.0%) T_overtime=355.5min C_total=5875.8m | 趟数=8 makespan=410.3min
[charge_scheduler-1] [INFO] [1785759464.216582026] [charge_scheduler]:   求解耗时 11741.2 ms
[charge_scheduler-1] [INFO] [1785759464.216589560] [charge_scheduler]: ════════ 调度结果 ════════
[charge_scheduler-1] [INFO] [1785759464.216594580] [charge_scheduler]:   ★目标(字典序): objective_order=Nlate,Tover,Ctotal | N_late=2 辆 (按时成功率 18/20 = 90.0%)  T_overtime=355.5min  C_total=5875.8m
[charge_scheduler-1] [INFO] [1785759464.216600529] [charge_scheduler]:   附: 趟数=8 | makespan=410.3min | 能量可行=是
[charge_scheduler-1] [INFO] [1785759464.216610135] [charge_scheduler]:   [充电车2] 趟1: 站 → 车#0(到2.8/限168.0✓) → 车#13(到28.0/限128.8✓) → 车#7(到55.4/限64.0✓) → 车#18(到84.4/限102.4✓) → 站
[charge_scheduler-1] [INFO] [1785759464.216616335] [charge_scheduler]:   [充电车1] 趟2: 站 → 车#3(到1.7/限32.0✓) → 车#15(到27.4/限44.8✓) → 车#9(到53.2/限116.0✓) → 车#1(到85.1/限96.0✓) → 站
[charge_scheduler-1] [INFO] [1785759464.216622069] [charge_scheduler]:   [充电车1] 趟3: 站 → 车#10(到123.1/限224.0✓) → 车#16(到153.1/限184.8✓) → 车#4(到189.6/限212.0✓) → 站
[charge_scheduler-1] [INFO] [1785759464.216627262] [charge_scheduler]:   [充电车2] 趟4: 站 → 车#5(到126.2/限128.0✓) → 车#8(到174.5/限196.0✓) → 车#12(到211.4/限230.4✓) → 站
[charge_scheduler-1] [INFO] [1785759464.216632872] [charge_scheduler]:   [充电车1] 趟5: 站 → 车#19(到238.5/限240.8✓) → 车#2(到274.7/限288.0✓) → 站
[charge_scheduler-1] [INFO] [1785759464.216637762] [charge_scheduler]:   [充电车2] 趟6: 站 → 车#6(到252.7/限176.0✗超时) → 车#14(到300.4/限300.8✓) → 站
[charge_scheduler-1] [INFO] [1785759464.216641726] [charge_scheduler]:   [充电车1] 趟7: 站 → 车#17(到335.5/限339.2✓) → 站
[charge_scheduler-1] [INFO] [1785759464.216646351] [charge_scheduler]:   [充电车2] 趟8: 站 → 车#11(到362.0/限83.2✗超时) → 站
[charge_scheduler-1] [INFO] [1785759464.216649672] [charge_scheduler]: ════════════════════════
[charge_scheduler-1] [INFO] [1785759464.216692421] [charge_scheduler]: [扰动清单] type=station delay=15.0min targets={} station={C1-S1,C2-S1,}
[charge_scheduler-1] [INFO] [1785759464.216706287] [charge_scheduler]: [执行事件] loop=open plan_v=0 C2 type=target_service target=0 station_ord=0 planned_finish=24.18 actual_finish=24.18 dev=+0.00 injected=0.0
[charge_scheduler-1] [INFO] [1785759464.216713740] [charge_scheduler]: [执行事件] loop=open plan_v=0 C1 type=target_service target=3 station_ord=0 planned_finish=25.10 actual_finish=25.10 dev=+0.00 injected=0.0
[charge_scheduler-1] [INFO] [1785759464.216737794] [charge_scheduler]: [执行事件] loop=open plan_v=0 C1 type=target_service target=15 station_ord=0 planned_finish=51.49 actual_finish=51.49 dev=+0.00 injected=0.0
[charge_scheduler-1] [INFO] [1785759464.216743354] [charge_scheduler]: [执行事件] loop=open plan_v=0 C2 type=target_service target=13 station_ord=0 planned_finish=54.77 actual_finish=54.77 dev=+0.00 injected=0.0
[charge_scheduler-1] [INFO] [1785759464.216748662] [charge_scheduler]: [执行事件] loop=open plan_v=0 C2 type=target_service target=7 station_ord=0 planned_finish=79.97 actual_finish=79.97 dev=+0.00 injected=0.0
[charge_scheduler-1] [INFO] [1785759464.216753971] [charge_scheduler]: [执行事件] loop=open plan_v=0 C1 type=target_service target=9 station_ord=0 planned_finish=83.17 actual_finish=83.17 dev=+0.00 injected=0.0
[charge_scheduler-1] [INFO] [1785759464.216759147] [charge_scheduler]: [执行事件] loop=open plan_v=0 C2 type=target_service target=18 station_ord=0 planned_finish=108.50 actual_finish=108.50 dev=+0.00 injected=0.0
[charge_scheduler-1] [INFO] [1785759464.216765452] [charge_scheduler]: [执行事件] loop=open plan_v=0 C1 type=target_service target=1 station_ord=0 planned_finish=109.50 actual_finish=109.50 dev=+0.00 injected=0.0
[charge_scheduler-1] [INFO] [1785759464.216771397] [charge_scheduler]: [执行事件] loop=open plan_v=0 C2 type=station_turnaround target=-1 station_ord=1 planned_finish=121.01 actual_finish=136.01 dev=+15.00 injected=15.0
[charge_scheduler-1] [INFO] [1785759464.216777536] [charge_scheduler]: [执行事件] loop=open plan_v=0 C1 type=station_turnaround target=-1 station_ord=1 planned_finish=121.04 actual_finish=136.04 dev=+15.00 injected=15.0
[charge_scheduler-1] [INFO] [1785759464.216783264] [charge_scheduler]: [执行事件] loop=open plan_v=0 C1 type=target_service target=10 station_ord=0 planned_finish=149.89 actual_finish=166.15 dev=+16.26 injected=0.0
[charge_scheduler-1] [INFO] [1785759464.216789087] [charge_scheduler]: [执行事件] loop=open plan_v=0 C2 type=target_service target=5 station_ord=0 planned_finish=169.82 actual_finish=184.98 dev=+15.16 injected=0.0
[charge_scheduler-1] [INFO] [1785759464.216794801] [charge_scheduler]: [执行事件] loop=open plan_v=0 C1 type=target_service target=16 station_ord=0 planned_finish=185.73 actual_finish=203.35 dev=+17.62 injected=0.0
[charge_scheduler-1] [INFO] [1785759464.216800369] [charge_scheduler]: [执行事件] loop=open plan_v=0 C2 type=target_service target=8 station_ord=0 planned_finish=207.92 actual_finish=224.35 dev=+16.43 injected=0.0
[charge_scheduler-1] [INFO] [1785759464.216805972] [charge_scheduler]: [执行事件] loop=open plan_v=0 C1 type=target_service target=4 station_ord=0 planned_finish=223.02 actual_finish=242.12 dev=+19.10 injected=0.0
[charge_scheduler-1] [INFO] [1785759464.216811548] [charge_scheduler]: [执行事件] loop=open plan_v=0 C2 type=target_service target=12 station_ord=0 planned_finish=235.42 actual_finish=252.71 dev=+17.29 injected=0.0
[charge_scheduler-1] [INFO] [1785759464.216817139] [charge_scheduler]: [执行事件] loop=open plan_v=0 C1 type=station_turnaround target=-1 station_ord=2 planned_finish=237.28 actual_finish=256.39 dev=+19.10 injected=0.0
[charge_scheduler-1] [INFO] [1785759464.216822650] [charge_scheduler]: [执行事件] loop=open plan_v=0 C2 type=station_turnaround target=-1 station_ord=2 planned_finish=249.59 actual_finish=266.88 dev=+17.29 injected=0.0
[charge_scheduler-1] [INFO] [1785759464.216828207] [charge_scheduler]: [执行事件] loop=open plan_v=0 C1 type=target_service target=19 station_ord=0 planned_finish=273.56 actual_finish=292.86 dev=+19.30 injected=0.0
[charge_scheduler-1] [INFO] [1785759464.216834635] [charge_scheduler]: [执行事件] loop=open plan_v=0 C2 type=target_service target=6 station_ord=0 planned_finish=296.47 actual_finish=313.76 dev=+17.29 injected=0.0
[charge_scheduler-1] [INFO] [1785759464.216840230] [charge_scheduler]: [执行事件] loop=open plan_v=0 C1 type=target_service target=2 station_ord=0 planned_finish=317.22 actual_finish=337.73 dev=+20.51 injected=0.0
[charge_scheduler-1] [INFO] [1785759464.216845879] [charge_scheduler]: [执行事件] loop=open plan_v=0 C1 type=station_turnaround target=-1 station_ord=3 planned_finish=333.78 actual_finish=354.29 dev=+20.51 injected=0.0
[charge_scheduler-1] [INFO] [1785759464.216851382] [charge_scheduler]: [执行事件] loop=open plan_v=0 C2 type=target_service target=14 station_ord=0 planned_finish=344.07 actual_finish=361.40 dev=+17.33 injected=0.0
[charge_scheduler-1] [INFO] [1785759464.216859017] [charge_scheduler]: [执行事件] loop=open plan_v=0 C2 type=station_turnaround target=-1 station_ord=3 planned_finish=357.77 actual_finish=375.10 dev=+17.33 injected=0.0
[charge_scheduler-1] [INFO] [1785759464.216864701] [charge_scheduler]: [执行事件] loop=open plan_v=0 C1 type=target_service target=17 station_ord=0 planned_finish=378.91 actual_finish=399.75 dev=+20.85 injected=0.0
[charge_scheduler-1] [INFO] [1785759464.216870791] [charge_scheduler]: [执行事件] loop=open plan_v=0 C1 type=final_return target=-1 station_ord=0 planned_finish=382.47 actual_finish=403.32 dev=+20.85 injected=0.0
[charge_scheduler-1] [INFO] [1785759464.216876414] [charge_scheduler]: [执行事件] loop=open plan_v=0 C2 type=target_service target=11 station_ord=0 planned_finish=405.76 actual_finish=423.09 dev=+17.33 injected=0.0
[charge_scheduler-1] [INFO] [1785759464.216881696] [charge_scheduler]: [执行事件] loop=open plan_v=0 C2 type=final_return target=-1 station_ord=0 planned_finish=410.34 actual_finish=427.67 dev=+17.33 injected=0.0
[charge_scheduler-1] [INFO] [1785759464.216893233] [charge_scheduler]: [执行事件] loop=fixed plan_v=0 C2 type=target_service target=0 station_ord=0 planned_finish=24.18 actual_finish=24.18 dev=+0.00 injected=0.0
[charge_scheduler-1] [INFO] [1785759464.216899035] [charge_scheduler]: [执行事件] loop=fixed plan_v=0 C1 type=target_service target=3 station_ord=0 planned_finish=25.10 actual_finish=25.10 dev=+0.00 injected=0.0
[charge_scheduler-1] [INFO] [1785759464.216904494] [charge_scheduler]: [执行事件] loop=fixed plan_v=0 C1 type=target_service target=15 station_ord=0 planned_finish=51.49 actual_finish=51.49 dev=+0.00 injected=0.0
[charge_scheduler-1] [INFO] [1785759464.216909958] [charge_scheduler]: [执行事件] loop=fixed plan_v=0 C2 type=target_service target=13 station_ord=0 planned_finish=54.77 actual_finish=54.77 dev=+0.00 injected=0.0
[charge_scheduler-1] [INFO] [1785759464.216915364] [charge_scheduler]: [执行事件] loop=fixed plan_v=0 C2 type=target_service target=7 station_ord=0 planned_finish=79.97 actual_finish=79.97 dev=+0.00 injected=0.0
[charge_scheduler-1] [INFO] [1785759464.216920796] [charge_scheduler]: [执行事件] loop=fixed plan_v=0 C1 type=target_service target=9 station_ord=0 planned_finish=83.17 actual_finish=83.17 dev=+0.00 injected=0.0
[charge_scheduler-1] [INFO] [1785759464.216926092] [charge_scheduler]: [执行事件] loop=fixed plan_v=0 C2 type=target_service target=18 station_ord=0 planned_finish=108.50 actual_finish=108.50 dev=+0.00 injected=0.0
[charge_scheduler-1] [INFO] [1785759464.216931783] [charge_scheduler]: [执行事件] loop=fixed plan_v=0 C1 type=target_service target=1 station_ord=0 planned_finish=109.50 actual_finish=109.50 dev=+0.00 injected=0.0
[charge_scheduler-1] [INFO] [1785759464.216937451] [charge_scheduler]: [执行事件] loop=fixed plan_v=0 C2 type=station_turnaround target=-1 station_ord=1 planned_finish=121.01 actual_finish=136.01 dev=+15.00 injected=15.0
[charge_scheduler-1] [WARN] [1785759464.486967489] [charge_scheduler]: [重调度事件] policy=fixed #1 t=136.01min trigger=C2/station_turnaround dev=+15.00 pool=12 committed=0 plan_v=1 solve_ms=270.0 changed_assign=0 changed_order=4
[charge_scheduler-1] [INFO] [1785759464.487006060] [charge_scheduler]: [执行事件] loop=fixed plan_v=0 C1 type=station_turnaround target=-1 station_ord=1 planned_finish=121.04 actual_finish=136.04 dev=+15.00 injected=15.0
[charge_scheduler-1] [WARN] [1785759464.726196565] [charge_scheduler]: [重调度事件] policy=fixed #2 t=136.04min trigger=C1/station_turnaround dev=+15.00 pool=11 committed=1 plan_v=2 solve_ms=239.1 changed_assign=0 changed_order=3
[charge_scheduler-1] [INFO] [1785759464.726249680] [charge_scheduler]: [执行事件] loop=fixed plan_v=2 C1 type=target_service target=10 station_ord=0 planned_finish=166.15 actual_finish=166.15 dev=+0.00 injected=0.0
[charge_scheduler-1] [INFO] [1785759464.726260018] [charge_scheduler]: [执行事件] loop=fixed plan_v=1 C2 type=target_service target=11 station_ord=0 planned_finish=184.01 actual_finish=184.01 dev=+0.00 injected=0.0
[charge_scheduler-1] [INFO] [1785759464.726266304] [charge_scheduler]: [执行事件] loop=fixed plan_v=2 C1 type=target_service target=16 station_ord=0 planned_finish=203.35 actual_finish=203.35 dev=+0.00 injected=0.0
[charge_scheduler-1] [INFO] [1785759464.726291740] [charge_scheduler]: [执行事件] loop=fixed plan_v=2 C2 type=target_service target=8 station_ord=0 planned_finish=224.35 actual_finish=224.35 dev=+0.00 injected=0.0
[charge_scheduler-1] [INFO] [1785759464.726298278] [charge_scheduler]: [执行事件] loop=fixed plan_v=2 C1 type=target_service target=4 station_ord=0 planned_finish=242.12 actual_finish=242.12 dev=+0.00 injected=0.0
[charge_scheduler-1] [INFO] [1785759464.726304597] [charge_scheduler]: [执行事件] loop=fixed plan_v=2 C2 type=target_service target=12 station_ord=0 planned_finish=252.71 actual_finish=252.71 dev=+0.00 injected=0.0
[charge_scheduler-1] [INFO] [1785759464.726310352] [charge_scheduler]: [执行事件] loop=fixed plan_v=2 C1 type=station_turnaround target=-1 station_ord=2 planned_finish=256.39 actual_finish=256.39 dev=+0.00 injected=0.0
[charge_scheduler-1] [INFO] [1785759464.726316161] [charge_scheduler]: [执行事件] loop=fixed plan_v=2 C2 type=station_turnaround target=-1 station_ord=2 planned_finish=266.88 actual_finish=266.88 dev=+0.00 injected=0.0
[charge_scheduler-1] [INFO] [1785759464.726321936] [charge_scheduler]: [执行事件] loop=fixed plan_v=2 C1 type=target_service target=19 station_ord=0 planned_finish=292.86 actual_finish=292.86 dev=+0.00 injected=0.0
[charge_scheduler-1] [INFO] [1785759464.726327572] [charge_scheduler]: [执行事件] loop=fixed plan_v=2 C2 type=target_service target=5 station_ord=0 planned_finish=315.85 actual_finish=315.85 dev=+0.00 injected=0.0
[charge_scheduler-1] [INFO] [1785759464.726337325] [charge_scheduler]: [执行事件] loop=fixed plan_v=2 C1 type=target_service target=2 station_ord=0 planned_finish=337.73 actual_finish=337.73 dev=+0.00 injected=0.0
[charge_scheduler-1] [INFO] [1785759464.726343017] [charge_scheduler]: [执行事件] loop=fixed plan_v=2 C1 type=station_turnaround target=-1 station_ord=3 planned_finish=354.29 actual_finish=354.29 dev=+0.00 injected=0.0
[charge_scheduler-1] [INFO] [1785759464.726348610] [charge_scheduler]: [执行事件] loop=fixed plan_v=2 C2 type=target_service target=6 station_ord=0 planned_finish=360.99 actual_finish=360.99 dev=+0.00 injected=0.0
[charge_scheduler-1] [INFO] [1785759464.726354187] [charge_scheduler]: [执行事件] loop=fixed plan_v=2 C2 type=station_turnaround target=-1 station_ord=3 planned_finish=373.31 actual_finish=373.31 dev=+0.00 injected=0.0
[charge_scheduler-1] [INFO] [1785759464.726359833] [charge_scheduler]: [执行事件] loop=fixed plan_v=2 C1 type=target_service target=17 station_ord=0 planned_finish=399.75 actual_finish=399.75 dev=+0.00 injected=0.0
[charge_scheduler-1] [INFO] [1785759464.726365341] [charge_scheduler]: [执行事件] loop=fixed plan_v=2 C1 type=final_return target=-1 station_ord=0 planned_finish=403.32 actual_finish=403.32 dev=+0.00 injected=0.0
[charge_scheduler-1] [INFO] [1785759464.726371091] [charge_scheduler]: [执行事件] loop=fixed plan_v=2 C2 type=target_service target=14 station_ord=0 planned_finish=420.05 actual_finish=420.05 dev=+0.00 injected=0.0
[charge_scheduler-1] [INFO] [1785759464.726376274] [charge_scheduler]: [执行事件] loop=fixed plan_v=2 C2 type=final_return target=-1 station_ord=0 planned_finish=423.75 actual_finish=423.75 dev=+0.00 injected=0.0
[charge_scheduler-1] [INFO] [1785759464.726391023] [charge_scheduler]: [执行事件] loop=global plan_v=0 C2 type=target_service target=0 station_ord=0 planned_finish=24.18 actual_finish=24.18 dev=+0.00 injected=0.0
[charge_scheduler-1] [INFO] [1785759464.726396947] [charge_scheduler]: [执行事件] loop=global plan_v=0 C1 type=target_service target=3 station_ord=0 planned_finish=25.10 actual_finish=25.10 dev=+0.00 injected=0.0
[charge_scheduler-1] [INFO] [1785759464.726402414] [charge_scheduler]: [执行事件] loop=global plan_v=0 C1 type=target_service target=15 station_ord=0 planned_finish=51.49 actual_finish=51.49 dev=+0.00 injected=0.0
[charge_scheduler-1] [INFO] [1785759464.726407786] [charge_scheduler]: [执行事件] loop=global plan_v=0 C2 type=target_service target=13 station_ord=0 planned_finish=54.77 actual_finish=54.77 dev=+0.00 injected=0.0
[charge_scheduler-1] [INFO] [1785759464.726413030] [charge_scheduler]: [执行事件] loop=global plan_v=0 C2 type=target_service target=7 station_ord=0 planned_finish=79.97 actual_finish=79.97 dev=+0.00 injected=0.0
[charge_scheduler-1] [INFO] [1785759464.726418432] [charge_scheduler]: [执行事件] loop=global plan_v=0 C1 type=target_service target=9 station_ord=0 planned_finish=83.17 actual_finish=83.17 dev=+0.00 injected=0.0
[charge_scheduler-1] [INFO] [1785759464.726428409] [charge_scheduler]: [执行事件] loop=global plan_v=0 C2 type=target_service target=18 station_ord=0 planned_finish=108.50 actual_finish=108.50 dev=+0.00 injected=0.0
[charge_scheduler-1] [INFO] [1785759464.726434931] [charge_scheduler]: [执行事件] loop=global plan_v=0 C1 type=target_service target=1 station_ord=0 planned_finish=109.50 actual_finish=109.50 dev=+0.00 injected=0.0
[charge_scheduler-1] [INFO] [1785759464.726440889] [charge_scheduler]: [执行事件] loop=global plan_v=0 C2 type=station_turnaround target=-1 station_ord=1 planned_finish=121.01 actual_finish=136.01 dev=+15.00 injected=15.0
[charge_scheduler-1] [WARN] [1785759465.613229627] [charge_scheduler]: [重调度事件] policy=global #1 t=136.01min trigger=C2/station_turnaround dev=+15.00 pool=12 committed=0 plan_v=1 solve_ms=886.8 changed_assign=6 changed_order=8
[charge_scheduler-1] [INFO] [1785759465.613289834] [charge_scheduler]: [执行事件] loop=global plan_v=0 C1 type=station_turnaround target=-1 station_ord=1 planned_finish=121.04 actual_finish=136.04 dev=+15.00 injected=15.0
[charge_scheduler-1] [WARN] [1785759466.195422635] [charge_scheduler]: [重调度事件] policy=global #2 t=136.04min trigger=C1/station_turnaround dev=+15.00 pool=11 committed=1 plan_v=2 solve_ms=582.1 changed_assign=8 changed_order=5
[charge_scheduler-1] [INFO] [1785759466.195465241] [charge_scheduler]: [执行事件] loop=global plan_v=1 C2 type=target_service target=16 station_ord=0 planned_finish=169.56 actual_finish=169.56 dev=+0.00 injected=0.0
[charge_scheduler-1] [INFO] [1785759466.195474515] [charge_scheduler]: [执行事件] loop=global plan_v=2 C1 type=target_service target=11 station_ord=0 planned_finish=184.03 actual_finish=184.03 dev=+0.00 injected=0.0
[charge_scheduler-1] [INFO] [1785759466.195480853] [charge_scheduler]: [执行事件] loop=global plan_v=2 C2 type=target_service target=8 station_ord=0 planned_finish=206.57 actual_finish=206.57 dev=+0.00 injected=0.0
[charge_scheduler-1] [INFO] [1785759466.195486861] [charge_scheduler]: [执行事件] loop=global plan_v=2 C1 type=target_service target=4 station_ord=0 planned_finish=217.36 actual_finish=217.36 dev=+0.00 injected=0.0
[charge_scheduler-1] [INFO] [1785759466.195492640] [charge_scheduler]: [执行事件] loop=global plan_v=2 C2 type=target_service target=10 station_ord=0 planned_finish=243.28 actual_finish=243.28 dev=+0.00 injected=0.0
[charge_scheduler-1] [INFO] [1785759466.195499076] [charge_scheduler]: [执行事件] loop=global plan_v=2 C1 type=target_service target=12 station_ord=0 planned_finish=248.72 actual_finish=248.72 dev=+0.00 injected=0.0
[charge_scheduler-1] [INFO] [1785759466.195504813] [charge_scheduler]: [执行事件] loop=global plan_v=2 C2 type=station_turnaround target=-1 station_ord=2 planned_finish=255.73 actual_finish=255.73 dev=+0.00 injected=0.0
[charge_scheduler-1] [INFO] [1785759466.195510277] [charge_scheduler]: [执行事件] loop=global plan_v=2 C1 type=station_turnaround target=-1 station_ord=2 planned_finish=262.89 actual_finish=262.89 dev=+0.00 injected=0.0
[charge_scheduler-1] [INFO] [1785759466.195515876] [charge_scheduler]: [执行事件] loop=global plan_v=2 C2 type=target_service target=19 station_ord=0 planned_finish=292.20 actual_finish=292.20 dev=+0.00 injected=0.0
[charge_scheduler-1] [INFO] [1785759466.195521456] [charge_scheduler]: [执行事件] loop=global plan_v=2 C1 type=target_service target=2 station_ord=0 planned_finish=306.82 actual_finish=306.82 dev=+0.00 injected=0.0
[charge_scheduler-1] [INFO] [1785759466.195527052] [charge_scheduler]: [执行事件] loop=global plan_v=2 C2 type=target_service target=14 station_ord=0 planned_finish=341.46 actual_finish=341.46 dev=+0.00 injected=0.0
[charge_scheduler-1] [INFO] [1785759466.195532754] [charge_scheduler]: [执行事件] loop=global plan_v=2 C1 type=target_service target=5 station_ord=0 planned_finish=353.61 actual_finish=353.61 dev=+0.00 injected=0.0
[charge_scheduler-1] [INFO] [1785759466.195538308] [charge_scheduler]: [执行事件] loop=global plan_v=2 C2 type=station_turnaround target=-1 station_ord=3 planned_finish=355.17 actual_finish=355.17 dev=+0.00 injected=0.0
[charge_scheduler-1] [INFO] [1785759466.195543821] [charge_scheduler]: [执行事件] loop=global plan_v=2 C1 type=station_turnaround target=-1 station_ord=3 planned_finish=367.22 actual_finish=367.22 dev=+0.00 injected=0.0
[charge_scheduler-1] [INFO] [1785759466.195572332] [charge_scheduler]: [执行事件] loop=global plan_v=2 C2 type=target_service target=6 station_ord=0 planned_finish=402.04 actual_finish=402.04 dev=+0.00 injected=0.0
[charge_scheduler-1] [INFO] [1785759466.195578223] [charge_scheduler]: [执行事件] loop=global plan_v=2 C2 type=final_return target=-1 station_ord=0 planned_finish=404.37 actual_finish=404.37 dev=+0.00 injected=0.0
[charge_scheduler-1] [INFO] [1785759466.195583749] [charge_scheduler]: [执行事件] loop=global plan_v=2 C1 type=target_service target=17 station_ord=0 planned_finish=412.68 actual_finish=412.68 dev=+0.00 injected=0.0
[charge_scheduler-1] [INFO] [1785759466.195589192] [charge_scheduler]: [执行事件] loop=global plan_v=2 C1 type=final_return target=-1 station_ord=0 planned_finish=416.25 actual_finish=416.25 dev=+0.00 injected=0.0
[charge_scheduler-1] [INFO] [1785759466.195601626] [charge_scheduler]: ★闭环实验结果 mode=open M=20 K=2 disturbance=station delay=15.0 seed=1 N_late=7 T_overtime=459.819 C_total=5875.839 makespan=427.671 served=20 energy_viol=0 reschedules=0 reschedule_ms=0.000 changed_assign=0 changed_order=0 applied_target=0 applied_station=2 initial_solve_ms=11741.248 objective_order=Nlate,Tover,Ctotal
[charge_scheduler-1] [INFO] [1785759466.195611585] [charge_scheduler]: ★闭环实验结果 mode=fixed M=20 K=2 disturbance=station delay=15.0 seed=1 N_late=7 T_overtime=457.473 C_total=5614.333 makespan=423.751 served=20 energy_viol=0 reschedules=2 reschedule_ms=509.131 changed_assign=0 changed_order=7 applied_target=0 applied_station=2 initial_solve_ms=11741.248 objective_order=Nlate,Tover,Ctotal
[charge_scheduler-1] [INFO] [1785759466.195619001] [charge_scheduler]: ★闭环实验收益 policy=fixed M=20 K=2 disturbance=station delay=15.0 seed=1 recovered_late=0 overtime_reduction=2.345 distance_delta=-261.506 makespan_reduction=3.921
[charge_scheduler-1] [INFO] [1785759466.195624613] [charge_scheduler]: ★闭环实验结果 mode=closed M=20 K=2 disturbance=station delay=15.0 seed=1 N_late=5 T_overtime=467.118 C_total=5348.978 makespan=416.249 served=20 energy_viol=0 reschedules=2 reschedule_ms=1468.863 changed_assign=14 changed_order=13 applied_target=0 applied_station=2 initial_solve_ms=11741.248 objective_order=Nlate,Tover,Ctotal
[charge_scheduler-1] [INFO] [1785759466.195632281] [charge_scheduler]: ★闭环实验收益 policy=closed M=20 K=2 disturbance=station delay=15.0 seed=1 recovered_late=2 overtime_reduction=-7.299 distance_delta=-526.861 makespan_reduction=11.422
