[INFO] [launch]: All log files can be found below /root/.ros/log/2026-08-03-12-40-29-523786-YYYY-34896
[INFO] [launch]: Default logging verbosity is set to INFO
[INFO] [charge_scheduler-1]: process started with pid [34900]
[charge_scheduler-1] [INFO] [1785760829.658353250] [charge_scheduler]: [目标顺序] objective_order=Nlate,Tover,Ctotal
[charge_scheduler-1] [INFO] [1785760829.658855533] [charge_scheduler]: [Scheduler] 30辆车 | 电池800.0kWh(20%=160.0 80%=640.0) | 充电360kW效率97% | 行驶0.6kWh/km | 桩350kW
[charge_scheduler-1] [INFO] [1785760829.658891864] [charge_scheduler]: [Scheduler] 站端周转: 换电 10 min(换后满电) | 单趟可用 640 kWh
[charge_scheduler-1] [INFO] [1785760829.658905741] [charge_scheduler]:   车#0 [电动装载机282|light] 位置(3889.6,73764.7) 容量282kWh 剩余35% | α=6→6min/% τ=168min → 需130.8kWh(充21.2min)
[charge_scheduler-1] [INFO] [1785760829.658920532] [charge_scheduler]:   车#1 [重型叉车|light] 位置(3778.9,73807.0) 容量200kWh 剩余20% | α=6→6min/% τ=96min → 需123.7kWh(充20.0min)
[charge_scheduler-1] [INFO] [1785760829.658932743] [charge_scheduler]:   车#2 [电动装载机350|light] 位置(3794.9,73804.6) 容量350kWh 剩余50% | α=6→6min/% τ=288min → 需108.2kWh(充17.5min)
[charge_scheduler-1] [INFO] [1785760829.658944332] [charge_scheduler]:   车#3 [重型叉车|light] 位置(3806.9,73760.3) 容量200kWh 剩余10% | α=6→6min/% τ=32min → 需144.3kWh(充23.3min)
[charge_scheduler-1] [INFO] [1785760829.658956898] [charge_scheduler]:   车#4 [电动装载机282|heavy→降级] 位置(3705.1,73758.2) 容量282kWh 剩余60% | α=3→6min/% τ=212min → 需58.1kWh(充9.4min)
[charge_scheduler-1] [INFO] [1785760829.658968642] [charge_scheduler]:   车#5 [电动装载机350|light] 位置(3756.5,73770.2) 容量350kWh 剩余25% | α=6→6min/% τ=128min → 需198.5kWh(充32.1min)
[charge_scheduler-1] [INFO] [1785760829.658980081] [charge_scheduler]:   车#6 [电动装载机350|heavy→降级] 位置(3887.4,73809.4) 容量350kWh 剩余40% | α=4→6min/% τ=176min → 需144.3kWh(充23.3min)
[charge_scheduler-1] [INFO] [1785760829.658991615] [charge_scheduler]:   车#7 [重型叉车|light] 位置(3899.0,73786.6) 容量200kWh 剩余15% | α=6→6min/% τ=64min → 需134.0kWh(充21.7min)
[charge_scheduler-1] [INFO] [1785760829.659002991] [charge_scheduler]:   车#8 [电动装载机282|heavy→降级] 位置(3689.7,73663.1) 容量282kWh 剩余55% | α=3→6min/% τ=196min → 需72.7kWh(充11.8min)
[charge_scheduler-1] [INFO] [1785760829.659016661] [charge_scheduler]:   车#9 [电动装载机282|heavy→降级] 位置(3748.4,73767.2) 容量282kWh 剩余30% | α=3→6min/% τ=116min → 需145.4kWh(充23.5min)
[charge_scheduler-1] [INFO] [1785760829.659028477] [charge_scheduler]:   车#10 [电动装载机282|light] 位置(3865.2,73751.0) 容量282kWh 剩余45% | α=6→6min/% τ=224min → 需101.8kWh(充16.4min)
[charge_scheduler-1] [INFO] [1785760829.659040903] [charge_scheduler]:   车#11 [电动装载机350|light] 位置(3785.0,73749.2) 容量350kWh 剩余18% | α=6→6min/% τ=83min → 需223.7kWh(充36.2min)
[charge_scheduler-1] [INFO] [1785760829.659053157] [charge_scheduler]:   车#12 [重型叉车|heavy→降级] 位置(3811.5,73799.9) 容量200kWh 剩余62% | α=3→6min/% τ=230min → 需37.1kWh(充6.0min)
[charge_scheduler-1] [INFO] [1785760829.659065267] [charge_scheduler]:   车#13 [电动装载机282|light] 位置(3810.8,73773.1) 容量282kWh 剩余28% | α=6→6min/% τ=129min → 需151.2kWh(充24.4min)
[charge_scheduler-1] [INFO] [1785760829.659077497] [charge_scheduler]:   车#14 [电动装载机350|light] 位置(3905.0,73793.5) 容量350kWh 剩余52% | α=6→6min/% τ=301min → 需101.0kWh(充16.3min)
[charge_scheduler-1] [INFO] [1785760829.659090339] [charge_scheduler]:   车#15 [重型叉车|light] 位置(3894.3,73756.9) 容量200kWh 剩余12% | α=6→6min/% τ=45min → 需140.2kWh(充22.7min)
[charge_scheduler-1] [INFO] [1785760829.659101578] [charge_scheduler]:   车#16 [电动装载机282|light] 位置(3818.5,73716.2) 容量282kWh 剩余38% | α=6→6min/% τ=185min → 需122.1kWh(充19.7min)
[charge_scheduler-1] [INFO] [1785760829.659114209] [charge_scheduler]:   车#17 [电动装载机350|light] 位置(3733.2,73772.4) 容量350kWh 剩余58% | α=6→6min/% τ=339min → 需79.4kWh(充12.8min)
[charge_scheduler-1] [INFO] [1785760829.659126143] [charge_scheduler]:   车#18 [重型叉车|heavy→降级] 位置(3764.7,73699.0) 容量200kWh 剩余22% | α=3→6min/% τ=102min → 需119.6kWh(充19.3min)
[charge_scheduler-1] [INFO] [1785760829.659139214] [charge_scheduler]:   车#19 [电动装载机282|light] 位置(3878.4,73747.9) 容量282kWh 剩余48% | α=6→6min/% τ=241min → 需93.0kWh(充15.0min)
[charge_scheduler-1] [INFO] [1785760829.659185203] [charge_scheduler]:   车#20 [电动装载机350|light] 位置(3740.3,73686.9) 容量350kWh 剩余33% | α=6→6min/% τ=179min → 需169.6kWh(充27.4min)
[charge_scheduler-1] [INFO] [1785760829.659199479] [charge_scheduler]:   车#21 [重型叉车|heavy→降级] 位置(3895.4,73811.9) 容量200kWh 剩余65% | α=3→6min/% τ=240min → 需30.9kWh(充5.0min)
[charge_scheduler-1] [INFO] [1785760829.659214252] [charge_scheduler]:   车#22 [电动装载机282|light] 位置(3876.0,73830.2) 容量282kWh 剩余16% | α=6→6min/% τ=62min → 需186.1kWh(充30.1min)
[charge_scheduler-1] [INFO] [1785760829.659226940] [charge_scheduler]:   车#23 [电动装载机350|light] 位置(3765.9,73790.3) 容量350kWh 剩余42% | α=6→6min/% τ=237min → 需137.1kWh(充22.2min)
[charge_scheduler-1] [INFO] [1785760829.659238633] [charge_scheduler]:   车#24 [重型叉车|heavy→降级] 位置(3637.1,73698.1) 容量200kWh 剩余25% | α=3→6min/% τ=112min → 需113.4kWh(充18.3min)
[charge_scheduler-1] [INFO] [1785760829.659255508] [charge_scheduler]:   车#25 [电动装载机282|light] 位置(3884.5,73833.1) 容量282kWh 剩余55% | α=6→6min/% τ=280min → 需72.7kWh(充11.8min)
[charge_scheduler-1] [INFO] [1785760829.659266889] [charge_scheduler]:   车#26 [电动装载机350|light] 位置(3699.3,73765.4) 容量350kWh 剩余30% | α=6→6min/% τ=160min → 需180.4kWh(充29.2min)
[charge_scheduler-1] [INFO] [1785760829.659278598] [charge_scheduler]:   车#27 [重型叉车|heavy→降级] 位置(3800.8,73717.7) 容量200kWh 剩余68% | α=3→6min/% τ=250min → 需24.7kWh(充4.0min)
[charge_scheduler-1] [INFO] [1785760829.659291682] [charge_scheduler]:   车#28 [电动装载机282|light] 位置(3825.0,73792.7) 容量282kWh 剩余20% | α=6→6min/% τ=84min → 需174.4kWh(充28.2min)
[charge_scheduler-1] [INFO] [1785760829.659303644] [charge_scheduler]:   车#29 [电动装载机350|light] 位置(3784.3,73759.0) 容量350kWh 剩余36% | α=6→6min/% τ=198min → 需158.8kWh(充25.7min)
[charge_scheduler-1] [INFO] [1785760829.670275420] [charge_scheduler]: [Scheduler] 闭环接口: threshold=10.0min | event_sim=on | policy=all | structured_feedback=optional (/task_planner/execution_event)
[charge_scheduler-1] [INFO] [1785760829.670320543] [charge_scheduler]: [Scheduler] 已启动, 等待地图...
[charge_scheduler-1] [INFO] [1785760829.670330959] [charge_scheduler]: [Scheduler] 充电车1接口: sequence/served/arrived_target/arrived_station/return_goal/task_complete 后缀=_1
[charge_scheduler-1] [INFO] [1785760829.670339599] [charge_scheduler]: [Scheduler] 充电车2接口: sequence/served/arrived_target/arrived_station/return_goal/task_complete 后缀=_2
[charge_scheduler-1] [INFO] [1785760829.670349843] [charge_scheduler]: [Scheduler] 充电车3接口: sequence/served/arrived_target/arrived_station/return_goal/task_complete 后缀=_3
[charge_scheduler-1] [INFO] [1785760829.761152979] [charge_scheduler]: [Scheduler] RoutingGraph 就绪
[charge_scheduler-1] [INFO] [1785760829.761939999] [charge_scheduler]: [Scheduler] 提取到 0 条虚线捷径
[charge_scheduler-1] [INFO] [1785760829.794548901] [charge_scheduler]: [Scheduler] 下层兼容增强图: 190 节点, 0 条虚线掉头边
[charge_scheduler-1] [INFO] [1785760850.682440544] [charge_scheduler]: [Scheduler] 距离矩阵完成 31x31, 20887.8 ms | 模式=maneuver | 真实不可达=0 抽象不可达=0 | 缺少对向投影节点=0 | 对向识别(ID/几何/法向)=0/0/0 | 单向驿站投影=0
[charge_scheduler-1] [INFO] [1785760850.682527209] [charge_scheduler]:   ✓ 比值自检：930 个 OD 满足 机动/直线≥1 | 均值=4.11 最大=62.63 (车#0→车#15)
[charge_scheduler-1] [INFO] [1785760850.682546266] [charge_scheduler]: [Scheduler] 地图就绪, 190 条 lanelet（与下层一致）
[charge_scheduler-1] [INFO] [1785760850.682624139] [charge_scheduler]: ======== 开始VRPTW调度 30 辆车 ========
[charge_scheduler-1] [INFO] [1785760850.682633172] [charge_scheduler]:   规模30>8 → 启发式(alns)
[charge_scheduler-1] [INFO] [1785760897.843324662] [charge_scheduler]: [ALNS] objective_order=Nlate,Tover,Ctotal seed=7 iters=15000 | N_late=3(成功率90.0%) T_overtime=431.0min C_total=8176.4m | 趟数=12 makespan=405.7min
[charge_scheduler-1] [INFO] [1785760897.843367031] [charge_scheduler]:   求解耗时 47160.7 ms
[charge_scheduler-1] [INFO] [1785760897.843374131] [charge_scheduler]: ════════ 调度结果 ════════
[charge_scheduler-1] [INFO] [1785760897.843379606] [charge_scheduler]:   ★目标(字典序): objective_order=Nlate,Tover,Ctotal | N_late=3 辆 (按时成功率 27/30 = 90.0%)  T_overtime=431.0min  C_total=8176.4m
[charge_scheduler-1] [INFO] [1785760897.843408578] [charge_scheduler]:   附: 趟数=12 | makespan=405.7min | 能量可行=是
[charge_scheduler-1] [INFO] [1785760897.843418130] [charge_scheduler]:   [充电车3] 趟1: 站 → 车#3(到3.4/限32.0✓) → 车#9(到28.1/限116.0✓) → 车#28(到57.5/限84.0✓) → 站
[charge_scheduler-1] [INFO] [1785760897.843424575] [charge_scheduler]:   [充电车2] 趟2: 站 → 车#27(到1.7/限249.6✓) → 车#1(到9.6/限96.0✓) → 车#7(到33.2/限64.0✓) → 车#22(到57.4/限61.6✓) → 站
[charge_scheduler-1] [INFO] [1785760897.843430472] [charge_scheduler]:   [充电车1] 趟3: 站 → 车#12(到2.3/限230.4✓) → 车#21(到10.6/限240.0✓) → 车#15(到17.7/限44.8✓) → 车#11(到43.5/限83.2✓) → 车#18(到86.2/限102.4✓) → 站
[charge_scheduler-1] [INFO] [1785760897.843435779] [charge_scheduler]:   [充电车3] 趟4: 站 → 车#24(到106.1/限112.0✓) → 车#26(到134.8/限160.0✓) → 车#16(到180.0/限184.8✓) → 站
[charge_scheduler-1] [INFO] [1785760897.843441362] [charge_scheduler]:   [充电车2] 趟5: 站 → 车#8(到111.4/限196.0✓) → 车#4(到143.0/限212.0✓) → 车#20(到174.3/限179.2✓) → 站
[charge_scheduler-1] [INFO] [1785760897.843446448] [charge_scheduler]:   [充电车1] 趟6: 站 → 车#13(到124.1/限128.8✓) → 车#0(到160.6/限168.0✓) → 车#10(到195.7/限224.0✓) → 站
[charge_scheduler-1] [INFO] [1785760897.843450720] [charge_scheduler]:   [充电车2] 趟7: 站 → 车#19(到235.6/限240.8✓) → 车#25(到273.6/限280.0✓) → 站
[charge_scheduler-1] [INFO] [1785760897.843455217] [charge_scheduler]:   [充电车3] 趟8: 站 → 车#23(到233.6/限236.8✓) → 车#2(到277.6/限288.0✓) → 站
[charge_scheduler-1] [INFO] [1785760897.843459624] [charge_scheduler]:   [充电车1] 趟9: 站 → 车#6(到248.6/限176.0✗超时) → 车#14(到299.3/限300.8✓) → 站
[charge_scheduler-1] [INFO] [1785760897.843463621] [charge_scheduler]:   [充电车1] 趟10: 站 → 车#5(到360.4/限128.0✗超时) → 站
[charge_scheduler-1] [INFO] [1785760897.843467562] [charge_scheduler]:   [充电车2] 趟11: 站 → 车#29(到324.5/限198.4✗超时) → 站
[charge_scheduler-1] [INFO] [1785760897.843471588] [charge_scheduler]:   [充电车3] 趟12: 站 → 车#17(到334.7/限339.2✓) → 站
[charge_scheduler-1] [INFO] [1785760897.843474796] [charge_scheduler]: ════════════════════════
[charge_scheduler-1] [INFO] [1785760897.843521899] [charge_scheduler]: [扰动清单] type=none delay=0.0min targets={} station={}
[charge_scheduler-1] [INFO] [1785760897.843535283] [charge_scheduler]: [执行事件] loop=open plan_v=0 C2 type=target_service target=27 station_ord=0 planned_finish=5.89 actual_finish=5.89 dev=+0.00 injected=0.0
[charge_scheduler-1] [INFO] [1785760897.843541834] [charge_scheduler]: [执行事件] loop=open plan_v=0 C1 type=target_service target=12 station_ord=0 planned_finish=8.50 actual_finish=8.50 dev=+0.00 injected=0.0
[charge_scheduler-1] [INFO] [1785760897.843547322] [charge_scheduler]: [执行事件] loop=open plan_v=0 C1 type=target_service target=21 station_ord=0 planned_finish=16.66 actual_finish=16.66 dev=+0.00 injected=0.0
[charge_scheduler-1] [INFO] [1785760897.843552792] [charge_scheduler]: [执行事件] loop=open plan_v=0 C3 type=target_service target=3 station_ord=0 planned_finish=26.90 actual_finish=26.90 dev=+0.00 injected=0.0
[charge_scheduler-1] [INFO] [1785760897.843558377] [charge_scheduler]: [执行事件] loop=open plan_v=0 C2 type=target_service target=1 station_ord=0 planned_finish=30.09 actual_finish=30.09 dev=+0.00 injected=0.0
[charge_scheduler-1] [INFO] [1785760897.843563674] [charge_scheduler]: [执行事件] loop=open plan_v=0 C1 type=target_service target=15 station_ord=0 planned_finish=41.31 actual_finish=41.31 dev=+0.00 injected=0.0
[charge_scheduler-1] [INFO] [1785760897.843568857] [charge_scheduler]: [执行事件] loop=open plan_v=0 C3 type=target_service target=9 station_ord=0 planned_finish=55.68 actual_finish=55.68 dev=+0.00 injected=0.0
[charge_scheduler-1] [INFO] [1785760897.843574094] [charge_scheduler]: [执行事件] loop=open plan_v=0 C2 type=target_service target=7 station_ord=0 planned_finish=56.55 actual_finish=56.55 dev=+0.00 injected=0.0
[charge_scheduler-1] [INFO] [1785760897.843579562] [charge_scheduler]: [执行事件] loop=open plan_v=0 C1 type=target_service target=11 station_ord=0 planned_finish=83.60 actual_finish=83.60 dev=+0.00 injected=0.0
[charge_scheduler-1] [INFO] [1785760897.843587383] [charge_scheduler]: [执行事件] loop=open plan_v=0 C3 type=target_service target=28 station_ord=0 planned_finish=90.56 actual_finish=90.56 dev=+0.00 injected=0.0
[charge_scheduler-1] [INFO] [1785760897.843592906] [charge_scheduler]: [执行事件] loop=open plan_v=0 C2 type=target_service target=22 station_ord=0 planned_finish=92.27 actual_finish=92.27 dev=+0.00 injected=0.0
[charge_scheduler-1] [INFO] [1785760897.843598142] [charge_scheduler]: [执行事件] loop=open plan_v=0 C3 type=station_turnaround target=-1 station_ord=1 planned_finish=103.07 actual_finish=103.07 dev=+0.00 injected=0.0
[charge_scheduler-1] [INFO] [1785760897.843604534] [charge_scheduler]: [执行事件] loop=open plan_v=0 C2 type=station_turnaround target=-1 station_ord=1 planned_finish=106.44 actual_finish=106.44 dev=+0.00 injected=0.0
[charge_scheduler-1] [INFO] [1785760897.843610142] [charge_scheduler]: [执行事件] loop=open plan_v=0 C1 type=target_service target=18 station_ord=0 planned_finish=110.36 actual_finish=110.36 dev=+0.00 injected=0.0
[charge_scheduler-1] [INFO] [1785760897.843615499] [charge_scheduler]: [执行事件] loop=open plan_v=0 C1 type=station_turnaround target=-1 station_ord=1 planned_finish=122.40 actual_finish=122.40 dev=+0.00 injected=0.0
[charge_scheduler-1] [INFO] [1785760897.843620977] [charge_scheduler]: [执行事件] loop=open plan_v=0 C3 type=target_service target=24 station_ord=0 planned_finish=130.75 actual_finish=130.75 dev=+0.00 injected=0.0
[charge_scheduler-1] [INFO] [1785760897.843626993] [charge_scheduler]: [执行事件] loop=open plan_v=0 C2 type=target_service target=8 station_ord=0 planned_finish=139.52 actual_finish=139.52 dev=+0.00 injected=0.0
[charge_scheduler-1] [INFO] [1785760897.843632432] [charge_scheduler]: [执行事件] loop=open plan_v=0 C1 type=target_service target=13 station_ord=0 planned_finish=158.93 actual_finish=158.93 dev=+0.00 injected=0.0
[charge_scheduler-1] [INFO] [1785760897.843637836] [charge_scheduler]: [执行事件] loop=open plan_v=0 C2 type=target_service target=4 station_ord=0 planned_finish=172.44 actual_finish=172.44 dev=+0.00 injected=0.0
[charge_scheduler-1] [INFO] [1785760897.843643338] [charge_scheduler]: [执行事件] loop=open plan_v=0 C3 type=target_service target=26 station_ord=0 planned_finish=176.29 actual_finish=176.29 dev=+0.00 injected=0.0
[charge_scheduler-1] [INFO] [1785760897.843648796] [charge_scheduler]: [执行事件] loop=open plan_v=0 C1 type=target_service target=0 station_ord=0 planned_finish=195.20 actual_finish=195.20 dev=+0.00 injected=0.0
[charge_scheduler-1] [INFO] [1785760897.843654214] [charge_scheduler]: [执行事件] loop=open plan_v=0 C3 type=target_service target=16 station_ord=0 planned_finish=214.79 actual_finish=214.79 dev=+0.00 injected=0.0
[charge_scheduler-1] [INFO] [1785760897.843659658] [charge_scheduler]: [执行事件] loop=open plan_v=0 C2 type=target_service target=20 station_ord=0 planned_finish=217.59 actual_finish=217.59 dev=+0.00 injected=0.0
[charge_scheduler-1] [INFO] [1785760897.843664857] [charge_scheduler]: [执行事件] loop=open plan_v=0 C3 type=station_turnaround target=-1 station_ord=2 planned_finish=227.12 actual_finish=227.12 dev=+0.00 injected=0.0
[charge_scheduler-1] [INFO] [1785760897.843670640] [charge_scheduler]: [执行事件] loop=open plan_v=0 C1 type=target_service target=10 station_ord=0 planned_finish=228.54 actual_finish=228.54 dev=+0.00 injected=0.0
[charge_scheduler-1] [INFO] [1785760897.843675919] [charge_scheduler]: [执行事件] loop=open plan_v=0 C2 type=station_turnaround target=-1 station_ord=2 planned_finish=230.05 actual_finish=230.05 dev=+0.00 injected=0.0
[charge_scheduler-1] [INFO] [1785760897.843681300] [charge_scheduler]: [执行事件] loop=open plan_v=0 C1 type=station_turnaround target=-1 station_ord=2 planned_finish=244.41 actual_finish=244.41 dev=+0.00 injected=0.0
[charge_scheduler-1] [INFO] [1785760897.843686712] [charge_scheduler]: [执行事件] loop=open plan_v=0 C2 type=target_service target=19 station_ord=0 planned_finish=270.36 actual_finish=270.36 dev=+0.00 injected=0.0
[charge_scheduler-1] [INFO] [1785760897.843692107] [charge_scheduler]: [执行事件] loop=open plan_v=0 C3 type=target_service target=23 station_ord=0 planned_finish=277.10 actual_finish=277.10 dev=+0.00 injected=0.0
[charge_scheduler-1] [INFO] [1785760897.843697488] [charge_scheduler]: [执行事件] loop=open plan_v=0 C1 type=target_service target=6 station_ord=0 planned_finish=292.30 actual_finish=292.30 dev=+0.00 injected=0.0
[charge_scheduler-1] [INFO] [1785760897.843704577] [charge_scheduler]: [执行事件] loop=open plan_v=0 C2 type=target_service target=25 station_ord=0 planned_finish=308.32 actual_finish=308.32 dev=+0.00 injected=0.0
[charge_scheduler-1] [INFO] [1785760897.843710077] [charge_scheduler]: [执行事件] loop=open plan_v=0 C3 type=target_service target=2 station_ord=0 planned_finish=320.43 actual_finish=320.43 dev=+0.00 injected=0.0
[charge_scheduler-1] [INFO] [1785760897.843715492] [charge_scheduler]: [执行事件] loop=open plan_v=0 C2 type=station_turnaround target=-1 station_ord=3 planned_finish=323.26 actual_finish=323.26 dev=+0.00 injected=0.0
[charge_scheduler-1] [INFO] [1785760897.843720833] [charge_scheduler]: [执行事件] loop=open plan_v=0 C3 type=station_turnaround target=-1 station_ord=3 planned_finish=333.08 actual_finish=333.08 dev=+0.00 injected=0.0
[charge_scheduler-1] [INFO] [1785760897.843726355] [charge_scheduler]: [执行事件] loop=open plan_v=0 C1 type=target_service target=14 station_ord=0 planned_finish=342.91 actual_finish=342.91 dev=+0.00 injected=0.0
[charge_scheduler-1] [INFO] [1785760897.843731626] [charge_scheduler]: [执行事件] loop=open plan_v=0 C1 type=station_turnaround target=-1 station_ord=3 planned_finish=357.17 actual_finish=357.17 dev=+0.00 injected=0.0
[charge_scheduler-1] [INFO] [1785760897.843737061] [charge_scheduler]: [执行事件] loop=open plan_v=0 C2 type=target_service target=29 station_ord=0 planned_finish=368.23 actual_finish=368.23 dev=+0.00 injected=0.0
[charge_scheduler-1] [INFO] [1785760897.843742510] [charge_scheduler]: [执行事件] loop=open plan_v=0 C2 type=final_return target=-1 station_ord=0 planned_finish=372.43 actual_finish=372.43 dev=+0.00 injected=0.0
[charge_scheduler-1] [INFO] [1785760897.843747823] [charge_scheduler]: [执行事件] loop=open plan_v=0 C3 type=target_service target=17 station_ord=0 planned_finish=378.04 actual_finish=378.04 dev=+0.00 injected=0.0
[charge_scheduler-1] [INFO] [1785760897.843753024] [charge_scheduler]: [执行事件] loop=open plan_v=0 C3 type=final_return target=-1 station_ord=0 planned_finish=379.97 actual_finish=379.97 dev=+0.00 injected=0.0
[charge_scheduler-1] [INFO] [1785760897.843758203] [charge_scheduler]: [执行事件] loop=open plan_v=0 C1 type=target_service target=5 station_ord=0 planned_finish=404.11 actual_finish=404.11 dev=+0.00 injected=0.0
[charge_scheduler-1] [INFO] [1785760897.843763386] [charge_scheduler]: [执行事件] loop=open plan_v=0 C1 type=final_return target=-1 station_ord=0 planned_finish=405.73 actual_finish=405.73 dev=+0.00 injected=0.0
[charge_scheduler-1] [INFO] [1785760897.843775720] [charge_scheduler]: [执行事件] loop=fixed plan_v=0 C2 type=target_service target=27 station_ord=0 planned_finish=5.89 actual_finish=5.89 dev=+0.00 injected=0.0
[charge_scheduler-1] [INFO] [1785760897.843780809] [charge_scheduler]: [执行事件] loop=fixed plan_v=0 C1 type=target_service target=12 station_ord=0 planned_finish=8.50 actual_finish=8.50 dev=+0.00 injected=0.0
[charge_scheduler-1] [INFO] [1785760897.843785859] [charge_scheduler]: [执行事件] loop=fixed plan_v=0 C1 type=target_service target=21 station_ord=0 planned_finish=16.66 actual_finish=16.66 dev=+0.00 injected=0.0
[charge_scheduler-1] [INFO] [1785760897.843791145] [charge_scheduler]: [执行事件] loop=fixed plan_v=0 C3 type=target_service target=3 station_ord=0 planned_finish=26.90 actual_finish=26.90 dev=+0.00 injected=0.0
[charge_scheduler-1] [INFO] [1785760897.843797528] [charge_scheduler]: [执行事件] loop=fixed plan_v=0 C2 type=target_service target=1 station_ord=0 planned_finish=30.09 actual_finish=30.09 dev=+0.00 injected=0.0
[charge_scheduler-1] [INFO] [1785760897.843803136] [charge_scheduler]: [执行事件] loop=fixed plan_v=0 C1 type=target_service target=15 station_ord=0 planned_finish=41.31 actual_finish=41.31 dev=+0.00 injected=0.0
[charge_scheduler-1] [INFO] [1785760897.843808556] [charge_scheduler]: [执行事件] loop=fixed plan_v=0 C3 type=target_service target=9 station_ord=0 planned_finish=55.68 actual_finish=55.68 dev=+0.00 injected=0.0
[charge_scheduler-1] [INFO] [1785760897.843813805] [charge_scheduler]: [执行事件] loop=fixed plan_v=0 C2 type=target_service target=7 station_ord=0 planned_finish=56.55 actual_finish=56.55 dev=+0.00 injected=0.0
[charge_scheduler-1] [INFO] [1785760897.843819047] [charge_scheduler]: [执行事件] loop=fixed plan_v=0 C1 type=target_service target=11 station_ord=0 planned_finish=83.60 actual_finish=83.60 dev=+0.00 injected=0.0
[charge_scheduler-1] [INFO] [1785760897.843826365] [charge_scheduler]: [执行事件] loop=fixed plan_v=0 C3 type=target_service target=28 station_ord=0 planned_finish=90.56 actual_finish=90.56 dev=+0.00 injected=0.0
[charge_scheduler-1] [INFO] [1785760897.843831816] [charge_scheduler]: [执行事件] loop=fixed plan_v=0 C2 type=target_service target=22 station_ord=0 planned_finish=92.27 actual_finish=92.27 dev=+0.00 injected=0.0
[charge_scheduler-1] [INFO] [1785760897.843836995] [charge_scheduler]: [执行事件] loop=fixed plan_v=0 C3 type=station_turnaround target=-1 station_ord=1 planned_finish=103.07 actual_finish=103.07 dev=+0.00 injected=0.0
[charge_scheduler-1] [INFO] [1785760897.843842640] [charge_scheduler]: [执行事件] loop=fixed plan_v=0 C2 type=station_turnaround target=-1 station_ord=1 planned_finish=106.44 actual_finish=106.44 dev=+0.00 injected=0.0
[charge_scheduler-1] [INFO] [1785760897.843848223] [charge_scheduler]: [执行事件] loop=fixed plan_v=0 C1 type=target_service target=18 station_ord=0 planned_finish=110.36 actual_finish=110.36 dev=+0.00 injected=0.0
[charge_scheduler-1] [INFO] [1785760897.843853570] [charge_scheduler]: [执行事件] loop=fixed plan_v=0 C1 type=station_turnaround target=-1 station_ord=1 planned_finish=122.40 actual_finish=122.40 dev=+0.00 injected=0.0
[charge_scheduler-1] [INFO] [1785760897.843859571] [charge_scheduler]: [执行事件] loop=fixed plan_v=0 C3 type=target_service target=24 station_ord=0 planned_finish=130.75 actual_finish=130.75 dev=+0.00 injected=0.0
[charge_scheduler-1] [INFO] [1785760897.843865205] [charge_scheduler]: [执行事件] loop=fixed plan_v=0 C2 type=target_service target=8 station_ord=0 planned_finish=139.52 actual_finish=139.52 dev=+0.00 injected=0.0
[charge_scheduler-1] [INFO] [1785760897.843870839] [charge_scheduler]: [执行事件] loop=fixed plan_v=0 C1 type=target_service target=13 station_ord=0 planned_finish=158.93 actual_finish=158.93 dev=+0.00 injected=0.0
[charge_scheduler-1] [INFO] [1785760897.843876186] [charge_scheduler]: [执行事件] loop=fixed plan_v=0 C2 type=target_service target=4 station_ord=0 planned_finish=172.44 actual_finish=172.44 dev=+0.00 injected=0.0
[charge_scheduler-1] [INFO] [1785760897.843881736] [charge_scheduler]: [执行事件] loop=fixed plan_v=0 C3 type=target_service target=26 station_ord=0 planned_finish=176.29 actual_finish=176.29 dev=+0.00 injected=0.0
[charge_scheduler-1] [INFO] [1785760897.843887211] [charge_scheduler]: [执行事件] loop=fixed plan_v=0 C1 type=target_service target=0 station_ord=0 planned_finish=195.20 actual_finish=195.20 dev=+0.00 injected=0.0
[charge_scheduler-1] [INFO] [1785760897.843892604] [charge_scheduler]: [执行事件] loop=fixed plan_v=0 C3 type=target_service target=16 station_ord=0 planned_finish=214.79 actual_finish=214.79 dev=+0.00 injected=0.0
[charge_scheduler-1] [INFO] [1785760897.843897955] [charge_scheduler]: [执行事件] loop=fixed plan_v=0 C2 type=target_service target=20 station_ord=0 planned_finish=217.59 actual_finish=217.59 dev=+0.00 injected=0.0
[charge_scheduler-1] [INFO] [1785760897.843903208] [charge_scheduler]: [执行事件] loop=fixed plan_v=0 C3 type=station_turnaround target=-1 station_ord=2 planned_finish=227.12 actual_finish=227.12 dev=+0.00 injected=0.0
[charge_scheduler-1] [INFO] [1785760897.843908723] [charge_scheduler]: [执行事件] loop=fixed plan_v=0 C1 type=target_service target=10 station_ord=0 planned_finish=228.54 actual_finish=228.54 dev=+0.00 injected=0.0
[charge_scheduler-1] [INFO] [1785760897.843913925] [charge_scheduler]: [执行事件] loop=fixed plan_v=0 C2 type=station_turnaround target=-1 station_ord=2 planned_finish=230.05 actual_finish=230.05 dev=+0.00 injected=0.0
[charge_scheduler-1] [INFO] [1785760897.843919313] [charge_scheduler]: [执行事件] loop=fixed plan_v=0 C1 type=station_turnaround target=-1 station_ord=2 planned_finish=244.41 actual_finish=244.41 dev=+0.00 injected=0.0
[charge_scheduler-1] [INFO] [1785760897.843924789] [charge_scheduler]: [执行事件] loop=fixed plan_v=0 C2 type=target_service target=19 station_ord=0 planned_finish=270.36 actual_finish=270.36 dev=+0.00 injected=0.0
[charge_scheduler-1] [INFO] [1785760897.843930162] [charge_scheduler]: [执行事件] loop=fixed plan_v=0 C3 type=target_service target=23 station_ord=0 planned_finish=277.10 actual_finish=277.10 dev=+0.00 injected=0.0
[charge_scheduler-1] [INFO] [1785760897.843936974] [charge_scheduler]: [执行事件] loop=fixed plan_v=0 C1 type=target_service target=6 station_ord=0 planned_finish=292.30 actual_finish=292.30 dev=+0.00 injected=0.0
[charge_scheduler-1] [INFO] [1785760897.843942376] [charge_scheduler]: [执行事件] loop=fixed plan_v=0 C2 type=target_service target=25 station_ord=0 planned_finish=308.32 actual_finish=308.32 dev=+0.00 injected=0.0
[charge_scheduler-1] [INFO] [1785760897.843947653] [charge_scheduler]: [执行事件] loop=fixed plan_v=0 C3 type=target_service target=2 station_ord=0 planned_finish=320.43 actual_finish=320.43 dev=+0.00 injected=0.0
[charge_scheduler-1] [INFO] [1785760897.843953056] [charge_scheduler]: [执行事件] loop=fixed plan_v=0 C2 type=station_turnaround target=-1 station_ord=3 planned_finish=323.26 actual_finish=323.26 dev=+0.00 injected=0.0
[charge_scheduler-1] [INFO] [1785760897.843958490] [charge_scheduler]: [执行事件] loop=fixed plan_v=0 C3 type=station_turnaround target=-1 station_ord=3 planned_finish=333.08 actual_finish=333.08 dev=+0.00 injected=0.0
[charge_scheduler-1] [INFO] [1785760897.843964001] [charge_scheduler]: [执行事件] loop=fixed plan_v=0 C1 type=target_service target=14 station_ord=0 planned_finish=342.91 actual_finish=342.91 dev=+0.00 injected=0.0
[charge_scheduler-1] [INFO] [1785760897.843969268] [charge_scheduler]: [执行事件] loop=fixed plan_v=0 C1 type=station_turnaround target=-1 station_ord=3 planned_finish=357.17 actual_finish=357.17 dev=+0.00 injected=0.0
[charge_scheduler-1] [INFO] [1785760897.843974791] [charge_scheduler]: [执行事件] loop=fixed plan_v=0 C2 type=target_service target=29 station_ord=0 planned_finish=368.23 actual_finish=368.23 dev=+0.00 injected=0.0
[charge_scheduler-1] [INFO] [1785760897.843980125] [charge_scheduler]: [执行事件] loop=fixed plan_v=0 C2 type=final_return target=-1 station_ord=0 planned_finish=372.43 actual_finish=372.43 dev=+0.00 injected=0.0
[charge_scheduler-1] [INFO] [1785760897.843985482] [charge_scheduler]: [执行事件] loop=fixed plan_v=0 C3 type=target_service target=17 station_ord=0 planned_finish=378.04 actual_finish=378.04 dev=+0.00 injected=0.0
[charge_scheduler-1] [INFO] [1785760897.843990726] [charge_scheduler]: [执行事件] loop=fixed plan_v=0 C3 type=final_return target=-1 station_ord=0 planned_finish=379.97 actual_finish=379.97 dev=+0.00 injected=0.0
[charge_scheduler-1] [INFO] [1785760897.843995966] [charge_scheduler]: [执行事件] loop=fixed plan_v=0 C1 type=target_service target=5 station_ord=0 planned_finish=404.11 actual_finish=404.11 dev=+0.00 injected=0.0
[charge_scheduler-1] [INFO] [1785760897.844001047] [charge_scheduler]: [执行事件] loop=fixed plan_v=0 C1 type=final_return target=-1 station_ord=0 planned_finish=405.73 actual_finish=405.73 dev=+0.00 injected=0.0
[charge_scheduler-1] [INFO] [1785760897.844013434] [charge_scheduler]: [执行事件] loop=global plan_v=0 C2 type=target_service target=27 station_ord=0 planned_finish=5.89 actual_finish=5.89 dev=+0.00 injected=0.0
[charge_scheduler-1] [INFO] [1785760897.844018483] [charge_scheduler]: [执行事件] loop=global plan_v=0 C1 type=target_service target=12 station_ord=0 planned_finish=8.50 actual_finish=8.50 dev=+0.00 injected=0.0
[charge_scheduler-1] [INFO] [1785760897.844023551] [charge_scheduler]: [执行事件] loop=global plan_v=0 C1 type=target_service target=21 station_ord=0 planned_finish=16.66 actual_finish=16.66 dev=+0.00 injected=0.0
[charge_scheduler-1] [INFO] [1785760897.844028909] [charge_scheduler]: [执行事件] loop=global plan_v=0 C3 type=target_service target=3 station_ord=0 planned_finish=26.90 actual_finish=26.90 dev=+0.00 injected=0.0
[charge_scheduler-1] [INFO] [1785760897.844034202] [charge_scheduler]: [执行事件] loop=global plan_v=0 C2 type=target_service target=1 station_ord=0 planned_finish=30.09 actual_finish=30.09 dev=+0.00 injected=0.0
[charge_scheduler-1] [INFO] [1785760897.844039767] [charge_scheduler]: [执行事件] loop=global plan_v=0 C1 type=target_service target=15 station_ord=0 planned_finish=41.31 actual_finish=41.31 dev=+0.00 injected=0.0
[charge_scheduler-1] [INFO] [1785760897.844045019] [charge_scheduler]: [执行事件] loop=global plan_v=0 C3 type=target_service target=9 station_ord=0 planned_finish=55.68 actual_finish=55.68 dev=+0.00 injected=0.0
[charge_scheduler-1] [INFO] [1785760897.844050338] [charge_scheduler]: [执行事件] loop=global plan_v=0 C2 type=target_service target=7 station_ord=0 planned_finish=56.55 actual_finish=56.55 dev=+0.00 injected=0.0
[charge_scheduler-1] [INFO] [1785760897.844057393] [charge_scheduler]: [执行事件] loop=global plan_v=0 C1 type=target_service target=11 station_ord=0 planned_finish=83.60 actual_finish=83.60 dev=+0.00 injected=0.0
[charge_scheduler-1] [INFO] [1785760897.844062839] [charge_scheduler]: [执行事件] loop=global plan_v=0 C3 type=target_service target=28 station_ord=0 planned_finish=90.56 actual_finish=90.56 dev=+0.00 injected=0.0
[charge_scheduler-1] [INFO] [1785760897.844068092] [charge_scheduler]: [执行事件] loop=global plan_v=0 C2 type=target_service target=22 station_ord=0 planned_finish=92.27 actual_finish=92.27 dev=+0.00 injected=0.0
[charge_scheduler-1] [INFO] [1785760897.844073265] [charge_scheduler]: [执行事件] loop=global plan_v=0 C3 type=station_turnaround target=-1 station_ord=1 planned_finish=103.07 actual_finish=103.07 dev=+0.00 injected=0.0
[charge_scheduler-1] [INFO] [1785760897.844078997] [charge_scheduler]: [执行事件] loop=global plan_v=0 C2 type=station_turnaround target=-1 station_ord=1 planned_finish=106.44 actual_finish=106.44 dev=+0.00 injected=0.0
[charge_scheduler-1] [INFO] [1785760897.844084588] [charge_scheduler]: [执行事件] loop=global plan_v=0 C1 type=target_service target=18 station_ord=0 planned_finish=110.36 actual_finish=110.36 dev=+0.00 injected=0.0
[charge_scheduler-1] [INFO] [1785760897.844089888] [charge_scheduler]: [执行事件] loop=global plan_v=0 C1 type=station_turnaround target=-1 station_ord=1 planned_finish=122.40 actual_finish=122.40 dev=+0.00 injected=0.0
[charge_scheduler-1] [INFO] [1785760897.844095193] [charge_scheduler]: [执行事件] loop=global plan_v=0 C3 type=target_service target=24 station_ord=0 planned_finish=130.75 actual_finish=130.75 dev=+0.00 injected=0.0
[charge_scheduler-1] [INFO] [1785760897.844100666] [charge_scheduler]: [执行事件] loop=global plan_v=0 C2 type=target_service target=8 station_ord=0 planned_finish=139.52 actual_finish=139.52 dev=+0.00 injected=0.0
[charge_scheduler-1] [INFO] [1785760897.844106243] [charge_scheduler]: [执行事件] loop=global plan_v=0 C1 type=target_service target=13 station_ord=0 planned_finish=158.93 actual_finish=158.93 dev=+0.00 injected=0.0
[charge_scheduler-1] [INFO] [1785760897.844111542] [charge_scheduler]: [执行事件] loop=global plan_v=0 C2 type=target_service target=4 station_ord=0 planned_finish=172.44 actual_finish=172.44 dev=+0.00 injected=0.0
[charge_scheduler-1] [INFO] [1785760897.844116924] [charge_scheduler]: [执行事件] loop=global plan_v=0 C3 type=target_service target=26 station_ord=0 planned_finish=176.29 actual_finish=176.29 dev=+0.00 injected=0.0
[charge_scheduler-1] [INFO] [1785760897.844122263] [charge_scheduler]: [执行事件] loop=global plan_v=0 C1 type=target_service target=0 station_ord=0 planned_finish=195.20 actual_finish=195.20 dev=+0.00 injected=0.0
[charge_scheduler-1] [INFO] [1785760897.844127678] [charge_scheduler]: [执行事件] loop=global plan_v=0 C3 type=target_service target=16 station_ord=0 planned_finish=214.79 actual_finish=214.79 dev=+0.00 injected=0.0
[charge_scheduler-1] [INFO] [1785760897.844133043] [charge_scheduler]: [执行事件] loop=global plan_v=0 C2 type=target_service target=20 station_ord=0 planned_finish=217.59 actual_finish=217.59 dev=+0.00 injected=0.0
[charge_scheduler-1] [INFO] [1785760897.844138227] [charge_scheduler]: [执行事件] loop=global plan_v=0 C3 type=station_turnaround target=-1 station_ord=2 planned_finish=227.12 actual_finish=227.12 dev=+0.00 injected=0.0
[charge_scheduler-1] [INFO] [1785760897.844143816] [charge_scheduler]: [执行事件] loop=global plan_v=0 C1 type=target_service target=10 station_ord=0 planned_finish=228.54 actual_finish=228.54 dev=+0.00 injected=0.0
[charge_scheduler-1] [INFO] [1785760897.844149718] [charge_scheduler]: [执行事件] loop=global plan_v=0 C2 type=station_turnaround target=-1 station_ord=2 planned_finish=230.05 actual_finish=230.05 dev=+0.00 injected=0.0
[charge_scheduler-1] [INFO] [1785760897.844156352] [charge_scheduler]: [执行事件] loop=global plan_v=0 C1 type=station_turnaround target=-1 station_ord=2 planned_finish=244.41 actual_finish=244.41 dev=+0.00 injected=0.0
[charge_scheduler-1] [INFO] [1785760897.844162027] [charge_scheduler]: [执行事件] loop=global plan_v=0 C2 type=target_service target=19 station_ord=0 planned_finish=270.36 actual_finish=270.36 dev=+0.00 injected=0.0
[charge_scheduler-1] [INFO] [1785760897.844167481] [charge_scheduler]: [执行事件] loop=global plan_v=0 C3 type=target_service target=23 station_ord=0 planned_finish=277.10 actual_finish=277.10 dev=+0.00 injected=0.0
[charge_scheduler-1] [INFO] [1785760897.844174558] [charge_scheduler]: [执行事件] loop=global plan_v=0 C1 type=target_service target=6 station_ord=0 planned_finish=292.30 actual_finish=292.30 dev=+0.00 injected=0.0
[charge_scheduler-1] [INFO] [1785760897.844180375] [charge_scheduler]: [执行事件] loop=global plan_v=0 C2 type=target_service target=25 station_ord=0 planned_finish=308.32 actual_finish=308.32 dev=+0.00 injected=0.0
[charge_scheduler-1] [INFO] [1785760897.844185765] [charge_scheduler]: [执行事件] loop=global plan_v=0 C3 type=target_service target=2 station_ord=0 planned_finish=320.43 actual_finish=320.43 dev=+0.00 injected=0.0
[charge_scheduler-1] [INFO] [1785760897.844191221] [charge_scheduler]: [执行事件] loop=global plan_v=0 C2 type=station_turnaround target=-1 station_ord=3 planned_finish=323.26 actual_finish=323.26 dev=+0.00 injected=0.0
[charge_scheduler-1] [INFO] [1785760897.844196718] [charge_scheduler]: [执行事件] loop=global plan_v=0 C3 type=station_turnaround target=-1 station_ord=3 planned_finish=333.08 actual_finish=333.08 dev=+0.00 injected=0.0
[charge_scheduler-1] [INFO] [1785760897.844202520] [charge_scheduler]: [执行事件] loop=global plan_v=0 C1 type=target_service target=14 station_ord=0 planned_finish=342.91 actual_finish=342.91 dev=+0.00 injected=0.0
[charge_scheduler-1] [INFO] [1785760897.844207877] [charge_scheduler]: [执行事件] loop=global plan_v=0 C1 type=station_turnaround target=-1 station_ord=3 planned_finish=357.17 actual_finish=357.17 dev=+0.00 injected=0.0
[charge_scheduler-1] [INFO] [1785760897.844213402] [charge_scheduler]: [执行事件] loop=global plan_v=0 C2 type=target_service target=29 station_ord=0 planned_finish=368.23 actual_finish=368.23 dev=+0.00 injected=0.0
[charge_scheduler-1] [INFO] [1785760897.844218653] [charge_scheduler]: [执行事件] loop=global plan_v=0 C2 type=final_return target=-1 station_ord=0 planned_finish=372.43 actual_finish=372.43 dev=+0.00 injected=0.0
[charge_scheduler-1] [INFO] [1785760897.844224003] [charge_scheduler]: [执行事件] loop=global plan_v=0 C3 type=target_service target=17 station_ord=0 planned_finish=378.04 actual_finish=378.04 dev=+0.00 injected=0.0
[charge_scheduler-1] [INFO] [1785760897.844229460] [charge_scheduler]: [执行事件] loop=global plan_v=0 C3 type=final_return target=-1 station_ord=0 planned_finish=379.97 actual_finish=379.97 dev=+0.00 injected=0.0
[charge_scheduler-1] [INFO] [1785760897.844234744] [charge_scheduler]: [执行事件] loop=global plan_v=0 C1 type=target_service target=5 station_ord=0 planned_finish=404.11 actual_finish=404.11 dev=+0.00 injected=0.0
[charge_scheduler-1] [INFO] [1785760897.844239988] [charge_scheduler]: [执行事件] loop=global plan_v=0 C1 type=final_return target=-1 station_ord=0 planned_finish=405.73 actual_finish=405.73 dev=+0.00 injected=0.0
[charge_scheduler-1] [INFO] [1785760897.844251287] [charge_scheduler]: ★闭环实验结果 mode=open M=30 K=3 disturbance=none delay=0.0 seed=7 N_late=3 T_overtime=430.995 C_total=8176.436 makespan=405.733 served=30 energy_viol=0 reschedules=0 reschedule_ms=0.000 changed_assign=0 changed_order=0 applied_target=0 applied_station=0 initial_solve_ms=47160.734 objective_order=Nlate,Tover,Ctotal
[charge_scheduler-1] [INFO] [1785760897.844261185] [charge_scheduler]: ★闭环实验结果 mode=fixed M=30 K=3 disturbance=none delay=0.0 seed=7 N_late=3 T_overtime=430.995 C_total=8176.436 makespan=405.733 served=30 energy_viol=0 reschedules=0 reschedule_ms=0.000 changed_assign=0 changed_order=0 applied_target=0 applied_station=0 initial_solve_ms=47160.734 objective_order=Nlate,Tover,Ctotal
[charge_scheduler-1] [INFO] [1785760897.844268497] [charge_scheduler]: ★闭环实验收益 policy=fixed M=30 K=3 disturbance=none delay=0.0 seed=7 recovered_late=0 overtime_reduction=0.000 distance_delta=0.000 makespan_reduction=0.000
[charge_scheduler-1] [INFO] [1785760897.844273733] [charge_scheduler]: ★闭环实验结果 mode=closed M=30 K=3 disturbance=none delay=0.0 seed=7 N_late=3 T_overtime=430.995 C_total=8176.436 makespan=405.733 served=30 energy_viol=0 reschedules=0 reschedule_ms=0.000 changed_assign=0 changed_order=0 applied_target=0 applied_station=0 initial_solve_ms=47160.734 objective_order=Nlate,Tover,Ctotal
[charge_scheduler-1] [INFO] [1785760897.844283216] [charge_scheduler]: ★闭环实验收益 policy=closed M=30 K=3 disturbance=none delay=0.0 seed=7 recovered_late=0 overtime_reduction=0.000 distance_delta=0.000 makespan_reduction=0.000
