[INFO] [launch]: All log files can be found below /root/.ros/log/2026-08-03-13-19-08-026133-YYYY-42567
[INFO] [launch]: Default logging verbosity is set to INFO
[INFO] [charge_scheduler-1]: process started with pid [42571]
[charge_scheduler-1] [INFO] [1785763148.162025590] [charge_scheduler]: [目标顺序] objective_order=Nlate,Tover,Ctotal
[charge_scheduler-1] [INFO] [1785763148.165026268] [charge_scheduler]: [Scheduler] 30辆车 | 电池800.0kWh(20%=160.0 80%=640.0) | 充电360kW效率97% | 行驶0.6kWh/km | 桩350kW
[charge_scheduler-1] [INFO] [1785763148.165083744] [charge_scheduler]: [Scheduler] 站端周转: 换电 10 min(换后满电) | 单趟可用 640 kWh
[charge_scheduler-1] [INFO] [1785763148.165105593] [charge_scheduler]:   车#0 [电动装载机282|light] 位置(3889.6,73764.7) 容量282kWh 剩余35% | α=6→6min/% τ=168min → 需130.8kWh(充21.2min)
[charge_scheduler-1] [INFO] [1785763148.165177566] [charge_scheduler]:   车#1 [重型叉车|light] 位置(3778.9,73807.0) 容量200kWh 剩余20% | α=6→6min/% τ=96min → 需123.7kWh(充20.0min)
[charge_scheduler-1] [INFO] [1785763148.165285479] [charge_scheduler]:   车#2 [电动装载机350|light] 位置(3794.9,73804.6) 容量350kWh 剩余50% | α=6→6min/% τ=288min → 需108.2kWh(充17.5min)
[charge_scheduler-1] [INFO] [1785763148.165305314] [charge_scheduler]:   车#3 [重型叉车|light] 位置(3806.9,73760.3) 容量200kWh 剩余10% | α=6→6min/% τ=32min → 需144.3kWh(充23.3min)
[charge_scheduler-1] [INFO] [1785763148.165324505] [charge_scheduler]:   车#4 [电动装载机282|heavy→降级] 位置(3705.1,73758.2) 容量282kWh 剩余60% | α=3→6min/% τ=212min → 需58.1kWh(充9.4min)
[charge_scheduler-1] [INFO] [1785763148.165343879] [charge_scheduler]:   车#5 [电动装载机350|light] 位置(3756.5,73770.2) 容量350kWh 剩余25% | α=6→6min/% τ=128min → 需198.5kWh(充32.1min)
[charge_scheduler-1] [INFO] [1785763148.165362076] [charge_scheduler]:   车#6 [电动装载机350|heavy→降级] 位置(3887.4,73809.4) 容量350kWh 剩余40% | α=4→6min/% τ=176min → 需144.3kWh(充23.3min)
[charge_scheduler-1] [INFO] [1785763148.165379842] [charge_scheduler]:   车#7 [重型叉车|light] 位置(3899.0,73786.6) 容量200kWh 剩余15% | α=6→6min/% τ=64min → 需134.0kWh(充21.7min)
[charge_scheduler-1] [INFO] [1785763148.165397735] [charge_scheduler]:   车#8 [电动装载机282|heavy→降级] 位置(3689.7,73663.1) 容量282kWh 剩余55% | α=3→6min/% τ=196min → 需72.7kWh(充11.8min)
[charge_scheduler-1] [INFO] [1785763148.165415624] [charge_scheduler]:   车#9 [电动装载机282|heavy→降级] 位置(3748.4,73767.2) 容量282kWh 剩余30% | α=3→6min/% τ=116min → 需145.4kWh(充23.5min)
[charge_scheduler-1] [INFO] [1785763148.165440740] [charge_scheduler]:   车#10 [电动装载机282|light] 位置(3865.2,73751.0) 容量282kWh 剩余45% | α=6→6min/% τ=224min → 需101.8kWh(充16.4min)
[charge_scheduler-1] [INFO] [1785763148.165453986] [charge_scheduler]:   车#11 [电动装载机350|light] 位置(3785.0,73749.2) 容量350kWh 剩余18% | α=6→6min/% τ=83min → 需223.7kWh(充36.2min)
[charge_scheduler-1] [INFO] [1785763148.165464549] [charge_scheduler]:   车#12 [重型叉车|heavy→降级] 位置(3811.5,73799.9) 容量200kWh 剩余62% | α=3→6min/% τ=230min → 需37.1kWh(充6.0min)
[charge_scheduler-1] [INFO] [1785763148.165480670] [charge_scheduler]:   车#13 [电动装载机282|light] 位置(3810.8,73773.1) 容量282kWh 剩余28% | α=6→6min/% τ=129min → 需151.2kWh(充24.4min)
[charge_scheduler-1] [INFO] [1785763148.165496851] [charge_scheduler]:   车#14 [电动装载机350|light] 位置(3905.0,73793.5) 容量350kWh 剩余52% | α=6→6min/% τ=301min → 需101.0kWh(充16.3min)
[charge_scheduler-1] [INFO] [1785763148.165511617] [charge_scheduler]:   车#15 [重型叉车|light] 位置(3894.3,73756.9) 容量200kWh 剩余12% | α=6→6min/% τ=45min → 需140.2kWh(充22.7min)
[charge_scheduler-1] [INFO] [1785763148.165528051] [charge_scheduler]:   车#16 [电动装载机282|light] 位置(3818.5,73716.2) 容量282kWh 剩余38% | α=6→6min/% τ=185min → 需122.1kWh(充19.7min)
[charge_scheduler-1] [INFO] [1785763148.165557259] [charge_scheduler]:   车#17 [电动装载机350|light] 位置(3733.2,73772.4) 容量350kWh 剩余58% | α=6→6min/% τ=339min → 需79.4kWh(充12.8min)
[charge_scheduler-1] [INFO] [1785763148.165576316] [charge_scheduler]:   车#18 [重型叉车|heavy→降级] 位置(3764.7,73699.0) 容量200kWh 剩余22% | α=3→6min/% τ=102min → 需119.6kWh(充19.3min)
[charge_scheduler-1] [INFO] [1785763148.165593835] [charge_scheduler]:   车#19 [电动装载机282|light] 位置(3878.4,73747.9) 容量282kWh 剩余48% | α=6→6min/% τ=241min → 需93.0kWh(充15.0min)
[charge_scheduler-1] [INFO] [1785763148.165633227] [charge_scheduler]:   车#20 [电动装载机350|light] 位置(3740.3,73686.9) 容量350kWh 剩余33% | α=6→6min/% τ=179min → 需169.6kWh(充27.4min)
[charge_scheduler-1] [INFO] [1785763148.165644382] [charge_scheduler]:   车#21 [重型叉车|heavy→降级] 位置(3895.4,73811.9) 容量200kWh 剩余65% | α=3→6min/% τ=240min → 需30.9kWh(充5.0min)
[charge_scheduler-1] [INFO] [1785763148.165654379] [charge_scheduler]:   车#22 [电动装载机282|light] 位置(3876.0,73830.2) 容量282kWh 剩余16% | α=6→6min/% τ=62min → 需186.1kWh(充30.1min)
[charge_scheduler-1] [INFO] [1785763148.165666298] [charge_scheduler]:   车#23 [电动装载机350|light] 位置(3765.9,73790.3) 容量350kWh 剩余42% | α=6→6min/% τ=237min → 需137.1kWh(充22.2min)
[charge_scheduler-1] [INFO] [1785763148.165676621] [charge_scheduler]:   车#24 [重型叉车|heavy→降级] 位置(3637.1,73698.1) 容量200kWh 剩余25% | α=3→6min/% τ=112min → 需113.4kWh(充18.3min)
[charge_scheduler-1] [INFO] [1785763148.165686836] [charge_scheduler]:   车#25 [电动装载机282|light] 位置(3884.5,73833.1) 容量282kWh 剩余55% | α=6→6min/% τ=280min → 需72.7kWh(充11.8min)
[charge_scheduler-1] [INFO] [1785763148.165697508] [charge_scheduler]:   车#26 [电动装载机350|light] 位置(3699.3,73765.4) 容量350kWh 剩余30% | α=6→6min/% τ=160min → 需180.4kWh(充29.2min)
[charge_scheduler-1] [INFO] [1785763148.165708012] [charge_scheduler]:   车#27 [重型叉车|heavy→降级] 位置(3800.8,73717.7) 容量200kWh 剩余68% | α=3→6min/% τ=250min → 需24.7kWh(充4.0min)
[charge_scheduler-1] [INFO] [1785763148.165717947] [charge_scheduler]:   车#28 [电动装载机282|light] 位置(3825.0,73792.7) 容量282kWh 剩余20% | α=6→6min/% τ=84min → 需174.4kWh(充28.2min)
[charge_scheduler-1] [INFO] [1785763148.165728178] [charge_scheduler]:   车#29 [电动装载机350|light] 位置(3784.3,73759.0) 容量350kWh 剩余36% | α=6→6min/% τ=198min → 需158.8kWh(充25.7min)
[charge_scheduler-1] [INFO] [1785763148.182216837] [charge_scheduler]: [Scheduler] 闭环接口: threshold=10.0min | event_sim=on | policy=all | structured_feedback=optional (/task_planner/execution_event)
[charge_scheduler-1] [INFO] [1785763148.182267232] [charge_scheduler]: [Scheduler] 已启动, 等待地图...
[charge_scheduler-1] [INFO] [1785763148.182280778] [charge_scheduler]: [Scheduler] 充电车1接口: sequence/served/arrived_target/arrived_station/return_goal/task_complete 后缀=_1
[charge_scheduler-1] [INFO] [1785763148.182292280] [charge_scheduler]: [Scheduler] 充电车2接口: sequence/served/arrived_target/arrived_station/return_goal/task_complete 后缀=_2
[charge_scheduler-1] [INFO] [1785763148.182303276] [charge_scheduler]: [Scheduler] 充电车3接口: sequence/served/arrived_target/arrived_station/return_goal/task_complete 后缀=_3
[charge_scheduler-1] [INFO] [1785763148.270515111] [charge_scheduler]: [Scheduler] RoutingGraph 就绪
[charge_scheduler-1] [INFO] [1785763148.270987884] [charge_scheduler]: [Scheduler] 提取到 0 条虚线捷径
[charge_scheduler-1] [INFO] [1785763148.298664506] [charge_scheduler]: [Scheduler] 下层兼容增强图: 190 节点, 0 条虚线掉头边
[charge_scheduler-1] [INFO] [1785763169.113365807] [charge_scheduler]: [Scheduler] 距离矩阵完成 31x31, 20814.6 ms | 模式=maneuver | 真实不可达=0 抽象不可达=0 | 缺少对向投影节点=0 | 对向识别(ID/几何/法向)=0/0/0 | 单向驿站投影=0
[charge_scheduler-1] [INFO] [1785763169.113444148] [charge_scheduler]:   ✓ 比值自检：930 个 OD 满足 机动/直线≥1 | 均值=4.11 最大=62.63 (车#0→车#15)
[charge_scheduler-1] [INFO] [1785763169.113458651] [charge_scheduler]: [Scheduler] 地图就绪, 190 条 lanelet（与下层一致）
[charge_scheduler-1] [INFO] [1785763169.113515652] [charge_scheduler]: ======== 开始VRPTW调度 30 辆车 ========
[charge_scheduler-1] [INFO] [1785763169.113524870] [charge_scheduler]:   规模30>8 → 启发式(alns)
[charge_scheduler-1] [INFO] [1785763214.408613760] [charge_scheduler]: [ALNS] objective_order=Nlate,Tover,Ctotal seed=9 iters=15000 | N_late=3(成功率90.0%) T_overtime=345.8min C_total=7546.5m | 趟数=12 makespan=385.4min
[charge_scheduler-1] [INFO] [1785763214.408662480] [charge_scheduler]:   求解耗时 45295.1 ms
[charge_scheduler-1] [INFO] [1785763214.408670980] [charge_scheduler]: ════════ 调度结果 ════════
[charge_scheduler-1] [INFO] [1785763214.408675432] [charge_scheduler]:   ★目标(字典序): objective_order=Nlate,Tover,Ctotal | N_late=3 辆 (按时成功率 27/30 = 90.0%)  T_overtime=345.8min  C_total=7546.5m
[charge_scheduler-1] [INFO] [1785763214.408717007] [charge_scheduler]:   附: 趟数=12 | makespan=385.4min | 能量可行=是
[charge_scheduler-1] [INFO] [1785763214.408727028] [charge_scheduler]:   [充电车2] 趟1: 站 → 车#4(到2.1/限212.0✓) → 车#7(到16.6/限64.0✓) → 车#22(到39.9/限61.6✓) → 车#28(到75.1/限84.0✓) → 站
[charge_scheduler-1] [INFO] [1785763214.408733818] [charge_scheduler]:   [充电车3] 趟2: 站 → 车#12(到2.3/限230.4✓) → 车#21(到10.6/限240.0✓) → 车#15(到17.7/限44.8✓) → 车#11(到43.5/限83.2✓) → 车#1(到85.3/限96.0✓) → 站
[charge_scheduler-1] [INFO] [1785763214.408739992] [charge_scheduler]:   [充电车1] 趟3: 站 → 车#27(到1.7/限249.6✓) → 车#3(到7.7/限32.0✓) → 车#9(到32.5/限116.0✓) → 车#24(到63.2/限112.0✓) → 车#18(到88.9/限102.4✓) → 站
[charge_scheduler-1] [INFO] [1785763214.408745693] [charge_scheduler]:   [充电车3] 趟4: 站 → 车#5(到126.3/限128.0✓) → 车#16(到172.6/限184.8✓) → 站
[charge_scheduler-1] [INFO] [1785763214.408750341] [charge_scheduler]:   [充电车1] 趟5: 站 → 车#26(到127.5/限160.0✓) → 车#20(到171.5/限179.2✓) → 站
[charge_scheduler-1] [INFO] [1785763214.408755485] [charge_scheduler]:   [充电车2] 趟6: 站 → 车#13(到123.8/限128.8✓) → 车#0(到160.3/限168.0✓) → 车#10(到195.3/限224.0✓) → 站
[charge_scheduler-1] [INFO] [1785763214.408760047] [charge_scheduler]:   [充电车3] 趟7: 站 → 车#19(到224.6/限240.8✓) → 车#8(到265.4/限196.0✗超时) → 站
[charge_scheduler-1] [INFO] [1785763214.408764509] [charge_scheduler]:   [充电车1] 趟8: 站 → 车#23(到233.6/限236.8✓) → 车#2(到277.5/限288.0✓) → 站
[charge_scheduler-1] [INFO] [1785763214.408768891] [charge_scheduler]:   [充电车2] 趟9: 站 → 车#25(到247.9/限280.0✓) → 车#14(到281.3/限300.8✓) → 站
[charge_scheduler-1] [INFO] [1785763214.408772950] [charge_scheduler]:   [充电车1] 趟10: 站 → 车#6(到337.1/限176.0✗超时) → 站
[charge_scheduler-1] [INFO] [1785763214.408777267] [charge_scheduler]:   [充电车2] 趟11: 站 → 车#17(到339.1/限339.2✓) → 站
[charge_scheduler-1] [INFO] [1785763214.408782008] [charge_scheduler]:   [充电车3] 趟12: 站 → 车#29(到313.7/限198.4✗超时) → 站
[charge_scheduler-1] [INFO] [1785763214.408785228] [charge_scheduler]: ════════════════════════
[charge_scheduler-1] [INFO] [1785763214.408840201] [charge_scheduler]: [扰动清单] type=target delay=60.0min targets={9,26,} station={}
[charge_scheduler-1] [INFO] [1785763214.408854956] [charge_scheduler]: [执行事件] loop=open plan_v=0 C1 type=target_service target=27 station_ord=0 planned_finish=5.89 actual_finish=5.89 dev=+0.00 injected=0.0
[charge_scheduler-1] [INFO] [1785763214.408861769] [charge_scheduler]: [执行事件] loop=open plan_v=0 C3 type=target_service target=12 station_ord=0 planned_finish=8.50 actual_finish=8.50 dev=+0.00 injected=0.0
[charge_scheduler-1] [INFO] [1785763214.408867324] [charge_scheduler]: [执行事件] loop=open plan_v=0 C2 type=target_service target=4 station_ord=0 planned_finish=11.77 actual_finish=11.77 dev=+0.00 injected=0.0
[charge_scheduler-1] [INFO] [1785763214.408872910] [charge_scheduler]: [执行事件] loop=open plan_v=0 C3 type=target_service target=21 station_ord=0 planned_finish=16.66 actual_finish=16.66 dev=+0.00 injected=0.0
[charge_scheduler-1] [INFO] [1785763214.408878371] [charge_scheduler]: [执行事件] loop=open plan_v=0 C1 type=target_service target=3 station_ord=0 planned_finish=31.39 actual_finish=31.39 dev=+0.00 injected=0.0
[charge_scheduler-1] [INFO] [1785763214.408883946] [charge_scheduler]: [执行事件] loop=open plan_v=0 C2 type=target_service target=7 station_ord=0 planned_finish=39.10 actual_finish=39.10 dev=+0.00 injected=0.0
[charge_scheduler-1] [INFO] [1785763214.408889304] [charge_scheduler]: [执行事件] loop=open plan_v=0 C3 type=target_service target=15 station_ord=0 planned_finish=41.31 actual_finish=41.31 dev=+0.00 injected=0.0
[charge_scheduler-1] [INFO] [1785763214.408894553] [charge_scheduler]: [执行事件] loop=open plan_v=0 C2 type=target_service target=22 station_ord=0 planned_finish=73.35 actual_finish=73.35 dev=+0.00 injected=0.0
[charge_scheduler-1] [INFO] [1785763214.408900295] [charge_scheduler]: [执行事件] loop=open plan_v=0 C3 type=target_service target=11 station_ord=0 planned_finish=83.60 actual_finish=83.60 dev=+0.00 injected=0.0
[charge_scheduler-1] [INFO] [1785763214.408908448] [charge_scheduler]: [执行事件] loop=open plan_v=0 C2 type=target_service target=28 station_ord=0 planned_finish=109.61 actual_finish=109.61 dev=+0.00 injected=0.0
[charge_scheduler-1] [INFO] [1785763214.408914333] [charge_scheduler]: [执行事件] loop=open plan_v=0 C3 type=target_service target=1 station_ord=0 planned_finish=109.71 actual_finish=109.71 dev=+0.00 injected=0.0
[charge_scheduler-1] [INFO] [1785763214.408919770] [charge_scheduler]: [执行事件] loop=open plan_v=0 C1 type=target_service target=9 station_ord=0 planned_finish=60.79 actual_finish=120.79 dev=+60.00 injected=60.0
[charge_scheduler-1] [INFO] [1785763214.408925670] [charge_scheduler]: [执行事件] loop=open plan_v=0 C2 type=station_turnaround target=-1 station_ord=1 planned_finish=122.12 actual_finish=122.12 dev=+0.00 injected=0.0
[charge_scheduler-1] [INFO] [1785763214.408931338] [charge_scheduler]: [执行事件] loop=open plan_v=0 C3 type=station_turnaround target=-1 station_ord=1 planned_finish=123.13 actual_finish=123.13 dev=+0.00 injected=0.0
[charge_scheduler-1] [INFO] [1785763214.408936778] [charge_scheduler]: [执行事件] loop=open plan_v=0 C1 type=target_service target=24 station_ord=0 planned_finish=85.67 actual_finish=148.21 dev=+62.54 injected=0.0
[charge_scheduler-1] [INFO] [1785763214.408942556] [charge_scheduler]: [执行事件] loop=open plan_v=0 C2 type=target_service target=13 station_ord=0 planned_finish=158.63 actual_finish=158.63 dev=+0.00 injected=0.0
[charge_scheduler-1] [INFO] [1785763214.408948610] [charge_scheduler]: [执行事件] loop=open plan_v=0 C3 type=target_service target=5 station_ord=0 planned_finish=169.92 actual_finish=169.92 dev=+0.00 injected=0.0
[charge_scheduler-1] [INFO] [1785763214.408953991] [charge_scheduler]: [执行事件] loop=open plan_v=0 C1 type=target_service target=18 station_ord=0 planned_finish=113.23 actual_finish=176.47 dev=+63.24 injected=0.0
[charge_scheduler-1] [INFO] [1785763214.408961125] [charge_scheduler]: [执行事件] loop=open plan_v=0 C1 type=station_turnaround target=-1 station_ord=1 planned_finish=125.27 actual_finish=188.51 dev=+63.24 injected=0.0
[charge_scheduler-1] [INFO] [1785763214.408967037] [charge_scheduler]: [执行事件] loop=open plan_v=0 C2 type=target_service target=0 station_ord=0 planned_finish=194.87 actual_finish=194.87 dev=+0.00 injected=0.0
[charge_scheduler-1] [INFO] [1785763214.408972673] [charge_scheduler]: [执行事件] loop=open plan_v=0 C3 type=target_service target=16 station_ord=0 planned_finish=206.81 actual_finish=206.81 dev=+0.00 injected=0.0
[charge_scheduler-1] [INFO] [1785763214.408977936] [charge_scheduler]: [执行事件] loop=open plan_v=0 C3 type=station_turnaround target=-1 station_ord=2 planned_finish=219.14 actual_finish=219.14 dev=+0.00 injected=0.0
[charge_scheduler-1] [INFO] [1785763214.408983532] [charge_scheduler]: [执行事件] loop=open plan_v=0 C2 type=target_service target=10 station_ord=0 planned_finish=228.18 actual_finish=228.18 dev=+0.00 injected=0.0
[charge_scheduler-1] [INFO] [1785763214.408988971] [charge_scheduler]: [执行事件] loop=open plan_v=0 C2 type=station_turnaround target=-1 station_ord=2 planned_finish=244.06 actual_finish=244.06 dev=+0.00 injected=0.0
[charge_scheduler-1] [INFO] [1785763214.408994966] [charge_scheduler]: [执行事件] loop=open plan_v=0 C3 type=target_service target=19 station_ord=0 planned_finish=258.53 actual_finish=258.53 dev=+0.00 injected=0.0
[charge_scheduler-1] [INFO] [1785763214.409000254] [charge_scheduler]: [执行事件] loop=open plan_v=0 C2 type=target_service target=25 station_ord=0 planned_finish=280.50 actual_finish=280.50 dev=+0.00 injected=0.0
[charge_scheduler-1] [INFO] [1785763214.409005586] [charge_scheduler]: [执行事件] loop=open plan_v=0 C1 type=target_service target=26 station_ord=0 planned_finish=168.25 actual_finish=294.46 dev=+126.21 injected=60.0
[charge_scheduler-1] [INFO] [1785763214.409012682] [charge_scheduler]: [执行事件] loop=open plan_v=0 C3 type=target_service target=8 station_ord=0 planned_finish=300.66 actual_finish=300.66 dev=+0.00 injected=0.0
[charge_scheduler-1] [INFO] [1785763214.409018022] [charge_scheduler]: [执行事件] loop=open plan_v=0 C3 type=station_turnaround target=-1 station_ord=3 planned_finish=312.48 actual_finish=312.48 dev=+0.00 injected=0.0
[charge_scheduler-1] [INFO] [1785763214.409023610] [charge_scheduler]: [执行事件] loop=open plan_v=0 C2 type=target_service target=14 station_ord=0 planned_finish=323.22 actual_finish=323.22 dev=+0.00 injected=0.0
[charge_scheduler-1] [INFO] [1785763214.409030522] [charge_scheduler]: [执行事件] loop=open plan_v=0 C2 type=station_turnaround target=-1 station_ord=3 planned_finish=337.49 actual_finish=337.49 dev=+0.00 injected=0.0
[charge_scheduler-1] [INFO] [1785763214.409036240] [charge_scheduler]: [执行事件] loop=open plan_v=0 C1 type=target_service target=20 station_ord=0 planned_finish=214.58 actual_finish=341.48 dev=+126.91 injected=0.0
[charge_scheduler-1] [INFO] [1785763214.409042401] [charge_scheduler]: [执行事件] loop=open plan_v=0 C1 type=station_turnaround target=-1 station_ord=2 planned_finish=227.03 actual_finish=353.94 dev=+126.91 injected=0.0
[charge_scheduler-1] [INFO] [1785763214.409047954] [charge_scheduler]: [执行事件] loop=open plan_v=0 C3 type=target_service target=29 station_ord=0 planned_finish=357.45 actual_finish=357.45 dev=+0.00 injected=0.0
[charge_scheduler-1] [INFO] [1785763214.409053460] [charge_scheduler]: [执行事件] loop=open plan_v=0 C3 type=final_return target=-1 station_ord=0 planned_finish=361.65 actual_finish=361.65 dev=+0.00 injected=0.0
[charge_scheduler-1] [INFO] [1785763214.409058874] [charge_scheduler]: [执行事件] loop=open plan_v=0 C2 type=target_service target=17 station_ord=0 planned_finish=382.84 actual_finish=382.84 dev=+0.00 injected=0.0
[charge_scheduler-1] [INFO] [1785763214.409064138] [charge_scheduler]: [执行事件] loop=open plan_v=0 C2 type=final_return target=-1 station_ord=0 planned_finish=384.77 actual_finish=384.77 dev=+0.00 injected=0.0
[charge_scheduler-1] [INFO] [1785763214.409069117] [charge_scheduler]: [执行事件] loop=open plan_v=0 C1 type=target_service target=23 station_ord=0 planned_finish=277.01 actual_finish=404.21 dev=+127.20 injected=0.0
[charge_scheduler-1] [INFO] [1785763214.409074754] [charge_scheduler]: [执行事件] loop=open plan_v=0 C1 type=target_service target=2 station_ord=0 planned_finish=320.33 actual_finish=448.49 dev=+128.16 injected=0.0
[charge_scheduler-1] [INFO] [1785763214.409080227] [charge_scheduler]: [执行事件] loop=open plan_v=0 C1 type=station_turnaround target=-1 station_ord=3 planned_finish=332.98 actual_finish=461.14 dev=+128.16 injected=0.0
[charge_scheduler-1] [INFO] [1785763214.409085851] [charge_scheduler]: [执行事件] loop=open plan_v=0 C1 type=target_service target=6 station_ord=0 planned_finish=380.87 actual_finish=509.03 dev=+128.16 injected=0.0
[charge_scheduler-1] [INFO] [1785763214.409091150] [charge_scheduler]: [执行事件] loop=open plan_v=0 C1 type=final_return target=-1 station_ord=0 planned_finish=385.39 actual_finish=513.55 dev=+128.16 injected=0.0
[charge_scheduler-1] [INFO] [1785763214.409103846] [charge_scheduler]: [执行事件] loop=fixed plan_v=0 C1 type=target_service target=27 station_ord=0 planned_finish=5.89 actual_finish=5.89 dev=+0.00 injected=0.0
[charge_scheduler-1] [INFO] [1785763214.409109686] [charge_scheduler]: [执行事件] loop=fixed plan_v=0 C3 type=target_service target=12 station_ord=0 planned_finish=8.50 actual_finish=8.50 dev=+0.00 injected=0.0
[charge_scheduler-1] [INFO] [1785763214.409114910] [charge_scheduler]: [执行事件] loop=fixed plan_v=0 C2 type=target_service target=4 station_ord=0 planned_finish=11.77 actual_finish=11.77 dev=+0.00 injected=0.0
[charge_scheduler-1] [INFO] [1785763214.409120381] [charge_scheduler]: [执行事件] loop=fixed plan_v=0 C3 type=target_service target=21 station_ord=0 planned_finish=16.66 actual_finish=16.66 dev=+0.00 injected=0.0
[charge_scheduler-1] [INFO] [1785763214.409126679] [charge_scheduler]: [执行事件] loop=fixed plan_v=0 C1 type=target_service target=3 station_ord=0 planned_finish=31.39 actual_finish=31.39 dev=+0.00 injected=0.0
[charge_scheduler-1] [INFO] [1785763214.409132791] [charge_scheduler]: [执行事件] loop=fixed plan_v=0 C2 type=target_service target=7 station_ord=0 planned_finish=39.10 actual_finish=39.10 dev=+0.00 injected=0.0
[charge_scheduler-1] [INFO] [1785763214.409138231] [charge_scheduler]: [执行事件] loop=fixed plan_v=0 C3 type=target_service target=15 station_ord=0 planned_finish=41.31 actual_finish=41.31 dev=+0.00 injected=0.0
[charge_scheduler-1] [INFO] [1785763214.409143547] [charge_scheduler]: [执行事件] loop=fixed plan_v=0 C2 type=target_service target=22 station_ord=0 planned_finish=73.35 actual_finish=73.35 dev=+0.00 injected=0.0
[charge_scheduler-1] [INFO] [1785763214.409148960] [charge_scheduler]: [执行事件] loop=fixed plan_v=0 C3 type=target_service target=11 station_ord=0 planned_finish=83.60 actual_finish=83.60 dev=+0.00 injected=0.0
[charge_scheduler-1] [INFO] [1785763214.409156012] [charge_scheduler]: [执行事件] loop=fixed plan_v=0 C2 type=target_service target=28 station_ord=0 planned_finish=109.61 actual_finish=109.61 dev=+0.00 injected=0.0
[charge_scheduler-1] [INFO] [1785763214.409161522] [charge_scheduler]: [执行事件] loop=fixed plan_v=0 C3 type=target_service target=1 station_ord=0 planned_finish=109.71 actual_finish=109.71 dev=+0.00 injected=0.0
[charge_scheduler-1] [INFO] [1785763214.409167033] [charge_scheduler]: [执行事件] loop=fixed plan_v=0 C1 type=target_service target=9 station_ord=0 planned_finish=60.79 actual_finish=120.79 dev=+60.00 injected=60.0
[charge_scheduler-1] [WARN] [1785763214.795732012] [charge_scheduler]: [重调度事件] policy=fixed #1 t=120.79min trigger=C1/target_service dev=+60.00 pool=18 committed=0 plan_v=1 solve_ms=386.5 changed_assign=0 changed_order=16
[charge_scheduler-1] [INFO] [1785763214.795777006] [charge_scheduler]: [执行事件] loop=fixed plan_v=0 C2 type=station_turnaround target=-1 station_ord=1 planned_finish=122.12 actual_finish=122.12 dev=+0.00 injected=0.0
[charge_scheduler-1] [INFO] [1785763214.795786604] [charge_scheduler]: [执行事件] loop=fixed plan_v=0 C3 type=station_turnaround target=-1 station_ord=1 planned_finish=123.13 actual_finish=123.13 dev=+0.00 injected=0.0
[charge_scheduler-1] [INFO] [1785763214.795792843] [charge_scheduler]: [执行事件] loop=fixed plan_v=1 C1 type=target_service target=24 station_ord=0 planned_finish=148.21 actual_finish=148.21 dev=+0.00 injected=0.0
[charge_scheduler-1] [INFO] [1785763214.795799560] [charge_scheduler]: [执行事件] loop=fixed plan_v=1 C2 type=target_service target=13 station_ord=0 planned_finish=158.63 actual_finish=158.63 dev=+0.00 injected=0.0
[charge_scheduler-1] [INFO] [1785763214.795805245] [charge_scheduler]: [执行事件] loop=fixed plan_v=1 C1 type=station_turnaround target=-1 station_ord=1 planned_finish=161.91 actual_finish=161.91 dev=+0.00 injected=0.0
[charge_scheduler-1] [INFO] [1785763214.795811271] [charge_scheduler]: [执行事件] loop=fixed plan_v=1 C3 type=target_service target=5 station_ord=0 planned_finish=169.92 actual_finish=169.92 dev=+0.00 injected=0.0
[charge_scheduler-1] [INFO] [1785763214.795817025] [charge_scheduler]: [执行事件] loop=fixed plan_v=1 C1 type=target_service target=18 station_ord=0 planned_finish=189.39 actual_finish=189.39 dev=+0.00 injected=0.0
[charge_scheduler-1] [INFO] [1785763214.795823865] [charge_scheduler]: [执行事件] loop=fixed plan_v=1 C2 type=target_service target=0 station_ord=0 planned_finish=194.87 actual_finish=194.87 dev=+0.00 injected=0.0
[charge_scheduler-1] [INFO] [1785763214.795829387] [charge_scheduler]: [执行事件] loop=fixed plan_v=1 C3 type=target_service target=16 station_ord=0 planned_finish=206.81 actual_finish=206.81 dev=+0.00 injected=0.0
[charge_scheduler-1] [INFO] [1785763214.795834708] [charge_scheduler]: [执行事件] loop=fixed plan_v=1 C3 type=station_turnaround target=-1 station_ord=2 planned_finish=219.14 actual_finish=219.14 dev=+0.00 injected=0.0
[charge_scheduler-1] [INFO] [1785763214.795840283] [charge_scheduler]: [执行事件] loop=fixed plan_v=1 C2 type=target_service target=10 station_ord=0 planned_finish=228.18 actual_finish=228.18 dev=+0.00 injected=0.0
[charge_scheduler-1] [INFO] [1785763214.795845627] [charge_scheduler]: [执行事件] loop=fixed plan_v=1 C2 type=station_turnaround target=-1 station_ord=2 planned_finish=244.06 actual_finish=244.06 dev=+0.00 injected=0.0
[charge_scheduler-1] [INFO] [1785763214.795851427] [charge_scheduler]: [执行事件] loop=fixed plan_v=1 C3 type=target_service target=29 station_ord=0 planned_finish=264.11 actual_finish=264.11 dev=+0.00 injected=0.0
[charge_scheduler-1] [INFO] [1785763214.795857097] [charge_scheduler]: [执行事件] loop=fixed plan_v=1 C2 type=target_service target=25 station_ord=0 planned_finish=280.50 actual_finish=280.50 dev=+0.00 injected=0.0
[charge_scheduler-1] [INFO] [1785763214.795862548] [charge_scheduler]: [执行事件] loop=fixed plan_v=1 C1 type=target_service target=26 station_ord=0 planned_finish=235.96 actual_finish=295.96 dev=+60.00 injected=60.0
[charge_scheduler-1] [WARN] [1785763214.877956525] [charge_scheduler]: [重调度事件] policy=fixed #2 t=295.96min trigger=C1/target_service dev=+60.00 pool=6 committed=2 plan_v=2 solve_ms=82.1 changed_assign=0 changed_order=5
[charge_scheduler-1] [INFO] [1785763214.878015330] [charge_scheduler]: [执行事件] loop=fixed plan_v=1 C3 type=target_service target=19 station_ord=0 planned_finish=303.72 actual_finish=303.72 dev=+0.00 injected=0.0
[charge_scheduler-1] [INFO] [1785763214.878025017] [charge_scheduler]: [执行事件] loop=fixed plan_v=2 C1 type=station_turnaround target=-1 station_ord=2 planned_finish=308.58 actual_finish=308.58 dev=+0.00 injected=0.0
[charge_scheduler-1] [INFO] [1785763214.878032069] [charge_scheduler]: [执行事件] loop=fixed plan_v=2 C3 type=station_turnaround target=-1 station_ord=3 planned_finish=317.05 actual_finish=317.05 dev=+0.00 injected=0.0
[charge_scheduler-1] [INFO] [1785763214.878038160] [charge_scheduler]: [执行事件] loop=fixed plan_v=1 C2 type=target_service target=14 station_ord=0 planned_finish=323.22 actual_finish=323.22 dev=+0.00 injected=0.0
[charge_scheduler-1] [INFO] [1785763214.878044101] [charge_scheduler]: [执行事件] loop=fixed plan_v=2 C2 type=station_turnaround target=-1 station_ord=3 planned_finish=337.49 actual_finish=337.49 dev=+0.00 injected=0.0
[charge_scheduler-1] [INFO] [1785763214.878049793] [charge_scheduler]: [执行事件] loop=fixed plan_v=2 C1 type=target_service target=6 station_ord=0 planned_finish=356.47 actual_finish=356.47 dev=+0.00 injected=0.0
[charge_scheduler-1] [INFO] [1785763214.878055557] [charge_scheduler]: [执行事件] loop=fixed plan_v=2 C3 type=target_service target=8 station_ord=0 planned_finish=357.27 actual_finish=357.27 dev=+0.00 injected=0.0
[charge_scheduler-1] [INFO] [1785763214.878061289] [charge_scheduler]: [执行事件] loop=fixed plan_v=2 C3 type=final_return target=-1 station_ord=0 planned_finish=359.09 actual_finish=359.09 dev=+0.00 injected=0.0
[charge_scheduler-1] [INFO] [1785763214.878066750] [charge_scheduler]: [执行事件] loop=fixed plan_v=2 C2 type=target_service target=17 station_ord=0 planned_finish=382.84 actual_finish=382.84 dev=+0.00 injected=0.0
[charge_scheduler-1] [INFO] [1785763214.878072246] [charge_scheduler]: [执行事件] loop=fixed plan_v=2 C2 type=final_return target=-1 station_ord=0 planned_finish=384.77 actual_finish=384.77 dev=+0.00 injected=0.0
[charge_scheduler-1] [INFO] [1785763214.878077336] [charge_scheduler]: [执行事件] loop=fixed plan_v=2 C1 type=target_service target=23 station_ord=0 planned_finish=402.67 actual_finish=402.67 dev=+0.00 injected=0.0
[charge_scheduler-1] [INFO] [1785763214.878082769] [charge_scheduler]: [执行事件] loop=fixed plan_v=2 C1 type=station_turnaround target=-1 station_ord=3 planned_finish=414.81 actual_finish=414.81 dev=+0.00 injected=0.0
[charge_scheduler-1] [INFO] [1785763214.878088311] [charge_scheduler]: [执行事件] loop=fixed plan_v=2 C1 type=target_service target=20 station_ord=0 planned_finish=460.64 actual_finish=460.64 dev=+0.00 injected=0.0
[charge_scheduler-1] [INFO] [1785763214.878093854] [charge_scheduler]: [执行事件] loop=fixed plan_v=2 C1 type=target_service target=2 station_ord=0 planned_finish=509.83 actual_finish=509.83 dev=+0.00 injected=0.0
[charge_scheduler-1] [INFO] [1785763214.878099126] [charge_scheduler]: [执行事件] loop=fixed plan_v=2 C1 type=final_return target=-1 station_ord=0 planned_finish=512.47 actual_finish=512.47 dev=+0.00 injected=0.0
[charge_scheduler-1] [INFO] [1785763214.878116750] [charge_scheduler]: [执行事件] loop=global plan_v=0 C1 type=target_service target=27 station_ord=0 planned_finish=5.89 actual_finish=5.89 dev=+0.00 injected=0.0
[charge_scheduler-1] [INFO] [1785763214.878122159] [charge_scheduler]: [执行事件] loop=global plan_v=0 C3 type=target_service target=12 station_ord=0 planned_finish=8.50 actual_finish=8.50 dev=+0.00 injected=0.0
[charge_scheduler-1] [INFO] [1785763214.878127615] [charge_scheduler]: [执行事件] loop=global plan_v=0 C2 type=target_service target=4 station_ord=0 planned_finish=11.77 actual_finish=11.77 dev=+0.00 injected=0.0
[charge_scheduler-1] [INFO] [1785763214.878133221] [charge_scheduler]: [执行事件] loop=global plan_v=0 C3 type=target_service target=21 station_ord=0 planned_finish=16.66 actual_finish=16.66 dev=+0.00 injected=0.0
[charge_scheduler-1] [INFO] [1785763214.878138654] [charge_scheduler]: [执行事件] loop=global plan_v=0 C1 type=target_service target=3 station_ord=0 planned_finish=31.39 actual_finish=31.39 dev=+0.00 injected=0.0
[charge_scheduler-1] [INFO] [1785763214.878145211] [charge_scheduler]: [执行事件] loop=global plan_v=0 C2 type=target_service target=7 station_ord=0 planned_finish=39.10 actual_finish=39.10 dev=+0.00 injected=0.0
[charge_scheduler-1] [INFO] [1785763214.878153061] [charge_scheduler]: [执行事件] loop=global plan_v=0 C3 type=target_service target=15 station_ord=0 planned_finish=41.31 actual_finish=41.31 dev=+0.00 injected=0.0
[charge_scheduler-1] [INFO] [1785763214.878158744] [charge_scheduler]: [执行事件] loop=global plan_v=0 C2 type=target_service target=22 station_ord=0 planned_finish=73.35 actual_finish=73.35 dev=+0.00 injected=0.0
[charge_scheduler-1] [INFO] [1785763214.878164419] [charge_scheduler]: [执行事件] loop=global plan_v=0 C3 type=target_service target=11 station_ord=0 planned_finish=83.60 actual_finish=83.60 dev=+0.00 injected=0.0
[charge_scheduler-1] [INFO] [1785763214.878169745] [charge_scheduler]: [执行事件] loop=global plan_v=0 C2 type=target_service target=28 station_ord=0 planned_finish=109.61 actual_finish=109.61 dev=+0.00 injected=0.0
[charge_scheduler-1] [INFO] [1785763214.878175335] [charge_scheduler]: [执行事件] loop=global plan_v=0 C3 type=target_service target=1 station_ord=0 planned_finish=109.71 actual_finish=109.71 dev=+0.00 injected=0.0
[charge_scheduler-1] [INFO] [1785763214.878180912] [charge_scheduler]: [执行事件] loop=global plan_v=0 C1 type=target_service target=9 station_ord=0 planned_finish=60.79 actual_finish=120.79 dev=+60.00 injected=60.0
[charge_scheduler-1] [WARN] [1785763217.644304448] [charge_scheduler]: [重调度事件] policy=global #1 t=120.79min trigger=C1/target_service dev=+60.00 pool=18 committed=0 plan_v=1 solve_ms=2766.1 changed_assign=11 changed_order=17
[charge_scheduler-1] [INFO] [1785763217.644350805] [charge_scheduler]: [执行事件] loop=global plan_v=0 C2 type=station_turnaround target=-1 station_ord=1 planned_finish=122.12 actual_finish=122.12 dev=+0.00 injected=0.0
[charge_scheduler-1] [INFO] [1785763217.644359353] [charge_scheduler]: [执行事件] loop=global plan_v=0 C3 type=station_turnaround target=-1 station_ord=1 planned_finish=123.13 actual_finish=123.13 dev=+0.00 injected=0.0
[charge_scheduler-1] [INFO] [1785763217.644365437] [charge_scheduler]: [执行事件] loop=global plan_v=1 C3 type=target_service target=18 station_ord=0 planned_finish=150.61 actual_finish=150.61 dev=+0.00 injected=0.0
[charge_scheduler-1] [INFO] [1785763217.644371704] [charge_scheduler]: [执行事件] loop=global plan_v=1 C2 type=target_service target=13 station_ord=0 planned_finish=158.63 actual_finish=158.63 dev=+0.00 injected=0.0
[charge_scheduler-1] [INFO] [1785763217.644377333] [charge_scheduler]: [执行事件] loop=global plan_v=1 C1 type=target_service target=5 station_ord=0 planned_finish=169.91 actual_finish=169.91 dev=+0.00 injected=0.0
[charge_scheduler-1] [INFO] [1785763217.644383959] [charge_scheduler]: [执行事件] loop=global plan_v=1 C3 type=target_service target=24 station_ord=0 planned_finish=179.21 actual_finish=179.21 dev=+0.00 injected=0.0
[charge_scheduler-1] [INFO] [1785763217.644389847] [charge_scheduler]: [执行事件] loop=global plan_v=1 C1 type=station_turnaround target=-1 station_ord=1 planned_finish=181.53 actual_finish=181.53 dev=+0.00 injected=0.0
[charge_scheduler-1] [INFO] [1785763217.644395857] [charge_scheduler]: [执行事件] loop=global plan_v=1 C2 type=target_service target=0 station_ord=0 planned_finish=194.87 actual_finish=194.87 dev=+0.00 injected=0.0
[charge_scheduler-1] [INFO] [1785763217.644401375] [charge_scheduler]: [执行事件] loop=global plan_v=1 C3 type=target_service target=8 station_ord=0 planned_finish=215.29 actual_finish=215.29 dev=+0.00 injected=0.0
[charge_scheduler-1] [INFO] [1785763217.644406862] [charge_scheduler]: [执行事件] loop=global plan_v=1 C1 type=target_service target=16 station_ord=0 planned_finish=219.89 actual_finish=219.89 dev=+0.00 injected=0.0
[charge_scheduler-1] [INFO] [1785763217.644414123] [charge_scheduler]: [执行事件] loop=global plan_v=1 C3 type=station_turnaround target=-1 station_ord=2 planned_finish=227.10 actual_finish=227.10 dev=+0.00 injected=0.0
[charge_scheduler-1] [INFO] [1785763217.644424412] [charge_scheduler]: [执行事件] loop=global plan_v=1 C2 type=target_service target=10 station_ord=0 planned_finish=228.18 actual_finish=228.18 dev=+0.00 injected=0.0
[charge_scheduler-1] [INFO] [1785763217.644430035] [charge_scheduler]: [执行事件] loop=global plan_v=1 C2 type=station_turnaround target=-1 station_ord=2 planned_finish=244.06 actual_finish=244.06 dev=+0.00 injected=0.0
[charge_scheduler-1] [INFO] [1785763217.644463230] [charge_scheduler]: [执行事件] loop=global plan_v=1 C3 type=target_service target=23 station_ord=0 planned_finish=277.09 actual_finish=277.09 dev=+0.00 injected=0.0
[charge_scheduler-1] [INFO] [1785763217.644469257] [charge_scheduler]: [执行事件] loop=global plan_v=1 C2 type=target_service target=25 station_ord=0 planned_finish=280.50 actual_finish=280.50 dev=+0.00 injected=0.0
[charge_scheduler-1] [INFO] [1785763217.644475047] [charge_scheduler]: [执行事件] loop=global plan_v=1 C2 type=target_service target=19 station_ord=0 planned_finish=317.45 actual_finish=317.45 dev=+0.00 injected=0.0
[charge_scheduler-1] [INFO] [1785763217.644480786] [charge_scheduler]: [执行事件] loop=global plan_v=1 C3 type=target_service target=2 station_ord=0 planned_finish=320.42 actual_finish=320.42 dev=+0.00 injected=0.0
[charge_scheduler-1] [INFO] [1785763217.644486625] [charge_scheduler]: [执行事件] loop=global plan_v=1 C1 type=target_service target=26 station_ord=0 planned_finish=266.75 actual_finish=326.75 dev=+60.00 injected=60.0
[charge_scheduler-1] [WARN] [1785763217.787165805] [charge_scheduler]: [重调度事件] policy=global #2 t=326.75min trigger=C1/target_service dev=+60.00 pool=5 committed=0 plan_v=2 solve_ms=142.7 changed_assign=1 changed_order=3
[charge_scheduler-1] [INFO] [1785763217.787206509] [charge_scheduler]: [执行事件] loop=global plan_v=1 C2 type=station_turnaround target=-1 station_ord=3 planned_finish=330.79 actual_finish=330.79 dev=+0.00 injected=0.0
[charge_scheduler-1] [INFO] [1785763217.787216527] [charge_scheduler]: [执行事件] loop=global plan_v=1 C3 type=station_turnaround target=-1 station_ord=3 planned_finish=333.06 actual_finish=333.06 dev=+0.00 injected=0.0
[charge_scheduler-1] [INFO] [1785763217.787223852] [charge_scheduler]: [执行事件] loop=global plan_v=2 C1 type=station_turnaround target=-1 station_ord=2 planned_finish=339.37 actual_finish=339.37 dev=+0.00 injected=0.0
[charge_scheduler-1] [INFO] [1785763217.787232572] [charge_scheduler]: [执行事件] loop=global plan_v=2 C2 type=target_service target=29 station_ord=0 planned_finish=375.76 actual_finish=375.76 dev=+0.00 injected=0.0
[charge_scheduler-1] [INFO] [1785763217.787239143] [charge_scheduler]: [执行事件] loop=global plan_v=2 C3 type=target_service target=17 station_ord=0 planned_finish=378.02 actual_finish=378.02 dev=+0.00 injected=0.0
[charge_scheduler-1] [INFO] [1785763217.787249466] [charge_scheduler]: [执行事件] loop=global plan_v=2 C1 type=target_service target=6 station_ord=0 planned_finish=387.26 actual_finish=387.26 dev=+0.00 injected=0.0
[charge_scheduler-1] [INFO] [1785763217.787256208] [charge_scheduler]: [执行事件] loop=global plan_v=2 C1 type=final_return target=-1 station_ord=0 planned_finish=391.78 actual_finish=391.78 dev=+0.00 injected=0.0
[charge_scheduler-1] [INFO] [1785763217.787262032] [charge_scheduler]: [执行事件] loop=global plan_v=2 C2 type=target_service target=14 station_ord=0 planned_finish=422.92 actual_finish=422.92 dev=+0.00 injected=0.0
[charge_scheduler-1] [INFO] [1785763217.787267962] [charge_scheduler]: [执行事件] loop=global plan_v=2 C3 type=target_service target=20 station_ord=0 planned_finish=424.09 actual_finish=424.09 dev=+0.00 injected=0.0
[charge_scheduler-1] [INFO] [1785763217.787273660] [charge_scheduler]: [执行事件] loop=global plan_v=2 C3 type=final_return target=-1 station_ord=0 planned_finish=426.54 actual_finish=426.54 dev=+0.00 injected=0.0
[charge_scheduler-1] [INFO] [1785763217.787279422] [charge_scheduler]: [执行事件] loop=global plan_v=2 C2 type=final_return target=-1 station_ord=0 planned_finish=427.19 actual_finish=427.19 dev=+0.00 injected=0.0
[charge_scheduler-1] [INFO] [1785763217.787294295] [charge_scheduler]: ★闭环实验结果 mode=open M=30 K=3 disturbance=target delay=60.0 seed=9 N_late=9 T_overtime=923.920 C_total=7546.542 makespan=513.551 served=30 energy_viol=2 reschedules=0 reschedule_ms=0.000 changed_assign=0 changed_order=0 applied_target=2 applied_station=0 initial_solve_ms=45295.137 objective_order=Nlate,Tover,Ctotal
[charge_scheduler-1] [INFO] [1785763217.787310517] [charge_scheduler]: ★闭环实验结果 mode=fixed M=30 K=3 disturbance=target delay=60.0 seed=9 N_late=10 T_overtime=955.654 C_total=7213.464 makespan=512.475 served=30 energy_viol=0 reschedules=2 reschedule_ms=468.561 changed_assign=0 changed_order=21 applied_target=2 applied_station=0 initial_solve_ms=45295.137 objective_order=Nlate,Tover,Ctotal
[charge_scheduler-1] [INFO] [1785763217.787337047] [charge_scheduler]: ★闭环实验收益 policy=fixed M=30 K=3 disturbance=target delay=60.0 seed=9 recovered_late=-1 overtime_reduction=-31.734 distance_delta=-333.079 makespan_reduction=1.076
[charge_scheduler-1] [INFO] [1785763217.787344878] [charge_scheduler]: ★闭环实验结果 mode=closed M=30 K=3 disturbance=target delay=60.0 seed=9 N_late=8 T_overtime=750.448 C_total=7164.046 makespan=427.186 served=30 energy_viol=0 reschedules=2 reschedule_ms=2908.747 changed_assign=12 changed_order=20 applied_target=2 applied_station=0 initial_solve_ms=45295.137 objective_order=Nlate,Tover,Ctotal
[charge_scheduler-1] [INFO] [1785763217.787352364] [charge_scheduler]: ★闭环实验收益 policy=closed M=30 K=3 disturbance=target delay=60.0 seed=9 recovered_late=1 overtime_reduction=173.472 distance_delta=-382.497 makespan_reduction=86.365
