[INFO] [launch]: All log files can be found below /root/.ros/log/2026-08-03-13-28-43-228509-YYYY-44472
[INFO] [launch]: Default logging verbosity is set to INFO
[INFO] [charge_scheduler-1]: process started with pid [44476]
[charge_scheduler-1] [INFO] [1785763723.353721446] [charge_scheduler]: [目标顺序] objective_order=Nlate,Tover,Ctotal
[charge_scheduler-1] [INFO] [1785763723.354230131] [charge_scheduler]: [Scheduler] 30辆车 | 电池800.0kWh(20%=160.0 80%=640.0) | 充电360kW效率97% | 行驶0.6kWh/km | 桩350kW
[charge_scheduler-1] [INFO] [1785763723.354264799] [charge_scheduler]: [Scheduler] 站端周转: 换电 10 min(换后满电) | 单趟可用 640 kWh
[charge_scheduler-1] [INFO] [1785763723.354291254] [charge_scheduler]:   车#0 [电动装载机282|light] 位置(3889.6,73764.7) 容量282kWh 剩余35% | α=6→6min/% τ=168min → 需130.8kWh(充21.2min)
[charge_scheduler-1] [INFO] [1785763723.354305339] [charge_scheduler]:   车#1 [重型叉车|light] 位置(3778.9,73807.0) 容量200kWh 剩余20% | α=6→6min/% τ=96min → 需123.7kWh(充20.0min)
[charge_scheduler-1] [INFO] [1785763723.354318351] [charge_scheduler]:   车#2 [电动装载机350|light] 位置(3794.9,73804.6) 容量350kWh 剩余50% | α=6→6min/% τ=288min → 需108.2kWh(充17.5min)
[charge_scheduler-1] [INFO] [1785763723.354331083] [charge_scheduler]:   车#3 [重型叉车|light] 位置(3806.9,73760.3) 容量200kWh 剩余10% | α=6→6min/% τ=32min → 需144.3kWh(充23.3min)
[charge_scheduler-1] [INFO] [1785763723.354341775] [charge_scheduler]:   车#4 [电动装载机282|heavy→降级] 位置(3705.1,73758.2) 容量282kWh 剩余60% | α=3→6min/% τ=212min → 需58.1kWh(充9.4min)
[charge_scheduler-1] [INFO] [1785763723.354353479] [charge_scheduler]:   车#5 [电动装载机350|light] 位置(3756.5,73770.2) 容量350kWh 剩余25% | α=6→6min/% τ=128min → 需198.5kWh(充32.1min)
[charge_scheduler-1] [INFO] [1785763723.354364192] [charge_scheduler]:   车#6 [电动装载机350|heavy→降级] 位置(3887.4,73809.4) 容量350kWh 剩余40% | α=4→6min/% τ=176min → 需144.3kWh(充23.3min)
[charge_scheduler-1] [INFO] [1785763723.354376206] [charge_scheduler]:   车#7 [重型叉车|light] 位置(3899.0,73786.6) 容量200kWh 剩余15% | α=6→6min/% τ=64min → 需134.0kWh(充21.7min)
[charge_scheduler-1] [INFO] [1785763723.354387484] [charge_scheduler]:   车#8 [电动装载机282|heavy→降级] 位置(3689.7,73663.1) 容量282kWh 剩余55% | α=3→6min/% τ=196min → 需72.7kWh(充11.8min)
[charge_scheduler-1] [INFO] [1785763723.354400945] [charge_scheduler]:   车#9 [电动装载机282|heavy→降级] 位置(3748.4,73767.2) 容量282kWh 剩余30% | α=3→6min/% τ=116min → 需145.4kWh(充23.5min)
[charge_scheduler-1] [INFO] [1785763723.354412281] [charge_scheduler]:   车#10 [电动装载机282|light] 位置(3865.2,73751.0) 容量282kWh 剩余45% | α=6→6min/% τ=224min → 需101.8kWh(充16.4min)
[charge_scheduler-1] [INFO] [1785763723.354423396] [charge_scheduler]:   车#11 [电动装载机350|light] 位置(3785.0,73749.2) 容量350kWh 剩余18% | α=6→6min/% τ=83min → 需223.7kWh(充36.2min)
[charge_scheduler-1] [INFO] [1785763723.354434808] [charge_scheduler]:   车#12 [重型叉车|heavy→降级] 位置(3811.5,73799.9) 容量200kWh 剩余62% | α=3→6min/% τ=230min → 需37.1kWh(充6.0min)
[charge_scheduler-1] [INFO] [1785763723.354446399] [charge_scheduler]:   车#13 [电动装载机282|light] 位置(3810.8,73773.1) 容量282kWh 剩余28% | α=6→6min/% τ=129min → 需151.2kWh(充24.4min)
[charge_scheduler-1] [INFO] [1785763723.354457473] [charge_scheduler]:   车#14 [电动装载机350|light] 位置(3905.0,73793.5) 容量350kWh 剩余52% | α=6→6min/% τ=301min → 需101.0kWh(充16.3min)
[charge_scheduler-1] [INFO] [1785763723.354470927] [charge_scheduler]:   车#15 [重型叉车|light] 位置(3894.3,73756.9) 容量200kWh 剩余12% | α=6→6min/% τ=45min → 需140.2kWh(充22.7min)
[charge_scheduler-1] [INFO] [1785763723.354481694] [charge_scheduler]:   车#16 [电动装载机282|light] 位置(3818.5,73716.2) 容量282kWh 剩余38% | α=6→6min/% τ=185min → 需122.1kWh(充19.7min)
[charge_scheduler-1] [INFO] [1785763723.354492616] [charge_scheduler]:   车#17 [电动装载机350|light] 位置(3733.2,73772.4) 容量350kWh 剩余58% | α=6→6min/% τ=339min → 需79.4kWh(充12.8min)
[charge_scheduler-1] [INFO] [1785763723.354502964] [charge_scheduler]:   车#18 [重型叉车|heavy→降级] 位置(3764.7,73699.0) 容量200kWh 剩余22% | α=3→6min/% τ=102min → 需119.6kWh(充19.3min)
[charge_scheduler-1] [INFO] [1785763723.354513503] [charge_scheduler]:   车#19 [电动装载机282|light] 位置(3878.4,73747.9) 容量282kWh 剩余48% | α=6→6min/% τ=241min → 需93.0kWh(充15.0min)
[charge_scheduler-1] [INFO] [1785763723.354548731] [charge_scheduler]:   车#20 [电动装载机350|light] 位置(3740.3,73686.9) 容量350kWh 剩余33% | α=6→6min/% τ=179min → 需169.6kWh(充27.4min)
[charge_scheduler-1] [INFO] [1785763723.354560447] [charge_scheduler]:   车#21 [重型叉车|heavy→降级] 位置(3895.4,73811.9) 容量200kWh 剩余65% | α=3→6min/% τ=240min → 需30.9kWh(充5.0min)
[charge_scheduler-1] [INFO] [1785763723.354573985] [charge_scheduler]:   车#22 [电动装载机282|light] 位置(3876.0,73830.2) 容量282kWh 剩余16% | α=6→6min/% τ=62min → 需186.1kWh(充30.1min)
[charge_scheduler-1] [INFO] [1785763723.354587009] [charge_scheduler]:   车#23 [电动装载机350|light] 位置(3765.9,73790.3) 容量350kWh 剩余42% | α=6→6min/% τ=237min → 需137.1kWh(充22.2min)
[charge_scheduler-1] [INFO] [1785763723.354599342] [charge_scheduler]:   车#24 [重型叉车|heavy→降级] 位置(3637.1,73698.1) 容量200kWh 剩余25% | α=3→6min/% τ=112min → 需113.4kWh(充18.3min)
[charge_scheduler-1] [INFO] [1785763723.354611519] [charge_scheduler]:   车#25 [电动装载机282|light] 位置(3884.5,73833.1) 容量282kWh 剩余55% | α=6→6min/% τ=280min → 需72.7kWh(充11.8min)
[charge_scheduler-1] [INFO] [1785763723.354624145] [charge_scheduler]:   车#26 [电动装载机350|light] 位置(3699.3,73765.4) 容量350kWh 剩余30% | α=6→6min/% τ=160min → 需180.4kWh(充29.2min)
[charge_scheduler-1] [INFO] [1785763723.354637235] [charge_scheduler]:   车#27 [重型叉车|heavy→降级] 位置(3800.8,73717.7) 容量200kWh 剩余68% | α=3→6min/% τ=250min → 需24.7kWh(充4.0min)
[charge_scheduler-1] [INFO] [1785763723.354648987] [charge_scheduler]:   车#28 [电动装载机282|light] 位置(3825.0,73792.7) 容量282kWh 剩余20% | α=6→6min/% τ=84min → 需174.4kWh(充28.2min)
[charge_scheduler-1] [INFO] [1785763723.354662653] [charge_scheduler]:   车#29 [电动装载机350|light] 位置(3784.3,73759.0) 容量350kWh 剩余36% | α=6→6min/% τ=198min → 需158.8kWh(充25.7min)
[charge_scheduler-1] [INFO] [1785763723.370460517] [charge_scheduler]: [Scheduler] 闭环接口: threshold=10.0min | event_sim=on | policy=all | structured_feedback=optional (/task_planner/execution_event)
[charge_scheduler-1] [INFO] [1785763723.370502183] [charge_scheduler]: [Scheduler] 已启动, 等待地图...
[charge_scheduler-1] [INFO] [1785763723.370523452] [charge_scheduler]: [Scheduler] 充电车1接口: sequence/served/arrived_target/arrived_station/return_goal/task_complete 后缀=_1
[charge_scheduler-1] [INFO] [1785763723.370535413] [charge_scheduler]: [Scheduler] 充电车2接口: sequence/served/arrived_target/arrived_station/return_goal/task_complete 后缀=_2
[charge_scheduler-1] [INFO] [1785763723.370545589] [charge_scheduler]: [Scheduler] 充电车3接口: sequence/served/arrived_target/arrived_station/return_goal/task_complete 后缀=_3
[charge_scheduler-1] [INFO] [1785763723.466429150] [charge_scheduler]: [Scheduler] RoutingGraph 就绪
[charge_scheduler-1] [INFO] [1785763723.466840982] [charge_scheduler]: [Scheduler] 提取到 0 条虚线捷径
[charge_scheduler-1] [INFO] [1785763723.494803450] [charge_scheduler]: [Scheduler] 下层兼容增强图: 190 节点, 0 条虚线掉头边
[charge_scheduler-1] [INFO] [1785763744.615899105] [charge_scheduler]: [Scheduler] 距离矩阵完成 31x31, 21121.0 ms | 模式=maneuver | 真实不可达=0 抽象不可达=0 | 缺少对向投影节点=0 | 对向识别(ID/几何/法向)=0/0/0 | 单向驿站投影=0
[charge_scheduler-1] [INFO] [1785763744.615963684] [charge_scheduler]:   ✓ 比值自检：930 个 OD 满足 机动/直线≥1 | 均值=4.11 最大=62.63 (车#0→车#15)
[charge_scheduler-1] [INFO] [1785763744.615975010] [charge_scheduler]: [Scheduler] 地图就绪, 190 条 lanelet（与下层一致）
[charge_scheduler-1] [INFO] [1785763744.616021728] [charge_scheduler]: ======== 开始VRPTW调度 30 辆车 ========
[charge_scheduler-1] [INFO] [1785763744.616026467] [charge_scheduler]:   规模30>8 → 启发式(alns)
[charge_scheduler-1] [INFO] [1785763791.109483567] [charge_scheduler]: [ALNS] objective_order=Nlate,Tover,Ctotal seed=7 iters=15000 | N_late=3(成功率90.0%) T_overtime=431.0min C_total=8176.4m | 趟数=12 makespan=405.7min
[charge_scheduler-1] [INFO] [1785763791.109538390] [charge_scheduler]:   求解耗时 46493.5 ms
[charge_scheduler-1] [INFO] [1785763791.109560255] [charge_scheduler]: ════════ 调度结果 ════════
[charge_scheduler-1] [INFO] [1785763791.109565432] [charge_scheduler]:   ★目标(字典序): objective_order=Nlate,Tover,Ctotal | N_late=3 辆 (按时成功率 27/30 = 90.0%)  T_overtime=431.0min  C_total=8176.4m
[charge_scheduler-1] [INFO] [1785763791.109607221] [charge_scheduler]:   附: 趟数=12 | makespan=405.7min | 能量可行=是
[charge_scheduler-1] [INFO] [1785763791.109622022] [charge_scheduler]:   [充电车3] 趟1: 站 → 车#3(到3.4/限32.0✓) → 车#9(到28.1/限116.0✓) → 车#28(到57.5/限84.0✓) → 站
[charge_scheduler-1] [INFO] [1785763791.109628469] [charge_scheduler]:   [充电车2] 趟2: 站 → 车#27(到1.7/限249.6✓) → 车#1(到9.6/限96.0✓) → 车#7(到33.2/限64.0✓) → 车#22(到57.4/限61.6✓) → 站
[charge_scheduler-1] [INFO] [1785763791.109634942] [charge_scheduler]:   [充电车1] 趟3: 站 → 车#12(到2.3/限230.4✓) → 车#21(到10.6/限240.0✓) → 车#15(到17.7/限44.8✓) → 车#11(到43.5/限83.2✓) → 车#18(到86.2/限102.4✓) → 站
[charge_scheduler-1] [INFO] [1785763791.109641273] [charge_scheduler]:   [充电车3] 趟4: 站 → 车#24(到106.1/限112.0✓) → 车#26(到134.8/限160.0✓) → 车#16(到180.0/限184.8✓) → 站
[charge_scheduler-1] [INFO] [1785763791.109646443] [charge_scheduler]:   [充电车2] 趟5: 站 → 车#8(到111.4/限196.0✓) → 车#4(到143.0/限212.0✓) → 车#20(到174.3/限179.2✓) → 站
[charge_scheduler-1] [INFO] [1785763791.109651218] [charge_scheduler]:   [充电车1] 趟6: 站 → 车#13(到124.1/限128.8✓) → 车#0(到160.6/限168.0✓) → 车#10(到195.7/限224.0✓) → 站
[charge_scheduler-1] [INFO] [1785763791.109655564] [charge_scheduler]:   [充电车2] 趟7: 站 → 车#19(到235.6/限240.8✓) → 车#25(到273.6/限280.0✓) → 站
[charge_scheduler-1] [INFO] [1785763791.109660158] [charge_scheduler]:   [充电车3] 趟8: 站 → 车#23(到233.6/限236.8✓) → 车#2(到277.6/限288.0✓) → 站
[charge_scheduler-1] [INFO] [1785763791.109664703] [charge_scheduler]:   [充电车1] 趟9: 站 → 车#6(到248.6/限176.0✗超时) → 车#14(到299.3/限300.8✓) → 站
[charge_scheduler-1] [INFO] [1785763791.109675538] [charge_scheduler]:   [充电车1] 趟10: 站 → 车#5(到360.4/限128.0✗超时) → 站
[charge_scheduler-1] [INFO] [1785763791.109680003] [charge_scheduler]:   [充电车2] 趟11: 站 → 车#29(到324.5/限198.4✗超时) → 站
[charge_scheduler-1] [INFO] [1785763791.109684369] [charge_scheduler]:   [充电车3] 趟12: 站 → 车#17(到334.7/限339.2✓) → 站
[charge_scheduler-1] [INFO] [1785763791.109688052] [charge_scheduler]: ════════════════════════
[charge_scheduler-1] [INFO] [1785763791.109746665] [charge_scheduler]: [扰动清单] type=station delay=15.0min targets={} station={C2-S1,C3-S1,}
[charge_scheduler-1] [INFO] [1785763791.109762457] [charge_scheduler]: [执行事件] loop=open plan_v=0 C2 type=target_service target=27 station_ord=0 planned_finish=5.89 actual_finish=5.89 dev=+0.00 injected=0.0
[charge_scheduler-1] [INFO] [1785763791.109769911] [charge_scheduler]: [执行事件] loop=open plan_v=0 C1 type=target_service target=12 station_ord=0 planned_finish=8.50 actual_finish=8.50 dev=+0.00 injected=0.0
[charge_scheduler-1] [INFO] [1785763791.109776046] [charge_scheduler]: [执行事件] loop=open plan_v=0 C1 type=target_service target=21 station_ord=0 planned_finish=16.66 actual_finish=16.66 dev=+0.00 injected=0.0
[charge_scheduler-1] [INFO] [1785763791.109782184] [charge_scheduler]: [执行事件] loop=open plan_v=0 C3 type=target_service target=3 station_ord=0 planned_finish=26.90 actual_finish=26.90 dev=+0.00 injected=0.0
[charge_scheduler-1] [INFO] [1785763791.109788143] [charge_scheduler]: [执行事件] loop=open plan_v=0 C2 type=target_service target=1 station_ord=0 planned_finish=30.09 actual_finish=30.09 dev=+0.00 injected=0.0
[charge_scheduler-1] [INFO] [1785763791.109793863] [charge_scheduler]: [执行事件] loop=open plan_v=0 C1 type=target_service target=15 station_ord=0 planned_finish=41.31 actual_finish=41.31 dev=+0.00 injected=0.0
[charge_scheduler-1] [INFO] [1785763791.109799629] [charge_scheduler]: [执行事件] loop=open plan_v=0 C3 type=target_service target=9 station_ord=0 planned_finish=55.68 actual_finish=55.68 dev=+0.00 injected=0.0
[charge_scheduler-1] [INFO] [1785763791.109805426] [charge_scheduler]: [执行事件] loop=open plan_v=0 C2 type=target_service target=7 station_ord=0 planned_finish=56.55 actual_finish=56.55 dev=+0.00 injected=0.0
[charge_scheduler-1] [INFO] [1785763791.109811586] [charge_scheduler]: [执行事件] loop=open plan_v=0 C1 type=target_service target=11 station_ord=0 planned_finish=83.60 actual_finish=83.60 dev=+0.00 injected=0.0
[charge_scheduler-1] [INFO] [1785763791.109821049] [charge_scheduler]: [执行事件] loop=open plan_v=0 C3 type=target_service target=28 station_ord=0 planned_finish=90.56 actual_finish=90.56 dev=+0.00 injected=0.0
[charge_scheduler-1] [INFO] [1785763791.109827687] [charge_scheduler]: [执行事件] loop=open plan_v=0 C2 type=target_service target=22 station_ord=0 planned_finish=92.27 actual_finish=92.27 dev=+0.00 injected=0.0
[charge_scheduler-1] [INFO] [1785763791.109833952] [charge_scheduler]: [执行事件] loop=open plan_v=0 C1 type=target_service target=18 station_ord=0 planned_finish=110.36 actual_finish=110.36 dev=+0.00 injected=0.0
[charge_scheduler-1] [INFO] [1785763791.109840254] [charge_scheduler]: [执行事件] loop=open plan_v=0 C3 type=station_turnaround target=-1 station_ord=1 planned_finish=103.07 actual_finish=118.07 dev=+15.00 injected=15.0
[charge_scheduler-1] [INFO] [1785763791.109846952] [charge_scheduler]: [执行事件] loop=open plan_v=0 C2 type=station_turnaround target=-1 station_ord=1 planned_finish=106.44 actual_finish=121.44 dev=+15.00 injected=15.0
[charge_scheduler-1] [INFO] [1785763791.109853161] [charge_scheduler]: [执行事件] loop=open plan_v=0 C1 type=station_turnaround target=-1 station_ord=1 planned_finish=122.40 actual_finish=122.40 dev=+0.00 injected=0.0
[charge_scheduler-1] [INFO] [1785763791.109861394] [charge_scheduler]: [执行事件] loop=open plan_v=0 C3 type=target_service target=24 station_ord=0 planned_finish=130.75 actual_finish=146.06 dev=+15.31 injected=0.0
[charge_scheduler-1] [INFO] [1785763791.109868751] [charge_scheduler]: [执行事件] loop=open plan_v=0 C2 type=target_service target=8 station_ord=0 planned_finish=139.52 actual_finish=155.82 dev=+16.30 injected=0.0
[charge_scheduler-1] [INFO] [1785763791.109875566] [charge_scheduler]: [执行事件] loop=open plan_v=0 C1 type=target_service target=13 station_ord=0 planned_finish=158.93 actual_finish=158.93 dev=+0.00 injected=0.0
[charge_scheduler-1] [INFO] [1785763791.109881964] [charge_scheduler]: [执行事件] loop=open plan_v=0 C2 type=target_service target=4 station_ord=0 planned_finish=172.44 actual_finish=190.10 dev=+17.66 injected=0.0
[charge_scheduler-1] [INFO] [1785763791.109888522] [charge_scheduler]: [执行事件] loop=open plan_v=0 C3 type=target_service target=26 station_ord=0 planned_finish=176.29 actual_finish=192.99 dev=+16.70 injected=0.0
[charge_scheduler-1] [INFO] [1785763791.109895109] [charge_scheduler]: [执行事件] loop=open plan_v=0 C1 type=target_service target=0 station_ord=0 planned_finish=195.20 actual_finish=195.20 dev=+0.00 injected=0.0
[charge_scheduler-1] [INFO] [1785763791.109903501] [charge_scheduler]: [执行事件] loop=open plan_v=0 C1 type=target_service target=10 station_ord=0 planned_finish=228.54 actual_finish=228.54 dev=+0.00 injected=0.0
[charge_scheduler-1] [INFO] [1785763791.109909746] [charge_scheduler]: [执行事件] loop=open plan_v=0 C3 type=target_service target=16 station_ord=0 planned_finish=214.79 actual_finish=231.90 dev=+17.11 injected=0.0
[charge_scheduler-1] [INFO] [1785763791.109916286] [charge_scheduler]: [执行事件] loop=open plan_v=0 C2 type=target_service target=20 station_ord=0 planned_finish=217.59 actual_finish=235.70 dev=+18.11 injected=0.0
[charge_scheduler-1] [INFO] [1785763791.109922633] [charge_scheduler]: [执行事件] loop=open plan_v=0 C3 type=station_turnaround target=-1 station_ord=2 planned_finish=227.12 actual_finish=244.23 dev=+17.11 injected=0.0
[charge_scheduler-1] [INFO] [1785763791.109928905] [charge_scheduler]: [执行事件] loop=open plan_v=0 C1 type=station_turnaround target=-1 station_ord=2 planned_finish=244.41 actual_finish=244.41 dev=+0.00 injected=0.0
[charge_scheduler-1] [INFO] [1785763791.109935272] [charge_scheduler]: [执行事件] loop=open plan_v=0 C2 type=station_turnaround target=-1 station_ord=2 planned_finish=230.05 actual_finish=248.16 dev=+18.11 injected=0.0
[charge_scheduler-1] [INFO] [1785763791.109941732] [charge_scheduler]: [执行事件] loop=open plan_v=0 C2 type=target_service target=19 station_ord=0 planned_finish=270.36 actual_finish=288.92 dev=+18.55 injected=0.0
[charge_scheduler-1] [INFO] [1785763791.109948022] [charge_scheduler]: [执行事件] loop=open plan_v=0 C1 type=target_service target=6 station_ord=0 planned_finish=292.30 actual_finish=292.30 dev=+0.00 injected=0.0
[charge_scheduler-1] [INFO] [1785763791.109954359] [charge_scheduler]: [执行事件] loop=open plan_v=0 C3 type=target_service target=23 station_ord=0 planned_finish=277.10 actual_finish=294.50 dev=+17.40 injected=0.0
[charge_scheduler-1] [INFO] [1785763791.109962732] [charge_scheduler]: [执行事件] loop=open plan_v=0 C2 type=target_service target=25 station_ord=0 planned_finish=308.32 actual_finish=327.41 dev=+19.09 injected=0.0
[charge_scheduler-1] [INFO] [1785763791.109969154] [charge_scheduler]: [执行事件] loop=open plan_v=0 C3 type=target_service target=2 station_ord=0 planned_finish=320.43 actual_finish=338.78 dev=+18.35 injected=0.0
[charge_scheduler-1] [INFO] [1785763791.109975424] [charge_scheduler]: [执行事件] loop=open plan_v=0 C2 type=station_turnaround target=-1 station_ord=3 planned_finish=323.26 actual_finish=342.35 dev=+19.09 injected=0.0
[charge_scheduler-1] [INFO] [1785763791.109981814] [charge_scheduler]: [执行事件] loop=open plan_v=0 C1 type=target_service target=14 station_ord=0 planned_finish=342.91 actual_finish=342.91 dev=+0.00 injected=0.0
[charge_scheduler-1] [INFO] [1785763791.109987912] [charge_scheduler]: [执行事件] loop=open plan_v=0 C3 type=station_turnaround target=-1 station_ord=3 planned_finish=333.08 actual_finish=351.43 dev=+18.35 injected=0.0
[charge_scheduler-1] [INFO] [1785763791.109994223] [charge_scheduler]: [执行事件] loop=open plan_v=0 C1 type=station_turnaround target=-1 station_ord=3 planned_finish=357.17 actual_finish=357.17 dev=+0.00 injected=0.0
[charge_scheduler-1] [INFO] [1785763791.110000451] [charge_scheduler]: [执行事件] loop=open plan_v=0 C2 type=target_service target=29 station_ord=0 planned_finish=368.23 actual_finish=387.32 dev=+19.09 injected=0.0
[charge_scheduler-1] [INFO] [1785763791.110006892] [charge_scheduler]: [执行事件] loop=open plan_v=0 C2 type=final_return target=-1 station_ord=0 planned_finish=372.43 actual_finish=391.52 dev=+19.09 injected=0.0
[charge_scheduler-1] [INFO] [1785763791.110013013] [charge_scheduler]: [执行事件] loop=open plan_v=0 C3 type=target_service target=17 station_ord=0 planned_finish=378.04 actual_finish=396.79 dev=+18.76 injected=0.0
[charge_scheduler-1] [INFO] [1785763791.110019256] [charge_scheduler]: [执行事件] loop=open plan_v=0 C3 type=final_return target=-1 station_ord=0 planned_finish=379.97 actual_finish=398.72 dev=+18.76 injected=0.0
[charge_scheduler-1] [INFO] [1785763791.110025336] [charge_scheduler]: [执行事件] loop=open plan_v=0 C1 type=target_service target=5 station_ord=0 planned_finish=404.11 actual_finish=404.11 dev=+0.00 injected=0.0
[charge_scheduler-1] [INFO] [1785763791.110031503] [charge_scheduler]: [执行事件] loop=open plan_v=0 C1 type=final_return target=-1 station_ord=0 planned_finish=405.73 actual_finish=405.73 dev=+0.00 injected=0.0
[charge_scheduler-1] [INFO] [1785763791.110048509] [charge_scheduler]: [执行事件] loop=fixed plan_v=0 C2 type=target_service target=27 station_ord=0 planned_finish=5.89 actual_finish=5.89 dev=+0.00 injected=0.0
[charge_scheduler-1] [INFO] [1785763791.110054175] [charge_scheduler]: [执行事件] loop=fixed plan_v=0 C1 type=target_service target=12 station_ord=0 planned_finish=8.50 actual_finish=8.50 dev=+0.00 injected=0.0
[charge_scheduler-1] [INFO] [1785763791.110059744] [charge_scheduler]: [执行事件] loop=fixed plan_v=0 C1 type=target_service target=21 station_ord=0 planned_finish=16.66 actual_finish=16.66 dev=+0.00 injected=0.0
[charge_scheduler-1] [INFO] [1785763791.110065507] [charge_scheduler]: [执行事件] loop=fixed plan_v=0 C3 type=target_service target=3 station_ord=0 planned_finish=26.90 actual_finish=26.90 dev=+0.00 injected=0.0
[charge_scheduler-1] [INFO] [1785763791.110072244] [charge_scheduler]: [执行事件] loop=fixed plan_v=0 C2 type=target_service target=1 station_ord=0 planned_finish=30.09 actual_finish=30.09 dev=+0.00 injected=0.0
[charge_scheduler-1] [INFO] [1785763791.110078330] [charge_scheduler]: [执行事件] loop=fixed plan_v=0 C1 type=target_service target=15 station_ord=0 planned_finish=41.31 actual_finish=41.31 dev=+0.00 injected=0.0
[charge_scheduler-1] [INFO] [1785763791.110084099] [charge_scheduler]: [执行事件] loop=fixed plan_v=0 C3 type=target_service target=9 station_ord=0 planned_finish=55.68 actual_finish=55.68 dev=+0.00 injected=0.0
[charge_scheduler-1] [INFO] [1785763791.110089740] [charge_scheduler]: [执行事件] loop=fixed plan_v=0 C2 type=target_service target=7 station_ord=0 planned_finish=56.55 actual_finish=56.55 dev=+0.00 injected=0.0
[charge_scheduler-1] [INFO] [1785763791.110095315] [charge_scheduler]: [执行事件] loop=fixed plan_v=0 C1 type=target_service target=11 station_ord=0 planned_finish=83.60 actual_finish=83.60 dev=+0.00 injected=0.0
[charge_scheduler-1] [INFO] [1785763791.110105148] [charge_scheduler]: [执行事件] loop=fixed plan_v=0 C3 type=target_service target=28 station_ord=0 planned_finish=90.56 actual_finish=90.56 dev=+0.00 injected=0.0
[charge_scheduler-1] [INFO] [1785763791.110110841] [charge_scheduler]: [执行事件] loop=fixed plan_v=0 C2 type=target_service target=22 station_ord=0 planned_finish=92.27 actual_finish=92.27 dev=+0.00 injected=0.0
[charge_scheduler-1] [INFO] [1785763791.110116378] [charge_scheduler]: [执行事件] loop=fixed plan_v=0 C1 type=target_service target=18 station_ord=0 planned_finish=110.36 actual_finish=110.36 dev=+0.00 injected=0.0
[charge_scheduler-1] [INFO] [1785763791.110121856] [charge_scheduler]: [执行事件] loop=fixed plan_v=0 C3 type=station_turnaround target=-1 station_ord=1 planned_finish=103.07 actual_finish=118.07 dev=+15.00 injected=15.0
[charge_scheduler-1] [WARN] [1785763791.512423691] [charge_scheduler]: [重调度事件] policy=fixed #1 t=118.07min trigger=C3/station_turnaround dev=+15.00 pool=18 committed=0 plan_v=1 solve_ms=402.2 changed_assign=0 changed_order=12
[charge_scheduler-1] [INFO] [1785763791.512467059] [charge_scheduler]: [执行事件] loop=fixed plan_v=0 C2 type=station_turnaround target=-1 station_ord=1 planned_finish=106.44 actual_finish=121.44 dev=+15.00 injected=15.0
[charge_scheduler-1] [WARN] [1785763791.883190112] [charge_scheduler]: [重调度事件] policy=fixed #2 t=121.44min trigger=C2/station_turnaround dev=+15.00 pool=17 committed=1 plan_v=2 solve_ms=370.7 changed_assign=0 changed_order=5
[charge_scheduler-1] [INFO] [1785763791.883722710] [charge_scheduler]: [执行事件] loop=fixed plan_v=0 C1 type=station_turnaround target=-1 station_ord=1 planned_finish=122.40 actual_finish=122.40 dev=+0.00 injected=0.0
[charge_scheduler-1] [INFO] [1785763791.883741446] [charge_scheduler]: [执行事件] loop=fixed plan_v=1 C3 type=target_service target=24 station_ord=0 planned_finish=146.06 actual_finish=146.06 dev=+0.00 injected=0.0
[charge_scheduler-1] [INFO] [1785763791.883753534] [charge_scheduler]: [执行事件] loop=fixed plan_v=2 C2 type=target_service target=4 station_ord=0 planned_finish=151.05 actual_finish=151.05 dev=+0.00 injected=0.0
[charge_scheduler-1] [INFO] [1785763791.883764584] [charge_scheduler]: [执行事件] loop=fixed plan_v=2 C1 type=target_service target=13 station_ord=0 planned_finish=158.93 actual_finish=158.93 dev=+0.00 injected=0.0
[charge_scheduler-1] [INFO] [1785763791.883774448] [charge_scheduler]: [执行事件] loop=fixed plan_v=2 C2 type=target_service target=8 station_ord=0 planned_finish=186.35 actual_finish=186.35 dev=+0.00 injected=0.0
[charge_scheduler-1] [INFO] [1785763791.883783367] [charge_scheduler]: [执行事件] loop=fixed plan_v=2 C3 type=target_service target=26 station_ord=0 planned_finish=192.99 actual_finish=192.99 dev=+0.00 injected=0.0
[charge_scheduler-1] [INFO] [1785763791.883791721] [charge_scheduler]: [执行事件] loop=fixed plan_v=2 C1 type=target_service target=0 station_ord=0 planned_finish=195.20 actual_finish=195.20 dev=+0.00 injected=0.0
[charge_scheduler-1] [INFO] [1785763791.883808536] [charge_scheduler]: [执行事件] loop=fixed plan_v=2 C1 type=target_service target=10 station_ord=0 planned_finish=228.54 actual_finish=228.54 dev=+0.00 injected=0.0
[charge_scheduler-1] [INFO] [1785763791.883820103] [charge_scheduler]: [执行事件] loop=fixed plan_v=2 C2 type=target_service target=20 station_ord=0 planned_finish=231.07 actual_finish=231.07 dev=+0.00 injected=0.0
[charge_scheduler-1] [INFO] [1785763791.883828786] [charge_scheduler]: [执行事件] loop=fixed plan_v=2 C3 type=target_service target=16 station_ord=0 planned_finish=231.90 actual_finish=231.90 dev=+0.00 injected=0.0
[charge_scheduler-1] [INFO] [1785763791.883836972] [charge_scheduler]: [执行事件] loop=fixed plan_v=2 C2 type=station_turnaround target=-1 station_ord=2 planned_finish=243.53 actual_finish=243.53 dev=+0.00 injected=0.0
[charge_scheduler-1] [INFO] [1785763791.883846786] [charge_scheduler]: [执行事件] loop=fixed plan_v=2 C3 type=station_turnaround target=-1 station_ord=2 planned_finish=244.23 actual_finish=244.23 dev=+0.00 injected=0.0
[charge_scheduler-1] [INFO] [1785763791.883860590] [charge_scheduler]: [执行事件] loop=fixed plan_v=2 C1 type=station_turnaround target=-1 station_ord=2 planned_finish=244.41 actual_finish=244.41 dev=+0.00 injected=0.0
[charge_scheduler-1] [INFO] [1785763791.883892301] [charge_scheduler]: [执行事件] loop=fixed plan_v=2 C2 type=target_service target=25 station_ord=0 planned_finish=279.93 actual_finish=279.93 dev=+0.00 injected=0.0
[charge_scheduler-1] [INFO] [1785763791.883902249] [charge_scheduler]: [执行事件] loop=fixed plan_v=2 C1 type=target_service target=5 station_ord=0 planned_finish=291.35 actual_finish=291.35 dev=+0.00 injected=0.0
[charge_scheduler-1] [INFO] [1785763791.883912266] [charge_scheduler]: [执行事件] loop=fixed plan_v=2 C3 type=target_service target=23 station_ord=0 planned_finish=294.50 actual_finish=294.50 dev=+0.00 injected=0.0
[charge_scheduler-1] [INFO] [1785763791.883922275] [charge_scheduler]: [执行事件] loop=fixed plan_v=2 C2 type=target_service target=19 station_ord=0 planned_finish=316.89 actual_finish=316.89 dev=+0.00 injected=0.0
[charge_scheduler-1] [INFO] [1785763791.883930601] [charge_scheduler]: [执行事件] loop=fixed plan_v=2 C2 type=station_turnaround target=-1 station_ord=3 planned_finish=330.22 actual_finish=330.22 dev=+0.00 injected=0.0
[charge_scheduler-1] [INFO] [1785763791.883938666] [charge_scheduler]: [执行事件] loop=fixed plan_v=2 C1 type=target_service target=14 station_ord=0 planned_finish=338.71 actual_finish=338.71 dev=+0.00 injected=0.0
[charge_scheduler-1] [INFO] [1785763791.883947221] [charge_scheduler]: [执行事件] loop=fixed plan_v=2 C3 type=target_service target=2 station_ord=0 planned_finish=338.78 actual_finish=338.78 dev=+0.00 injected=0.0
[charge_scheduler-1] [INFO] [1785763791.883955347] [charge_scheduler]: [执行事件] loop=fixed plan_v=2 C3 type=station_turnaround target=-1 station_ord=3 planned_finish=351.43 actual_finish=351.43 dev=+0.00 injected=0.0
[charge_scheduler-1] [INFO] [1785763791.883964897] [charge_scheduler]: [执行事件] loop=fixed plan_v=2 C1 type=station_turnaround target=-1 station_ord=3 planned_finish=352.97 actual_finish=352.97 dev=+0.00 injected=0.0
[charge_scheduler-1] [INFO] [1785763791.883975418] [charge_scheduler]: [执行事件] loop=fixed plan_v=2 C2 type=target_service target=29 station_ord=0 planned_finish=375.19 actual_finish=375.19 dev=+0.00 injected=0.0
[charge_scheduler-1] [INFO] [1785763791.883985506] [charge_scheduler]: [执行事件] loop=fixed plan_v=2 C2 type=final_return target=-1 station_ord=0 planned_finish=379.39 actual_finish=379.39 dev=+0.00 injected=0.0
[charge_scheduler-1] [INFO] [1785763791.883995053] [charge_scheduler]: [执行事件] loop=fixed plan_v=2 C3 type=target_service target=17 station_ord=0 planned_finish=396.79 actual_finish=396.79 dev=+0.00 injected=0.0
[charge_scheduler-1] [INFO] [1785763791.884004941] [charge_scheduler]: [执行事件] loop=fixed plan_v=2 C3 type=final_return target=-1 station_ord=0 planned_finish=398.72 actual_finish=398.72 dev=+0.00 injected=0.0
[charge_scheduler-1] [INFO] [1785763791.884012064] [charge_scheduler]: [执行事件] loop=fixed plan_v=2 C1 type=target_service target=6 station_ord=0 planned_finish=400.86 actual_finish=400.86 dev=+0.00 injected=0.0
[charge_scheduler-1] [INFO] [1785763791.884017777] [charge_scheduler]: [执行事件] loop=fixed plan_v=2 C1 type=final_return target=-1 station_ord=0 planned_finish=405.38 actual_finish=405.38 dev=+0.00 injected=0.0
[charge_scheduler-1] [INFO] [1785763791.884048241] [charge_scheduler]: [执行事件] loop=global plan_v=0 C2 type=target_service target=27 station_ord=0 planned_finish=5.89 actual_finish=5.89 dev=+0.00 injected=0.0
[charge_scheduler-1] [INFO] [1785763791.884054488] [charge_scheduler]: [执行事件] loop=global plan_v=0 C1 type=target_service target=12 station_ord=0 planned_finish=8.50 actual_finish=8.50 dev=+0.00 injected=0.0
[charge_scheduler-1] [INFO] [1785763791.884060591] [charge_scheduler]: [执行事件] loop=global plan_v=0 C1 type=target_service target=21 station_ord=0 planned_finish=16.66 actual_finish=16.66 dev=+0.00 injected=0.0
[charge_scheduler-1] [INFO] [1785763791.884066600] [charge_scheduler]: [执行事件] loop=global plan_v=0 C3 type=target_service target=3 station_ord=0 planned_finish=26.90 actual_finish=26.90 dev=+0.00 injected=0.0
[charge_scheduler-1] [INFO] [1785763791.884072701] [charge_scheduler]: [执行事件] loop=global plan_v=0 C2 type=target_service target=1 station_ord=0 planned_finish=30.09 actual_finish=30.09 dev=+0.00 injected=0.0
[charge_scheduler-1] [INFO] [1785763791.884078748] [charge_scheduler]: [执行事件] loop=global plan_v=0 C1 type=target_service target=15 station_ord=0 planned_finish=41.31 actual_finish=41.31 dev=+0.00 injected=0.0
[charge_scheduler-1] [INFO] [1785763791.884094015] [charge_scheduler]: [执行事件] loop=global plan_v=0 C3 type=target_service target=9 station_ord=0 planned_finish=55.68 actual_finish=55.68 dev=+0.00 injected=0.0
[charge_scheduler-1] [INFO] [1785763791.884100034] [charge_scheduler]: [执行事件] loop=global plan_v=0 C2 type=target_service target=7 station_ord=0 planned_finish=56.55 actual_finish=56.55 dev=+0.00 injected=0.0
[charge_scheduler-1] [INFO] [1785763791.884105648] [charge_scheduler]: [执行事件] loop=global plan_v=0 C1 type=target_service target=11 station_ord=0 planned_finish=83.60 actual_finish=83.60 dev=+0.00 injected=0.0
[charge_scheduler-1] [INFO] [1785763791.884111216] [charge_scheduler]: [执行事件] loop=global plan_v=0 C3 type=target_service target=28 station_ord=0 planned_finish=90.56 actual_finish=90.56 dev=+0.00 injected=0.0
[charge_scheduler-1] [INFO] [1785763791.884117871] [charge_scheduler]: [执行事件] loop=global plan_v=0 C2 type=target_service target=22 station_ord=0 planned_finish=92.27 actual_finish=92.27 dev=+0.00 injected=0.0
[charge_scheduler-1] [INFO] [1785763791.884123893] [charge_scheduler]: [执行事件] loop=global plan_v=0 C1 type=target_service target=18 station_ord=0 planned_finish=110.36 actual_finish=110.36 dev=+0.00 injected=0.0
[charge_scheduler-1] [INFO] [1785763791.884129693] [charge_scheduler]: [执行事件] loop=global plan_v=0 C3 type=station_turnaround target=-1 station_ord=1 planned_finish=103.07 actual_finish=118.07 dev=+15.00 injected=15.0
[charge_scheduler-1] [WARN] [1785763794.658638909] [charge_scheduler]: [重调度事件] policy=global #1 t=118.07min trigger=C3/station_turnaround dev=+15.00 pool=18 committed=0 plan_v=1 solve_ms=2774.5 changed_assign=12 changed_order=15
[charge_scheduler-1] [INFO] [1785763794.658697918] [charge_scheduler]: [执行事件] loop=global plan_v=0 C2 type=station_turnaround target=-1 station_ord=1 planned_finish=106.44 actual_finish=121.44 dev=+15.00 injected=15.0
[charge_scheduler-1] [WARN] [1785763797.148159493] [charge_scheduler]: [重调度事件] policy=global #2 t=121.44min trigger=C2/station_turnaround dev=+15.00 pool=17 committed=1 plan_v=2 solve_ms=2489.4 changed_assign=3 changed_order=4
[charge_scheduler-1] [INFO] [1785763797.148202541] [charge_scheduler]: [执行事件] loop=global plan_v=0 C1 type=station_turnaround target=-1 station_ord=1 planned_finish=122.40 actual_finish=122.40 dev=+0.00 injected=0.0
[charge_scheduler-1] [INFO] [1785763797.148211972] [charge_scheduler]: [执行事件] loop=global plan_v=2 C2 type=target_service target=24 station_ord=0 planned_finish=149.43 actual_finish=149.43 dev=+0.00 injected=0.0
[charge_scheduler-1] [INFO] [1785763797.148218646] [charge_scheduler]: [执行事件] loop=global plan_v=1 C3 type=target_service target=13 station_ord=0 planned_finish=154.24 actual_finish=154.24 dev=+0.00 injected=0.0
[charge_scheduler-1] [INFO] [1785763797.148224785] [charge_scheduler]: [执行事件] loop=global plan_v=2 C1 type=target_service target=5 station_ord=0 planned_finish=169.12 actual_finish=169.12 dev=+0.00 injected=0.0
[charge_scheduler-1] [INFO] [1785763797.148230735] [charge_scheduler]: [执行事件] loop=global plan_v=2 C2 type=target_service target=8 station_ord=0 planned_finish=183.00 actual_finish=183.00 dev=+0.00 injected=0.0
[charge_scheduler-1] [INFO] [1785763797.148236434] [charge_scheduler]: [执行事件] loop=global plan_v=2 C3 type=target_service target=0 station_ord=0 planned_finish=190.11 actual_finish=190.11 dev=+0.00 injected=0.0
[charge_scheduler-1] [INFO] [1785763797.148242224] [charge_scheduler]: [执行事件] loop=global plan_v=2 C1 type=target_service target=20 station_ord=0 planned_finish=214.43 actual_finish=214.43 dev=+0.00 injected=0.0
[charge_scheduler-1] [INFO] [1785763797.148260687] [charge_scheduler]: [执行事件] loop=global plan_v=2 C2 type=target_service target=16 station_ord=0 planned_finish=222.76 actual_finish=222.76 dev=+0.00 injected=0.0
[charge_scheduler-1] [INFO] [1785763797.148270167] [charge_scheduler]: [执行事件] loop=global plan_v=2 C1 type=station_turnaround target=-1 station_ord=2 planned_finish=226.89 actual_finish=226.89 dev=+0.00 injected=0.0
[charge_scheduler-1] [INFO] [1785763797.148276126] [charge_scheduler]: [执行事件] loop=global plan_v=2 C3 type=target_service target=4 station_ord=0 planned_finish=228.33 actual_finish=228.33 dev=+0.00 injected=0.0
[charge_scheduler-1] [INFO] [1785763797.148298268] [charge_scheduler]: [执行事件] loop=global plan_v=2 C2 type=station_turnaround target=-1 station_ord=2 planned_finish=235.09 actual_finish=235.09 dev=+0.00 injected=0.0
[charge_scheduler-1] [INFO] [1785763797.148303941] [charge_scheduler]: [执行事件] loop=global plan_v=2 C3 type=station_turnaround target=-1 station_ord=2 planned_finish=239.79 actual_finish=239.79 dev=+0.00 injected=0.0
[charge_scheduler-1] [INFO] [1785763797.148309554] [charge_scheduler]: [执行事件] loop=global plan_v=2 C2 type=target_service target=19 station_ord=0 planned_finish=275.82 actual_finish=275.82 dev=+0.00 injected=0.0
[charge_scheduler-1] [INFO] [1785763797.148315451] [charge_scheduler]: [执行事件] loop=global plan_v=2 C1 type=target_service target=23 station_ord=0 planned_finish=276.85 actual_finish=276.85 dev=+0.00 injected=0.0
[charge_scheduler-1] [INFO] [1785763797.148321263] [charge_scheduler]: [执行事件] loop=global plan_v=2 C3 type=target_service target=10 station_ord=0 planned_finish=277.83 actual_finish=277.83 dev=+0.00 injected=0.0
[charge_scheduler-1] [INFO] [1785763797.148326938] [charge_scheduler]: [执行事件] loop=global plan_v=2 C2 type=target_service target=25 station_ord=0 planned_finish=314.24 actual_finish=314.24 dev=+0.00 injected=0.0
[charge_scheduler-1] [INFO] [1785763797.148332641] [charge_scheduler]: [执行事件] loop=global plan_v=2 C1 type=target_service target=2 station_ord=0 planned_finish=320.16 actual_finish=320.16 dev=+0.00 injected=0.0
[charge_scheduler-1] [INFO] [1785763797.148338298] [charge_scheduler]: [执行事件] loop=global plan_v=2 C3 type=target_service target=6 station_ord=0 planned_finish=323.01 actual_finish=323.01 dev=+0.00 injected=0.0
[charge_scheduler-1] [INFO] [1785763797.148343772] [charge_scheduler]: [执行事件] loop=global plan_v=2 C2 type=station_turnaround target=-1 station_ord=3 planned_finish=329.18 actual_finish=329.18 dev=+0.00 injected=0.0
[charge_scheduler-1] [INFO] [1785763797.148349246] [charge_scheduler]: [执行事件] loop=global plan_v=2 C1 type=station_turnaround target=-1 station_ord=3 planned_finish=332.81 actual_finish=332.81 dev=+0.00 injected=0.0
[charge_scheduler-1] [INFO] [1785763797.148354884] [charge_scheduler]: [执行事件] loop=global plan_v=2 C3 type=station_turnaround target=-1 station_ord=3 planned_finish=337.53 actual_finish=337.53 dev=+0.00 injected=0.0
[charge_scheduler-1] [INFO] [1785763797.148360768] [charge_scheduler]: [执行事件] loop=global plan_v=2 C2 type=target_service target=29 station_ord=0 planned_finish=374.15 actual_finish=374.15 dev=+0.00 injected=0.0
[charge_scheduler-1] [INFO] [1785763797.148366335] [charge_scheduler]: [执行事件] loop=global plan_v=2 C1 type=target_service target=26 station_ord=0 planned_finish=378.76 actual_finish=378.76 dev=+0.00 injected=0.0
[charge_scheduler-1] [INFO] [1785763797.148371920] [charge_scheduler]: [执行事件] loop=global plan_v=2 C1 type=final_return target=-1 station_ord=0 planned_finish=381.38 actual_finish=381.38 dev=+0.00 injected=0.0
[charge_scheduler-1] [INFO] [1785763797.148377534] [charge_scheduler]: [执行事件] loop=global plan_v=2 C3 type=target_service target=17 station_ord=0 planned_finish=382.89 actual_finish=382.89 dev=+0.00 injected=0.0
[charge_scheduler-1] [INFO] [1785763797.148382938] [charge_scheduler]: [执行事件] loop=global plan_v=2 C3 type=final_return target=-1 station_ord=0 planned_finish=384.82 actual_finish=384.82 dev=+0.00 injected=0.0
[charge_scheduler-1] [INFO] [1785763797.148388240] [charge_scheduler]: [执行事件] loop=global plan_v=2 C2 type=target_service target=14 station_ord=0 planned_finish=421.31 actual_finish=421.31 dev=+0.00 injected=0.0
[charge_scheduler-1] [INFO] [1785763797.148393470] [charge_scheduler]: [执行事件] loop=global plan_v=2 C2 type=final_return target=-1 station_ord=0 planned_finish=425.58 actual_finish=425.58 dev=+0.00 injected=0.0
[charge_scheduler-1] [INFO] [1785763797.148406129] [charge_scheduler]: ★闭环实验结果 mode=open M=30 K=3 disturbance=station delay=15.0 seed=7 N_late=11 T_overtime=543.600 C_total=8176.436 makespan=405.733 served=30 energy_viol=2 reschedules=0 reschedule_ms=0.000 changed_assign=0 changed_order=0 applied_target=0 applied_station=2 initial_solve_ms=46493.511 objective_order=Nlate,Tover,Ctotal
[charge_scheduler-1] [INFO] [1785763797.148416648] [charge_scheduler]: ★闭环实验结果 mode=fixed M=30 K=3 disturbance=station delay=15.0 seed=7 N_late=10 T_overtime=538.445 C_total=7611.116 makespan=405.383 served=30 energy_viol=0 reschedules=2 reschedule_ms=772.902 changed_assign=0 changed_order=17 applied_target=0 applied_station=2 initial_solve_ms=46493.511 objective_order=Nlate,Tover,Ctotal
[charge_scheduler-1] [INFO] [1785763797.148427072] [charge_scheduler]: ★闭环实验收益 policy=fixed M=30 K=3 disturbance=station delay=15.0 seed=7 recovered_late=1 overtime_reduction=5.155 distance_delta=-565.320 makespan_reduction=0.351
[charge_scheduler-1] [INFO] [1785763797.148433400] [charge_scheduler]: ★闭环实验结果 mode=closed M=30 K=3 disturbance=station delay=15.0 seed=7 N_late=7 T_overtime=520.756 C_total=7535.399 makespan=425.579 served=30 energy_viol=0 reschedules=2 reschedule_ms=5263.892 changed_assign=15 changed_order=19 applied_target=0 applied_station=2 initial_solve_ms=46493.511 objective_order=Nlate,Tover,Ctotal
[charge_scheduler-1] [INFO] [1785763797.148441930] [charge_scheduler]: ★闭环实验收益 policy=closed M=30 K=3 disturbance=station delay=15.0 seed=7 recovered_late=4 overtime_reduction=22.844 distance_delta=-641.036 makespan_reduction=-19.846
