[INFO] [launch]: All log files can be found below /root/.ros/log/2026-08-03-12-51-11-204156-YYYY-37023
[INFO] [launch]: Default logging verbosity is set to INFO
[INFO] [charge_scheduler-1]: process started with pid [37027]
[charge_scheduler-1] [INFO] [1785761471.330243034] [charge_scheduler]: [目标顺序] objective_order=Nlate,Tover,Ctotal
[charge_scheduler-1] [INFO] [1785761471.330871483] [charge_scheduler]: [Scheduler] 30辆车 | 电池800.0kWh(20%=160.0 80%=640.0) | 充电360kW效率97% | 行驶0.6kWh/km | 桩350kW
[charge_scheduler-1] [INFO] [1785761471.330906801] [charge_scheduler]: [Scheduler] 站端周转: 换电 10 min(换后满电) | 单趟可用 640 kWh
[charge_scheduler-1] [INFO] [1785761471.330917532] [charge_scheduler]:   车#0 [电动装载机282|light] 位置(3889.6,73764.7) 容量282kWh 剩余35% | α=6→6min/% τ=168min → 需130.8kWh(充21.2min)
[charge_scheduler-1] [INFO] [1785761471.330935687] [charge_scheduler]:   车#1 [重型叉车|light] 位置(3778.9,73807.0) 容量200kWh 剩余20% | α=6→6min/% τ=96min → 需123.7kWh(充20.0min)
[charge_scheduler-1] [INFO] [1785761471.330950480] [charge_scheduler]:   车#2 [电动装载机350|light] 位置(3794.9,73804.6) 容量350kWh 剩余50% | α=6→6min/% τ=288min → 需108.2kWh(充17.5min)
[charge_scheduler-1] [INFO] [1785761471.330964837] [charge_scheduler]:   车#3 [重型叉车|light] 位置(3806.9,73760.3) 容量200kWh 剩余10% | α=6→6min/% τ=32min → 需144.3kWh(充23.3min)
[charge_scheduler-1] [INFO] [1785761471.330979197] [charge_scheduler]:   车#4 [电动装载机282|heavy→降级] 位置(3705.1,73758.2) 容量282kWh 剩余60% | α=3→6min/% τ=212min → 需58.1kWh(充9.4min)
[charge_scheduler-1] [INFO] [1785761471.330993922] [charge_scheduler]:   车#5 [电动装载机350|light] 位置(3756.5,73770.2) 容量350kWh 剩余25% | α=6→6min/% τ=128min → 需198.5kWh(充32.1min)
[charge_scheduler-1] [INFO] [1785761471.331008769] [charge_scheduler]:   车#6 [电动装载机350|heavy→降级] 位置(3887.4,73809.4) 容量350kWh 剩余40% | α=4→6min/% τ=176min → 需144.3kWh(充23.3min)
[charge_scheduler-1] [INFO] [1785761471.331023060] [charge_scheduler]:   车#7 [重型叉车|light] 位置(3899.0,73786.6) 容量200kWh 剩余15% | α=6→6min/% τ=64min → 需134.0kWh(充21.7min)
[charge_scheduler-1] [INFO] [1785761471.331037889] [charge_scheduler]:   车#8 [电动装载机282|heavy→降级] 位置(3689.7,73663.1) 容量282kWh 剩余55% | α=3→6min/% τ=196min → 需72.7kWh(充11.8min)
[charge_scheduler-1] [INFO] [1785761471.331052472] [charge_scheduler]:   车#9 [电动装载机282|heavy→降级] 位置(3748.4,73767.2) 容量282kWh 剩余30% | α=3→6min/% τ=116min → 需145.4kWh(充23.5min)
[charge_scheduler-1] [INFO] [1785761471.331066176] [charge_scheduler]:   车#10 [电动装载机282|light] 位置(3865.2,73751.0) 容量282kWh 剩余45% | α=6→6min/% τ=224min → 需101.8kWh(充16.4min)
[charge_scheduler-1] [INFO] [1785761471.331080979] [charge_scheduler]:   车#11 [电动装载机350|light] 位置(3785.0,73749.2) 容量350kWh 剩余18% | α=6→6min/% τ=83min → 需223.7kWh(充36.2min)
[charge_scheduler-1] [INFO] [1785761471.331095447] [charge_scheduler]:   车#12 [重型叉车|heavy→降级] 位置(3811.5,73799.9) 容量200kWh 剩余62% | α=3→6min/% τ=230min → 需37.1kWh(充6.0min)
[charge_scheduler-1] [INFO] [1785761471.331110159] [charge_scheduler]:   车#13 [电动装载机282|light] 位置(3810.8,73773.1) 容量282kWh 剩余28% | α=6→6min/% τ=129min → 需151.2kWh(充24.4min)
[charge_scheduler-1] [INFO] [1785761471.331128114] [charge_scheduler]:   车#14 [电动装载机350|light] 位置(3905.0,73793.5) 容量350kWh 剩余52% | α=6→6min/% τ=301min → 需101.0kWh(充16.3min)
[charge_scheduler-1] [INFO] [1785761471.331143545] [charge_scheduler]:   车#15 [重型叉车|light] 位置(3894.3,73756.9) 容量200kWh 剩余12% | α=6→6min/% τ=45min → 需140.2kWh(充22.7min)
[charge_scheduler-1] [INFO] [1785761471.331157818] [charge_scheduler]:   车#16 [电动装载机282|light] 位置(3818.5,73716.2) 容量282kWh 剩余38% | α=6→6min/% τ=185min → 需122.1kWh(充19.7min)
[charge_scheduler-1] [INFO] [1785761471.331173249] [charge_scheduler]:   车#17 [电动装载机350|light] 位置(3733.2,73772.4) 容量350kWh 剩余58% | α=6→6min/% τ=339min → 需79.4kWh(充12.8min)
[charge_scheduler-1] [INFO] [1785761471.331184974] [charge_scheduler]:   车#18 [重型叉车|heavy→降级] 位置(3764.7,73699.0) 容量200kWh 剩余22% | α=3→6min/% τ=102min → 需119.6kWh(充19.3min)
[charge_scheduler-1] [INFO] [1785761471.331196821] [charge_scheduler]:   车#19 [电动装载机282|light] 位置(3878.4,73747.9) 容量282kWh 剩余48% | α=6→6min/% τ=241min → 需93.0kWh(充15.0min)
[charge_scheduler-1] [INFO] [1785761471.331235161] [charge_scheduler]:   车#20 [电动装载机350|light] 位置(3740.3,73686.9) 容量350kWh 剩余33% | α=6→6min/% τ=179min → 需169.6kWh(充27.4min)
[charge_scheduler-1] [INFO] [1785761471.331254228] [charge_scheduler]:   车#21 [重型叉车|heavy→降级] 位置(3895.4,73811.9) 容量200kWh 剩余65% | α=3→6min/% τ=240min → 需30.9kWh(充5.0min)
[charge_scheduler-1] [INFO] [1785761471.331267159] [charge_scheduler]:   车#22 [电动装载机282|light] 位置(3876.0,73830.2) 容量282kWh 剩余16% | α=6→6min/% τ=62min → 需186.1kWh(充30.1min)
[charge_scheduler-1] [INFO] [1785761471.331279783] [charge_scheduler]:   车#23 [电动装载机350|light] 位置(3765.9,73790.3) 容量350kWh 剩余42% | α=6→6min/% τ=237min → 需137.1kWh(充22.2min)
[charge_scheduler-1] [INFO] [1785761471.331291618] [charge_scheduler]:   车#24 [重型叉车|heavy→降级] 位置(3637.1,73698.1) 容量200kWh 剩余25% | α=3→6min/% τ=112min → 需113.4kWh(充18.3min)
[charge_scheduler-1] [INFO] [1785761471.331304234] [charge_scheduler]:   车#25 [电动装载机282|light] 位置(3884.5,73833.1) 容量282kWh 剩余55% | α=6→6min/% τ=280min → 需72.7kWh(充11.8min)
[charge_scheduler-1] [INFO] [1785761471.331316137] [charge_scheduler]:   车#26 [电动装载机350|light] 位置(3699.3,73765.4) 容量350kWh 剩余30% | α=6→6min/% τ=160min → 需180.4kWh(充29.2min)
[charge_scheduler-1] [INFO] [1785761471.331328883] [charge_scheduler]:   车#27 [重型叉车|heavy→降级] 位置(3800.8,73717.7) 容量200kWh 剩余68% | α=3→6min/% τ=250min → 需24.7kWh(充4.0min)
[charge_scheduler-1] [INFO] [1785761471.331343384] [charge_scheduler]:   车#28 [电动装载机282|light] 位置(3825.0,73792.7) 容量282kWh 剩余20% | α=6→6min/% τ=84min → 需174.4kWh(充28.2min)
[charge_scheduler-1] [INFO] [1785761471.331356737] [charge_scheduler]:   车#29 [电动装载机350|light] 位置(3784.3,73759.0) 容量350kWh 剩余36% | α=6→6min/% τ=198min → 需158.8kWh(充25.7min)
[charge_scheduler-1] [INFO] [1785761471.346517757] [charge_scheduler]: [Scheduler] 闭环接口: threshold=10.0min | event_sim=on | policy=all | structured_feedback=optional (/task_planner/execution_event)
[charge_scheduler-1] [INFO] [1785761471.346569188] [charge_scheduler]: [Scheduler] 已启动, 等待地图...
[charge_scheduler-1] [INFO] [1785761471.346579272] [charge_scheduler]: [Scheduler] 充电车1接口: sequence/served/arrived_target/arrived_station/return_goal/task_complete 后缀=_1
[charge_scheduler-1] [INFO] [1785761471.346589091] [charge_scheduler]: [Scheduler] 充电车2接口: sequence/served/arrived_target/arrived_station/return_goal/task_complete 后缀=_2
[charge_scheduler-1] [INFO] [1785761471.346601564] [charge_scheduler]: [Scheduler] 充电车3接口: sequence/served/arrived_target/arrived_station/return_goal/task_complete 后缀=_3
[charge_scheduler-1] [INFO] [1785761471.433492660] [charge_scheduler]: [Scheduler] RoutingGraph 就绪
[charge_scheduler-1] [INFO] [1785761471.434223249] [charge_scheduler]: [Scheduler] 提取到 0 条虚线捷径
[charge_scheduler-1] [INFO] [1785761471.467125497] [charge_scheduler]: [Scheduler] 下层兼容增强图: 190 节点, 0 条虚线掉头边
[charge_scheduler-1] [INFO] [1785761492.318303481] [charge_scheduler]: [Scheduler] 距离矩阵完成 31x31, 20851.1 ms | 模式=maneuver | 真实不可达=0 抽象不可达=0 | 缺少对向投影节点=0 | 对向识别(ID/几何/法向)=0/0/0 | 单向驿站投影=0
[charge_scheduler-1] [INFO] [1785761492.318372112] [charge_scheduler]:   ✓ 比值自检：930 个 OD 满足 机动/直线≥1 | 均值=4.11 最大=62.63 (车#0→车#15)
[charge_scheduler-1] [INFO] [1785761492.318383007] [charge_scheduler]: [Scheduler] 地图就绪, 190 条 lanelet（与下层一致）
[charge_scheduler-1] [INFO] [1785761492.318433287] [charge_scheduler]: ======== 开始VRPTW调度 30 辆车 ========
[charge_scheduler-1] [INFO] [1785761492.318438324] [charge_scheduler]:   规模30>8 → 启发式(alns)
[charge_scheduler-1] [INFO] [1785761538.532646974] [charge_scheduler]: [ALNS] objective_order=Nlate,Tover,Ctotal seed=6 iters=15000 | N_late=3(成功率90.0%) T_overtime=395.6min C_total=7800.7m | 趟数=11 makespan=381.3min
[charge_scheduler-1] [INFO] [1785761538.532697886] [charge_scheduler]:   求解耗时 46214.3 ms
[charge_scheduler-1] [INFO] [1785761538.532707024] [charge_scheduler]: ════════ 调度结果 ════════
[charge_scheduler-1] [INFO] [1785761538.532712472] [charge_scheduler]:   ★目标(字典序): objective_order=Nlate,Tover,Ctotal | N_late=3 辆 (按时成功率 27/30 = 90.0%)  T_overtime=395.6min  C_total=7800.7m
[charge_scheduler-1] [INFO] [1785761538.532748601] [charge_scheduler]:   附: 趟数=11 | makespan=381.3min | 能量可行=是
[charge_scheduler-1] [INFO] [1785761538.532758556] [charge_scheduler]:   [充电车3] 趟1: 站 → 车#12(到2.3/限230.4✓) → 车#21(到10.6/限240.0✓) → 车#25(到17.1/限280.0✓) → 车#15(到31.7/限44.8✓) → 车#26(到60.4/限160.0✓) → 站
[charge_scheduler-1] [INFO] [1785761538.532765623] [charge_scheduler]:   [充电车1] 趟2: 站 → 车#27(到1.7/限249.6✓) → 车#3(到7.7/限32.0✓) → 车#18(到34.4/限102.4✓) → 车#1(到58.1/限96.0✓) → 车#24(到86.1/限112.0✓) → 站
[charge_scheduler-1] [INFO] [1785761538.532771046] [charge_scheduler]:   [充电车2] 趟3: 站 → 车#4(到2.1/限212.0✓) → 车#22(到17.3/限61.6✓) → 车#7(到49.6/限64.0✓) → 车#28(到76.4/限84.0✓) → 站
[charge_scheduler-1] [INFO] [1785761538.532776323] [charge_scheduler]:   [充电车1] 趟4: 站 → 车#5(到126.7/限128.0✓) → 车#20(到172.6/限179.2✓) → 站
[charge_scheduler-1] [INFO] [1785761538.532782578] [charge_scheduler]:   [充电车3] 趟5: 站 → 车#9(到108.8/限116.0✓) → 车#8(到147.9/限196.0✓) → 车#16(到183.6/限184.8✓) → 站
[charge_scheduler-1] [INFO] [1785761538.532787887] [charge_scheduler]:   [充电车2] 趟6: 站 → 车#13(到125.2/限128.8✓) → 车#0(到161.7/限168.0✓) → 车#10(到196.9/限224.0✓) → 站
[charge_scheduler-1] [INFO] [1785761538.532792456] [charge_scheduler]:   [充电车3] 趟7: 站 → 车#19(到236.6/限240.8✓) → 车#11(到273.4/限83.2✗超时) → 站
[charge_scheduler-1] [INFO] [1785761538.532797237] [charge_scheduler]:   [充电车1] 趟8: 站 → 车#23(到234.7/限236.8✓) → 车#2(到278.8/限288.0✓) → 站
[charge_scheduler-1] [INFO] [1785761538.532803453] [charge_scheduler]:   [充电车1] 趟9: 站 → 车#17(到335.9/限339.2✓) → 站
[charge_scheduler-1] [INFO] [1785761538.532808644] [charge_scheduler]:   [充电车2] 趟10: 站 → 车#6(到249.9/限176.0✗超时) → 车#14(到300.7/限300.8✓) → 站
[charge_scheduler-1] [INFO] [1785761538.532812975] [charge_scheduler]:   [充电车3] 趟11: 站 → 车#29(到329.9/限198.4✗超时) → 站
[charge_scheduler-1] [INFO] [1785761538.532816595] [charge_scheduler]: ════════════════════════
[charge_scheduler-1] [INFO] [1785761538.532876741] [charge_scheduler]: [扰动清单] type=target delay=15.0min targets={13,18,} station={}
[charge_scheduler-1] [INFO] [1785761538.532893154] [charge_scheduler]: [执行事件] loop=open plan_v=0 C1 type=target_service target=27 station_ord=0 planned_finish=5.89 actual_finish=5.89 dev=+0.00 injected=0.0
[charge_scheduler-1] [INFO] [1785761538.532900809] [charge_scheduler]: [执行事件] loop=open plan_v=0 C3 type=target_service target=12 station_ord=0 planned_finish=8.50 actual_finish=8.50 dev=+0.00 injected=0.0
[charge_scheduler-1] [INFO] [1785761538.532907067] [charge_scheduler]: [执行事件] loop=open plan_v=0 C2 type=target_service target=4 station_ord=0 planned_finish=11.77 actual_finish=11.77 dev=+0.00 injected=0.0
[charge_scheduler-1] [INFO] [1785761538.532913904] [charge_scheduler]: [执行事件] loop=open plan_v=0 C3 type=target_service target=21 station_ord=0 planned_finish=16.66 actual_finish=16.66 dev=+0.00 injected=0.0
[charge_scheduler-1] [INFO] [1785761538.532920330] [charge_scheduler]: [执行事件] loop=open plan_v=0 C3 type=target_service target=25 station_ord=0 planned_finish=30.24 actual_finish=30.24 dev=+0.00 injected=0.0
[charge_scheduler-1] [INFO] [1785761538.532926710] [charge_scheduler]: [执行事件] loop=open plan_v=0 C1 type=target_service target=3 station_ord=0 planned_finish=31.39 actual_finish=31.39 dev=+0.00 injected=0.0
[charge_scheduler-1] [INFO] [1785761538.532933390] [charge_scheduler]: [执行事件] loop=open plan_v=0 C2 type=target_service target=22 station_ord=0 planned_finish=48.85 actual_finish=48.85 dev=+0.00 injected=0.0
[charge_scheduler-1] [INFO] [1785761538.532939802] [charge_scheduler]: [执行事件] loop=open plan_v=0 C3 type=target_service target=15 station_ord=0 planned_finish=55.97 actual_finish=55.97 dev=+0.00 injected=0.0
[charge_scheduler-1] [INFO] [1785761538.532946611] [charge_scheduler]: [执行事件] loop=open plan_v=0 C1 type=target_service target=18 station_ord=0 planned_finish=55.81 actual_finish=70.81 dev=+15.00 injected=15.0
[charge_scheduler-1] [INFO] [1785761538.532953513] [charge_scheduler]: [执行事件] loop=open plan_v=0 C2 type=target_service target=7 station_ord=0 planned_finish=73.88 actual_finish=73.88 dev=+0.00 injected=0.0
[charge_scheduler-1] [INFO] [1785761538.532963561] [charge_scheduler]: [执行事件] loop=open plan_v=0 C3 type=target_service target=26 station_ord=0 planned_finish=95.03 actual_finish=95.03 dev=+0.00 injected=0.0
[charge_scheduler-1] [INFO] [1785761538.532970199] [charge_scheduler]: [执行事件] loop=open plan_v=0 C1 type=target_service target=1 station_ord=0 planned_finish=81.12 actual_finish=96.90 dev=+15.78 injected=0.0
[charge_scheduler-1] [INFO] [1785761538.532976902] [charge_scheduler]: [执行事件] loop=open plan_v=0 C3 type=station_turnaround target=-1 station_ord=1 planned_finish=107.65 actual_finish=107.65 dev=+0.00 injected=0.0
[charge_scheduler-1] [INFO] [1785761538.532983871] [charge_scheduler]: [执行事件] loop=open plan_v=0 C2 type=target_service target=28 station_ord=0 planned_finish=110.97 actual_finish=110.97 dev=+0.00 injected=0.0
[charge_scheduler-1] [INFO] [1785761538.532990484] [charge_scheduler]: [执行事件] loop=open plan_v=0 C2 type=station_turnaround target=-1 station_ord=1 planned_finish=123.49 actual_finish=123.49 dev=+0.00 injected=0.0
[charge_scheduler-1] [INFO] [1785761538.532997506] [charge_scheduler]: [执行事件] loop=open plan_v=0 C1 type=target_service target=24 station_ord=0 planned_finish=109.76 actual_finish=126.36 dev=+16.60 injected=0.0
[charge_scheduler-1] [INFO] [1785761538.533005032] [charge_scheduler]: [执行事件] loop=open plan_v=0 C1 type=station_turnaround target=-1 station_ord=1 planned_finish=123.46 actual_finish=140.06 dev=+16.60 injected=0.0
[charge_scheduler-1] [INFO] [1785761538.533012633] [charge_scheduler]: [执行事件] loop=open plan_v=0 C3 type=target_service target=9 station_ord=0 planned_finish=143.48 actual_finish=143.48 dev=+0.00 injected=0.0
[charge_scheduler-1] [INFO] [1785761538.533019317] [charge_scheduler]: [执行事件] loop=open plan_v=0 C2 type=target_service target=13 station_ord=0 planned_finish=160.11 actual_finish=175.11 dev=+15.00 injected=15.0
[charge_scheduler-1] [INFO] [1785761538.533026317] [charge_scheduler]: [执行事件] loop=open plan_v=0 C3 type=target_service target=8 station_ord=0 planned_finish=179.09 actual_finish=179.09 dev=+0.00 injected=0.0
[charge_scheduler-1] [INFO] [1785761538.533032964] [charge_scheduler]: [执行事件] loop=open plan_v=0 C1 type=target_service target=5 station_ord=0 planned_finish=170.28 actual_finish=187.01 dev=+16.73 injected=0.0
[charge_scheduler-1] [INFO] [1785761538.533039750] [charge_scheduler]: [执行事件] loop=open plan_v=0 C2 type=target_service target=0 station_ord=0 planned_finish=196.47 actual_finish=212.00 dev=+15.52 injected=0.0
[charge_scheduler-1] [INFO] [1785761538.533046688] [charge_scheduler]: [执行事件] loop=open plan_v=0 C3 type=target_service target=16 station_ord=0 planned_finish=218.75 actual_finish=218.75 dev=+0.00 injected=0.0
[charge_scheduler-1] [INFO] [1785761538.533053212] [charge_scheduler]: [执行事件] loop=open plan_v=0 C3 type=station_turnaround target=-1 station_ord=2 planned_finish=231.08 actual_finish=231.08 dev=+0.00 injected=0.0
[charge_scheduler-1] [INFO] [1785761538.533060048] [charge_scheduler]: [执行事件] loop=open plan_v=0 C1 type=target_service target=20 station_ord=0 planned_finish=215.70 actual_finish=233.03 dev=+17.33 injected=0.0
[charge_scheduler-1] [INFO] [1785761538.533066735] [charge_scheduler]: [执行事件] loop=open plan_v=0 C1 type=station_turnaround target=-1 station_ord=2 planned_finish=228.15 actual_finish=245.49 dev=+17.33 injected=0.0
[charge_scheduler-1] [INFO] [1785761538.533073532] [charge_scheduler]: [执行事件] loop=open plan_v=0 C2 type=target_service target=10 station_ord=0 planned_finish=229.93 actual_finish=246.75 dev=+16.83 injected=0.0
[charge_scheduler-1] [INFO] [1785761538.533080222] [charge_scheduler]: [执行事件] loop=open plan_v=0 C2 type=station_turnaround target=-1 station_ord=2 planned_finish=245.80 actual_finish=262.62 dev=+16.83 injected=0.0
[charge_scheduler-1] [INFO] [1785761538.533086969] [charge_scheduler]: [执行事件] loop=open plan_v=0 C3 type=target_service target=19 station_ord=0 planned_finish=271.48 actual_finish=271.48 dev=+0.00 injected=0.0
[charge_scheduler-1] [INFO] [1785761538.533093802] [charge_scheduler]: [执行事件] loop=open plan_v=0 C1 type=target_service target=23 station_ord=0 planned_finish=278.23 actual_finish=295.76 dev=+17.53 injected=0.0
[charge_scheduler-1] [INFO] [1785761538.533103211] [charge_scheduler]: [执行事件] loop=open plan_v=0 C2 type=target_service target=6 station_ord=0 planned_finish=293.69 actual_finish=310.52 dev=+16.83 injected=0.0
[charge_scheduler-1] [INFO] [1785761538.533110011] [charge_scheduler]: [执行事件] loop=open plan_v=0 C3 type=target_service target=11 station_ord=0 planned_finish=317.12 actual_finish=317.12 dev=+0.00 injected=0.0
[charge_scheduler-1] [INFO] [1785761538.533116526] [charge_scheduler]: [执行事件] loop=open plan_v=0 C3 type=station_turnaround target=-1 station_ord=3 planned_finish=328.66 actual_finish=328.66 dev=+0.00 injected=0.0
[charge_scheduler-1] [INFO] [1785761538.533123040] [charge_scheduler]: [执行事件] loop=open plan_v=0 C1 type=target_service target=2 station_ord=0 planned_finish=321.67 actual_finish=340.03 dev=+18.37 injected=0.0
[charge_scheduler-1] [INFO] [1785761538.533129405] [charge_scheduler]: [执行事件] loop=open plan_v=0 C1 type=station_turnaround target=-1 station_ord=3 planned_finish=334.31 actual_finish=352.68 dev=+18.37 injected=0.0
[charge_scheduler-1] [INFO] [1785761538.533136194] [charge_scheduler]: [执行事件] loop=open plan_v=0 C2 type=target_service target=14 station_ord=0 planned_finish=344.42 actual_finish=361.26 dev=+16.84 injected=0.0
[charge_scheduler-1] [INFO] [1785761538.533142884] [charge_scheduler]: [执行事件] loop=open plan_v=0 C2 type=final_return target=-1 station_ord=0 planned_finish=348.68 actual_finish=365.52 dev=+16.84 injected=0.0
[charge_scheduler-1] [INFO] [1785761538.533149425] [charge_scheduler]: [执行事件] loop=open plan_v=0 C3 type=target_service target=29 station_ord=0 planned_finish=373.63 actual_finish=373.63 dev=+0.00 injected=0.0
[charge_scheduler-1] [INFO] [1785761538.533155738] [charge_scheduler]: [执行事件] loop=open plan_v=0 C3 type=final_return target=-1 station_ord=0 planned_finish=377.83 actual_finish=377.83 dev=+0.00 injected=0.0
[charge_scheduler-1] [INFO] [1785761538.533162037] [charge_scheduler]: [执行事件] loop=open plan_v=0 C1 type=target_service target=17 station_ord=0 planned_finish=379.38 actual_finish=398.05 dev=+18.67 injected=0.0
[charge_scheduler-1] [INFO] [1785761538.533169224] [charge_scheduler]: [执行事件] loop=open plan_v=0 C1 type=final_return target=-1 station_ord=0 planned_finish=381.31 actual_finish=399.98 dev=+18.67 injected=0.0
[charge_scheduler-1] [INFO] [1785761538.533184103] [charge_scheduler]: [执行事件] loop=fixed plan_v=0 C1 type=target_service target=27 station_ord=0 planned_finish=5.89 actual_finish=5.89 dev=+0.00 injected=0.0
[charge_scheduler-1] [INFO] [1785761538.533190158] [charge_scheduler]: [执行事件] loop=fixed plan_v=0 C3 type=target_service target=12 station_ord=0 planned_finish=8.50 actual_finish=8.50 dev=+0.00 injected=0.0
[charge_scheduler-1] [INFO] [1785761538.533196074] [charge_scheduler]: [执行事件] loop=fixed plan_v=0 C2 type=target_service target=4 station_ord=0 planned_finish=11.77 actual_finish=11.77 dev=+0.00 injected=0.0
[charge_scheduler-1] [INFO] [1785761538.533202428] [charge_scheduler]: [执行事件] loop=fixed plan_v=0 C3 type=target_service target=21 station_ord=0 planned_finish=16.66 actual_finish=16.66 dev=+0.00 injected=0.0
[charge_scheduler-1] [INFO] [1785761538.533209641] [charge_scheduler]: [执行事件] loop=fixed plan_v=0 C3 type=target_service target=25 station_ord=0 planned_finish=30.24 actual_finish=30.24 dev=+0.00 injected=0.0
[charge_scheduler-1] [INFO] [1785761538.533215381] [charge_scheduler]: [执行事件] loop=fixed plan_v=0 C1 type=target_service target=3 station_ord=0 planned_finish=31.39 actual_finish=31.39 dev=+0.00 injected=0.0
[charge_scheduler-1] [INFO] [1785761538.533222791] [charge_scheduler]: [执行事件] loop=fixed plan_v=0 C2 type=target_service target=22 station_ord=0 planned_finish=48.85 actual_finish=48.85 dev=+0.00 injected=0.0
[charge_scheduler-1] [INFO] [1785761538.533228984] [charge_scheduler]: [执行事件] loop=fixed plan_v=0 C3 type=target_service target=15 station_ord=0 planned_finish=55.97 actual_finish=55.97 dev=+0.00 injected=0.0
[charge_scheduler-1] [INFO] [1785761538.533234643] [charge_scheduler]: [执行事件] loop=fixed plan_v=0 C1 type=target_service target=18 station_ord=0 planned_finish=55.81 actual_finish=70.81 dev=+15.00 injected=15.0
[charge_scheduler-1] [WARN] [1785761538.944455851] [charge_scheduler]: [重调度事件] policy=fixed #1 t=70.81min trigger=C1/target_service dev=+15.00 pool=19 committed=2 plan_v=1 solve_ms=411.1 changed_assign=0 changed_order=9
[charge_scheduler-1] [INFO] [1785761538.944531960] [charge_scheduler]: [执行事件] loop=fixed plan_v=0 C2 type=target_service target=7 station_ord=0 planned_finish=73.88 actual_finish=73.88 dev=+0.00 injected=0.0
[charge_scheduler-1] [INFO] [1785761538.944542153] [charge_scheduler]: [执行事件] loop=fixed plan_v=0 C3 type=target_service target=26 station_ord=0 planned_finish=95.03 actual_finish=95.03 dev=+0.00 injected=0.0
[charge_scheduler-1] [INFO] [1785761538.944548781] [charge_scheduler]: [执行事件] loop=fixed plan_v=1 C1 type=target_service target=1 station_ord=0 planned_finish=96.90 actual_finish=96.90 dev=+0.00 injected=0.0
[charge_scheduler-1] [INFO] [1785761538.944554988] [charge_scheduler]: [执行事件] loop=fixed plan_v=1 C3 type=station_turnaround target=-1 station_ord=1 planned_finish=107.65 actual_finish=107.65 dev=+0.00 injected=0.0
[charge_scheduler-1] [INFO] [1785761538.944561502] [charge_scheduler]: [执行事件] loop=fixed plan_v=1 C2 type=target_service target=28 station_ord=0 planned_finish=110.97 actual_finish=110.97 dev=+0.00 injected=0.0
[charge_scheduler-1] [INFO] [1785761538.944567376] [charge_scheduler]: [执行事件] loop=fixed plan_v=1 C2 type=station_turnaround target=-1 station_ord=1 planned_finish=123.49 actual_finish=123.49 dev=+0.00 injected=0.0
[charge_scheduler-1] [INFO] [1785761538.944574463] [charge_scheduler]: [执行事件] loop=fixed plan_v=1 C1 type=target_service target=24 station_ord=0 planned_finish=126.36 actual_finish=126.36 dev=+0.00 injected=0.0
[charge_scheduler-1] [INFO] [1785761538.944580172] [charge_scheduler]: [执行事件] loop=fixed plan_v=1 C1 type=station_turnaround target=-1 station_ord=1 planned_finish=140.06 actual_finish=140.06 dev=+0.00 injected=0.0
[charge_scheduler-1] [INFO] [1785761538.944586022] [charge_scheduler]: [执行事件] loop=fixed plan_v=1 C3 type=target_service target=9 station_ord=0 planned_finish=143.48 actual_finish=143.48 dev=+0.00 injected=0.0
[charge_scheduler-1] [INFO] [1785761538.944591824] [charge_scheduler]: [执行事件] loop=fixed plan_v=1 C2 type=target_service target=13 station_ord=0 planned_finish=160.11 actual_finish=175.11 dev=+15.00 injected=15.0
[charge_scheduler-1] [WARN] [1785761539.191862589] [charge_scheduler]: [重调度事件] policy=fixed #2 t=175.11min trigger=C2/target_service dev=+15.00 pool=12 committed=2 plan_v=2 solve_ms=247.2 changed_assign=0 changed_order=5
[charge_scheduler-1] [INFO] [1785761539.191905325] [charge_scheduler]: [执行事件] loop=fixed plan_v=1 C3 type=target_service target=16 station_ord=0 planned_finish=178.82 actual_finish=178.82 dev=+0.00 injected=0.0
[charge_scheduler-1] [INFO] [1785761539.191914596] [charge_scheduler]: [执行事件] loop=fixed plan_v=1 C1 type=target_service target=5 station_ord=0 planned_finish=187.01 actual_finish=187.01 dev=+0.00 injected=0.0
[charge_scheduler-1] [INFO] [1785761539.191920962] [charge_scheduler]: [执行事件] loop=fixed plan_v=2 C2 type=target_service target=10 station_ord=0 planned_finish=207.57 actual_finish=207.57 dev=+0.00 injected=0.0
[charge_scheduler-1] [INFO] [1785761539.191926739] [charge_scheduler]: [执行事件] loop=fixed plan_v=2 C3 type=target_service target=8 station_ord=0 planned_finish=219.00 actual_finish=219.00 dev=+0.00 injected=0.0
[charge_scheduler-1] [INFO] [1785761539.191933215] [charge_scheduler]: [执行事件] loop=fixed plan_v=2 C3 type=station_turnaround target=-1 station_ord=2 planned_finish=230.81 actual_finish=230.81 dev=+0.00 injected=0.0
[charge_scheduler-1] [INFO] [1785761539.191939498] [charge_scheduler]: [执行事件] loop=fixed plan_v=2 C1 type=target_service target=20 station_ord=0 planned_finish=233.03 actual_finish=233.03 dev=+0.00 injected=0.0
[charge_scheduler-1] [INFO] [1785761539.191945178] [charge_scheduler]: [执行事件] loop=fixed plan_v=2 C2 type=target_service target=0 station_ord=0 planned_finish=243.32 actual_finish=243.32 dev=+0.00 injected=0.0
[charge_scheduler-1] [INFO] [1785761539.191950831] [charge_scheduler]: [执行事件] loop=fixed plan_v=2 C1 type=station_turnaround target=-1 station_ord=2 planned_finish=245.49 actual_finish=245.49 dev=+0.00 injected=0.0
[charge_scheduler-1] [INFO] [1785761539.191956711] [charge_scheduler]: [执行事件] loop=fixed plan_v=2 C2 type=station_turnaround target=-1 station_ord=2 planned_finish=258.79 actual_finish=258.79 dev=+0.00 injected=0.0
[charge_scheduler-1] [INFO] [1785761539.191962508] [charge_scheduler]: [执行事件] loop=fixed plan_v=2 C3 type=target_service target=19 station_ord=0 planned_finish=271.19 actual_finish=271.19 dev=+0.00 injected=0.0
[charge_scheduler-1] [INFO] [1785761539.191985893] [charge_scheduler]: [执行事件] loop=fixed plan_v=2 C1 type=target_service target=23 station_ord=0 planned_finish=295.76 actual_finish=295.76 dev=+0.00 injected=0.0
[charge_scheduler-1] [INFO] [1785761539.191991990] [charge_scheduler]: [执行事件] loop=fixed plan_v=2 C2 type=target_service target=6 station_ord=0 planned_finish=306.68 actual_finish=306.68 dev=+0.00 injected=0.0
[charge_scheduler-1] [INFO] [1785761539.191997902] [charge_scheduler]: [执行事件] loop=fixed plan_v=2 C3 type=target_service target=11 station_ord=0 planned_finish=316.83 actual_finish=316.83 dev=+0.00 injected=0.0
[charge_scheduler-1] [INFO] [1785761539.192003454] [charge_scheduler]: [执行事件] loop=fixed plan_v=2 C3 type=station_turnaround target=-1 station_ord=3 planned_finish=328.38 actual_finish=328.38 dev=+0.00 injected=0.0
[charge_scheduler-1] [INFO] [1785761539.192009291] [charge_scheduler]: [执行事件] loop=fixed plan_v=2 C1 type=target_service target=2 station_ord=0 planned_finish=340.03 actual_finish=340.03 dev=+0.00 injected=0.0
[charge_scheduler-1] [INFO] [1785761539.192014851] [charge_scheduler]: [执行事件] loop=fixed plan_v=2 C1 type=station_turnaround target=-1 station_ord=3 planned_finish=352.68 actual_finish=352.68 dev=+0.00 injected=0.0
[charge_scheduler-1] [INFO] [1785761539.192020414] [charge_scheduler]: [执行事件] loop=fixed plan_v=2 C2 type=target_service target=14 station_ord=0 planned_finish=357.42 actual_finish=357.42 dev=+0.00 injected=0.0
[charge_scheduler-1] [INFO] [1785761539.192026265] [charge_scheduler]: [执行事件] loop=fixed plan_v=2 C2 type=final_return target=-1 station_ord=0 planned_finish=361.69 actual_finish=361.69 dev=+0.00 injected=0.0
[charge_scheduler-1] [INFO] [1785761539.192031908] [charge_scheduler]: [执行事件] loop=fixed plan_v=2 C3 type=target_service target=29 station_ord=0 planned_finish=373.34 actual_finish=373.34 dev=+0.00 injected=0.0
[charge_scheduler-1] [INFO] [1785761539.192037279] [charge_scheduler]: [执行事件] loop=fixed plan_v=2 C3 type=final_return target=-1 station_ord=0 planned_finish=377.55 actual_finish=377.55 dev=+0.00 injected=0.0
[charge_scheduler-1] [INFO] [1785761539.192042707] [charge_scheduler]: [执行事件] loop=fixed plan_v=2 C1 type=target_service target=17 station_ord=0 planned_finish=398.05 actual_finish=398.05 dev=+0.00 injected=0.0
[charge_scheduler-1] [INFO] [1785761539.192048020] [charge_scheduler]: [执行事件] loop=fixed plan_v=2 C1 type=final_return target=-1 station_ord=0 planned_finish=399.98 actual_finish=399.98 dev=+0.00 injected=0.0
[charge_scheduler-1] [INFO] [1785761539.192067943] [charge_scheduler]: [执行事件] loop=global plan_v=0 C1 type=target_service target=27 station_ord=0 planned_finish=5.89 actual_finish=5.89 dev=+0.00 injected=0.0
[charge_scheduler-1] [INFO] [1785761539.192073606] [charge_scheduler]: [执行事件] loop=global plan_v=0 C3 type=target_service target=12 station_ord=0 planned_finish=8.50 actual_finish=8.50 dev=+0.00 injected=0.0
[charge_scheduler-1] [INFO] [1785761539.192079155] [charge_scheduler]: [执行事件] loop=global plan_v=0 C2 type=target_service target=4 station_ord=0 planned_finish=11.77 actual_finish=11.77 dev=+0.00 injected=0.0
[charge_scheduler-1] [INFO] [1785761539.192084815] [charge_scheduler]: [执行事件] loop=global plan_v=0 C3 type=target_service target=21 station_ord=0 planned_finish=16.66 actual_finish=16.66 dev=+0.00 injected=0.0
[charge_scheduler-1] [INFO] [1785761539.192090507] [charge_scheduler]: [执行事件] loop=global plan_v=0 C3 type=target_service target=25 station_ord=0 planned_finish=30.24 actual_finish=30.24 dev=+0.00 injected=0.0
[charge_scheduler-1] [INFO] [1785761539.192095901] [charge_scheduler]: [执行事件] loop=global plan_v=0 C1 type=target_service target=3 station_ord=0 planned_finish=31.39 actual_finish=31.39 dev=+0.00 injected=0.0
[charge_scheduler-1] [INFO] [1785761539.192102166] [charge_scheduler]: [执行事件] loop=global plan_v=0 C2 type=target_service target=22 station_ord=0 planned_finish=48.85 actual_finish=48.85 dev=+0.00 injected=0.0
[charge_scheduler-1] [INFO] [1785761539.192107778] [charge_scheduler]: [执行事件] loop=global plan_v=0 C3 type=target_service target=15 station_ord=0 planned_finish=55.97 actual_finish=55.97 dev=+0.00 injected=0.0
[charge_scheduler-1] [INFO] [1785761539.192115509] [charge_scheduler]: [执行事件] loop=global plan_v=0 C1 type=target_service target=18 station_ord=0 planned_finish=55.81 actual_finish=70.81 dev=+15.00 injected=15.0
[charge_scheduler-1] [WARN] [1785761542.367927600] [charge_scheduler]: [重调度事件] policy=global #1 t=70.81min trigger=C1/target_service dev=+15.00 pool=19 committed=2 plan_v=1 solve_ms=3175.8 changed_assign=5 changed_order=9
[charge_scheduler-1] [INFO] [1785761542.367989989] [charge_scheduler]: [执行事件] loop=global plan_v=0 C2 type=target_service target=7 station_ord=0 planned_finish=73.88 actual_finish=73.88 dev=+0.00 injected=0.0
[charge_scheduler-1] [INFO] [1785761542.368002183] [charge_scheduler]: [执行事件] loop=global plan_v=0 C3 type=target_service target=26 station_ord=0 planned_finish=95.03 actual_finish=95.03 dev=+0.00 injected=0.0
[charge_scheduler-1] [INFO] [1785761542.368012099] [charge_scheduler]: [执行事件] loop=global plan_v=1 C1 type=target_service target=1 station_ord=0 planned_finish=96.90 actual_finish=96.90 dev=+0.00 injected=0.0
[charge_scheduler-1] [INFO] [1785761542.368021590] [charge_scheduler]: [执行事件] loop=global plan_v=1 C3 type=station_turnaround target=-1 station_ord=1 planned_finish=107.65 actual_finish=107.65 dev=+0.00 injected=0.0
[charge_scheduler-1] [INFO] [1785761542.368031228] [charge_scheduler]: [执行事件] loop=global plan_v=1 C2 type=target_service target=28 station_ord=0 planned_finish=110.97 actual_finish=110.97 dev=+0.00 injected=0.0
[charge_scheduler-1] [INFO] [1785761542.368040271] [charge_scheduler]: [执行事件] loop=global plan_v=1 C2 type=station_turnaround target=-1 station_ord=1 planned_finish=123.49 actual_finish=123.49 dev=+0.00 injected=0.0
[charge_scheduler-1] [INFO] [1785761542.368050433] [charge_scheduler]: [执行事件] loop=global plan_v=1 C1 type=target_service target=24 station_ord=0 planned_finish=126.36 actual_finish=126.36 dev=+0.00 injected=0.0
[charge_scheduler-1] [INFO] [1785761542.368060211] [charge_scheduler]: [执行事件] loop=global plan_v=1 C1 type=station_turnaround target=-1 station_ord=1 planned_finish=140.06 actual_finish=140.06 dev=+0.00 injected=0.0
[charge_scheduler-1] [INFO] [1785761542.368068669] [charge_scheduler]: [执行事件] loop=global plan_v=1 C3 type=target_service target=9 station_ord=0 planned_finish=143.48 actual_finish=143.48 dev=+0.00 injected=0.0
[charge_scheduler-1] [INFO] [1785761542.368078130] [charge_scheduler]: [执行事件] loop=global plan_v=1 C2 type=target_service target=13 station_ord=0 planned_finish=160.11 actual_finish=175.11 dev=+15.00 injected=15.0
[charge_scheduler-1] [WARN] [1785761543.433006553] [charge_scheduler]: [重调度事件] policy=global #2 t=175.11min trigger=C2/target_service dev=+15.00 pool=12 committed=2 plan_v=2 solve_ms=1064.9 changed_assign=6 changed_order=10
[charge_scheduler-1] [INFO] [1785761543.433057990] [charge_scheduler]: [执行事件] loop=global plan_v=1 C1 type=target_service target=29 station_ord=0 planned_finish=179.83 actual_finish=179.83 dev=+0.00 injected=0.0
[charge_scheduler-1] [INFO] [1785761543.433071115] [charge_scheduler]: [执行事件] loop=global plan_v=1 C3 type=target_service target=0 station_ord=0 planned_finish=180.35 actual_finish=180.35 dev=+0.00 injected=0.0
[charge_scheduler-1] [INFO] [1785761543.433080493] [charge_scheduler]: [执行事件] loop=global plan_v=2 C3 type=target_service target=10 station_ord=0 planned_finish=212.44 actual_finish=212.44 dev=+0.00 injected=0.0
[charge_scheduler-1] [INFO] [1785761543.433089627] [charge_scheduler]: [执行事件] loop=global plan_v=2 C2 type=target_service target=8 station_ord=0 planned_finish=216.52 actual_finish=216.52 dev=+0.00 injected=0.0
[charge_scheduler-1] [INFO] [1785761543.433097587] [charge_scheduler]: [执行事件] loop=global plan_v=2 C1 type=target_service target=16 station_ord=0 planned_finish=216.81 actual_finish=216.81 dev=+0.00 injected=0.0
[charge_scheduler-1] [INFO] [1785761543.433105514] [charge_scheduler]: [执行事件] loop=global plan_v=2 C3 type=station_turnaround target=-1 station_ord=2 planned_finish=228.31 actual_finish=228.31 dev=+0.00 injected=0.0
[charge_scheduler-1] [INFO] [1785761543.433118579] [charge_scheduler]: [执行事件] loop=global plan_v=2 C1 type=station_turnaround target=-1 station_ord=2 planned_finish=229.14 actual_finish=229.14 dev=+0.00 injected=0.0
[charge_scheduler-1] [INFO] [1785761543.433127329] [charge_scheduler]: [执行事件] loop=global plan_v=2 C2 type=target_service target=19 station_ord=0 planned_finish=257.20 actual_finish=257.20 dev=+0.00 injected=0.0
[charge_scheduler-1] [INFO] [1785761543.433219699] [charge_scheduler]: [执行事件] loop=global plan_v=2 C2 type=station_turnaround target=-1 station_ord=2 planned_finish=270.53 actual_finish=270.53 dev=+0.00 injected=0.0
[charge_scheduler-1] [INFO] [1785761543.433235442] [charge_scheduler]: [执行事件] loop=global plan_v=2 C3 type=target_service target=20 station_ord=0 planned_finish=274.14 actual_finish=274.14 dev=+0.00 injected=0.0
[charge_scheduler-1] [INFO] [1785761543.433250446] [charge_scheduler]: [执行事件] loop=global plan_v=2 C1 type=target_service target=23 station_ord=0 planned_finish=279.31 actual_finish=279.31 dev=+0.00 injected=0.0
[charge_scheduler-1] [INFO] [1785761543.433260646] [charge_scheduler]: [执行事件] loop=global plan_v=2 C2 type=target_service target=6 station_ord=0 planned_finish=318.42 actual_finish=318.42 dev=+0.00 injected=0.0
[charge_scheduler-1] [INFO] [1785761543.433271496] [charge_scheduler]: [执行事件] loop=global plan_v=2 C3 type=target_service target=5 station_ord=0 planned_finish=322.12 actual_finish=322.12 dev=+0.00 injected=0.0
[charge_scheduler-1] [INFO] [1785761543.433281776] [charge_scheduler]: [执行事件] loop=global plan_v=2 C1 type=target_service target=2 station_ord=0 planned_finish=322.84 actual_finish=322.84 dev=+0.00 injected=0.0
[charge_scheduler-1] [INFO] [1785761543.433291132] [charge_scheduler]: [执行事件] loop=global plan_v=2 C3 type=station_turnaround target=-1 station_ord=3 planned_finish=333.74 actual_finish=333.74 dev=+0.00 injected=0.0
[charge_scheduler-1] [INFO] [1785761543.433301081] [charge_scheduler]: [执行事件] loop=global plan_v=2 C1 type=station_turnaround target=-1 station_ord=3 planned_finish=335.49 actual_finish=335.49 dev=+0.00 injected=0.0
[charge_scheduler-1] [INFO] [1785761543.433311187] [charge_scheduler]: [执行事件] loop=global plan_v=2 C2 type=target_service target=11 station_ord=0 planned_finish=365.25 actual_finish=365.25 dev=+0.00 injected=0.0
[charge_scheduler-1] [INFO] [1785761543.433321797] [charge_scheduler]: [执行事件] loop=global plan_v=2 C2 type=final_return target=-1 station_ord=0 planned_finish=366.79 actual_finish=366.79 dev=+0.00 injected=0.0
[charge_scheduler-1] [INFO] [1785761543.433334638] [charge_scheduler]: [执行事件] loop=global plan_v=2 C1 type=target_service target=17 station_ord=0 planned_finish=380.66 actual_finish=380.66 dev=+0.00 injected=0.0
[charge_scheduler-1] [INFO] [1785761543.433345416] [charge_scheduler]: [执行事件] loop=global plan_v=2 C3 type=target_service target=14 station_ord=0 planned_finish=382.04 actual_finish=382.04 dev=+0.00 injected=0.0
[charge_scheduler-1] [INFO] [1785761543.433355653] [charge_scheduler]: [执行事件] loop=global plan_v=2 C1 type=final_return target=-1 station_ord=0 planned_finish=382.59 actual_finish=382.59 dev=+0.00 injected=0.0
[charge_scheduler-1] [INFO] [1785761543.433365184] [charge_scheduler]: [执行事件] loop=global plan_v=2 C3 type=final_return target=-1 station_ord=0 planned_finish=386.30 actual_finish=386.30 dev=+0.00 injected=0.0
[charge_scheduler-1] [INFO] [1785761543.433385392] [charge_scheduler]: ★闭环实验结果 mode=open M=30 K=3 disturbance=target delay=15.0 seed=6 N_late=10 T_overtime=501.795 C_total=7800.724 makespan=399.977 served=30 energy_viol=2 reschedules=0 reschedule_ms=0.000 changed_assign=0 changed_order=0 applied_target=2 applied_station=0 initial_solve_ms=46214.259 objective_order=Nlate,Tover,Ctotal
[charge_scheduler-1] [INFO] [1785761543.433403815] [charge_scheduler]: ★闭环实验结果 mode=fixed M=30 K=3 disturbance=target delay=15.0 seed=6 N_late=10 T_overtime=524.883 C_total=7730.008 makespan=399.977 served=30 energy_viol=0 reschedules=2 reschedule_ms=658.353 changed_assign=0 changed_order=14 applied_target=2 applied_station=0 initial_solve_ms=46214.259 objective_order=Nlate,Tover,Ctotal
[charge_scheduler-1] [INFO] [1785761543.433417690] [charge_scheduler]: ★闭环实验收益 policy=fixed M=30 K=3 disturbance=target delay=15.0 seed=6 recovered_late=0 overtime_reduction=-23.088 distance_delta=-70.716 makespan_reduction=0.000
[charge_scheduler-1] [INFO] [1785761543.433427519] [charge_scheduler]: ★闭环实验结果 mode=closed M=30 K=3 disturbance=target delay=15.0 seed=6 N_late=5 T_overtime=576.014 C_total=7893.361 makespan=386.304 served=30 energy_viol=0 reschedules=2 reschedule_ms=4240.673 changed_assign=11 changed_order=19 applied_target=2 applied_station=0 initial_solve_ms=46214.259 objective_order=Nlate,Tover,Ctotal
[charge_scheduler-1] [INFO] [1785761543.433452438] [charge_scheduler]: ★闭环实验收益 policy=closed M=30 K=3 disturbance=target delay=15.0 seed=6 recovered_late=5 overtime_reduction=-74.219 distance_delta=92.637 makespan_reduction=13.672
