[INFO] [launch]: All log files can be found below /root/.ros/log/2026-08-03-14-08-50-302478-YYYY-52431
[INFO] [launch]: Default logging verbosity is set to INFO
[INFO] [charge_scheduler-1]: process started with pid [52435]
[charge_scheduler-1] [INFO] [1785766130.431202102] [charge_scheduler]: [目标顺序] objective_order=Nlate,Tover,Ctotal
[charge_scheduler-1] [INFO] [1785766130.431717121] [charge_scheduler]: [Scheduler] 30辆车 | 电池800.0kWh(20%=160.0 80%=640.0) | 充电360kW效率97% | 行驶0.6kWh/km | 桩350kW
[charge_scheduler-1] [INFO] [1785766130.431743416] [charge_scheduler]: [Scheduler] 站端周转: 换电 10 min(换后满电) | 单趟可用 640 kWh
[charge_scheduler-1] [INFO] [1785766130.431752165] [charge_scheduler]:   车#0 [电动装载机282|light] 位置(3889.6,73764.7) 容量282kWh 剩余35% | α=6→6min/% τ=168min → 需130.8kWh(充21.2min)
[charge_scheduler-1] [INFO] [1785766130.431766619] [charge_scheduler]:   车#1 [重型叉车|light] 位置(3778.9,73807.0) 容量200kWh 剩余20% | α=6→6min/% τ=96min → 需123.7kWh(充20.0min)
[charge_scheduler-1] [INFO] [1785766130.431778667] [charge_scheduler]:   车#2 [电动装载机350|light] 位置(3794.9,73804.6) 容量350kWh 剩余50% | α=6→6min/% τ=288min → 需108.2kWh(充17.5min)
[charge_scheduler-1] [INFO] [1785766130.431790283] [charge_scheduler]:   车#3 [重型叉车|light] 位置(3806.9,73760.3) 容量200kWh 剩余10% | α=6→6min/% τ=32min → 需144.3kWh(充23.3min)
[charge_scheduler-1] [INFO] [1785766130.431802321] [charge_scheduler]:   车#4 [电动装载机282|heavy→降级] 位置(3705.1,73758.2) 容量282kWh 剩余60% | α=3→6min/% τ=212min → 需58.1kWh(充9.4min)
[charge_scheduler-1] [INFO] [1785766130.431823851] [charge_scheduler]:   车#5 [电动装载机350|light] 位置(3756.5,73770.2) 容量350kWh 剩余25% | α=6→6min/% τ=128min → 需198.5kWh(充32.1min)
[charge_scheduler-1] [INFO] [1785766130.431835394] [charge_scheduler]:   车#6 [电动装载机350|heavy→降级] 位置(3887.4,73809.4) 容量350kWh 剩余40% | α=4→6min/% τ=176min → 需144.3kWh(充23.3min)
[charge_scheduler-1] [INFO] [1785766130.431846847] [charge_scheduler]:   车#7 [重型叉车|light] 位置(3899.0,73786.6) 容量200kWh 剩余15% | α=6→6min/% τ=64min → 需134.0kWh(充21.7min)
[charge_scheduler-1] [INFO] [1785766130.431858404] [charge_scheduler]:   车#8 [电动装载机282|heavy→降级] 位置(3689.7,73663.1) 容量282kWh 剩余55% | α=3→6min/% τ=196min → 需72.7kWh(充11.8min)
[charge_scheduler-1] [INFO] [1785766130.431871229] [charge_scheduler]:   车#9 [电动装载机282|heavy→降级] 位置(3748.4,73767.2) 容量282kWh 剩余30% | α=3→6min/% τ=116min → 需145.4kWh(充23.5min)
[charge_scheduler-1] [INFO] [1785766130.431882294] [charge_scheduler]:   车#10 [电动装载机282|light] 位置(3865.2,73751.0) 容量282kWh 剩余45% | α=6→6min/% τ=224min → 需101.8kWh(充16.4min)
[charge_scheduler-1] [INFO] [1785766130.431894289] [charge_scheduler]:   车#11 [电动装载机350|light] 位置(3785.0,73749.2) 容量350kWh 剩余18% | α=6→6min/% τ=83min → 需223.7kWh(充36.2min)
[charge_scheduler-1] [INFO] [1785766130.431907799] [charge_scheduler]:   车#12 [重型叉车|heavy→降级] 位置(3811.5,73799.9) 容量200kWh 剩余62% | α=3→6min/% τ=230min → 需37.1kWh(充6.0min)
[charge_scheduler-1] [INFO] [1785766130.431919710] [charge_scheduler]:   车#13 [电动装载机282|light] 位置(3810.8,73773.1) 容量282kWh 剩余28% | α=6→6min/% τ=129min → 需151.2kWh(充24.4min)
[charge_scheduler-1] [INFO] [1785766130.431931977] [charge_scheduler]:   车#14 [电动装载机350|light] 位置(3905.0,73793.5) 容量350kWh 剩余52% | α=6→6min/% τ=301min → 需101.0kWh(充16.3min)
[charge_scheduler-1] [INFO] [1785766130.431944384] [charge_scheduler]:   车#15 [重型叉车|light] 位置(3894.3,73756.9) 容量200kWh 剩余12% | α=6→6min/% τ=45min → 需140.2kWh(充22.7min)
[charge_scheduler-1] [INFO] [1785766130.431956257] [charge_scheduler]:   车#16 [电动装载机282|light] 位置(3818.5,73716.2) 容量282kWh 剩余38% | α=6→6min/% τ=185min → 需122.1kWh(充19.7min)
[charge_scheduler-1] [INFO] [1785766130.431967360] [charge_scheduler]:   车#17 [电动装载机350|light] 位置(3733.2,73772.4) 容量350kWh 剩余58% | α=6→6min/% τ=339min → 需79.4kWh(充12.8min)
[charge_scheduler-1] [INFO] [1785766130.431981478] [charge_scheduler]:   车#18 [重型叉车|heavy→降级] 位置(3764.7,73699.0) 容量200kWh 剩余22% | α=3→6min/% τ=102min → 需119.6kWh(充19.3min)
[charge_scheduler-1] [INFO] [1785766130.431994571] [charge_scheduler]:   车#19 [电动装载机282|light] 位置(3878.4,73747.9) 容量282kWh 剩余48% | α=6→6min/% τ=241min → 需93.0kWh(充15.0min)
[charge_scheduler-1] [INFO] [1785766130.432044554] [charge_scheduler]:   车#20 [电动装载机350|light] 位置(3740.3,73686.9) 容量350kWh 剩余33% | α=6→6min/% τ=179min → 需169.6kWh(充27.4min)
[charge_scheduler-1] [INFO] [1785766130.432056675] [charge_scheduler]:   车#21 [重型叉车|heavy→降级] 位置(3895.4,73811.9) 容量200kWh 剩余65% | α=3→6min/% τ=240min → 需30.9kWh(充5.0min)
[charge_scheduler-1] [INFO] [1785766130.432067763] [charge_scheduler]:   车#22 [电动装载机282|light] 位置(3876.0,73830.2) 容量282kWh 剩余16% | α=6→6min/% τ=62min → 需186.1kWh(充30.1min)
[charge_scheduler-1] [INFO] [1785766130.432078869] [charge_scheduler]:   车#23 [电动装载机350|light] 位置(3765.9,73790.3) 容量350kWh 剩余42% | α=6→6min/% τ=237min → 需137.1kWh(充22.2min)
[charge_scheduler-1] [INFO] [1785766130.432089949] [charge_scheduler]:   车#24 [重型叉车|heavy→降级] 位置(3637.1,73698.1) 容量200kWh 剩余25% | α=3→6min/% τ=112min → 需113.4kWh(充18.3min)
[charge_scheduler-1] [INFO] [1785766130.432103574] [charge_scheduler]:   车#25 [电动装载机282|light] 位置(3884.5,73833.1) 容量282kWh 剩余55% | α=6→6min/% τ=280min → 需72.7kWh(充11.8min)
[charge_scheduler-1] [INFO] [1785766130.432115396] [charge_scheduler]:   车#26 [电动装载机350|light] 位置(3699.3,73765.4) 容量350kWh 剩余30% | α=6→6min/% τ=160min → 需180.4kWh(充29.2min)
[charge_scheduler-1] [INFO] [1785766130.432127042] [charge_scheduler]:   车#27 [重型叉车|heavy→降级] 位置(3800.8,73717.7) 容量200kWh 剩余68% | α=3→6min/% τ=250min → 需24.7kWh(充4.0min)
[charge_scheduler-1] [INFO] [1785766130.432139007] [charge_scheduler]:   车#28 [电动装载机282|light] 位置(3825.0,73792.7) 容量282kWh 剩余20% | α=6→6min/% τ=84min → 需174.4kWh(充28.2min)
[charge_scheduler-1] [INFO] [1785766130.432150807] [charge_scheduler]:   车#29 [电动装载机350|light] 位置(3784.3,73759.0) 容量350kWh 剩余36% | α=6→6min/% τ=198min → 需158.8kWh(充25.7min)
[charge_scheduler-1] [INFO] [1785766130.447945034] [charge_scheduler]: [Scheduler] 闭环接口: threshold=10.0min | event_sim=on | policy=all | structured_feedback=optional (/task_planner/execution_event)
[charge_scheduler-1] [INFO] [1785766130.447985181] [charge_scheduler]: [Scheduler] 已启动, 等待地图...
[charge_scheduler-1] [INFO] [1785766130.447993342] [charge_scheduler]: [Scheduler] 充电车1接口: sequence/served/arrived_target/arrived_station/return_goal/task_complete 后缀=_1
[charge_scheduler-1] [INFO] [1785766130.448000429] [charge_scheduler]: [Scheduler] 充电车2接口: sequence/served/arrived_target/arrived_station/return_goal/task_complete 后缀=_2
[charge_scheduler-1] [INFO] [1785766130.448006445] [charge_scheduler]: [Scheduler] 充电车3接口: sequence/served/arrived_target/arrived_station/return_goal/task_complete 后缀=_3
[charge_scheduler-1] [INFO] [1785766130.532111980] [charge_scheduler]: [Scheduler] RoutingGraph 就绪
[charge_scheduler-1] [INFO] [1785766130.532692337] [charge_scheduler]: [Scheduler] 提取到 0 条虚线捷径
[charge_scheduler-1] [INFO] [1785766130.559380819] [charge_scheduler]: [Scheduler] 下层兼容增强图: 190 节点, 0 条虚线掉头边
[charge_scheduler-1] [INFO] [1785766151.285801899] [charge_scheduler]: [Scheduler] 距离矩阵完成 31x31, 20726.4 ms | 模式=maneuver | 真实不可达=0 抽象不可达=0 | 缺少对向投影节点=0 | 对向识别(ID/几何/法向)=0/0/0 | 单向驿站投影=0
[charge_scheduler-1] [INFO] [1785766151.285882294] [charge_scheduler]:   ✓ 比值自检：930 个 OD 满足 机动/直线≥1 | 均值=4.11 最大=62.63 (车#0→车#15)
[charge_scheduler-1] [INFO] [1785766151.285898117] [charge_scheduler]: [Scheduler] 地图就绪, 190 条 lanelet（与下层一致）
[charge_scheduler-1] [INFO] [1785766151.285962171] [charge_scheduler]: ======== 开始VRPTW调度 30 辆车 ========
[charge_scheduler-1] [INFO] [1785766151.285967264] [charge_scheduler]:   规模30>8 → 启发式(alns)
[charge_scheduler-1] [INFO] [1785766197.898837290] [charge_scheduler]: [ALNS] objective_order=Nlate,Tover,Ctotal seed=10 iters=15000 | N_late=3(成功率90.0%) T_overtime=375.8min C_total=7716.8m | 趟数=12 makespan=381.0min
[charge_scheduler-1] [INFO] [1785766197.898884993] [charge_scheduler]:   求解耗时 46612.9 ms
[charge_scheduler-1] [INFO] [1785766197.898895473] [charge_scheduler]: ════════ 调度结果 ════════
[charge_scheduler-1] [INFO] [1785766197.898902897] [charge_scheduler]:   ★目标(字典序): objective_order=Nlate,Tover,Ctotal | N_late=3 辆 (按时成功率 27/30 = 90.0%)  T_overtime=375.8min  C_total=7716.8m
[charge_scheduler-1] [INFO] [1785766197.898940798] [charge_scheduler]:   附: 趟数=12 | makespan=381.0min | 能量可行=是
[charge_scheduler-1] [INFO] [1785766197.898958665] [charge_scheduler]:   [充电车1] 趟1: 站 → 车#27(到1.7/限249.6✓) → 车#12(到7.7/限230.4✓) → 车#21(到16.6/限240.0✓) → 车#15(到24.4/限44.8✓) → 车#11(到50.5/限83.2✓) → 站
[charge_scheduler-1] [INFO] [1785766197.898969007] [charge_scheduler]:   [充电车3] 趟2: 站 → 车#3(到3.4/限32.0✓) → 车#9(到28.1/限116.0✓) → 车#1(到56.6/限96.0✓) → 车#18(到84.1/限102.4✓) → 站
[charge_scheduler-1] [INFO] [1785766197.898977310] [charge_scheduler]:   [充电车2] 趟3: 站 → 车#4(到2.1/限212.0✓) → 车#22(到17.3/限61.6✓) → 车#7(到49.6/限64.0✓) → 车#28(到76.4/限84.0✓) → 站
[charge_scheduler-1] [INFO] [1785766197.898984774] [charge_scheduler]:   [充电车1] 趟4: 站 → 车#24(到105.8/限112.0✓) → 车#26(到134.6/限160.0✓) → 车#16(到179.7/限184.8✓) → 站
[charge_scheduler-1] [INFO] [1785766197.898992557] [charge_scheduler]:   [充电车2] 趟5: 站 → 车#5(到126.7/限128.0✓) → 车#6(到174.0/限176.0✓) → 站
[charge_scheduler-1] [INFO] [1785766197.899000603] [charge_scheduler]:   [充电车3] 趟6: 站 → 车#13(到121.8/限128.8✓) → 车#0(到158.1/限168.0✓) → 车#10(到193.0/限224.0✓) → 站
[charge_scheduler-1] [INFO] [1785766197.899007180] [charge_scheduler]:   [充电车1] 趟7: 站 → 车#23(到233.3/限236.8✓) → 车#2(到277.3/限288.0✓) → 站
[charge_scheduler-1] [INFO] [1785766197.899013873] [charge_scheduler]:   [充电车2] 趟8: 站 → 车#19(到237.6/限240.8✓) → 车#29(到275.2/限198.4✗超时) → 站
[charge_scheduler-1] [INFO] [1785766197.899020643] [charge_scheduler]:   [充电车3] 趟9: 站 → 车#25(到245.4/限280.0✓) → 车#14(到278.5/限300.8✓) → 站
[charge_scheduler-1] [INFO] [1785766197.899027277] [charge_scheduler]:   [充电车1] 趟10: 站 → 车#20(到334.8/限179.2✗超时) → 站
[charge_scheduler-1] [INFO] [1785766197.899033779] [charge_scheduler]:   [充电车2] 趟11: 站 → 车#17(到334.7/限339.2✓) → 站
[charge_scheduler-1] [INFO] [1785766197.899039790] [charge_scheduler]:   [充电车3] 趟12: 站 → 车#8(到339.5/限196.0✗超时) → 站
[charge_scheduler-1] [INFO] [1785766197.899044800] [charge_scheduler]: ════════════════════════
[charge_scheduler-1] [INFO] [1785766197.899126721] [charge_scheduler]: [扰动清单] type=combined delay=60.0min targets={5,9,} station={C1-S1,C3-S1,}
[charge_scheduler-1] [INFO] [1785766197.899150287] [charge_scheduler]: [执行事件] loop=open plan_v=0 C1 type=target_service target=27 station_ord=0 planned_finish=5.89 actual_finish=5.89 dev=+0.00 injected=0.0
[charge_scheduler-1] [INFO] [1785766197.899160585] [charge_scheduler]: [执行事件] loop=open plan_v=0 C2 type=target_service target=4 station_ord=0 planned_finish=11.77 actual_finish=11.77 dev=+0.00 injected=0.0
[charge_scheduler-1] [INFO] [1785766197.899170124] [charge_scheduler]: [执行事件] loop=open plan_v=0 C1 type=target_service target=12 station_ord=0 planned_finish=14.55 actual_finish=14.55 dev=+0.00 injected=0.0
[charge_scheduler-1] [INFO] [1785766197.899179149] [charge_scheduler]: [执行事件] loop=open plan_v=0 C1 type=target_service target=21 station_ord=0 planned_finish=23.35 actual_finish=23.35 dev=+0.00 injected=0.0
[charge_scheduler-1] [INFO] [1785766197.899187973] [charge_scheduler]: [执行事件] loop=open plan_v=0 C3 type=target_service target=3 station_ord=0 planned_finish=26.90 actual_finish=26.90 dev=+0.00 injected=0.0
[charge_scheduler-1] [INFO] [1785766197.899197050] [charge_scheduler]: [执行事件] loop=open plan_v=0 C1 type=target_service target=15 station_ord=0 planned_finish=48.34 actual_finish=48.34 dev=+0.00 injected=0.0
[charge_scheduler-1] [INFO] [1785766197.899205942] [charge_scheduler]: [执行事件] loop=open plan_v=0 C2 type=target_service target=22 station_ord=0 planned_finish=48.85 actual_finish=48.85 dev=+0.00 injected=0.0
[charge_scheduler-1] [INFO] [1785766197.899215255] [charge_scheduler]: [执行事件] loop=open plan_v=0 C2 type=target_service target=7 station_ord=0 planned_finish=73.88 actual_finish=73.88 dev=+0.00 injected=0.0
[charge_scheduler-1] [INFO] [1785766197.899225143] [charge_scheduler]: [执行事件] loop=open plan_v=0 C1 type=target_service target=11 station_ord=0 planned_finish=91.28 actual_finish=91.28 dev=+0.00 injected=0.0
[charge_scheduler-1] [INFO] [1785766197.899242119] [charge_scheduler]: [执行事件] loop=open plan_v=0 C2 type=target_service target=28 station_ord=0 planned_finish=110.97 actual_finish=110.97 dev=+0.00 injected=0.0
[charge_scheduler-1] [INFO] [1785766197.899255289] [charge_scheduler]: [执行事件] loop=open plan_v=0 C3 type=target_service target=9 station_ord=0 planned_finish=55.68 actual_finish=115.68 dev=+60.00 injected=60.0
[charge_scheduler-1] [INFO] [1785766197.899264879] [charge_scheduler]: [执行事件] loop=open plan_v=0 C2 type=station_turnaround target=-1 station_ord=1 planned_finish=123.49 actual_finish=123.49 dev=+0.00 injected=0.0
[charge_scheduler-1] [INFO] [1785766197.899274648] [charge_scheduler]: [执行事件] loop=open plan_v=0 C3 type=target_service target=1 station_ord=0 planned_finish=79.59 actual_finish=141.64 dev=+62.05 injected=0.0
[charge_scheduler-1] [INFO] [1785766197.899284216] [charge_scheduler]: [执行事件] loop=open plan_v=0 C1 type=station_turnaround target=-1 station_ord=1 planned_finish=102.82 actual_finish=162.82 dev=+60.00 injected=60.0
[charge_scheduler-1] [INFO] [1785766197.899294460] [charge_scheduler]: [执行事件] loop=open plan_v=0 C3 type=target_service target=18 station_ord=0 planned_finish=108.11 actual_finish=171.12 dev=+63.00 injected=0.0
[charge_scheduler-1] [INFO] [1785766197.899305380] [charge_scheduler]: [执行事件] loop=open plan_v=0 C1 type=target_service target=24 station_ord=0 planned_finish=130.48 actual_finish=190.81 dev=+60.32 injected=0.0
[charge_scheduler-1] [INFO] [1785766197.899315612] [charge_scheduler]: [执行事件] loop=open plan_v=0 C2 type=target_service target=5 station_ord=0 planned_finish=170.31 actual_finish=230.31 dev=+60.00 injected=60.0
[charge_scheduler-1] [INFO] [1785766197.899325336] [charge_scheduler]: [执行事件] loop=open plan_v=0 C1 type=target_service target=26 station_ord=0 planned_finish=176.00 actual_finish=238.64 dev=+62.64 injected=0.0
[charge_scheduler-1] [INFO] [1785766197.899334474] [charge_scheduler]: [执行事件] loop=open plan_v=0 C3 type=station_turnaround target=-1 station_ord=1 planned_finish=120.15 actual_finish=243.15 dev=+123.00 injected=60.0
[charge_scheduler-1] [INFO] [1785766197.899344318] [charge_scheduler]: [执行事件] loop=open plan_v=0 C1 type=target_service target=16 station_ord=0 planned_finish=214.48 actual_finish=277.55 dev=+63.07 injected=0.0
[charge_scheduler-1] [INFO] [1785766197.899353376] [charge_scheduler]: [执行事件] loop=open plan_v=0 C2 type=target_service target=6 station_ord=0 planned_finish=217.56 actual_finish=277.74 dev=+60.18 injected=0.0
[charge_scheduler-1] [INFO] [1785766197.899362682] [charge_scheduler]: [执行事件] loop=open plan_v=0 C3 type=target_service target=13 station_ord=0 planned_finish=156.49 actual_finish=280.08 dev=+123.59 injected=0.0
[charge_scheduler-1] [INFO] [1785766197.899372643] [charge_scheduler]: [执行事件] loop=open plan_v=0 C1 type=station_turnaround target=-1 station_ord=2 planned_finish=226.81 actual_finish=289.88 dev=+63.07 injected=0.0
[charge_scheduler-1] [INFO] [1785766197.899381745] [charge_scheduler]: [执行事件] loop=open plan_v=0 C2 type=station_turnaround target=-1 station_ord=2 planned_finish=232.08 actual_finish=292.26 dev=+60.18 injected=0.0
[charge_scheduler-1] [INFO] [1785766197.899391923] [charge_scheduler]: [执行事件] loop=open plan_v=0 C3 type=target_service target=0 station_ord=0 planned_finish=192.56 actual_finish=316.97 dev=+124.42 injected=0.0
[charge_scheduler-1] [INFO] [1785766197.899402188] [charge_scheduler]: [执行事件] loop=open plan_v=0 C2 type=target_service target=19 station_ord=0 planned_finish=272.56 actual_finish=333.02 dev=+60.45 injected=0.0
[charge_scheduler-1] [INFO] [1785766197.899411818] [charge_scheduler]: [执行事件] loop=open plan_v=0 C1 type=target_service target=23 station_ord=0 planned_finish=276.76 actual_finish=340.15 dev=+63.39 injected=0.0
[charge_scheduler-1] [INFO] [1785766197.899421903] [charge_scheduler]: [执行事件] loop=open plan_v=0 C3 type=target_service target=10 station_ord=0 planned_finish=225.68 actual_finish=352.69 dev=+127.02 injected=0.0
[charge_scheduler-1] [INFO] [1785766197.899431874] [charge_scheduler]: [执行事件] loop=open plan_v=0 C3 type=station_turnaround target=-1 station_ord=2 planned_finish=241.55 actual_finish=368.57 dev=+127.02 injected=0.0
[charge_scheduler-1] [INFO] [1785766197.899442094] [charge_scheduler]: [执行事件] loop=open plan_v=0 C2 type=target_service target=29 station_ord=0 planned_finish=318.92 actual_finish=379.37 dev=+60.45 injected=0.0
[charge_scheduler-1] [INFO] [1785766197.899458804] [charge_scheduler]: [执行事件] loop=open plan_v=0 C1 type=target_service target=2 station_ord=0 planned_finish=320.06 actual_finish=384.43 dev=+64.36 injected=0.0
[charge_scheduler-1] [INFO] [1785766197.899468821] [charge_scheduler]: [执行事件] loop=open plan_v=0 C2 type=station_turnaround target=-1 station_ord=3 planned_finish=333.12 actual_finish=393.58 dev=+60.45 injected=0.0
[charge_scheduler-1] [INFO] [1785766197.899478750] [charge_scheduler]: [执行事件] loop=open plan_v=0 C1 type=station_turnaround target=-1 station_ord=3 planned_finish=332.71 actual_finish=397.07 dev=+64.36 injected=0.0
[charge_scheduler-1] [INFO] [1785766197.899488805] [charge_scheduler]: [执行事件] loop=open plan_v=0 C3 type=target_service target=25 station_ord=0 planned_finish=277.78 actual_finish=407.70 dev=+129.92 injected=0.0
[charge_scheduler-1] [INFO] [1785766197.899499033] [charge_scheduler]: [执行事件] loop=open plan_v=0 C2 type=target_service target=17 station_ord=0 planned_finish=378.08 actual_finish=438.94 dev=+60.86 injected=0.0
[charge_scheduler-1] [INFO] [1785766197.899509191] [charge_scheduler]: [执行事件] loop=open plan_v=0 C2 type=final_return target=-1 station_ord=0 planned_finish=380.01 actual_finish=440.87 dev=+60.86 injected=0.0
[charge_scheduler-1] [INFO] [1785766197.899519109] [charge_scheduler]: [执行事件] loop=open plan_v=0 C1 type=target_service target=20 station_ord=0 planned_finish=378.53 actual_finish=442.90 dev=+64.36 injected=0.0
[charge_scheduler-1] [INFO] [1785766197.899528460] [charge_scheduler]: [执行事件] loop=open plan_v=0 C1 type=final_return target=-1 station_ord=0 planned_finish=380.99 actual_finish=445.35 dev=+64.36 injected=0.0
[charge_scheduler-1] [INFO] [1785766197.899538107] [charge_scheduler]: [执行事件] loop=open plan_v=0 C3 type=target_service target=14 station_ord=0 planned_finish=320.26 actual_finish=452.20 dev=+131.95 injected=0.0
[charge_scheduler-1] [INFO] [1785766197.899548267] [charge_scheduler]: [执行事件] loop=open plan_v=0 C3 type=station_turnaround target=-1 station_ord=3 planned_finish=334.52 actual_finish=466.47 dev=+131.95 injected=0.0
[charge_scheduler-1] [INFO] [1785766197.899558664] [charge_scheduler]: [执行事件] loop=open plan_v=0 C3 type=target_service target=8 station_ord=0 planned_finish=374.74 actual_finish=506.68 dev=+131.95 injected=0.0
[charge_scheduler-1] [INFO] [1785766197.899568513] [charge_scheduler]: [执行事件] loop=open plan_v=0 C3 type=final_return target=-1 station_ord=0 planned_finish=376.55 actual_finish=508.50 dev=+131.95 injected=0.0
[charge_scheduler-1] [INFO] [1785766197.899591885] [charge_scheduler]: [执行事件] loop=fixed plan_v=0 C1 type=target_service target=27 station_ord=0 planned_finish=5.89 actual_finish=5.89 dev=+0.00 injected=0.0
[charge_scheduler-1] [INFO] [1785766197.899601413] [charge_scheduler]: [执行事件] loop=fixed plan_v=0 C2 type=target_service target=4 station_ord=0 planned_finish=11.77 actual_finish=11.77 dev=+0.00 injected=0.0
[charge_scheduler-1] [INFO] [1785766197.899610901] [charge_scheduler]: [执行事件] loop=fixed plan_v=0 C1 type=target_service target=12 station_ord=0 planned_finish=14.55 actual_finish=14.55 dev=+0.00 injected=0.0
[charge_scheduler-1] [INFO] [1785766197.899620449] [charge_scheduler]: [执行事件] loop=fixed plan_v=0 C1 type=target_service target=21 station_ord=0 planned_finish=23.35 actual_finish=23.35 dev=+0.00 injected=0.0
[charge_scheduler-1] [INFO] [1785766197.899632406] [charge_scheduler]: [执行事件] loop=fixed plan_v=0 C3 type=target_service target=3 station_ord=0 planned_finish=26.90 actual_finish=26.90 dev=+0.00 injected=0.0
[charge_scheduler-1] [INFO] [1785766197.899643138] [charge_scheduler]: [执行事件] loop=fixed plan_v=0 C1 type=target_service target=15 station_ord=0 planned_finish=48.34 actual_finish=48.34 dev=+0.00 injected=0.0
[charge_scheduler-1] [INFO] [1785766197.899652795] [charge_scheduler]: [执行事件] loop=fixed plan_v=0 C2 type=target_service target=22 station_ord=0 planned_finish=48.85 actual_finish=48.85 dev=+0.00 injected=0.0
[charge_scheduler-1] [INFO] [1785766197.899662587] [charge_scheduler]: [执行事件] loop=fixed plan_v=0 C2 type=target_service target=7 station_ord=0 planned_finish=73.88 actual_finish=73.88 dev=+0.00 injected=0.0
[charge_scheduler-1] [INFO] [1785766197.899679059] [charge_scheduler]: [执行事件] loop=fixed plan_v=0 C1 type=target_service target=11 station_ord=0 planned_finish=91.28 actual_finish=91.28 dev=+0.00 injected=0.0
[charge_scheduler-1] [INFO] [1785766197.899689851] [charge_scheduler]: [执行事件] loop=fixed plan_v=0 C2 type=target_service target=28 station_ord=0 planned_finish=110.97 actual_finish=110.97 dev=+0.00 injected=0.0
[charge_scheduler-1] [INFO] [1785766197.899700066] [charge_scheduler]: [执行事件] loop=fixed plan_v=0 C3 type=target_service target=9 station_ord=0 planned_finish=55.68 actual_finish=115.68 dev=+60.00 injected=60.0
[charge_scheduler-1] [WARN] [1785766198.411921517] [charge_scheduler]: [重调度事件] policy=fixed #1 t=115.68min trigger=C3/target_service dev=+60.00 pool=19 committed=0 plan_v=1 solve_ms=512.1 changed_assign=0 changed_order=16
[charge_scheduler-1] [INFO] [1785766198.411968361] [charge_scheduler]: [执行事件] loop=fixed plan_v=0 C2 type=station_turnaround target=-1 station_ord=1 planned_finish=123.49 actual_finish=123.49 dev=+0.00 injected=0.0
[charge_scheduler-1] [INFO] [1785766198.411980377] [charge_scheduler]: [执行事件] loop=fixed plan_v=1 C3 type=target_service target=1 station_ord=0 planned_finish=141.64 actual_finish=141.64 dev=+0.00 injected=0.0
[charge_scheduler-1] [INFO] [1785766198.411987117] [charge_scheduler]: [执行事件] loop=fixed plan_v=0 C1 type=station_turnaround target=-1 station_ord=1 planned_finish=102.82 actual_finish=162.82 dev=+60.00 injected=60.0
[charge_scheduler-1] [WARN] [1785766198.761486786] [charge_scheduler]: [重调度事件] policy=fixed #2 t=162.82min trigger=C1/station_turnaround dev=+60.00 pool=16 committed=2 plan_v=2 solve_ms=349.4 changed_assign=0 changed_order=15
[charge_scheduler-1] [INFO] [1785766198.761547265] [charge_scheduler]: [执行事件] loop=fixed plan_v=1 C3 type=target_service target=18 station_ord=0 planned_finish=171.12 actual_finish=171.12 dev=+0.00 injected=0.0
[charge_scheduler-1] [INFO] [1785766198.761561734] [charge_scheduler]: [执行事件] loop=fixed plan_v=2 C1 type=target_service target=16 station_ord=0 planned_finish=199.62 actual_finish=199.62 dev=+0.00 injected=0.0
[charge_scheduler-1] [INFO] [1785766198.761568357] [charge_scheduler]: [执行事件] loop=fixed plan_v=2 C1 type=target_service target=24 station_ord=0 planned_finish=228.51 actual_finish=228.51 dev=+0.00 injected=0.0
[charge_scheduler-1] [INFO] [1785766198.761574391] [charge_scheduler]: [执行事件] loop=fixed plan_v=1 C2 type=target_service target=5 station_ord=0 planned_finish=170.31 actual_finish=230.31 dev=+60.00 injected=60.0
[charge_scheduler-1] [WARN] [1785766199.040664604] [charge_scheduler]: [重调度事件] policy=fixed #3 t=230.31min trigger=C2/target_service dev=+60.00 pool=13 committed=1 plan_v=3 solve_ms=279.0 changed_assign=0 changed_order=12
[charge_scheduler-1] [INFO] [1785766199.040715592] [charge_scheduler]: [执行事件] loop=fixed plan_v=2 C3 type=station_turnaround target=-1 station_ord=1 planned_finish=183.15 actual_finish=243.15 dev=+60.00 injected=60.0
[charge_scheduler-1] [WARN] [1785766199.297840715] [charge_scheduler]: [重调度事件] policy=fixed #4 t=243.15min trigger=C3/station_turnaround dev=+60.00 pool=12 committed=2 plan_v=4 solve_ms=257.1 changed_assign=0 changed_order=2
[charge_scheduler-1] [INFO] [1785766199.297895498] [charge_scheduler]: [执行事件] loop=fixed plan_v=3 C2 type=target_service target=19 station_ord=0 planned_finish=270.14 actual_finish=270.14 dev=+0.00 injected=0.0
[charge_scheduler-1] [INFO] [1785766199.297906910] [charge_scheduler]: [执行事件] loop=fixed plan_v=2 C1 type=target_service target=20 station_ord=0 planned_finish=275.12 actual_finish=275.12 dev=+0.00 injected=0.0
[charge_scheduler-1] [INFO] [1785766199.297913005] [charge_scheduler]: [执行事件] loop=fixed plan_v=4 C3 type=target_service target=13 station_ord=0 planned_finish=280.08 actual_finish=280.08 dev=+0.00 injected=0.0
[charge_scheduler-1] [INFO] [1785766199.297918871] [charge_scheduler]: [执行事件] loop=fixed plan_v=4 C2 type=station_turnaround target=-1 station_ord=2 planned_finish=283.47 actual_finish=283.47 dev=+0.00 injected=0.0
[charge_scheduler-1] [INFO] [1785766199.297924993] [charge_scheduler]: [执行事件] loop=fixed plan_v=4 C1 type=station_turnaround target=-1 station_ord=2 planned_finish=287.57 actual_finish=287.57 dev=+0.00 injected=0.0
[charge_scheduler-1] [INFO] [1785766199.297930668] [charge_scheduler]: [执行事件] loop=fixed plan_v=4 C3 type=target_service target=8 station_ord=0 planned_finish=322.63 actual_finish=322.63 dev=+0.00 injected=0.0
[charge_scheduler-1] [INFO] [1785766199.297965483] [charge_scheduler]: [执行事件] loop=fixed plan_v=4 C2 type=target_service target=29 station_ord=0 planned_finish=328.44 actual_finish=328.44 dev=+0.00 injected=0.0
[charge_scheduler-1] [INFO] [1785766199.297971573] [charge_scheduler]: [执行事件] loop=fixed plan_v=4 C3 type=station_turnaround target=-1 station_ord=2 planned_finish=334.45 actual_finish=334.45 dev=+0.00 injected=0.0
[charge_scheduler-1] [INFO] [1785766199.297977273] [charge_scheduler]: [执行事件] loop=fixed plan_v=4 C1 type=target_service target=2 station_ord=0 planned_finish=337.36 actual_finish=337.36 dev=+0.00 injected=0.0
[charge_scheduler-1] [INFO] [1785766199.297983063] [charge_scheduler]: [执行事件] loop=fixed plan_v=4 C3 type=target_service target=10 station_ord=0 planned_finish=372.49 actual_finish=372.49 dev=+0.00 injected=0.0
[charge_scheduler-1] [INFO] [1785766199.297988441] [charge_scheduler]: [执行事件] loop=fixed plan_v=4 C2 type=target_service target=6 station_ord=0 planned_finish=375.20 actual_finish=375.20 dev=+0.00 injected=0.0
[charge_scheduler-1] [INFO] [1785766199.297993893] [charge_scheduler]: [执行事件] loop=fixed plan_v=4 C1 type=target_service target=23 station_ord=0 planned_finish=381.69 actual_finish=381.69 dev=+0.00 injected=0.0
[charge_scheduler-1] [INFO] [1785766199.297999189] [charge_scheduler]: [执行事件] loop=fixed plan_v=4 C2 type=station_turnaround target=-1 station_ord=3 planned_finish=389.72 actual_finish=389.72 dev=+0.00 injected=0.0
[charge_scheduler-1] [INFO] [1785766199.298005139] [charge_scheduler]: [执行事件] loop=fixed plan_v=4 C1 type=station_turnaround target=-1 station_ord=3 planned_finish=393.83 actual_finish=393.83 dev=+0.00 injected=0.0
[charge_scheduler-1] [INFO] [1785766199.298010762] [charge_scheduler]: [执行事件] loop=fixed plan_v=4 C3 type=target_service target=0 station_ord=0 planned_finish=408.25 actual_finish=408.25 dev=+0.00 injected=0.0
[charge_scheduler-1] [INFO] [1785766199.298016357] [charge_scheduler]: [执行事件] loop=fixed plan_v=4 C3 type=station_turnaround target=-1 station_ord=3 planned_finish=423.72 actual_finish=423.72 dev=+0.00 injected=0.0
[charge_scheduler-1] [INFO] [1785766199.298021991] [charge_scheduler]: [执行事件] loop=fixed plan_v=4 C2 type=target_service target=17 station_ord=0 planned_finish=435.09 actual_finish=435.09 dev=+0.00 injected=0.0
[charge_scheduler-1] [INFO] [1785766199.298027677] [charge_scheduler]: [执行事件] loop=fixed plan_v=4 C2 type=final_return target=-1 station_ord=0 planned_finish=437.02 actual_finish=437.02 dev=+0.00 injected=0.0
[charge_scheduler-1] [INFO] [1785766199.298033218] [charge_scheduler]: [执行事件] loop=fixed plan_v=4 C1 type=target_service target=26 station_ord=0 planned_finish=439.79 actual_finish=439.79 dev=+0.00 injected=0.0
[charge_scheduler-1] [INFO] [1785766199.298038750] [charge_scheduler]: [执行事件] loop=fixed plan_v=4 C1 type=final_return target=-1 station_ord=0 planned_finish=442.41 actual_finish=442.41 dev=+0.00 injected=0.0
[charge_scheduler-1] [INFO] [1785766199.298044184] [charge_scheduler]: [执行事件] loop=fixed plan_v=4 C3 type=target_service target=25 station_ord=0 planned_finish=462.85 actual_finish=462.85 dev=+0.00 injected=0.0
[charge_scheduler-1] [INFO] [1785766199.298049611] [charge_scheduler]: [执行事件] loop=fixed plan_v=4 C3 type=target_service target=14 station_ord=0 planned_finish=507.35 actual_finish=507.35 dev=+0.00 injected=0.0
[charge_scheduler-1] [INFO] [1785766199.298054759] [charge_scheduler]: [执行事件] loop=fixed plan_v=4 C3 type=final_return target=-1 station_ord=0 planned_finish=511.62 actual_finish=511.62 dev=+0.00 injected=0.0
[charge_scheduler-1] [INFO] [1785766199.298075045] [charge_scheduler]: [执行事件] loop=global plan_v=0 C1 type=target_service target=27 station_ord=0 planned_finish=5.89 actual_finish=5.89 dev=+0.00 injected=0.0
[charge_scheduler-1] [INFO] [1785766199.298080835] [charge_scheduler]: [执行事件] loop=global plan_v=0 C2 type=target_service target=4 station_ord=0 planned_finish=11.77 actual_finish=11.77 dev=+0.00 injected=0.0
[charge_scheduler-1] [INFO] [1785766199.298086411] [charge_scheduler]: [执行事件] loop=global plan_v=0 C1 type=target_service target=12 station_ord=0 planned_finish=14.55 actual_finish=14.55 dev=+0.00 injected=0.0
[charge_scheduler-1] [INFO] [1785766199.298094245] [charge_scheduler]: [执行事件] loop=global plan_v=0 C1 type=target_service target=21 station_ord=0 planned_finish=23.35 actual_finish=23.35 dev=+0.00 injected=0.0
[charge_scheduler-1] [INFO] [1785766199.298099820] [charge_scheduler]: [执行事件] loop=global plan_v=0 C3 type=target_service target=3 station_ord=0 planned_finish=26.90 actual_finish=26.90 dev=+0.00 injected=0.0
[charge_scheduler-1] [INFO] [1785766199.298106307] [charge_scheduler]: [执行事件] loop=global plan_v=0 C1 type=target_service target=15 station_ord=0 planned_finish=48.34 actual_finish=48.34 dev=+0.00 injected=0.0
[charge_scheduler-1] [INFO] [1785766199.298111639] [charge_scheduler]: [执行事件] loop=global plan_v=0 C2 type=target_service target=22 station_ord=0 planned_finish=48.85 actual_finish=48.85 dev=+0.00 injected=0.0
[charge_scheduler-1] [INFO] [1785766199.298117258] [charge_scheduler]: [执行事件] loop=global plan_v=0 C2 type=target_service target=7 station_ord=0 planned_finish=73.88 actual_finish=73.88 dev=+0.00 injected=0.0
[charge_scheduler-1] [INFO] [1785766199.298122879] [charge_scheduler]: [执行事件] loop=global plan_v=0 C1 type=target_service target=11 station_ord=0 planned_finish=91.28 actual_finish=91.28 dev=+0.00 injected=0.0
[charge_scheduler-1] [INFO] [1785766199.298129216] [charge_scheduler]: [执行事件] loop=global plan_v=0 C2 type=target_service target=28 station_ord=0 planned_finish=110.97 actual_finish=110.97 dev=+0.00 injected=0.0
[charge_scheduler-1] [INFO] [1785766199.298134929] [charge_scheduler]: [执行事件] loop=global plan_v=0 C3 type=target_service target=9 station_ord=0 planned_finish=55.68 actual_finish=115.68 dev=+60.00 injected=60.0
[charge_scheduler-1] [WARN] [1785766202.442060574] [charge_scheduler]: [重调度事件] policy=global #1 t=115.68min trigger=C3/target_service dev=+60.00 pool=19 committed=0 plan_v=1 solve_ms=3143.9 changed_assign=12 changed_order=16
[charge_scheduler-1] [INFO] [1785766202.442115680] [charge_scheduler]: [执行事件] loop=global plan_v=0 C2 type=station_turnaround target=-1 station_ord=1 planned_finish=123.49 actual_finish=123.49 dev=+0.00 injected=0.0
[charge_scheduler-1] [INFO] [1785766202.442125515] [charge_scheduler]: [执行事件] loop=global plan_v=1 C3 type=target_service target=1 station_ord=0 planned_finish=141.64 actual_finish=141.64 dev=+0.00 injected=0.0
[charge_scheduler-1] [INFO] [1785766202.442134438] [charge_scheduler]: [执行事件] loop=global plan_v=1 C2 type=target_service target=13 station_ord=0 planned_finish=160.11 actual_finish=160.11 dev=+0.00 injected=0.0
[charge_scheduler-1] [INFO] [1785766202.442140097] [charge_scheduler]: [执行事件] loop=global plan_v=0 C1 type=station_turnaround target=-1 station_ord=1 planned_finish=102.82 actual_finish=162.82 dev=+60.00 injected=60.0
[charge_scheduler-1] [WARN] [1785766204.723315523] [charge_scheduler]: [重调度事件] policy=global #2 t=162.82min trigger=C1/station_turnaround dev=+60.00 pool=16 committed=1 plan_v=2 solve_ms=2281.1 changed_assign=10 changed_order=14
[charge_scheduler-1] [INFO] [1785766204.723366390] [charge_scheduler]: [执行事件] loop=global plan_v=2 C1 type=target_service target=24 station_ord=0 planned_finish=190.81 actual_finish=190.81 dev=+0.00 injected=0.0
[charge_scheduler-1] [INFO] [1785766204.723375391] [charge_scheduler]: [执行事件] loop=global plan_v=1 C2 type=target_service target=0 station_ord=0 planned_finish=196.47 actual_finish=196.47 dev=+0.00 injected=0.0
[charge_scheduler-1] [INFO] [1785766204.723381947] [charge_scheduler]: [执行事件] loop=global plan_v=1 C3 type=station_turnaround target=-1 station_ord=1 planned_finish=155.06 actual_finish=215.06 dev=+60.00 injected=60.0
[charge_scheduler-1] [WARN] [1785766205.883400234] [charge_scheduler]: [重调度事件] policy=global #3 t=215.06min trigger=C3/station_turnaround dev=+60.00 pool=13 committed=2 plan_v=3 solve_ms=1160.0 changed_assign=6 changed_order=12
[charge_scheduler-1] [INFO] [1785766205.883478491] [charge_scheduler]: [执行事件] loop=global plan_v=2 C1 type=target_service target=8 station_ord=0 planned_finish=227.85 actual_finish=227.85 dev=+0.00 injected=0.0
[charge_scheduler-1] [INFO] [1785766205.883500729] [charge_scheduler]: [执行事件] loop=global plan_v=2 C2 type=target_service target=10 station_ord=0 planned_finish=229.93 actual_finish=229.93 dev=+0.00 injected=0.0
[charge_scheduler-1] [INFO] [1785766205.883513386] [charge_scheduler]: [执行事件] loop=global plan_v=3 C2 type=station_turnaround target=-1 station_ord=2 planned_finish=245.80 actual_finish=245.80 dev=+0.00 injected=0.0
[charge_scheduler-1] [INFO] [1785766205.883552431] [charge_scheduler]: [执行事件] loop=global plan_v=3 C3 type=target_service target=25 station_ord=0 planned_finish=249.07 actual_finish=249.07 dev=+0.00 injected=0.0
[charge_scheduler-1] [INFO] [1785766205.883563234] [charge_scheduler]: [执行事件] loop=global plan_v=3 C1 type=target_service target=18 station_ord=0 planned_finish=254.23 actual_finish=254.23 dev=+0.00 injected=0.0
[charge_scheduler-1] [INFO] [1785766205.883573588] [charge_scheduler]: [执行事件] loop=global plan_v=3 C1 type=station_turnaround target=-1 station_ord=2 planned_finish=266.27 actual_finish=266.27 dev=+0.00 injected=0.0
[charge_scheduler-1] [INFO] [1785766205.883584674] [charge_scheduler]: [执行事件] loop=global plan_v=3 C3 type=target_service target=19 station_ord=0 planned_finish=286.03 actual_finish=286.03 dev=+0.00 injected=0.0
[charge_scheduler-1] [INFO] [1785766205.883595436] [charge_scheduler]: [执行事件] loop=global plan_v=3 C2 type=target_service target=26 station_ord=0 planned_finish=291.75 actual_finish=291.75 dev=+0.00 injected=0.0
[charge_scheduler-1] [INFO] [1785766205.883606116] [charge_scheduler]: [执行事件] loop=global plan_v=3 C1 type=target_service target=2 station_ord=0 planned_finish=314.63 actual_finish=314.63 dev=+0.00 injected=0.0
[charge_scheduler-1] [INFO] [1785766205.883615941] [charge_scheduler]: [执行事件] loop=global plan_v=3 C3 type=target_service target=16 station_ord=0 planned_finish=322.39 actual_finish=322.39 dev=+0.00 injected=0.0
[charge_scheduler-1] [INFO] [1785766205.883626334] [charge_scheduler]: [执行事件] loop=global plan_v=3 C3 type=station_turnaround target=-1 station_ord=2 planned_finish=334.72 actual_finish=334.72 dev=+0.00 injected=0.0
[charge_scheduler-1] [INFO] [1785766205.883636018] [charge_scheduler]: [执行事件] loop=global plan_v=3 C2 type=target_service target=14 station_ord=0 planned_finish=338.95 actual_finish=338.95 dev=+0.00 injected=0.0
[charge_scheduler-1] [INFO] [1785766205.883645969] [charge_scheduler]: [执行事件] loop=global plan_v=3 C2 type=station_turnaround target=-1 station_ord=3 planned_finish=353.22 actual_finish=353.22 dev=+0.00 injected=0.0
[charge_scheduler-1] [INFO] [1785766205.883655625] [charge_scheduler]: [执行事件] loop=global plan_v=3 C1 type=target_service target=23 station_ord=0 planned_finish=358.96 actual_finish=358.96 dev=+0.00 injected=0.0
[charge_scheduler-1] [INFO] [1785766205.883665812] [charge_scheduler]: [执行事件] loop=global plan_v=3 C1 type=station_turnaround target=-1 station_ord=3 planned_finish=371.10 actual_finish=371.10 dev=+0.00 injected=0.0
[charge_scheduler-1] [INFO] [1785766205.883676315] [charge_scheduler]: [执行事件] loop=global plan_v=3 C3 type=target_service target=17 station_ord=0 planned_finish=379.82 actual_finish=379.82 dev=+0.00 injected=0.0
[charge_scheduler-1] [INFO] [1785766205.883688460] [charge_scheduler]: [执行事件] loop=global plan_v=3 C2 type=target_service target=29 station_ord=0 planned_finish=398.18 actual_finish=398.18 dev=+0.00 injected=0.0
[charge_scheduler-1] [INFO] [1785766205.883698583] [charge_scheduler]: [执行事件] loop=global plan_v=3 C1 type=target_service target=20 station_ord=0 planned_finish=416.92 actual_finish=416.92 dev=+0.00 injected=0.0
[charge_scheduler-1] [INFO] [1785766205.883708695] [charge_scheduler]: [执行事件] loop=global plan_v=3 C1 type=final_return target=-1 station_ord=0 planned_finish=419.38 actual_finish=419.38 dev=+0.00 injected=0.0
[charge_scheduler-1] [INFO] [1785766205.883718892] [charge_scheduler]: [执行事件] loop=global plan_v=3 C2 type=target_service target=6 station_ord=0 planned_finish=444.94 actual_finish=444.94 dev=+0.00 injected=0.0
[charge_scheduler-1] [INFO] [1785766205.883731097] [charge_scheduler]: [执行事件] loop=global plan_v=3 C2 type=final_return target=-1 station_ord=0 planned_finish=449.46 actual_finish=449.46 dev=+0.00 injected=0.0
[charge_scheduler-1] [INFO] [1785766205.883740901] [charge_scheduler]: [执行事件] loop=global plan_v=3 C3 type=target_service target=5 station_ord=0 planned_finish=428.69 actual_finish=488.69 dev=+60.00 injected=60.0
[charge_scheduler-1] [INFO] [1785766205.883753295] [charge_scheduler]: [执行事件] loop=global plan_v=3 C3 type=final_return target=-1 station_ord=0 planned_finish=430.30 actual_finish=490.30 dev=+60.00 injected=0.0
[charge_scheduler-1] [INFO] [1785766205.883781608] [charge_scheduler]: ★闭环实验结果 mode=open M=30 K=3 disturbance=combined delay=60.0 seed=10 N_late=18 T_overtime=1649.697 C_total=7716.779 makespan=508.502 served=30 energy_viol=4 reschedules=0 reschedule_ms=0.000 changed_assign=0 changed_order=0 applied_target=2 applied_station=2 initial_solve_ms=46612.917 objective_order=Nlate,Tover,Ctotal
[charge_scheduler-1] [INFO] [1785766205.883797822] [charge_scheduler]: ★闭环实验结果 mode=fixed M=30 K=3 disturbance=combined delay=60.0 seed=10 N_late=16 T_overtime=1680.768 C_total=7607.102 makespan=511.618 served=30 energy_viol=0 reschedules=4 reschedule_ms=1397.694 changed_assign=0 changed_order=45 applied_target=2 applied_station=2 initial_solve_ms=46612.917 objective_order=Nlate,Tover,Ctotal
[charge_scheduler-1] [INFO] [1785766205.883811728] [charge_scheduler]: ★闭环实验收益 policy=fixed M=30 K=3 disturbance=combined delay=60.0 seed=10 recovered_late=2 overtime_reduction=-31.071 distance_delta=-109.676 makespan_reduction=-3.116
[charge_scheduler-1] [INFO] [1785766205.883821439] [charge_scheduler]: ★闭环实验结果 mode=closed M=30 K=3 disturbance=combined delay=60.0 seed=10 N_late=11 T_overtime=1312.141 C_total=6712.929 makespan=490.304 served=30 energy_viol=0 reschedules=3 reschedule_ms=6585.020 changed_assign=28 changed_order=42 applied_target=2 applied_station=2 initial_solve_ms=46612.917 objective_order=Nlate,Tover,Ctotal
[charge_scheduler-1] [INFO] [1785766205.883833581] [charge_scheduler]: ★闭环实验收益 policy=closed M=30 K=3 disturbance=combined delay=60.0 seed=10 recovered_late=7 overtime_reduction=337.555 distance_delta=-1003.850 makespan_reduction=18.198
