[INFO] [launch]: All log files can be found below /root/.ros/log/2026-08-03-12-09-27-961544-YYYY-27672
[INFO] [launch]: Default logging verbosity is set to INFO
[INFO] [charge_scheduler-1]: process started with pid [27676]
[charge_scheduler-1] [INFO] [1785758968.088746075] [charge_scheduler]: [目标顺序] objective_order=Nlate,Tover,Ctotal
[charge_scheduler-1] [INFO] [1785758968.089422125] [charge_scheduler]: [Scheduler] 20辆车 | 电池800.0kWh(20%=160.0 80%=640.0) | 充电360kW效率97% | 行驶0.6kWh/km | 桩350kW
[charge_scheduler-1] [INFO] [1785758968.089459921] [charge_scheduler]: [Scheduler] 站端周转: 换电 10 min(换后满电) | 单趟可用 640 kWh
[charge_scheduler-1] [INFO] [1785758968.089475429] [charge_scheduler]:   车#0 [电动装载机282|light] 位置(3865.2,73751.0) 容量282kWh 剩余35% | α=6→6min/% τ=168min → 需130.8kWh(充21.2min)
[charge_scheduler-1] [INFO] [1785758968.089496294] [charge_scheduler]:   车#1 [重型叉车|light] 位置(3785.0,73749.2) 容量200kWh 剩余20% | α=6→6min/% τ=96min → 需123.7kWh(充20.0min)
[charge_scheduler-1] [INFO] [1785758968.089514644] [charge_scheduler]:   车#2 [电动装载机350|light] 位置(3811.5,73799.9) 容量350kWh 剩余50% | α=6→6min/% τ=288min → 需108.2kWh(充17.5min)
[charge_scheduler-1] [INFO] [1785758968.089530934] [charge_scheduler]:   车#3 [重型叉车|light] 位置(3810.8,73773.1) 容量200kWh 剩余10% | α=6→6min/% τ=32min → 需144.3kWh(充23.3min)
[charge_scheduler-1] [INFO] [1785758968.089548001] [charge_scheduler]:   车#4 [电动装载机282|heavy→降级] 位置(3905.0,73793.5) 容量282kWh 剩余60% | α=3→6min/% τ=212min → 需58.1kWh(充9.4min)
[charge_scheduler-1] [INFO] [1785758968.089564988] [charge_scheduler]:   车#5 [电动装载机350|light] 位置(3894.3,73756.9) 容量350kWh 剩余25% | α=6→6min/% τ=128min → 需198.5kWh(充32.1min)
[charge_scheduler-1] [INFO] [1785758968.089580747] [charge_scheduler]:   车#6 [电动装载机350|heavy→降级] 位置(3818.5,73716.2) 容量350kWh 剩余40% | α=4→6min/% τ=176min → 需144.3kWh(充23.3min)
[charge_scheduler-1] [INFO] [1785758968.089608265] [charge_scheduler]:   车#7 [重型叉车|light] 位置(3733.2,73772.4) 容量200kWh 剩余15% | α=6→6min/% τ=64min → 需134.0kWh(充21.7min)
[charge_scheduler-1] [INFO] [1785758968.089625404] [charge_scheduler]:   车#8 [电动装载机282|heavy→降级] 位置(3764.7,73699.0) 容量282kWh 剩余55% | α=3→6min/% τ=196min → 需72.7kWh(充11.8min)
[charge_scheduler-1] [INFO] [1785758968.089641821] [charge_scheduler]:   车#9 [电动装载机282|heavy→降级] 位置(3878.4,73747.9) 容量282kWh 剩余30% | α=3→6min/% τ=116min → 需145.4kWh(充23.5min)
[charge_scheduler-1] [INFO] [1785758968.089657987] [charge_scheduler]:   车#10 [电动装载机282|light] 位置(3740.3,73686.9) 容量282kWh 剩余45% | α=6→6min/% τ=224min → 需101.8kWh(充16.4min)
[charge_scheduler-1] [INFO] [1785758968.089674368] [charge_scheduler]:   车#11 [电动装载机350|light] 位置(3895.4,73811.9) 容量350kWh 剩余18% | α=6→6min/% τ=83min → 需223.7kWh(充36.2min)
[charge_scheduler-1] [INFO] [1785758968.089691444] [charge_scheduler]:   车#12 [重型叉车|heavy→降级] 位置(3876.0,73830.2) 容量200kWh 剩余62% | α=3→6min/% τ=230min → 需37.1kWh(充6.0min)
[charge_scheduler-1] [INFO] [1785758968.089708111] [charge_scheduler]:   车#13 [电动装载机282|light] 位置(3765.9,73790.3) 容量282kWh 剩余28% | α=6→6min/% τ=129min → 需151.2kWh(充24.4min)
[charge_scheduler-1] [INFO] [1785758968.089729426] [charge_scheduler]:   车#14 [电动装载机350|light] 位置(3637.1,73698.1) 容量350kWh 剩余52% | α=6→6min/% τ=301min → 需101.0kWh(充16.3min)
[charge_scheduler-1] [INFO] [1785758968.089745925] [charge_scheduler]:   车#15 [重型叉车|light] 位置(3884.5,73833.1) 容量200kWh 剩余12% | α=6→6min/% τ=45min → 需140.2kWh(充22.7min)
[charge_scheduler-1] [INFO] [1785758968.089762284] [charge_scheduler]:   车#16 [电动装载机282|light] 位置(3699.3,73765.4) 容量282kWh 剩余38% | α=6→6min/% τ=185min → 需122.1kWh(充19.7min)
[charge_scheduler-1] [INFO] [1785758968.089778242] [charge_scheduler]:   车#17 [电动装载机350|light] 位置(3800.8,73717.7) 容量350kWh 剩余58% | α=6→6min/% τ=339min → 需79.4kWh(充12.8min)
[charge_scheduler-1] [INFO] [1785758968.089964211] [charge_scheduler]:   车#18 [重型叉车|heavy→降级] 位置(3825.0,73792.7) 容量200kWh 剩余22% | α=3→6min/% τ=102min → 需119.6kWh(充19.3min)
[charge_scheduler-1] [INFO] [1785758968.089987426] [charge_scheduler]:   车#19 [电动装载机282|light] 位置(3784.3,73759.0) 容量282kWh 剩余48% | α=6→6min/% τ=241min → 需93.0kWh(充15.0min)
[charge_scheduler-1] [INFO] [1785758968.103671142] [charge_scheduler]: [Scheduler] 闭环接口: threshold=10.0min | event_sim=on | policy=all | structured_feedback=optional (/task_planner/execution_event)
[charge_scheduler-1] [INFO] [1785758968.103712522] [charge_scheduler]: [Scheduler] 已启动, 等待地图...
[charge_scheduler-1] [INFO] [1785758968.103731881] [charge_scheduler]: [Scheduler] 充电车1接口: sequence/served/arrived_target/arrived_station/return_goal/task_complete 后缀=_1
[charge_scheduler-1] [INFO] [1785758968.103743447] [charge_scheduler]: [Scheduler] 充电车2接口: sequence/served/arrived_target/arrived_station/return_goal/task_complete 后缀=_2
[charge_scheduler-1] [INFO] [1785758968.202040205] [charge_scheduler]: [Scheduler] RoutingGraph 就绪
[charge_scheduler-1] [INFO] [1785758968.202463885] [charge_scheduler]: [Scheduler] 提取到 0 条虚线捷径
[charge_scheduler-1] [INFO] [1785758968.229900077] [charge_scheduler]: [Scheduler] 下层兼容增强图: 190 节点, 0 条虚线掉头边
[charge_scheduler-1] [INFO] [1785758977.714461076] [charge_scheduler]: [Scheduler] 距离矩阵完成 21x21, 9484.5 ms | 模式=maneuver | 真实不可达=0 抽象不可达=0 | 缺少对向投影节点=0 | 对向识别(ID/几何/法向)=0/0/0 | 单向驿站投影=0
[charge_scheduler-1] [INFO] [1785758977.714551042] [charge_scheduler]:   ✓ 比值自检：420 个 OD 满足 机动/直线≥1 | 均值=3.73 最大=54.86 (车#15→车#12)
[charge_scheduler-1] [INFO] [1785758977.714562903] [charge_scheduler]: [Scheduler] 地图就绪, 190 条 lanelet（与下层一致）
[charge_scheduler-1] [INFO] [1785758977.714625150] [charge_scheduler]: ======== 开始VRPTW调度 20 辆车 ========
[charge_scheduler-1] [INFO] [1785758977.714630112] [charge_scheduler]:   规模20>8 → 启发式(alns)
[charge_scheduler-1] [INFO] [1785758989.444661178] [charge_scheduler]: [ALNS] objective_order=Nlate,Tover,Ctotal seed=1 iters=15000 | N_late=2(成功率90.0%) T_overtime=355.5min C_total=5875.8m | 趟数=8 makespan=410.3min
[charge_scheduler-1] [INFO] [1785758989.444714343] [charge_scheduler]:   求解耗时 11730.1 ms
[charge_scheduler-1] [INFO] [1785758989.444722152] [charge_scheduler]: ════════ 调度结果 ════════
[charge_scheduler-1] [INFO] [1785758989.444727151] [charge_scheduler]:   ★目标(字典序): objective_order=Nlate,Tover,Ctotal | N_late=2 辆 (按时成功率 18/20 = 90.0%)  T_overtime=355.5min  C_total=5875.8m
[charge_scheduler-1] [INFO] [1785758989.444733075] [charge_scheduler]:   附: 趟数=8 | makespan=410.3min | 能量可行=是
[charge_scheduler-1] [INFO] [1785758989.444743517] [charge_scheduler]:   [充电车2] 趟1: 站 → 车#0(到2.8/限168.0✓) → 车#13(到28.0/限128.8✓) → 车#7(到55.4/限64.0✓) → 车#18(到84.4/限102.4✓) → 站
[charge_scheduler-1] [INFO] [1785758989.444749775] [charge_scheduler]:   [充电车1] 趟2: 站 → 车#3(到1.7/限32.0✓) → 车#15(到27.4/限44.8✓) → 车#9(到53.2/限116.0✓) → 车#1(到85.1/限96.0✓) → 站
[charge_scheduler-1] [INFO] [1785758989.444755434] [charge_scheduler]:   [充电车1] 趟3: 站 → 车#10(到123.1/限224.0✓) → 车#16(到153.1/限184.8✓) → 车#4(到189.6/限212.0✓) → 站
[charge_scheduler-1] [INFO] [1785758989.444761093] [charge_scheduler]:   [充电车2] 趟4: 站 → 车#5(到126.2/限128.0✓) → 车#8(到174.5/限196.0✓) → 车#12(到211.4/限230.4✓) → 站
[charge_scheduler-1] [INFO] [1785758989.444766609] [charge_scheduler]:   [充电车1] 趟5: 站 → 车#19(到238.5/限240.8✓) → 车#2(到274.7/限288.0✓) → 站
[charge_scheduler-1] [INFO] [1785758989.444771469] [charge_scheduler]:   [充电车2] 趟6: 站 → 车#6(到252.7/限176.0✗超时) → 车#14(到300.4/限300.8✓) → 站
[charge_scheduler-1] [INFO] [1785758989.444775925] [charge_scheduler]:   [充电车1] 趟7: 站 → 车#17(到335.5/限339.2✓) → 站
[charge_scheduler-1] [INFO] [1785758989.444780034] [charge_scheduler]:   [充电车2] 趟8: 站 → 车#11(到362.0/限83.2✗超时) → 站
[charge_scheduler-1] [INFO] [1785758989.444783458] [charge_scheduler]: ════════════════════════
[charge_scheduler-1] [INFO] [1785758989.444830867] [charge_scheduler]: [扰动清单] type=target delay=30.0min targets={9,16,} station={}
[charge_scheduler-1] [INFO] [1785758989.444844114] [charge_scheduler]: [执行事件] loop=open plan_v=0 C2 type=target_service target=0 station_ord=0 planned_finish=24.18 actual_finish=24.18 dev=+0.00 injected=0.0
[charge_scheduler-1] [INFO] [1785758989.444851338] [charge_scheduler]: [执行事件] loop=open plan_v=0 C1 type=target_service target=3 station_ord=0 planned_finish=25.10 actual_finish=25.10 dev=+0.00 injected=0.0
[charge_scheduler-1] [INFO] [1785758989.444883418] [charge_scheduler]: [执行事件] loop=open plan_v=0 C1 type=target_service target=15 station_ord=0 planned_finish=51.49 actual_finish=51.49 dev=+0.00 injected=0.0
[charge_scheduler-1] [INFO] [1785758989.444889328] [charge_scheduler]: [执行事件] loop=open plan_v=0 C2 type=target_service target=13 station_ord=0 planned_finish=54.77 actual_finish=54.77 dev=+0.00 injected=0.0
[charge_scheduler-1] [INFO] [1785758989.444895251] [charge_scheduler]: [执行事件] loop=open plan_v=0 C2 type=target_service target=7 station_ord=0 planned_finish=79.97 actual_finish=79.97 dev=+0.00 injected=0.0
[charge_scheduler-1] [INFO] [1785758989.444900643] [charge_scheduler]: [执行事件] loop=open plan_v=0 C2 type=target_service target=18 station_ord=0 planned_finish=108.50 actual_finish=108.50 dev=+0.00 injected=0.0
[charge_scheduler-1] [INFO] [1785758989.444906376] [charge_scheduler]: [执行事件] loop=open plan_v=0 C1 type=target_service target=9 station_ord=0 planned_finish=83.17 actual_finish=113.17 dev=+30.00 injected=30.0
[charge_scheduler-1] [INFO] [1785758989.444912445] [charge_scheduler]: [执行事件] loop=open plan_v=0 C2 type=station_turnaround target=-1 station_ord=1 planned_finish=121.01 actual_finish=121.01 dev=+0.00 injected=0.0
[charge_scheduler-1] [INFO] [1785758989.444918448] [charge_scheduler]: [执行事件] loop=open plan_v=0 C1 type=target_service target=1 station_ord=0 planned_finish=109.50 actual_finish=140.07 dev=+30.57 injected=0.0
[charge_scheduler-1] [INFO] [1785758989.444924162] [charge_scheduler]: [执行事件] loop=open plan_v=0 C1 type=station_turnaround target=-1 station_ord=1 planned_finish=121.04 actual_finish=151.61 dev=+30.57 injected=0.0
[charge_scheduler-1] [INFO] [1785758989.444929767] [charge_scheduler]: [执行事件] loop=open plan_v=0 C2 type=target_service target=5 station_ord=0 planned_finish=169.82 actual_finish=169.82 dev=+0.00 injected=0.0
[charge_scheduler-1] [INFO] [1785758989.444935405] [charge_scheduler]: [执行事件] loop=open plan_v=0 C1 type=target_service target=10 station_ord=0 planned_finish=149.89 actual_finish=183.03 dev=+33.14 injected=0.0
[charge_scheduler-1] [INFO] [1785758989.444941556] [charge_scheduler]: [执行事件] loop=open plan_v=0 C2 type=target_service target=8 station_ord=0 planned_finish=207.92 actual_finish=207.92 dev=+0.00 injected=0.0
[charge_scheduler-1] [INFO] [1785758989.444947091] [charge_scheduler]: [执行事件] loop=open plan_v=0 C2 type=target_service target=12 station_ord=0 planned_finish=235.42 actual_finish=235.42 dev=+0.00 injected=0.0
[charge_scheduler-1] [INFO] [1785758989.444952460] [charge_scheduler]: [执行事件] loop=open plan_v=0 C2 type=station_turnaround target=-1 station_ord=2 planned_finish=249.59 actual_finish=249.59 dev=+0.00 injected=0.0
[charge_scheduler-1] [INFO] [1785758989.444958025] [charge_scheduler]: [执行事件] loop=open plan_v=0 C1 type=target_service target=16 station_ord=0 planned_finish=185.73 actual_finish=251.52 dev=+65.79 injected=30.0
[charge_scheduler-1] [INFO] [1785758989.444963860] [charge_scheduler]: [执行事件] loop=open plan_v=0 C1 type=target_service target=4 station_ord=0 planned_finish=223.02 actual_finish=290.69 dev=+67.67 injected=0.0
[charge_scheduler-1] [INFO] [1785758989.444969524] [charge_scheduler]: [执行事件] loop=open plan_v=0 C2 type=target_service target=6 station_ord=0 planned_finish=296.47 actual_finish=296.47 dev=+0.00 injected=0.0
[charge_scheduler-1] [INFO] [1785758989.444974885] [charge_scheduler]: [执行事件] loop=open plan_v=0 C1 type=station_turnaround target=-1 station_ord=2 planned_finish=237.28 actual_finish=304.95 dev=+67.67 injected=0.0
[charge_scheduler-1] [INFO] [1785758989.444980573] [charge_scheduler]: [执行事件] loop=open plan_v=0 C1 type=target_service target=19 station_ord=0 planned_finish=273.56 actual_finish=341.42 dev=+67.86 injected=0.0
[charge_scheduler-1] [INFO] [1785758989.444986402] [charge_scheduler]: [执行事件] loop=open plan_v=0 C2 type=target_service target=14 station_ord=0 planned_finish=344.07 actual_finish=344.07 dev=+0.00 injected=0.0
[charge_scheduler-1] [INFO] [1785758989.444992542] [charge_scheduler]: [执行事件] loop=open plan_v=0 C2 type=station_turnaround target=-1 station_ord=3 planned_finish=357.77 actual_finish=357.77 dev=+0.00 injected=0.0
[charge_scheduler-1] [INFO] [1785758989.444998067] [charge_scheduler]: [执行事件] loop=open plan_v=0 C1 type=target_service target=2 station_ord=0 planned_finish=317.22 actual_finish=386.29 dev=+69.08 injected=0.0
[charge_scheduler-1] [INFO] [1785758989.445005980] [charge_scheduler]: [执行事件] loop=open plan_v=0 C1 type=station_turnaround target=-1 station_ord=3 planned_finish=333.78 actual_finish=402.86 dev=+69.08 injected=0.0
[charge_scheduler-1] [INFO] [1785758989.445011633] [charge_scheduler]: [执行事件] loop=open plan_v=0 C2 type=target_service target=11 station_ord=0 planned_finish=405.76 actual_finish=405.76 dev=+0.00 injected=0.0
[charge_scheduler-1] [INFO] [1785758989.445017119] [charge_scheduler]: [执行事件] loop=open plan_v=0 C2 type=final_return target=-1 station_ord=0 planned_finish=410.34 actual_finish=410.34 dev=+0.00 injected=0.0
[charge_scheduler-1] [INFO] [1785758989.445022409] [charge_scheduler]: [执行事件] loop=open plan_v=0 C1 type=target_service target=17 station_ord=0 planned_finish=378.91 actual_finish=448.32 dev=+69.41 injected=0.0
[charge_scheduler-1] [INFO] [1785758989.445027720] [charge_scheduler]: [执行事件] loop=open plan_v=0 C1 type=final_return target=-1 station_ord=0 planned_finish=382.47 actual_finish=451.89 dev=+69.41 injected=0.0
[charge_scheduler-1] [INFO] [1785758989.445039407] [charge_scheduler]: [执行事件] loop=fixed plan_v=0 C2 type=target_service target=0 station_ord=0 planned_finish=24.18 actual_finish=24.18 dev=+0.00 injected=0.0
[charge_scheduler-1] [INFO] [1785758989.445045218] [charge_scheduler]: [执行事件] loop=fixed plan_v=0 C1 type=target_service target=3 station_ord=0 planned_finish=25.10 actual_finish=25.10 dev=+0.00 injected=0.0
[charge_scheduler-1] [INFO] [1785758989.445050653] [charge_scheduler]: [执行事件] loop=fixed plan_v=0 C1 type=target_service target=15 station_ord=0 planned_finish=51.49 actual_finish=51.49 dev=+0.00 injected=0.0
[charge_scheduler-1] [INFO] [1785758989.445056242] [charge_scheduler]: [执行事件] loop=fixed plan_v=0 C2 type=target_service target=13 station_ord=0 planned_finish=54.77 actual_finish=54.77 dev=+0.00 injected=0.0
[charge_scheduler-1] [INFO] [1785758989.445061639] [charge_scheduler]: [执行事件] loop=fixed plan_v=0 C2 type=target_service target=7 station_ord=0 planned_finish=79.97 actual_finish=79.97 dev=+0.00 injected=0.0
[charge_scheduler-1] [INFO] [1785758989.445067071] [charge_scheduler]: [执行事件] loop=fixed plan_v=0 C2 type=target_service target=18 station_ord=0 planned_finish=108.50 actual_finish=108.50 dev=+0.00 injected=0.0
[charge_scheduler-1] [INFO] [1785758989.445072534] [charge_scheduler]: [执行事件] loop=fixed plan_v=0 C1 type=target_service target=9 station_ord=0 planned_finish=83.17 actual_finish=113.17 dev=+30.00 injected=30.0
[charge_scheduler-1] [WARN] [1785758989.744117193] [charge_scheduler]: [重调度事件] policy=fixed #1 t=113.17min trigger=C1/target_service dev=+30.00 pool=13 committed=0 plan_v=1 solve_ms=299.0 changed_assign=0 changed_order=12
[charge_scheduler-1] [INFO] [1785758989.744160246] [charge_scheduler]: [执行事件] loop=fixed plan_v=0 C2 type=station_turnaround target=-1 station_ord=1 planned_finish=121.01 actual_finish=121.01 dev=+0.00 injected=0.0
[charge_scheduler-1] [INFO] [1785758989.744170203] [charge_scheduler]: [执行事件] loop=fixed plan_v=1 C1 type=target_service target=1 station_ord=0 planned_finish=140.07 actual_finish=140.07 dev=+0.00 injected=0.0
[charge_scheduler-1] [INFO] [1785758989.744176730] [charge_scheduler]: [执行事件] loop=fixed plan_v=1 C1 type=station_turnaround target=-1 station_ord=1 planned_finish=151.61 actual_finish=151.61 dev=+0.00 injected=0.0
[charge_scheduler-1] [INFO] [1785758989.744184057] [charge_scheduler]: [执行事件] loop=fixed plan_v=1 C2 type=target_service target=11 station_ord=0 planned_finish=169.01 actual_finish=169.01 dev=+0.00 injected=0.0
[charge_scheduler-1] [INFO] [1785758989.744190162] [charge_scheduler]: [执行事件] loop=fixed plan_v=1 C2 type=target_service target=5 station_ord=0 planned_finish=213.81 actual_finish=213.81 dev=+0.00 injected=0.0
[charge_scheduler-1] [INFO] [1785758989.744195863] [charge_scheduler]: [执行事件] loop=fixed plan_v=1 C1 type=target_service target=16 station_ord=0 planned_finish=186.46 actual_finish=216.46 dev=+30.00 injected=30.0
[charge_scheduler-1] [WARN] [1785758989.922840573] [charge_scheduler]: [重调度事件] policy=fixed #2 t=216.46min trigger=C1/target_service dev=+30.00 pool=9 committed=0 plan_v=2 solve_ms=178.6 changed_assign=0 changed_order=6
[charge_scheduler-1] [INFO] [1785758989.922922291] [charge_scheduler]: [执行事件] loop=fixed plan_v=1 C2 type=station_turnaround target=-1 station_ord=2 planned_finish=227.42 actual_finish=227.42 dev=+0.00 injected=0.0
[charge_scheduler-1] [INFO] [1785758989.922933028] [charge_scheduler]: [执行事件] loop=fixed plan_v=2 C1 type=target_service target=10 station_ord=0 planned_finish=254.62 actual_finish=254.62 dev=+0.00 injected=0.0
[charge_scheduler-1] [INFO] [1785758989.922940079] [charge_scheduler]: [执行事件] loop=fixed plan_v=2 C2 type=target_service target=12 station_ord=0 planned_finish=256.92 actual_finish=256.92 dev=+0.00 injected=0.0
[charge_scheduler-1] [INFO] [1785758989.922946327] [charge_scheduler]: [执行事件] loop=fixed plan_v=2 C1 type=target_service target=19 station_ord=0 planned_finish=291.61 actual_finish=291.61 dev=+0.00 injected=0.0
[charge_scheduler-1] [INFO] [1785758989.922952887] [charge_scheduler]: [执行事件] loop=fixed plan_v=2 C2 type=target_service target=8 station_ord=0 planned_finish=297.40 actual_finish=297.40 dev=+0.00 injected=0.0
[charge_scheduler-1] [INFO] [1785758989.922967441] [charge_scheduler]: [执行事件] loop=fixed plan_v=2 C1 type=station_turnaround target=-1 station_ord=2 planned_finish=305.81 actual_finish=305.81 dev=+0.00 injected=0.0
[charge_scheduler-1] [INFO] [1785758989.922973709] [charge_scheduler]: [执行事件] loop=fixed plan_v=2 C2 type=station_turnaround target=-1 station_ord=3 planned_finish=309.44 actual_finish=309.44 dev=+0.00 injected=0.0
[charge_scheduler-1] [INFO] [1785758989.922984331] [charge_scheduler]: [执行事件] loop=fixed plan_v=2 C1 type=target_service target=2 station_ord=0 planned_finish=351.82 actual_finish=351.82 dev=+0.00 injected=0.0
[charge_scheduler-1] [INFO] [1785758989.922991225] [charge_scheduler]: [执行事件] loop=fixed plan_v=2 C2 type=target_service target=6 station_ord=0 planned_finish=356.31 actual_finish=356.31 dev=+0.00 injected=0.0
[charge_scheduler-1] [INFO] [1785758989.922997730] [charge_scheduler]: [执行事件] loop=fixed plan_v=2 C1 type=target_service target=4 station_ord=0 planned_finish=389.45 actual_finish=389.45 dev=+0.00 injected=0.0
[charge_scheduler-1] [INFO] [1785758989.923003847] [charge_scheduler]: [执行事件] loop=fixed plan_v=2 C1 type=station_turnaround target=-1 station_ord=3 planned_finish=403.71 actual_finish=403.71 dev=+0.00 injected=0.0
[charge_scheduler-1] [INFO] [1785758989.923010263] [charge_scheduler]: [执行事件] loop=fixed plan_v=2 C2 type=target_service target=14 station_ord=0 planned_finish=403.96 actual_finish=403.96 dev=+0.00 injected=0.0
[charge_scheduler-1] [INFO] [1785758989.923016390] [charge_scheduler]: [执行事件] loop=fixed plan_v=2 C2 type=final_return target=-1 station_ord=0 planned_finish=407.66 actual_finish=407.66 dev=+0.00 injected=0.0
[charge_scheduler-1] [INFO] [1785758989.923022516] [charge_scheduler]: [执行事件] loop=fixed plan_v=2 C1 type=target_service target=17 station_ord=0 planned_finish=449.18 actual_finish=449.18 dev=+0.00 injected=0.0
[charge_scheduler-1] [INFO] [1785758989.923028339] [charge_scheduler]: [执行事件] loop=fixed plan_v=2 C1 type=final_return target=-1 station_ord=0 planned_finish=452.74 actual_finish=452.74 dev=+0.00 injected=0.0
[charge_scheduler-1] [INFO] [1785758989.923048435] [charge_scheduler]: [执行事件] loop=global plan_v=0 C2 type=target_service target=0 station_ord=0 planned_finish=24.18 actual_finish=24.18 dev=+0.00 injected=0.0
[charge_scheduler-1] [INFO] [1785758989.923055453] [charge_scheduler]: [执行事件] loop=global plan_v=0 C1 type=target_service target=3 station_ord=0 planned_finish=25.10 actual_finish=25.10 dev=+0.00 injected=0.0
[charge_scheduler-1] [INFO] [1785758989.923061768] [charge_scheduler]: [执行事件] loop=global plan_v=0 C1 type=target_service target=15 station_ord=0 planned_finish=51.49 actual_finish=51.49 dev=+0.00 injected=0.0
[charge_scheduler-1] [INFO] [1785758989.923068823] [charge_scheduler]: [执行事件] loop=global plan_v=0 C2 type=target_service target=13 station_ord=0 planned_finish=54.77 actual_finish=54.77 dev=+0.00 injected=0.0
[charge_scheduler-1] [INFO] [1785758989.923074895] [charge_scheduler]: [执行事件] loop=global plan_v=0 C2 type=target_service target=7 station_ord=0 planned_finish=79.97 actual_finish=79.97 dev=+0.00 injected=0.0
[charge_scheduler-1] [INFO] [1785758989.923081078] [charge_scheduler]: [执行事件] loop=global plan_v=0 C2 type=target_service target=18 station_ord=0 planned_finish=108.50 actual_finish=108.50 dev=+0.00 injected=0.0
[charge_scheduler-1] [INFO] [1785758989.923090550] [charge_scheduler]: [执行事件] loop=global plan_v=0 C1 type=target_service target=9 station_ord=0 planned_finish=83.17 actual_finish=113.17 dev=+30.00 injected=30.0
[charge_scheduler-1] [WARN] [1785758991.004848342] [charge_scheduler]: [重调度事件] policy=global #1 t=113.17min trigger=C1/target_service dev=+30.00 pool=13 committed=0 plan_v=1 solve_ms=1081.7 changed_assign=7 changed_order=6
[charge_scheduler-1] [INFO] [1785758991.004892342] [charge_scheduler]: [执行事件] loop=global plan_v=0 C2 type=station_turnaround target=-1 station_ord=1 planned_finish=121.01 actual_finish=121.01 dev=+0.00 injected=0.0
[charge_scheduler-1] [INFO] [1785758991.004903087] [charge_scheduler]: [执行事件] loop=global plan_v=1 C1 type=target_service target=1 station_ord=0 planned_finish=140.07 actual_finish=140.07 dev=+0.00 injected=0.0
[charge_scheduler-1] [INFO] [1785758991.004910124] [charge_scheduler]: [执行事件] loop=global plan_v=1 C1 type=station_turnaround target=-1 station_ord=1 planned_finish=151.61 actual_finish=151.61 dev=+0.00 injected=0.0
[charge_scheduler-1] [INFO] [1785758991.004916596] [charge_scheduler]: [执行事件] loop=global plan_v=1 C2 type=target_service target=16 station_ord=0 planned_finish=153.30 actual_finish=183.30 dev=+30.00 injected=30.0
[charge_scheduler-1] [WARN] [1785758991.471471815] [charge_scheduler]: [重调度事件] policy=global #2 t=183.30min trigger=C2/target_service dev=+30.00 pool=10 committed=1 plan_v=2 solve_ms=466.5 changed_assign=5 changed_order=10
[charge_scheduler-1] [INFO] [1785758991.471525801] [charge_scheduler]: [执行事件] loop=global plan_v=1 C1 type=target_service target=6 station_ord=0 planned_finish=196.55 actual_finish=196.55 dev=+0.00 injected=0.0
[charge_scheduler-1] [INFO] [1785758991.471545350] [charge_scheduler]: [执行事件] loop=global plan_v=2 C2 type=target_service target=8 station_ord=0 planned_finish=221.47 actual_finish=221.47 dev=+0.00 injected=0.0
[charge_scheduler-1] [INFO] [1785758991.471560559] [charge_scheduler]: [执行事件] loop=global plan_v=2 C1 type=target_service target=12 station_ord=0 planned_finish=224.93 actual_finish=224.93 dev=+0.00 injected=0.0
[charge_scheduler-1] [INFO] [1785758991.471574911] [charge_scheduler]: [执行事件] loop=global plan_v=2 C2 type=target_service target=10 station_ord=0 planned_finish=259.41 actual_finish=259.41 dev=+0.00 injected=0.0
[charge_scheduler-1] [INFO] [1785758991.471589010] [charge_scheduler]: [执行事件] loop=global plan_v=2 C1 type=target_service target=19 station_ord=0 planned_finish=262.43 actual_finish=262.43 dev=+0.00 injected=0.0
[charge_scheduler-1] [INFO] [1785758991.471601913] [charge_scheduler]: [执行事件] loop=global plan_v=2 C2 type=station_turnaround target=-1 station_ord=2 planned_finish=271.86 actual_finish=271.86 dev=+0.00 injected=0.0
[charge_scheduler-1] [INFO] [1785758991.471615344] [charge_scheduler]: [执行事件] loop=global plan_v=2 C1 type=station_turnaround target=-1 station_ord=2 planned_finish=276.64 actual_finish=276.64 dev=+0.00 injected=0.0
[charge_scheduler-1] [INFO] [1785758991.471633303] [charge_scheduler]: [执行事件] loop=global plan_v=2 C2 type=target_service target=4 station_ord=0 planned_finish=311.67 actual_finish=311.67 dev=+0.00 injected=0.0
[charge_scheduler-1] [INFO] [1785758991.471645762] [charge_scheduler]: [执行事件] loop=global plan_v=2 C1 type=target_service target=2 station_ord=0 planned_finish=321.82 actual_finish=321.82 dev=+0.00 injected=0.0
[charge_scheduler-1] [INFO] [1785758991.471657876] [charge_scheduler]: [执行事件] loop=global plan_v=2 C2 type=target_service target=5 station_ord=0 planned_finish=356.16 actual_finish=356.16 dev=+0.00 injected=0.0
[charge_scheduler-1] [INFO] [1785758991.471670564] [charge_scheduler]: [执行事件] loop=global plan_v=2 C1 type=target_service target=11 station_ord=0 planned_finish=367.63 actual_finish=367.63 dev=+0.00 injected=0.0
[charge_scheduler-1] [INFO] [1785758991.471682697] [charge_scheduler]: [执行事件] loop=global plan_v=2 C2 type=station_turnaround target=-1 station_ord=3 planned_finish=369.77 actual_finish=369.77 dev=+0.00 injected=0.0
[charge_scheduler-1] [INFO] [1785758991.471695192] [charge_scheduler]: [执行事件] loop=global plan_v=2 C1 type=station_turnaround target=-1 station_ord=3 planned_finish=382.21 actual_finish=382.21 dev=+0.00 injected=0.0
[charge_scheduler-1] [INFO] [1785758991.471741351] [charge_scheduler]: [执行事件] loop=global plan_v=2 C2 type=target_service target=14 station_ord=0 planned_finish=416.50 actual_finish=416.50 dev=+0.00 injected=0.0
[charge_scheduler-1] [INFO] [1785758991.471757237] [charge_scheduler]: [执行事件] loop=global plan_v=2 C2 type=final_return target=-1 station_ord=0 planned_finish=420.20 actual_finish=420.20 dev=+0.00 injected=0.0
[charge_scheduler-1] [INFO] [1785758991.471769956] [charge_scheduler]: [执行事件] loop=global plan_v=2 C1 type=target_service target=17 station_ord=0 planned_finish=427.68 actual_finish=427.68 dev=+0.00 injected=0.0
[charge_scheduler-1] [INFO] [1785758991.471782207] [charge_scheduler]: [执行事件] loop=global plan_v=2 C1 type=final_return target=-1 station_ord=0 planned_finish=431.24 actual_finish=431.24 dev=+0.00 injected=0.0
[charge_scheduler-1] [INFO] [1785758991.471802804] [charge_scheduler]: ★闭环实验结果 mode=open M=20 K=2 disturbance=target delay=30.0 seed=1 N_late=8 T_overtime=604.793 C_total=5875.839 makespan=451.888 served=20 energy_viol=0 reschedules=0 reschedule_ms=0.000 changed_assign=0 changed_order=0 applied_target=2 applied_station=0 initial_solve_ms=11730.083 objective_order=Nlate,Tover,Ctotal
[charge_scheduler-1] [INFO] [1785758991.471822311] [charge_scheduler]: ★闭环实验结果 mode=fixed M=20 K=2 disturbance=target delay=30.0 seed=1 N_late=11 T_overtime=610.871 C_total=5357.834 makespan=452.744 served=20 energy_viol=0 reschedules=2 reschedule_ms=477.604 changed_assign=0 changed_order=18 applied_target=2 applied_station=0 initial_solve_ms=11730.083 objective_order=Nlate,Tover,Ctotal
[charge_scheduler-1] [INFO] [1785758991.471837400] [charge_scheduler]: ★闭环实验收益 policy=fixed M=20 K=2 disturbance=target delay=30.0 seed=1 recovered_late=-3 overtime_reduction=-6.078 distance_delta=-518.004 makespan_reduction=-0.856
[charge_scheduler-1] [INFO] [1785758991.471850802] [charge_scheduler]: ★闭环实验结果 mode=closed M=20 K=2 disturbance=target delay=30.0 seed=1 N_late=7 T_overtime=625.409 C_total=5313.921 makespan=431.243 served=20 energy_viol=0 reschedules=2 reschedule_ms=1548.254 changed_assign=12 changed_order=16 applied_target=2 applied_station=0 initial_solve_ms=11730.083 objective_order=Nlate,Tover,Ctotal
[charge_scheduler-1] [INFO] [1785758991.471866578] [charge_scheduler]: ★闭环实验收益 policy=closed M=20 K=2 disturbance=target delay=30.0 seed=1 recovered_late=1 overtime_reduction=-20.617 distance_delta=-561.918 makespan_reduction=20.645
