[INFO] [launch]: All log files can be found below /root/.ros/log/2026-08-03-13-45-36-799344-YYYY-47826
[INFO] [launch]: Default logging verbosity is set to INFO
[INFO] [charge_scheduler-1]: process started with pid [47830]
[charge_scheduler-1] [INFO] [1785764736.924507130] [charge_scheduler]: [目标顺序] objective_order=Nlate,Tover,Ctotal
[charge_scheduler-1] [INFO] [1785764736.925024715] [charge_scheduler]: [Scheduler] 30辆车 | 电池800.0kWh(20%=160.0 80%=640.0) | 充电360kW效率97% | 行驶0.6kWh/km | 桩350kW
[charge_scheduler-1] [INFO] [1785764736.925057755] [charge_scheduler]: [Scheduler] 站端周转: 换电 10 min(换后满电) | 单趟可用 640 kWh
[charge_scheduler-1] [INFO] [1785764736.925066769] [charge_scheduler]:   车#0 [电动装载机282|light] 位置(3889.6,73764.7) 容量282kWh 剩余35% | α=6→6min/% τ=168min → 需130.8kWh(充21.2min)
[charge_scheduler-1] [INFO] [1785764736.925080921] [charge_scheduler]:   车#1 [重型叉车|light] 位置(3778.9,73807.0) 容量200kWh 剩余20% | α=6→6min/% τ=96min → 需123.7kWh(充20.0min)
[charge_scheduler-1] [INFO] [1785764736.925093088] [charge_scheduler]:   车#2 [电动装载机350|light] 位置(3794.9,73804.6) 容量350kWh 剩余50% | α=6→6min/% τ=288min → 需108.2kWh(充17.5min)
[charge_scheduler-1] [INFO] [1785764736.925105237] [charge_scheduler]:   车#3 [重型叉车|light] 位置(3806.9,73760.3) 容量200kWh 剩余10% | α=6→6min/% τ=32min → 需144.3kWh(充23.3min)
[charge_scheduler-1] [INFO] [1785764736.925117603] [charge_scheduler]:   车#4 [电动装载机282|heavy→降级] 位置(3705.1,73758.2) 容量282kWh 剩余60% | α=3→6min/% τ=212min → 需58.1kWh(充9.4min)
[charge_scheduler-1] [INFO] [1785764736.925133864] [charge_scheduler]:   车#5 [电动装载机350|light] 位置(3756.5,73770.2) 容量350kWh 剩余25% | α=6→6min/% τ=128min → 需198.5kWh(充32.1min)
[charge_scheduler-1] [INFO] [1785764736.925146458] [charge_scheduler]:   车#6 [电动装载机350|heavy→降级] 位置(3887.4,73809.4) 容量350kWh 剩余40% | α=4→6min/% τ=176min → 需144.3kWh(充23.3min)
[charge_scheduler-1] [INFO] [1785764736.925158848] [charge_scheduler]:   车#7 [重型叉车|light] 位置(3899.0,73786.6) 容量200kWh 剩余15% | α=6→6min/% τ=64min → 需134.0kWh(充21.7min)
[charge_scheduler-1] [INFO] [1785764736.925169977] [charge_scheduler]:   车#8 [电动装载机282|heavy→降级] 位置(3689.7,73663.1) 容量282kWh 剩余55% | α=3→6min/% τ=196min → 需72.7kWh(充11.8min)
[charge_scheduler-1] [INFO] [1785764736.925181901] [charge_scheduler]:   车#9 [电动装载机282|heavy→降级] 位置(3748.4,73767.2) 容量282kWh 剩余30% | α=3→6min/% τ=116min → 需145.4kWh(充23.5min)
[charge_scheduler-1] [INFO] [1785764736.925193703] [charge_scheduler]:   车#10 [电动装载机282|light] 位置(3865.2,73751.0) 容量282kWh 剩余45% | α=6→6min/% τ=224min → 需101.8kWh(充16.4min)
[charge_scheduler-1] [INFO] [1785764736.925206159] [charge_scheduler]:   车#11 [电动装载机350|light] 位置(3785.0,73749.2) 容量350kWh 剩余18% | α=6→6min/% τ=83min → 需223.7kWh(充36.2min)
[charge_scheduler-1] [INFO] [1785764736.925220424] [charge_scheduler]:   车#12 [重型叉车|heavy→降级] 位置(3811.5,73799.9) 容量200kWh 剩余62% | α=3→6min/% τ=230min → 需37.1kWh(充6.0min)
[charge_scheduler-1] [INFO] [1785764736.925233379] [charge_scheduler]:   车#13 [电动装载机282|light] 位置(3810.8,73773.1) 容量282kWh 剩余28% | α=6→6min/% τ=129min → 需151.2kWh(充24.4min)
[charge_scheduler-1] [INFO] [1785764736.925249660] [charge_scheduler]:   车#14 [电动装载机350|light] 位置(3905.0,73793.5) 容量350kWh 剩余52% | α=6→6min/% τ=301min → 需101.0kWh(充16.3min)
[charge_scheduler-1] [INFO] [1785764736.925262782] [charge_scheduler]:   车#15 [重型叉车|light] 位置(3894.3,73756.9) 容量200kWh 剩余12% | α=6→6min/% τ=45min → 需140.2kWh(充22.7min)
[charge_scheduler-1] [INFO] [1785764736.925275588] [charge_scheduler]:   车#16 [电动装载机282|light] 位置(3818.5,73716.2) 容量282kWh 剩余38% | α=6→6min/% τ=185min → 需122.1kWh(充19.7min)
[charge_scheduler-1] [INFO] [1785764736.925288509] [charge_scheduler]:   车#17 [电动装载机350|light] 位置(3733.2,73772.4) 容量350kWh 剩余58% | α=6→6min/% τ=339min → 需79.4kWh(充12.8min)
[charge_scheduler-1] [INFO] [1785764736.925302358] [charge_scheduler]:   车#18 [重型叉车|heavy→降级] 位置(3764.7,73699.0) 容量200kWh 剩余22% | α=3→6min/% τ=102min → 需119.6kWh(充19.3min)
[charge_scheduler-1] [INFO] [1785764736.925313765] [charge_scheduler]:   车#19 [电动装载机282|light] 位置(3878.4,73747.9) 容量282kWh 剩余48% | α=6→6min/% τ=241min → 需93.0kWh(充15.0min)
[charge_scheduler-1] [INFO] [1785764736.925357330] [charge_scheduler]:   车#20 [电动装载机350|light] 位置(3740.3,73686.9) 容量350kWh 剩余33% | α=6→6min/% τ=179min → 需169.6kWh(充27.4min)
[charge_scheduler-1] [INFO] [1785764736.925370045] [charge_scheduler]:   车#21 [重型叉车|heavy→降级] 位置(3895.4,73811.9) 容量200kWh 剩余65% | α=3→6min/% τ=240min → 需30.9kWh(充5.0min)
[charge_scheduler-1] [INFO] [1785764736.925381033] [charge_scheduler]:   车#22 [电动装载机282|light] 位置(3876.0,73830.2) 容量282kWh 剩余16% | α=6→6min/% τ=62min → 需186.1kWh(充30.1min)
[charge_scheduler-1] [INFO] [1785764736.925392152] [charge_scheduler]:   车#23 [电动装载机350|light] 位置(3765.9,73790.3) 容量350kWh 剩余42% | α=6→6min/% τ=237min → 需137.1kWh(充22.2min)
[charge_scheduler-1] [INFO] [1785764736.925403119] [charge_scheduler]:   车#24 [重型叉车|heavy→降级] 位置(3637.1,73698.1) 容量200kWh 剩余25% | α=3→6min/% τ=112min → 需113.4kWh(充18.3min)
[charge_scheduler-1] [INFO] [1785764736.925416044] [charge_scheduler]:   车#25 [电动装载机282|light] 位置(3884.5,73833.1) 容量282kWh 剩余55% | α=6→6min/% τ=280min → 需72.7kWh(充11.8min)
[charge_scheduler-1] [INFO] [1785764736.925427290] [charge_scheduler]:   车#26 [电动装载机350|light] 位置(3699.3,73765.4) 容量350kWh 剩余30% | α=6→6min/% τ=160min → 需180.4kWh(充29.2min)
[charge_scheduler-1] [INFO] [1785764736.925438776] [charge_scheduler]:   车#27 [重型叉车|heavy→降级] 位置(3800.8,73717.7) 容量200kWh 剩余68% | α=3→6min/% τ=250min → 需24.7kWh(充4.0min)
[charge_scheduler-1] [INFO] [1785764736.925450639] [charge_scheduler]:   车#28 [电动装载机282|light] 位置(3825.0,73792.7) 容量282kWh 剩余20% | α=6→6min/% τ=84min → 需174.4kWh(充28.2min)
[charge_scheduler-1] [INFO] [1785764736.925462861] [charge_scheduler]:   车#29 [电动装载机350|light] 位置(3784.3,73759.0) 容量350kWh 剩余36% | α=6→6min/% τ=198min → 需158.8kWh(充25.7min)
[charge_scheduler-1] [INFO] [1785764736.939162097] [charge_scheduler]: [Scheduler] 闭环接口: threshold=10.0min | event_sim=on | policy=all | structured_feedback=optional (/task_planner/execution_event)
[charge_scheduler-1] [INFO] [1785764736.939214179] [charge_scheduler]: [Scheduler] 已启动, 等待地图...
[charge_scheduler-1] [INFO] [1785764736.939228377] [charge_scheduler]: [Scheduler] 充电车1接口: sequence/served/arrived_target/arrived_station/return_goal/task_complete 后缀=_1
[charge_scheduler-1] [INFO] [1785764736.939240984] [charge_scheduler]: [Scheduler] 充电车2接口: sequence/served/arrived_target/arrived_station/return_goal/task_complete 后缀=_2
[charge_scheduler-1] [INFO] [1785764736.939265394] [charge_scheduler]: [Scheduler] 充电车3接口: sequence/served/arrived_target/arrived_station/return_goal/task_complete 后缀=_3
[charge_scheduler-1] [INFO] [1785764737.035083754] [charge_scheduler]: [Scheduler] RoutingGraph 就绪
[charge_scheduler-1] [INFO] [1785764737.035617865] [charge_scheduler]: [Scheduler] 提取到 0 条虚线捷径
[charge_scheduler-1] [INFO] [1785764737.061791795] [charge_scheduler]: [Scheduler] 下层兼容增强图: 190 节点, 0 条虚线掉头边
[charge_scheduler-1] [INFO] [1785764757.898435235] [charge_scheduler]: [Scheduler] 距离矩阵完成 31x31, 20836.6 ms | 模式=maneuver | 真实不可达=0 抽象不可达=0 | 缺少对向投影节点=0 | 对向识别(ID/几何/法向)=0/0/0 | 单向驿站投影=0
[charge_scheduler-1] [INFO] [1785764757.898501682] [charge_scheduler]:   ✓ 比值自检：930 个 OD 满足 机动/直线≥1 | 均值=4.11 最大=62.63 (车#0→车#15)
[charge_scheduler-1] [INFO] [1785764757.898513369] [charge_scheduler]: [Scheduler] 地图就绪, 190 条 lanelet（与下层一致）
[charge_scheduler-1] [INFO] [1785764757.898556637] [charge_scheduler]: ======== 开始VRPTW调度 30 辆车 ========
[charge_scheduler-1] [INFO] [1785764757.898561871] [charge_scheduler]:   规模30>8 → 启发式(alns)
[charge_scheduler-1] [INFO] [1785764801.615045913] [charge_scheduler]: [ALNS] objective_order=Nlate,Tover,Ctotal seed=1 iters=15000 | N_late=4(成功率86.7%) T_overtime=254.1min C_total=7170.8m | 趟数=11 makespan=382.8min
[charge_scheduler-1] [INFO] [1785764801.615089300] [charge_scheduler]:   求解耗时 43716.5 ms
[charge_scheduler-1] [INFO] [1785764801.615097054] [charge_scheduler]: ════════ 调度结果 ════════
[charge_scheduler-1] [INFO] [1785764801.615102432] [charge_scheduler]:   ★目标(字典序): objective_order=Nlate,Tover,Ctotal | N_late=4 辆 (按时成功率 26/30 = 86.7%)  T_overtime=254.1min  C_total=7170.8m
[charge_scheduler-1] [INFO] [1785764801.615135138] [charge_scheduler]:   附: 趟数=11 | makespan=382.8min | 能量可行=是
[charge_scheduler-1] [INFO] [1785764801.615144972] [charge_scheduler]:   [充电车2] 趟1: 站 → 车#4(到2.1/限212.0✓) → 车#8(到15.3/限196.0✓) → 车#7(到33.3/限64.0✓) → 车#22(到57.6/限61.6✓) → 站
[charge_scheduler-1] [INFO] [1785764801.615151383] [charge_scheduler]:   [充电车3] 趟2: 站 → 车#9(到1.2/限116.0✓) → 车#1(到25.8/限96.0✓) → 车#28(到48.2/限84.0✓) → 车#18(到84.0/限102.4✓) → 站
[charge_scheduler-1] [INFO] [1785764801.615157425] [charge_scheduler]:   [充电车1] 趟3: 站 → 车#12(到2.3/限230.4✓) → 车#21(到10.6/限240.0✓) → 车#15(到17.7/限44.8✓) → 车#3(到43.1/限32.0✗超时) → 车#11(到68.6/限83.2✓) → 站
[charge_scheduler-1] [INFO] [1785764801.615162325] [charge_scheduler]:   [充电车1] 趟4: 站 → 车#5(到125.7/限128.0✓) → 车#20(到171.6/限179.2✓) → 站
[charge_scheduler-1] [INFO] [1785764801.615168236] [charge_scheduler]:   [充电车2] 趟5: 站 → 车#24(到109.6/限112.0✓) → 车#26(到138.6/限160.0✓) → 车#16(到184.0/限184.8✓) → 站
[charge_scheduler-1] [INFO] [1785764801.615173381] [charge_scheduler]:   [充电车3] 趟6: 站 → 车#13(到121.7/限128.8✓) → 车#0(到158.0/限168.0✓) → 车#10(到192.9/限224.0✓) → 站
[charge_scheduler-1] [INFO] [1785764801.615177730] [charge_scheduler]:   [充电车1] 趟7: 站 → 车#23(到233.6/限236.8✓) → 车#2(到277.6/限288.0✓) → 站
[charge_scheduler-1] [INFO] [1785764801.615182116] [charge_scheduler]:   [充电车2] 趟8: 站 → 车#19(到237.1/限240.8✓) → 车#6(到277.4/限176.0✗超时) → 站
[charge_scheduler-1] [INFO] [1785764801.615186100] [charge_scheduler]:   [充电车1] 趟9: 站 → 车#29(到334.2/限198.4✗超时) → 站
[charge_scheduler-1] [INFO] [1785764801.615190464] [charge_scheduler]:   [充电车2] 趟10: 站 → 车#17(到337.3/限339.2✓) → 站
[charge_scheduler-1] [INFO] [1785764801.615195188] [charge_scheduler]:   [充电车3] 趟11: 站 → 车#27(到243.1/限249.6✓) → 车#25(到271.3/限280.0✓) → 车#14(到306.5/限300.8✗超时) → 站
[charge_scheduler-1] [INFO] [1785764801.615198849] [charge_scheduler]: ════════════════════════
[charge_scheduler-1] [INFO] [1785764801.615254909] [charge_scheduler]: [扰动清单] type=station delay=60.0min targets={} station={C2-S1,C3-S1,}
[charge_scheduler-1] [INFO] [1785764801.615269565] [charge_scheduler]: [执行事件] loop=open plan_v=0 C1 type=target_service target=12 station_ord=0 planned_finish=8.50 actual_finish=8.50 dev=+0.00 injected=0.0
[charge_scheduler-1] [INFO] [1785764801.615276436] [charge_scheduler]: [执行事件] loop=open plan_v=0 C2 type=target_service target=4 station_ord=0 planned_finish=11.77 actual_finish=11.77 dev=+0.00 injected=0.0
[charge_scheduler-1] [INFO] [1785764801.615282358] [charge_scheduler]: [执行事件] loop=open plan_v=0 C1 type=target_service target=21 station_ord=0 planned_finish=16.66 actual_finish=16.66 dev=+0.00 injected=0.0
[charge_scheduler-1] [INFO] [1785764801.615287896] [charge_scheduler]: [执行事件] loop=open plan_v=0 C3 type=target_service target=9 station_ord=0 planned_finish=24.86 actual_finish=24.86 dev=+0.00 injected=0.0
[charge_scheduler-1] [INFO] [1785764801.615293311] [charge_scheduler]: [执行事件] loop=open plan_v=0 C2 type=target_service target=8 station_ord=0 planned_finish=29.29 actual_finish=29.29 dev=+0.00 injected=0.0
[charge_scheduler-1] [INFO] [1785764801.615298535] [charge_scheduler]: [执行事件] loop=open plan_v=0 C1 type=target_service target=15 station_ord=0 planned_finish=41.31 actual_finish=41.31 dev=+0.00 injected=0.0
[charge_scheduler-1] [INFO] [1785764801.615303934] [charge_scheduler]: [执行事件] loop=open plan_v=0 C3 type=target_service target=1 station_ord=0 planned_finish=47.17 actual_finish=47.17 dev=+0.00 injected=0.0
[charge_scheduler-1] [INFO] [1785764801.615309261] [charge_scheduler]: [执行事件] loop=open plan_v=0 C2 type=target_service target=7 station_ord=0 planned_finish=56.73 actual_finish=56.73 dev=+0.00 injected=0.0
[charge_scheduler-1] [INFO] [1785764801.615314865] [charge_scheduler]: [执行事件] loop=open plan_v=0 C1 type=target_service target=3 station_ord=0 planned_finish=68.11 actual_finish=68.11 dev=+0.00 injected=0.0
[charge_scheduler-1] [INFO] [1785764801.615323922] [charge_scheduler]: [执行事件] loop=open plan_v=0 C3 type=target_service target=28 station_ord=0 planned_finish=80.40 actual_finish=80.40 dev=+0.00 injected=0.0
[charge_scheduler-1] [INFO] [1785764801.615329369] [charge_scheduler]: [执行事件] loop=open plan_v=0 C2 type=target_service target=22 station_ord=0 planned_finish=92.47 actual_finish=92.47 dev=+0.00 injected=0.0
[charge_scheduler-1] [INFO] [1785764801.615335383] [charge_scheduler]: [执行事件] loop=open plan_v=0 C3 type=target_service target=18 station_ord=0 planned_finish=108.01 actual_finish=108.01 dev=+0.00 injected=0.0
[charge_scheduler-1] [INFO] [1785764801.615341371] [charge_scheduler]: [执行事件] loop=open plan_v=0 C1 type=target_service target=11 station_ord=0 planned_finish=111.00 actual_finish=111.00 dev=+0.00 injected=0.0
[charge_scheduler-1] [INFO] [1785764801.615347134] [charge_scheduler]: [执行事件] loop=open plan_v=0 C1 type=station_turnaround target=-1 station_ord=1 planned_finish=122.54 actual_finish=122.54 dev=+0.00 injected=0.0
[charge_scheduler-1] [INFO] [1785764801.615352930] [charge_scheduler]: [执行事件] loop=open plan_v=0 C2 type=station_turnaround target=-1 station_ord=1 planned_finish=106.64 actual_finish=166.64 dev=+60.00 injected=60.0
[charge_scheduler-1] [INFO] [1785764801.615359036] [charge_scheduler]: [执行事件] loop=open plan_v=0 C1 type=target_service target=5 station_ord=0 planned_finish=169.28 actual_finish=169.28 dev=+0.00 injected=0.0
[charge_scheduler-1] [INFO] [1785764801.615365023] [charge_scheduler]: [执行事件] loop=open plan_v=0 C3 type=station_turnaround target=-1 station_ord=1 planned_finish=120.05 actual_finish=180.05 dev=+60.00 injected=60.0
[charge_scheduler-1] [INFO] [1785764801.615370990] [charge_scheduler]: [执行事件] loop=open plan_v=0 C2 type=target_service target=24 station_ord=0 planned_finish=134.50 actual_finish=194.62 dev=+60.12 injected=0.0
[charge_scheduler-1] [INFO] [1785764801.615376885] [charge_scheduler]: [执行事件] loop=open plan_v=0 C1 type=target_service target=20 station_ord=0 planned_finish=214.61 actual_finish=214.61 dev=+0.00 injected=0.0
[charge_scheduler-1] [INFO] [1785764801.615383123] [charge_scheduler]: [执行事件] loop=open plan_v=0 C3 type=target_service target=13 station_ord=0 planned_finish=156.38 actual_finish=216.98 dev=+60.59 injected=0.0
[charge_scheduler-1] [INFO] [1785764801.615388705] [charge_scheduler]: [执行事件] loop=open plan_v=0 C1 type=station_turnaround target=-1 station_ord=2 planned_finish=227.06 actual_finish=227.06 dev=+0.00 injected=0.0
[charge_scheduler-1] [INFO] [1785764801.615394237] [charge_scheduler]: [执行事件] loop=open plan_v=0 C2 type=target_service target=26 station_ord=0 planned_finish=180.38 actual_finish=242.46 dev=+62.08 injected=0.0
[charge_scheduler-1] [INFO] [1785764801.615399844] [charge_scheduler]: [执行事件] loop=open plan_v=0 C3 type=target_service target=0 station_ord=0 planned_finish=192.44 actual_finish=253.87 dev=+61.43 injected=0.0
[charge_scheduler-1] [INFO] [1785764801.615405535] [charge_scheduler]: [执行事件] loop=open plan_v=0 C1 type=target_service target=23 station_ord=0 planned_finish=277.04 actual_finish=277.04 dev=+0.00 injected=0.0
[charge_scheduler-1] [INFO] [1785764801.615411189] [charge_scheduler]: [执行事件] loop=open plan_v=0 C2 type=target_service target=16 station_ord=0 planned_finish=219.23 actual_finish=281.37 dev=+62.14 injected=0.0
[charge_scheduler-1] [INFO] [1785764801.615416962] [charge_scheduler]: [执行事件] loop=open plan_v=0 C3 type=target_service target=10 station_ord=0 planned_finish=225.55 actual_finish=289.59 dev=+64.04 injected=0.0
[charge_scheduler-1] [INFO] [1785764801.615422680] [charge_scheduler]: [执行事件] loop=open plan_v=0 C2 type=station_turnaround target=-1 station_ord=2 planned_finish=231.56 actual_finish=293.69 dev=+62.14 injected=0.0
[charge_scheduler-1] [INFO] [1785764801.615428491] [charge_scheduler]: [执行事件] loop=open plan_v=0 C3 type=station_turnaround target=-1 station_ord=2 planned_finish=241.42 actual_finish=305.46 dev=+64.04 injected=0.0
[charge_scheduler-1] [INFO] [1785764801.615436201] [charge_scheduler]: [执行事件] loop=open plan_v=0 C1 type=target_service target=2 station_ord=0 planned_finish=320.37 actual_finish=320.37 dev=+0.00 injected=0.0
[charge_scheduler-1] [INFO] [1785764801.615444828] [charge_scheduler]: [执行事件] loop=open plan_v=0 C3 type=target_service target=27 station_ord=0 planned_finish=267.80 actual_finish=332.17 dev=+64.38 injected=0.0
[charge_scheduler-1] [INFO] [1785764801.615455867] [charge_scheduler]: [执行事件] loop=open plan_v=0 C1 type=station_turnaround target=-1 station_ord=3 planned_finish=333.02 actual_finish=333.02 dev=+0.00 injected=0.0
[charge_scheduler-1] [INFO] [1785764801.615463606] [charge_scheduler]: [执行事件] loop=open plan_v=0 C2 type=target_service target=19 station_ord=0 planned_finish=271.99 actual_finish=334.45 dev=+62.45 injected=0.0
[charge_scheduler-1] [INFO] [1785764801.615471429] [charge_scheduler]: [执行事件] loop=open plan_v=0 C3 type=target_service target=25 station_ord=0 planned_finish=305.79 actual_finish=370.90 dev=+65.11 injected=0.0
[charge_scheduler-1] [INFO] [1785764801.615479679] [charge_scheduler]: [执行事件] loop=open plan_v=0 C1 type=target_service target=29 station_ord=0 planned_finish=377.99 actual_finish=377.99 dev=+0.00 injected=0.0
[charge_scheduler-1] [INFO] [1785764801.615487836] [charge_scheduler]: [执行事件] loop=open plan_v=0 C1 type=final_return target=-1 station_ord=0 planned_finish=382.19 actual_finish=382.19 dev=+0.00 injected=0.0
[charge_scheduler-1] [INFO] [1785764801.615496054] [charge_scheduler]: [执行事件] loop=open plan_v=0 C2 type=target_service target=6 station_ord=0 planned_finish=321.14 actual_finish=383.59 dev=+62.45 injected=0.0
[charge_scheduler-1] [INFO] [1785764801.615505122] [charge_scheduler]: [执行事件] loop=open plan_v=0 C2 type=station_turnaround target=-1 station_ord=3 planned_finish=335.66 actual_finish=398.11 dev=+62.45 injected=0.0
[charge_scheduler-1] [INFO] [1785764801.615513356] [charge_scheduler]: [执行事件] loop=open plan_v=0 C3 type=target_service target=14 station_ord=0 planned_finish=350.30 actual_finish=415.41 dev=+65.11 injected=0.0
[charge_scheduler-1] [INFO] [1785764801.615521899] [charge_scheduler]: [执行事件] loop=open plan_v=0 C3 type=final_return target=-1 station_ord=0 planned_finish=354.56 actual_finish=419.67 dev=+65.11 injected=0.0
[charge_scheduler-1] [INFO] [1785764801.615530288] [charge_scheduler]: [执行事件] loop=open plan_v=0 C2 type=target_service target=17 station_ord=0 planned_finish=380.85 actual_finish=443.48 dev=+62.63 injected=0.0
[charge_scheduler-1] [INFO] [1785764801.615537916] [charge_scheduler]: [执行事件] loop=open plan_v=0 C2 type=final_return target=-1 station_ord=0 planned_finish=382.78 actual_finish=445.41 dev=+62.63 injected=0.0
[charge_scheduler-1] [INFO] [1785764801.615552836] [charge_scheduler]: [执行事件] loop=fixed plan_v=0 C1 type=target_service target=12 station_ord=0 planned_finish=8.50 actual_finish=8.50 dev=+0.00 injected=0.0
[charge_scheduler-1] [INFO] [1785764801.615558507] [charge_scheduler]: [执行事件] loop=fixed plan_v=0 C2 type=target_service target=4 station_ord=0 planned_finish=11.77 actual_finish=11.77 dev=+0.00 injected=0.0
[charge_scheduler-1] [INFO] [1785764801.615564011] [charge_scheduler]: [执行事件] loop=fixed plan_v=0 C1 type=target_service target=21 station_ord=0 planned_finish=16.66 actual_finish=16.66 dev=+0.00 injected=0.0
[charge_scheduler-1] [INFO] [1785764801.615569407] [charge_scheduler]: [执行事件] loop=fixed plan_v=0 C3 type=target_service target=9 station_ord=0 planned_finish=24.86 actual_finish=24.86 dev=+0.00 injected=0.0
[charge_scheduler-1] [INFO] [1785764801.615574691] [charge_scheduler]: [执行事件] loop=fixed plan_v=0 C2 type=target_service target=8 station_ord=0 planned_finish=29.29 actual_finish=29.29 dev=+0.00 injected=0.0
[charge_scheduler-1] [INFO] [1785764801.615580163] [charge_scheduler]: [执行事件] loop=fixed plan_v=0 C1 type=target_service target=15 station_ord=0 planned_finish=41.31 actual_finish=41.31 dev=+0.00 injected=0.0
[charge_scheduler-1] [INFO] [1785764801.615586781] [charge_scheduler]: [执行事件] loop=fixed plan_v=0 C3 type=target_service target=1 station_ord=0 planned_finish=47.17 actual_finish=47.17 dev=+0.00 injected=0.0
[charge_scheduler-1] [INFO] [1785764801.615592668] [charge_scheduler]: [执行事件] loop=fixed plan_v=0 C2 type=target_service target=7 station_ord=0 planned_finish=56.73 actual_finish=56.73 dev=+0.00 injected=0.0
[charge_scheduler-1] [INFO] [1785764801.615598332] [charge_scheduler]: [执行事件] loop=fixed plan_v=0 C1 type=target_service target=3 station_ord=0 planned_finish=68.11 actual_finish=68.11 dev=+0.00 injected=0.0
[charge_scheduler-1] [INFO] [1785764801.615603882] [charge_scheduler]: [执行事件] loop=fixed plan_v=0 C3 type=target_service target=28 station_ord=0 planned_finish=80.40 actual_finish=80.40 dev=+0.00 injected=0.0
[charge_scheduler-1] [INFO] [1785764801.615616542] [charge_scheduler]: [执行事件] loop=fixed plan_v=0 C2 type=target_service target=22 station_ord=0 planned_finish=92.47 actual_finish=92.47 dev=+0.00 injected=0.0
[charge_scheduler-1] [INFO] [1785764801.615632394] [charge_scheduler]: [执行事件] loop=fixed plan_v=0 C3 type=target_service target=18 station_ord=0 planned_finish=108.01 actual_finish=108.01 dev=+0.00 injected=0.0
[charge_scheduler-1] [INFO] [1785764801.615638899] [charge_scheduler]: [执行事件] loop=fixed plan_v=0 C1 type=target_service target=11 station_ord=0 planned_finish=111.00 actual_finish=111.00 dev=+0.00 injected=0.0
[charge_scheduler-1] [INFO] [1785764801.615645095] [charge_scheduler]: [执行事件] loop=fixed plan_v=0 C1 type=station_turnaround target=-1 station_ord=1 planned_finish=122.54 actual_finish=122.54 dev=+0.00 injected=0.0
[charge_scheduler-1] [INFO] [1785764801.615651783] [charge_scheduler]: [执行事件] loop=fixed plan_v=0 C2 type=station_turnaround target=-1 station_ord=1 planned_finish=106.64 actual_finish=166.64 dev=+60.00 injected=60.0
[charge_scheduler-1] [WARN] [1785764801.956345747] [charge_scheduler]: [重调度事件] policy=fixed #1 t=166.64min trigger=C2/station_turnaround dev=+60.00 pool=16 committed=1 plan_v=1 solve_ms=340.6 changed_assign=0 changed_order=14
[charge_scheduler-1] [INFO] [1785764801.956401890] [charge_scheduler]: [执行事件] loop=fixed plan_v=0 C1 type=target_service target=5 station_ord=0 planned_finish=169.28 actual_finish=169.28 dev=+0.00 injected=0.0
[charge_scheduler-1] [INFO] [1785764801.956411212] [charge_scheduler]: [执行事件] loop=fixed plan_v=0 C3 type=station_turnaround target=-1 station_ord=1 planned_finish=120.05 actual_finish=180.05 dev=+60.00 injected=60.0
[charge_scheduler-1] [WARN] [1785764802.259134398] [charge_scheduler]: [重调度事件] policy=fixed #2 t=180.05min trigger=C3/station_turnaround dev=+60.00 pool=14 committed=2 plan_v=2 solve_ms=302.7 changed_assign=0 changed_order=8
[charge_scheduler-1] [INFO] [1785764802.259183810] [charge_scheduler]: [执行事件] loop=fixed plan_v=1 C2 type=target_service target=24 station_ord=0 planned_finish=194.62 actual_finish=194.62 dev=+0.00 injected=0.0
[charge_scheduler-1] [INFO] [1785764802.259192693] [charge_scheduler]: [执行事件] loop=fixed plan_v=1 C1 type=target_service target=20 station_ord=0 planned_finish=214.61 actual_finish=214.61 dev=+0.00 injected=0.0
[charge_scheduler-1] [INFO] [1785764802.259199635] [charge_scheduler]: [执行事件] loop=fixed plan_v=2 C3 type=target_service target=13 station_ord=0 planned_finish=216.98 actual_finish=216.98 dev=+0.00 injected=0.0
[charge_scheduler-1] [INFO] [1785764802.259205341] [charge_scheduler]: [执行事件] loop=fixed plan_v=2 C1 type=station_turnaround target=-1 station_ord=2 planned_finish=227.06 actual_finish=227.06 dev=+0.00 injected=0.0
[charge_scheduler-1] [INFO] [1785764802.259211358] [charge_scheduler]: [执行事件] loop=fixed plan_v=2 C2 type=target_service target=19 station_ord=0 planned_finish=235.51 actual_finish=235.51 dev=+0.00 injected=0.0
[charge_scheduler-1] [INFO] [1785764802.259216971] [charge_scheduler]: [执行事件] loop=fixed plan_v=2 C3 type=target_service target=0 station_ord=0 planned_finish=253.87 actual_finish=253.87 dev=+0.00 injected=0.0
[charge_scheduler-1] [INFO] [1785764802.259222515] [charge_scheduler]: [执行事件] loop=fixed plan_v=2 C2 type=target_service target=16 station_ord=0 planned_finish=271.88 actual_finish=271.88 dev=+0.00 injected=0.0
[charge_scheduler-1] [INFO] [1785764802.259228219] [charge_scheduler]: [执行事件] loop=fixed plan_v=2 C1 type=target_service target=23 station_ord=0 planned_finish=277.04 actual_finish=277.04 dev=+0.00 injected=0.0
[charge_scheduler-1] [INFO] [1785764802.259233947] [charge_scheduler]: [执行事件] loop=fixed plan_v=2 C3 type=target_service target=27 station_ord=0 planned_finish=283.97 actual_finish=283.97 dev=+0.00 injected=0.0
[charge_scheduler-1] [INFO] [1785764802.259239706] [charge_scheduler]: [执行事件] loop=fixed plan_v=2 C2 type=station_turnaround target=-1 station_ord=2 planned_finish=284.20 actual_finish=284.20 dev=+0.00 injected=0.0
[charge_scheduler-1] [INFO] [1785764802.259247583] [charge_scheduler]: [执行事件] loop=fixed plan_v=2 C3 type=station_turnaround target=-1 station_ord=2 planned_finish=297.54 actual_finish=297.54 dev=+0.00 injected=0.0
[charge_scheduler-1] [INFO] [1785764802.259304643] [charge_scheduler]: [执行事件] loop=fixed plan_v=2 C1 type=target_service target=2 station_ord=0 planned_finish=320.37 actual_finish=320.37 dev=+0.00 injected=0.0
[charge_scheduler-1] [INFO] [1785764802.259310815] [charge_scheduler]: [执行事件] loop=fixed plan_v=2 C2 type=target_service target=26 station_ord=0 planned_finish=330.16 actual_finish=330.16 dev=+0.00 injected=0.0
[charge_scheduler-1] [INFO] [1785764802.259316366] [charge_scheduler]: [执行事件] loop=fixed plan_v=2 C1 type=station_turnaround target=-1 station_ord=3 planned_finish=333.02 actual_finish=333.02 dev=+0.00 injected=0.0
[charge_scheduler-1] [INFO] [1785764802.259322179] [charge_scheduler]: [执行事件] loop=fixed plan_v=2 C3 type=target_service target=25 station_ord=0 planned_finish=336.68 actual_finish=336.68 dev=+0.00 injected=0.0
[charge_scheduler-1] [INFO] [1785764802.259327593] [charge_scheduler]: [执行事件] loop=fixed plan_v=2 C2 type=target_service target=17 station_ord=0 planned_finish=377.69 actual_finish=377.69 dev=+0.00 injected=0.0
[charge_scheduler-1] [INFO] [1785764802.259333132] [charge_scheduler]: [执行事件] loop=fixed plan_v=2 C1 type=target_service target=29 station_ord=0 planned_finish=377.99 actual_finish=377.99 dev=+0.00 injected=0.0
[charge_scheduler-1] [INFO] [1785764802.259338654] [charge_scheduler]: [执行事件] loop=fixed plan_v=2 C3 type=target_service target=14 station_ord=0 planned_finish=381.18 actual_finish=381.18 dev=+0.00 injected=0.0
[charge_scheduler-1] [INFO] [1785764802.259344087] [charge_scheduler]: [执行事件] loop=fixed plan_v=2 C1 type=final_return target=-1 station_ord=0 planned_finish=382.19 actual_finish=382.19 dev=+0.00 injected=0.0
[charge_scheduler-1] [INFO] [1785764802.259349505] [charge_scheduler]: [执行事件] loop=fixed plan_v=2 C2 type=station_turnaround target=-1 station_ord=3 planned_finish=389.62 actual_finish=389.62 dev=+0.00 injected=0.0
[charge_scheduler-1] [INFO] [1785764802.259355079] [charge_scheduler]: [执行事件] loop=fixed plan_v=2 C3 type=station_turnaround target=-1 station_ord=3 planned_finish=395.44 actual_finish=395.44 dev=+0.00 injected=0.0
[charge_scheduler-1] [INFO] [1785764802.259360740] [charge_scheduler]: [执行事件] loop=fixed plan_v=2 C3 type=target_service target=10 station_ord=0 planned_finish=433.49 actual_finish=433.49 dev=+0.00 injected=0.0
[charge_scheduler-1] [INFO] [1785764802.259366070] [charge_scheduler]: [执行事件] loop=fixed plan_v=2 C2 type=target_service target=6 station_ord=0 planned_finish=437.51 actual_finish=437.51 dev=+0.00 injected=0.0
[charge_scheduler-1] [INFO] [1785764802.259371520] [charge_scheduler]: [执行事件] loop=fixed plan_v=2 C3 type=final_return target=-1 station_ord=0 planned_finish=439.36 actual_finish=439.36 dev=+0.00 injected=0.0
[charge_scheduler-1] [INFO] [1785764802.259376639] [charge_scheduler]: [执行事件] loop=fixed plan_v=2 C2 type=final_return target=-1 station_ord=0 planned_finish=442.03 actual_finish=442.03 dev=+0.00 injected=0.0
[charge_scheduler-1] [INFO] [1785764802.259395000] [charge_scheduler]: [执行事件] loop=global plan_v=0 C1 type=target_service target=12 station_ord=0 planned_finish=8.50 actual_finish=8.50 dev=+0.00 injected=0.0
[charge_scheduler-1] [INFO] [1785764802.259400646] [charge_scheduler]: [执行事件] loop=global plan_v=0 C2 type=target_service target=4 station_ord=0 planned_finish=11.77 actual_finish=11.77 dev=+0.00 injected=0.0
[charge_scheduler-1] [INFO] [1785764802.259406071] [charge_scheduler]: [执行事件] loop=global plan_v=0 C1 type=target_service target=21 station_ord=0 planned_finish=16.66 actual_finish=16.66 dev=+0.00 injected=0.0
[charge_scheduler-1] [INFO] [1785764802.259411559] [charge_scheduler]: [执行事件] loop=global plan_v=0 C3 type=target_service target=9 station_ord=0 planned_finish=24.86 actual_finish=24.86 dev=+0.00 injected=0.0
[charge_scheduler-1] [INFO] [1785764802.259416857] [charge_scheduler]: [执行事件] loop=global plan_v=0 C2 type=target_service target=8 station_ord=0 planned_finish=29.29 actual_finish=29.29 dev=+0.00 injected=0.0
[charge_scheduler-1] [INFO] [1785764802.259422149] [charge_scheduler]: [执行事件] loop=global plan_v=0 C1 type=target_service target=15 station_ord=0 planned_finish=41.31 actual_finish=41.31 dev=+0.00 injected=0.0
[charge_scheduler-1] [INFO] [1785764802.259427498] [charge_scheduler]: [执行事件] loop=global plan_v=0 C3 type=target_service target=1 station_ord=0 planned_finish=47.17 actual_finish=47.17 dev=+0.00 injected=0.0
[charge_scheduler-1] [INFO] [1785764802.259435178] [charge_scheduler]: [执行事件] loop=global plan_v=0 C2 type=target_service target=7 station_ord=0 planned_finish=56.73 actual_finish=56.73 dev=+0.00 injected=0.0
[charge_scheduler-1] [INFO] [1785764802.259443082] [charge_scheduler]: [执行事件] loop=global plan_v=0 C1 type=target_service target=3 station_ord=0 planned_finish=68.11 actual_finish=68.11 dev=+0.00 injected=0.0
[charge_scheduler-1] [INFO] [1785764802.259448567] [charge_scheduler]: [执行事件] loop=global plan_v=0 C3 type=target_service target=28 station_ord=0 planned_finish=80.40 actual_finish=80.40 dev=+0.00 injected=0.0
[charge_scheduler-1] [INFO] [1785764802.259454197] [charge_scheduler]: [执行事件] loop=global plan_v=0 C2 type=target_service target=22 station_ord=0 planned_finish=92.47 actual_finish=92.47 dev=+0.00 injected=0.0
[charge_scheduler-1] [INFO] [1785764802.259460647] [charge_scheduler]: [执行事件] loop=global plan_v=0 C3 type=target_service target=18 station_ord=0 planned_finish=108.01 actual_finish=108.01 dev=+0.00 injected=0.0
[charge_scheduler-1] [INFO] [1785764802.259467236] [charge_scheduler]: [执行事件] loop=global plan_v=0 C1 type=target_service target=11 station_ord=0 planned_finish=111.00 actual_finish=111.00 dev=+0.00 injected=0.0
[charge_scheduler-1] [INFO] [1785764802.259472612] [charge_scheduler]: [执行事件] loop=global plan_v=0 C1 type=station_turnaround target=-1 station_ord=1 planned_finish=122.54 actual_finish=122.54 dev=+0.00 injected=0.0
[charge_scheduler-1] [INFO] [1785764802.259478311] [charge_scheduler]: [执行事件] loop=global plan_v=0 C2 type=station_turnaround target=-1 station_ord=1 planned_finish=106.64 actual_finish=166.64 dev=+60.00 injected=60.0
[charge_scheduler-1] [WARN] [1785764804.503117069] [charge_scheduler]: [重调度事件] policy=global #1 t=166.64min trigger=C2/station_turnaround dev=+60.00 pool=16 committed=1 plan_v=1 solve_ms=2243.6 changed_assign=8 changed_order=15
[charge_scheduler-1] [INFO] [1785764804.503166002] [charge_scheduler]: [执行事件] loop=global plan_v=0 C1 type=target_service target=5 station_ord=0 planned_finish=169.28 actual_finish=169.28 dev=+0.00 injected=0.0
[charge_scheduler-1] [INFO] [1785764804.503175123] [charge_scheduler]: [执行事件] loop=global plan_v=0 C3 type=station_turnaround target=-1 station_ord=1 planned_finish=120.05 actual_finish=180.05 dev=+60.00 injected=60.0
[charge_scheduler-1] [WARN] [1785764805.810777978] [charge_scheduler]: [重调度事件] policy=global #2 t=180.05min trigger=C3/station_turnaround dev=+60.00 pool=14 committed=2 plan_v=2 solve_ms=1307.6 changed_assign=6 changed_order=8
[charge_scheduler-1] [INFO] [1785764805.810839860] [charge_scheduler]: [执行事件] loop=global plan_v=1 C2 type=target_service target=24 station_ord=0 planned_finish=194.62 actual_finish=194.62 dev=+0.00 injected=0.0
[charge_scheduler-1] [INFO] [1785764805.810848982] [charge_scheduler]: [执行事件] loop=global plan_v=1 C1 type=target_service target=20 station_ord=0 planned_finish=214.61 actual_finish=214.61 dev=+0.00 injected=0.0
[charge_scheduler-1] [INFO] [1785764805.810856003] [charge_scheduler]: [执行事件] loop=global plan_v=2 C3 type=target_service target=16 station_ord=0 planned_finish=218.29 actual_finish=218.29 dev=+0.00 injected=0.0
[charge_scheduler-1] [INFO] [1785764805.810862481] [charge_scheduler]: [执行事件] loop=global plan_v=2 C1 type=station_turnaround target=-1 station_ord=2 planned_finish=227.06 actual_finish=227.06 dev=+0.00 injected=0.0
[charge_scheduler-1] [INFO] [1785764805.810868953] [charge_scheduler]: [执行事件] loop=global plan_v=2 C2 type=target_service target=13 station_ord=0 planned_finish=234.82 actual_finish=234.82 dev=+0.00 injected=0.0
[charge_scheduler-1] [INFO] [1785764805.810875156] [charge_scheduler]: [执行事件] loop=global plan_v=2 C1 type=target_service target=27 station_ord=0 planned_finish=252.69 actual_finish=252.69 dev=+0.00 injected=0.0
[charge_scheduler-1] [INFO] [1785764805.810880977] [charge_scheduler]: [执行事件] loop=global plan_v=2 C3 type=target_service target=10 station_ord=0 planned_finish=256.51 actual_finish=256.51 dev=+0.00 injected=0.0
[charge_scheduler-1] [INFO] [1785764805.810893119] [charge_scheduler]: [执行事件] loop=global plan_v=2 C3 type=station_turnaround target=-1 station_ord=2 planned_finish=272.38 actual_finish=272.38 dev=+0.00 injected=0.0
[charge_scheduler-1] [INFO] [1785764805.810927978] [charge_scheduler]: [执行事件] loop=global plan_v=2 C2 type=target_service target=19 station_ord=0 planned_finish=273.82 actual_finish=273.82 dev=+0.00 injected=0.0
[charge_scheduler-1] [INFO] [1785764805.810934061] [charge_scheduler]: [执行事件] loop=global plan_v=2 C2 type=station_turnaround target=-1 station_ord=2 planned_finish=287.15 actual_finish=287.15 dev=+0.00 injected=0.0
[charge_scheduler-1] [INFO] [1785764805.810939922] [charge_scheduler]: [执行事件] loop=global plan_v=2 C1 type=target_service target=0 station_ord=0 planned_finish=289.54 actual_finish=289.54 dev=+0.00 injected=0.0
[charge_scheduler-1] [INFO] [1785764805.810946344] [charge_scheduler]: [执行事件] loop=global plan_v=2 C3 type=target_service target=25 station_ord=0 planned_finish=311.20 actual_finish=311.20 dev=+0.00 injected=0.0
[charge_scheduler-1] [INFO] [1785764805.810952336] [charge_scheduler]: [执行事件] loop=global plan_v=2 C2 type=target_service target=29 station_ord=0 planned_finish=332.12 actual_finish=332.12 dev=+0.00 injected=0.0
[charge_scheduler-1] [INFO] [1785764805.810958128] [charge_scheduler]: [执行事件] loop=global plan_v=2 C1 type=target_service target=6 station_ord=0 planned_finish=334.31 actual_finish=334.31 dev=+0.00 injected=0.0
[charge_scheduler-1] [INFO] [1785764805.810963736] [charge_scheduler]: [执行事件] loop=global plan_v=2 C1 type=station_turnaround target=-1 station_ord=3 planned_finish=348.83 actual_finish=348.83 dev=+0.00 injected=0.0
[charge_scheduler-1] [INFO] [1785764805.810969439] [charge_scheduler]: [执行事件] loop=global plan_v=2 C3 type=target_service target=14 station_ord=0 planned_finish=355.71 actual_finish=355.71 dev=+0.00 injected=0.0
[charge_scheduler-1] [INFO] [1785764805.810975303] [charge_scheduler]: [执行事件] loop=global plan_v=2 C3 type=station_turnaround target=-1 station_ord=3 planned_finish=369.97 actual_finish=369.97 dev=+0.00 injected=0.0
[charge_scheduler-1] [INFO] [1785764805.810981320] [charge_scheduler]: [执行事件] loop=global plan_v=2 C2 type=target_service target=17 station_ord=0 planned_finish=379.57 actual_finish=379.57 dev=+0.00 injected=0.0
[charge_scheduler-1] [INFO] [1785764805.810987133] [charge_scheduler]: [执行事件] loop=global plan_v=2 C2 type=station_turnaround target=-1 station_ord=3 planned_finish=391.50 actual_finish=391.50 dev=+0.00 injected=0.0
[charge_scheduler-1] [INFO] [1785764805.810992991] [charge_scheduler]: [执行事件] loop=global plan_v=2 C1 type=target_service target=2 station_ord=0 planned_finish=398.62 actual_finish=398.62 dev=+0.00 injected=0.0
[charge_scheduler-1] [INFO] [1785764805.810998699] [charge_scheduler]: [执行事件] loop=global plan_v=2 C1 type=final_return target=-1 station_ord=0 planned_finish=401.26 actual_finish=401.26 dev=+0.00 injected=0.0
[charge_scheduler-1] [INFO] [1785764805.811004206] [charge_scheduler]: [执行事件] loop=global plan_v=2 C3 type=target_service target=26 station_ord=0 planned_finish=415.92 actual_finish=415.92 dev=+0.00 injected=0.0
[charge_scheduler-1] [INFO] [1785764805.811009741] [charge_scheduler]: [执行事件] loop=global plan_v=2 C3 type=final_return target=-1 station_ord=0 planned_finish=418.54 actual_finish=418.54 dev=+0.00 injected=0.0
[charge_scheduler-1] [INFO] [1785764805.811015168] [charge_scheduler]: [执行事件] loop=global plan_v=2 C2 type=target_service target=23 station_ord=0 planned_finish=441.77 actual_finish=441.77 dev=+0.00 injected=0.0
[charge_scheduler-1] [INFO] [1785764805.811020491] [charge_scheduler]: [执行事件] loop=global plan_v=2 C2 type=final_return target=-1 station_ord=0 planned_finish=443.92 actual_finish=443.92 dev=+0.00 injected=0.0
[charge_scheduler-1] [INFO] [1785764805.811035225] [charge_scheduler]: ★闭环实验结果 mode=open M=30 K=3 disturbance=station delay=60.0 seed=1 N_late=14 T_overtime=905.337 C_total=7170.755 makespan=445.409 served=30 energy_viol=6 reschedules=0 reschedule_ms=0.000 changed_assign=0 changed_order=0 applied_target=0 applied_station=2 initial_solve_ms=43716.527 objective_order=Nlate,Tover,Ctotal
[charge_scheduler-1] [INFO] [1785764805.811045800] [charge_scheduler]: ★闭环实验结果 mode=fixed M=30 K=3 disturbance=station delay=60.0 seed=1 N_late=12 T_overtime=945.776 C_total=7830.416 makespan=442.033 served=30 energy_viol=0 reschedules=2 reschedule_ms=643.293 changed_assign=0 changed_order=22 applied_target=0 applied_station=2 initial_solve_ms=43716.527 objective_order=Nlate,Tover,Ctotal
[charge_scheduler-1] [INFO] [1785764805.811056497] [charge_scheduler]: ★闭环实验收益 policy=fixed M=30 K=3 disturbance=station delay=60.0 seed=1 recovered_late=2 overtime_reduction=-40.439 distance_delta=659.660 makespan_reduction=3.376
[charge_scheduler-1] [INFO] [1785764805.811062755] [charge_scheduler]: ★闭环实验结果 mode=closed M=30 K=3 disturbance=station delay=60.0 seed=1 N_late=10 T_overtime=881.736 C_total=7665.046 makespan=443.915 served=30 energy_viol=0 reschedules=2 reschedule_ms=3551.176 changed_assign=14 changed_order=23 applied_target=0 applied_station=2 initial_solve_ms=43716.527 objective_order=Nlate,Tover,Ctotal
[charge_scheduler-1] [INFO] [1785764805.811070897] [charge_scheduler]: ★闭环实验收益 policy=closed M=30 K=3 disturbance=station delay=60.0 seed=1 recovered_late=4 overtime_reduction=23.601 distance_delta=494.290 makespan_reduction=1.493
