[INFO] [launch]: All log files can be found below /root/.ros/log/2026-08-03-12-34-47-146539-YYYY-33756
[INFO] [launch]: Default logging verbosity is set to INFO
[INFO] [charge_scheduler-1]: process started with pid [33760]
[charge_scheduler-1] [INFO] [1785760487.271709199] [charge_scheduler]: [目标顺序] objective_order=Nlate,Tover,Ctotal
[charge_scheduler-1] [INFO] [1785760487.272554356] [charge_scheduler]: [Scheduler] 30辆车 | 电池800.0kWh(20%=160.0 80%=640.0) | 充电360kW效率97% | 行驶0.6kWh/km | 桩350kW
[charge_scheduler-1] [INFO] [1785760487.272609228] [charge_scheduler]: [Scheduler] 站端周转: 换电 10 min(换后满电) | 单趟可用 640 kWh
[charge_scheduler-1] [INFO] [1785760487.272627513] [charge_scheduler]:   车#0 [电动装载机282|light] 位置(3889.6,73764.7) 容量282kWh 剩余35% | α=6→6min/% τ=168min → 需130.8kWh(充21.2min)
[charge_scheduler-1] [INFO] [1785760487.272651936] [charge_scheduler]:   车#1 [重型叉车|light] 位置(3778.9,73807.0) 容量200kWh 剩余20% | α=6→6min/% τ=96min → 需123.7kWh(充20.0min)
[charge_scheduler-1] [INFO] [1785760487.272673427] [charge_scheduler]:   车#2 [电动装载机350|light] 位置(3794.9,73804.6) 容量350kWh 剩余50% | α=6→6min/% τ=288min → 需108.2kWh(充17.5min)
[charge_scheduler-1] [INFO] [1785760487.272693295] [charge_scheduler]:   车#3 [重型叉车|light] 位置(3806.9,73760.3) 容量200kWh 剩余10% | α=6→6min/% τ=32min → 需144.3kWh(充23.3min)
[charge_scheduler-1] [INFO] [1785760487.272713194] [charge_scheduler]:   车#4 [电动装载机282|heavy→降级] 位置(3705.1,73758.2) 容量282kWh 剩余60% | α=3→6min/% τ=212min → 需58.1kWh(充9.4min)
[charge_scheduler-1] [INFO] [1785760487.272732985] [charge_scheduler]:   车#5 [电动装载机350|light] 位置(3756.5,73770.2) 容量350kWh 剩余25% | α=6→6min/% τ=128min → 需198.5kWh(充32.1min)
[charge_scheduler-1] [INFO] [1785760487.272752377] [charge_scheduler]:   车#6 [电动装载机350|heavy→降级] 位置(3887.4,73809.4) 容量350kWh 剩余40% | α=4→6min/% τ=176min → 需144.3kWh(充23.3min)
[charge_scheduler-1] [INFO] [1785760487.272771762] [charge_scheduler]:   车#7 [重型叉车|light] 位置(3899.0,73786.6) 容量200kWh 剩余15% | α=6→6min/% τ=64min → 需134.0kWh(充21.7min)
[charge_scheduler-1] [INFO] [1785760487.272798173] [charge_scheduler]:   车#8 [电动装载机282|heavy→降级] 位置(3689.7,73663.1) 容量282kWh 剩余55% | α=3→6min/% τ=196min → 需72.7kWh(充11.8min)
[charge_scheduler-1] [INFO] [1785760487.272817835] [charge_scheduler]:   车#9 [电动装载机282|heavy→降级] 位置(3748.4,73767.2) 容量282kWh 剩余30% | α=3→6min/% τ=116min → 需145.4kWh(充23.5min)
[charge_scheduler-1] [INFO] [1785760487.272836587] [charge_scheduler]:   车#10 [电动装载机282|light] 位置(3865.2,73751.0) 容量282kWh 剩余45% | α=6→6min/% τ=224min → 需101.8kWh(充16.4min)
[charge_scheduler-1] [INFO] [1785760487.272855163] [charge_scheduler]:   车#11 [电动装载机350|light] 位置(3785.0,73749.2) 容量350kWh 剩余18% | α=6→6min/% τ=83min → 需223.7kWh(充36.2min)
[charge_scheduler-1] [INFO] [1785760487.272874606] [charge_scheduler]:   车#12 [重型叉车|heavy→降级] 位置(3811.5,73799.9) 容量200kWh 剩余62% | α=3→6min/% τ=230min → 需37.1kWh(充6.0min)
[charge_scheduler-1] [INFO] [1785760487.272893716] [charge_scheduler]:   车#13 [电动装载机282|light] 位置(3810.8,73773.1) 容量282kWh 剩余28% | α=6→6min/% τ=129min → 需151.2kWh(充24.4min)
[charge_scheduler-1] [INFO] [1785760487.272917273] [charge_scheduler]:   车#14 [电动装载机350|light] 位置(3905.0,73793.5) 容量350kWh 剩余52% | α=6→6min/% τ=301min → 需101.0kWh(充16.3min)
[charge_scheduler-1] [INFO] [1785760487.272936658] [charge_scheduler]:   车#15 [重型叉车|light] 位置(3894.3,73756.9) 容量200kWh 剩余12% | α=6→6min/% τ=45min → 需140.2kWh(充22.7min)
[charge_scheduler-1] [INFO] [1785760487.272955814] [charge_scheduler]:   车#16 [电动装载机282|light] 位置(3818.5,73716.2) 容量282kWh 剩余38% | α=6→6min/% τ=185min → 需122.1kWh(充19.7min)
[charge_scheduler-1] [INFO] [1785760487.272974866] [charge_scheduler]:   车#17 [电动装载机350|light] 位置(3733.2,73772.4) 容量350kWh 剩余58% | α=6→6min/% τ=339min → 需79.4kWh(充12.8min)
[charge_scheduler-1] [INFO] [1785760487.272993447] [charge_scheduler]:   车#18 [重型叉车|heavy→降级] 位置(3764.7,73699.0) 容量200kWh 剩余22% | α=3→6min/% τ=102min → 需119.6kWh(充19.3min)
[charge_scheduler-1] [INFO] [1785760487.273012672] [charge_scheduler]:   车#19 [电动装载机282|light] 位置(3878.4,73747.9) 容量282kWh 剩余48% | α=6→6min/% τ=241min → 需93.0kWh(充15.0min)
[charge_scheduler-1] [INFO] [1785760487.273080551] [charge_scheduler]:   车#20 [电动装载机350|light] 位置(3740.3,73686.9) 容量350kWh 剩余33% | α=6→6min/% τ=179min → 需169.6kWh(充27.4min)
[charge_scheduler-1] [INFO] [1785760487.273111861] [charge_scheduler]:   车#21 [重型叉车|heavy→降级] 位置(3895.4,73811.9) 容量200kWh 剩余65% | α=3→6min/% τ=240min → 需30.9kWh(充5.0min)
[charge_scheduler-1] [INFO] [1785760487.273131606] [charge_scheduler]:   车#22 [电动装载机282|light] 位置(3876.0,73830.2) 容量282kWh 剩余16% | α=6→6min/% τ=62min → 需186.1kWh(充30.1min)
[charge_scheduler-1] [INFO] [1785760487.273150715] [charge_scheduler]:   车#23 [电动装载机350|light] 位置(3765.9,73790.3) 容量350kWh 剩余42% | α=6→6min/% τ=237min → 需137.1kWh(充22.2min)
[charge_scheduler-1] [INFO] [1785760487.275001541] [charge_scheduler]:   车#24 [重型叉车|heavy→降级] 位置(3637.1,73698.1) 容量200kWh 剩余25% | α=3→6min/% τ=112min → 需113.4kWh(充18.3min)
[charge_scheduler-1] [INFO] [1785760487.275038406] [charge_scheduler]:   车#25 [电动装载机282|light] 位置(3884.5,73833.1) 容量282kWh 剩余55% | α=6→6min/% τ=280min → 需72.7kWh(充11.8min)
[charge_scheduler-1] [INFO] [1785760487.275065796] [charge_scheduler]:   车#26 [电动装载机350|light] 位置(3699.3,73765.4) 容量350kWh 剩余30% | α=6→6min/% τ=160min → 需180.4kWh(充29.2min)
[charge_scheduler-1] [INFO] [1785760487.275092980] [charge_scheduler]:   车#27 [重型叉车|heavy→降级] 位置(3800.8,73717.7) 容量200kWh 剩余68% | α=3→6min/% τ=250min → 需24.7kWh(充4.0min)
[charge_scheduler-1] [INFO] [1785760487.275112755] [charge_scheduler]:   车#28 [电动装载机282|light] 位置(3825.0,73792.7) 容量282kWh 剩余20% | α=6→6min/% τ=84min → 需174.4kWh(充28.2min)
[charge_scheduler-1] [INFO] [1785760487.275132276] [charge_scheduler]:   车#29 [电动装载机350|light] 位置(3784.3,73759.0) 容量350kWh 剩余36% | α=6→6min/% τ=198min → 需158.8kWh(充25.7min)
[charge_scheduler-1] [INFO] [1785760487.294691409] [charge_scheduler]: [Scheduler] 闭环接口: threshold=10.0min | event_sim=on | policy=all | structured_feedback=optional (/task_planner/execution_event)
[charge_scheduler-1] [INFO] [1785760487.294740963] [charge_scheduler]: [Scheduler] 已启动, 等待地图...
[charge_scheduler-1] [INFO] [1785760487.294755842] [charge_scheduler]: [Scheduler] 充电车1接口: sequence/served/arrived_target/arrived_station/return_goal/task_complete 后缀=_1
[charge_scheduler-1] [INFO] [1785760487.294785090] [charge_scheduler]: [Scheduler] 充电车2接口: sequence/served/arrived_target/arrived_station/return_goal/task_complete 后缀=_2
[charge_scheduler-1] [INFO] [1785760487.294804879] [charge_scheduler]: [Scheduler] 充电车3接口: sequence/served/arrived_target/arrived_station/return_goal/task_complete 后缀=_3
[charge_scheduler-1] [INFO] [1785760487.378018634] [charge_scheduler]: [Scheduler] RoutingGraph 就绪
[charge_scheduler-1] [INFO] [1785760487.378492589] [charge_scheduler]: [Scheduler] 提取到 0 条虚线捷径
[charge_scheduler-1] [INFO] [1785760487.405524059] [charge_scheduler]: [Scheduler] 下层兼容增强图: 190 节点, 0 条虚线掉头边
[charge_scheduler-1] [INFO] [1785760508.390442421] [charge_scheduler]: [Scheduler] 距离矩阵完成 31x31, 20984.9 ms | 模式=maneuver | 真实不可达=0 抽象不可达=0 | 缺少对向投影节点=0 | 对向识别(ID/几何/法向)=0/0/0 | 单向驿站投影=0
[charge_scheduler-1] [INFO] [1785760508.390509731] [charge_scheduler]:   ✓ 比值自检：930 个 OD 满足 机动/直线≥1 | 均值=4.11 最大=62.63 (车#0→车#15)
[charge_scheduler-1] [INFO] [1785760508.390522202] [charge_scheduler]: [Scheduler] 地图就绪, 190 条 lanelet（与下层一致）
[charge_scheduler-1] [INFO] [1785760508.390570226] [charge_scheduler]: ======== 开始VRPTW调度 30 辆车 ========
[charge_scheduler-1] [INFO] [1785760508.390575260] [charge_scheduler]:   规模30>8 → 启发式(alns)
[charge_scheduler-1] [INFO] [1785760554.867688466] [charge_scheduler]: [ALNS] objective_order=Nlate,Tover,Ctotal seed=2 iters=15000 | N_late=3(成功率90.0%) T_overtime=355.2min C_total=8087.0m | 趟数=12 makespan=402.0min
[charge_scheduler-1] [INFO] [1785760554.867730079] [charge_scheduler]:   求解耗时 46477.2 ms
[charge_scheduler-1] [INFO] [1785760554.867739792] [charge_scheduler]: ════════ 调度结果 ════════
[charge_scheduler-1] [INFO] [1785760554.867744566] [charge_scheduler]:   ★目标(字典序): objective_order=Nlate,Tover,Ctotal | N_late=3 辆 (按时成功率 27/30 = 90.0%)  T_overtime=355.2min  C_total=8087.0m
[charge_scheduler-1] [INFO] [1785760554.867771267] [charge_scheduler]:   附: 趟数=12 | makespan=402.0min | 能量可行=是
[charge_scheduler-1] [INFO] [1785760554.867781103] [charge_scheduler]:   [充电车2] 趟1: 站 → 车#3(到3.4/限32.0✓) → 车#9(到28.1/限116.0✓) → 车#28(到57.5/限84.0✓) → 站
[charge_scheduler-1] [INFO] [1785760554.867787952] [charge_scheduler]:   [充电车3] 趟2: 站 → 车#4(到2.1/限212.0✓) → 车#27(到14.5/限249.6✓) → 车#7(到22.2/限64.0✓) → 车#22(到45.8/限61.6✓) → 车#1(到84.0/限96.0✓) → 站
[charge_scheduler-1] [INFO] [1785760554.867794303] [charge_scheduler]:   [充电车1] 趟3: 站 → 车#12(到2.3/限230.4✓) → 车#21(到10.6/限240.0✓) → 车#15(到17.7/限44.8✓) → 车#11(到43.5/限83.2✓) → 车#18(到86.2/限102.4✓) → 站
[charge_scheduler-1] [INFO] [1785760554.867799842] [charge_scheduler]:   [充电车2] 趟4: 站 → 车#24(到106.1/限112.0✓) → 车#26(到134.8/限160.0✓) → 车#16(到180.0/限184.8✓) → 站
[charge_scheduler-1] [INFO] [1785760554.867805035] [charge_scheduler]:   [充电车3] 趟5: 站 → 车#5(到125.0/限128.0✓) → 车#6(到172.2/限176.0✓) → 站
[charge_scheduler-1] [INFO] [1785760554.867809983] [charge_scheduler]:   [充电车1] 趟6: 站 → 车#13(到124.1/限128.8✓) → 车#0(到160.6/限168.0✓) → 车#10(到195.7/限224.0✓) → 站
[charge_scheduler-1] [INFO] [1785760554.867814307] [charge_scheduler]:   [充电车3] 趟7: 站 → 车#19(到235.6/限240.8✓) → 车#25(到273.7/限280.0✓) → 站
[charge_scheduler-1] [INFO] [1785760554.867818647] [charge_scheduler]:   [充电车2] 趟8: 站 → 车#23(到233.6/限236.8✓) → 车#2(到277.6/限288.0✓) → 站
[charge_scheduler-1] [INFO] [1785760554.867822953] [charge_scheduler]:   [充电车1] 趟9: 站 → 车#20(到246.5/限179.2✗超时) → 车#14(到295.3/限300.8✓) → 站
[charge_scheduler-1] [INFO] [1785760554.867827067] [charge_scheduler]:   [充电车1] 趟10: 站 → 车#29(到354.0/限198.4✗超时) → 站
[charge_scheduler-1] [INFO] [1785760554.867831514] [charge_scheduler]:   [充电车2] 趟11: 站 → 车#17(到334.7/限339.2✓) → 站
[charge_scheduler-1] [INFO] [1785760554.867835456] [charge_scheduler]:   [充电车3] 趟12: 站 → 车#8(到328.3/限196.0✗超时) → 站
[charge_scheduler-1] [INFO] [1785760554.867838774] [charge_scheduler]: ════════════════════════
[charge_scheduler-1] [INFO] [1785760554.867888287] [charge_scheduler]: [扰动清单] type=none delay=0.0min targets={} station={}
[charge_scheduler-1] [INFO] [1785760554.867902591] [charge_scheduler]: [执行事件] loop=open plan_v=0 C1 type=target_service target=12 station_ord=0 planned_finish=8.50 actual_finish=8.50 dev=+0.00 injected=0.0
[charge_scheduler-1] [INFO] [1785760554.867909442] [charge_scheduler]: [执行事件] loop=open plan_v=0 C3 type=target_service target=4 station_ord=0 planned_finish=11.77 actual_finish=11.77 dev=+0.00 injected=0.0
[charge_scheduler-1] [INFO] [1785760554.867915285] [charge_scheduler]: [执行事件] loop=open plan_v=0 C1 type=target_service target=21 station_ord=0 planned_finish=16.66 actual_finish=16.66 dev=+0.00 injected=0.0
[charge_scheduler-1] [INFO] [1785760554.867921112] [charge_scheduler]: [执行事件] loop=open plan_v=0 C3 type=target_service target=27 station_ord=0 planned_finish=20.04 actual_finish=20.04 dev=+0.00 injected=0.0
[charge_scheduler-1] [INFO] [1785760554.867926616] [charge_scheduler]: [执行事件] loop=open plan_v=0 C2 type=target_service target=3 station_ord=0 planned_finish=26.90 actual_finish=26.90 dev=+0.00 injected=0.0
[charge_scheduler-1] [INFO] [1785760554.867932128] [charge_scheduler]: [执行事件] loop=open plan_v=0 C1 type=target_service target=15 station_ord=0 planned_finish=41.31 actual_finish=41.31 dev=+0.00 injected=0.0
[charge_scheduler-1] [INFO] [1785760554.867937414] [charge_scheduler]: [执行事件] loop=open plan_v=0 C3 type=target_service target=7 station_ord=0 planned_finish=44.99 actual_finish=44.99 dev=+0.00 injected=0.0
[charge_scheduler-1] [INFO] [1785760554.867942928] [charge_scheduler]: [执行事件] loop=open plan_v=0 C2 type=target_service target=9 station_ord=0 planned_finish=55.68 actual_finish=55.68 dev=+0.00 injected=0.0
[charge_scheduler-1] [INFO] [1785760554.867948555] [charge_scheduler]: [执行事件] loop=open plan_v=0 C3 type=target_service target=22 station_ord=0 planned_finish=79.74 actual_finish=79.74 dev=+0.00 injected=0.0
[charge_scheduler-1] [INFO] [1785760554.867957159] [charge_scheduler]: [执行事件] loop=open plan_v=0 C1 type=target_service target=11 station_ord=0 planned_finish=83.60 actual_finish=83.60 dev=+0.00 injected=0.0
[charge_scheduler-1] [INFO] [1785760554.867962803] [charge_scheduler]: [执行事件] loop=open plan_v=0 C2 type=target_service target=28 station_ord=0 planned_finish=90.56 actual_finish=90.56 dev=+0.00 injected=0.0
[charge_scheduler-1] [INFO] [1785760554.867968486] [charge_scheduler]: [执行事件] loop=open plan_v=0 C2 type=station_turnaround target=-1 station_ord=1 planned_finish=103.07 actual_finish=103.07 dev=+0.00 injected=0.0
[charge_scheduler-1] [INFO] [1785760554.867974490] [charge_scheduler]: [执行事件] loop=open plan_v=0 C3 type=target_service target=1 station_ord=0 planned_finish=108.41 actual_finish=108.41 dev=+0.00 injected=0.0
[charge_scheduler-1] [INFO] [1785760554.867980192] [charge_scheduler]: [执行事件] loop=open plan_v=0 C1 type=target_service target=18 station_ord=0 planned_finish=110.36 actual_finish=110.36 dev=+0.00 injected=0.0
[charge_scheduler-1] [INFO] [1785760554.867985580] [charge_scheduler]: [执行事件] loop=open plan_v=0 C3 type=station_turnaround target=-1 station_ord=1 planned_finish=121.83 actual_finish=121.83 dev=+0.00 injected=0.0
[charge_scheduler-1] [INFO] [1785760554.867991046] [charge_scheduler]: [执行事件] loop=open plan_v=0 C1 type=station_turnaround target=-1 station_ord=1 planned_finish=122.40 actual_finish=122.40 dev=+0.00 injected=0.0
[charge_scheduler-1] [INFO] [1785760554.867997078] [charge_scheduler]: [执行事件] loop=open plan_v=0 C2 type=target_service target=24 station_ord=0 planned_finish=130.75 actual_finish=130.75 dev=+0.00 injected=0.0
[charge_scheduler-1] [INFO] [1785760554.868002701] [charge_scheduler]: [执行事件] loop=open plan_v=0 C1 type=target_service target=13 station_ord=0 planned_finish=158.93 actual_finish=158.93 dev=+0.00 injected=0.0
[charge_scheduler-1] [INFO] [1785760554.868008172] [charge_scheduler]: [执行事件] loop=open plan_v=0 C3 type=target_service target=5 station_ord=0 planned_finish=168.51 actual_finish=168.51 dev=+0.00 injected=0.0
[charge_scheduler-1] [INFO] [1785760554.868014347] [charge_scheduler]: [执行事件] loop=open plan_v=0 C2 type=target_service target=26 station_ord=0 planned_finish=176.29 actual_finish=176.29 dev=+0.00 injected=0.0
[charge_scheduler-1] [INFO] [1785760554.868019804] [charge_scheduler]: [执行事件] loop=open plan_v=0 C1 type=target_service target=0 station_ord=0 planned_finish=195.20 actual_finish=195.20 dev=+0.00 injected=0.0
[charge_scheduler-1] [INFO] [1785760554.868025414] [charge_scheduler]: [执行事件] loop=open plan_v=0 C2 type=target_service target=16 station_ord=0 planned_finish=214.79 actual_finish=214.79 dev=+0.00 injected=0.0
[charge_scheduler-1] [INFO] [1785760554.868031103] [charge_scheduler]: [执行事件] loop=open plan_v=0 C3 type=target_service target=6 station_ord=0 planned_finish=215.59 actual_finish=215.59 dev=+0.00 injected=0.0
[charge_scheduler-1] [INFO] [1785760554.868036652] [charge_scheduler]: [执行事件] loop=open plan_v=0 C2 type=station_turnaround target=-1 station_ord=2 planned_finish=227.12 actual_finish=227.12 dev=+0.00 injected=0.0
[charge_scheduler-1] [INFO] [1785760554.868042541] [charge_scheduler]: [执行事件] loop=open plan_v=0 C1 type=target_service target=10 station_ord=0 planned_finish=228.54 actual_finish=228.54 dev=+0.00 injected=0.0
[charge_scheduler-1] [INFO] [1785760554.868048039] [charge_scheduler]: [执行事件] loop=open plan_v=0 C3 type=station_turnaround target=-1 station_ord=2 planned_finish=230.11 actual_finish=230.11 dev=+0.00 injected=0.0
[charge_scheduler-1] [INFO] [1785760554.868053503] [charge_scheduler]: [执行事件] loop=open plan_v=0 C1 type=station_turnaround target=-1 station_ord=2 planned_finish=244.41 actual_finish=244.41 dev=+0.00 injected=0.0
[charge_scheduler-1] [INFO] [1785760554.868059165] [charge_scheduler]: [执行事件] loop=open plan_v=0 C3 type=target_service target=19 station_ord=0 planned_finish=270.43 actual_finish=270.43 dev=+0.00 injected=0.0
[charge_scheduler-1] [INFO] [1785760554.868064656] [charge_scheduler]: [执行事件] loop=open plan_v=0 C2 type=target_service target=23 station_ord=0 planned_finish=277.10 actual_finish=277.10 dev=+0.00 injected=0.0
[charge_scheduler-1] [INFO] [1785760554.868070048] [charge_scheduler]: [执行事件] loop=open plan_v=0 C1 type=target_service target=20 station_ord=0 planned_finish=290.23 actual_finish=290.23 dev=+0.00 injected=0.0
[charge_scheduler-1] [INFO] [1785760554.868077211] [charge_scheduler]: [执行事件] loop=open plan_v=0 C3 type=target_service target=25 station_ord=0 planned_finish=308.40 actual_finish=308.40 dev=+0.00 injected=0.0
[charge_scheduler-1] [INFO] [1785760554.868082779] [charge_scheduler]: [执行事件] loop=open plan_v=0 C2 type=target_service target=2 station_ord=0 planned_finish=320.43 actual_finish=320.43 dev=+0.00 injected=0.0
[charge_scheduler-1] [INFO] [1785760554.868088032] [charge_scheduler]: [执行事件] loop=open plan_v=0 C3 type=station_turnaround target=-1 station_ord=3 planned_finish=323.33 actual_finish=323.33 dev=+0.00 injected=0.0
[charge_scheduler-1] [INFO] [1785760554.868093523] [charge_scheduler]: [执行事件] loop=open plan_v=0 C2 type=station_turnaround target=-1 station_ord=3 planned_finish=333.08 actual_finish=333.08 dev=+0.00 injected=0.0
[charge_scheduler-1] [INFO] [1785760554.868099062] [charge_scheduler]: [执行事件] loop=open plan_v=0 C1 type=target_service target=14 station_ord=0 planned_finish=338.55 actual_finish=338.55 dev=+0.00 injected=0.0
[charge_scheduler-1] [INFO] [1785760554.868104462] [charge_scheduler]: [执行事件] loop=open plan_v=0 C1 type=station_turnaround target=-1 station_ord=3 planned_finish=352.81 actual_finish=352.81 dev=+0.00 injected=0.0
[charge_scheduler-1] [INFO] [1785760554.868110027] [charge_scheduler]: [执行事件] loop=open plan_v=0 C3 type=target_service target=8 station_ord=0 planned_finish=363.55 actual_finish=363.55 dev=+0.00 injected=0.0
[charge_scheduler-1] [INFO] [1785760554.868115532] [charge_scheduler]: [执行事件] loop=open plan_v=0 C3 type=final_return target=-1 station_ord=0 planned_finish=365.37 actual_finish=365.37 dev=+0.00 injected=0.0
[charge_scheduler-1] [INFO] [1785760554.868120988] [charge_scheduler]: [执行事件] loop=open plan_v=0 C2 type=target_service target=17 station_ord=0 planned_finish=378.04 actual_finish=378.04 dev=+0.00 injected=0.0
[charge_scheduler-1] [INFO] [1785760554.868126270] [charge_scheduler]: [执行事件] loop=open plan_v=0 C2 type=final_return target=-1 station_ord=0 planned_finish=379.97 actual_finish=379.97 dev=+0.00 injected=0.0
[charge_scheduler-1] [INFO] [1785760554.868131418] [charge_scheduler]: [执行事件] loop=open plan_v=0 C1 type=target_service target=29 station_ord=0 planned_finish=397.78 actual_finish=397.78 dev=+0.00 injected=0.0
[charge_scheduler-1] [INFO] [1785760554.868136581] [charge_scheduler]: [执行事件] loop=open plan_v=0 C1 type=final_return target=-1 station_ord=0 planned_finish=401.99 actual_finish=401.99 dev=+0.00 injected=0.0
[charge_scheduler-1] [INFO] [1785760554.868149374] [charge_scheduler]: [执行事件] loop=fixed plan_v=0 C1 type=target_service target=12 station_ord=0 planned_finish=8.50 actual_finish=8.50 dev=+0.00 injected=0.0
[charge_scheduler-1] [INFO] [1785760554.868154945] [charge_scheduler]: [执行事件] loop=fixed plan_v=0 C3 type=target_service target=4 station_ord=0 planned_finish=11.77 actual_finish=11.77 dev=+0.00 injected=0.0
[charge_scheduler-1] [INFO] [1785760554.868160524] [charge_scheduler]: [执行事件] loop=fixed plan_v=0 C1 type=target_service target=21 station_ord=0 planned_finish=16.66 actual_finish=16.66 dev=+0.00 injected=0.0
[charge_scheduler-1] [INFO] [1785760554.868165950] [charge_scheduler]: [执行事件] loop=fixed plan_v=0 C3 type=target_service target=27 station_ord=0 planned_finish=20.04 actual_finish=20.04 dev=+0.00 injected=0.0
[charge_scheduler-1] [INFO] [1785760554.868172477] [charge_scheduler]: [执行事件] loop=fixed plan_v=0 C2 type=target_service target=3 station_ord=0 planned_finish=26.90 actual_finish=26.90 dev=+0.00 injected=0.0
[charge_scheduler-1] [INFO] [1785760554.868178601] [charge_scheduler]: [执行事件] loop=fixed plan_v=0 C1 type=target_service target=15 station_ord=0 planned_finish=41.31 actual_finish=41.31 dev=+0.00 injected=0.0
[charge_scheduler-1] [INFO] [1785760554.868183980] [charge_scheduler]: [执行事件] loop=fixed plan_v=0 C3 type=target_service target=7 station_ord=0 planned_finish=44.99 actual_finish=44.99 dev=+0.00 injected=0.0
[charge_scheduler-1] [INFO] [1785760554.868189343] [charge_scheduler]: [执行事件] loop=fixed plan_v=0 C2 type=target_service target=9 station_ord=0 planned_finish=55.68 actual_finish=55.68 dev=+0.00 injected=0.0
[charge_scheduler-1] [INFO] [1785760554.868194584] [charge_scheduler]: [执行事件] loop=fixed plan_v=0 C3 type=target_service target=22 station_ord=0 planned_finish=79.74 actual_finish=79.74 dev=+0.00 injected=0.0
[charge_scheduler-1] [INFO] [1785760554.868201620] [charge_scheduler]: [执行事件] loop=fixed plan_v=0 C1 type=target_service target=11 station_ord=0 planned_finish=83.60 actual_finish=83.60 dev=+0.00 injected=0.0
[charge_scheduler-1] [INFO] [1785760554.868207100] [charge_scheduler]: [执行事件] loop=fixed plan_v=0 C2 type=target_service target=28 station_ord=0 planned_finish=90.56 actual_finish=90.56 dev=+0.00 injected=0.0
[charge_scheduler-1] [INFO] [1785760554.868212341] [charge_scheduler]: [执行事件] loop=fixed plan_v=0 C2 type=station_turnaround target=-1 station_ord=1 planned_finish=103.07 actual_finish=103.07 dev=+0.00 injected=0.0
[charge_scheduler-1] [INFO] [1785760554.868218295] [charge_scheduler]: [执行事件] loop=fixed plan_v=0 C3 type=target_service target=1 station_ord=0 planned_finish=108.41 actual_finish=108.41 dev=+0.00 injected=0.0
[charge_scheduler-1] [INFO] [1785760554.868223922] [charge_scheduler]: [执行事件] loop=fixed plan_v=0 C1 type=target_service target=18 station_ord=0 planned_finish=110.36 actual_finish=110.36 dev=+0.00 injected=0.0
[charge_scheduler-1] [INFO] [1785760554.868229658] [charge_scheduler]: [执行事件] loop=fixed plan_v=0 C3 type=station_turnaround target=-1 station_ord=1 planned_finish=121.83 actual_finish=121.83 dev=+0.00 injected=0.0
[charge_scheduler-1] [INFO] [1785760554.868235053] [charge_scheduler]: [执行事件] loop=fixed plan_v=0 C1 type=station_turnaround target=-1 station_ord=1 planned_finish=122.40 actual_finish=122.40 dev=+0.00 injected=0.0
[charge_scheduler-1] [INFO] [1785760554.868240563] [charge_scheduler]: [执行事件] loop=fixed plan_v=0 C2 type=target_service target=24 station_ord=0 planned_finish=130.75 actual_finish=130.75 dev=+0.00 injected=0.0
[charge_scheduler-1] [INFO] [1785760554.868252077] [charge_scheduler]: [执行事件] loop=fixed plan_v=0 C1 type=target_service target=13 station_ord=0 planned_finish=158.93 actual_finish=158.93 dev=+0.00 injected=0.0
[charge_scheduler-1] [INFO] [1785760554.868258001] [charge_scheduler]: [执行事件] loop=fixed plan_v=0 C3 type=target_service target=5 station_ord=0 planned_finish=168.51 actual_finish=168.51 dev=+0.00 injected=0.0
[charge_scheduler-1] [INFO] [1785760554.868263489] [charge_scheduler]: [执行事件] loop=fixed plan_v=0 C2 type=target_service target=26 station_ord=0 planned_finish=176.29 actual_finish=176.29 dev=+0.00 injected=0.0
[charge_scheduler-1] [INFO] [1785760554.868268867] [charge_scheduler]: [执行事件] loop=fixed plan_v=0 C1 type=target_service target=0 station_ord=0 planned_finish=195.20 actual_finish=195.20 dev=+0.00 injected=0.0
[charge_scheduler-1] [INFO] [1785760554.868274435] [charge_scheduler]: [执行事件] loop=fixed plan_v=0 C2 type=target_service target=16 station_ord=0 planned_finish=214.79 actual_finish=214.79 dev=+0.00 injected=0.0
[charge_scheduler-1] [INFO] [1785760554.868279930] [charge_scheduler]: [执行事件] loop=fixed plan_v=0 C3 type=target_service target=6 station_ord=0 planned_finish=215.59 actual_finish=215.59 dev=+0.00 injected=0.0
[charge_scheduler-1] [INFO] [1785760554.868285296] [charge_scheduler]: [执行事件] loop=fixed plan_v=0 C2 type=station_turnaround target=-1 station_ord=2 planned_finish=227.12 actual_finish=227.12 dev=+0.00 injected=0.0
[charge_scheduler-1] [INFO] [1785760554.868290885] [charge_scheduler]: [执行事件] loop=fixed plan_v=0 C1 type=target_service target=10 station_ord=0 planned_finish=228.54 actual_finish=228.54 dev=+0.00 injected=0.0
[charge_scheduler-1] [INFO] [1785760554.868296274] [charge_scheduler]: [执行事件] loop=fixed plan_v=0 C3 type=station_turnaround target=-1 station_ord=2 planned_finish=230.11 actual_finish=230.11 dev=+0.00 injected=0.0
[charge_scheduler-1] [INFO] [1785760554.868301675] [charge_scheduler]: [执行事件] loop=fixed plan_v=0 C1 type=station_turnaround target=-1 station_ord=2 planned_finish=244.41 actual_finish=244.41 dev=+0.00 injected=0.0
[charge_scheduler-1] [INFO] [1785760554.868307270] [charge_scheduler]: [执行事件] loop=fixed plan_v=0 C3 type=target_service target=19 station_ord=0 planned_finish=270.43 actual_finish=270.43 dev=+0.00 injected=0.0
[charge_scheduler-1] [INFO] [1785760554.868312778] [charge_scheduler]: [执行事件] loop=fixed plan_v=0 C2 type=target_service target=23 station_ord=0 planned_finish=277.10 actual_finish=277.10 dev=+0.00 injected=0.0
[charge_scheduler-1] [INFO] [1785760554.868323136] [charge_scheduler]: [执行事件] loop=fixed plan_v=0 C1 type=target_service target=20 station_ord=0 planned_finish=290.23 actual_finish=290.23 dev=+0.00 injected=0.0
[charge_scheduler-1] [INFO] [1785760554.868328691] [charge_scheduler]: [执行事件] loop=fixed plan_v=0 C3 type=target_service target=25 station_ord=0 planned_finish=308.40 actual_finish=308.40 dev=+0.00 injected=0.0
[charge_scheduler-1] [INFO] [1785760554.868334219] [charge_scheduler]: [执行事件] loop=fixed plan_v=0 C2 type=target_service target=2 station_ord=0 planned_finish=320.43 actual_finish=320.43 dev=+0.00 injected=0.0
[charge_scheduler-1] [INFO] [1785760554.868339683] [charge_scheduler]: [执行事件] loop=fixed plan_v=0 C3 type=station_turnaround target=-1 station_ord=3 planned_finish=323.33 actual_finish=323.33 dev=+0.00 injected=0.0
[charge_scheduler-1] [INFO] [1785760554.868345051] [charge_scheduler]: [执行事件] loop=fixed plan_v=0 C2 type=station_turnaround target=-1 station_ord=3 planned_finish=333.08 actual_finish=333.08 dev=+0.00 injected=0.0
[charge_scheduler-1] [INFO] [1785760554.868351015] [charge_scheduler]: [执行事件] loop=fixed plan_v=0 C1 type=target_service target=14 station_ord=0 planned_finish=338.55 actual_finish=338.55 dev=+0.00 injected=0.0
[charge_scheduler-1] [INFO] [1785760554.868356297] [charge_scheduler]: [执行事件] loop=fixed plan_v=0 C1 type=station_turnaround target=-1 station_ord=3 planned_finish=352.81 actual_finish=352.81 dev=+0.00 injected=0.0
[charge_scheduler-1] [INFO] [1785760554.868361798] [charge_scheduler]: [执行事件] loop=fixed plan_v=0 C3 type=target_service target=8 station_ord=0 planned_finish=363.55 actual_finish=363.55 dev=+0.00 injected=0.0
[charge_scheduler-1] [INFO] [1785760554.868367085] [charge_scheduler]: [执行事件] loop=fixed plan_v=0 C3 type=final_return target=-1 station_ord=0 planned_finish=365.37 actual_finish=365.37 dev=+0.00 injected=0.0
[charge_scheduler-1] [INFO] [1785760554.868372565] [charge_scheduler]: [执行事件] loop=fixed plan_v=0 C2 type=target_service target=17 station_ord=0 planned_finish=378.04 actual_finish=378.04 dev=+0.00 injected=0.0
[charge_scheduler-1] [INFO] [1785760554.868377828] [charge_scheduler]: [执行事件] loop=fixed plan_v=0 C2 type=final_return target=-1 station_ord=0 planned_finish=379.97 actual_finish=379.97 dev=+0.00 injected=0.0
[charge_scheduler-1] [INFO] [1785760554.868382979] [charge_scheduler]: [执行事件] loop=fixed plan_v=0 C1 type=target_service target=29 station_ord=0 planned_finish=397.78 actual_finish=397.78 dev=+0.00 injected=0.0
[charge_scheduler-1] [INFO] [1785760554.868388123] [charge_scheduler]: [执行事件] loop=fixed plan_v=0 C1 type=final_return target=-1 station_ord=0 planned_finish=401.99 actual_finish=401.99 dev=+0.00 injected=0.0
[charge_scheduler-1] [INFO] [1785760554.868401396] [charge_scheduler]: [执行事件] loop=global plan_v=0 C1 type=target_service target=12 station_ord=0 planned_finish=8.50 actual_finish=8.50 dev=+0.00 injected=0.0
[charge_scheduler-1] [INFO] [1785760554.868406687] [charge_scheduler]: [执行事件] loop=global plan_v=0 C3 type=target_service target=4 station_ord=0 planned_finish=11.77 actual_finish=11.77 dev=+0.00 injected=0.0
[charge_scheduler-1] [INFO] [1785760554.868412086] [charge_scheduler]: [执行事件] loop=global plan_v=0 C1 type=target_service target=21 station_ord=0 planned_finish=16.66 actual_finish=16.66 dev=+0.00 injected=0.0
[charge_scheduler-1] [INFO] [1785760554.868417447] [charge_scheduler]: [执行事件] loop=global plan_v=0 C3 type=target_service target=27 station_ord=0 planned_finish=20.04 actual_finish=20.04 dev=+0.00 injected=0.0
[charge_scheduler-1] [INFO] [1785760554.868422687] [charge_scheduler]: [执行事件] loop=global plan_v=0 C2 type=target_service target=3 station_ord=0 planned_finish=26.90 actual_finish=26.90 dev=+0.00 injected=0.0
[charge_scheduler-1] [INFO] [1785760554.868428010] [charge_scheduler]: [执行事件] loop=global plan_v=0 C1 type=target_service target=15 station_ord=0 planned_finish=41.31 actual_finish=41.31 dev=+0.00 injected=0.0
[charge_scheduler-1] [INFO] [1785760554.868433168] [charge_scheduler]: [执行事件] loop=global plan_v=0 C3 type=target_service target=7 station_ord=0 planned_finish=44.99 actual_finish=44.99 dev=+0.00 injected=0.0
[charge_scheduler-1] [INFO] [1785760554.868438492] [charge_scheduler]: [执行事件] loop=global plan_v=0 C2 type=target_service target=9 station_ord=0 planned_finish=55.68 actual_finish=55.68 dev=+0.00 injected=0.0
[charge_scheduler-1] [INFO] [1785760554.868445307] [charge_scheduler]: [执行事件] loop=global plan_v=0 C3 type=target_service target=22 station_ord=0 planned_finish=79.74 actual_finish=79.74 dev=+0.00 injected=0.0
[charge_scheduler-1] [INFO] [1785760554.868450796] [charge_scheduler]: [执行事件] loop=global plan_v=0 C1 type=target_service target=11 station_ord=0 planned_finish=83.60 actual_finish=83.60 dev=+0.00 injected=0.0
[charge_scheduler-1] [INFO] [1785760554.868456198] [charge_scheduler]: [执行事件] loop=global plan_v=0 C2 type=target_service target=28 station_ord=0 planned_finish=90.56 actual_finish=90.56 dev=+0.00 injected=0.0
[charge_scheduler-1] [INFO] [1785760554.868461375] [charge_scheduler]: [执行事件] loop=global plan_v=0 C2 type=station_turnaround target=-1 station_ord=1 planned_finish=103.07 actual_finish=103.07 dev=+0.00 injected=0.0
[charge_scheduler-1] [INFO] [1785760554.868467515] [charge_scheduler]: [执行事件] loop=global plan_v=0 C3 type=target_service target=1 station_ord=0 planned_finish=108.41 actual_finish=108.41 dev=+0.00 injected=0.0
[charge_scheduler-1] [INFO] [1785760554.868473129] [charge_scheduler]: [执行事件] loop=global plan_v=0 C1 type=target_service target=18 station_ord=0 planned_finish=110.36 actual_finish=110.36 dev=+0.00 injected=0.0
[charge_scheduler-1] [INFO] [1785760554.868478527] [charge_scheduler]: [执行事件] loop=global plan_v=0 C3 type=station_turnaround target=-1 station_ord=1 planned_finish=121.83 actual_finish=121.83 dev=+0.00 injected=0.0
[charge_scheduler-1] [INFO] [1785760554.868483889] [charge_scheduler]: [执行事件] loop=global plan_v=0 C1 type=station_turnaround target=-1 station_ord=1 planned_finish=122.40 actual_finish=122.40 dev=+0.00 injected=0.0
[charge_scheduler-1] [INFO] [1785760554.868489605] [charge_scheduler]: [执行事件] loop=global plan_v=0 C2 type=target_service target=24 station_ord=0 planned_finish=130.75 actual_finish=130.75 dev=+0.00 injected=0.0
[charge_scheduler-1] [INFO] [1785760554.868495518] [charge_scheduler]: [执行事件] loop=global plan_v=0 C1 type=target_service target=13 station_ord=0 planned_finish=158.93 actual_finish=158.93 dev=+0.00 injected=0.0
[charge_scheduler-1] [INFO] [1785760554.868501214] [charge_scheduler]: [执行事件] loop=global plan_v=0 C3 type=target_service target=5 station_ord=0 planned_finish=168.51 actual_finish=168.51 dev=+0.00 injected=0.0
[charge_scheduler-1] [INFO] [1785760554.868506873] [charge_scheduler]: [执行事件] loop=global plan_v=0 C2 type=target_service target=26 station_ord=0 planned_finish=176.29 actual_finish=176.29 dev=+0.00 injected=0.0
[charge_scheduler-1] [INFO] [1785760554.868512441] [charge_scheduler]: [执行事件] loop=global plan_v=0 C1 type=target_service target=0 station_ord=0 planned_finish=195.20 actual_finish=195.20 dev=+0.00 injected=0.0
[charge_scheduler-1] [INFO] [1785760554.868518154] [charge_scheduler]: [执行事件] loop=global plan_v=0 C2 type=target_service target=16 station_ord=0 planned_finish=214.79 actual_finish=214.79 dev=+0.00 injected=0.0
[charge_scheduler-1] [INFO] [1785760554.868523891] [charge_scheduler]: [执行事件] loop=global plan_v=0 C3 type=target_service target=6 station_ord=0 planned_finish=215.59 actual_finish=215.59 dev=+0.00 injected=0.0
[charge_scheduler-1] [INFO] [1785760554.868529301] [charge_scheduler]: [执行事件] loop=global plan_v=0 C2 type=station_turnaround target=-1 station_ord=2 planned_finish=227.12 actual_finish=227.12 dev=+0.00 injected=0.0
[charge_scheduler-1] [INFO] [1785760554.868535011] [charge_scheduler]: [执行事件] loop=global plan_v=0 C1 type=target_service target=10 station_ord=0 planned_finish=228.54 actual_finish=228.54 dev=+0.00 injected=0.0
[charge_scheduler-1] [INFO] [1785760554.868540466] [charge_scheduler]: [执行事件] loop=global plan_v=0 C3 type=station_turnaround target=-1 station_ord=2 planned_finish=230.11 actual_finish=230.11 dev=+0.00 injected=0.0
[charge_scheduler-1] [INFO] [1785760554.868546810] [charge_scheduler]: [执行事件] loop=global plan_v=0 C1 type=station_turnaround target=-1 station_ord=2 planned_finish=244.41 actual_finish=244.41 dev=+0.00 injected=0.0
[charge_scheduler-1] [INFO] [1785760554.868552411] [charge_scheduler]: [执行事件] loop=global plan_v=0 C3 type=target_service target=19 station_ord=0 planned_finish=270.43 actual_finish=270.43 dev=+0.00 injected=0.0
[charge_scheduler-1] [INFO] [1785760554.868558131] [charge_scheduler]: [执行事件] loop=global plan_v=0 C2 type=target_service target=23 station_ord=0 planned_finish=277.10 actual_finish=277.10 dev=+0.00 injected=0.0
[charge_scheduler-1] [INFO] [1785760554.868565484] [charge_scheduler]: [执行事件] loop=global plan_v=0 C1 type=target_service target=20 station_ord=0 planned_finish=290.23 actual_finish=290.23 dev=+0.00 injected=0.0
[charge_scheduler-1] [INFO] [1785760554.868571229] [charge_scheduler]: [执行事件] loop=global plan_v=0 C3 type=target_service target=25 station_ord=0 planned_finish=308.40 actual_finish=308.40 dev=+0.00 injected=0.0
[charge_scheduler-1] [INFO] [1785760554.868577032] [charge_scheduler]: [执行事件] loop=global plan_v=0 C2 type=target_service target=2 station_ord=0 planned_finish=320.43 actual_finish=320.43 dev=+0.00 injected=0.0
[charge_scheduler-1] [INFO] [1785760554.868582911] [charge_scheduler]: [执行事件] loop=global plan_v=0 C3 type=station_turnaround target=-1 station_ord=3 planned_finish=323.33 actual_finish=323.33 dev=+0.00 injected=0.0
[charge_scheduler-1] [INFO] [1785760554.868588433] [charge_scheduler]: [执行事件] loop=global plan_v=0 C2 type=station_turnaround target=-1 station_ord=3 planned_finish=333.08 actual_finish=333.08 dev=+0.00 injected=0.0
[charge_scheduler-1] [INFO] [1785760554.868594082] [charge_scheduler]: [执行事件] loop=global plan_v=0 C1 type=target_service target=14 station_ord=0 planned_finish=338.55 actual_finish=338.55 dev=+0.00 injected=0.0
[charge_scheduler-1] [INFO] [1785760554.868599527] [charge_scheduler]: [执行事件] loop=global plan_v=0 C1 type=station_turnaround target=-1 station_ord=3 planned_finish=352.81 actual_finish=352.81 dev=+0.00 injected=0.0
[charge_scheduler-1] [INFO] [1785760554.868605178] [charge_scheduler]: [执行事件] loop=global plan_v=0 C3 type=target_service target=8 station_ord=0 planned_finish=363.55 actual_finish=363.55 dev=+0.00 injected=0.0
[charge_scheduler-1] [INFO] [1785760554.868610729] [charge_scheduler]: [执行事件] loop=global plan_v=0 C3 type=final_return target=-1 station_ord=0 planned_finish=365.37 actual_finish=365.37 dev=+0.00 injected=0.0
[charge_scheduler-1] [INFO] [1785760554.868616106] [charge_scheduler]: [执行事件] loop=global plan_v=0 C2 type=target_service target=17 station_ord=0 planned_finish=378.04 actual_finish=378.04 dev=+0.00 injected=0.0
[charge_scheduler-1] [INFO] [1785760554.868621478] [charge_scheduler]: [执行事件] loop=global plan_v=0 C2 type=final_return target=-1 station_ord=0 planned_finish=379.97 actual_finish=379.97 dev=+0.00 injected=0.0
[charge_scheduler-1] [INFO] [1785760554.868626845] [charge_scheduler]: [执行事件] loop=global plan_v=0 C1 type=target_service target=29 station_ord=0 planned_finish=397.78 actual_finish=397.78 dev=+0.00 injected=0.0
[charge_scheduler-1] [INFO] [1785760554.868632209] [charge_scheduler]: [执行事件] loop=global plan_v=0 C1 type=final_return target=-1 station_ord=0 planned_finish=401.99 actual_finish=401.99 dev=+0.00 injected=0.0
[charge_scheduler-1] [INFO] [1785760554.868640597] [charge_scheduler]: ★闭环实验结果 mode=open M=30 K=3 disturbance=none delay=0.0 seed=2 N_late=3 T_overtime=355.213 C_total=8086.980 makespan=401.986 served=30 energy_viol=0 reschedules=0 reschedule_ms=0.000 changed_assign=0 changed_order=0 applied_target=0 applied_station=0 initial_solve_ms=46477.154 objective_order=Nlate,Tover,Ctotal
[charge_scheduler-1] [INFO] [1785760554.868650228] [charge_scheduler]: ★闭环实验结果 mode=fixed M=30 K=3 disturbance=none delay=0.0 seed=2 N_late=3 T_overtime=355.213 C_total=8086.980 makespan=401.986 served=30 energy_viol=0 reschedules=0 reschedule_ms=0.000 changed_assign=0 changed_order=0 applied_target=0 applied_station=0 initial_solve_ms=46477.154 objective_order=Nlate,Tover,Ctotal
[charge_scheduler-1] [INFO] [1785760554.868657042] [charge_scheduler]: ★闭环实验收益 policy=fixed M=30 K=3 disturbance=none delay=0.0 seed=2 recovered_late=0 overtime_reduction=0.000 distance_delta=0.000 makespan_reduction=0.000
[charge_scheduler-1] [INFO] [1785760554.868662284] [charge_scheduler]: ★闭环实验结果 mode=closed M=30 K=3 disturbance=none delay=0.0 seed=2 N_late=3 T_overtime=355.213 C_total=8086.980 makespan=401.986 served=30 energy_viol=0 reschedules=0 reschedule_ms=0.000 changed_assign=0 changed_order=0 applied_target=0 applied_station=0 initial_solve_ms=46477.154 objective_order=Nlate,Tover,Ctotal
[charge_scheduler-1] [INFO] [1785760554.868670447] [charge_scheduler]: ★闭环实验收益 policy=closed M=30 K=3 disturbance=none delay=0.0 seed=2 recovered_late=0 overtime_reduction=0.000 distance_delta=0.000 makespan_reduction=0.000
