[INFO] [launch]: All log files can be found below /root/.ros/log/2026-08-03-12-52-24-816991-YYYY-37266
[INFO] [launch]: Default logging verbosity is set to INFO
[INFO] [charge_scheduler-1]: process started with pid [37270]
[charge_scheduler-1] [INFO] [1785761544.949953948] [charge_scheduler]: [目标顺序] objective_order=Nlate,Tover,Ctotal
[charge_scheduler-1] [INFO] [1785761544.956800394] [charge_scheduler]: [Scheduler] 30辆车 | 电池800.0kWh(20%=160.0 80%=640.0) | 充电360kW效率97% | 行驶0.6kWh/km | 桩350kW
[charge_scheduler-1] [INFO] [1785761544.956850010] [charge_scheduler]: [Scheduler] 站端周转: 换电 10 min(换后满电) | 单趟可用 640 kWh
[charge_scheduler-1] [INFO] [1785761544.956864664] [charge_scheduler]:   车#0 [电动装载机282|light] 位置(3889.6,73764.7) 容量282kWh 剩余35% | α=6→6min/% τ=168min → 需130.8kWh(充21.2min)
[charge_scheduler-1] [INFO] [1785761544.956883938] [charge_scheduler]:   车#1 [重型叉车|light] 位置(3778.9,73807.0) 容量200kWh 剩余20% | α=6→6min/% τ=96min → 需123.7kWh(充20.0min)
[charge_scheduler-1] [INFO] [1785761544.956901801] [charge_scheduler]:   车#2 [电动装载机350|light] 位置(3794.9,73804.6) 容量350kWh 剩余50% | α=6→6min/% τ=288min → 需108.2kWh(充17.5min)
[charge_scheduler-1] [INFO] [1785761544.956917653] [charge_scheduler]:   车#3 [重型叉车|light] 位置(3806.9,73760.3) 容量200kWh 剩余10% | α=6→6min/% τ=32min → 需144.3kWh(充23.3min)
[charge_scheduler-1] [INFO] [1785761544.956933383] [charge_scheduler]:   车#4 [电动装载机282|heavy→降级] 位置(3705.1,73758.2) 容量282kWh 剩余60% | α=3→6min/% τ=212min → 需58.1kWh(充9.4min)
[charge_scheduler-1] [INFO] [1785761544.956952862] [charge_scheduler]:   车#5 [电动装载机350|light] 位置(3756.5,73770.2) 容量350kWh 剩余25% | α=6→6min/% τ=128min → 需198.5kWh(充32.1min)
[charge_scheduler-1] [INFO] [1785761544.956968244] [charge_scheduler]:   车#6 [电动装载机350|heavy→降级] 位置(3887.4,73809.4) 容量350kWh 剩余40% | α=4→6min/% τ=176min → 需144.3kWh(充23.3min)
[charge_scheduler-1] [INFO] [1785761544.956983140] [charge_scheduler]:   车#7 [重型叉车|light] 位置(3899.0,73786.6) 容量200kWh 剩余15% | α=6→6min/% τ=64min → 需134.0kWh(充21.7min)
[charge_scheduler-1] [INFO] [1785761544.956998286] [charge_scheduler]:   车#8 [电动装载机282|heavy→降级] 位置(3689.7,73663.1) 容量282kWh 剩余55% | α=3→6min/% τ=196min → 需72.7kWh(充11.8min)
[charge_scheduler-1] [INFO] [1785761544.957013150] [charge_scheduler]:   车#9 [电动装载机282|heavy→降级] 位置(3748.4,73767.2) 容量282kWh 剩余30% | α=3→6min/% τ=116min → 需145.4kWh(充23.5min)
[charge_scheduler-1] [INFO] [1785761544.957027531] [charge_scheduler]:   车#10 [电动装载机282|light] 位置(3865.2,73751.0) 容量282kWh 剩余45% | α=6→6min/% τ=224min → 需101.8kWh(充16.4min)
[charge_scheduler-1] [INFO] [1785761544.957042439] [charge_scheduler]:   车#11 [电动装载机350|light] 位置(3785.0,73749.2) 容量350kWh 剩余18% | α=6→6min/% τ=83min → 需223.7kWh(充36.2min)
[charge_scheduler-1] [INFO] [1785761544.957061266] [charge_scheduler]:   车#12 [重型叉车|heavy→降级] 位置(3811.5,73799.9) 容量200kWh 剩余62% | α=3→6min/% τ=230min → 需37.1kWh(充6.0min)
[charge_scheduler-1] [INFO] [1785761544.957076819] [charge_scheduler]:   车#13 [电动装载机282|light] 位置(3810.8,73773.1) 容量282kWh 剩余28% | α=6→6min/% τ=129min → 需151.2kWh(充24.4min)
[charge_scheduler-1] [INFO] [1785761544.957091659] [charge_scheduler]:   车#14 [电动装载机350|light] 位置(3905.0,73793.5) 容量350kWh 剩余52% | α=6→6min/% τ=301min → 需101.0kWh(充16.3min)
[charge_scheduler-1] [INFO] [1785761544.957106307] [charge_scheduler]:   车#15 [重型叉车|light] 位置(3894.3,73756.9) 容量200kWh 剩余12% | α=6→6min/% τ=45min → 需140.2kWh(充22.7min)
[charge_scheduler-1] [INFO] [1785761544.957121084] [charge_scheduler]:   车#16 [电动装载机282|light] 位置(3818.5,73716.2) 容量282kWh 剩余38% | α=6→6min/% τ=185min → 需122.1kWh(充19.7min)
[charge_scheduler-1] [INFO] [1785761544.957135190] [charge_scheduler]:   车#17 [电动装载机350|light] 位置(3733.2,73772.4) 容量350kWh 剩余58% | α=6→6min/% τ=339min → 需79.4kWh(充12.8min)
[charge_scheduler-1] [INFO] [1785761544.957151769] [charge_scheduler]:   车#18 [重型叉车|heavy→降级] 位置(3764.7,73699.0) 容量200kWh 剩余22% | α=3→6min/% τ=102min → 需119.6kWh(充19.3min)
[charge_scheduler-1] [INFO] [1785761544.957167520] [charge_scheduler]:   车#19 [电动装载机282|light] 位置(3878.4,73747.9) 容量282kWh 剩余48% | α=6→6min/% τ=241min → 需93.0kWh(充15.0min)
[charge_scheduler-1] [INFO] [1785761544.957219553] [charge_scheduler]:   车#20 [电动装载机350|light] 位置(3740.3,73686.9) 容量350kWh 剩余33% | α=6→6min/% τ=179min → 需169.6kWh(充27.4min)
[charge_scheduler-1] [INFO] [1785761544.957235957] [charge_scheduler]:   车#21 [重型叉车|heavy→降级] 位置(3895.4,73811.9) 容量200kWh 剩余65% | α=3→6min/% τ=240min → 需30.9kWh(充5.0min)
[charge_scheduler-1] [INFO] [1785761544.957261421] [charge_scheduler]:   车#22 [电动装载机282|light] 位置(3876.0,73830.2) 容量282kWh 剩余16% | α=6→6min/% τ=62min → 需186.1kWh(充30.1min)
[charge_scheduler-1] [INFO] [1785761544.957278035] [charge_scheduler]:   车#23 [电动装载机350|light] 位置(3765.9,73790.3) 容量350kWh 剩余42% | α=6→6min/% τ=237min → 需137.1kWh(充22.2min)
[charge_scheduler-1] [INFO] [1785761544.957293001] [charge_scheduler]:   车#24 [重型叉车|heavy→降级] 位置(3637.1,73698.1) 容量200kWh 剩余25% | α=3→6min/% τ=112min → 需113.4kWh(充18.3min)
[charge_scheduler-1] [INFO] [1785761544.957315891] [charge_scheduler]:   车#25 [电动装载机282|light] 位置(3884.5,73833.1) 容量282kWh 剩余55% | α=6→6min/% τ=280min → 需72.7kWh(充11.8min)
[charge_scheduler-1] [INFO] [1785761544.957330527] [charge_scheduler]:   车#26 [电动装载机350|light] 位置(3699.3,73765.4) 容量350kWh 剩余30% | α=6→6min/% τ=160min → 需180.4kWh(充29.2min)
[charge_scheduler-1] [INFO] [1785761544.957346978] [charge_scheduler]:   车#27 [重型叉车|heavy→降级] 位置(3800.8,73717.7) 容量200kWh 剩余68% | α=3→6min/% τ=250min → 需24.7kWh(充4.0min)
[charge_scheduler-1] [INFO] [1785761544.957361970] [charge_scheduler]:   车#28 [电动装载机282|light] 位置(3825.0,73792.7) 容量282kWh 剩余20% | α=6→6min/% τ=84min → 需174.4kWh(充28.2min)
[charge_scheduler-1] [INFO] [1785761544.957377267] [charge_scheduler]:   车#29 [电动装载机350|light] 位置(3784.3,73759.0) 容量350kWh 剩余36% | α=6→6min/% τ=198min → 需158.8kWh(充25.7min)
[charge_scheduler-1] [INFO] [1785761544.975035940] [charge_scheduler]: [Scheduler] 闭环接口: threshold=10.0min | event_sim=on | policy=all | structured_feedback=optional (/task_planner/execution_event)
[charge_scheduler-1] [INFO] [1785761544.975068604] [charge_scheduler]: [Scheduler] 已启动, 等待地图...
[charge_scheduler-1] [INFO] [1785761544.975074440] [charge_scheduler]: [Scheduler] 充电车1接口: sequence/served/arrived_target/arrived_station/return_goal/task_complete 后缀=_1
[charge_scheduler-1] [INFO] [1785761544.975079036] [charge_scheduler]: [Scheduler] 充电车2接口: sequence/served/arrived_target/arrived_station/return_goal/task_complete 后缀=_2
[charge_scheduler-1] [INFO] [1785761544.975082762] [charge_scheduler]: [Scheduler] 充电车3接口: sequence/served/arrived_target/arrived_station/return_goal/task_complete 后缀=_3
[charge_scheduler-1] [INFO] [1785761545.049816930] [charge_scheduler]: [Scheduler] RoutingGraph 就绪
[charge_scheduler-1] [INFO] [1785761545.050277028] [charge_scheduler]: [Scheduler] 提取到 0 条虚线捷径
[charge_scheduler-1] [INFO] [1785761545.077581443] [charge_scheduler]: [Scheduler] 下层兼容增强图: 190 节点, 0 条虚线掉头边
[charge_scheduler-1] [INFO] [1785761566.208692375] [charge_scheduler]: [Scheduler] 距离矩阵完成 31x31, 21131.1 ms | 模式=maneuver | 真实不可达=0 抽象不可达=0 | 缺少对向投影节点=0 | 对向识别(ID/几何/法向)=0/0/0 | 单向驿站投影=0
[charge_scheduler-1] [INFO] [1785761566.208760627] [charge_scheduler]:   ✓ 比值自检：930 个 OD 满足 机动/直线≥1 | 均值=4.11 最大=62.63 (车#0→车#15)
[charge_scheduler-1] [INFO] [1785761566.208773116] [charge_scheduler]: [Scheduler] 地图就绪, 190 条 lanelet（与下层一致）
[charge_scheduler-1] [INFO] [1785761566.208816247] [charge_scheduler]: ======== 开始VRPTW调度 30 辆车 ========
[charge_scheduler-1] [INFO] [1785761566.208821181] [charge_scheduler]:   规模30>8 → 启发式(alns)
[charge_scheduler-1] [INFO] [1785761613.299476745] [charge_scheduler]: [ALNS] objective_order=Nlate,Tover,Ctotal seed=7 iters=15000 | N_late=3(成功率90.0%) T_overtime=431.0min C_total=8176.4m | 趟数=12 makespan=405.7min
[charge_scheduler-1] [INFO] [1785761613.299522238] [charge_scheduler]:   求解耗时 47090.7 ms
[charge_scheduler-1] [INFO] [1785761613.299529644] [charge_scheduler]: ════════ 调度结果 ════════
[charge_scheduler-1] [INFO] [1785761613.299535066] [charge_scheduler]:   ★目标(字典序): objective_order=Nlate,Tover,Ctotal | N_late=3 辆 (按时成功率 27/30 = 90.0%)  T_overtime=431.0min  C_total=8176.4m
[charge_scheduler-1] [INFO] [1785761613.299569998] [charge_scheduler]:   附: 趟数=12 | makespan=405.7min | 能量可行=是
[charge_scheduler-1] [INFO] [1785761613.299579553] [charge_scheduler]:   [充电车3] 趟1: 站 → 车#3(到3.4/限32.0✓) → 车#9(到28.1/限116.0✓) → 车#28(到57.5/限84.0✓) → 站
[charge_scheduler-1] [INFO] [1785761613.299587884] [charge_scheduler]:   [充电车2] 趟2: 站 → 车#27(到1.7/限249.6✓) → 车#1(到9.6/限96.0✓) → 车#7(到33.2/限64.0✓) → 车#22(到57.4/限61.6✓) → 站
[charge_scheduler-1] [INFO] [1785761613.299594189] [charge_scheduler]:   [充电车1] 趟3: 站 → 车#12(到2.3/限230.4✓) → 车#21(到10.6/限240.0✓) → 车#15(到17.7/限44.8✓) → 车#11(到43.5/限83.2✓) → 车#18(到86.2/限102.4✓) → 站
[charge_scheduler-1] [INFO] [1785761613.299599785] [charge_scheduler]:   [充电车3] 趟4: 站 → 车#24(到106.1/限112.0✓) → 车#26(到134.8/限160.0✓) → 车#16(到180.0/限184.8✓) → 站
[charge_scheduler-1] [INFO] [1785761613.299605806] [charge_scheduler]:   [充电车2] 趟5: 站 → 车#8(到111.4/限196.0✓) → 车#4(到143.0/限212.0✓) → 车#20(到174.3/限179.2✓) → 站
[charge_scheduler-1] [INFO] [1785761613.299610977] [charge_scheduler]:   [充电车1] 趟6: 站 → 车#13(到124.1/限128.8✓) → 车#0(到160.6/限168.0✓) → 车#10(到195.7/限224.0✓) → 站
[charge_scheduler-1] [INFO] [1785761613.299615447] [charge_scheduler]:   [充电车2] 趟7: 站 → 车#19(到235.6/限240.8✓) → 车#25(到273.6/限280.0✓) → 站
[charge_scheduler-1] [INFO] [1785761613.299619849] [charge_scheduler]:   [充电车3] 趟8: 站 → 车#23(到233.6/限236.8✓) → 车#2(到277.6/限288.0✓) → 站
[charge_scheduler-1] [INFO] [1785761613.299624244] [charge_scheduler]:   [充电车1] 趟9: 站 → 车#6(到248.6/限176.0✗超时) → 车#14(到299.3/限300.8✓) → 站
[charge_scheduler-1] [INFO] [1785761613.299628766] [charge_scheduler]:   [充电车1] 趟10: 站 → 车#5(到360.4/限128.0✗超时) → 站
[charge_scheduler-1] [INFO] [1785761613.299632611] [charge_scheduler]:   [充电车2] 趟11: 站 → 车#29(到324.5/限198.4✗超时) → 站
[charge_scheduler-1] [INFO] [1785761613.299637074] [charge_scheduler]:   [充电车3] 趟12: 站 → 车#17(到334.7/限339.2✓) → 站
[charge_scheduler-1] [INFO] [1785761613.299640228] [charge_scheduler]: ════════════════════════
[charge_scheduler-1] [INFO] [1785761613.299694497] [charge_scheduler]: [扰动清单] type=target delay=15.0min targets={4,7,} station={}
[charge_scheduler-1] [INFO] [1785761613.299709614] [charge_scheduler]: [执行事件] loop=open plan_v=0 C2 type=target_service target=27 station_ord=0 planned_finish=5.89 actual_finish=5.89 dev=+0.00 injected=0.0
[charge_scheduler-1] [INFO] [1785761613.299716628] [charge_scheduler]: [执行事件] loop=open plan_v=0 C1 type=target_service target=12 station_ord=0 planned_finish=8.50 actual_finish=8.50 dev=+0.00 injected=0.0
[charge_scheduler-1] [INFO] [1785761613.299722260] [charge_scheduler]: [执行事件] loop=open plan_v=0 C1 type=target_service target=21 station_ord=0 planned_finish=16.66 actual_finish=16.66 dev=+0.00 injected=0.0
[charge_scheduler-1] [INFO] [1785761613.299728084] [charge_scheduler]: [执行事件] loop=open plan_v=0 C3 type=target_service target=3 station_ord=0 planned_finish=26.90 actual_finish=26.90 dev=+0.00 injected=0.0
[charge_scheduler-1] [INFO] [1785761613.299733786] [charge_scheduler]: [执行事件] loop=open plan_v=0 C2 type=target_service target=1 station_ord=0 planned_finish=30.09 actual_finish=30.09 dev=+0.00 injected=0.0
[charge_scheduler-1] [INFO] [1785761613.299739441] [charge_scheduler]: [执行事件] loop=open plan_v=0 C1 type=target_service target=15 station_ord=0 planned_finish=41.31 actual_finish=41.31 dev=+0.00 injected=0.0
[charge_scheduler-1] [INFO] [1785761613.299744890] [charge_scheduler]: [执行事件] loop=open plan_v=0 C3 type=target_service target=9 station_ord=0 planned_finish=55.68 actual_finish=55.68 dev=+0.00 injected=0.0
[charge_scheduler-1] [INFO] [1785761613.299750287] [charge_scheduler]: [执行事件] loop=open plan_v=0 C2 type=target_service target=7 station_ord=0 planned_finish=56.55 actual_finish=71.55 dev=+15.00 injected=15.0
[charge_scheduler-1] [INFO] [1785761613.299756383] [charge_scheduler]: [执行事件] loop=open plan_v=0 C1 type=target_service target=11 station_ord=0 planned_finish=83.60 actual_finish=83.60 dev=+0.00 injected=0.0
[charge_scheduler-1] [INFO] [1785761613.299765239] [charge_scheduler]: [执行事件] loop=open plan_v=0 C3 type=target_service target=28 station_ord=0 planned_finish=90.56 actual_finish=90.56 dev=+0.00 injected=0.0
[charge_scheduler-1] [INFO] [1785761613.299771173] [charge_scheduler]: [执行事件] loop=open plan_v=0 C3 type=station_turnaround target=-1 station_ord=1 planned_finish=103.07 actual_finish=103.07 dev=+0.00 injected=0.0
[charge_scheduler-1] [INFO] [1785761613.299777138] [charge_scheduler]: [执行事件] loop=open plan_v=0 C2 type=target_service target=22 station_ord=0 planned_finish=92.27 actual_finish=107.62 dev=+15.35 injected=0.0
[charge_scheduler-1] [INFO] [1785761613.299782990] [charge_scheduler]: [执行事件] loop=open plan_v=0 C1 type=target_service target=18 station_ord=0 planned_finish=110.36 actual_finish=110.36 dev=+0.00 injected=0.0
[charge_scheduler-1] [INFO] [1785761613.299788629] [charge_scheduler]: [执行事件] loop=open plan_v=0 C2 type=station_turnaround target=-1 station_ord=1 planned_finish=106.44 actual_finish=121.80 dev=+15.35 injected=0.0
[charge_scheduler-1] [INFO] [1785761613.299794230] [charge_scheduler]: [执行事件] loop=open plan_v=0 C1 type=station_turnaround target=-1 station_ord=1 planned_finish=122.40 actual_finish=122.40 dev=+0.00 injected=0.0
[charge_scheduler-1] [INFO] [1785761613.299799913] [charge_scheduler]: [执行事件] loop=open plan_v=0 C3 type=target_service target=24 station_ord=0 planned_finish=130.75 actual_finish=130.75 dev=+0.00 injected=0.0
[charge_scheduler-1] [INFO] [1785761613.299805813] [charge_scheduler]: [执行事件] loop=open plan_v=0 C2 type=target_service target=8 station_ord=0 planned_finish=139.52 actual_finish=156.20 dev=+16.68 injected=0.0
[charge_scheduler-1] [INFO] [1785761613.299811779] [charge_scheduler]: [执行事件] loop=open plan_v=0 C1 type=target_service target=13 station_ord=0 planned_finish=158.93 actual_finish=158.93 dev=+0.00 injected=0.0
[charge_scheduler-1] [INFO] [1785761613.299817444] [charge_scheduler]: [执行事件] loop=open plan_v=0 C3 type=target_service target=26 station_ord=0 planned_finish=176.29 actual_finish=176.29 dev=+0.00 injected=0.0
[charge_scheduler-1] [INFO] [1785761613.299822950] [charge_scheduler]: [执行事件] loop=open plan_v=0 C1 type=target_service target=0 station_ord=0 planned_finish=195.20 actual_finish=195.20 dev=+0.00 injected=0.0
[charge_scheduler-1] [INFO] [1785761613.299828611] [charge_scheduler]: [执行事件] loop=open plan_v=0 C2 type=target_service target=4 station_ord=0 planned_finish=172.44 actual_finish=205.52 dev=+33.08 injected=15.0
[charge_scheduler-1] [INFO] [1785761613.299835549] [charge_scheduler]: [执行事件] loop=open plan_v=0 C3 type=target_service target=16 station_ord=0 planned_finish=214.79 actual_finish=214.79 dev=+0.00 injected=0.0
[charge_scheduler-1] [INFO] [1785761613.299840997] [charge_scheduler]: [执行事件] loop=open plan_v=0 C3 type=station_turnaround target=-1 station_ord=2 planned_finish=227.12 actual_finish=227.12 dev=+0.00 injected=0.0
[charge_scheduler-1] [INFO] [1785761613.299846868] [charge_scheduler]: [执行事件] loop=open plan_v=0 C1 type=target_service target=10 station_ord=0 planned_finish=228.54 actual_finish=228.54 dev=+0.00 injected=0.0
[charge_scheduler-1] [INFO] [1785761613.299852630] [charge_scheduler]: [执行事件] loop=open plan_v=0 C1 type=station_turnaround target=-1 station_ord=2 planned_finish=244.41 actual_finish=244.41 dev=+0.00 injected=0.0
[charge_scheduler-1] [INFO] [1785761613.299858433] [charge_scheduler]: [执行事件] loop=open plan_v=0 C2 type=target_service target=20 station_ord=0 planned_finish=217.59 actual_finish=251.12 dev=+33.53 injected=0.0
[charge_scheduler-1] [INFO] [1785761613.299863981] [charge_scheduler]: [执行事件] loop=open plan_v=0 C2 type=station_turnaround target=-1 station_ord=2 planned_finish=230.05 actual_finish=263.58 dev=+33.53 injected=0.0
[charge_scheduler-1] [INFO] [1785761613.299869761] [charge_scheduler]: [执行事件] loop=open plan_v=0 C3 type=target_service target=23 station_ord=0 planned_finish=277.10 actual_finish=277.10 dev=+0.00 injected=0.0
[charge_scheduler-1] [INFO] [1785761613.299875398] [charge_scheduler]: [执行事件] loop=open plan_v=0 C1 type=target_service target=6 station_ord=0 planned_finish=292.30 actual_finish=292.30 dev=+0.00 injected=0.0
[charge_scheduler-1] [INFO] [1785761613.299881352] [charge_scheduler]: [执行事件] loop=open plan_v=0 C2 type=target_service target=19 station_ord=0 planned_finish=270.36 actual_finish=304.33 dev=+33.97 injected=0.0
[charge_scheduler-1] [INFO] [1785761613.299888711] [charge_scheduler]: [执行事件] loop=open plan_v=0 C3 type=target_service target=2 station_ord=0 planned_finish=320.43 actual_finish=320.43 dev=+0.00 injected=0.0
[charge_scheduler-1] [INFO] [1785761613.299894263] [charge_scheduler]: [执行事件] loop=open plan_v=0 C3 type=station_turnaround target=-1 station_ord=3 planned_finish=333.08 actual_finish=333.08 dev=+0.00 injected=0.0
[charge_scheduler-1] [INFO] [1785761613.299900121] [charge_scheduler]: [执行事件] loop=open plan_v=0 C2 type=target_service target=25 station_ord=0 planned_finish=308.32 actual_finish=342.83 dev=+34.50 injected=0.0
[charge_scheduler-1] [INFO] [1785761613.299905910] [charge_scheduler]: [执行事件] loop=open plan_v=0 C1 type=target_service target=14 station_ord=0 planned_finish=342.91 actual_finish=342.91 dev=+0.00 injected=0.0
[charge_scheduler-1] [INFO] [1785761613.299911361] [charge_scheduler]: [执行事件] loop=open plan_v=0 C1 type=station_turnaround target=-1 station_ord=3 planned_finish=357.17 actual_finish=357.17 dev=+0.00 injected=0.0
[charge_scheduler-1] [INFO] [1785761613.299916888] [charge_scheduler]: [执行事件] loop=open plan_v=0 C2 type=station_turnaround target=-1 station_ord=3 planned_finish=323.26 actual_finish=357.76 dev=+34.50 injected=0.0
[charge_scheduler-1] [INFO] [1785761613.299922528] [charge_scheduler]: [执行事件] loop=open plan_v=0 C3 type=target_service target=17 station_ord=0 planned_finish=378.04 actual_finish=378.04 dev=+0.00 injected=0.0
[charge_scheduler-1] [INFO] [1785761613.299927912] [charge_scheduler]: [执行事件] loop=open plan_v=0 C3 type=final_return target=-1 station_ord=0 planned_finish=379.97 actual_finish=379.97 dev=+0.00 injected=0.0
[charge_scheduler-1] [INFO] [1785761613.299933487] [charge_scheduler]: [执行事件] loop=open plan_v=0 C2 type=target_service target=29 station_ord=0 planned_finish=368.23 actual_finish=402.73 dev=+34.50 injected=0.0
[charge_scheduler-1] [INFO] [1785761613.299939212] [charge_scheduler]: [执行事件] loop=open plan_v=0 C1 type=target_service target=5 station_ord=0 planned_finish=404.11 actual_finish=404.11 dev=+0.00 injected=0.0
[charge_scheduler-1] [INFO] [1785761613.299944636] [charge_scheduler]: [执行事件] loop=open plan_v=0 C1 type=final_return target=-1 station_ord=0 planned_finish=405.73 actual_finish=405.73 dev=+0.00 injected=0.0
[charge_scheduler-1] [INFO] [1785761613.299950373] [charge_scheduler]: [执行事件] loop=open plan_v=0 C2 type=final_return target=-1 station_ord=0 planned_finish=372.43 actual_finish=406.94 dev=+34.50 injected=0.0
[charge_scheduler-1] [INFO] [1785761613.299963338] [charge_scheduler]: [执行事件] loop=fixed plan_v=0 C2 type=target_service target=27 station_ord=0 planned_finish=5.89 actual_finish=5.89 dev=+0.00 injected=0.0
[charge_scheduler-1] [INFO] [1785761613.299968769] [charge_scheduler]: [执行事件] loop=fixed plan_v=0 C1 type=target_service target=12 station_ord=0 planned_finish=8.50 actual_finish=8.50 dev=+0.00 injected=0.0
[charge_scheduler-1] [INFO] [1785761613.299974105] [charge_scheduler]: [执行事件] loop=fixed plan_v=0 C1 type=target_service target=21 station_ord=0 planned_finish=16.66 actual_finish=16.66 dev=+0.00 injected=0.0
[charge_scheduler-1] [INFO] [1785761613.299979744] [charge_scheduler]: [执行事件] loop=fixed plan_v=0 C3 type=target_service target=3 station_ord=0 planned_finish=26.90 actual_finish=26.90 dev=+0.00 injected=0.0
[charge_scheduler-1] [INFO] [1785761613.299986229] [charge_scheduler]: [执行事件] loop=fixed plan_v=0 C2 type=target_service target=1 station_ord=0 planned_finish=30.09 actual_finish=30.09 dev=+0.00 injected=0.0
[charge_scheduler-1] [INFO] [1785761613.299991882] [charge_scheduler]: [执行事件] loop=fixed plan_v=0 C1 type=target_service target=15 station_ord=0 planned_finish=41.31 actual_finish=41.31 dev=+0.00 injected=0.0
[charge_scheduler-1] [INFO] [1785761613.299997475] [charge_scheduler]: [执行事件] loop=fixed plan_v=0 C3 type=target_service target=9 station_ord=0 planned_finish=55.68 actual_finish=55.68 dev=+0.00 injected=0.0
[charge_scheduler-1] [INFO] [1785761613.300002914] [charge_scheduler]: [执行事件] loop=fixed plan_v=0 C2 type=target_service target=7 station_ord=0 planned_finish=56.55 actual_finish=71.55 dev=+15.00 injected=15.0
[charge_scheduler-1] [WARN] [1785761613.734350701] [charge_scheduler]: [重调度事件] policy=fixed #1 t=71.55min trigger=C2/target_service dev=+15.00 pool=20 committed=2 plan_v=1 solve_ms=434.3 changed_assign=0 changed_order=10
[charge_scheduler-1] [INFO] [1785761613.734463033] [charge_scheduler]: [执行事件] loop=fixed plan_v=0 C1 type=target_service target=11 station_ord=0 planned_finish=83.60 actual_finish=83.60 dev=+0.00 injected=0.0
[charge_scheduler-1] [INFO] [1785761613.734490328] [charge_scheduler]: [执行事件] loop=fixed plan_v=0 C3 type=target_service target=28 station_ord=0 planned_finish=90.56 actual_finish=90.56 dev=+0.00 injected=0.0
[charge_scheduler-1] [INFO] [1785761613.734510053] [charge_scheduler]: [执行事件] loop=fixed plan_v=1 C3 type=station_turnaround target=-1 station_ord=1 planned_finish=103.07 actual_finish=103.07 dev=+0.00 injected=0.0
[charge_scheduler-1] [INFO] [1785761613.734525845] [charge_scheduler]: [执行事件] loop=fixed plan_v=1 C2 type=target_service target=22 station_ord=0 planned_finish=107.62 actual_finish=107.62 dev=+0.00 injected=0.0
[charge_scheduler-1] [INFO] [1785761613.734536791] [charge_scheduler]: [执行事件] loop=fixed plan_v=1 C1 type=target_service target=18 station_ord=0 planned_finish=110.36 actual_finish=110.36 dev=+0.00 injected=0.0
[charge_scheduler-1] [INFO] [1785761613.734547484] [charge_scheduler]: [执行事件] loop=fixed plan_v=1 C2 type=station_turnaround target=-1 station_ord=1 planned_finish=121.80 actual_finish=121.80 dev=+0.00 injected=0.0
[charge_scheduler-1] [INFO] [1785761613.734560011] [charge_scheduler]: [执行事件] loop=fixed plan_v=1 C1 type=station_turnaround target=-1 station_ord=1 planned_finish=122.40 actual_finish=122.40 dev=+0.00 injected=0.0
[charge_scheduler-1] [INFO] [1785761613.734570660] [charge_scheduler]: [执行事件] loop=fixed plan_v=1 C3 type=target_service target=24 station_ord=0 planned_finish=130.75 actual_finish=130.75 dev=+0.00 injected=0.0
[charge_scheduler-1] [INFO] [1785761613.734581102] [charge_scheduler]: [执行事件] loop=fixed plan_v=1 C1 type=target_service target=13 station_ord=0 planned_finish=158.93 actual_finish=158.93 dev=+0.00 injected=0.0
[charge_scheduler-1] [INFO] [1785761613.734591601] [charge_scheduler]: [执行事件] loop=fixed plan_v=1 C2 type=target_service target=4 station_ord=0 planned_finish=151.46 actual_finish=166.46 dev=+15.00 injected=15.0
[charge_scheduler-1] [WARN] [1785761614.024016713] [charge_scheduler]: [重调度事件] policy=fixed #2 t=166.46min trigger=C2/target_service dev=+15.00 pool=13 committed=2 plan_v=2 solve_ms=289.4 changed_assign=0 changed_order=9
[charge_scheduler-1] [INFO] [1785761614.024071750] [charge_scheduler]: [执行事件] loop=fixed plan_v=1 C3 type=target_service target=26 station_ord=0 planned_finish=176.29 actual_finish=176.29 dev=+0.00 injected=0.0
[charge_scheduler-1] [INFO] [1785761614.024083067] [charge_scheduler]: [执行事件] loop=fixed plan_v=1 C1 type=target_service target=0 station_ord=0 planned_finish=195.20 actual_finish=195.20 dev=+0.00 injected=0.0
[charge_scheduler-1] [INFO] [1785761614.024092449] [charge_scheduler]: [执行事件] loop=fixed plan_v=2 C2 type=target_service target=8 station_ord=0 planned_finish=203.05 actual_finish=203.05 dev=+0.00 injected=0.0
[charge_scheduler-1] [INFO] [1785761614.024101091] [charge_scheduler]: [执行事件] loop=fixed plan_v=2 C3 type=target_service target=16 station_ord=0 planned_finish=214.79 actual_finish=214.79 dev=+0.00 injected=0.0
[charge_scheduler-1] [INFO] [1785761614.024110259] [charge_scheduler]: [执行事件] loop=fixed plan_v=2 C3 type=station_turnaround target=-1 station_ord=2 planned_finish=227.12 actual_finish=227.12 dev=+0.00 injected=0.0
[charge_scheduler-1] [INFO] [1785761614.024119856] [charge_scheduler]: [执行事件] loop=fixed plan_v=2 C1 type=target_service target=10 station_ord=0 planned_finish=228.54 actual_finish=228.54 dev=+0.00 injected=0.0
[charge_scheduler-1] [INFO] [1785761614.024128414] [charge_scheduler]: [执行事件] loop=fixed plan_v=2 C2 type=target_service target=19 station_ord=0 planned_finish=242.60 actual_finish=242.60 dev=+0.00 injected=0.0
[charge_scheduler-1] [INFO] [1785761614.024136712] [charge_scheduler]: [执行事件] loop=fixed plan_v=2 C1 type=station_turnaround target=-1 station_ord=2 planned_finish=244.41 actual_finish=244.41 dev=+0.00 injected=0.0
[charge_scheduler-1] [INFO] [1785761614.024145503] [charge_scheduler]: [执行事件] loop=fixed plan_v=2 C2 type=station_turnaround target=-1 station_ord=2 planned_finish=255.93 actual_finish=255.93 dev=+0.00 injected=0.0
[charge_scheduler-1] [INFO] [1785761614.024186291] [charge_scheduler]: [执行事件] loop=fixed plan_v=2 C3 type=target_service target=23 station_ord=0 planned_finish=277.10 actual_finish=277.10 dev=+0.00 injected=0.0
[charge_scheduler-1] [INFO] [1785761614.024196057] [charge_scheduler]: [执行事件] loop=fixed plan_v=2 C1 type=target_service target=5 station_ord=0 planned_finish=291.35 actual_finish=291.35 dev=+0.00 injected=0.0
[charge_scheduler-1] [INFO] [1785761614.024205210] [charge_scheduler]: [执行事件] loop=fixed plan_v=2 C2 type=target_service target=20 station_ord=0 planned_finish=301.75 actual_finish=301.75 dev=+0.00 injected=0.0
[charge_scheduler-1] [INFO] [1785761614.024214408] [charge_scheduler]: [执行事件] loop=fixed plan_v=2 C3 type=target_service target=2 station_ord=0 planned_finish=320.43 actual_finish=320.43 dev=+0.00 injected=0.0
[charge_scheduler-1] [INFO] [1785761614.024222260] [charge_scheduler]: [执行事件] loop=fixed plan_v=2 C3 type=station_turnaround target=-1 station_ord=3 planned_finish=333.08 actual_finish=333.08 dev=+0.00 injected=0.0
[charge_scheduler-1] [INFO] [1785761614.024230679] [charge_scheduler]: [执行事件] loop=fixed plan_v=2 C1 type=target_service target=14 station_ord=0 planned_finish=338.71 actual_finish=338.71 dev=+0.00 injected=0.0
[charge_scheduler-1] [INFO] [1785761614.024239449] [charge_scheduler]: [执行事件] loop=fixed plan_v=2 C2 type=target_service target=25 station_ord=0 planned_finish=341.41 actual_finish=341.41 dev=+0.00 injected=0.0
[charge_scheduler-1] [INFO] [1785761614.024251872] [charge_scheduler]: [执行事件] loop=fixed plan_v=2 C1 type=station_turnaround target=-1 station_ord=3 planned_finish=352.97 actual_finish=352.97 dev=+0.00 injected=0.0
[charge_scheduler-1] [INFO] [1785761614.024260974] [charge_scheduler]: [执行事件] loop=fixed plan_v=2 C2 type=station_turnaround target=-1 station_ord=3 planned_finish=356.34 actual_finish=356.34 dev=+0.00 injected=0.0
[charge_scheduler-1] [INFO] [1785761614.024269856] [charge_scheduler]: [执行事件] loop=fixed plan_v=2 C3 type=target_service target=17 station_ord=0 planned_finish=378.04 actual_finish=378.04 dev=+0.00 injected=0.0
[charge_scheduler-1] [INFO] [1785761614.024278378] [charge_scheduler]: [执行事件] loop=fixed plan_v=2 C3 type=final_return target=-1 station_ord=0 planned_finish=379.97 actual_finish=379.97 dev=+0.00 injected=0.0
[charge_scheduler-1] [INFO] [1785761614.024286769] [charge_scheduler]: [执行事件] loop=fixed plan_v=2 C1 type=target_service target=6 station_ord=0 planned_finish=400.86 actual_finish=400.86 dev=+0.00 injected=0.0
[charge_scheduler-1] [INFO] [1785761614.024295622] [charge_scheduler]: [执行事件] loop=fixed plan_v=2 C2 type=target_service target=29 station_ord=0 planned_finish=401.31 actual_finish=401.31 dev=+0.00 injected=0.0
[charge_scheduler-1] [INFO] [1785761614.024303617] [charge_scheduler]: [执行事件] loop=fixed plan_v=2 C1 type=final_return target=-1 station_ord=0 planned_finish=405.38 actual_finish=405.38 dev=+0.00 injected=0.0
[charge_scheduler-1] [INFO] [1785761614.024311264] [charge_scheduler]: [执行事件] loop=fixed plan_v=2 C2 type=final_return target=-1 station_ord=0 planned_finish=405.51 actual_finish=405.51 dev=+0.00 injected=0.0
[charge_scheduler-1] [INFO] [1785761614.024335914] [charge_scheduler]: [执行事件] loop=global plan_v=0 C2 type=target_service target=27 station_ord=0 planned_finish=5.89 actual_finish=5.89 dev=+0.00 injected=0.0
[charge_scheduler-1] [INFO] [1785761614.024345360] [charge_scheduler]: [执行事件] loop=global plan_v=0 C1 type=target_service target=12 station_ord=0 planned_finish=8.50 actual_finish=8.50 dev=+0.00 injected=0.0
[charge_scheduler-1] [INFO] [1785761614.024354048] [charge_scheduler]: [执行事件] loop=global plan_v=0 C1 type=target_service target=21 station_ord=0 planned_finish=16.66 actual_finish=16.66 dev=+0.00 injected=0.0
[charge_scheduler-1] [INFO] [1785761614.024363501] [charge_scheduler]: [执行事件] loop=global plan_v=0 C3 type=target_service target=3 station_ord=0 planned_finish=26.90 actual_finish=26.90 dev=+0.00 injected=0.0
[charge_scheduler-1] [INFO] [1785761614.024372906] [charge_scheduler]: [执行事件] loop=global plan_v=0 C2 type=target_service target=1 station_ord=0 planned_finish=30.09 actual_finish=30.09 dev=+0.00 injected=0.0
[charge_scheduler-1] [INFO] [1785761614.024383846] [charge_scheduler]: [执行事件] loop=global plan_v=0 C1 type=target_service target=15 station_ord=0 planned_finish=41.31 actual_finish=41.31 dev=+0.00 injected=0.0
[charge_scheduler-1] [INFO] [1785761614.024401147] [charge_scheduler]: [执行事件] loop=global plan_v=0 C3 type=target_service target=9 station_ord=0 planned_finish=55.68 actual_finish=55.68 dev=+0.00 injected=0.0
[charge_scheduler-1] [INFO] [1785761614.024409445] [charge_scheduler]: [执行事件] loop=global plan_v=0 C2 type=target_service target=7 station_ord=0 planned_finish=56.55 actual_finish=71.55 dev=+15.00 injected=15.0
[charge_scheduler-1] [WARN] [1785761618.439509963] [charge_scheduler]: [重调度事件] policy=global #1 t=71.55min trigger=C2/target_service dev=+15.00 pool=20 committed=2 plan_v=1 solve_ms=4415.1 changed_assign=14 changed_order=14
[charge_scheduler-1] [INFO] [1785761618.439558121] [charge_scheduler]: [执行事件] loop=global plan_v=0 C1 type=target_service target=11 station_ord=0 planned_finish=83.60 actual_finish=83.60 dev=+0.00 injected=0.0
[charge_scheduler-1] [INFO] [1785761618.439567744] [charge_scheduler]: [执行事件] loop=global plan_v=0 C3 type=target_service target=28 station_ord=0 planned_finish=90.56 actual_finish=90.56 dev=+0.00 injected=0.0
[charge_scheduler-1] [INFO] [1785761618.439574629] [charge_scheduler]: [执行事件] loop=global plan_v=1 C3 type=station_turnaround target=-1 station_ord=1 planned_finish=103.07 actual_finish=103.07 dev=+0.00 injected=0.0
[charge_scheduler-1] [INFO] [1785761618.439580919] [charge_scheduler]: [执行事件] loop=global plan_v=1 C2 type=target_service target=22 station_ord=0 planned_finish=107.62 actual_finish=107.62 dev=+0.00 injected=0.0
[charge_scheduler-1] [INFO] [1785761618.439587126] [charge_scheduler]: [执行事件] loop=global plan_v=1 C1 type=target_service target=18 station_ord=0 planned_finish=110.36 actual_finish=110.36 dev=+0.00 injected=0.0
[charge_scheduler-1] [INFO] [1785761618.439592935] [charge_scheduler]: [执行事件] loop=global plan_v=1 C2 type=station_turnaround target=-1 station_ord=1 planned_finish=121.80 actual_finish=121.80 dev=+0.00 injected=0.0
[charge_scheduler-1] [INFO] [1785761618.439599076] [charge_scheduler]: [执行事件] loop=global plan_v=1 C1 type=station_turnaround target=-1 station_ord=1 planned_finish=122.40 actual_finish=122.40 dev=+0.00 injected=0.0
[charge_scheduler-1] [INFO] [1785761618.439605096] [charge_scheduler]: [执行事件] loop=global plan_v=1 C3 type=target_service target=24 station_ord=0 planned_finish=130.75 actual_finish=130.75 dev=+0.00 injected=0.0
[charge_scheduler-1] [INFO] [1785761618.439611164] [charge_scheduler]: [执行事件] loop=global plan_v=1 C2 type=target_service target=13 station_ord=0 planned_finish=158.28 actual_finish=158.28 dev=+0.00 injected=0.0
[charge_scheduler-1] [INFO] [1785761618.439617213] [charge_scheduler]: [执行事件] loop=global plan_v=1 C3 type=target_service target=8 station_ord=0 planned_finish=162.75 actual_finish=162.75 dev=+0.00 injected=0.0
[charge_scheduler-1] [INFO] [1785761618.439623158] [charge_scheduler]: [执行事件] loop=global plan_v=1 C1 type=target_service target=5 station_ord=0 planned_finish=169.12 actual_finish=169.12 dev=+0.00 injected=0.0
[charge_scheduler-1] [INFO] [1785761618.439628819] [charge_scheduler]: [执行事件] loop=global plan_v=1 C2 type=target_service target=16 station_ord=0 planned_finish=192.97 actual_finish=192.97 dev=+0.00 injected=0.0
[charge_scheduler-1] [INFO] [1785761618.439635570] [charge_scheduler]: [执行事件] loop=global plan_v=1 C3 type=target_service target=0 station_ord=0 planned_finish=201.36 actual_finish=201.36 dev=+0.00 injected=0.0
[charge_scheduler-1] [INFO] [1785761618.439641386] [charge_scheduler]: [执行事件] loop=global plan_v=1 C1 type=target_service target=20 station_ord=0 planned_finish=214.43 actual_finish=214.43 dev=+0.00 injected=0.0
[charge_scheduler-1] [INFO] [1785761618.439647100] [charge_scheduler]: [执行事件] loop=global plan_v=1 C3 type=station_turnaround target=-1 station_ord=2 planned_finish=216.82 actual_finish=216.82 dev=+0.00 injected=0.0
[charge_scheduler-1] [INFO] [1785761618.439656947] [charge_scheduler]: [执行事件] loop=global plan_v=1 C1 type=station_turnaround target=-1 station_ord=2 planned_finish=226.89 actual_finish=226.89 dev=+0.00 injected=0.0
[charge_scheduler-1] [INFO] [1785761618.439663043] [charge_scheduler]: [执行事件] loop=global plan_v=1 C2 type=target_service target=4 station_ord=0 planned_finish=229.40 actual_finish=244.40 dev=+15.00 injected=15.0
[charge_scheduler-1] [WARN] [1785761618.842699116] [charge_scheduler]: [重调度事件] policy=global #2 t=244.40min trigger=C2/target_service dev=+15.00 pool=8 committed=2 plan_v=2 solve_ms=403.0 changed_assign=2 changed_order=3
[charge_scheduler-1] [INFO] [1785761618.842741465] [charge_scheduler]: [执行事件] loop=global plan_v=1 C3 type=target_service target=10 station_ord=0 planned_finish=254.50 actual_finish=254.50 dev=+0.00 injected=0.0
[charge_scheduler-1] [INFO] [1785761618.842751157] [charge_scheduler]: [执行事件] loop=global plan_v=2 C2 type=station_turnaround target=-1 station_ord=2 planned_finish=255.86 actual_finish=255.86 dev=+0.00 injected=0.0
[charge_scheduler-1] [INFO] [1785761618.842758131] [charge_scheduler]: [执行事件] loop=global plan_v=1 C1 type=target_service target=23 station_ord=0 planned_finish=276.85 actual_finish=276.85 dev=+0.00 injected=0.0
[charge_scheduler-1] [INFO] [1785761618.842764402] [charge_scheduler]: [执行事件] loop=global plan_v=2 C2 type=target_service target=25 station_ord=0 planned_finish=293.30 actual_finish=293.30 dev=+0.00 injected=0.0
[charge_scheduler-1] [INFO] [1785761618.842770196] [charge_scheduler]: [执行事件] loop=global plan_v=2 C3 type=target_service target=6 station_ord=0 planned_finish=299.67 actual_finish=299.67 dev=+0.00 injected=0.0
[charge_scheduler-1] [INFO] [1785761618.842776127] [charge_scheduler]: [执行事件] loop=global plan_v=2 C3 type=station_turnaround target=-1 station_ord=3 planned_finish=314.19 actual_finish=314.19 dev=+0.00 injected=0.0
[charge_scheduler-1] [INFO] [1785761618.842782619] [charge_scheduler]: [执行事件] loop=global plan_v=2 C1 type=target_service target=2 station_ord=0 planned_finish=320.16 actual_finish=320.16 dev=+0.00 injected=0.0
[charge_scheduler-1] [INFO] [1785761618.842788527] [charge_scheduler]: [执行事件] loop=global plan_v=2 C1 type=station_turnaround target=-1 station_ord=3 planned_finish=332.81 actual_finish=332.81 dev=+0.00 injected=0.0
[charge_scheduler-1] [INFO] [1785761618.842794628] [charge_scheduler]: [执行事件] loop=global plan_v=2 C2 type=target_service target=14 station_ord=0 planned_finish=337.19 actual_finish=337.19 dev=+0.00 injected=0.0
[charge_scheduler-1] [INFO] [1785761618.842800495] [charge_scheduler]: [执行事件] loop=global plan_v=2 C2 type=station_turnaround target=-1 station_ord=3 planned_finish=351.45 actual_finish=351.45 dev=+0.00 injected=0.0
[charge_scheduler-1] [INFO] [1785761618.842806356] [charge_scheduler]: [执行事件] loop=global plan_v=2 C3 type=target_service target=19 station_ord=0 planned_finish=354.95 actual_finish=354.95 dev=+0.00 injected=0.0
[charge_scheduler-1] [INFO] [1785761618.842812188] [charge_scheduler]: [执行事件] loop=global plan_v=2 C1 type=target_service target=17 station_ord=0 planned_finish=377.74 actual_finish=377.74 dev=+0.00 injected=0.0
[charge_scheduler-1] [INFO] [1785761618.842817882] [charge_scheduler]: [执行事件] loop=global plan_v=2 C1 type=final_return target=-1 station_ord=0 planned_finish=379.67 actual_finish=379.67 dev=+0.00 injected=0.0
[charge_scheduler-1] [INFO] [1785761618.842823400] [charge_scheduler]: [执行事件] loop=global plan_v=2 C2 type=target_service target=26 station_ord=0 planned_finish=397.40 actual_finish=397.40 dev=+0.00 injected=0.0
[charge_scheduler-1] [INFO] [1785761618.842828845] [charge_scheduler]: [执行事件] loop=global plan_v=2 C2 type=final_return target=-1 station_ord=0 planned_finish=400.02 actual_finish=400.02 dev=+0.00 injected=0.0
[charge_scheduler-1] [INFO] [1785761618.842834352] [charge_scheduler]: [执行事件] loop=global plan_v=2 C3 type=target_service target=29 station_ord=0 planned_finish=401.30 actual_finish=401.30 dev=+0.00 injected=0.0
[charge_scheduler-1] [INFO] [1785761618.842839768] [charge_scheduler]: [执行事件] loop=global plan_v=2 C3 type=final_return target=-1 station_ord=0 planned_finish=405.51 actual_finish=405.51 dev=+0.00 injected=0.0
[charge_scheduler-1] [INFO] [1785761618.842852576] [charge_scheduler]: ★闭环实验结果 mode=open M=30 K=3 disturbance=target delay=15.0 seed=7 N_late=7 T_overtime=560.306 C_total=8176.436 makespan=406.935 served=30 energy_viol=2 reschedules=0 reschedule_ms=0.000 changed_assign=0 changed_order=0 applied_target=2 applied_station=0 initial_solve_ms=47090.700 objective_order=Nlate,Tover,Ctotal
[charge_scheduler-1] [INFO] [1785761618.842862826] [charge_scheduler]: ★闭环实验结果 mode=fixed M=30 K=3 disturbance=target delay=15.0 seed=7 N_late=6 T_overtime=575.610 C_total=8230.107 makespan=405.512 served=30 energy_viol=0 reschedules=2 reschedule_ms=723.637 changed_assign=0 changed_order=19 applied_target=2 applied_station=0 initial_solve_ms=47090.700 objective_order=Nlate,Tover,Ctotal
[charge_scheduler-1] [INFO] [1785761618.842889701] [charge_scheduler]: ★闭环实验收益 policy=fixed M=30 K=3 disturbance=target delay=15.0 seed=7 recovered_late=1 overtime_reduction=-15.304 distance_delta=53.671 makespan_reduction=1.423
[charge_scheduler-1] [INFO] [1785761618.842896553] [charge_scheduler]: ★闭环实验结果 mode=closed M=30 K=3 disturbance=target delay=15.0 seed=7 N_late=5 T_overtime=522.402 C_total=7454.774 makespan=405.506 served=30 energy_viol=0 reschedules=2 reschedule_ms=4818.045 changed_assign=16 changed_order=17 applied_target=2 applied_station=0 initial_solve_ms=47090.700 objective_order=Nlate,Tover,Ctotal
[charge_scheduler-1] [INFO] [1785761618.842904104] [charge_scheduler]: ★闭环实验收益 policy=closed M=30 K=3 disturbance=target delay=15.0 seed=7 recovered_late=2 overtime_reduction=37.904 distance_delta=-721.661 makespan_reduction=1.429
