[INFO] [launch]: All log files can be found below /root/.ros/log/2026-08-03-12-56-06-548721-YYYY-37998
[INFO] [launch]: Default logging verbosity is set to INFO
[INFO] [charge_scheduler-1]: process started with pid [38002]
[charge_scheduler-1] [INFO] [1785761766.672628489] [charge_scheduler]: [目标顺序] objective_order=Nlate,Tover,Ctotal
[charge_scheduler-1] [INFO] [1785761766.673149333] [charge_scheduler]: [Scheduler] 30辆车 | 电池800.0kWh(20%=160.0 80%=640.0) | 充电360kW效率97% | 行驶0.6kWh/km | 桩350kW
[charge_scheduler-1] [INFO] [1785761766.673183980] [charge_scheduler]: [Scheduler] 站端周转: 换电 10 min(换后满电) | 单趟可用 640 kWh
[charge_scheduler-1] [INFO] [1785761766.673192945] [charge_scheduler]:   车#0 [电动装载机282|light] 位置(3889.6,73764.7) 容量282kWh 剩余35% | α=6→6min/% τ=168min → 需130.8kWh(充21.2min)
[charge_scheduler-1] [INFO] [1785761766.673207403] [charge_scheduler]:   车#1 [重型叉车|light] 位置(3778.9,73807.0) 容量200kWh 剩余20% | α=6→6min/% τ=96min → 需123.7kWh(充20.0min)
[charge_scheduler-1] [INFO] [1785761766.673219801] [charge_scheduler]:   车#2 [电动装载机350|light] 位置(3794.9,73804.6) 容量350kWh 剩余50% | α=6→6min/% τ=288min → 需108.2kWh(充17.5min)
[charge_scheduler-1] [INFO] [1785761766.673231655] [charge_scheduler]:   车#3 [重型叉车|light] 位置(3806.9,73760.3) 容量200kWh 剩余10% | α=6→6min/% τ=32min → 需144.3kWh(充23.3min)
[charge_scheduler-1] [INFO] [1785761766.673248546] [charge_scheduler]:   车#4 [电动装载机282|heavy→降级] 位置(3705.1,73758.2) 容量282kWh 剩余60% | α=3→6min/% τ=212min → 需58.1kWh(充9.4min)
[charge_scheduler-1] [INFO] [1785761766.673261990] [charge_scheduler]:   车#5 [电动装载机350|light] 位置(3756.5,73770.2) 容量350kWh 剩余25% | α=6→6min/% τ=128min → 需198.5kWh(充32.1min)
[charge_scheduler-1] [INFO] [1785761766.673274129] [charge_scheduler]:   车#6 [电动装载机350|heavy→降级] 位置(3887.4,73809.4) 容量350kWh 剩余40% | α=4→6min/% τ=176min → 需144.3kWh(充23.3min)
[charge_scheduler-1] [INFO] [1785761766.673285978] [charge_scheduler]:   车#7 [重型叉车|light] 位置(3899.0,73786.6) 容量200kWh 剩余15% | α=6→6min/% τ=64min → 需134.0kWh(充21.7min)
[charge_scheduler-1] [INFO] [1785761766.673300799] [charge_scheduler]:   车#8 [电动装载机282|heavy→降级] 位置(3689.7,73663.1) 容量282kWh 剩余55% | α=3→6min/% τ=196min → 需72.7kWh(充11.8min)
[charge_scheduler-1] [INFO] [1785761766.673312664] [charge_scheduler]:   车#9 [电动装载机282|heavy→降级] 位置(3748.4,73767.2) 容量282kWh 剩余30% | α=3→6min/% τ=116min → 需145.4kWh(充23.5min)
[charge_scheduler-1] [INFO] [1785761766.673325135] [charge_scheduler]:   车#10 [电动装载机282|light] 位置(3865.2,73751.0) 容量282kWh 剩余45% | α=6→6min/% τ=224min → 需101.8kWh(充16.4min)
[charge_scheduler-1] [INFO] [1785761766.673337058] [charge_scheduler]:   车#11 [电动装载机350|light] 位置(3785.0,73749.2) 容量350kWh 剩余18% | α=6→6min/% τ=83min → 需223.7kWh(充36.2min)
[charge_scheduler-1] [INFO] [1785761766.673349016] [charge_scheduler]:   车#12 [重型叉车|heavy→降级] 位置(3811.5,73799.9) 容量200kWh 剩余62% | α=3→6min/% τ=230min → 需37.1kWh(充6.0min)
[charge_scheduler-1] [INFO] [1785761766.673361602] [charge_scheduler]:   车#13 [电动装载机282|light] 位置(3810.8,73773.1) 容量282kWh 剩余28% | α=6→6min/% τ=129min → 需151.2kWh(充24.4min)
[charge_scheduler-1] [INFO] [1785761766.673375271] [charge_scheduler]:   车#14 [电动装载机350|light] 位置(3905.0,73793.5) 容量350kWh 剩余52% | α=6→6min/% τ=301min → 需101.0kWh(充16.3min)
[charge_scheduler-1] [INFO] [1785761766.673387348] [charge_scheduler]:   车#15 [重型叉车|light] 位置(3894.3,73756.9) 容量200kWh 剩余12% | α=6→6min/% τ=45min → 需140.2kWh(充22.7min)
[charge_scheduler-1] [INFO] [1785761766.673398719] [charge_scheduler]:   车#16 [电动装载机282|light] 位置(3818.5,73716.2) 容量282kWh 剩余38% | α=6→6min/% τ=185min → 需122.1kWh(充19.7min)
[charge_scheduler-1] [INFO] [1785761766.673410427] [charge_scheduler]:   车#17 [电动装载机350|light] 位置(3733.2,73772.4) 容量350kWh 剩余58% | α=6→6min/% τ=339min → 需79.4kWh(充12.8min)
[charge_scheduler-1] [INFO] [1785761766.673422645] [charge_scheduler]:   车#18 [重型叉车|heavy→降级] 位置(3764.7,73699.0) 容量200kWh 剩余22% | α=3→6min/% τ=102min → 需119.6kWh(充19.3min)
[charge_scheduler-1] [INFO] [1785761766.673434716] [charge_scheduler]:   车#19 [电动装载机282|light] 位置(3878.4,73747.9) 容量282kWh 剩余48% | α=6→6min/% τ=241min → 需93.0kWh(充15.0min)
[charge_scheduler-1] [INFO] [1785761766.673484518] [charge_scheduler]:   车#20 [电动装载机350|light] 位置(3740.3,73686.9) 容量350kWh 剩余33% | α=6→6min/% τ=179min → 需169.6kWh(充27.4min)
[charge_scheduler-1] [INFO] [1785761766.673499806] [charge_scheduler]:   车#21 [重型叉车|heavy→降级] 位置(3895.4,73811.9) 容量200kWh 剩余65% | α=3→6min/% τ=240min → 需30.9kWh(充5.0min)
[charge_scheduler-1] [INFO] [1785761766.673511719] [charge_scheduler]:   车#22 [电动装载机282|light] 位置(3876.0,73830.2) 容量282kWh 剩余16% | α=6→6min/% τ=62min → 需186.1kWh(充30.1min)
[charge_scheduler-1] [INFO] [1785761766.673523617] [charge_scheduler]:   车#23 [电动装载机350|light] 位置(3765.9,73790.3) 容量350kWh 剩余42% | α=6→6min/% τ=237min → 需137.1kWh(充22.2min)
[charge_scheduler-1] [INFO] [1785761766.673563492] [charge_scheduler]:   车#24 [重型叉车|heavy→降级] 位置(3637.1,73698.1) 容量200kWh 剩余25% | α=3→6min/% τ=112min → 需113.4kWh(充18.3min)
[charge_scheduler-1] [INFO] [1785761766.673595574] [charge_scheduler]:   车#25 [电动装载机282|light] 位置(3884.5,73833.1) 容量282kWh 剩余55% | α=6→6min/% τ=280min → 需72.7kWh(充11.8min)
[charge_scheduler-1] [INFO] [1785761766.673615198] [charge_scheduler]:   车#26 [电动装载机350|light] 位置(3699.3,73765.4) 容量350kWh 剩余30% | α=6→6min/% τ=160min → 需180.4kWh(充29.2min)
[charge_scheduler-1] [INFO] [1785761766.673633030] [charge_scheduler]:   车#27 [重型叉车|heavy→降级] 位置(3800.8,73717.7) 容量200kWh 剩余68% | α=3→6min/% τ=250min → 需24.7kWh(充4.0min)
[charge_scheduler-1] [INFO] [1785761766.673658629] [charge_scheduler]:   车#28 [电动装载机282|light] 位置(3825.0,73792.7) 容量282kWh 剩余20% | α=6→6min/% τ=84min → 需174.4kWh(充28.2min)
[charge_scheduler-1] [INFO] [1785761766.673677387] [charge_scheduler]:   车#29 [电动装载机350|light] 位置(3784.3,73759.0) 容量350kWh 剩余36% | α=6→6min/% τ=198min → 需158.8kWh(充25.7min)
[charge_scheduler-1] [INFO] [1785761766.685377131] [charge_scheduler]: [Scheduler] 闭环接口: threshold=10.0min | event_sim=on | policy=all | structured_feedback=optional (/task_planner/execution_event)
[charge_scheduler-1] [INFO] [1785761766.685425592] [charge_scheduler]: [Scheduler] 已启动, 等待地图...
[charge_scheduler-1] [INFO] [1785761766.685436648] [charge_scheduler]: [Scheduler] 充电车1接口: sequence/served/arrived_target/arrived_station/return_goal/task_complete 后缀=_1
[charge_scheduler-1] [INFO] [1785761766.685445279] [charge_scheduler]: [Scheduler] 充电车2接口: sequence/served/arrived_target/arrived_station/return_goal/task_complete 后缀=_2
[charge_scheduler-1] [INFO] [1785761766.685452582] [charge_scheduler]: [Scheduler] 充电车3接口: sequence/served/arrived_target/arrived_station/return_goal/task_complete 后缀=_3
[charge_scheduler-1] [INFO] [1785761766.782020052] [charge_scheduler]: [Scheduler] RoutingGraph 就绪
[charge_scheduler-1] [INFO] [1785761766.782504453] [charge_scheduler]: [Scheduler] 提取到 0 条虚线捷径
[charge_scheduler-1] [INFO] [1785761766.811184624] [charge_scheduler]: [Scheduler] 下层兼容增强图: 190 节点, 0 条虚线掉头边
[charge_scheduler-1] [INFO] [1785761787.839713317] [charge_scheduler]: [Scheduler] 距离矩阵完成 31x31, 21028.5 ms | 模式=maneuver | 真实不可达=0 抽象不可达=0 | 缺少对向投影节点=0 | 对向识别(ID/几何/法向)=0/0/0 | 单向驿站投影=0
[charge_scheduler-1] [INFO] [1785761787.839795536] [charge_scheduler]:   ✓ 比值自检：930 个 OD 满足 机动/直线≥1 | 均值=4.11 最大=62.63 (车#0→车#15)
[charge_scheduler-1] [INFO] [1785761787.839811015] [charge_scheduler]: [Scheduler] 地图就绪, 190 条 lanelet（与下层一致）
[charge_scheduler-1] [INFO] [1785761787.839869081] [charge_scheduler]: ======== 开始VRPTW调度 30 辆车 ========
[charge_scheduler-1] [INFO] [1785761787.839875601] [charge_scheduler]:   规模30>8 → 启发式(alns)
[charge_scheduler-1] [INFO] [1785761834.722752310] [charge_scheduler]: [ALNS] objective_order=Nlate,Tover,Ctotal seed=10 iters=15000 | N_late=3(成功率90.0%) T_overtime=375.8min C_total=7716.8m | 趟数=12 makespan=381.0min
[charge_scheduler-1] [INFO] [1785761834.722803819] [charge_scheduler]:   求解耗时 46882.9 ms
[charge_scheduler-1] [INFO] [1785761834.722812034] [charge_scheduler]: ════════ 调度结果 ════════
[charge_scheduler-1] [INFO] [1785761834.722817650] [charge_scheduler]:   ★目标(字典序): objective_order=Nlate,Tover,Ctotal | N_late=3 辆 (按时成功率 27/30 = 90.0%)  T_overtime=375.8min  C_total=7716.8m
[charge_scheduler-1] [INFO] [1785761834.722854084] [charge_scheduler]:   附: 趟数=12 | makespan=381.0min | 能量可行=是
[charge_scheduler-1] [INFO] [1785761834.722865232] [charge_scheduler]:   [充电车1] 趟1: 站 → 车#27(到1.7/限249.6✓) → 车#12(到7.7/限230.4✓) → 车#21(到16.6/限240.0✓) → 车#15(到24.4/限44.8✓) → 车#11(到50.5/限83.2✓) → 站
[charge_scheduler-1] [INFO] [1785761834.722871904] [charge_scheduler]:   [充电车3] 趟2: 站 → 车#3(到3.4/限32.0✓) → 车#9(到28.1/限116.0✓) → 车#1(到56.6/限96.0✓) → 车#18(到84.1/限102.4✓) → 站
[charge_scheduler-1] [INFO] [1785761834.722877798] [charge_scheduler]:   [充电车2] 趟3: 站 → 车#4(到2.1/限212.0✓) → 车#22(到17.3/限61.6✓) → 车#7(到49.6/限64.0✓) → 车#28(到76.4/限84.0✓) → 站
[charge_scheduler-1] [INFO] [1785761834.722883459] [charge_scheduler]:   [充电车1] 趟4: 站 → 车#24(到105.8/限112.0✓) → 车#26(到134.6/限160.0✓) → 车#16(到179.7/限184.8✓) → 站
[charge_scheduler-1] [INFO] [1785761834.722889093] [charge_scheduler]:   [充电车2] 趟5: 站 → 车#5(到126.7/限128.0✓) → 车#6(到174.0/限176.0✓) → 站
[charge_scheduler-1] [INFO] [1785761834.722895862] [charge_scheduler]:   [充电车3] 趟6: 站 → 车#13(到121.8/限128.8✓) → 车#0(到158.1/限168.0✓) → 车#10(到193.0/限224.0✓) → 站
[charge_scheduler-1] [INFO] [1785761834.722920775] [charge_scheduler]:   [充电车1] 趟7: 站 → 车#23(到233.3/限236.8✓) → 车#2(到277.3/限288.0✓) → 站
[charge_scheduler-1] [INFO] [1785761834.722925372] [charge_scheduler]:   [充电车2] 趟8: 站 → 车#19(到237.6/限240.8✓) → 车#29(到275.2/限198.4✗超时) → 站
[charge_scheduler-1] [INFO] [1785761834.722929853] [charge_scheduler]:   [充电车3] 趟9: 站 → 车#25(到245.4/限280.0✓) → 车#14(到278.5/限300.8✓) → 站
[charge_scheduler-1] [INFO] [1785761834.722934269] [charge_scheduler]:   [充电车1] 趟10: 站 → 车#20(到334.8/限179.2✗超时) → 站
[charge_scheduler-1] [INFO] [1785761834.722938977] [charge_scheduler]:   [充电车2] 趟11: 站 → 车#17(到334.7/限339.2✓) → 站
[charge_scheduler-1] [INFO] [1785761834.722943128] [charge_scheduler]:   [充电车3] 趟12: 站 → 车#8(到339.5/限196.0✗超时) → 站
[charge_scheduler-1] [INFO] [1785761834.722946442] [charge_scheduler]: ════════════════════════
[charge_scheduler-1] [INFO] [1785761834.723004788] [charge_scheduler]: [扰动清单] type=target delay=15.0min targets={5,9,} station={}
[charge_scheduler-1] [INFO] [1785761834.723025209] [charge_scheduler]: [执行事件] loop=open plan_v=0 C1 type=target_service target=27 station_ord=0 planned_finish=5.89 actual_finish=5.89 dev=+0.00 injected=0.0
[charge_scheduler-1] [INFO] [1785761834.723032470] [charge_scheduler]: [执行事件] loop=open plan_v=0 C2 type=target_service target=4 station_ord=0 planned_finish=11.77 actual_finish=11.77 dev=+0.00 injected=0.0
[charge_scheduler-1] [INFO] [1785761834.723038247] [charge_scheduler]: [执行事件] loop=open plan_v=0 C1 type=target_service target=12 station_ord=0 planned_finish=14.55 actual_finish=14.55 dev=+0.00 injected=0.0
[charge_scheduler-1] [INFO] [1785761834.723044698] [charge_scheduler]: [执行事件] loop=open plan_v=0 C1 type=target_service target=21 station_ord=0 planned_finish=23.35 actual_finish=23.35 dev=+0.00 injected=0.0
[charge_scheduler-1] [INFO] [1785761834.723052048] [charge_scheduler]: [执行事件] loop=open plan_v=0 C3 type=target_service target=3 station_ord=0 planned_finish=26.90 actual_finish=26.90 dev=+0.00 injected=0.0
[charge_scheduler-1] [INFO] [1785761834.723058126] [charge_scheduler]: [执行事件] loop=open plan_v=0 C1 type=target_service target=15 station_ord=0 planned_finish=48.34 actual_finish=48.34 dev=+0.00 injected=0.0
[charge_scheduler-1] [INFO] [1785761834.723063719] [charge_scheduler]: [执行事件] loop=open plan_v=0 C2 type=target_service target=22 station_ord=0 planned_finish=48.85 actual_finish=48.85 dev=+0.00 injected=0.0
[charge_scheduler-1] [INFO] [1785761834.723069597] [charge_scheduler]: [执行事件] loop=open plan_v=0 C3 type=target_service target=9 station_ord=0 planned_finish=55.68 actual_finish=70.68 dev=+15.00 injected=15.0
[charge_scheduler-1] [INFO] [1785761834.723076409] [charge_scheduler]: [执行事件] loop=open plan_v=0 C2 type=target_service target=7 station_ord=0 planned_finish=73.88 actual_finish=73.88 dev=+0.00 injected=0.0
[charge_scheduler-1] [INFO] [1785761834.723099416] [charge_scheduler]: [执行事件] loop=open plan_v=0 C1 type=target_service target=11 station_ord=0 planned_finish=91.28 actual_finish=91.28 dev=+0.00 injected=0.0
[charge_scheduler-1] [INFO] [1785761834.723107848] [charge_scheduler]: [执行事件] loop=open plan_v=0 C3 type=target_service target=1 station_ord=0 planned_finish=79.59 actual_finish=95.37 dev=+15.78 injected=0.0
[charge_scheduler-1] [INFO] [1785761834.723116148] [charge_scheduler]: [执行事件] loop=open plan_v=0 C1 type=station_turnaround target=-1 station_ord=1 planned_finish=102.82 actual_finish=102.82 dev=+0.00 injected=0.0
[charge_scheduler-1] [INFO] [1785761834.723124826] [charge_scheduler]: [执行事件] loop=open plan_v=0 C2 type=target_service target=28 station_ord=0 planned_finish=110.97 actual_finish=110.97 dev=+0.00 injected=0.0
[charge_scheduler-1] [INFO] [1785761834.723132966] [charge_scheduler]: [执行事件] loop=open plan_v=0 C2 type=station_turnaround target=-1 station_ord=1 planned_finish=123.49 actual_finish=123.49 dev=+0.00 injected=0.0
[charge_scheduler-1] [INFO] [1785761834.723144615] [charge_scheduler]: [执行事件] loop=open plan_v=0 C3 type=target_service target=18 station_ord=0 planned_finish=108.11 actual_finish=124.71 dev=+16.60 injected=0.0
[charge_scheduler-1] [INFO] [1785761834.723151755] [charge_scheduler]: [执行事件] loop=open plan_v=0 C1 type=target_service target=24 station_ord=0 planned_finish=130.48 actual_finish=130.48 dev=+0.00 injected=0.0
[charge_scheduler-1] [INFO] [1785761834.723159083] [charge_scheduler]: [执行事件] loop=open plan_v=0 C3 type=station_turnaround target=-1 station_ord=1 planned_finish=120.15 actual_finish=136.75 dev=+16.60 injected=0.0
[charge_scheduler-1] [INFO] [1785761834.723165686] [charge_scheduler]: [执行事件] loop=open plan_v=0 C3 type=target_service target=13 station_ord=0 planned_finish=156.49 actual_finish=173.68 dev=+17.19 injected=0.0
[charge_scheduler-1] [INFO] [1785761834.723172429] [charge_scheduler]: [执行事件] loop=open plan_v=0 C1 type=target_service target=26 station_ord=0 planned_finish=176.00 actual_finish=176.00 dev=+0.00 injected=0.0
[charge_scheduler-1] [INFO] [1785761834.723178928] [charge_scheduler]: [执行事件] loop=open plan_v=0 C2 type=target_service target=5 station_ord=0 planned_finish=170.31 actual_finish=185.31 dev=+15.00 injected=15.0
[charge_scheduler-1] [INFO] [1785761834.723185851] [charge_scheduler]: [执行事件] loop=open plan_v=0 C3 type=target_service target=0 station_ord=0 planned_finish=192.56 actual_finish=210.57 dev=+18.02 injected=0.0
[charge_scheduler-1] [INFO] [1785761834.723193571] [charge_scheduler]: [执行事件] loop=open plan_v=0 C1 type=target_service target=16 station_ord=0 planned_finish=214.48 actual_finish=214.48 dev=+0.00 injected=0.0
[charge_scheduler-1] [INFO] [1785761834.723199925] [charge_scheduler]: [执行事件] loop=open plan_v=0 C1 type=station_turnaround target=-1 station_ord=2 planned_finish=226.81 actual_finish=226.81 dev=+0.00 injected=0.0
[charge_scheduler-1] [INFO] [1785761834.723206596] [charge_scheduler]: [执行事件] loop=open plan_v=0 C2 type=target_service target=6 station_ord=0 planned_finish=217.56 actual_finish=232.74 dev=+15.18 injected=0.0
[charge_scheduler-1] [INFO] [1785761834.723213354] [charge_scheduler]: [执行事件] loop=open plan_v=0 C3 type=target_service target=10 station_ord=0 planned_finish=225.68 actual_finish=245.21 dev=+19.53 injected=0.0
[charge_scheduler-1] [INFO] [1785761834.723219928] [charge_scheduler]: [执行事件] loop=open plan_v=0 C2 type=station_turnaround target=-1 station_ord=2 planned_finish=232.08 actual_finish=247.26 dev=+15.18 injected=0.0
[charge_scheduler-1] [INFO] [1785761834.723228647] [charge_scheduler]: [执行事件] loop=open plan_v=0 C3 type=station_turnaround target=-1 station_ord=2 planned_finish=241.55 actual_finish=261.08 dev=+19.53 injected=0.0
[charge_scheduler-1] [INFO] [1785761834.723236378] [charge_scheduler]: [执行事件] loop=open plan_v=0 C1 type=target_service target=23 station_ord=0 planned_finish=276.76 actual_finish=276.76 dev=+0.00 injected=0.0
[charge_scheduler-1] [INFO] [1785761834.723250411] [charge_scheduler]: [执行事件] loop=open plan_v=0 C2 type=target_service target=19 station_ord=0 planned_finish=272.56 actual_finish=288.02 dev=+15.45 injected=0.0
[charge_scheduler-1] [INFO] [1785761834.723258938] [charge_scheduler]: [执行事件] loop=open plan_v=0 C3 type=target_service target=25 station_ord=0 planned_finish=277.78 actual_finish=298.95 dev=+21.17 injected=0.0
[charge_scheduler-1] [INFO] [1785761834.723274098] [charge_scheduler]: [执行事件] loop=open plan_v=0 C1 type=target_service target=2 station_ord=0 planned_finish=320.06 actual_finish=320.06 dev=+0.00 injected=0.0
[charge_scheduler-1] [INFO] [1785761834.723281787] [charge_scheduler]: [执行事件] loop=open plan_v=0 C1 type=station_turnaround target=-1 station_ord=3 planned_finish=332.71 actual_finish=332.71 dev=+0.00 injected=0.0
[charge_scheduler-1] [INFO] [1785761834.723289340] [charge_scheduler]: [执行事件] loop=open plan_v=0 C2 type=target_service target=29 station_ord=0 planned_finish=318.92 actual_finish=334.37 dev=+15.45 injected=0.0
[charge_scheduler-1] [INFO] [1785761834.723296948] [charge_scheduler]: [执行事件] loop=open plan_v=0 C3 type=target_service target=14 station_ord=0 planned_finish=320.26 actual_finish=343.35 dev=+23.10 injected=0.0
[charge_scheduler-1] [INFO] [1785761834.723304553] [charge_scheduler]: [执行事件] loop=open plan_v=0 C2 type=station_turnaround target=-1 station_ord=3 planned_finish=333.12 actual_finish=348.58 dev=+15.45 injected=0.0
[charge_scheduler-1] [INFO] [1785761834.723312195] [charge_scheduler]: [执行事件] loop=open plan_v=0 C3 type=station_turnaround target=-1 station_ord=3 planned_finish=334.52 actual_finish=357.62 dev=+23.10 injected=0.0
[charge_scheduler-1] [INFO] [1785761834.723321077] [charge_scheduler]: [执行事件] loop=open plan_v=0 C1 type=target_service target=20 station_ord=0 planned_finish=378.53 actual_finish=378.53 dev=+0.00 injected=0.0
[charge_scheduler-1] [INFO] [1785761834.723328123] [charge_scheduler]: [执行事件] loop=open plan_v=0 C1 type=final_return target=-1 station_ord=0 planned_finish=380.99 actual_finish=380.99 dev=+0.00 injected=0.0
[charge_scheduler-1] [INFO] [1785761834.723335080] [charge_scheduler]: [执行事件] loop=open plan_v=0 C2 type=target_service target=17 station_ord=0 planned_finish=378.08 actual_finish=393.94 dev=+15.86 injected=0.0
[charge_scheduler-1] [INFO] [1785761834.723341982] [charge_scheduler]: [执行事件] loop=open plan_v=0 C2 type=final_return target=-1 station_ord=0 planned_finish=380.01 actual_finish=395.87 dev=+15.86 injected=0.0
[charge_scheduler-1] [INFO] [1785761834.723349012] [charge_scheduler]: [执行事件] loop=open plan_v=0 C3 type=target_service target=8 station_ord=0 planned_finish=374.74 actual_finish=397.83 dev=+23.10 injected=0.0
[charge_scheduler-1] [INFO] [1785761834.723357584] [charge_scheduler]: [执行事件] loop=open plan_v=0 C3 type=final_return target=-1 station_ord=0 planned_finish=376.55 actual_finish=399.65 dev=+23.10 injected=0.0
[charge_scheduler-1] [INFO] [1785761834.723374614] [charge_scheduler]: [执行事件] loop=fixed plan_v=0 C1 type=target_service target=27 station_ord=0 planned_finish=5.89 actual_finish=5.89 dev=+0.00 injected=0.0
[charge_scheduler-1] [INFO] [1785761834.723381476] [charge_scheduler]: [执行事件] loop=fixed plan_v=0 C2 type=target_service target=4 station_ord=0 planned_finish=11.77 actual_finish=11.77 dev=+0.00 injected=0.0
[charge_scheduler-1] [INFO] [1785761834.723388490] [charge_scheduler]: [执行事件] loop=fixed plan_v=0 C1 type=target_service target=12 station_ord=0 planned_finish=14.55 actual_finish=14.55 dev=+0.00 injected=0.0
[charge_scheduler-1] [INFO] [1785761834.723396323] [charge_scheduler]: [执行事件] loop=fixed plan_v=0 C1 type=target_service target=21 station_ord=0 planned_finish=23.35 actual_finish=23.35 dev=+0.00 injected=0.0
[charge_scheduler-1] [INFO] [1785761834.723405138] [charge_scheduler]: [执行事件] loop=fixed plan_v=0 C3 type=target_service target=3 station_ord=0 planned_finish=26.90 actual_finish=26.90 dev=+0.00 injected=0.0
[charge_scheduler-1] [INFO] [1785761834.723415210] [charge_scheduler]: [执行事件] loop=fixed plan_v=0 C1 type=target_service target=15 station_ord=0 planned_finish=48.34 actual_finish=48.34 dev=+0.00 injected=0.0
[charge_scheduler-1] [INFO] [1785761834.723421802] [charge_scheduler]: [执行事件] loop=fixed plan_v=0 C2 type=target_service target=22 station_ord=0 planned_finish=48.85 actual_finish=48.85 dev=+0.00 injected=0.0
[charge_scheduler-1] [INFO] [1785761834.723428523] [charge_scheduler]: [执行事件] loop=fixed plan_v=0 C3 type=target_service target=9 station_ord=0 planned_finish=55.68 actual_finish=70.68 dev=+15.00 injected=15.0
[charge_scheduler-1] [WARN] [1785761835.260485477] [charge_scheduler]: [重调度事件] policy=fixed #1 t=70.68min trigger=C3/target_service dev=+15.00 pool=20 committed=2 plan_v=1 solve_ms=537.0 changed_assign=0 changed_order=11
[charge_scheduler-1] [INFO] [1785761835.260583829] [charge_scheduler]: [执行事件] loop=fixed plan_v=0 C2 type=target_service target=7 station_ord=0 planned_finish=73.88 actual_finish=73.88 dev=+0.00 injected=0.0
[charge_scheduler-1] [INFO] [1785761835.260596624] [charge_scheduler]: [执行事件] loop=fixed plan_v=0 C1 type=target_service target=11 station_ord=0 planned_finish=91.28 actual_finish=91.28 dev=+0.00 injected=0.0
[charge_scheduler-1] [INFO] [1785761835.260603819] [charge_scheduler]: [执行事件] loop=fixed plan_v=1 C3 type=target_service target=1 station_ord=0 planned_finish=95.37 actual_finish=95.37 dev=+0.00 injected=0.0
[charge_scheduler-1] [INFO] [1785761835.260609835] [charge_scheduler]: [执行事件] loop=fixed plan_v=1 C1 type=station_turnaround target=-1 station_ord=1 planned_finish=102.82 actual_finish=102.82 dev=+0.00 injected=0.0
[charge_scheduler-1] [INFO] [1785761835.260616176] [charge_scheduler]: [执行事件] loop=fixed plan_v=1 C2 type=target_service target=28 station_ord=0 planned_finish=110.97 actual_finish=110.97 dev=+0.00 injected=0.0
[charge_scheduler-1] [INFO] [1785761835.260621988] [charge_scheduler]: [执行事件] loop=fixed plan_v=1 C2 type=station_turnaround target=-1 station_ord=1 planned_finish=123.49 actual_finish=123.49 dev=+0.00 injected=0.0
[charge_scheduler-1] [INFO] [1785761835.260629331] [charge_scheduler]: [执行事件] loop=fixed plan_v=1 C3 type=target_service target=18 station_ord=0 planned_finish=124.71 actual_finish=124.71 dev=+0.00 injected=0.0
[charge_scheduler-1] [INFO] [1785761835.260635027] [charge_scheduler]: [执行事件] loop=fixed plan_v=1 C1 type=target_service target=24 station_ord=0 planned_finish=130.48 actual_finish=130.48 dev=+0.00 injected=0.0
[charge_scheduler-1] [INFO] [1785761835.260640758] [charge_scheduler]: [执行事件] loop=fixed plan_v=1 C3 type=station_turnaround target=-1 station_ord=1 planned_finish=136.75 actual_finish=136.75 dev=+0.00 injected=0.0
[charge_scheduler-1] [INFO] [1785761835.260646640] [charge_scheduler]: [执行事件] loop=fixed plan_v=1 C3 type=target_service target=8 station_ord=0 planned_finish=172.41 actual_finish=172.41 dev=+0.00 injected=0.0
[charge_scheduler-1] [INFO] [1785761835.260652586] [charge_scheduler]: [执行事件] loop=fixed plan_v=1 C1 type=target_service target=20 station_ord=0 planned_finish=172.91 actual_finish=172.91 dev=+0.00 injected=0.0
[charge_scheduler-1] [INFO] [1785761835.260658446] [charge_scheduler]: [执行事件] loop=fixed plan_v=1 C2 type=target_service target=5 station_ord=0 planned_finish=170.31 actual_finish=185.31 dev=+15.00 injected=15.0
[charge_scheduler-1] [WARN] [1785761835.490765132] [charge_scheduler]: [重调度事件] policy=fixed #2 t=185.31min trigger=C2/target_service dev=+15.00 pool=11 committed=2 plan_v=2 solve_ms=230.1 changed_assign=0 changed_order=4
[charge_scheduler-1] [INFO] [1785761835.490839364] [charge_scheduler]: [执行事件] loop=fixed plan_v=1 C1 type=target_service target=16 station_ord=0 planned_finish=211.11 actual_finish=211.11 dev=+0.00 injected=0.0
[charge_scheduler-1] [INFO] [1785761835.490856613] [charge_scheduler]: [执行事件] loop=fixed plan_v=1 C3 type=target_service target=0 station_ord=0 planned_finish=211.16 actual_finish=211.16 dev=+0.00 injected=0.0
[charge_scheduler-1] [INFO] [1785761835.490864119] [charge_scheduler]: [执行事件] loop=fixed plan_v=2 C1 type=station_turnaround target=-1 station_ord=2 planned_finish=223.44 actual_finish=223.44 dev=+0.00 injected=0.0
[charge_scheduler-1] [INFO] [1785761835.490871436] [charge_scheduler]: [执行事件] loop=fixed plan_v=2 C2 type=target_service target=29 station_ord=0 planned_finish=228.69 actual_finish=228.69 dev=+0.00 injected=0.0
[charge_scheduler-1] [INFO] [1785761835.490878252] [charge_scheduler]: [执行事件] loop=fixed plan_v=2 C2 type=station_turnaround target=-1 station_ord=2 planned_finish=242.89 actual_finish=242.89 dev=+0.00 injected=0.0
[charge_scheduler-1] [INFO] [1785761835.490888351] [charge_scheduler]: [执行事件] loop=fixed plan_v=2 C3 type=target_service target=10 station_ord=0 planned_finish=245.85 actual_finish=245.85 dev=+0.00 injected=0.0
[charge_scheduler-1] [INFO] [1785761835.490895431] [charge_scheduler]: [执行事件] loop=fixed plan_v=2 C3 type=station_turnaround target=-1 station_ord=2 planned_finish=261.72 actual_finish=261.72 dev=+0.00 injected=0.0
[charge_scheduler-1] [INFO] [1785761835.490931105] [charge_scheduler]: [执行事件] loop=fixed plan_v=2 C1 type=target_service target=23 station_ord=0 planned_finish=273.09 actual_finish=273.09 dev=+0.00 injected=0.0
[charge_scheduler-1] [INFO] [1785761835.490939911] [charge_scheduler]: [执行事件] loop=fixed plan_v=2 C2 type=target_service target=19 station_ord=0 planned_finish=283.65 actual_finish=283.65 dev=+0.00 injected=0.0
[charge_scheduler-1] [INFO] [1785761835.490947735] [charge_scheduler]: [执行事件] loop=fixed plan_v=2 C3 type=target_service target=25 station_ord=0 planned_finish=299.65 actual_finish=299.65 dev=+0.00 injected=0.0
[charge_scheduler-1] [INFO] [1785761835.490955178] [charge_scheduler]: [执行事件] loop=fixed plan_v=2 C1 type=target_service target=2 station_ord=0 planned_finish=316.05 actual_finish=316.05 dev=+0.00 injected=0.0
[charge_scheduler-1] [INFO] [1785761835.490962395] [charge_scheduler]: [执行事件] loop=fixed plan_v=2 C1 type=station_turnaround target=-1 station_ord=3 planned_finish=328.70 actual_finish=328.70 dev=+0.00 injected=0.0
[charge_scheduler-1] [INFO] [1785761835.490969959] [charge_scheduler]: [执行事件] loop=fixed plan_v=2 C2 type=target_service target=6 station_ord=0 planned_finish=332.79 actual_finish=332.79 dev=+0.00 injected=0.0
[charge_scheduler-1] [INFO] [1785761835.490977443] [charge_scheduler]: [执行事件] loop=fixed plan_v=2 C3 type=target_service target=14 station_ord=0 planned_finish=344.11 actual_finish=344.11 dev=+0.00 injected=0.0
[charge_scheduler-1] [INFO] [1785761835.490985028] [charge_scheduler]: [执行事件] loop=fixed plan_v=2 C2 type=station_turnaround target=-1 station_ord=3 planned_finish=347.31 actual_finish=347.31 dev=+0.00 injected=0.0
[charge_scheduler-1] [INFO] [1785761835.490992797] [charge_scheduler]: [执行事件] loop=fixed plan_v=2 C3 type=station_turnaround target=-1 station_ord=3 planned_finish=358.38 actual_finish=358.38 dev=+0.00 injected=0.0
[charge_scheduler-1] [INFO] [1785761835.491000509] [charge_scheduler]: [执行事件] loop=fixed plan_v=2 C1 type=target_service target=26 station_ord=0 planned_finish=374.65 actual_finish=374.65 dev=+0.00 injected=0.0
[charge_scheduler-1] [INFO] [1785761835.491007806] [charge_scheduler]: [执行事件] loop=fixed plan_v=2 C1 type=final_return target=-1 station_ord=0 planned_finish=377.27 actual_finish=377.27 dev=+0.00 injected=0.0
[charge_scheduler-1] [INFO] [1785761835.491015289] [charge_scheduler]: [执行事件] loop=fixed plan_v=2 C2 type=target_service target=17 station_ord=0 planned_finish=392.68 actual_finish=392.68 dev=+0.00 injected=0.0
[charge_scheduler-1] [INFO] [1785761835.491022369] [charge_scheduler]: [执行事件] loop=fixed plan_v=2 C2 type=final_return target=-1 station_ord=0 planned_finish=394.61 actual_finish=394.61 dev=+0.00 injected=0.0
[charge_scheduler-1] [INFO] [1785761835.491029599] [charge_scheduler]: [执行事件] loop=fixed plan_v=2 C3 type=target_service target=13 station_ord=0 planned_finish=395.31 actual_finish=395.31 dev=+0.00 injected=0.0
[charge_scheduler-1] [INFO] [1785761835.491036429] [charge_scheduler]: [执行事件] loop=fixed plan_v=2 C3 type=final_return target=-1 station_ord=0 planned_finish=399.05 actual_finish=399.05 dev=+0.00 injected=0.0
[charge_scheduler-1] [INFO] [1785761835.491061957] [charge_scheduler]: [执行事件] loop=global plan_v=0 C1 type=target_service target=27 station_ord=0 planned_finish=5.89 actual_finish=5.89 dev=+0.00 injected=0.0
[charge_scheduler-1] [INFO] [1785761835.491069727] [charge_scheduler]: [执行事件] loop=global plan_v=0 C2 type=target_service target=4 station_ord=0 planned_finish=11.77 actual_finish=11.77 dev=+0.00 injected=0.0
[charge_scheduler-1] [INFO] [1785761835.491077372] [charge_scheduler]: [执行事件] loop=global plan_v=0 C1 type=target_service target=12 station_ord=0 planned_finish=14.55 actual_finish=14.55 dev=+0.00 injected=0.0
[charge_scheduler-1] [INFO] [1785761835.491084926] [charge_scheduler]: [执行事件] loop=global plan_v=0 C1 type=target_service target=21 station_ord=0 planned_finish=23.35 actual_finish=23.35 dev=+0.00 injected=0.0
[charge_scheduler-1] [INFO] [1785761835.491092434] [charge_scheduler]: [执行事件] loop=global plan_v=0 C3 type=target_service target=3 station_ord=0 planned_finish=26.90 actual_finish=26.90 dev=+0.00 injected=0.0
[charge_scheduler-1] [INFO] [1785761835.491100786] [charge_scheduler]: [执行事件] loop=global plan_v=0 C1 type=target_service target=15 station_ord=0 planned_finish=48.34 actual_finish=48.34 dev=+0.00 injected=0.0
[charge_scheduler-1] [INFO] [1785761835.491111277] [charge_scheduler]: [执行事件] loop=global plan_v=0 C2 type=target_service target=22 station_ord=0 planned_finish=48.85 actual_finish=48.85 dev=+0.00 injected=0.0
[charge_scheduler-1] [INFO] [1785761835.491118858] [charge_scheduler]: [执行事件] loop=global plan_v=0 C3 type=target_service target=9 station_ord=0 planned_finish=55.68 actual_finish=70.68 dev=+15.00 injected=15.0
[charge_scheduler-1] [WARN] [1785761839.842857072] [charge_scheduler]: [重调度事件] policy=global #1 t=70.68min trigger=C3/target_service dev=+15.00 pool=20 committed=2 plan_v=1 solve_ms=4351.7 changed_assign=10 changed_order=13
[charge_scheduler-1] [INFO] [1785761839.842910826] [charge_scheduler]: [执行事件] loop=global plan_v=0 C2 type=target_service target=7 station_ord=0 planned_finish=73.88 actual_finish=73.88 dev=+0.00 injected=0.0
[charge_scheduler-1] [INFO] [1785761839.842920149] [charge_scheduler]: [执行事件] loop=global plan_v=0 C1 type=target_service target=11 station_ord=0 planned_finish=91.28 actual_finish=91.28 dev=+0.00 injected=0.0
[charge_scheduler-1] [INFO] [1785761839.842926796] [charge_scheduler]: [执行事件] loop=global plan_v=1 C3 type=target_service target=1 station_ord=0 planned_finish=95.37 actual_finish=95.37 dev=+0.00 injected=0.0
[charge_scheduler-1] [INFO] [1785761839.842932857] [charge_scheduler]: [执行事件] loop=global plan_v=1 C1 type=station_turnaround target=-1 station_ord=1 planned_finish=102.82 actual_finish=102.82 dev=+0.00 injected=0.0
[charge_scheduler-1] [INFO] [1785761839.842938776] [charge_scheduler]: [执行事件] loop=global plan_v=1 C2 type=target_service target=28 station_ord=0 planned_finish=110.97 actual_finish=110.97 dev=+0.00 injected=0.0
[charge_scheduler-1] [INFO] [1785761839.842944507] [charge_scheduler]: [执行事件] loop=global plan_v=1 C2 type=station_turnaround target=-1 station_ord=1 planned_finish=123.49 actual_finish=123.49 dev=+0.00 injected=0.0
[charge_scheduler-1] [INFO] [1785761839.842950598] [charge_scheduler]: [执行事件] loop=global plan_v=1 C3 type=target_service target=18 station_ord=0 planned_finish=124.71 actual_finish=124.71 dev=+0.00 injected=0.0
[charge_scheduler-1] [INFO] [1785761839.842956414] [charge_scheduler]: [执行事件] loop=global plan_v=1 C1 type=target_service target=24 station_ord=0 planned_finish=130.48 actual_finish=130.48 dev=+0.00 injected=0.0
[charge_scheduler-1] [INFO] [1785761839.842962213] [charge_scheduler]: [执行事件] loop=global plan_v=1 C3 type=station_turnaround target=-1 station_ord=1 planned_finish=136.75 actual_finish=136.75 dev=+0.00 injected=0.0
[charge_scheduler-1] [INFO] [1785761839.842968155] [charge_scheduler]: [执行事件] loop=global plan_v=1 C2 type=target_service target=13 station_ord=0 planned_finish=160.11 actual_finish=160.11 dev=+0.00 injected=0.0
[charge_scheduler-1] [INFO] [1785761839.842973987] [charge_scheduler]: [执行事件] loop=global plan_v=1 C1 type=target_service target=8 station_ord=0 planned_finish=162.47 actual_finish=162.47 dev=+0.00 injected=0.0
[charge_scheduler-1] [INFO] [1785761839.842979751] [charge_scheduler]: [执行事件] loop=global plan_v=1 C3 type=target_service target=26 station_ord=0 planned_finish=180.79 actual_finish=180.79 dev=+0.00 injected=0.0
[charge_scheduler-1] [INFO] [1785761839.842985434] [charge_scheduler]: [执行事件] loop=global plan_v=1 C2 type=target_service target=0 station_ord=0 planned_finish=196.47 actual_finish=196.47 dev=+0.00 injected=0.0
[charge_scheduler-1] [INFO] [1785761839.842991264] [charge_scheduler]: [执行事件] loop=global plan_v=1 C1 type=target_service target=20 station_ord=0 planned_finish=205.76 actual_finish=205.76 dev=+0.00 injected=0.0
[charge_scheduler-1] [INFO] [1785761839.842997203] [charge_scheduler]: [执行事件] loop=global plan_v=1 C1 type=station_turnaround target=-1 station_ord=2 planned_finish=218.21 actual_finish=218.21 dev=+0.00 injected=0.0
[charge_scheduler-1] [INFO] [1785761839.843006698] [charge_scheduler]: [执行事件] loop=global plan_v=1 C3 type=target_service target=16 station_ord=0 planned_finish=219.67 actual_finish=219.67 dev=+0.00 injected=0.0
[charge_scheduler-1] [INFO] [1785761839.843012535] [charge_scheduler]: [执行事件] loop=global plan_v=1 C2 type=target_service target=10 station_ord=0 planned_finish=229.93 actual_finish=229.93 dev=+0.00 injected=0.0
[charge_scheduler-1] [INFO] [1785761839.843046603] [charge_scheduler]: [执行事件] loop=global plan_v=1 C3 type=station_turnaround target=-1 station_ord=2 planned_finish=231.99 actual_finish=231.99 dev=+0.00 injected=0.0
[charge_scheduler-1] [INFO] [1785761839.843052596] [charge_scheduler]: [执行事件] loop=global plan_v=1 C2 type=station_turnaround target=-1 station_ord=2 planned_finish=245.80 actual_finish=245.80 dev=+0.00 injected=0.0
[charge_scheduler-1] [INFO] [1785761839.843058653] [charge_scheduler]: [执行事件] loop=global plan_v=1 C1 type=target_service target=23 station_ord=0 planned_finish=267.39 actual_finish=267.39 dev=+0.00 injected=0.0
[charge_scheduler-1] [INFO] [1785761839.843064616] [charge_scheduler]: [执行事件] loop=global plan_v=1 C3 type=target_service target=19 station_ord=0 planned_finish=272.47 actual_finish=272.47 dev=+0.00 injected=0.0
[charge_scheduler-1] [INFO] [1785761839.843070426] [charge_scheduler]: [执行事件] loop=global plan_v=1 C2 type=target_service target=6 station_ord=0 planned_finish=293.69 actual_finish=293.69 dev=+0.00 injected=0.0
[charge_scheduler-1] [INFO] [1785761839.843076199] [charge_scheduler]: [执行事件] loop=global plan_v=1 C1 type=target_service target=2 station_ord=0 planned_finish=309.83 actual_finish=309.83 dev=+0.00 injected=0.0
[charge_scheduler-1] [INFO] [1785761839.843081718] [charge_scheduler]: [执行事件] loop=global plan_v=1 C3 type=target_service target=25 station_ord=0 planned_finish=310.61 actual_finish=310.61 dev=+0.00 injected=0.0
[charge_scheduler-1] [INFO] [1785761839.843087247] [charge_scheduler]: [执行事件] loop=global plan_v=1 C1 type=station_turnaround target=-1 station_ord=3 planned_finish=322.48 actual_finish=322.48 dev=+0.00 injected=0.0
[charge_scheduler-1] [INFO] [1785761839.843092915] [charge_scheduler]: [执行事件] loop=global plan_v=1 C3 type=station_turnaround target=-1 station_ord=3 planned_finish=325.54 actual_finish=325.54 dev=+0.00 injected=0.0
[charge_scheduler-1] [INFO] [1785761839.843100111] [charge_scheduler]: [执行事件] loop=global plan_v=1 C2 type=target_service target=14 station_ord=0 planned_finish=344.42 actual_finish=344.42 dev=+0.00 injected=0.0
[charge_scheduler-1] [INFO] [1785761839.843105710] [charge_scheduler]: [执行事件] loop=global plan_v=1 C2 type=station_turnaround target=-1 station_ord=3 planned_finish=358.68 actual_finish=358.68 dev=+0.00 injected=0.0
[charge_scheduler-1] [INFO] [1785761839.843111395] [charge_scheduler]: [执行事件] loop=global plan_v=1 C1 type=target_service target=29 station_ord=0 planned_finish=367.45 actual_finish=367.45 dev=+0.00 injected=0.0
[charge_scheduler-1] [INFO] [1785761839.843117008] [charge_scheduler]: [执行事件] loop=global plan_v=1 C1 type=final_return target=-1 station_ord=0 planned_finish=371.65 actual_finish=371.65 dev=+0.00 injected=0.0
[charge_scheduler-1] [INFO] [1785761839.843122536] [charge_scheduler]: [执行事件] loop=global plan_v=1 C3 type=target_service target=5 station_ord=0 planned_finish=372.49 actual_finish=387.49 dev=+15.00 injected=15.0
[charge_scheduler-1] [INFO] [1785761839.843130028] [charge_scheduler]: [执行事件] loop=global plan_v=1 C3 type=final_return target=-1 station_ord=0 planned_finish=374.11 actual_finish=389.11 dev=+15.00 injected=0.0
[charge_scheduler-1] [INFO] [1785761839.843135831] [charge_scheduler]: [执行事件] loop=global plan_v=1 C2 type=target_service target=17 station_ord=0 planned_finish=404.05 actual_finish=404.05 dev=+0.00 injected=0.0
[charge_scheduler-1] [INFO] [1785761839.843141403] [charge_scheduler]: [执行事件] loop=global plan_v=1 C2 type=final_return target=-1 station_ord=0 planned_finish=405.98 actual_finish=405.98 dev=+0.00 injected=0.0
[charge_scheduler-1] [INFO] [1785761839.843153942] [charge_scheduler]: ★闭环实验结果 mode=open M=30 K=3 disturbance=target delay=15.0 seed=10 N_late=8 T_overtime=467.292 C_total=7716.779 makespan=399.651 served=30 energy_viol=2 reschedules=0 reschedule_ms=0.000 changed_assign=0 changed_order=0 applied_target=2 applied_station=0 initial_solve_ms=46882.927 objective_order=Nlate,Tover,Ctotal
[charge_scheduler-1] [INFO] [1785761839.843164893] [charge_scheduler]: ★闭环实验结果 mode=fixed M=30 K=3 disturbance=target delay=15.0 seed=10 N_late=6 T_overtime=540.434 C_total=7896.818 makespan=399.054 served=30 energy_viol=0 reschedules=2 reschedule_ms=767.042 changed_assign=0 changed_order=15 applied_target=2 applied_station=0 initial_solve_ms=46882.927 objective_order=Nlate,Tover,Ctotal
[charge_scheduler-1] [INFO] [1785761839.843175761] [charge_scheduler]: ★闭环实验收益 policy=fixed M=30 K=3 disturbance=target delay=15.0 seed=10 recovered_late=2 overtime_reduction=-73.142 distance_delta=180.040 makespan_reduction=0.598
[charge_scheduler-1] [INFO] [1785761839.843182637] [charge_scheduler]: ★闭环实验结果 mode=closed M=30 K=3 disturbance=target delay=15.0 seed=10 N_late=4 T_overtime=421.073 C_total=7650.149 makespan=405.977 served=30 energy_viol=0 reschedules=1 reschedule_ms=4351.696 changed_assign=10 changed_order=13 applied_target=2 applied_station=0 initial_solve_ms=46882.927 objective_order=Nlate,Tover,Ctotal
[charge_scheduler-1] [INFO] [1785761839.843190395] [charge_scheduler]: ★闭环实验收益 policy=closed M=30 K=3 disturbance=target delay=15.0 seed=10 recovered_late=4 overtime_reduction=46.219 distance_delta=-66.630 makespan_reduction=-6.326
