[INFO] [launch]: All log files can be found below /root/.ros/log/2026-08-03-13-22-41-571082-YYYY-43275
[INFO] [launch]: Default logging verbosity is set to INFO
[INFO] [charge_scheduler-1]: process started with pid [43279]
[charge_scheduler-1] [INFO] [1785763361.695152642] [charge_scheduler]: [目标顺序] objective_order=Nlate,Tover,Ctotal
[charge_scheduler-1] [INFO] [1785763361.695759535] [charge_scheduler]: [Scheduler] 30辆车 | 电池800.0kWh(20%=160.0 80%=640.0) | 充电360kW效率97% | 行驶0.6kWh/km | 桩350kW
[charge_scheduler-1] [INFO] [1785763361.695795014] [charge_scheduler]: [Scheduler] 站端周转: 换电 10 min(换后满电) | 单趟可用 640 kWh
[charge_scheduler-1] [INFO] [1785763361.695811482] [charge_scheduler]:   车#0 [电动装载机282|light] 位置(3889.6,73764.7) 容量282kWh 剩余35% | α=6→6min/% τ=168min → 需130.8kWh(充21.2min)
[charge_scheduler-1] [INFO] [1785763361.695830789] [charge_scheduler]:   车#1 [重型叉车|light] 位置(3778.9,73807.0) 容量200kWh 剩余20% | α=6→6min/% τ=96min → 需123.7kWh(充20.0min)
[charge_scheduler-1] [INFO] [1785763361.695847248] [charge_scheduler]:   车#2 [电动装载机350|light] 位置(3794.9,73804.6) 容量350kWh 剩余50% | α=6→6min/% τ=288min → 需108.2kWh(充17.5min)
[charge_scheduler-1] [INFO] [1785763361.695861395] [charge_scheduler]:   车#3 [重型叉车|light] 位置(3806.9,73760.3) 容量200kWh 剩余10% | α=6→6min/% τ=32min → 需144.3kWh(充23.3min)
[charge_scheduler-1] [INFO] [1785763361.695875129] [charge_scheduler]:   车#4 [电动装载机282|heavy→降级] 位置(3705.1,73758.2) 容量282kWh 剩余60% | α=3→6min/% τ=212min → 需58.1kWh(充9.4min)
[charge_scheduler-1] [INFO] [1785763361.695889601] [charge_scheduler]:   车#5 [电动装载机350|light] 位置(3756.5,73770.2) 容量350kWh 剩余25% | α=6→6min/% τ=128min → 需198.5kWh(充32.1min)
[charge_scheduler-1] [INFO] [1785763361.695903567] [charge_scheduler]:   车#6 [电动装载机350|heavy→降级] 位置(3887.4,73809.4) 容量350kWh 剩余40% | α=4→6min/% τ=176min → 需144.3kWh(充23.3min)
[charge_scheduler-1] [INFO] [1785763361.695918259] [charge_scheduler]:   车#7 [重型叉车|light] 位置(3899.0,73786.6) 容量200kWh 剩余15% | α=6→6min/% τ=64min → 需134.0kWh(充21.7min)
[charge_scheduler-1] [INFO] [1785763361.695933357] [charge_scheduler]:   车#8 [电动装载机282|heavy→降级] 位置(3689.7,73663.1) 容量282kWh 剩余55% | α=3→6min/% τ=196min → 需72.7kWh(充11.8min)
[charge_scheduler-1] [INFO] [1785763361.695950837] [charge_scheduler]:   车#9 [电动装载机282|heavy→降级] 位置(3748.4,73767.2) 容量282kWh 剩余30% | α=3→6min/% τ=116min → 需145.4kWh(充23.5min)
[charge_scheduler-1] [INFO] [1785763361.695966181] [charge_scheduler]:   车#10 [电动装载机282|light] 位置(3865.2,73751.0) 容量282kWh 剩余45% | α=6→6min/% τ=224min → 需101.8kWh(充16.4min)
[charge_scheduler-1] [INFO] [1785763361.695981455] [charge_scheduler]:   车#11 [电动装载机350|light] 位置(3785.0,73749.2) 容量350kWh 剩余18% | α=6→6min/% τ=83min → 需223.7kWh(充36.2min)
[charge_scheduler-1] [INFO] [1785763361.695996471] [charge_scheduler]:   车#12 [重型叉车|heavy→降级] 位置(3811.5,73799.9) 容量200kWh 剩余62% | α=3→6min/% τ=230min → 需37.1kWh(充6.0min)
[charge_scheduler-1] [INFO] [1785763361.696010859] [charge_scheduler]:   车#13 [电动装载机282|light] 位置(3810.8,73773.1) 容量282kWh 剩余28% | α=6→6min/% τ=129min → 需151.2kWh(充24.4min)
[charge_scheduler-1] [INFO] [1785763361.696025347] [charge_scheduler]:   车#14 [电动装载机350|light] 位置(3905.0,73793.5) 容量350kWh 剩余52% | α=6→6min/% τ=301min → 需101.0kWh(充16.3min)
[charge_scheduler-1] [INFO] [1785763361.696041847] [charge_scheduler]:   车#15 [重型叉车|light] 位置(3894.3,73756.9) 容量200kWh 剩余12% | α=6→6min/% τ=45min → 需140.2kWh(充22.7min)
[charge_scheduler-1] [INFO] [1785763361.696056681] [charge_scheduler]:   车#16 [电动装载机282|light] 位置(3818.5,73716.2) 容量282kWh 剩余38% | α=6→6min/% τ=185min → 需122.1kWh(充19.7min)
[charge_scheduler-1] [INFO] [1785763361.696072635] [charge_scheduler]:   车#17 [电动装载机350|light] 位置(3733.2,73772.4) 容量350kWh 剩余58% | α=6→6min/% τ=339min → 需79.4kWh(充12.8min)
[charge_scheduler-1] [INFO] [1785763361.696086851] [charge_scheduler]:   车#18 [重型叉车|heavy→降级] 位置(3764.7,73699.0) 容量200kWh 剩余22% | α=3→6min/% τ=102min → 需119.6kWh(充19.3min)
[charge_scheduler-1] [INFO] [1785763361.696100612] [charge_scheduler]:   车#19 [电动装载机282|light] 位置(3878.4,73747.9) 容量282kWh 剩余48% | α=6→6min/% τ=241min → 需93.0kWh(充15.0min)
[charge_scheduler-1] [INFO] [1785763361.696153337] [charge_scheduler]:   车#20 [电动装载机350|light] 位置(3740.3,73686.9) 容量350kWh 剩余33% | α=6→6min/% τ=179min → 需169.6kWh(充27.4min)
[charge_scheduler-1] [INFO] [1785763361.696167905] [charge_scheduler]:   车#21 [重型叉车|heavy→降级] 位置(3895.4,73811.9) 容量200kWh 剩余65% | α=3→6min/% τ=240min → 需30.9kWh(充5.0min)
[charge_scheduler-1] [INFO] [1785763361.696184715] [charge_scheduler]:   车#22 [电动装载机282|light] 位置(3876.0,73830.2) 容量282kWh 剩余16% | α=6→6min/% τ=62min → 需186.1kWh(充30.1min)
[charge_scheduler-1] [INFO] [1785763361.696199640] [charge_scheduler]:   车#23 [电动装载机350|light] 位置(3765.9,73790.3) 容量350kWh 剩余42% | α=6→6min/% τ=237min → 需137.1kWh(充22.2min)
[charge_scheduler-1] [INFO] [1785763361.696214293] [charge_scheduler]:   车#24 [重型叉车|heavy→降级] 位置(3637.1,73698.1) 容量200kWh 剩余25% | α=3→6min/% τ=112min → 需113.4kWh(充18.3min)
[charge_scheduler-1] [INFO] [1785763361.696228314] [charge_scheduler]:   车#25 [电动装载机282|light] 位置(3884.5,73833.1) 容量282kWh 剩余55% | α=6→6min/% τ=280min → 需72.7kWh(充11.8min)
[charge_scheduler-1] [INFO] [1785763361.696242132] [charge_scheduler]:   车#26 [电动装载机350|light] 位置(3699.3,73765.4) 容量350kWh 剩余30% | α=6→6min/% τ=160min → 需180.4kWh(充29.2min)
[charge_scheduler-1] [INFO] [1785763361.696269218] [charge_scheduler]:   车#27 [重型叉车|heavy→降级] 位置(3800.8,73717.7) 容量200kWh 剩余68% | α=3→6min/% τ=250min → 需24.7kWh(充4.0min)
[charge_scheduler-1] [INFO] [1785763361.696286981] [charge_scheduler]:   车#28 [电动装载机282|light] 位置(3825.0,73792.7) 容量282kWh 剩余20% | α=6→6min/% τ=84min → 需174.4kWh(充28.2min)
[charge_scheduler-1] [INFO] [1785763361.696300917] [charge_scheduler]:   车#29 [电动装载机350|light] 位置(3784.3,73759.0) 容量350kWh 剩余36% | α=6→6min/% τ=198min → 需158.8kWh(充25.7min)
[charge_scheduler-1] [INFO] [1785763361.713996248] [charge_scheduler]: [Scheduler] 闭环接口: threshold=10.0min | event_sim=on | policy=all | structured_feedback=optional (/task_planner/execution_event)
[charge_scheduler-1] [INFO] [1785763361.714046934] [charge_scheduler]: [Scheduler] 已启动, 等待地图...
[charge_scheduler-1] [INFO] [1785763361.714063678] [charge_scheduler]: [Scheduler] 充电车1接口: sequence/served/arrived_target/arrived_station/return_goal/task_complete 后缀=_1
[charge_scheduler-1] [INFO] [1785763361.714085560] [charge_scheduler]: [Scheduler] 充电车2接口: sequence/served/arrived_target/arrived_station/return_goal/task_complete 后缀=_2
[charge_scheduler-1] [INFO] [1785763361.714098462] [charge_scheduler]: [Scheduler] 充电车3接口: sequence/served/arrived_target/arrived_station/return_goal/task_complete 后缀=_3
[charge_scheduler-1] [INFO] [1785763361.810671060] [charge_scheduler]: [Scheduler] RoutingGraph 就绪
[charge_scheduler-1] [INFO] [1785763361.811085235] [charge_scheduler]: [Scheduler] 提取到 0 条虚线捷径
[charge_scheduler-1] [INFO] [1785763361.839252656] [charge_scheduler]: [Scheduler] 下层兼容增强图: 190 节点, 0 条虚线掉头边
[charge_scheduler-1] [INFO] [1785763382.787957206] [charge_scheduler]: [Scheduler] 距离矩阵完成 31x31, 20948.7 ms | 模式=maneuver | 真实不可达=0 抽象不可达=0 | 缺少对向投影节点=0 | 对向识别(ID/几何/法向)=0/0/0 | 单向驿站投影=0
[charge_scheduler-1] [INFO] [1785763382.788028649] [charge_scheduler]:   ✓ 比值自检：930 个 OD 满足 机动/直线≥1 | 均值=4.11 最大=62.63 (车#0→车#15)
[charge_scheduler-1] [INFO] [1785763382.788040904] [charge_scheduler]: [Scheduler] 地图就绪, 190 条 lanelet（与下层一致）
[charge_scheduler-1] [INFO] [1785763382.788097273] [charge_scheduler]: ======== 开始VRPTW调度 30 辆车 ========
[charge_scheduler-1] [INFO] [1785763382.788103405] [charge_scheduler]:   规模30>8 → 启发式(alns)
[charge_scheduler-1] [INFO] [1785763429.092064978] [charge_scheduler]: [ALNS] objective_order=Nlate,Tover,Ctotal seed=2 iters=15000 | N_late=3(成功率90.0%) T_overtime=355.2min C_total=8087.0m | 趟数=12 makespan=402.0min
[charge_scheduler-1] [INFO] [1785763429.092121112] [charge_scheduler]:   求解耗时 46304.0 ms
[charge_scheduler-1] [INFO] [1785763429.092130571] [charge_scheduler]: ════════ 调度结果 ════════
[charge_scheduler-1] [INFO] [1785763429.092137250] [charge_scheduler]:   ★目标(字典序): objective_order=Nlate,Tover,Ctotal | N_late=3 辆 (按时成功率 27/30 = 90.0%)  T_overtime=355.2min  C_total=8087.0m
[charge_scheduler-1] [INFO] [1785763429.092186548] [charge_scheduler]:   附: 趟数=12 | makespan=402.0min | 能量可行=是
[charge_scheduler-1] [INFO] [1785763429.092198693] [charge_scheduler]:   [充电车2] 趟1: 站 → 车#3(到3.4/限32.0✓) → 车#9(到28.1/限116.0✓) → 车#28(到57.5/限84.0✓) → 站
[charge_scheduler-1] [INFO] [1785763429.092206984] [charge_scheduler]:   [充电车3] 趟2: 站 → 车#4(到2.1/限212.0✓) → 车#27(到14.5/限249.6✓) → 车#7(到22.2/限64.0✓) → 车#22(到45.8/限61.6✓) → 车#1(到84.0/限96.0✓) → 站
[charge_scheduler-1] [INFO] [1785763429.092214144] [charge_scheduler]:   [充电车1] 趟3: 站 → 车#12(到2.3/限230.4✓) → 车#21(到10.6/限240.0✓) → 车#15(到17.7/限44.8✓) → 车#11(到43.5/限83.2✓) → 车#18(到86.2/限102.4✓) → 站
[charge_scheduler-1] [INFO] [1785763429.092220374] [charge_scheduler]:   [充电车2] 趟4: 站 → 车#24(到106.1/限112.0✓) → 车#26(到134.8/限160.0✓) → 车#16(到180.0/限184.8✓) → 站
[charge_scheduler-1] [INFO] [1785763429.092226968] [charge_scheduler]:   [充电车3] 趟5: 站 → 车#5(到125.0/限128.0✓) → 车#6(到172.2/限176.0✓) → 站
[charge_scheduler-1] [INFO] [1785763429.092233347] [charge_scheduler]:   [充电车1] 趟6: 站 → 车#13(到124.1/限128.8✓) → 车#0(到160.6/限168.0✓) → 车#10(到195.7/限224.0✓) → 站
[charge_scheduler-1] [INFO] [1785763429.092238420] [charge_scheduler]:   [充电车3] 趟7: 站 → 车#19(到235.6/限240.8✓) → 车#25(到273.7/限280.0✓) → 站
[charge_scheduler-1] [INFO] [1785763429.092252067] [charge_scheduler]:   [充电车2] 趟8: 站 → 车#23(到233.6/限236.8✓) → 车#2(到277.6/限288.0✓) → 站
[charge_scheduler-1] [INFO] [1785763429.092257890] [charge_scheduler]:   [充电车1] 趟9: 站 → 车#20(到246.5/限179.2✗超时) → 车#14(到295.3/限300.8✓) → 站
[charge_scheduler-1] [INFO] [1785763429.092262857] [charge_scheduler]:   [充电车1] 趟10: 站 → 车#29(到354.0/限198.4✗超时) → 站
[charge_scheduler-1] [INFO] [1785763429.092267739] [charge_scheduler]:   [充电车2] 趟11: 站 → 车#17(到334.7/限339.2✓) → 站
[charge_scheduler-1] [INFO] [1785763429.092272059] [charge_scheduler]:   [充电车3] 趟12: 站 → 车#8(到328.3/限196.0✗超时) → 站
[charge_scheduler-1] [INFO] [1785763429.092276215] [charge_scheduler]: ════════════════════════
[charge_scheduler-1] [INFO] [1785763429.092355189] [charge_scheduler]: [扰动清单] type=station delay=15.0min targets={} station={C2-S1,C3-S1,}
[charge_scheduler-1] [INFO] [1785763429.092371828] [charge_scheduler]: [执行事件] loop=open plan_v=0 C1 type=target_service target=12 station_ord=0 planned_finish=8.50 actual_finish=8.50 dev=+0.00 injected=0.0
[charge_scheduler-1] [INFO] [1785763429.092383891] [charge_scheduler]: [执行事件] loop=open plan_v=0 C3 type=target_service target=4 station_ord=0 planned_finish=11.77 actual_finish=11.77 dev=+0.00 injected=0.0
[charge_scheduler-1] [INFO] [1785763429.092390297] [charge_scheduler]: [执行事件] loop=open plan_v=0 C1 type=target_service target=21 station_ord=0 planned_finish=16.66 actual_finish=16.66 dev=+0.00 injected=0.0
[charge_scheduler-1] [INFO] [1785763429.092396543] [charge_scheduler]: [执行事件] loop=open plan_v=0 C3 type=target_service target=27 station_ord=0 planned_finish=20.04 actual_finish=20.04 dev=+0.00 injected=0.0
[charge_scheduler-1] [INFO] [1785763429.092402566] [charge_scheduler]: [执行事件] loop=open plan_v=0 C2 type=target_service target=3 station_ord=0 planned_finish=26.90 actual_finish=26.90 dev=+0.00 injected=0.0
[charge_scheduler-1] [INFO] [1785763429.092408579] [charge_scheduler]: [执行事件] loop=open plan_v=0 C1 type=target_service target=15 station_ord=0 planned_finish=41.31 actual_finish=41.31 dev=+0.00 injected=0.0
[charge_scheduler-1] [INFO] [1785763429.092414471] [charge_scheduler]: [执行事件] loop=open plan_v=0 C3 type=target_service target=7 station_ord=0 planned_finish=44.99 actual_finish=44.99 dev=+0.00 injected=0.0
[charge_scheduler-1] [INFO] [1785763429.092420411] [charge_scheduler]: [执行事件] loop=open plan_v=0 C2 type=target_service target=9 station_ord=0 planned_finish=55.68 actual_finish=55.68 dev=+0.00 injected=0.0
[charge_scheduler-1] [INFO] [1785763429.092430271] [charge_scheduler]: [执行事件] loop=open plan_v=0 C3 type=target_service target=22 station_ord=0 planned_finish=79.74 actual_finish=79.74 dev=+0.00 injected=0.0
[charge_scheduler-1] [INFO] [1785763429.092440926] [charge_scheduler]: [执行事件] loop=open plan_v=0 C1 type=target_service target=11 station_ord=0 planned_finish=83.60 actual_finish=83.60 dev=+0.00 injected=0.0
[charge_scheduler-1] [INFO] [1785763429.092446863] [charge_scheduler]: [执行事件] loop=open plan_v=0 C2 type=target_service target=28 station_ord=0 planned_finish=90.56 actual_finish=90.56 dev=+0.00 injected=0.0
[charge_scheduler-1] [INFO] [1785763429.092453426] [charge_scheduler]: [执行事件] loop=open plan_v=0 C3 type=target_service target=1 station_ord=0 planned_finish=108.41 actual_finish=108.41 dev=+0.00 injected=0.0
[charge_scheduler-1] [INFO] [1785763429.092460305] [charge_scheduler]: [执行事件] loop=open plan_v=0 C1 type=target_service target=18 station_ord=0 planned_finish=110.36 actual_finish=110.36 dev=+0.00 injected=0.0
[charge_scheduler-1] [INFO] [1785763429.092467588] [charge_scheduler]: [执行事件] loop=open plan_v=0 C2 type=station_turnaround target=-1 station_ord=1 planned_finish=103.07 actual_finish=118.07 dev=+15.00 injected=15.0
[charge_scheduler-1] [INFO] [1785763429.092474460] [charge_scheduler]: [执行事件] loop=open plan_v=0 C1 type=station_turnaround target=-1 station_ord=1 planned_finish=122.40 actual_finish=122.40 dev=+0.00 injected=0.0
[charge_scheduler-1] [INFO] [1785763429.092480518] [charge_scheduler]: [执行事件] loop=open plan_v=0 C3 type=station_turnaround target=-1 station_ord=1 planned_finish=121.83 actual_finish=136.83 dev=+15.00 injected=15.0
[charge_scheduler-1] [INFO] [1785763429.092487815] [charge_scheduler]: [执行事件] loop=open plan_v=0 C2 type=target_service target=24 station_ord=0 planned_finish=130.75 actual_finish=146.06 dev=+15.31 injected=0.0
[charge_scheduler-1] [INFO] [1785763429.092494371] [charge_scheduler]: [执行事件] loop=open plan_v=0 C1 type=target_service target=13 station_ord=0 planned_finish=158.93 actual_finish=158.93 dev=+0.00 injected=0.0
[charge_scheduler-1] [INFO] [1785763429.092500650] [charge_scheduler]: [执行事件] loop=open plan_v=0 C3 type=target_service target=5 station_ord=0 planned_finish=168.51 actual_finish=183.78 dev=+15.27 injected=0.0
[charge_scheduler-1] [INFO] [1785763429.092507119] [charge_scheduler]: [执行事件] loop=open plan_v=0 C2 type=target_service target=26 station_ord=0 planned_finish=176.29 actual_finish=192.99 dev=+16.70 injected=0.0
[charge_scheduler-1] [INFO] [1785763429.092513558] [charge_scheduler]: [执行事件] loop=open plan_v=0 C1 type=target_service target=0 station_ord=0 planned_finish=195.20 actual_finish=195.20 dev=+0.00 injected=0.0
[charge_scheduler-1] [INFO] [1785763429.092520064] [charge_scheduler]: [执行事件] loop=open plan_v=0 C1 type=target_service target=10 station_ord=0 planned_finish=228.54 actual_finish=228.54 dev=+0.00 injected=0.0
[charge_scheduler-1] [INFO] [1785763429.092526371] [charge_scheduler]: [执行事件] loop=open plan_v=0 C3 type=target_service target=6 station_ord=0 planned_finish=215.59 actual_finish=231.21 dev=+15.62 injected=0.0
[charge_scheduler-1] [INFO] [1785763429.092532870] [charge_scheduler]: [执行事件] loop=open plan_v=0 C2 type=target_service target=16 station_ord=0 planned_finish=214.79 actual_finish=231.90 dev=+17.11 injected=0.0
[charge_scheduler-1] [INFO] [1785763429.092539478] [charge_scheduler]: [执行事件] loop=open plan_v=0 C2 type=station_turnaround target=-1 station_ord=2 planned_finish=227.12 actual_finish=244.23 dev=+17.11 injected=0.0
[charge_scheduler-1] [INFO] [1785763429.092545915] [charge_scheduler]: [执行事件] loop=open plan_v=0 C1 type=station_turnaround target=-1 station_ord=2 planned_finish=244.41 actual_finish=244.41 dev=+0.00 injected=0.0
[charge_scheduler-1] [INFO] [1785763429.092552139] [charge_scheduler]: [执行事件] loop=open plan_v=0 C3 type=station_turnaround target=-1 station_ord=2 planned_finish=230.11 actual_finish=245.73 dev=+15.62 injected=0.0
[charge_scheduler-1] [INFO] [1785763429.092558438] [charge_scheduler]: [执行事件] loop=open plan_v=0 C3 type=target_service target=19 station_ord=0 planned_finish=270.43 actual_finish=286.48 dev=+16.05 injected=0.0
[charge_scheduler-1] [INFO] [1785763429.092564722] [charge_scheduler]: [执行事件] loop=open plan_v=0 C1 type=target_service target=20 station_ord=0 planned_finish=290.23 actual_finish=290.23 dev=+0.00 injected=0.0
[charge_scheduler-1] [INFO] [1785763429.092570962] [charge_scheduler]: [执行事件] loop=open plan_v=0 C2 type=target_service target=23 station_ord=0 planned_finish=277.10 actual_finish=294.50 dev=+17.40 injected=0.0
[charge_scheduler-1] [INFO] [1785763429.092579603] [charge_scheduler]: [执行事件] loop=open plan_v=0 C3 type=target_service target=25 station_ord=0 planned_finish=308.40 actual_finish=324.98 dev=+16.58 injected=0.0
[charge_scheduler-1] [INFO] [1785763429.092586124] [charge_scheduler]: [执行事件] loop=open plan_v=0 C1 type=target_service target=14 station_ord=0 planned_finish=338.55 actual_finish=338.55 dev=+0.00 injected=0.0
[charge_scheduler-1] [INFO] [1785763429.092592480] [charge_scheduler]: [执行事件] loop=open plan_v=0 C2 type=target_service target=2 station_ord=0 planned_finish=320.43 actual_finish=338.78 dev=+18.35 injected=0.0
[charge_scheduler-1] [INFO] [1785763429.092600338] [charge_scheduler]: [执行事件] loop=open plan_v=0 C3 type=station_turnaround target=-1 station_ord=3 planned_finish=323.33 actual_finish=339.92 dev=+16.58 injected=0.0
[charge_scheduler-1] [INFO] [1785763429.092606527] [charge_scheduler]: [执行事件] loop=open plan_v=0 C2 type=station_turnaround target=-1 station_ord=3 planned_finish=333.08 actual_finish=351.43 dev=+18.35 injected=0.0
[charge_scheduler-1] [INFO] [1785763429.092612615] [charge_scheduler]: [执行事件] loop=open plan_v=0 C1 type=station_turnaround target=-1 station_ord=3 planned_finish=352.81 actual_finish=352.81 dev=+0.00 injected=0.0
[charge_scheduler-1] [INFO] [1785763429.092618601] [charge_scheduler]: [执行事件] loop=open plan_v=0 C3 type=target_service target=8 station_ord=0 planned_finish=363.55 actual_finish=380.13 dev=+16.58 injected=0.0
[charge_scheduler-1] [INFO] [1785763429.092624812] [charge_scheduler]: [执行事件] loop=open plan_v=0 C3 type=final_return target=-1 station_ord=0 planned_finish=365.37 actual_finish=381.95 dev=+16.58 injected=0.0
[charge_scheduler-1] [INFO] [1785763429.092630954] [charge_scheduler]: [执行事件] loop=open plan_v=0 C2 type=target_service target=17 station_ord=0 planned_finish=378.04 actual_finish=396.79 dev=+18.76 injected=0.0
[charge_scheduler-1] [INFO] [1785763429.092637131] [charge_scheduler]: [执行事件] loop=open plan_v=0 C1 type=target_service target=29 station_ord=0 planned_finish=397.78 actual_finish=397.78 dev=+0.00 injected=0.0
[charge_scheduler-1] [INFO] [1785763429.092643878] [charge_scheduler]: [执行事件] loop=open plan_v=0 C2 type=final_return target=-1 station_ord=0 planned_finish=379.97 actual_finish=398.72 dev=+18.76 injected=0.0
[charge_scheduler-1] [INFO] [1785763429.092649467] [charge_scheduler]: [执行事件] loop=open plan_v=0 C1 type=final_return target=-1 station_ord=0 planned_finish=401.99 actual_finish=401.99 dev=+0.00 injected=0.0
[charge_scheduler-1] [INFO] [1785763429.092663071] [charge_scheduler]: [执行事件] loop=fixed plan_v=0 C1 type=target_service target=12 station_ord=0 planned_finish=8.50 actual_finish=8.50 dev=+0.00 injected=0.0
[charge_scheduler-1] [INFO] [1785763429.092669012] [charge_scheduler]: [执行事件] loop=fixed plan_v=0 C3 type=target_service target=4 station_ord=0 planned_finish=11.77 actual_finish=11.77 dev=+0.00 injected=0.0
[charge_scheduler-1] [INFO] [1785763429.092674915] [charge_scheduler]: [执行事件] loop=fixed plan_v=0 C1 type=target_service target=21 station_ord=0 planned_finish=16.66 actual_finish=16.66 dev=+0.00 injected=0.0
[charge_scheduler-1] [INFO] [1785763429.092680830] [charge_scheduler]: [执行事件] loop=fixed plan_v=0 C3 type=target_service target=27 station_ord=0 planned_finish=20.04 actual_finish=20.04 dev=+0.00 injected=0.0
[charge_scheduler-1] [INFO] [1785763429.092695858] [charge_scheduler]: [执行事件] loop=fixed plan_v=0 C2 type=target_service target=3 station_ord=0 planned_finish=26.90 actual_finish=26.90 dev=+0.00 injected=0.0
[charge_scheduler-1] [INFO] [1785763429.092702250] [charge_scheduler]: [执行事件] loop=fixed plan_v=0 C1 type=target_service target=15 station_ord=0 planned_finish=41.31 actual_finish=41.31 dev=+0.00 injected=0.0
[charge_scheduler-1] [INFO] [1785763429.092708133] [charge_scheduler]: [执行事件] loop=fixed plan_v=0 C3 type=target_service target=7 station_ord=0 planned_finish=44.99 actual_finish=44.99 dev=+0.00 injected=0.0
[charge_scheduler-1] [INFO] [1785763429.092714013] [charge_scheduler]: [执行事件] loop=fixed plan_v=0 C2 type=target_service target=9 station_ord=0 planned_finish=55.68 actual_finish=55.68 dev=+0.00 injected=0.0
[charge_scheduler-1] [INFO] [1785763429.092719923] [charge_scheduler]: [执行事件] loop=fixed plan_v=0 C3 type=target_service target=22 station_ord=0 planned_finish=79.74 actual_finish=79.74 dev=+0.00 injected=0.0
[charge_scheduler-1] [INFO] [1785763429.092728284] [charge_scheduler]: [执行事件] loop=fixed plan_v=0 C1 type=target_service target=11 station_ord=0 planned_finish=83.60 actual_finish=83.60 dev=+0.00 injected=0.0
[charge_scheduler-1] [INFO] [1785763429.092734447] [charge_scheduler]: [执行事件] loop=fixed plan_v=0 C2 type=target_service target=28 station_ord=0 planned_finish=90.56 actual_finish=90.56 dev=+0.00 injected=0.0
[charge_scheduler-1] [INFO] [1785763429.092740639] [charge_scheduler]: [执行事件] loop=fixed plan_v=0 C3 type=target_service target=1 station_ord=0 planned_finish=108.41 actual_finish=108.41 dev=+0.00 injected=0.0
[charge_scheduler-1] [INFO] [1785763429.092749778] [charge_scheduler]: [执行事件] loop=fixed plan_v=0 C1 type=target_service target=18 station_ord=0 planned_finish=110.36 actual_finish=110.36 dev=+0.00 injected=0.0
[charge_scheduler-1] [INFO] [1785763429.092755922] [charge_scheduler]: [执行事件] loop=fixed plan_v=0 C2 type=station_turnaround target=-1 station_ord=1 planned_finish=103.07 actual_finish=118.07 dev=+15.00 injected=15.0
[charge_scheduler-1] [WARN] [1785763429.457858204] [charge_scheduler]: [重调度事件] policy=fixed #1 t=118.07min trigger=C2/station_turnaround dev=+15.00 pool=17 committed=0 plan_v=1 solve_ms=365.0 changed_assign=0 changed_order=7
[charge_scheduler-1] [INFO] [1785763429.457902867] [charge_scheduler]: [执行事件] loop=fixed plan_v=0 C1 type=station_turnaround target=-1 station_ord=1 planned_finish=122.40 actual_finish=122.40 dev=+0.00 injected=0.0
[charge_scheduler-1] [INFO] [1785763429.457912393] [charge_scheduler]: [执行事件] loop=fixed plan_v=0 C3 type=station_turnaround target=-1 station_ord=1 planned_finish=121.83 actual_finish=136.83 dev=+15.00 injected=15.0
[charge_scheduler-1] [WARN] [1785763429.755418352] [charge_scheduler]: [重调度事件] policy=fixed #2 t=136.83min trigger=C3/station_turnaround dev=+15.00 pool=15 committed=2 plan_v=2 solve_ms=297.4 changed_assign=0 changed_order=5
[charge_scheduler-1] [INFO] [1785763429.755465964] [charge_scheduler]: [执行事件] loop=fixed plan_v=1 C2 type=target_service target=24 station_ord=0 planned_finish=146.06 actual_finish=146.06 dev=+0.00 injected=0.0
[charge_scheduler-1] [INFO] [1785763429.755475438] [charge_scheduler]: [执行事件] loop=fixed plan_v=1 C1 type=target_service target=13 station_ord=0 planned_finish=158.93 actual_finish=158.93 dev=+0.00 injected=0.0
[charge_scheduler-1] [INFO] [1785763429.755481514] [charge_scheduler]: [执行事件] loop=fixed plan_v=2 C3 type=target_service target=5 station_ord=0 planned_finish=183.78 actual_finish=183.78 dev=+0.00 injected=0.0
[charge_scheduler-1] [INFO] [1785763429.755487431] [charge_scheduler]: [执行事件] loop=fixed plan_v=2 C2 type=target_service target=26 station_ord=0 planned_finish=192.99 actual_finish=192.99 dev=+0.00 injected=0.0
[charge_scheduler-1] [INFO] [1785763429.755493268] [charge_scheduler]: [执行事件] loop=fixed plan_v=2 C1 type=target_service target=0 station_ord=0 planned_finish=195.20 actual_finish=195.20 dev=+0.00 injected=0.0
[charge_scheduler-1] [INFO] [1785763429.755499089] [charge_scheduler]: [执行事件] loop=fixed plan_v=2 C3 type=target_service target=8 station_ord=0 planned_finish=223.60 actual_finish=223.60 dev=+0.00 injected=0.0
[charge_scheduler-1] [INFO] [1785763429.755505684] [charge_scheduler]: [执行事件] loop=fixed plan_v=2 C1 type=target_service target=10 station_ord=0 planned_finish=228.54 actual_finish=228.54 dev=+0.00 injected=0.0
[charge_scheduler-1] [INFO] [1785763429.755511496] [charge_scheduler]: [执行事件] loop=fixed plan_v=2 C2 type=target_service target=16 station_ord=0 planned_finish=231.90 actual_finish=231.90 dev=+0.00 injected=0.0
[charge_scheduler-1] [INFO] [1785763429.755517214] [charge_scheduler]: [执行事件] loop=fixed plan_v=2 C3 type=station_turnaround target=-1 station_ord=2 planned_finish=235.42 actual_finish=235.42 dev=+0.00 injected=0.0
[charge_scheduler-1] [INFO] [1785763429.755522856] [charge_scheduler]: [执行事件] loop=fixed plan_v=2 C2 type=station_turnaround target=-1 station_ord=2 planned_finish=244.23 actual_finish=244.23 dev=+0.00 injected=0.0
[charge_scheduler-1] [INFO] [1785763429.755528420] [charge_scheduler]: [执行事件] loop=fixed plan_v=2 C1 type=station_turnaround target=-1 station_ord=2 planned_finish=244.41 actual_finish=244.41 dev=+0.00 injected=0.0
[charge_scheduler-1] [INFO] [1785763429.755556877] [charge_scheduler]: [执行事件] loop=fixed plan_v=2 C3 type=target_service target=19 station_ord=0 planned_finish=276.17 actual_finish=276.17 dev=+0.00 injected=0.0
[charge_scheduler-1] [INFO] [1785763429.755562958] [charge_scheduler]: [执行事件] loop=fixed plan_v=2 C1 type=target_service target=29 station_ord=0 planned_finish=289.38 actual_finish=289.38 dev=+0.00 injected=0.0
[charge_scheduler-1] [INFO] [1785763429.755568856] [charge_scheduler]: [执行事件] loop=fixed plan_v=2 C2 type=target_service target=23 station_ord=0 planned_finish=294.50 actual_finish=294.50 dev=+0.00 injected=0.0
[charge_scheduler-1] [INFO] [1785763429.755574503] [charge_scheduler]: [执行事件] loop=fixed plan_v=2 C3 type=target_service target=25 station_ord=0 planned_finish=314.62 actual_finish=314.62 dev=+0.00 injected=0.0
[charge_scheduler-1] [INFO] [1785763429.755580209] [charge_scheduler]: [执行事件] loop=fixed plan_v=2 C3 type=station_turnaround target=-1 station_ord=3 planned_finish=329.55 actual_finish=329.55 dev=+0.00 injected=0.0
[charge_scheduler-1] [INFO] [1785763429.755585876] [charge_scheduler]: [执行事件] loop=fixed plan_v=2 C1 type=target_service target=14 station_ord=0 planned_finish=335.82 actual_finish=335.82 dev=+0.00 injected=0.0
[charge_scheduler-1] [INFO] [1785763429.755591377] [charge_scheduler]: [执行事件] loop=fixed plan_v=2 C2 type=target_service target=2 station_ord=0 planned_finish=338.78 actual_finish=338.78 dev=+0.00 injected=0.0
[charge_scheduler-1] [INFO] [1785763429.755596875] [charge_scheduler]: [执行事件] loop=fixed plan_v=2 C1 type=station_turnaround target=-1 station_ord=3 planned_finish=350.08 actual_finish=350.08 dev=+0.00 injected=0.0
[charge_scheduler-1] [INFO] [1785763429.755602341] [charge_scheduler]: [执行事件] loop=fixed plan_v=2 C2 type=station_turnaround target=-1 station_ord=3 planned_finish=351.43 actual_finish=351.43 dev=+0.00 injected=0.0
[charge_scheduler-1] [INFO] [1785763429.755608026] [charge_scheduler]: [执行事件] loop=fixed plan_v=2 C3 type=target_service target=6 station_ord=0 planned_finish=377.45 actual_finish=377.45 dev=+0.00 injected=0.0
[charge_scheduler-1] [INFO] [1785763429.755613662] [charge_scheduler]: [执行事件] loop=fixed plan_v=2 C3 type=final_return target=-1 station_ord=0 planned_finish=381.97 actual_finish=381.97 dev=+0.00 injected=0.0
[charge_scheduler-1] [INFO] [1785763429.755619082] [charge_scheduler]: [执行事件] loop=fixed plan_v=2 C1 type=target_service target=20 station_ord=0 planned_finish=395.90 actual_finish=395.90 dev=+0.00 injected=0.0
[charge_scheduler-1] [INFO] [1785763429.755624527] [charge_scheduler]: [执行事件] loop=fixed plan_v=2 C2 type=target_service target=17 station_ord=0 planned_finish=396.79 actual_finish=396.79 dev=+0.00 injected=0.0
[charge_scheduler-1] [INFO] [1785763429.755629831] [charge_scheduler]: [执行事件] loop=fixed plan_v=2 C1 type=final_return target=-1 station_ord=0 planned_finish=398.36 actual_finish=398.36 dev=+0.00 injected=0.0
[charge_scheduler-1] [INFO] [1785763429.755635109] [charge_scheduler]: [执行事件] loop=fixed plan_v=2 C2 type=final_return target=-1 station_ord=0 planned_finish=398.72 actual_finish=398.72 dev=+0.00 injected=0.0
[charge_scheduler-1] [INFO] [1785763429.755655075] [charge_scheduler]: [执行事件] loop=global plan_v=0 C1 type=target_service target=12 station_ord=0 planned_finish=8.50 actual_finish=8.50 dev=+0.00 injected=0.0
[charge_scheduler-1] [INFO] [1785763429.755660974] [charge_scheduler]: [执行事件] loop=global plan_v=0 C3 type=target_service target=4 station_ord=0 planned_finish=11.77 actual_finish=11.77 dev=+0.00 injected=0.0
[charge_scheduler-1] [INFO] [1785763429.755666558] [charge_scheduler]: [执行事件] loop=global plan_v=0 C1 type=target_service target=21 station_ord=0 planned_finish=16.66 actual_finish=16.66 dev=+0.00 injected=0.0
[charge_scheduler-1] [INFO] [1785763429.755672001] [charge_scheduler]: [执行事件] loop=global plan_v=0 C3 type=target_service target=27 station_ord=0 planned_finish=20.04 actual_finish=20.04 dev=+0.00 injected=0.0
[charge_scheduler-1] [INFO] [1785763429.755677370] [charge_scheduler]: [执行事件] loop=global plan_v=0 C2 type=target_service target=3 station_ord=0 planned_finish=26.90 actual_finish=26.90 dev=+0.00 injected=0.0
[charge_scheduler-1] [INFO] [1785763429.755682782] [charge_scheduler]: [执行事件] loop=global plan_v=0 C1 type=target_service target=15 station_ord=0 planned_finish=41.31 actual_finish=41.31 dev=+0.00 injected=0.0
[charge_scheduler-1] [INFO] [1785763429.755690947] [charge_scheduler]: [执行事件] loop=global plan_v=0 C3 type=target_service target=7 station_ord=0 planned_finish=44.99 actual_finish=44.99 dev=+0.00 injected=0.0
[charge_scheduler-1] [INFO] [1785763429.755696519] [charge_scheduler]: [执行事件] loop=global plan_v=0 C2 type=target_service target=9 station_ord=0 planned_finish=55.68 actual_finish=55.68 dev=+0.00 injected=0.0
[charge_scheduler-1] [INFO] [1785763429.755701765] [charge_scheduler]: [执行事件] loop=global plan_v=0 C3 type=target_service target=22 station_ord=0 planned_finish=79.74 actual_finish=79.74 dev=+0.00 injected=0.0
[charge_scheduler-1] [INFO] [1785763429.755707302] [charge_scheduler]: [执行事件] loop=global plan_v=0 C1 type=target_service target=11 station_ord=0 planned_finish=83.60 actual_finish=83.60 dev=+0.00 injected=0.0
[charge_scheduler-1] [INFO] [1785763429.755712686] [charge_scheduler]: [执行事件] loop=global plan_v=0 C2 type=target_service target=28 station_ord=0 planned_finish=90.56 actual_finish=90.56 dev=+0.00 injected=0.0
[charge_scheduler-1] [INFO] [1785763429.755718968] [charge_scheduler]: [执行事件] loop=global plan_v=0 C3 type=target_service target=1 station_ord=0 planned_finish=108.41 actual_finish=108.41 dev=+0.00 injected=0.0
[charge_scheduler-1] [INFO] [1785763429.755725050] [charge_scheduler]: [执行事件] loop=global plan_v=0 C1 type=target_service target=18 station_ord=0 planned_finish=110.36 actual_finish=110.36 dev=+0.00 injected=0.0
[charge_scheduler-1] [INFO] [1785763429.755730501] [charge_scheduler]: [执行事件] loop=global plan_v=0 C2 type=station_turnaround target=-1 station_ord=1 planned_finish=103.07 actual_finish=118.07 dev=+15.00 injected=15.0
[charge_scheduler-1] [WARN] [1785763432.294848048] [charge_scheduler]: [重调度事件] policy=global #1 t=118.07min trigger=C2/station_turnaround dev=+15.00 pool=17 committed=0 plan_v=1 solve_ms=2539.1 changed_assign=14 changed_order=6
[charge_scheduler-1] [INFO] [1785763432.294891877] [charge_scheduler]: [执行事件] loop=global plan_v=0 C1 type=station_turnaround target=-1 station_ord=1 planned_finish=122.40 actual_finish=122.40 dev=+0.00 injected=0.0
[charge_scheduler-1] [INFO] [1785763432.294901127] [charge_scheduler]: [执行事件] loop=global plan_v=0 C3 type=station_turnaround target=-1 station_ord=1 planned_finish=121.83 actual_finish=136.83 dev=+15.00 injected=15.0
[charge_scheduler-1] [WARN] [1785763433.843137847] [charge_scheduler]: [重调度事件] policy=global #2 t=136.83min trigger=C3/station_turnaround dev=+15.00 pool=15 committed=2 plan_v=2 solve_ms=1548.2 changed_assign=5 changed_order=8
[charge_scheduler-1] [INFO] [1785763433.843199553] [charge_scheduler]: [执行事件] loop=global plan_v=1 C2 type=target_service target=24 station_ord=0 planned_finish=146.06 actual_finish=146.06 dev=+0.00 injected=0.0
[charge_scheduler-1] [INFO] [1785763433.843209795] [charge_scheduler]: [执行事件] loop=global plan_v=1 C1 type=target_service target=5 station_ord=0 planned_finish=169.12 actual_finish=169.12 dev=+0.00 injected=0.0
[charge_scheduler-1] [INFO] [1785763433.843216138] [charge_scheduler]: [执行事件] loop=global plan_v=2 C3 type=target_service target=13 station_ord=0 planned_finish=173.76 actual_finish=173.76 dev=+0.00 injected=0.0
[charge_scheduler-1] [INFO] [1785763433.843222514] [charge_scheduler]: [执行事件] loop=global plan_v=2 C2 type=target_service target=8 station_ord=0 planned_finish=179.35 actual_finish=179.35 dev=+0.00 injected=0.0
[charge_scheduler-1] [INFO] [1785763433.843228555] [charge_scheduler]: [执行事件] loop=global plan_v=2 C3 type=target_service target=10 station_ord=0 planned_finish=206.11 actual_finish=206.11 dev=+0.00 injected=0.0
[charge_scheduler-1] [INFO] [1785763433.843234489] [charge_scheduler]: [执行事件] loop=global plan_v=2 C1 type=target_service target=29 station_ord=0 planned_finish=211.03 actual_finish=211.03 dev=+0.00 injected=0.0
[charge_scheduler-1] [INFO] [1785763433.843249890] [charge_scheduler]: [执行事件] loop=global plan_v=2 C2 type=target_service target=16 station_ord=0 planned_finish=219.03 actual_finish=219.03 dev=+0.00 injected=0.0
[charge_scheduler-1] [INFO] [1785763433.843256352] [charge_scheduler]: [执行事件] loop=global plan_v=2 C1 type=station_turnaround target=-1 station_ord=2 planned_finish=225.23 actual_finish=225.23 dev=+0.00 injected=0.0
[charge_scheduler-1] [INFO] [1785763433.843291005] [charge_scheduler]: [执行事件] loop=global plan_v=2 C2 type=station_turnaround target=-1 station_ord=2 planned_finish=231.36 actual_finish=231.36 dev=+0.00 injected=0.0
[charge_scheduler-1] [INFO] [1785763433.843297219] [charge_scheduler]: [执行事件] loop=global plan_v=2 C3 type=target_service target=0 station_ord=0 planned_finish=241.86 actual_finish=241.86 dev=+0.00 injected=0.0
[charge_scheduler-1] [INFO] [1785763433.843303085] [charge_scheduler]: [执行事件] loop=global plan_v=2 C3 type=station_turnaround target=-1 station_ord=2 planned_finish=257.33 actual_finish=257.33 dev=+0.00 injected=0.0
[charge_scheduler-1] [INFO] [1785763433.843308975] [charge_scheduler]: [执行事件] loop=global plan_v=2 C2 type=target_service target=19 station_ord=0 planned_finish=271.78 actual_finish=271.78 dev=+0.00 injected=0.0
[charge_scheduler-1] [INFO] [1785763433.843314574] [charge_scheduler]: [执行事件] loop=global plan_v=2 C1 type=target_service target=23 station_ord=0 planned_finish=275.04 actual_finish=275.04 dev=+0.00 injected=0.0
[charge_scheduler-1] [INFO] [1785763433.843320194] [charge_scheduler]: [执行事件] loop=global plan_v=2 C3 type=target_service target=25 station_ord=0 planned_finish=294.89 actual_finish=294.89 dev=+0.00 injected=0.0
[charge_scheduler-1] [INFO] [1785763433.843325866] [charge_scheduler]: [执行事件] loop=global plan_v=2 C1 type=target_service target=2 station_ord=0 planned_finish=318.18 actual_finish=318.18 dev=+0.00 injected=0.0
[charge_scheduler-1] [INFO] [1785763433.843331821] [charge_scheduler]: [执行事件] loop=global plan_v=2 C2 type=target_service target=20 station_ord=0 planned_finish=319.51 actual_finish=319.51 dev=+0.00 injected=0.0
[charge_scheduler-1] [INFO] [1785763433.843337459] [charge_scheduler]: [执行事件] loop=global plan_v=2 C1 type=station_turnaround target=-1 station_ord=3 planned_finish=330.83 actual_finish=330.83 dev=+0.00 injected=0.0
[charge_scheduler-1] [INFO] [1785763433.843343287] [charge_scheduler]: [执行事件] loop=global plan_v=2 C2 type=station_turnaround target=-1 station_ord=3 planned_finish=331.97 actual_finish=331.97 dev=+0.00 injected=0.0
[charge_scheduler-1] [INFO] [1785763433.843348954] [charge_scheduler]: [执行事件] loop=global plan_v=2 C3 type=target_service target=14 station_ord=0 planned_finish=338.92 actual_finish=338.92 dev=+0.00 injected=0.0
[charge_scheduler-1] [INFO] [1785763433.843354514] [charge_scheduler]: [执行事件] loop=global plan_v=2 C3 type=station_turnaround target=-1 station_ord=3 planned_finish=353.19 actual_finish=353.19 dev=+0.00 injected=0.0
[charge_scheduler-1] [INFO] [1785763433.843360306] [charge_scheduler]: [执行事件] loop=global plan_v=2 C2 type=target_service target=17 station_ord=0 planned_finish=376.82 actual_finish=376.82 dev=+0.00 injected=0.0
[charge_scheduler-1] [INFO] [1785763433.843365942] [charge_scheduler]: [执行事件] loop=global plan_v=2 C1 type=target_service target=6 station_ord=0 planned_finish=378.72 actual_finish=378.72 dev=+0.00 injected=0.0
[charge_scheduler-1] [INFO] [1785763433.843371563] [charge_scheduler]: [执行事件] loop=global plan_v=2 C2 type=final_return target=-1 station_ord=0 planned_finish=378.75 actual_finish=378.75 dev=+0.00 injected=0.0
[charge_scheduler-1] [INFO] [1785763433.843376966] [charge_scheduler]: [执行事件] loop=global plan_v=2 C1 type=final_return target=-1 station_ord=0 planned_finish=383.24 actual_finish=383.24 dev=+0.00 injected=0.0
[charge_scheduler-1] [INFO] [1785763433.843382315] [charge_scheduler]: [执行事件] loop=global plan_v=2 C3 type=target_service target=26 station_ord=0 planned_finish=399.14 actual_finish=399.14 dev=+0.00 injected=0.0
[charge_scheduler-1] [INFO] [1785763433.843387798] [charge_scheduler]: [执行事件] loop=global plan_v=2 C3 type=final_return target=-1 station_ord=0 planned_finish=401.76 actual_finish=401.76 dev=+0.00 injected=0.0
[charge_scheduler-1] [INFO] [1785763433.843402239] [charge_scheduler]: ★闭环实验结果 mode=open M=30 K=3 disturbance=station delay=15.0 seed=2 N_late=12 T_overtime=471.185 C_total=8086.980 makespan=401.986 served=30 energy_viol=0 reschedules=0 reschedule_ms=0.000 changed_assign=0 changed_order=0 applied_target=0 applied_station=2 initial_solve_ms=46304.017 objective_order=Nlate,Tover,Ctotal
[charge_scheduler-1] [INFO] [1785763433.843412469] [charge_scheduler]: ★闭环实验结果 mode=fixed M=30 K=3 disturbance=station delay=15.0 seed=2 N_late=10 T_overtime=445.763 C_total=7904.321 makespan=398.721 served=30 energy_viol=0 reschedules=2 reschedule_ms=662.490 changed_assign=0 changed_order=12 applied_target=0 applied_station=2 initial_solve_ms=46304.017 objective_order=Nlate,Tover,Ctotal
[charge_scheduler-1] [INFO] [1785763433.843422458] [charge_scheduler]: ★闭环实验收益 policy=fixed M=30 K=3 disturbance=station delay=15.0 seed=2 recovered_late=2 overtime_reduction=25.423 distance_delta=-182.659 makespan_reduction=3.265
[charge_scheduler-1] [INFO] [1785763433.843428820] [charge_scheduler]: ★闭环实验结果 mode=closed M=30 K=3 disturbance=station delay=15.0 seed=2 N_late=6 T_overtime=508.308 C_total=7541.076 makespan=401.758 served=30 energy_viol=0 reschedules=2 reschedule_ms=4087.284 changed_assign=19 changed_order=14 applied_target=0 applied_station=2 initial_solve_ms=46304.017 objective_order=Nlate,Tover,Ctotal
[charge_scheduler-1] [INFO] [1785763433.843436668] [charge_scheduler]: ★闭环实验收益 policy=closed M=30 K=3 disturbance=station delay=15.0 seed=2 recovered_late=6 overtime_reduction=-37.123 distance_delta=-545.904 makespan_reduction=0.228
