[INFO] [launch]: All log files can be found below /root/.ros/log/2026-08-03-14-01-16-695259-YYYY-50937
[INFO] [launch]: Default logging verbosity is set to INFO
[INFO] [charge_scheduler-1]: process started with pid [50941]
[charge_scheduler-1] [INFO] [1785765676.818633527] [charge_scheduler]: [目标顺序] objective_order=Nlate,Tover,Ctotal
[charge_scheduler-1] [INFO] [1785765676.819120823] [charge_scheduler]: [Scheduler] 30辆车 | 电池800.0kWh(20%=160.0 80%=640.0) | 充电360kW效率97% | 行驶0.6kWh/km | 桩350kW
[charge_scheduler-1] [INFO] [1785765676.819150542] [charge_scheduler]: [Scheduler] 站端周转: 换电 10 min(换后满电) | 单趟可用 640 kWh
[charge_scheduler-1] [INFO] [1785765676.819159866] [charge_scheduler]:   车#0 [电动装载机282|light] 位置(3889.6,73764.7) 容量282kWh 剩余35% | α=6→6min/% τ=168min → 需130.8kWh(充21.2min)
[charge_scheduler-1] [INFO] [1785765676.819174784] [charge_scheduler]:   车#1 [重型叉车|light] 位置(3778.9,73807.0) 容量200kWh 剩余20% | α=6→6min/% τ=96min → 需123.7kWh(充20.0min)
[charge_scheduler-1] [INFO] [1785765676.819186990] [charge_scheduler]:   车#2 [电动装载机350|light] 位置(3794.9,73804.6) 容量350kWh 剩余50% | α=6→6min/% τ=288min → 需108.2kWh(充17.5min)
[charge_scheduler-1] [INFO] [1785765676.819199642] [charge_scheduler]:   车#3 [重型叉车|light] 位置(3806.9,73760.3) 容量200kWh 剩余10% | α=6→6min/% τ=32min → 需144.3kWh(充23.3min)
[charge_scheduler-1] [INFO] [1785765676.819211727] [charge_scheduler]:   车#4 [电动装载机282|heavy→降级] 位置(3705.1,73758.2) 容量282kWh 剩余60% | α=3→6min/% τ=212min → 需58.1kWh(充9.4min)
[charge_scheduler-1] [INFO] [1785765676.819224058] [charge_scheduler]:   车#5 [电动装载机350|light] 位置(3756.5,73770.2) 容量350kWh 剩余25% | α=6→6min/% τ=128min → 需198.5kWh(充32.1min)
[charge_scheduler-1] [INFO] [1785765676.819238609] [charge_scheduler]:   车#6 [电动装载机350|heavy→降级] 位置(3887.4,73809.4) 容量350kWh 剩余40% | α=4→6min/% τ=176min → 需144.3kWh(充23.3min)
[charge_scheduler-1] [INFO] [1785765676.819256141] [charge_scheduler]:   车#7 [重型叉车|light] 位置(3899.0,73786.6) 容量200kWh 剩余15% | α=6→6min/% τ=64min → 需134.0kWh(充21.7min)
[charge_scheduler-1] [INFO] [1785765676.819268263] [charge_scheduler]:   车#8 [电动装载机282|heavy→降级] 位置(3689.7,73663.1) 容量282kWh 剩余55% | α=3→6min/% τ=196min → 需72.7kWh(充11.8min)
[charge_scheduler-1] [INFO] [1785765676.819280053] [charge_scheduler]:   车#9 [电动装载机282|heavy→降级] 位置(3748.4,73767.2) 容量282kWh 剩余30% | α=3→6min/% τ=116min → 需145.4kWh(充23.5min)
[charge_scheduler-1] [INFO] [1785765676.819292006] [charge_scheduler]:   车#10 [电动装载机282|light] 位置(3865.2,73751.0) 容量282kWh 剩余45% | α=6→6min/% τ=224min → 需101.8kWh(充16.4min)
[charge_scheduler-1] [INFO] [1785765676.819303044] [charge_scheduler]:   车#11 [电动装载机350|light] 位置(3785.0,73749.2) 容量350kWh 剩余18% | α=6→6min/% τ=83min → 需223.7kWh(充36.2min)
[charge_scheduler-1] [INFO] [1785765676.819317244] [charge_scheduler]:   车#12 [重型叉车|heavy→降级] 位置(3811.5,73799.9) 容量200kWh 剩余62% | α=3→6min/% τ=230min → 需37.1kWh(充6.0min)
[charge_scheduler-1] [INFO] [1785765676.819329560] [charge_scheduler]:   车#13 [电动装载机282|light] 位置(3810.8,73773.1) 容量282kWh 剩余28% | α=6→6min/% τ=129min → 需151.2kWh(充24.4min)
[charge_scheduler-1] [INFO] [1785765676.819341615] [charge_scheduler]:   车#14 [电动装载机350|light] 位置(3905.0,73793.5) 容量350kWh 剩余52% | α=6→6min/% τ=301min → 需101.0kWh(充16.3min)
[charge_scheduler-1] [INFO] [1785765676.819352442] [charge_scheduler]:   车#15 [重型叉车|light] 位置(3894.3,73756.9) 容量200kWh 剩余12% | α=6→6min/% τ=45min → 需140.2kWh(充22.7min)
[charge_scheduler-1] [INFO] [1785765676.819365229] [charge_scheduler]:   车#16 [电动装载机282|light] 位置(3818.5,73716.2) 容量282kWh 剩余38% | α=6→6min/% τ=185min → 需122.1kWh(充19.7min)
[charge_scheduler-1] [INFO] [1785765676.819378379] [charge_scheduler]:   车#17 [电动装载机350|light] 位置(3733.2,73772.4) 容量350kWh 剩余58% | α=6→6min/% τ=339min → 需79.4kWh(充12.8min)
[charge_scheduler-1] [INFO] [1785765676.819391239] [charge_scheduler]:   车#18 [重型叉车|heavy→降级] 位置(3764.7,73699.0) 容量200kWh 剩余22% | α=3→6min/% τ=102min → 需119.6kWh(充19.3min)
[charge_scheduler-1] [INFO] [1785765676.819407482] [charge_scheduler]:   车#19 [电动装载机282|light] 位置(3878.4,73747.9) 容量282kWh 剩余48% | α=6→6min/% τ=241min → 需93.0kWh(充15.0min)
[charge_scheduler-1] [INFO] [1785765676.819445788] [charge_scheduler]:   车#20 [电动装载机350|light] 位置(3740.3,73686.9) 容量350kWh 剩余33% | α=6→6min/% τ=179min → 需169.6kWh(充27.4min)
[charge_scheduler-1] [INFO] [1785765676.819458785] [charge_scheduler]:   车#21 [重型叉车|heavy→降级] 位置(3895.4,73811.9) 容量200kWh 剩余65% | α=3→6min/% τ=240min → 需30.9kWh(充5.0min)
[charge_scheduler-1] [INFO] [1785765676.819470573] [charge_scheduler]:   车#22 [电动装载机282|light] 位置(3876.0,73830.2) 容量282kWh 剩余16% | α=6→6min/% τ=62min → 需186.1kWh(充30.1min)
[charge_scheduler-1] [INFO] [1785765676.819482762] [charge_scheduler]:   车#23 [电动装载机350|light] 位置(3765.9,73790.3) 容量350kWh 剩余42% | α=6→6min/% τ=237min → 需137.1kWh(充22.2min)
[charge_scheduler-1] [INFO] [1785765676.819495021] [charge_scheduler]:   车#24 [重型叉车|heavy→降级] 位置(3637.1,73698.1) 容量200kWh 剩余25% | α=3→6min/% τ=112min → 需113.4kWh(充18.3min)
[charge_scheduler-1] [INFO] [1785765676.819507656] [charge_scheduler]:   车#25 [电动装载机282|light] 位置(3884.5,73833.1) 容量282kWh 剩余55% | α=6→6min/% τ=280min → 需72.7kWh(充11.8min)
[charge_scheduler-1] [INFO] [1785765676.819522159] [charge_scheduler]:   车#26 [电动装载机350|light] 位置(3699.3,73765.4) 容量350kWh 剩余30% | α=6→6min/% τ=160min → 需180.4kWh(充29.2min)
[charge_scheduler-1] [INFO] [1785765676.819534399] [charge_scheduler]:   车#27 [重型叉车|heavy→降级] 位置(3800.8,73717.7) 容量200kWh 剩余68% | α=3→6min/% τ=250min → 需24.7kWh(充4.0min)
[charge_scheduler-1] [INFO] [1785765676.819546201] [charge_scheduler]:   车#28 [电动装载机282|light] 位置(3825.0,73792.7) 容量282kWh 剩余20% | α=6→6min/% τ=84min → 需174.4kWh(充28.2min)
[charge_scheduler-1] [INFO] [1785765676.819559321] [charge_scheduler]:   车#29 [电动装载机350|light] 位置(3784.3,73759.0) 容量350kWh 剩余36% | α=6→6min/% τ=198min → 需158.8kWh(充25.7min)
[charge_scheduler-1] [INFO] [1785765676.826900966] [charge_scheduler]: [Scheduler] 闭环接口: threshold=10.0min | event_sim=on | policy=all | structured_feedback=optional (/task_planner/execution_event)
[charge_scheduler-1] [INFO] [1785765676.826930836] [charge_scheduler]: [Scheduler] 已启动, 等待地图...
[charge_scheduler-1] [INFO] [1785765676.826936063] [charge_scheduler]: [Scheduler] 充电车1接口: sequence/served/arrived_target/arrived_station/return_goal/task_complete 后缀=_1
[charge_scheduler-1] [INFO] [1785765676.826940571] [charge_scheduler]: [Scheduler] 充电车2接口: sequence/served/arrived_target/arrived_station/return_goal/task_complete 后缀=_2
[charge_scheduler-1] [INFO] [1785765676.826944189] [charge_scheduler]: [Scheduler] 充电车3接口: sequence/served/arrived_target/arrived_station/return_goal/task_complete 后缀=_3
[charge_scheduler-1] [INFO] [1785765676.932831135] [charge_scheduler]: [Scheduler] RoutingGraph 就绪
[charge_scheduler-1] [INFO] [1785765676.933549034] [charge_scheduler]: [Scheduler] 提取到 0 条虚线捷径
[charge_scheduler-1] [INFO] [1785765676.966839466] [charge_scheduler]: [Scheduler] 下层兼容增强图: 190 节点, 0 条虚线掉头边
[charge_scheduler-1] [INFO] [1785765697.674659065] [charge_scheduler]: [Scheduler] 距离矩阵完成 31x31, 20707.8 ms | 模式=maneuver | 真实不可达=0 抽象不可达=0 | 缺少对向投影节点=0 | 对向识别(ID/几何/法向)=0/0/0 | 单向驿站投影=0
[charge_scheduler-1] [INFO] [1785765697.674731973] [charge_scheduler]:   ✓ 比值自检：930 个 OD 满足 机动/直线≥1 | 均值=4.11 最大=62.63 (车#0→车#15)
[charge_scheduler-1] [INFO] [1785765697.674743777] [charge_scheduler]: [Scheduler] 地图就绪, 190 条 lanelet（与下层一致）
[charge_scheduler-1] [INFO] [1785765697.674793612] [charge_scheduler]: ======== 开始VRPTW调度 30 辆车 ========
[charge_scheduler-1] [INFO] [1785765697.674798134] [charge_scheduler]:   规模30>8 → 启发式(alns)
[charge_scheduler-1] [INFO] [1785765743.152179299] [charge_scheduler]: [ALNS] objective_order=Nlate,Tover,Ctotal seed=4 iters=15000 | N_late=3(成功率90.0%) T_overtime=374.7min C_total=8414.4m | 趟数=11 makespan=403.9min
[charge_scheduler-1] [INFO] [1785765743.152229188] [charge_scheduler]:   求解耗时 45477.4 ms
[charge_scheduler-1] [INFO] [1785765743.152237578] [charge_scheduler]: ════════ 调度结果 ════════
[charge_scheduler-1] [INFO] [1785765743.152242572] [charge_scheduler]:   ★目标(字典序): objective_order=Nlate,Tover,Ctotal | N_late=3 辆 (按时成功率 27/30 = 90.0%)  T_overtime=374.7min  C_total=8414.4m
[charge_scheduler-1] [INFO] [1785765743.152280316] [charge_scheduler]:   附: 趟数=11 | makespan=403.9min | 能量可行=是
[charge_scheduler-1] [INFO] [1785765743.152290678] [charge_scheduler]:   [充电车3] 趟1: 站 → 车#27(到1.7/限249.6✓) → 车#7(到8.0/限64.0✓) → 车#22(到30.9/限61.6✓) → 车#11(到66.3/限83.2✓) → 站
[charge_scheduler-1] [INFO] [1785765743.152297790] [charge_scheduler]:   [充电车1] 趟2: 站 → 车#12(到2.3/限230.4✓) → 车#21(到10.6/限240.0✓) → 车#3(到19.4/限32.0✓) → 车#28(到46.7/限84.0✓) → 车#9(到80.6/限116.0✓) → 站
[charge_scheduler-1] [INFO] [1785765743.152303894] [charge_scheduler]:   [充电车2] 趟3: 站 → 车#4(到2.1/限212.0✓) → 车#24(到13.3/限112.0✓) → 车#15(到41.5/限44.8✓) → 车#1(到70.1/限96.0✓) → 车#18(到98.2/限102.4✓) → 站
[charge_scheduler-1] [INFO] [1785765743.152308391] [charge_scheduler]:   [充电车3] 趟4: 站 → 车#5(到123.3/限128.0✓) → 车#6(到170.3/限176.0✓) → 站
[charge_scheduler-1] [INFO] [1785765743.152313669] [charge_scheduler]:   [充电车1] 趟5: 站 → 车#13(到126.9/限128.8✓) → 车#0(到163.6/限168.0✓) → 车#10(到199.0/限224.0✓) → 站
[charge_scheduler-1] [INFO] [1785765743.152319086] [charge_scheduler]:   [充电车2] 趟6: 站 → 车#16(到138.2/限184.8✓) → 车#8(到175.4/限196.0✓) → 车#19(到215.8/限240.8✓) → 站
[charge_scheduler-1] [INFO] [1785765743.152323252] [charge_scheduler]:   [充电车3] 趟7: 站 → 车#23(到234.6/限236.8✓) → 车#2(到278.6/限288.0✓) → 站
[charge_scheduler-1] [INFO] [1785765743.152327834] [charge_scheduler]:   [充电车1] 趟8: 站 → 车#26(到250.2/限160.0✗超时) → 车#14(到297.9/限300.8✓) → 站
[charge_scheduler-1] [INFO] [1785765743.152331714] [charge_scheduler]:   [充电车1] 趟9: 站 → 车#20(到357.7/限179.2✗超时) → 站
[charge_scheduler-1] [INFO] [1785765743.152336678] [charge_scheduler]:   [充电车2] 趟10: 站 → 车#25(到266.1/限280.0✓) → 车#29(到304.4/限198.4✗超时) → 站
[charge_scheduler-1] [INFO] [1785765743.152340723] [charge_scheduler]:   [充电车3] 趟11: 站 → 车#17(到335.8/限339.2✓) → 站
[charge_scheduler-1] [INFO] [1785765743.152344175] [charge_scheduler]: ════════════════════════
[charge_scheduler-1] [INFO] [1785765743.152399731] [charge_scheduler]: [扰动清单] type=combined delay=60.0min targets={5,22,} station={C1-S1,C3-S1,}
[charge_scheduler-1] [INFO] [1785765743.152413530] [charge_scheduler]: [执行事件] loop=open plan_v=0 C3 type=target_service target=27 station_ord=0 planned_finish=5.89 actual_finish=5.89 dev=+0.00 injected=0.0
[charge_scheduler-1] [INFO] [1785765743.152420268] [charge_scheduler]: [执行事件] loop=open plan_v=0 C1 type=target_service target=12 station_ord=0 planned_finish=8.50 actual_finish=8.50 dev=+0.00 injected=0.0
[charge_scheduler-1] [INFO] [1785765743.152425866] [charge_scheduler]: [执行事件] loop=open plan_v=0 C2 type=target_service target=4 station_ord=0 planned_finish=11.77 actual_finish=11.77 dev=+0.00 injected=0.0
[charge_scheduler-1] [INFO] [1785765743.152431527] [charge_scheduler]: [执行事件] loop=open plan_v=0 C1 type=target_service target=21 station_ord=0 planned_finish=16.66 actual_finish=16.66 dev=+0.00 injected=0.0
[charge_scheduler-1] [INFO] [1785765743.152437012] [charge_scheduler]: [执行事件] loop=open plan_v=0 C3 type=target_service target=7 station_ord=0 planned_finish=30.11 actual_finish=30.11 dev=+0.00 injected=0.0
[charge_scheduler-1] [INFO] [1785765743.152442709] [charge_scheduler]: [执行事件] loop=open plan_v=0 C2 type=target_service target=24 station_ord=0 planned_finish=33.04 actual_finish=33.04 dev=+0.00 injected=0.0
[charge_scheduler-1] [INFO] [1785765743.152448108] [charge_scheduler]: [执行事件] loop=open plan_v=0 C1 type=target_service target=3 station_ord=0 planned_finish=43.78 actual_finish=43.78 dev=+0.00 injected=0.0
[charge_scheduler-1] [INFO] [1785765743.152453735] [charge_scheduler]: [执行事件] loop=open plan_v=0 C2 type=target_service target=15 station_ord=0 planned_finish=66.35 actual_finish=66.35 dev=+0.00 injected=0.0
[charge_scheduler-1] [INFO] [1785765743.152464282] [charge_scheduler]: [执行事件] loop=open plan_v=0 C1 type=target_service target=28 station_ord=0 planned_finish=78.84 actual_finish=78.84 dev=+0.00 injected=0.0
[charge_scheduler-1] [INFO] [1785765743.152483481] [charge_scheduler]: [执行事件] loop=open plan_v=0 C2 type=target_service target=1 station_ord=0 planned_finish=93.74 actual_finish=93.74 dev=+0.00 injected=0.0
[charge_scheduler-1] [INFO] [1785765743.152492986] [charge_scheduler]: [执行事件] loop=open plan_v=0 C1 type=target_service target=9 station_ord=0 planned_finish=112.87 actual_finish=112.87 dev=+0.00 injected=0.0
[charge_scheduler-1] [INFO] [1785765743.152502860] [charge_scheduler]: [执行事件] loop=open plan_v=0 C2 type=target_service target=18 station_ord=0 planned_finish=122.99 actual_finish=122.99 dev=+0.00 injected=0.0
[charge_scheduler-1] [INFO] [1785765743.152511583] [charge_scheduler]: [执行事件] loop=open plan_v=0 C3 type=target_service target=22 station_ord=0 planned_finish=63.61 actual_finish=123.61 dev=+60.00 injected=60.0
[charge_scheduler-1] [INFO] [1785765743.152517909] [charge_scheduler]: [执行事件] loop=open plan_v=0 C2 type=station_turnaround target=-1 station_ord=1 planned_finish=135.03 actual_finish=135.03 dev=+0.00 injected=0.0
[charge_scheduler-1] [INFO] [1785765743.152524148] [charge_scheduler]: [执行事件] loop=open plan_v=0 C2 type=target_service target=16 station_ord=0 planned_finish=169.50 actual_finish=169.50 dev=+0.00 injected=0.0
[charge_scheduler-1] [INFO] [1785765743.152529783] [charge_scheduler]: [执行事件] loop=open plan_v=0 C3 type=target_service target=11 station_ord=0 planned_finish=108.55 actual_finish=170.09 dev=+61.54 injected=0.0
[charge_scheduler-1] [INFO] [1785765743.152537126] [charge_scheduler]: [执行事件] loop=open plan_v=0 C1 type=station_turnaround target=-1 station_ord=1 planned_finish=125.21 actual_finish=185.21 dev=+60.00 injected=60.0
[charge_scheduler-1] [INFO] [1785765743.152543400] [charge_scheduler]: [执行事件] loop=open plan_v=0 C2 type=target_service target=8 station_ord=0 planned_finish=208.89 actual_finish=208.89 dev=+0.00 injected=0.0
[charge_scheduler-1] [INFO] [1785765743.152549407] [charge_scheduler]: [执行事件] loop=open plan_v=0 C1 type=target_service target=13 station_ord=0 planned_finish=161.98 actual_finish=222.14 dev=+60.16 injected=0.0
[charge_scheduler-1] [INFO] [1785765743.152556591] [charge_scheduler]: [执行事件] loop=open plan_v=0 C3 type=station_turnaround target=-1 station_ord=1 planned_finish=120.10 actual_finish=241.63 dev=+121.54 injected=60.0
[charge_scheduler-1] [INFO] [1785765743.152563203] [charge_scheduler]: [执行事件] loop=open plan_v=0 C2 type=target_service target=19 station_ord=0 planned_finish=248.93 actual_finish=248.93 dev=+0.00 injected=0.0
[charge_scheduler-1] [INFO] [1785765743.152569146] [charge_scheduler]: [执行事件] loop=open plan_v=0 C1 type=target_service target=0 station_ord=0 planned_finish=198.50 actual_finish=259.03 dev=+60.53 injected=0.0
[charge_scheduler-1] [INFO] [1785765743.152575232] [charge_scheduler]: [执行事件] loop=open plan_v=0 C2 type=station_turnaround target=-1 station_ord=2 planned_finish=262.26 actual_finish=262.26 dev=+0.00 injected=0.0
[charge_scheduler-1] [INFO] [1785765743.152581101] [charge_scheduler]: [执行事件] loop=open plan_v=0 C1 type=target_service target=10 station_ord=0 planned_finish=232.12 actual_finish=294.75 dev=+62.63 injected=0.0
[charge_scheduler-1] [INFO] [1785765743.152587797] [charge_scheduler]: [执行事件] loop=open plan_v=0 C2 type=target_service target=25 station_ord=0 planned_finish=300.23 actual_finish=300.23 dev=+0.00 injected=0.0
[charge_scheduler-1] [INFO] [1785765743.152595521] [charge_scheduler]: [执行事件] loop=open plan_v=0 C1 type=station_turnaround target=-1 station_ord=2 planned_finish=247.99 actual_finish=310.62 dev=+62.63 injected=0.0
[charge_scheduler-1] [INFO] [1785765743.152601283] [charge_scheduler]: [执行事件] loop=open plan_v=0 C2 type=target_service target=29 station_ord=0 planned_finish=348.19 actual_finish=348.19 dev=+0.00 injected=0.0
[charge_scheduler-1] [INFO] [1785765743.152606876] [charge_scheduler]: [执行事件] loop=open plan_v=0 C3 type=target_service target=5 station_ord=0 planned_finish=166.61 actual_finish=348.58 dev=+181.97 injected=60.0
[charge_scheduler-1] [INFO] [1785765743.152613055] [charge_scheduler]: [执行事件] loop=open plan_v=0 C2 type=final_return target=-1 station_ord=0 planned_finish=352.40 actual_finish=352.40 dev=+0.00 injected=0.0
[charge_scheduler-1] [INFO] [1785765743.152618602] [charge_scheduler]: [执行事件] loop=open plan_v=0 C1 type=target_service target=26 station_ord=0 planned_finish=293.94 actual_finish=356.57 dev=+62.63 injected=0.0
[charge_scheduler-1] [INFO] [1785765743.152626445] [charge_scheduler]: [执行事件] loop=open plan_v=0 C3 type=target_service target=6 station_ord=0 planned_finish=213.52 actual_finish=396.01 dev=+182.49 injected=0.0
[charge_scheduler-1] [INFO] [1785765743.152633177] [charge_scheduler]: [执行事件] loop=open plan_v=0 C1 type=target_service target=14 station_ord=0 planned_finish=341.34 actual_finish=404.24 dev=+62.90 injected=0.0
[charge_scheduler-1] [INFO] [1785765743.152639167] [charge_scheduler]: [执行事件] loop=open plan_v=0 C3 type=station_turnaround target=-1 station_ord=2 planned_finish=228.04 actual_finish=410.53 dev=+182.49 injected=0.0
[charge_scheduler-1] [INFO] [1785765743.152645275] [charge_scheduler]: [执行事件] loop=open plan_v=0 C1 type=station_turnaround target=-1 station_ord=3 planned_finish=355.61 actual_finish=418.50 dev=+62.90 injected=0.0
[charge_scheduler-1] [INFO] [1785765743.152651999] [charge_scheduler]: [执行事件] loop=open plan_v=0 C3 type=target_service target=23 station_ord=0 planned_finish=278.11 actual_finish=460.80 dev=+182.69 injected=0.0
[charge_scheduler-1] [INFO] [1785765743.152658704] [charge_scheduler]: [执行事件] loop=open plan_v=0 C1 type=target_service target=20 station_ord=0 planned_finish=401.43 actual_finish=464.33 dev=+62.90 injected=0.0
[charge_scheduler-1] [INFO] [1785765743.152664726] [charge_scheduler]: [执行事件] loop=open plan_v=0 C1 type=final_return target=-1 station_ord=0 planned_finish=403.89 actual_finish=466.78 dev=+62.90 injected=0.0
[charge_scheduler-1] [INFO] [1785765743.152670960] [charge_scheduler]: [执行事件] loop=open plan_v=0 C3 type=target_service target=2 station_ord=0 planned_finish=321.54 actual_finish=505.08 dev=+183.54 injected=0.0
[charge_scheduler-1] [INFO] [1785765743.152682260] [charge_scheduler]: [执行事件] loop=open plan_v=0 C3 type=station_turnaround target=-1 station_ord=3 planned_finish=334.18 actual_finish=517.73 dev=+183.54 injected=0.0
[charge_scheduler-1] [INFO] [1785765743.152688992] [charge_scheduler]: [执行事件] loop=open plan_v=0 C3 type=target_service target=17 station_ord=0 planned_finish=379.24 actual_finish=563.09 dev=+183.85 injected=0.0
[charge_scheduler-1] [INFO] [1785765743.152694964] [charge_scheduler]: [执行事件] loop=open plan_v=0 C3 type=final_return target=-1 station_ord=0 planned_finish=381.17 actual_finish=565.02 dev=+183.85 injected=0.0
[charge_scheduler-1] [INFO] [1785765743.152709782] [charge_scheduler]: [执行事件] loop=fixed plan_v=0 C3 type=target_service target=27 station_ord=0 planned_finish=5.89 actual_finish=5.89 dev=+0.00 injected=0.0
[charge_scheduler-1] [INFO] [1785765743.152715772] [charge_scheduler]: [执行事件] loop=fixed plan_v=0 C1 type=target_service target=12 station_ord=0 planned_finish=8.50 actual_finish=8.50 dev=+0.00 injected=0.0
[charge_scheduler-1] [INFO] [1785765743.152726533] [charge_scheduler]: [执行事件] loop=fixed plan_v=0 C2 type=target_service target=4 station_ord=0 planned_finish=11.77 actual_finish=11.77 dev=+0.00 injected=0.0
[charge_scheduler-1] [INFO] [1785765743.152732068] [charge_scheduler]: [执行事件] loop=fixed plan_v=0 C1 type=target_service target=21 station_ord=0 planned_finish=16.66 actual_finish=16.66 dev=+0.00 injected=0.0
[charge_scheduler-1] [INFO] [1785765743.152737664] [charge_scheduler]: [执行事件] loop=fixed plan_v=0 C3 type=target_service target=7 station_ord=0 planned_finish=30.11 actual_finish=30.11 dev=+0.00 injected=0.0
[charge_scheduler-1] [INFO] [1785765743.152743372] [charge_scheduler]: [执行事件] loop=fixed plan_v=0 C2 type=target_service target=24 station_ord=0 planned_finish=33.04 actual_finish=33.04 dev=+0.00 injected=0.0
[charge_scheduler-1] [INFO] [1785765743.152750061] [charge_scheduler]: [执行事件] loop=fixed plan_v=0 C1 type=target_service target=3 station_ord=0 planned_finish=43.78 actual_finish=43.78 dev=+0.00 injected=0.0
[charge_scheduler-1] [INFO] [1785765743.152755488] [charge_scheduler]: [执行事件] loop=fixed plan_v=0 C2 type=target_service target=15 station_ord=0 planned_finish=66.35 actual_finish=66.35 dev=+0.00 injected=0.0
[charge_scheduler-1] [INFO] [1785765743.152761048] [charge_scheduler]: [执行事件] loop=fixed plan_v=0 C1 type=target_service target=28 station_ord=0 planned_finish=78.84 actual_finish=78.84 dev=+0.00 injected=0.0
[charge_scheduler-1] [INFO] [1785765743.152766631] [charge_scheduler]: [执行事件] loop=fixed plan_v=0 C2 type=target_service target=1 station_ord=0 planned_finish=93.74 actual_finish=93.74 dev=+0.00 injected=0.0
[charge_scheduler-1] [INFO] [1785765743.152773773] [charge_scheduler]: [执行事件] loop=fixed plan_v=0 C1 type=target_service target=9 station_ord=0 planned_finish=112.87 actual_finish=112.87 dev=+0.00 injected=0.0
[charge_scheduler-1] [INFO] [1785765743.152779675] [charge_scheduler]: [执行事件] loop=fixed plan_v=0 C2 type=target_service target=18 station_ord=0 planned_finish=122.99 actual_finish=122.99 dev=+0.00 injected=0.0
[charge_scheduler-1] [INFO] [1785765743.152785528] [charge_scheduler]: [执行事件] loop=fixed plan_v=0 C3 type=target_service target=22 station_ord=0 planned_finish=63.61 actual_finish=123.61 dev=+60.00 injected=60.0
[charge_scheduler-1] [WARN] [1785765743.508715711] [charge_scheduler]: [重调度事件] policy=fixed #1 t=123.61min trigger=C3/target_service dev=+60.00 pool=17 committed=0 plan_v=1 solve_ms=355.9 changed_assign=0 changed_order=17
[charge_scheduler-1] [INFO] [1785765743.508761749] [charge_scheduler]: [执行事件] loop=fixed plan_v=0 C2 type=station_turnaround target=-1 station_ord=1 planned_finish=135.03 actual_finish=135.03 dev=+0.00 injected=0.0
[charge_scheduler-1] [INFO] [1785765743.508771454] [charge_scheduler]: [执行事件] loop=fixed plan_v=1 C3 type=target_service target=11 station_ord=0 planned_finish=170.09 actual_finish=170.09 dev=+0.00 injected=0.0
[charge_scheduler-1] [INFO] [1785765743.508780025] [charge_scheduler]: [执行事件] loop=fixed plan_v=1 C2 type=target_service target=8 station_ord=0 planned_finish=170.55 actual_finish=170.55 dev=+0.00 injected=0.0
[charge_scheduler-1] [INFO] [1785765743.508786090] [charge_scheduler]: [执行事件] loop=fixed plan_v=0 C1 type=station_turnaround target=-1 station_ord=1 planned_finish=125.21 actual_finish=185.21 dev=+60.00 injected=60.0
[charge_scheduler-1] [WARN] [1785765743.809562124] [charge_scheduler]: [重调度事件] policy=fixed #2 t=185.21min trigger=C1/station_turnaround dev=+60.00 pool=14 committed=1 plan_v=2 solve_ms=300.7 changed_assign=0 changed_order=14
[charge_scheduler-1] [INFO] [1785765743.809606648] [charge_scheduler]: [执行事件] loop=fixed plan_v=1 C2 type=target_service target=16 station_ord=0 planned_finish=209.50 actual_finish=209.50 dev=+0.00 injected=0.0
[charge_scheduler-1] [INFO] [1785765743.809616315] [charge_scheduler]: [执行事件] loop=fixed plan_v=2 C1 type=target_service target=10 station_ord=0 planned_finish=220.23 actual_finish=220.23 dev=+0.00 injected=0.0
[charge_scheduler-1] [INFO] [1785765743.809622592] [charge_scheduler]: [执行事件] loop=fixed plan_v=1 C3 type=station_turnaround target=-1 station_ord=1 planned_finish=181.63 actual_finish=241.63 dev=+60.00 injected=60.0
[charge_scheduler-1] [WARN] [1785765744.037858941] [charge_scheduler]: [重调度事件] policy=fixed #3 t=241.63min trigger=C3/station_turnaround dev=+60.00 pool=11 committed=2 plan_v=3 solve_ms=228.2 changed_assign=0 changed_order=10
[charge_scheduler-1] [INFO] [1785765744.037913439] [charge_scheduler]: [执行事件] loop=fixed plan_v=2 C2 type=target_service target=19 station_ord=0 planned_finish=248.50 actual_finish=248.50 dev=+0.00 injected=0.0
[charge_scheduler-1] [INFO] [1785765744.037926601] [charge_scheduler]: [执行事件] loop=fixed plan_v=2 C1 type=target_service target=0 station_ord=0 planned_finish=255.99 actual_finish=255.99 dev=+0.00 injected=0.0
[charge_scheduler-1] [INFO] [1785765744.037935804] [charge_scheduler]: [执行事件] loop=fixed plan_v=3 C2 type=station_turnaround target=-1 station_ord=2 planned_finish=261.83 actual_finish=261.83 dev=+0.00 injected=0.0
[charge_scheduler-1] [INFO] [1785765744.037945015] [charge_scheduler]: [执行事件] loop=fixed plan_v=3 C3 type=target_service target=6 station_ord=0 planned_finish=289.52 actual_finish=289.52 dev=+0.00 injected=0.0
[charge_scheduler-1] [INFO] [1785765744.037953803] [charge_scheduler]: [执行事件] loop=fixed plan_v=3 C1 type=target_service target=13 station_ord=0 planned_finish=296.30 actual_finish=296.30 dev=+0.00 injected=0.0
[charge_scheduler-1] [INFO] [1785765744.037962487] [charge_scheduler]: [执行事件] loop=fixed plan_v=3 C2 type=target_service target=29 station_ord=0 planned_finish=306.80 actual_finish=306.80 dev=+0.00 injected=0.0
[charge_scheduler-1] [INFO] [1785765744.037971304] [charge_scheduler]: [执行事件] loop=fixed plan_v=3 C1 type=station_turnaround target=-1 station_ord=2 planned_finish=310.05 actual_finish=310.05 dev=+0.00 injected=0.0
[charge_scheduler-1] [INFO] [1785765744.038010085] [charge_scheduler]: [执行事件] loop=fixed plan_v=3 C3 type=target_service target=23 station_ord=0 planned_finish=335.73 actual_finish=335.73 dev=+0.00 injected=0.0
[charge_scheduler-1] [INFO] [1785765744.038019701] [charge_scheduler]: [执行事件] loop=fixed plan_v=3 C2 type=target_service target=25 station_ord=0 planned_finish=344.80 actual_finish=344.80 dev=+0.00 injected=0.0
[charge_scheduler-1] [INFO] [1785765744.038028980] [charge_scheduler]: [执行事件] loop=fixed plan_v=3 C3 type=station_turnaround target=-1 station_ord=2 planned_finish=347.87 actual_finish=347.87 dev=+0.00 injected=0.0
[charge_scheduler-1] [INFO] [1785765744.038037601] [charge_scheduler]: [执行事件] loop=fixed plan_v=3 C2 type=final_return target=-1 station_ord=0 planned_finish=349.74 actual_finish=349.74 dev=+0.00 injected=0.0
[charge_scheduler-1] [INFO] [1785765744.038045526] [charge_scheduler]: [执行事件] loop=fixed plan_v=3 C1 type=target_service target=26 station_ord=0 planned_finish=356.00 actual_finish=356.00 dev=+0.00 injected=0.0
[charge_scheduler-1] [INFO] [1785765744.038054281] [charge_scheduler]: [执行事件] loop=fixed plan_v=3 C3 type=target_service target=2 station_ord=0 planned_finish=397.66 actual_finish=397.66 dev=+0.00 injected=0.0
[charge_scheduler-1] [INFO] [1785765744.038063844] [charge_scheduler]: [执行事件] loop=fixed plan_v=3 C1 type=target_service target=20 station_ord=0 planned_finish=403.02 actual_finish=403.02 dev=+0.00 injected=0.0
[charge_scheduler-1] [INFO] [1785765744.038072199] [charge_scheduler]: [执行事件] loop=fixed plan_v=3 C1 type=station_turnaround target=-1 station_ord=3 planned_finish=415.48 actual_finish=415.48 dev=+0.00 injected=0.0
[charge_scheduler-1] [INFO] [1785765744.038081097] [charge_scheduler]: [执行事件] loop=fixed plan_v=3 C1 type=target_service target=14 station_ord=0 planned_finish=463.78 actual_finish=463.78 dev=+0.00 injected=0.0
[charge_scheduler-1] [INFO] [1785765744.038089160] [charge_scheduler]: [执行事件] loop=fixed plan_v=3 C1 type=final_return target=-1 station_ord=0 planned_finish=468.05 actual_finish=468.05 dev=+0.00 injected=0.0
[charge_scheduler-1] [INFO] [1785765744.038097211] [charge_scheduler]: [执行事件] loop=fixed plan_v=3 C3 type=target_service target=5 station_ord=0 planned_finish=442.53 actual_finish=502.53 dev=+60.00 injected=60.0
[charge_scheduler-1] [WARN] [1785765744.038151208] [charge_scheduler]: [重调度事件] policy=fixed #4 t=502.53min trigger=C3/target_service dev=+60.00 pool=1 committed=0 plan_v=4 solve_ms=0.0 changed_assign=0 changed_order=0
[charge_scheduler-1] [INFO] [1785765744.038163892] [charge_scheduler]: [执行事件] loop=fixed plan_v=4 C3 type=station_turnaround target=-1 station_ord=3 planned_finish=514.15 actual_finish=514.15 dev=+0.00 injected=0.0
[charge_scheduler-1] [INFO] [1785765744.038174253] [charge_scheduler]: [执行事件] loop=fixed plan_v=4 C3 type=target_service target=17 station_ord=0 planned_finish=559.51 actual_finish=559.51 dev=+0.00 injected=0.0
[charge_scheduler-1] [INFO] [1785765744.038183439] [charge_scheduler]: [执行事件] loop=fixed plan_v=4 C3 type=final_return target=-1 station_ord=0 planned_finish=561.44 actual_finish=561.44 dev=+0.00 injected=0.0
[charge_scheduler-1] [INFO] [1785765744.038209279] [charge_scheduler]: [执行事件] loop=global plan_v=0 C3 type=target_service target=27 station_ord=0 planned_finish=5.89 actual_finish=5.89 dev=+0.00 injected=0.0
[charge_scheduler-1] [INFO] [1785765744.038217999] [charge_scheduler]: [执行事件] loop=global plan_v=0 C1 type=target_service target=12 station_ord=0 planned_finish=8.50 actual_finish=8.50 dev=+0.00 injected=0.0
[charge_scheduler-1] [INFO] [1785765744.038227080] [charge_scheduler]: [执行事件] loop=global plan_v=0 C2 type=target_service target=4 station_ord=0 planned_finish=11.77 actual_finish=11.77 dev=+0.00 injected=0.0
[charge_scheduler-1] [INFO] [1785765744.038235959] [charge_scheduler]: [执行事件] loop=global plan_v=0 C1 type=target_service target=21 station_ord=0 planned_finish=16.66 actual_finish=16.66 dev=+0.00 injected=0.0
[charge_scheduler-1] [INFO] [1785765744.038250164] [charge_scheduler]: [执行事件] loop=global plan_v=0 C3 type=target_service target=7 station_ord=0 planned_finish=30.11 actual_finish=30.11 dev=+0.00 injected=0.0
[charge_scheduler-1] [INFO] [1785765744.038259983] [charge_scheduler]: [执行事件] loop=global plan_v=0 C2 type=target_service target=24 station_ord=0 planned_finish=33.04 actual_finish=33.04 dev=+0.00 injected=0.0
[charge_scheduler-1] [INFO] [1785765744.038281291] [charge_scheduler]: [执行事件] loop=global plan_v=0 C1 type=target_service target=3 station_ord=0 planned_finish=43.78 actual_finish=43.78 dev=+0.00 injected=0.0
[charge_scheduler-1] [INFO] [1785765744.038290240] [charge_scheduler]: [执行事件] loop=global plan_v=0 C2 type=target_service target=15 station_ord=0 planned_finish=66.35 actual_finish=66.35 dev=+0.00 injected=0.0
[charge_scheduler-1] [INFO] [1785765744.038298808] [charge_scheduler]: [执行事件] loop=global plan_v=0 C1 type=target_service target=28 station_ord=0 planned_finish=78.84 actual_finish=78.84 dev=+0.00 injected=0.0
[charge_scheduler-1] [INFO] [1785765744.038307504] [charge_scheduler]: [执行事件] loop=global plan_v=0 C2 type=target_service target=1 station_ord=0 planned_finish=93.74 actual_finish=93.74 dev=+0.00 injected=0.0
[charge_scheduler-1] [INFO] [1785765744.038316464] [charge_scheduler]: [执行事件] loop=global plan_v=0 C1 type=target_service target=9 station_ord=0 planned_finish=112.87 actual_finish=112.87 dev=+0.00 injected=0.0
[charge_scheduler-1] [INFO] [1785765744.038327361] [charge_scheduler]: [执行事件] loop=global plan_v=0 C2 type=target_service target=18 station_ord=0 planned_finish=122.99 actual_finish=122.99 dev=+0.00 injected=0.0
[charge_scheduler-1] [INFO] [1785765744.038336921] [charge_scheduler]: [执行事件] loop=global plan_v=0 C3 type=target_service target=22 station_ord=0 planned_finish=63.61 actual_finish=123.61 dev=+60.00 injected=60.0
[charge_scheduler-1] [WARN] [1785765746.540071951] [charge_scheduler]: [重调度事件] policy=global #1 t=123.61min trigger=C3/target_service dev=+60.00 pool=17 committed=0 plan_v=1 solve_ms=2501.7 changed_assign=10 changed_order=16
[charge_scheduler-1] [INFO] [1785765746.540120854] [charge_scheduler]: [执行事件] loop=global plan_v=0 C2 type=station_turnaround target=-1 station_ord=1 planned_finish=135.03 actual_finish=135.03 dev=+0.00 injected=0.0
[charge_scheduler-1] [INFO] [1785765746.540133742] [charge_scheduler]: [执行事件] loop=global plan_v=1 C3 type=target_service target=6 station_ord=0 planned_finish=163.02 actual_finish=163.02 dev=+0.00 injected=0.0
[charge_scheduler-1] [INFO] [1785765746.540145879] [charge_scheduler]: [执行事件] loop=global plan_v=1 C2 type=target_service target=20 station_ord=0 planned_finish=177.02 actual_finish=177.02 dev=+0.00 injected=0.0
[charge_scheduler-1] [INFO] [1785765746.540155226] [charge_scheduler]: [执行事件] loop=global plan_v=0 C1 type=station_turnaround target=-1 station_ord=1 planned_finish=125.21 actual_finish=185.21 dev=+60.00 injected=60.0
[charge_scheduler-1] [WARN] [1785765747.831852036] [charge_scheduler]: [重调度事件] policy=global #2 t=185.21min trigger=C1/station_turnaround dev=+60.00 pool=14 committed=1 plan_v=2 solve_ms=1291.7 changed_assign=9 changed_order=11
[charge_scheduler-1] [INFO] [1785765747.831896082] [charge_scheduler]: [执行事件] loop=global plan_v=1 C2 type=target_service target=16 station_ord=0 planned_finish=215.56 actual_finish=215.56 dev=+0.00 injected=0.0
[charge_scheduler-1] [INFO] [1785765747.831906579] [charge_scheduler]: [执行事件] loop=global plan_v=2 C1 type=target_service target=8 station_ord=0 planned_finish=224.93 actual_finish=224.93 dev=+0.00 injected=0.0
[charge_scheduler-1] [INFO] [1785765747.831913027] [charge_scheduler]: [执行事件] loop=global plan_v=2 C2 type=station_turnaround target=-1 station_ord=2 planned_finish=227.89 actual_finish=227.89 dev=+0.00 injected=0.0
[charge_scheduler-1] [INFO] [1785765747.831919452] [charge_scheduler]: [执行事件] loop=global plan_v=1 C3 type=station_turnaround target=-1 station_ord=1 planned_finish=177.54 actual_finish=237.54 dev=+60.00 injected=60.0
[charge_scheduler-1] [WARN] [1785765748.493026129] [charge_scheduler]: [重调度事件] policy=global #3 t=237.54min trigger=C3/station_turnaround dev=+60.00 pool=11 committed=2 plan_v=3 solve_ms=661.1 changed_assign=4 changed_order=9
[charge_scheduler-1] [INFO] [1785765748.493066457] [charge_scheduler]: [执行事件] loop=global plan_v=2 C2 type=target_service target=10 station_ord=0 planned_finish=265.93 actual_finish=265.93 dev=+0.00 injected=0.0
[charge_scheduler-1] [INFO] [1785765748.493085263] [charge_scheduler]: [执行事件] loop=global plan_v=3 C3 type=target_service target=13 station_ord=0 planned_finish=274.47 actual_finish=274.47 dev=+0.00 injected=0.0
[charge_scheduler-1] [INFO] [1785765748.493106627] [charge_scheduler]: [执行事件] loop=global plan_v=2 C1 type=target_service target=23 station_ord=0 planned_finish=275.02 actual_finish=275.02 dev=+0.00 injected=0.0
[charge_scheduler-1] [INFO] [1785765748.493117317] [charge_scheduler]: [执行事件] loop=global plan_v=3 C1 type=station_turnaround target=-1 station_ord=2 planned_finish=287.16 actual_finish=287.16 dev=+0.00 injected=0.0
[charge_scheduler-1] [INFO] [1785765748.493123872] [charge_scheduler]: [执行事件] loop=global plan_v=3 C2 type=target_service target=0 station_ord=0 planned_finish=301.69 actual_finish=301.69 dev=+0.00 injected=0.0
[charge_scheduler-1] [INFO] [1785765748.493130193] [charge_scheduler]: [执行事件] loop=global plan_v=3 C3 type=target_service target=25 station_ord=0 planned_finish=311.75 actual_finish=311.75 dev=+0.00 injected=0.0
[charge_scheduler-1] [INFO] [1785765748.493136164] [charge_scheduler]: [执行事件] loop=global plan_v=3 C2 type=station_turnaround target=-1 station_ord=3 planned_finish=317.16 actual_finish=317.16 dev=+0.00 injected=0.0
[charge_scheduler-1] [INFO] [1785765748.493141951] [charge_scheduler]: [执行事件] loop=global plan_v=3 C3 type=station_turnaround target=-1 station_ord=2 planned_finish=326.68 actual_finish=326.68 dev=+0.00 injected=0.0
[charge_scheduler-1] [INFO] [1785765748.493147670] [charge_scheduler]: [执行事件] loop=global plan_v=3 C1 type=target_service target=14 station_ord=0 planned_finish=334.64 actual_finish=334.64 dev=+0.00 injected=0.0
[charge_scheduler-1] [INFO] [1785765748.493153487] [charge_scheduler]: [执行事件] loop=global plan_v=3 C2 type=target_service target=19 station_ord=0 planned_finish=357.91 actual_finish=357.91 dev=+0.00 injected=0.0
[charge_scheduler-1] [INFO] [1785765748.493159048] [charge_scheduler]: [执行事件] loop=global plan_v=3 C3 type=target_service target=29 station_ord=0 planned_finish=371.65 actual_finish=371.65 dev=+0.00 injected=0.0
[charge_scheduler-1] [INFO] [1785765748.493164732] [charge_scheduler]: [执行事件] loop=global plan_v=3 C1 type=target_service target=17 station_ord=0 planned_finish=382.27 actual_finish=382.27 dev=+0.00 injected=0.0
[charge_scheduler-1] [INFO] [1785765748.493170387] [charge_scheduler]: [执行事件] loop=global plan_v=3 C1 type=station_turnaround target=-1 station_ord=3 planned_finish=394.20 actual_finish=394.20 dev=+0.00 injected=0.0
[charge_scheduler-1] [INFO] [1785765748.493176029] [charge_scheduler]: [执行事件] loop=global plan_v=3 C2 type=target_service target=11 station_ord=0 planned_finish=403.55 actual_finish=403.55 dev=+0.00 injected=0.0
[charge_scheduler-1] [INFO] [1785765748.493181588] [charge_scheduler]: [执行事件] loop=global plan_v=3 C2 type=station_turnaround target=-1 station_ord=4 planned_finish=415.09 actual_finish=415.09 dev=+0.00 injected=0.0
[charge_scheduler-1] [INFO] [1785765748.493190840] [charge_scheduler]: [执行事件] loop=global plan_v=3 C3 type=target_service target=2 station_ord=0 planned_finish=420.31 actual_finish=420.31 dev=+0.00 injected=0.0
[charge_scheduler-1] [INFO] [1785765748.493196546] [charge_scheduler]: [执行事件] loop=global plan_v=3 C3 type=final_return target=-1 station_ord=0 planned_finish=422.95 actual_finish=422.95 dev=+0.00 injected=0.0
[charge_scheduler-1] [INFO] [1785765748.493202025] [charge_scheduler]: [执行事件] loop=global plan_v=3 C1 type=target_service target=26 station_ord=0 planned_finish=440.15 actual_finish=440.15 dev=+0.00 injected=0.0
[charge_scheduler-1] [INFO] [1785765748.493207373] [charge_scheduler]: [执行事件] loop=global plan_v=3 C1 type=final_return target=-1 station_ord=0 planned_finish=442.77 actual_finish=442.77 dev=+0.00 injected=0.0
[charge_scheduler-1] [INFO] [1785765748.493212636] [charge_scheduler]: [执行事件] loop=global plan_v=3 C2 type=target_service target=5 station_ord=0 planned_finish=462.04 actual_finish=522.04 dev=+60.00 injected=60.0
[charge_scheduler-1] [INFO] [1785765748.493219858] [charge_scheduler]: [执行事件] loop=global plan_v=3 C2 type=final_return target=-1 station_ord=0 planned_finish=463.66 actual_finish=523.66 dev=+60.00 injected=0.0
[charge_scheduler-1] [INFO] [1785765748.493233065] [charge_scheduler]: ★闭环实验结果 mode=open M=30 K=3 disturbance=combined delay=60.0 seed=4 N_late=13 T_overtime=1579.235 C_total=8414.432 makespan=565.020 served=30 energy_viol=2 reschedules=0 reschedule_ms=0.000 changed_assign=0 changed_order=0 applied_target=2 applied_station=2 initial_solve_ms=45477.430 objective_order=Nlate,Tover,Ctotal
[charge_scheduler-1] [INFO] [1785765748.493254649] [charge_scheduler]: ★闭环实验结果 mode=fixed M=30 K=3 disturbance=combined delay=60.0 seed=4 N_late=13 T_overtime=1412.079 C_total=8200.143 makespan=561.442 served=30 energy_viol=0 reschedules=4 reschedule_ms=884.788 changed_assign=0 changed_order=41 applied_target=2 applied_station=2 initial_solve_ms=45477.430 objective_order=Nlate,Tover,Ctotal
[charge_scheduler-1] [INFO] [1785765748.493263806] [charge_scheduler]: ★闭环实验收益 policy=fixed M=30 K=3 disturbance=combined delay=60.0 seed=4 recovered_late=0 overtime_reduction=167.156 distance_delta=-214.289 makespan_reduction=3.578
[charge_scheduler-1] [INFO] [1785765748.493270149] [charge_scheduler]: ★闭环实验结果 mode=closed M=30 K=3 disturbance=combined delay=60.0 seed=4 N_late=9 T_overtime=1318.740 C_total=8234.278 makespan=523.655 served=30 energy_viol=0 reschedules=3 reschedule_ms=4454.432 changed_assign=23 changed_order=36 applied_target=2 applied_station=2 initial_solve_ms=45477.430 objective_order=Nlate,Tover,Ctotal
[charge_scheduler-1] [INFO] [1785765748.493277856] [charge_scheduler]: ★闭环实验收益 policy=closed M=30 K=3 disturbance=combined delay=60.0 seed=4 recovered_late=4 overtime_reduction=260.496 distance_delta=-180.154 makespan_reduction=41.365
