[INFO] [launch]: All log files can be found below /root/.ros/log/2026-08-08-08-56-31-815751-YYYY-9948
[INFO] [launch]: Default logging verbosity is set to INFO
[INFO] [charge_scheduler-1]: process started with pid [9949]
[charge_scheduler-1] [INFO] [1786179391.943376061] [charge_scheduler]: [目标顺序] objective_order=Tover,Nlate,Ctotal
[charge_scheduler-1] [INFO] [1786179391.944022713] [charge_scheduler]: [Scheduler] 30辆车 | 电池800.0kWh(20%=160.0 80%=640.0) | 充电360kW效率97% | 行驶0.6kWh/km | 桩350kW
[charge_scheduler-1] [INFO] [1786179391.944072290] [charge_scheduler]: [Scheduler] 站端周转: 换电 10 min(换后满电) | 单趟可用 640 kWh
[charge_scheduler-1] [INFO] [1786179391.944087033] [charge_scheduler]:   车#0 [电动装载机282|light] 位置(3889.6,73764.7) 容量282kWh 剩余35% | α=6→6min/% τ=168min → 需130.8kWh(充21.2min)
[charge_scheduler-1] [INFO] [1786179391.944105438] [charge_scheduler]:   车#1 [重型叉车|light] 位置(3778.9,73807.0) 容量200kWh 剩余20% | α=6→6min/% τ=96min → 需123.7kWh(充20.0min)
[charge_scheduler-1] [INFO] [1786179391.944120706] [charge_scheduler]:   车#2 [电动装载机350|light] 位置(3794.9,73804.6) 容量350kWh 剩余50% | α=6→6min/% τ=288min → 需108.2kWh(充17.5min)
[charge_scheduler-1] [INFO] [1786179391.944134362] [charge_scheduler]:   车#3 [重型叉车|light] 位置(3806.9,73760.3) 容量200kWh 剩余10% | α=6→6min/% τ=32min → 需144.3kWh(充23.3min)
[charge_scheduler-1] [INFO] [1786179391.944148284] [charge_scheduler]:   车#4 [电动装载机282|heavy→降级] 位置(3705.1,73758.2) 容量282kWh 剩余60% | α=3→6min/% τ=212min → 需58.1kWh(充9.4min)
[charge_scheduler-1] [INFO] [1786179391.944162516] [charge_scheduler]:   车#5 [电动装载机350|light] 位置(3756.5,73770.2) 容量350kWh 剩余25% | α=6→6min/% τ=128min → 需198.5kWh(充32.1min)
[charge_scheduler-1] [INFO] [1786179391.944210306] [charge_scheduler]:   车#6 [电动装载机350|heavy→降级] 位置(3887.4,73809.4) 容量350kWh 剩余40% | α=4→6min/% τ=176min → 需144.3kWh(充23.3min)
[charge_scheduler-1] [INFO] [1786179391.944231139] [charge_scheduler]:   车#7 [重型叉车|light] 位置(3899.0,73786.6) 容量200kWh 剩余15% | α=6→6min/% τ=64min → 需134.0kWh(充21.7min)
[charge_scheduler-1] [INFO] [1786179391.944246806] [charge_scheduler]:   车#8 [电动装载机282|heavy→降级] 位置(3689.7,73663.1) 容量282kWh 剩余55% | α=3→6min/% τ=196min → 需72.7kWh(充11.8min)
[charge_scheduler-1] [INFO] [1786179391.944260730] [charge_scheduler]:   车#9 [电动装载机282|heavy→降级] 位置(3748.4,73767.2) 容量282kWh 剩余30% | α=3→6min/% τ=116min → 需145.4kWh(充23.5min)
[charge_scheduler-1] [INFO] [1786179391.944274398] [charge_scheduler]:   车#10 [电动装载机282|light] 位置(3865.2,73751.0) 容量282kWh 剩余45% | α=6→6min/% τ=224min → 需101.8kWh(充16.4min)
[charge_scheduler-1] [INFO] [1786179391.944288216] [charge_scheduler]:   车#11 [电动装载机350|light] 位置(3785.0,73749.2) 容量350kWh 剩余18% | α=6→6min/% τ=83min → 需223.7kWh(充36.2min)
[charge_scheduler-1] [INFO] [1786179391.944306680] [charge_scheduler]:   车#12 [重型叉车|heavy→降级] 位置(3811.5,73799.9) 容量200kWh 剩余62% | α=3→6min/% τ=230min → 需37.1kWh(充6.0min)
[charge_scheduler-1] [INFO] [1786179391.944321104] [charge_scheduler]:   车#13 [电动装载机282|light] 位置(3810.8,73773.1) 容量282kWh 剩余28% | α=6→6min/% τ=129min → 需151.2kWh(充24.4min)
[charge_scheduler-1] [INFO] [1786179391.944409712] [charge_scheduler]:   车#14 [电动装载机350|light] 位置(3905.0,73793.5) 容量350kWh 剩余52% | α=6→6min/% τ=301min → 需101.0kWh(充16.3min)
[charge_scheduler-1] [INFO] [1786179391.944425482] [charge_scheduler]:   车#15 [重型叉车|light] 位置(3894.3,73756.9) 容量200kWh 剩余12% | α=6→6min/% τ=45min → 需140.2kWh(充22.7min)
[charge_scheduler-1] [INFO] [1786179391.944438948] [charge_scheduler]:   车#16 [电动装载机282|light] 位置(3818.5,73716.2) 容量282kWh 剩余38% | α=6→6min/% τ=185min → 需122.1kWh(充19.7min)
[charge_scheduler-1] [INFO] [1786179391.944452151] [charge_scheduler]:   车#17 [电动装载机350|light] 位置(3733.2,73772.4) 容量350kWh 剩余58% | α=6→6min/% τ=339min → 需79.4kWh(充12.8min)
[charge_scheduler-1] [INFO] [1786179391.944465367] [charge_scheduler]:   车#18 [重型叉车|heavy→降级] 位置(3764.7,73699.0) 容量200kWh 剩余22% | α=3→6min/% τ=102min → 需119.6kWh(充19.3min)
[charge_scheduler-1] [INFO] [1786179391.944484132] [charge_scheduler]:   车#19 [电动装载机282|light] 位置(3878.4,73747.9) 容量282kWh 剩余48% | α=6→6min/% τ=241min → 需93.0kWh(充15.0min)
[charge_scheduler-1] [INFO] [1786179391.944562720] [charge_scheduler]:   车#20 [电动装载机350|light] 位置(3740.3,73686.9) 容量350kWh 剩余33% | α=6→6min/% τ=179min → 需169.6kWh(充27.4min)
[charge_scheduler-1] [INFO] [1786179391.944598833] [charge_scheduler]:   车#21 [重型叉车|heavy→降级] 位置(3895.4,73811.9) 容量200kWh 剩余65% | α=3→6min/% τ=240min → 需30.9kWh(充5.0min)
[charge_scheduler-1] [INFO] [1786179391.944613878] [charge_scheduler]:   车#22 [电动装载机282|light] 位置(3876.0,73830.2) 容量282kWh 剩余16% | α=6→6min/% τ=62min → 需186.1kWh(充30.1min)
[charge_scheduler-1] [INFO] [1786179391.944627713] [charge_scheduler]:   车#23 [电动装载机350|light] 位置(3765.9,73790.3) 容量350kWh 剩余42% | α=6→6min/% τ=237min → 需137.1kWh(充22.2min)
[charge_scheduler-1] [INFO] [1786179391.944641381] [charge_scheduler]:   车#24 [重型叉车|heavy→降级] 位置(3637.1,73698.1) 容量200kWh 剩余25% | α=3→6min/% τ=112min → 需113.4kWh(充18.3min)
[charge_scheduler-1] [INFO] [1786179391.944655342] [charge_scheduler]:   车#25 [电动装载机282|light] 位置(3884.5,73833.1) 容量282kWh 剩余55% | α=6→6min/% τ=280min → 需72.7kWh(充11.8min)
[charge_scheduler-1] [INFO] [1786179391.944674113] [charge_scheduler]:   车#26 [电动装载机350|light] 位置(3699.3,73765.4) 容量350kWh 剩余30% | α=6→6min/% τ=160min → 需180.4kWh(充29.2min)
[charge_scheduler-1] [INFO] [1786179391.944688065] [charge_scheduler]:   车#27 [重型叉车|heavy→降级] 位置(3800.8,73717.7) 容量200kWh 剩余68% | α=3→6min/% τ=250min → 需24.7kWh(充4.0min)
[charge_scheduler-1] [INFO] [1786179391.944701889] [charge_scheduler]:   车#28 [电动装载机282|light] 位置(3825.0,73792.7) 容量282kWh 剩余20% | α=6→6min/% τ=84min → 需174.4kWh(充28.2min)
[charge_scheduler-1] [INFO] [1786179391.944715868] [charge_scheduler]:   车#29 [电动装载机350|light] 位置(3784.3,73759.0) 容量350kWh 剩余36% | α=6→6min/% τ=198min → 需158.8kWh(充25.7min)
[charge_scheduler-1] [INFO] [1786179391.953591839] [charge_scheduler]: [Scheduler] 闭环接口: threshold=10.0min | event_sim=off | policy=all | structured_feedback=optional (/task_planner/execution_event)
[charge_scheduler-1] [INFO] [1786179391.953634306] [charge_scheduler]: [Scheduler] 已启动, 等待地图...
[charge_scheduler-1] [INFO] [1786179391.953641845] [charge_scheduler]: [Scheduler] 充电车1接口: sequence/served/arrived_target/arrived_station/return_goal/task_complete 后缀=_1
[charge_scheduler-1] [INFO] [1786179391.953648114] [charge_scheduler]: [Scheduler] 充电车2接口: sequence/served/arrived_target/arrived_station/return_goal/task_complete 后缀=_2
[charge_scheduler-1] [INFO] [1786179391.953653408] [charge_scheduler]: [Scheduler] 充电车3接口: sequence/served/arrived_target/arrived_station/return_goal/task_complete 后缀=_3
[charge_scheduler-1] [INFO] [1786179392.049953041] [charge_scheduler]: [Scheduler] RoutingGraph 就绪
[charge_scheduler-1] [INFO] [1786179392.050413890] [charge_scheduler]: [Scheduler] 提取到 0 条虚线捷径
[charge_scheduler-1] [INFO] [1786179392.076211129] [charge_scheduler]: [Scheduler] 下层兼容增强图: 190 节点, 0 条虚线掉头边
[charge_scheduler-1] [INFO] [1786179432.992880211] [charge_scheduler]: [Scheduler] 距离矩阵完成 31x31, 40916.6 ms | 模式=dsp | ECD不可达=0 DSP不可达=0 抽象不可达=0 | 缺少对向投影节点=0 | 对向识别(ID/几何/法向)=0/0/0 | 单向驿站投影=0
[charge_scheduler-1] [INFO] [1786179432.992955809] [charge_scheduler]:   ✓ 比值自检：930 个 OD 满足 机动/直线≥1 | 均值=4.11 最大=62.63 (车#0→车#15)
[charge_scheduler-1] [INFO] [1786179432.992990672] [charge_scheduler]:   [DSP诊断] 有限OD=930 | DSP<ECD=0 | DSP/ECD均值=1.103 最大=13.873 | 最大非对称差=579.540m
[charge_scheduler-1] [INFO] [1786179432.993001356] [charge_scheduler]: [Scheduler] 地图就绪, 190 条 lanelet（与下层一致）
[charge_scheduler-1] [INFO] [1786179432.993054085] [charge_scheduler]: ======== 开始VRPTW调度 30 辆车 ========
[charge_scheduler-1] [INFO] [1786179432.993059226] [charge_scheduler]:   规模30>8 → 启发式(alns)
[charge_scheduler-1] [INFO] [1786179481.357170711] [charge_scheduler]: [ALNS] objective_order=Tover,Nlate,Ctotal seed=7 iters=15000 | N_late=12(成功率60.0%) T_overtime=230.1min C_total=7084.5m | 趟数=12 makespan=378.4min
[charge_scheduler-1] [INFO] [1786179481.357221359] [charge_scheduler]:   求解耗时 48364.2 ms
[charge_scheduler-1] [INFO] [1786179481.357235025] [charge_scheduler]: ════════ 调度结果 ════════
[charge_scheduler-1] [INFO] [1786179481.357263270] [charge_scheduler]:   ★目标(字典序): objective_order=Tover,Nlate,Ctotal | N_late=12 辆 (按时成功率 18/30 = 60.0%)  T_overtime=230.1min  C_total=7084.5m
[charge_scheduler-1] [INFO] [1786179481.357269611] [charge_scheduler]:   附: 趟数=12 | makespan=378.4min | 能量可行=是
[charge_scheduler-1] [INFO] [1786179481.357279254] [charge_scheduler]:   [充电车1] 趟1: 站 → 车#4(到2.1/限212.0✓) → 车#9(到14.0/限116.0✓) → 车#1(到40.5/限96.0✓) → 车#28(到63.6/限84.0✓) → 站
[charge_scheduler-1] [INFO] [1786179481.357285841] [charge_scheduler]:   [充电车2] 趟2: 站 → 车#12(到2.3/限230.4✓) → 车#21(到10.6/限240.0✓) → 车#15(到17.7/限44.8✓) → 车#3(到43.1/限32.0✗超时) → 车#11(到68.6/限83.2✓) → 站
[charge_scheduler-1] [INFO] [1786179481.357291945] [charge_scheduler]:   [充电车3] 趟3: 站 → 车#24(到3.0/限112.0✓) → 车#8(到23.7/限196.0✓) → 车#27(到40.9/限249.6✓) → 车#7(到51.3/限64.0✓) → 车#22(到76.5/限61.6✗超时) → 站
[charge_scheduler-1] [INFO] [1786179481.357296527] [charge_scheduler]:   [充电车3] 趟4: 站 → 车#13(到127.6/限128.8✓) → 车#16(到164.2/限184.8✓) → 站
[charge_scheduler-1] [INFO] [1786179481.357301831] [charge_scheduler]:   [充电车2] 趟5: 站 → 车#5(到125.7/限128.0✓) → 车#26(到171.7/限160.0✗超时) → 站
[charge_scheduler-1] [INFO] [1786179481.357307313] [charge_scheduler]:   [充电车1] 趟6: 站 → 车#18(到112.1/限102.4✗超时) → 车#0(到139.3/限168.0✓) → 车#6(到173.2/限176.0✓) → 站
[charge_scheduler-1] [INFO] [1786179481.357311926] [charge_scheduler]:   [充电车3] 趟7: 站 → 车#29(到211.3/限198.4✗超时) → 车#19(到259.4/限240.8✗超时) → 站
[charge_scheduler-1] [INFO] [1786179481.357316433] [charge_scheduler]:   [充电车2] 趟8: 站 → 车#10(到230.8/限224.0✗超时) → 车#23(到269.9/限236.8✗超时) → 站
[charge_scheduler-1] [INFO] [1786179481.357320979] [charge_scheduler]:   [充电车1] 趟9: 站 → 车#20(到233.3/限179.2✗超时) → 车#25(到281.5/限280.0✗超时) → 站
[charge_scheduler-1] [INFO] [1786179481.357325154] [charge_scheduler]:   [充电车1] 趟10: 站 → 车#17(到333.3/限339.2✓) → 站
[charge_scheduler-1] [INFO] [1786179481.357329262] [charge_scheduler]:   [充电车2] 趟11: 站 → 车#2(到331.8/限288.0✗超时) → 站
[charge_scheduler-1] [INFO] [1786179481.357333095] [charge_scheduler]:   [充电车3] 趟12: 站 → 车#14(到312.6/限300.8✗超时) → 站
[charge_scheduler-1] [INFO] [1786179481.357337003] [charge_scheduler]: ════════════════════════
[charge_scheduler-1] [WARN] [1786179481.357365399] [charge_scheduler]: ════ 耦合消融重放：DSP有向路网定序 → 同K ECD执行口径 ════
[charge_scheduler-1] [WARN] [1786179481.357369481] [charge_scheduler]:   【DSP有向路网仅生成顺序；K=3、能量、换电、分趟和并行时间线均按ECD执行一致机动距离重新解码】
[charge_scheduler-1] [WARN] [1786179481.357373369] [charge_scheduler]:   N_late=12 (按时率 18/30 = 60.0%)   T_overtime=230.1min   C_total=7084.5m   makespan=378.4min   能量违规=0   objective_order=Tover,Nlate,Ctotal
[charge_scheduler-1] [WARN] [1786179481.357379320] [charge_scheduler]:   逐辆到达时刻（ECD执行口径、同K解码）：
[charge_scheduler-1] [WARN] [1786179481.357382899] [charge_scheduler]:      车#0 到达 139.3 / 限 168.0 ✓
[charge_scheduler-1] [WARN] [1786179481.357387221] [charge_scheduler]:      车#1 到达 40.5 / 限 96.0 ✓
[charge_scheduler-1] [WARN] [1786179481.357391303] [charge_scheduler]:      车#2 到达 331.8 / 限 288.0 ✗超时
[charge_scheduler-1] [WARN] [1786179481.357395503] [charge_scheduler]:      车#3 到达 43.1 / 限 32.0 ✗超时
[charge_scheduler-1] [WARN] [1786179481.357399973] [charge_scheduler]:      车#4 到达 2.1 / 限 212.0 ✓
[charge_scheduler-1] [WARN] [1786179481.357403785] [charge_scheduler]:      车#5 到达 125.7 / 限 128.0 ✓
[charge_scheduler-1] [WARN] [1786179481.357407794] [charge_scheduler]:      车#6 到达 173.2 / 限 176.0 ✓
[charge_scheduler-1] [WARN] [1786179481.357411756] [charge_scheduler]:      车#7 到达 51.3 / 限 64.0 ✓
[charge_scheduler-1] [WARN] [1786179481.357415825] [charge_scheduler]:      车#8 到达 23.7 / 限 196.0 ✓
[charge_scheduler-1] [WARN] [1786179481.357419710] [charge_scheduler]:      车#9 到达 14.0 / 限 116.0 ✓
[charge_scheduler-1] [WARN] [1786179481.357423649] [charge_scheduler]:      车#10 到达 230.8 / 限 224.0 ✗超时
[charge_scheduler-1] [WARN] [1786179481.357429837] [charge_scheduler]:      车#11 到达 68.6 / 限 83.2 ✓
[charge_scheduler-1] [WARN] [1786179481.357434569] [charge_scheduler]:      车#12 到达 2.3 / 限 230.4 ✓
[charge_scheduler-1] [WARN] [1786179481.357438377] [charge_scheduler]:      车#13 到达 127.6 / 限 128.8 ✓
[charge_scheduler-1] [WARN] [1786179481.357442470] [charge_scheduler]:      车#14 到达 312.6 / 限 300.8 ✗超时
[charge_scheduler-1] [WARN] [1786179481.357446490] [charge_scheduler]:      车#15 到达 17.7 / 限 44.8 ✓
[charge_scheduler-1] [WARN] [1786179481.357450283] [charge_scheduler]:      车#16 到达 164.2 / 限 184.8 ✓
[charge_scheduler-1] [WARN] [1786179481.357454298] [charge_scheduler]:      车#17 到达 333.3 / 限 339.2 ✓
[charge_scheduler-1] [WARN] [1786179481.357458173] [charge_scheduler]:      车#18 到达 112.1 / 限 102.4 ✗超时
[charge_scheduler-1] [WARN] [1786179481.357462304] [charge_scheduler]:      车#19 到达 259.4 / 限 240.8 ✗超时
[charge_scheduler-1] [WARN] [1786179481.357466238] [charge_scheduler]:      车#20 到达 233.3 / 限 179.2 ✗超时
[charge_scheduler-1] [WARN] [1786179481.357470286] [charge_scheduler]:      车#21 到达 10.6 / 限 240.0 ✓
[charge_scheduler-1] [WARN] [1786179481.357474321] [charge_scheduler]:      车#22 到达 76.5 / 限 61.6 ✗超时
[charge_scheduler-1] [WARN] [1786179481.357478282] [charge_scheduler]:      车#23 到达 269.9 / 限 236.8 ✗超时
[charge_scheduler-1] [WARN] [1786179481.357482215] [charge_scheduler]:      车#24 到达 3.0 / 限 112.0 ✓
[charge_scheduler-1] [WARN] [1786179481.357486010] [charge_scheduler]:      车#25 到达 281.5 / 限 280.0 ✗超时
[charge_scheduler-1] [WARN] [1786179481.357489931] [charge_scheduler]:      车#26 到达 171.7 / 限 160.0 ✗超时
[charge_scheduler-1] [WARN] [1786179481.357493821] [charge_scheduler]:      车#27 到达 40.9 / 限 249.6 ✓
[charge_scheduler-1] [WARN] [1786179481.357497888] [charge_scheduler]:      车#28 到达 63.6 / 限 84.0 ✓
[charge_scheduler-1] [WARN] [1786179481.357501828] [charge_scheduler]:      车#29 到达 211.3 / 限 198.4 ✗超时
[charge_scheduler-1] [WARN] [1786179481.357508711] [charge_scheduler]:   DSP有向路网生成的固定访问顺序 = #4 #12 #24 #9 #21 #8 #15 #27 #1 #3 #7 #28 #11 #22 #18 #5 #13 #0 #16 #26 #6 #29 #10 #20 #19 #23 #25 #14 #2 #17 
[charge_scheduler-1] [WARN] [1786179481.357513009] [charge_scheduler]: ════════════════════════════════════════
[charge_scheduler-1] [INFO] [1786179481.357520173] [charge_scheduler]:   ⏱ 任务计时开始 (t=0)
[charge_scheduler-1] [INFO] [1786179481.357837622] [charge_scheduler]: [多车派发] 充电车1分配4趟、10辆目标车，开始独立逐任务派发
[charge_scheduler-1] [INFO] [1786179481.357887649] [charge_scheduler]:   → [充电车1] 第1/4趟 第1/4辆: 车#4 (3705.05,73758.23) | topic后缀=_1 | 承诺完成=11.77min
[charge_scheduler-1] [INFO] [1786179481.358195925] [charge_scheduler]: [多车派发] 充电车2分配4趟、10辆目标车，开始独立逐任务派发
[charge_scheduler-1] [INFO] [1786179481.358211735] [charge_scheduler]:   → [充电车2] 第1/4趟 第1/5辆: 车#12 (3811.54,73799.88) | topic后缀=_2 | 承诺完成=8.50min
[charge_scheduler-1] [INFO] [1786179481.358512477] [charge_scheduler]: [多车派发] 充电车3分配4趟、10辆目标车，开始独立逐任务派发
[charge_scheduler-1] [INFO] [1786179481.358526537] [charge_scheduler]:   → [充电车3] 第1/4趟 第1/5辆: 车#24 (3637.11,73698.07) | topic后缀=_3 | 承诺完成=21.63min
