[INFO] [launch]: All log files can be found below /root/.ros/log/2026-08-08-08-55-03-072667-YYYY-9660
[INFO] [launch]: Default logging verbosity is set to INFO
[INFO] [charge_scheduler-1]: process started with pid [9661]
[charge_scheduler-1] [INFO] [1786179303.199156760] [charge_scheduler]: [目标顺序] objective_order=Tover,Nlate,Ctotal
[charge_scheduler-1] [INFO] [1786179303.200321816] [charge_scheduler]: [Scheduler] 30辆车 | 电池800.0kWh(20%=160.0 80%=640.0) | 充电360kW效率97% | 行驶0.6kWh/km | 桩350kW
[charge_scheduler-1] [INFO] [1786179303.200379187] [charge_scheduler]: [Scheduler] 站端周转: 换电 10 min(换后满电) | 单趟可用 640 kWh
[charge_scheduler-1] [INFO] [1786179303.200395205] [charge_scheduler]:   车#0 [电动装载机282|light] 位置(3889.6,73764.7) 容量282kWh 剩余35% | α=6→6min/% τ=168min → 需130.8kWh(充21.2min)
[charge_scheduler-1] [INFO] [1786179303.200420926] [charge_scheduler]:   车#1 [重型叉车|light] 位置(3778.9,73807.0) 容量200kWh 剩余20% | α=6→6min/% τ=96min → 需123.7kWh(充20.0min)
[charge_scheduler-1] [INFO] [1786179303.200443598] [charge_scheduler]:   车#2 [电动装载机350|light] 位置(3794.9,73804.6) 容量350kWh 剩余50% | α=6→6min/% τ=288min → 需108.2kWh(充17.5min)
[charge_scheduler-1] [INFO] [1786179303.200464115] [charge_scheduler]:   车#3 [重型叉车|light] 位置(3806.9,73760.3) 容量200kWh 剩余10% | α=6→6min/% τ=32min → 需144.3kWh(充23.3min)
[charge_scheduler-1] [INFO] [1786179303.200485327] [charge_scheduler]:   车#4 [电动装载机282|heavy→降级] 位置(3705.1,73758.2) 容量282kWh 剩余60% | α=3→6min/% τ=212min → 需58.1kWh(充9.4min)
[charge_scheduler-1] [INFO] [1786179303.200506432] [charge_scheduler]:   车#5 [电动装载机350|light] 位置(3756.5,73770.2) 容量350kWh 剩余25% | α=6→6min/% τ=128min → 需198.5kWh(充32.1min)
[charge_scheduler-1] [INFO] [1786179303.200527038] [charge_scheduler]:   车#6 [电动装载机350|heavy→降级] 位置(3887.4,73809.4) 容量350kWh 剩余40% | α=4→6min/% τ=176min → 需144.3kWh(充23.3min)
[charge_scheduler-1] [INFO] [1786179303.200547964] [charge_scheduler]:   车#7 [重型叉车|light] 位置(3899.0,73786.6) 容量200kWh 剩余15% | α=6→6min/% τ=64min → 需134.0kWh(充21.7min)
[charge_scheduler-1] [INFO] [1786179303.200578536] [charge_scheduler]:   车#8 [电动装载机282|heavy→降级] 位置(3689.7,73663.1) 容量282kWh 剩余55% | α=3→6min/% τ=196min → 需72.7kWh(充11.8min)
[charge_scheduler-1] [INFO] [1786179303.200599561] [charge_scheduler]:   车#9 [电动装载机282|heavy→降级] 位置(3748.4,73767.2) 容量282kWh 剩余30% | α=3→6min/% τ=116min → 需145.4kWh(充23.5min)
[charge_scheduler-1] [INFO] [1786179303.200619337] [charge_scheduler]:   车#10 [电动装载机282|light] 位置(3865.2,73751.0) 容量282kWh 剩余45% | α=6→6min/% τ=224min → 需101.8kWh(充16.4min)
[charge_scheduler-1] [INFO] [1786179303.200639653] [charge_scheduler]:   车#11 [电动装载机350|light] 位置(3785.0,73749.2) 容量350kWh 剩余18% | α=6→6min/% τ=83min → 需223.7kWh(充36.2min)
[charge_scheduler-1] [INFO] [1786179303.200661412] [charge_scheduler]:   车#12 [重型叉车|heavy→降级] 位置(3811.5,73799.9) 容量200kWh 剩余62% | α=3→6min/% τ=230min → 需37.1kWh(充6.0min)
[charge_scheduler-1] [INFO] [1786179303.200683187] [charge_scheduler]:   车#13 [电动装载机282|light] 位置(3810.8,73773.1) 容量282kWh 剩余28% | α=6→6min/% τ=129min → 需151.2kWh(充24.4min)
[charge_scheduler-1] [INFO] [1786179303.200704683] [charge_scheduler]:   车#14 [电动装载机350|light] 位置(3905.0,73793.5) 容量350kWh 剩余52% | α=6→6min/% τ=301min → 需101.0kWh(充16.3min)
[charge_scheduler-1] [INFO] [1786179303.200729263] [charge_scheduler]:   车#15 [重型叉车|light] 位置(3894.3,73756.9) 容量200kWh 剩余12% | α=6→6min/% τ=45min → 需140.2kWh(充22.7min)
[charge_scheduler-1] [INFO] [1786179303.200748551] [charge_scheduler]:   车#16 [电动装载机282|light] 位置(3818.5,73716.2) 容量282kWh 剩余38% | α=6→6min/% τ=185min → 需122.1kWh(充19.7min)
[charge_scheduler-1] [INFO] [1786179303.200769455] [charge_scheduler]:   车#17 [电动装载机350|light] 位置(3733.2,73772.4) 容量350kWh 剩余58% | α=6→6min/% τ=339min → 需79.4kWh(充12.8min)
[charge_scheduler-1] [INFO] [1786179303.200797483] [charge_scheduler]:   车#18 [重型叉车|heavy→降级] 位置(3764.7,73699.0) 容量200kWh 剩余22% | α=3→6min/% τ=102min → 需119.6kWh(充19.3min)
[charge_scheduler-1] [INFO] [1786179303.200818273] [charge_scheduler]:   车#19 [电动装载机282|light] 位置(3878.4,73747.9) 容量282kWh 剩余48% | α=6→6min/% τ=241min → 需93.0kWh(充15.0min)
[charge_scheduler-1] [INFO] [1786179303.200881050] [charge_scheduler]:   车#20 [电动装载机350|light] 位置(3740.3,73686.9) 容量350kWh 剩余33% | α=6→6min/% τ=179min → 需169.6kWh(充27.4min)
[charge_scheduler-1] [INFO] [1786179303.200907247] [charge_scheduler]:   车#21 [重型叉车|heavy→降级] 位置(3895.4,73811.9) 容量200kWh 剩余65% | α=3→6min/% τ=240min → 需30.9kWh(充5.0min)
[charge_scheduler-1] [INFO] [1786179303.200929210] [charge_scheduler]:   车#22 [电动装载机282|light] 位置(3876.0,73830.2) 容量282kWh 剩余16% | α=6→6min/% τ=62min → 需186.1kWh(充30.1min)
[charge_scheduler-1] [INFO] [1786179303.200950839] [charge_scheduler]:   车#23 [电动装载机350|light] 位置(3765.9,73790.3) 容量350kWh 剩余42% | α=6→6min/% τ=237min → 需137.1kWh(充22.2min)
[charge_scheduler-1] [INFO] [1786179303.200972301] [charge_scheduler]:   车#24 [重型叉车|heavy→降级] 位置(3637.1,73698.1) 容量200kWh 剩余25% | α=3→6min/% τ=112min → 需113.4kWh(充18.3min)
[charge_scheduler-1] [INFO] [1786179303.200993522] [charge_scheduler]:   车#25 [电动装载机282|light] 位置(3884.5,73833.1) 容量282kWh 剩余55% | α=6→6min/% τ=280min → 需72.7kWh(充11.8min)
[charge_scheduler-1] [INFO] [1786179303.201014182] [charge_scheduler]:   车#26 [电动装载机350|light] 位置(3699.3,73765.4) 容量350kWh 剩余30% | α=6→6min/% τ=160min → 需180.4kWh(充29.2min)
[charge_scheduler-1] [INFO] [1786179303.201034829] [charge_scheduler]:   车#27 [重型叉车|heavy→降级] 位置(3800.8,73717.7) 容量200kWh 剩余68% | α=3→6min/% τ=250min → 需24.7kWh(充4.0min)
[charge_scheduler-1] [INFO] [1786179303.201058914] [charge_scheduler]:   车#28 [电动装载机282|light] 位置(3825.0,73792.7) 容量282kWh 剩余20% | α=6→6min/% τ=84min → 需174.4kWh(充28.2min)
[charge_scheduler-1] [INFO] [1786179303.201080996] [charge_scheduler]:   车#29 [电动装载机350|light] 位置(3784.3,73759.0) 容量350kWh 剩余36% | α=6→6min/% τ=198min → 需158.8kWh(充25.7min)
[charge_scheduler-1] [INFO] [1786179303.219284296] [charge_scheduler]: [Scheduler] 闭环接口: threshold=10.0min | event_sim=off | policy=all | structured_feedback=optional (/task_planner/execution_event)
[charge_scheduler-1] [INFO] [1786179303.219323006] [charge_scheduler]: [Scheduler] 已启动, 等待地图...
[charge_scheduler-1] [INFO] [1786179303.219329745] [charge_scheduler]: [Scheduler] 充电车1接口: sequence/served/arrived_target/arrived_station/return_goal/task_complete 后缀=_1
[charge_scheduler-1] [INFO] [1786179303.219382163] [charge_scheduler]: [Scheduler] 充电车2接口: sequence/served/arrived_target/arrived_station/return_goal/task_complete 后缀=_2
[charge_scheduler-1] [INFO] [1786179303.219393350] [charge_scheduler]: [Scheduler] 充电车3接口: sequence/served/arrived_target/arrived_station/return_goal/task_complete 后缀=_3
[charge_scheduler-1] [INFO] [1786179303.320804621] [charge_scheduler]: [Scheduler] RoutingGraph 就绪
[charge_scheduler-1] [INFO] [1786179303.321237307] [charge_scheduler]: [Scheduler] 提取到 0 条虚线捷径
[charge_scheduler-1] [INFO] [1786179303.350383085] [charge_scheduler]: [Scheduler] 下层兼容增强图: 190 节点, 0 条虚线掉头边
[charge_scheduler-1] [INFO] [1786179344.533754644] [charge_scheduler]: [Scheduler] 距离矩阵完成 31x31, 41183.3 ms | 模式=dsp | ECD不可达=0 DSP不可达=0 抽象不可达=0 | 缺少对向投影节点=0 | 对向识别(ID/几何/法向)=0/0/0 | 单向驿站投影=0
[charge_scheduler-1] [INFO] [1786179344.533833939] [charge_scheduler]:   ✓ 比值自检：930 个 OD 满足 机动/直线≥1 | 均值=4.11 最大=62.63 (车#0→车#15)
[charge_scheduler-1] [INFO] [1786179344.533869264] [charge_scheduler]:   [DSP诊断] 有限OD=930 | DSP<ECD=0 | DSP/ECD均值=1.103 最大=13.873 | 最大非对称差=579.540m
[charge_scheduler-1] [INFO] [1786179344.533880564] [charge_scheduler]: [Scheduler] 地图就绪, 190 条 lanelet（与下层一致）
[charge_scheduler-1] [INFO] [1786179344.533928271] [charge_scheduler]: ======== 开始VRPTW调度 30 辆车 ========
[charge_scheduler-1] [INFO] [1786179344.533933591] [charge_scheduler]:   规模30>8 → 启发式(alns)
[charge_scheduler-1] [INFO] [1786179390.184163895] [charge_scheduler]: [ALNS] objective_order=Tover,Nlate,Ctotal seed=6 iters=15000 | N_late=12(成功率60.0%) T_overtime=225.7min C_total=7511.4m | 趟数=12 makespan=379.2min
[charge_scheduler-1] [INFO] [1786179390.184213341] [charge_scheduler]:   求解耗时 45650.3 ms
[charge_scheduler-1] [INFO] [1786179390.184221050] [charge_scheduler]: ════════ 调度结果 ════════
[charge_scheduler-1] [INFO] [1786179390.184264659] [charge_scheduler]:   ★目标(字典序): objective_order=Tover,Nlate,Ctotal | N_late=12 辆 (按时成功率 18/30 = 60.0%)  T_overtime=225.7min  C_total=7511.4m
[charge_scheduler-1] [INFO] [1786179390.184272184] [charge_scheduler]:   附: 趟数=12 | makespan=379.2min | 能量可行=是
[charge_scheduler-1] [INFO] [1786179390.184283029] [charge_scheduler]:   [充电车1] 趟1: 站 → 车#4(到2.1/限212.0✓) → 车#8(到15.3/限196.0✓) → 车#27(到31.3/限249.6✓) → 车#7(到40.7/限64.0✓) → 车#22(到65.3/限61.6✗超时) → 站
[charge_scheduler-1] [INFO] [1786179390.184289100] [charge_scheduler]:   [充电车3] 趟2: 站 → 车#9(到1.2/限116.0✓) → 车#1(到25.8/限96.0✓) → 车#28(到48.2/限84.0✓) → 车#18(到84.0/限102.4✓) → 站
[charge_scheduler-1] [INFO] [1786179390.184295603] [charge_scheduler]:   [充电车2] 趟3: 站 → 车#12(到2.3/限230.4✓) → 车#21(到10.6/限240.0✓) → 车#15(到17.7/限44.8✓) → 车#3(到43.1/限32.0✗超时) → 车#11(到68.6/限83.2✓) → 站
[charge_scheduler-1] [INFO] [1786179390.184300567] [charge_scheduler]:   [充电车3] 趟4: 站 → 车#24(到123.0/限112.0✗超时) → 车#26(到152.1/限160.0✓) → 站
[charge_scheduler-1] [INFO] [1786179390.184305582] [charge_scheduler]:   [充电车2] 趟5: 站 → 车#5(到125.7/限128.0✓) → 车#20(到171.6/限179.2✓) → 站
[charge_scheduler-1] [INFO] [1786179390.184311679] [charge_scheduler]:   [充电车1] 趟6: 站 → 车#13(到116.4/限128.8✓) → 车#0(到152.2/限168.0✓) → 车#16(到190.6/限184.8✗超时) → 站
[charge_scheduler-1] [INFO] [1786179390.184316107] [charge_scheduler]:   [充电车3] 趟7: 站 → 车#29(到209.0/限198.4✗超时) → 车#23(到258.1/限236.8✗超时) → 站
[charge_scheduler-1] [INFO] [1786179390.184320834] [charge_scheduler]:   [充电车2] 趟8: 站 → 车#10(到229.9/限224.0✗超时) → 车#6(到266.5/限176.0✗超时) → 站
[charge_scheduler-1] [INFO] [1786179390.184325079] [charge_scheduler]:   [充电车1] 趟9: 站 → 车#19(到243.7/限240.8✗超时) → 车#25(到282.2/限280.0✗超时) → 站
[charge_scheduler-1] [INFO] [1786179390.184329213] [charge_scheduler]:   [充电车1] 趟10: 站 → 车#17(到334.0/限339.2✓) → 站
[charge_scheduler-1] [INFO] [1786179390.184333373] [charge_scheduler]:   [充电车2] 趟11: 站 → 车#2(到330.8/限288.0✗超时) → 站
[charge_scheduler-1] [INFO] [1786179390.184337173] [charge_scheduler]:   [充电车3] 趟12: 站 → 车#14(到318.6/限300.8✗超时) → 站
[charge_scheduler-1] [INFO] [1786179390.184340874] [charge_scheduler]: ════════════════════════
[charge_scheduler-1] [WARN] [1786179390.184370050] [charge_scheduler]: ════ 耦合消融重放：DSP有向路网定序 → 同K ECD执行口径 ════
[charge_scheduler-1] [WARN] [1786179390.184374242] [charge_scheduler]:   【DSP有向路网仅生成顺序；K=3、能量、换电、分趟和并行时间线均按ECD执行一致机动距离重新解码】
[charge_scheduler-1] [WARN] [1786179390.184378112] [charge_scheduler]:   N_late=12 (按时率 18/30 = 60.0%)   T_overtime=225.7min   C_total=7511.4m   makespan=379.2min   能量违规=0   objective_order=Tover,Nlate,Ctotal
[charge_scheduler-1] [WARN] [1786179390.184384119] [charge_scheduler]:   逐辆到达时刻（ECD执行口径、同K解码）：
[charge_scheduler-1] [WARN] [1786179390.184387830] [charge_scheduler]:      车#0 到达 152.2 / 限 168.0 ✓
[charge_scheduler-1] [WARN] [1786179390.184392291] [charge_scheduler]:      车#1 到达 25.8 / 限 96.0 ✓
[charge_scheduler-1] [WARN] [1786179390.184396431] [charge_scheduler]:      车#2 到达 330.8 / 限 288.0 ✗超时
[charge_scheduler-1] [WARN] [1786179390.184400502] [charge_scheduler]:      车#3 到达 43.1 / 限 32.0 ✗超时
[charge_scheduler-1] [WARN] [1786179390.184404472] [charge_scheduler]:      车#4 到达 2.1 / 限 212.0 ✓
[charge_scheduler-1] [WARN] [1786179390.184408407] [charge_scheduler]:      车#5 到达 125.7 / 限 128.0 ✓
[charge_scheduler-1] [WARN] [1786179390.184412479] [charge_scheduler]:      车#6 到达 266.5 / 限 176.0 ✗超时
[charge_scheduler-1] [WARN] [1786179390.184416517] [charge_scheduler]:      车#7 到达 40.7 / 限 64.0 ✓
[charge_scheduler-1] [WARN] [1786179390.184420366] [charge_scheduler]:      车#8 到达 15.3 / 限 196.0 ✓
[charge_scheduler-1] [WARN] [1786179390.184424186] [charge_scheduler]:      车#9 到达 1.2 / 限 116.0 ✓
[charge_scheduler-1] [WARN] [1786179390.184427955] [charge_scheduler]:      车#10 到达 229.9 / 限 224.0 ✗超时
[charge_scheduler-1] [WARN] [1786179390.184434824] [charge_scheduler]:      车#11 到达 68.6 / 限 83.2 ✓
[charge_scheduler-1] [WARN] [1786179390.184439615] [charge_scheduler]:      车#12 到达 2.3 / 限 230.4 ✓
[charge_scheduler-1] [WARN] [1786179390.184444049] [charge_scheduler]:      车#13 到达 116.4 / 限 128.8 ✓
[charge_scheduler-1] [WARN] [1786179390.184448195] [charge_scheduler]:      车#14 到达 318.6 / 限 300.8 ✗超时
[charge_scheduler-1] [WARN] [1786179390.184452287] [charge_scheduler]:      车#15 到达 17.7 / 限 44.8 ✓
[charge_scheduler-1] [WARN] [1786179390.184456143] [charge_scheduler]:      车#16 到达 190.6 / 限 184.8 ✗超时
[charge_scheduler-1] [WARN] [1786179390.184460071] [charge_scheduler]:      车#17 到达 334.0 / 限 339.2 ✓
[charge_scheduler-1] [WARN] [1786179390.184463963] [charge_scheduler]:      车#18 到达 84.0 / 限 102.4 ✓
[charge_scheduler-1] [WARN] [1786179390.184467905] [charge_scheduler]:      车#19 到达 243.7 / 限 240.8 ✗超时
[charge_scheduler-1] [WARN] [1786179390.184472012] [charge_scheduler]:      车#20 到达 171.6 / 限 179.2 ✓
[charge_scheduler-1] [WARN] [1786179390.184476286] [charge_scheduler]:      车#21 到达 10.6 / 限 240.0 ✓
[charge_scheduler-1] [WARN] [1786179390.184480397] [charge_scheduler]:      车#22 到达 65.3 / 限 61.6 ✗超时
[charge_scheduler-1] [WARN] [1786179390.184484482] [charge_scheduler]:      车#23 到达 258.1 / 限 236.8 ✗超时
[charge_scheduler-1] [WARN] [1786179390.184488566] [charge_scheduler]:      车#24 到达 123.0 / 限 112.0 ✗超时
[charge_scheduler-1] [WARN] [1786179390.184492651] [charge_scheduler]:      车#25 到达 282.2 / 限 280.0 ✗超时
[charge_scheduler-1] [WARN] [1786179390.184496703] [charge_scheduler]:      车#26 到达 152.1 / 限 160.0 ✓
[charge_scheduler-1] [WARN] [1786179390.184500869] [charge_scheduler]:      车#27 到达 31.3 / 限 249.6 ✓
[charge_scheduler-1] [WARN] [1786179390.184504935] [charge_scheduler]:      车#28 到达 48.2 / 限 84.0 ✓
[charge_scheduler-1] [WARN] [1786179390.184508884] [charge_scheduler]:      车#29 到达 209.0 / 限 198.4 ✗超时
[charge_scheduler-1] [WARN] [1786179390.184515664] [charge_scheduler]:   DSP有向路网生成的固定访问顺序 = #4 #12 #9 #8 #21 #15 #1 #27 #7 #3 #28 #22 #11 #18 #13 #24 #5 #0 #26 #20 #16 #29 #10 #19 #23 #6 #25 #14 #2 #17 
[charge_scheduler-1] [WARN] [1786179390.184519125] [charge_scheduler]: ════════════════════════════════════════
[charge_scheduler-1] [INFO] [1786179390.184527289] [charge_scheduler]:   ⏱ 任务计时开始 (t=0)
[charge_scheduler-1] [INFO] [1786179390.184843012] [charge_scheduler]: [多车派发] 充电车1分配4趟、11辆目标车，开始独立逐任务派发
[charge_scheduler-1] [INFO] [1786179390.184893749] [charge_scheduler]:   → [充电车1] 第1/4趟 第1/5辆: 车#4 (3705.05,73758.23) | topic后缀=_1 | 承诺完成=11.77min
[charge_scheduler-1] [INFO] [1786179390.185189649] [charge_scheduler]: [多车派发] 充电车2分配4趟、10辆目标车，开始独立逐任务派发
[charge_scheduler-1] [INFO] [1786179390.185205707] [charge_scheduler]:   → [充电车2] 第1/4趟 第1/5辆: 车#12 (3811.54,73799.88) | topic后缀=_2 | 承诺完成=8.50min
[charge_scheduler-1] [INFO] [1786179390.185502252] [charge_scheduler]: [多车派发] 充电车3分配4趟、9辆目标车，开始独立逐任务派发
[charge_scheduler-1] [INFO] [1786179390.185516447] [charge_scheduler]:   → [充电车3] 第1/4趟 第1/4辆: 车#9 (3748.40,73767.21) | topic后缀=_3 | 承诺完成=24.86min
