[INFO] [launch]: All log files can be found below /root/.ros/log/2026-08-08-08-42-06-412442-YYYY-7056
[INFO] [launch]: Default logging verbosity is set to INFO
[INFO] [charge_scheduler-1]: process started with pid [7057]
[charge_scheduler-1] [INFO] [1786178526.551547126] [charge_scheduler]: [目标顺序] objective_order=Tover,Nlate,Ctotal
[charge_scheduler-1] [INFO] [1786178526.552171394] [charge_scheduler]: [Scheduler] 20辆车 | 电池800.0kWh(20%=160.0 80%=640.0) | 充电360kW效率97% | 行驶0.6kWh/km | 桩350kW
[charge_scheduler-1] [INFO] [1786178526.552210169] [charge_scheduler]: [Scheduler] 站端周转: 换电 10 min(换后满电) | 单趟可用 640 kWh
[charge_scheduler-1] [INFO] [1786178526.552221722] [charge_scheduler]:   车#0 [电动装载机282|light] 位置(3865.2,73751.0) 容量282kWh 剩余35% | α=6→6min/% τ=168min → 需130.8kWh(充21.2min)
[charge_scheduler-1] [INFO] [1786178526.552247682] [charge_scheduler]:   车#1 [重型叉车|light] 位置(3785.0,73749.2) 容量200kWh 剩余20% | α=6→6min/% τ=96min → 需123.7kWh(充20.0min)
[charge_scheduler-1] [INFO] [1786178526.552264992] [charge_scheduler]:   车#2 [电动装载机350|light] 位置(3811.5,73799.9) 容量350kWh 剩余50% | α=6→6min/% τ=288min → 需108.2kWh(充17.5min)
[charge_scheduler-1] [INFO] [1786178526.552281098] [charge_scheduler]:   车#3 [重型叉车|light] 位置(3810.8,73773.1) 容量200kWh 剩余10% | α=6→6min/% τ=32min → 需144.3kWh(充23.3min)
[charge_scheduler-1] [INFO] [1786178526.552301520] [charge_scheduler]:   车#4 [电动装载机282|heavy→降级] 位置(3905.0,73793.5) 容量282kWh 剩余60% | α=3→6min/% τ=212min → 需58.1kWh(充9.4min)
[charge_scheduler-1] [INFO] [1786178526.552318109] [charge_scheduler]:   车#5 [电动装载机350|light] 位置(3894.3,73756.9) 容量350kWh 剩余25% | α=6→6min/% τ=128min → 需198.5kWh(充32.1min)
[charge_scheduler-1] [INFO] [1786178526.552334469] [charge_scheduler]:   车#6 [电动装载机350|heavy→降级] 位置(3818.5,73716.2) 容量350kWh 剩余40% | α=4→6min/% τ=176min → 需144.3kWh(充23.3min)
[charge_scheduler-1] [INFO] [1786178526.552350440] [charge_scheduler]:   车#7 [重型叉车|light] 位置(3733.2,73772.4) 容量200kWh 剩余15% | α=6→6min/% τ=64min → 需134.0kWh(充21.7min)
[charge_scheduler-1] [INFO] [1786178526.552374346] [charge_scheduler]:   车#8 [电动装载机282|heavy→降级] 位置(3764.7,73699.0) 容量282kWh 剩余55% | α=3→6min/% τ=196min → 需72.7kWh(充11.8min)
[charge_scheduler-1] [INFO] [1786178526.552390572] [charge_scheduler]:   车#9 [电动装载机282|heavy→降级] 位置(3878.4,73747.9) 容量282kWh 剩余30% | α=3→6min/% τ=116min → 需145.4kWh(充23.5min)
[charge_scheduler-1] [INFO] [1786178526.552406453] [charge_scheduler]:   车#10 [电动装载机282|light] 位置(3740.3,73686.9) 容量282kWh 剩余45% | α=6→6min/% τ=224min → 需101.8kWh(充16.4min)
[charge_scheduler-1] [INFO] [1786178526.552425029] [charge_scheduler]:   车#11 [电动装载机350|light] 位置(3895.4,73811.9) 容量350kWh 剩余18% | α=6→6min/% τ=83min → 需223.7kWh(充36.2min)
[charge_scheduler-1] [INFO] [1786178526.552440727] [charge_scheduler]:   车#12 [重型叉车|heavy→降级] 位置(3876.0,73830.2) 容量200kWh 剩余62% | α=3→6min/% τ=230min → 需37.1kWh(充6.0min)
[charge_scheduler-1] [INFO] [1786178526.552456730] [charge_scheduler]:   车#13 [电动装载机282|light] 位置(3765.9,73790.3) 容量282kWh 剩余28% | α=6→6min/% τ=129min → 需151.2kWh(充24.4min)
[charge_scheduler-1] [INFO] [1786178526.552475113] [charge_scheduler]:   车#14 [电动装载机350|light] 位置(3637.1,73698.1) 容量350kWh 剩余52% | α=6→6min/% τ=301min → 需101.0kWh(充16.3min)
[charge_scheduler-1] [INFO] [1786178526.552490705] [charge_scheduler]:   车#15 [重型叉车|light] 位置(3884.5,73833.1) 容量200kWh 剩余12% | α=6→6min/% τ=45min → 需140.2kWh(充22.7min)
[charge_scheduler-1] [INFO] [1786178526.552506428] [charge_scheduler]:   车#16 [电动装载机282|light] 位置(3699.3,73765.4) 容量282kWh 剩余38% | α=6→6min/% τ=185min → 需122.1kWh(充19.7min)
[charge_scheduler-1] [INFO] [1786178526.552521580] [charge_scheduler]:   车#17 [电动装载机350|light] 位置(3800.8,73717.7) 容量350kWh 剩余58% | α=6→6min/% τ=339min → 需79.4kWh(充12.8min)
[charge_scheduler-1] [INFO] [1786178526.552537417] [charge_scheduler]:   车#18 [重型叉车|heavy→降级] 位置(3825.0,73792.7) 容量200kWh 剩余22% | α=3→6min/% τ=102min → 需119.6kWh(充19.3min)
[charge_scheduler-1] [INFO] [1786178526.552553203] [charge_scheduler]:   车#19 [电动装载机282|light] 位置(3784.3,73759.0) 容量282kWh 剩余48% | α=6→6min/% τ=241min → 需93.0kWh(充15.0min)
[charge_scheduler-1] [INFO] [1786178526.565315156] [charge_scheduler]: [Scheduler] 闭环接口: threshold=10.0min | event_sim=off | policy=all | structured_feedback=optional (/task_planner/execution_event)
[charge_scheduler-1] [INFO] [1786178526.565348740] [charge_scheduler]: [Scheduler] 已启动, 等待地图...
[charge_scheduler-1] [INFO] [1786178526.565358403] [charge_scheduler]: [Scheduler] 充电车1接口: sequence/served/arrived_target/arrived_station/return_goal/task_complete 后缀=_1
[charge_scheduler-1] [INFO] [1786178526.565362624] [charge_scheduler]: [Scheduler] 充电车2接口: sequence/served/arrived_target/arrived_station/return_goal/task_complete 后缀=_2
[charge_scheduler-1] [INFO] [1786178526.655124965] [charge_scheduler]: [Scheduler] RoutingGraph 就绪
[charge_scheduler-1] [INFO] [1786178526.655549489] [charge_scheduler]: [Scheduler] 提取到 0 条虚线捷径
[charge_scheduler-1] [INFO] [1786178526.684299531] [charge_scheduler]: [Scheduler] 下层兼容增强图: 190 节点, 0 条虚线掉头边
[charge_scheduler-1] [INFO] [1786178545.181859540] [charge_scheduler]: [Scheduler] 距离矩阵完成 21x21, 18497.5 ms | 模式=dsp | ECD不可达=0 DSP不可达=0 抽象不可达=0 | 缺少对向投影节点=0 | 对向识别(ID/几何/法向)=0/0/0 | 单向驿站投影=0
[charge_scheduler-1] [INFO] [1786178545.181917626] [charge_scheduler]:   ✓ 比值自检：420 个 OD 满足 机动/直线≥1 | 均值=3.73 最大=54.86 (车#15→车#12)
[charge_scheduler-1] [INFO] [1786178545.181938548] [charge_scheduler]:   [DSP诊断] 有限OD=420 | DSP<ECD=0 | DSP/ECD均值=1.107 最大=13.873 | 最大非对称差=579.540m
[charge_scheduler-1] [INFO] [1786178545.181949710] [charge_scheduler]: [Scheduler] 地图就绪, 190 条 lanelet（与下层一致）
[charge_scheduler-1] [INFO] [1786178545.181996531] [charge_scheduler]: ======== 开始VRPTW调度 20 辆车 ========
[charge_scheduler-1] [INFO] [1786178545.182001634] [charge_scheduler]:   规模20>8 → 启发式(alns)
[charge_scheduler-1] [INFO] [1786178556.626577570] [charge_scheduler]: [ALNS] objective_order=Tover,Nlate,Ctotal seed=1 iters=15000 | N_late=9(成功率55.0%) T_overtime=191.5min C_total=5337.4m | 趟数=8 makespan=396.5min
[charge_scheduler-1] [INFO] [1786178556.626630798] [charge_scheduler]:   求解耗时 11444.6 ms
[charge_scheduler-1] [INFO] [1786178556.626638299] [charge_scheduler]: ════════ 调度结果 ════════
[charge_scheduler-1] [INFO] [1786178556.626642776] [charge_scheduler]:   ★目标(字典序): objective_order=Tover,Nlate,Ctotal | N_late=9 辆 (按时成功率 11/20 = 55.0%)  T_overtime=191.5min  C_total=5337.4m
[charge_scheduler-1] [INFO] [1786178556.626648700] [charge_scheduler]:   附: 趟数=8 | makespan=396.5min | 能量可行=是
[charge_scheduler-1] [INFO] [1786178556.626659123] [charge_scheduler]:   [充电车1] 趟1: 站 → 车#4(到4.6/限212.0✓) → 车#9(到15.7/限116.0✓) → 车#1(到43.3/限96.0✓) → 车#7(到66.8/限64.0✗超时) → 站
[charge_scheduler-1] [INFO] [1786178556.626665355] [charge_scheduler]:   [充电车2] 趟2: 站 → 车#8(到2.5/限196.0✓) → 车#3(到16.4/限32.0✓) → 车#15(到42.8/限44.8✓) → 车#5(到69.2/限128.0✓) → 站
[charge_scheduler-1] [INFO] [1786178556.626671126] [charge_scheduler]:   [充电车1] 趟3: 站 → 车#18(到106.7/限102.4✗超时) → 车#13(到136.6/限128.8✗超时) → 车#16(到174.8/限184.8✓) → 站
[charge_scheduler-1] [INFO] [1786178556.626676212] [charge_scheduler]:   [充电车2] 趟4: 站 → 车#11(到125.4/限83.2✗超时) → 车#0(到174.4/限168.0✗超时) → 车#12(到211.5/限230.4✓) → 站
[charge_scheduler-1] [INFO] [1786178556.626681931] [charge_scheduler]:   [充电车1] 趟5: 站 → 车#10(到223.9/限224.0✓) → 车#6(到262.8/限176.0✗超时) → 站
[charge_scheduler-1] [INFO] [1786178556.626686627] [charge_scheduler]:   [充电车2] 趟6: 站 → 车#19(到250.9/限240.8✗超时) → 车#2(到287.3/限288.0✓) → 站
[charge_scheduler-1] [INFO] [1786178556.626690496] [charge_scheduler]:   [充电车1] 趟7: 站 → 车#14(到321.9/限300.8✗超时) → 站
[charge_scheduler-1] [INFO] [1786178556.626694517] [charge_scheduler]:   [充电车2] 趟8: 站 → 车#17(到349.2/限339.2✗超时) → 站
[charge_scheduler-1] [INFO] [1786178556.626697619] [charge_scheduler]: ════════════════════════
[charge_scheduler-1] [WARN] [1786178556.626717834] [charge_scheduler]: ════ 耦合消融重放：DSP有向路网定序 → 同K ECD执行口径 ════
[charge_scheduler-1] [WARN] [1786178556.626722203] [charge_scheduler]:   【DSP有向路网仅生成顺序；K=2、能量、换电、分趟和并行时间线均按ECD执行一致机动距离重新解码】
[charge_scheduler-1] [WARN] [1786178556.626753512] [charge_scheduler]:   N_late=9 (按时率 11/20 = 55.0%)   T_overtime=191.5min   C_total=5337.4m   makespan=396.5min   能量违规=0   objective_order=Tover,Nlate,Ctotal
[charge_scheduler-1] [WARN] [1786178556.626759843] [charge_scheduler]:   逐辆到达时刻（ECD执行口径、同K解码）：
[charge_scheduler-1] [WARN] [1786178556.626763433] [charge_scheduler]:      车#0 到达 174.4 / 限 168.0 ✗超时
[charge_scheduler-1] [WARN] [1786178556.626767951] [charge_scheduler]:      车#1 到达 43.3 / 限 96.0 ✓
[charge_scheduler-1] [WARN] [1786178556.626772097] [charge_scheduler]:      车#2 到达 287.3 / 限 288.0 ✓
[charge_scheduler-1] [WARN] [1786178556.626777200] [charge_scheduler]:      车#3 到达 16.4 / 限 32.0 ✓
[charge_scheduler-1] [WARN] [1786178556.626780998] [charge_scheduler]:      车#4 到达 4.6 / 限 212.0 ✓
[charge_scheduler-1] [WARN] [1786178556.626784838] [charge_scheduler]:      车#5 到达 69.2 / 限 128.0 ✓
[charge_scheduler-1] [WARN] [1786178556.626788812] [charge_scheduler]:      车#6 到达 262.8 / 限 176.0 ✗超时
[charge_scheduler-1] [WARN] [1786178556.626792808] [charge_scheduler]:      车#7 到达 66.8 / 限 64.0 ✗超时
[charge_scheduler-1] [WARN] [1786178556.626796816] [charge_scheduler]:      车#8 到达 2.5 / 限 196.0 ✓
[charge_scheduler-1] [WARN] [1786178556.626800595] [charge_scheduler]:      车#9 到达 15.7 / 限 116.0 ✓
[charge_scheduler-1] [WARN] [1786178556.626804541] [charge_scheduler]:      车#10 到达 223.9 / 限 224.0 ✓
[charge_scheduler-1] [WARN] [1786178556.626809340] [charge_scheduler]:      车#11 到达 125.4 / 限 83.2 ✗超时
[charge_scheduler-1] [WARN] [1786178556.626813336] [charge_scheduler]:      车#12 到达 211.5 / 限 230.4 ✓
[charge_scheduler-1] [WARN] [1786178556.626817250] [charge_scheduler]:      车#13 到达 136.6 / 限 128.8 ✗超时
[charge_scheduler-1] [WARN] [1786178556.626821404] [charge_scheduler]:      车#14 到达 321.9 / 限 300.8 ✗超时
[charge_scheduler-1] [WARN] [1786178556.626825947] [charge_scheduler]:      车#15 到达 42.8 / 限 44.8 ✓
[charge_scheduler-1] [WARN] [1786178556.626829808] [charge_scheduler]:      车#16 到达 174.8 / 限 184.8 ✓
[charge_scheduler-1] [WARN] [1786178556.626833742] [charge_scheduler]:      车#17 到达 349.2 / 限 339.2 ✗超时
[charge_scheduler-1] [WARN] [1786178556.626837666] [charge_scheduler]:      车#18 到达 106.7 / 限 102.4 ✗超时
[charge_scheduler-1] [WARN] [1786178556.626841590] [charge_scheduler]:      车#19 到达 250.9 / 限 240.8 ✗超时
[charge_scheduler-1] [WARN] [1786178556.626847732] [charge_scheduler]:   DSP有向路网生成的固定访问顺序 = #4 #8 #3 #9 #1 #15 #7 #5 #18 #11 #13 #0 #16 #12 #10 #19 #6 #2 #14 #17 
[charge_scheduler-1] [WARN] [1786178556.626851506] [charge_scheduler]: ════════════════════════════════════════
[charge_scheduler-1] [INFO] [1786178556.626860173] [charge_scheduler]:   ⏱ 任务计时开始 (t=0)
[charge_scheduler-1] [INFO] [1786178556.627095372] [charge_scheduler]: [多车派发] 充电车1分配4趟、10辆目标车，开始独立逐任务派发
[charge_scheduler-1] [INFO] [1786178556.627148989] [charge_scheduler]:   → [充电车1] 第1/4趟 第1/4辆: 车#4 (3904.99,73793.46) | topic后缀=_1 | 承诺完成=14.62min
[charge_scheduler-1] [INFO] [1786178556.627366445] [charge_scheduler]: [多车派发] 充电车2分配4趟、10辆目标车，开始独立逐任务派发
[charge_scheduler-1] [INFO] [1786178556.627381771] [charge_scheduler]:   → [充电车2] 第1/4趟 第1/4辆: 车#8 (3764.73,73699.03) | topic后缀=_2 | 承诺完成=14.59min
