[INFO] [launch]: All log files can be found below /root/.ros/log/2026-08-08-08-40-43-954632-YYYY-6616
[INFO] [launch]: Default logging verbosity is set to INFO
[INFO] [charge_scheduler-1]: process started with pid [6617]
[charge_scheduler-1] [INFO] [1786178444.075628738] [charge_scheduler]: [目标顺序] objective_order=Tover,Nlate,Ctotal
[charge_scheduler-1] [INFO] [1786178444.076051045] [charge_scheduler]: [Scheduler] 10辆车 | 电池800.0kWh(20%=160.0 80%=640.0) | 充电360kW效率97% | 行驶0.6kWh/km | 桩350kW
[charge_scheduler-1] [INFO] [1786178444.076078929] [charge_scheduler]: [Scheduler] 站端周转: 换电 10 min(换后满电) | 单趟可用 640 kWh
[charge_scheduler-1] [INFO] [1786178444.076087610] [charge_scheduler]:   车#0 [电动装载机282|light] 位置(3806.9,73760.3) 容量282kWh 剩余35% | α=6→6min/% τ=168min → 需130.8kWh(充21.2min)
[charge_scheduler-1] [INFO] [1786178444.076101698] [charge_scheduler]:   车#1 [重型叉车|light] 位置(3905.0,73793.5) 容量200kWh 剩余20% | α=6→6min/% τ=96min → 需123.7kWh(充20.0min)
[charge_scheduler-1] [INFO] [1786178444.076113921] [charge_scheduler]:   车#2 [电动装载机350|light] 位置(3794.9,73804.6) 容量350kWh 剩余50% | α=6→6min/% τ=288min → 需108.2kWh(充17.5min)
[charge_scheduler-1] [INFO] [1786178444.076126947] [charge_scheduler]:   车#3 [重型叉车|light] 位置(3889.6,73764.7) 容量200kWh 剩余10% | α=6→6min/% τ=32min → 需144.3kWh(充23.3min)
[charge_scheduler-1] [INFO] [1786178444.076137904] [charge_scheduler]:   车#4 [电动装载机282|heavy→降级] 位置(3740.3,73686.9) 容量282kWh 剩余60% | α=3→6min/% τ=212min → 需58.1kWh(充9.4min)
[charge_scheduler-1] [INFO] [1786178444.076148172] [charge_scheduler]:   车#5 [电动装载机350|light] 位置(3865.2,73751.0) 容量350kWh 剩余25% | α=6→6min/% τ=128min → 需198.5kWh(充32.1min)
[charge_scheduler-1] [INFO] [1786178444.076161684] [charge_scheduler]:   车#6 [电动装载机350|heavy→降级] 位置(3811.5,73799.9) 容量350kWh 剩余40% | α=4→6min/% τ=176min → 需144.3kWh(充23.3min)
[charge_scheduler-1] [INFO] [1786178444.076172399] [charge_scheduler]:   车#7 [重型叉车|light] 位置(3884.5,73833.1) 容量200kWh 剩余15% | α=6→6min/% τ=64min → 需134.0kWh(充21.7min)
[charge_scheduler-1] [INFO] [1786178444.076184515] [charge_scheduler]:   车#8 [电动装载机282|heavy→降级] 位置(3756.5,73770.2) 容量282kWh 剩余55% | α=3→6min/% τ=196min → 需72.7kWh(充11.8min)
[charge_scheduler-1] [INFO] [1786178444.076194282] [charge_scheduler]:   车#9 [电动装载机282|heavy→降级] 位置(3765.9,73790.3) 容量282kWh 剩余30% | α=3→6min/% τ=116min → 需145.4kWh(充23.5min)
[charge_scheduler-1] [INFO] [1786178444.083609677] [charge_scheduler]: [Scheduler] 闭环接口: threshold=10.0min | event_sim=off | policy=all | structured_feedback=optional (/task_planner/execution_event)
[charge_scheduler-1] [INFO] [1786178444.083736398] [charge_scheduler]: [Scheduler] 已启动, 等待地图...
[charge_scheduler-1] [INFO] [1786178444.083745767] [charge_scheduler]: [Scheduler] 充电车1接口: sequence/served/arrived_target/arrived_station/return_goal/task_complete 后缀=_1
[charge_scheduler-1] [INFO] [1786178444.165668792] [charge_scheduler]: [Scheduler] RoutingGraph 就绪
[charge_scheduler-1] [INFO] [1786178444.166259266] [charge_scheduler]: [Scheduler] 提取到 0 条虚线捷径
[charge_scheduler-1] [INFO] [1786178444.199452387] [charge_scheduler]: [Scheduler] 下层兼容增强图: 190 节点, 0 条虚线掉头边
[charge_scheduler-1] [INFO] [1786178448.992596000] [charge_scheduler]: [Scheduler] 距离矩阵完成 11x11, 4793.1 ms | 模式=dsp | ECD不可达=0 DSP不可达=0 抽象不可达=0 | 缺少对向投影节点=0 | 对向识别(ID/几何/法向)=0/0/0 | 单向驿站投影=0
[charge_scheduler-1] [INFO] [1786178448.992652044] [charge_scheduler]:   ✓ 比值自检：110 个 OD 满足 机动/直线≥1 | 均值=3.98 最大=40.56 (车#6→车#2)
[charge_scheduler-1] [INFO] [1786178448.992669149] [charge_scheduler]:   [DSP诊断] 有限OD=110 | DSP<ECD=0 | DSP/ECD均值=1.212 最大=11.585 | 最大非对称差=579.540m
[charge_scheduler-1] [INFO] [1786178448.992683183] [charge_scheduler]: [Scheduler] 地图就绪, 190 条 lanelet（与下层一致）
[charge_scheduler-1] [INFO] [1786178448.992737930] [charge_scheduler]: ======== 开始VRPTW调度 10 辆车 ========
[charge_scheduler-1] [INFO] [1786178448.992745986] [charge_scheduler]:   规模10>8 → 启发式(alns)
[charge_scheduler-1] [INFO] [1786178450.369237280] [charge_scheduler]: [ALNS] objective_order=Tover,Nlate,Ctotal seed=1 iters=8000 | N_late=5(成功率50.0%) T_overtime=266.6min C_total=3186.9m | 趟数=4 makespan=381.0min
[charge_scheduler-1] [INFO] [1786178450.369282392] [charge_scheduler]:   求解耗时 1376.5 ms
[charge_scheduler-1] [INFO] [1786178450.369315517] [charge_scheduler]: ════════ 调度结果 ════════
[charge_scheduler-1] [INFO] [1786178450.369321085] [charge_scheduler]:   ★目标(字典序): objective_order=Tover,Nlate,Ctotal | N_late=5 辆 (按时成功率 5/10 = 50.0%)  T_overtime=266.6min  C_total=3186.9m
[charge_scheduler-1] [INFO] [1786178450.369327615] [charge_scheduler]:   附: 趟数=4 | makespan=381.0min | 能量可行=是
[charge_scheduler-1] [INFO] [1786178450.369337959] [charge_scheduler]:   趟1: 站 → 车#4(到2.1/限212.0✓) → 车#3(到14.4/限32.0✓) → 车#8(到42.4/限196.0✓) → 车#7(到63.8/限64.0✓) → 车#1(到89.6/限96.0✓) → 站
[charge_scheduler-1] [INFO] [1786178450.369343430] [charge_scheduler]:   趟2: 站 → 车#5(到131.3/限128.0✗超时) → 车#9(到178.9/限116.0✗超时) → 站
[charge_scheduler-1] [INFO] [1786178450.369348288] [charge_scheduler]:   趟3: 站 → 车#0(到229.6/限168.0✗超时) → 车#6(到268.2/限176.0✗超时) → 站
[charge_scheduler-1] [INFO] [1786178450.369353939] [charge_scheduler]:   趟4: 站 → 车#2(到334.6/限288.0✗超时) → 站
[charge_scheduler-1] [INFO] [1786178450.369357354] [charge_scheduler]: ════════════════════════
[charge_scheduler-1] [WARN] [1786178450.369379551] [charge_scheduler]: ════ 耦合消融重放：DSP有向路网定序 → 同K ECD执行口径 ════
[charge_scheduler-1] [WARN] [1786178450.369383647] [charge_scheduler]:   【DSP有向路网仅生成顺序；K=1、能量、换电、分趟和并行时间线均按ECD执行一致机动距离重新解码】
[charge_scheduler-1] [WARN] [1786178450.369387389] [charge_scheduler]:   N_late=5 (按时率 5/10 = 50.0%)   T_overtime=266.6min   C_total=3186.9m   makespan=381.0min   能量违规=0   objective_order=Tover,Nlate,Ctotal
[charge_scheduler-1] [WARN] [1786178450.369393791] [charge_scheduler]:   逐辆到达时刻（ECD执行口径、同K解码）：
[charge_scheduler-1] [WARN] [1786178450.369397352] [charge_scheduler]:      车#0 到达 229.6 / 限 168.0 ✗超时
[charge_scheduler-1] [WARN] [1786178450.369401773] [charge_scheduler]:      车#1 到达 89.6 / 限 96.0 ✓
[charge_scheduler-1] [WARN] [1786178450.369405857] [charge_scheduler]:      车#2 到达 334.6 / 限 288.0 ✗超时
[charge_scheduler-1] [WARN] [1786178450.369409962] [charge_scheduler]:      车#3 到达 14.4 / 限 32.0 ✓
[charge_scheduler-1] [WARN] [1786178450.369413872] [charge_scheduler]:      车#4 到达 2.1 / 限 212.0 ✓
[charge_scheduler-1] [WARN] [1786178450.369417736] [charge_scheduler]:      车#5 到达 131.3 / 限 128.0 ✗超时
[charge_scheduler-1] [WARN] [1786178450.369421832] [charge_scheduler]:      车#6 到达 268.2 / 限 176.0 ✗超时
[charge_scheduler-1] [WARN] [1786178450.369425914] [charge_scheduler]:      车#7 到达 63.8 / 限 64.0 ✓
[charge_scheduler-1] [WARN] [1786178450.369429851] [charge_scheduler]:      车#8 到达 42.4 / 限 196.0 ✓
[charge_scheduler-1] [WARN] [1786178450.369433799] [charge_scheduler]:      车#9 到达 178.9 / 限 116.0 ✗超时
[charge_scheduler-1] [WARN] [1786178450.369439289] [charge_scheduler]:   DSP有向路网生成的固定访问顺序 = #4 #3 #8 #7 #5 #9 #1 #0 #6 #2 
[charge_scheduler-1] [WARN] [1786178450.369442833] [charge_scheduler]: ════════════════════════════════════════
[charge_scheduler-1] [INFO] [1786178450.369449336] [charge_scheduler]:   ⏱ 任务计时开始 (t=0)
[charge_scheduler-1] [INFO] [1786178450.369916648] [charge_scheduler]:   → 趟1 第1辆: 车#4 [电动装载机282] (3740.35,73686.88) 容量282.00kWh 剩余60% | 承诺完成=11.78min plan_v=0
