[INFO] [launch]: All log files can be found below /root/.ros/log/2026-08-08-08-48-56-841555-YYYY-8464
[INFO] [launch]: Default logging verbosity is set to INFO
[INFO] [charge_scheduler-1]: process started with pid [8465]
[charge_scheduler-1] [INFO] [1786178936.958809898] [charge_scheduler]: [目标顺序] objective_order=Tover,Nlate,Ctotal
[charge_scheduler-1] [INFO] [1786178936.961579829] [charge_scheduler]: [Scheduler] 30辆车 | 电池800.0kWh(20%=160.0 80%=640.0) | 充电360kW效率97% | 行驶0.6kWh/km | 桩350kW
[charge_scheduler-1] [INFO] [1786178936.961620564] [charge_scheduler]: [Scheduler] 站端周转: 换电 10 min(换后满电) | 单趟可用 640 kWh
[charge_scheduler-1] [INFO] [1786178936.961629671] [charge_scheduler]:   车#0 [电动装载机282|light] 位置(3889.6,73764.7) 容量282kWh 剩余35% | α=6→6min/% τ=168min → 需130.8kWh(充21.2min)
[charge_scheduler-1] [INFO] [1786178936.961644053] [charge_scheduler]:   车#1 [重型叉车|light] 位置(3778.9,73807.0) 容量200kWh 剩余20% | α=6→6min/% τ=96min → 需123.7kWh(充20.0min)
[charge_scheduler-1] [INFO] [1786178936.961656760] [charge_scheduler]:   车#2 [电动装载机350|light] 位置(3794.9,73804.6) 容量350kWh 剩余50% | α=6→6min/% τ=288min → 需108.2kWh(充17.5min)
[charge_scheduler-1] [INFO] [1786178936.961668376] [charge_scheduler]:   车#3 [重型叉车|light] 位置(3806.9,73760.3) 容量200kWh 剩余10% | α=6→6min/% τ=32min → 需144.3kWh(充23.3min)
[charge_scheduler-1] [INFO] [1786178936.961680173] [charge_scheduler]:   车#4 [电动装载机282|heavy→降级] 位置(3705.1,73758.2) 容量282kWh 剩余60% | α=3→6min/% τ=212min → 需58.1kWh(充9.4min)
[charge_scheduler-1] [INFO] [1786178936.961692288] [charge_scheduler]:   车#5 [电动装载机350|light] 位置(3756.5,73770.2) 容量350kWh 剩余25% | α=6→6min/% τ=128min → 需198.5kWh(充32.1min)
[charge_scheduler-1] [INFO] [1786178936.961704081] [charge_scheduler]:   车#6 [电动装载机350|heavy→降级] 位置(3887.4,73809.4) 容量350kWh 剩余40% | α=4→6min/% τ=176min → 需144.3kWh(充23.3min)
[charge_scheduler-1] [INFO] [1786178936.961715736] [charge_scheduler]:   车#7 [重型叉车|light] 位置(3899.0,73786.6) 容量200kWh 剩余15% | α=6→6min/% τ=64min → 需134.0kWh(充21.7min)
[charge_scheduler-1] [INFO] [1786178936.961727543] [charge_scheduler]:   车#8 [电动装载机282|heavy→降级] 位置(3689.7,73663.1) 容量282kWh 剩余55% | α=3→6min/% τ=196min → 需72.7kWh(充11.8min)
[charge_scheduler-1] [INFO] [1786178936.961739714] [charge_scheduler]:   车#9 [电动装载机282|heavy→降级] 位置(3748.4,73767.2) 容量282kWh 剩余30% | α=3→6min/% τ=116min → 需145.4kWh(充23.5min)
[charge_scheduler-1] [INFO] [1786178936.961751458] [charge_scheduler]:   车#10 [电动装载机282|light] 位置(3865.2,73751.0) 容量282kWh 剩余45% | α=6→6min/% τ=224min → 需101.8kWh(充16.4min)
[charge_scheduler-1] [INFO] [1786178936.961763258] [charge_scheduler]:   车#11 [电动装载机350|light] 位置(3785.0,73749.2) 容量350kWh 剩余18% | α=6→6min/% τ=83min → 需223.7kWh(充36.2min)
[charge_scheduler-1] [INFO] [1786178936.961774572] [charge_scheduler]:   车#12 [重型叉车|heavy→降级] 位置(3811.5,73799.9) 容量200kWh 剩余62% | α=3→6min/% τ=230min → 需37.1kWh(充6.0min)
[charge_scheduler-1] [INFO] [1786178936.961786114] [charge_scheduler]:   车#13 [电动装载机282|light] 位置(3810.8,73773.1) 容量282kWh 剩余28% | α=6→6min/% τ=129min → 需151.2kWh(充24.4min)
[charge_scheduler-1] [INFO] [1786178936.961797409] [charge_scheduler]:   车#14 [电动装载机350|light] 位置(3905.0,73793.5) 容量350kWh 剩余52% | α=6→6min/% τ=301min → 需101.0kWh(充16.3min)
[charge_scheduler-1] [INFO] [1786178936.961809434] [charge_scheduler]:   车#15 [重型叉车|light] 位置(3894.3,73756.9) 容量200kWh 剩余12% | α=6→6min/% τ=45min → 需140.2kWh(充22.7min)
[charge_scheduler-1] [INFO] [1786178936.961823006] [charge_scheduler]:   车#16 [电动装载机282|light] 位置(3818.5,73716.2) 容量282kWh 剩余38% | α=6→6min/% τ=185min → 需122.1kWh(充19.7min)
[charge_scheduler-1] [INFO] [1786178936.961834625] [charge_scheduler]:   车#17 [电动装载机350|light] 位置(3733.2,73772.4) 容量350kWh 剩余58% | α=6→6min/% τ=339min → 需79.4kWh(充12.8min)
[charge_scheduler-1] [INFO] [1786178936.961846218] [charge_scheduler]:   车#18 [重型叉车|heavy→降级] 位置(3764.7,73699.0) 容量200kWh 剩余22% | α=3→6min/% τ=102min → 需119.6kWh(充19.3min)
[charge_scheduler-1] [INFO] [1786178936.961857509] [charge_scheduler]:   车#19 [电动装载机282|light] 位置(3878.4,73747.9) 容量282kWh 剩余48% | α=6→6min/% τ=241min → 需93.0kWh(充15.0min)
[charge_scheduler-1] [INFO] [1786178936.961912403] [charge_scheduler]:   车#20 [电动装载机350|light] 位置(3740.3,73686.9) 容量350kWh 剩余33% | α=6→6min/% τ=179min → 需169.6kWh(充27.4min)
[charge_scheduler-1] [INFO] [1786178936.961925333] [charge_scheduler]:   车#21 [重型叉车|heavy→降级] 位置(3895.4,73811.9) 容量200kWh 剩余65% | α=3→6min/% τ=240min → 需30.9kWh(充5.0min)
[charge_scheduler-1] [INFO] [1786178936.961937042] [charge_scheduler]:   车#22 [电动装载机282|light] 位置(3876.0,73830.2) 容量282kWh 剩余16% | α=6→6min/% τ=62min → 需186.1kWh(充30.1min)
[charge_scheduler-1] [INFO] [1786178936.961950219] [charge_scheduler]:   车#23 [电动装载机350|light] 位置(3765.9,73790.3) 容量350kWh 剩余42% | α=6→6min/% τ=237min → 需137.1kWh(充22.2min)
[charge_scheduler-1] [INFO] [1786178936.961962158] [charge_scheduler]:   车#24 [重型叉车|heavy→降级] 位置(3637.1,73698.1) 容量200kWh 剩余25% | α=3→6min/% τ=112min → 需113.4kWh(充18.3min)
[charge_scheduler-1] [INFO] [1786178936.961974156] [charge_scheduler]:   车#25 [电动装载机282|light] 位置(3884.5,73833.1) 容量282kWh 剩余55% | α=6→6min/% τ=280min → 需72.7kWh(充11.8min)
[charge_scheduler-1] [INFO] [1786178936.961986423] [charge_scheduler]:   车#26 [电动装载机350|light] 位置(3699.3,73765.4) 容量350kWh 剩余30% | α=6→6min/% τ=160min → 需180.4kWh(充29.2min)
[charge_scheduler-1] [INFO] [1786178936.961997917] [charge_scheduler]:   车#27 [重型叉车|heavy→降级] 位置(3800.8,73717.7) 容量200kWh 剩余68% | α=3→6min/% τ=250min → 需24.7kWh(充4.0min)
[charge_scheduler-1] [INFO] [1786178936.962008991] [charge_scheduler]:   车#28 [电动装载机282|light] 位置(3825.0,73792.7) 容量282kWh 剩余20% | α=6→6min/% τ=84min → 需174.4kWh(充28.2min)
[charge_scheduler-1] [INFO] [1786178936.962020806] [charge_scheduler]:   车#29 [电动装载机350|light] 位置(3784.3,73759.0) 容量350kWh 剩余36% | α=6→6min/% τ=198min → 需158.8kWh(充25.7min)
[charge_scheduler-1] [INFO] [1786178936.971973071] [charge_scheduler]: [Scheduler] 闭环接口: threshold=10.0min | event_sim=off | policy=all | structured_feedback=optional (/task_planner/execution_event)
[charge_scheduler-1] [INFO] [1786178936.972015502] [charge_scheduler]: [Scheduler] 已启动, 等待地图...
[charge_scheduler-1] [INFO] [1786178936.972027356] [charge_scheduler]: [Scheduler] 充电车1接口: sequence/served/arrived_target/arrived_station/return_goal/task_complete 后缀=_1
[charge_scheduler-1] [INFO] [1786178936.972045630] [charge_scheduler]: [Scheduler] 充电车2接口: sequence/served/arrived_target/arrived_station/return_goal/task_complete 后缀=_2
[charge_scheduler-1] [INFO] [1786178936.972054622] [charge_scheduler]: [Scheduler] 充电车3接口: sequence/served/arrived_target/arrived_station/return_goal/task_complete 后缀=_3
[charge_scheduler-1] [INFO] [1786178937.064270997] [charge_scheduler]: [Scheduler] RoutingGraph 就绪
[charge_scheduler-1] [INFO] [1786178937.064706355] [charge_scheduler]: [Scheduler] 提取到 0 条虚线捷径
[charge_scheduler-1] [INFO] [1786178937.090585906] [charge_scheduler]: [Scheduler] 下层兼容增强图: 190 节点, 0 条虚线掉头边
[charge_scheduler-1] [INFO] [1786178978.206591841] [charge_scheduler]: [Scheduler] 距离矩阵完成 31x31, 41115.9 ms | 模式=dsp | ECD不可达=0 DSP不可达=0 抽象不可达=0 | 缺少对向投影节点=0 | 对向识别(ID/几何/法向)=0/0/0 | 单向驿站投影=0
[charge_scheduler-1] [INFO] [1786178978.206665308] [charge_scheduler]:   ✓ 比值自检：930 个 OD 满足 机动/直线≥1 | 均值=4.11 最大=62.63 (车#0→车#15)
[charge_scheduler-1] [INFO] [1786178978.206699830] [charge_scheduler]:   [DSP诊断] 有限OD=930 | DSP<ECD=0 | DSP/ECD均值=1.103 最大=13.873 | 最大非对称差=579.540m
[charge_scheduler-1] [INFO] [1786178978.206711528] [charge_scheduler]: [Scheduler] 地图就绪, 190 条 lanelet（与下层一致）
[charge_scheduler-1] [INFO] [1786178978.206762215] [charge_scheduler]: ======== 开始VRPTW调度 30 辆车 ========
[charge_scheduler-1] [INFO] [1786178978.206767301] [charge_scheduler]:   规模30>8 → 启发式(alns)
[charge_scheduler-1] [INFO] [1786179024.732354541] [charge_scheduler]: [ALNS] objective_order=Tover,Nlate,Ctotal seed=2 iters=15000 | N_late=14(成功率53.3%) T_overtime=246.6min C_total=7029.2m | 趟数=11 makespan=384.9min
[charge_scheduler-1] [INFO] [1786179024.732400911] [charge_scheduler]:   求解耗时 46525.6 ms
[charge_scheduler-1] [INFO] [1786179024.732410115] [charge_scheduler]: ════════ 调度结果 ════════
[charge_scheduler-1] [INFO] [1786179024.732438990] [charge_scheduler]:   ★目标(字典序): objective_order=Tover,Nlate,Ctotal | N_late=14 辆 (按时成功率 16/30 = 53.3%)  T_overtime=246.6min  C_total=7029.2m
[charge_scheduler-1] [INFO] [1786179024.732445673] [charge_scheduler]:   附: 趟数=11 | makespan=384.9min | 能量可行=是
[charge_scheduler-1] [INFO] [1786179024.732457004] [charge_scheduler]:   [充电车2] 趟1: 站 → 车#4(到2.1/限212.0✓) → 车#13(到14.5/限128.8✓) → 车#7(到42.3/限64.0✓) → 车#22(到67.0/限61.6✗超时) → 站
[charge_scheduler-1] [INFO] [1786179024.732463609] [charge_scheduler]:   [充电车1] 趟2: 站 → 车#9(到1.2/限116.0✓) → 车#21(到28.0/限240.0✓) → 车#15(到37.0/限44.8✓) → 车#11(到63.7/限83.2✓) → 站
[charge_scheduler-1] [INFO] [1786179024.732469791] [charge_scheduler]:   [充电车3] 趟3: 站 → 车#8(到5.0/限196.0✓) → 车#27(到19.4/限249.6✓) → 车#3(到27.2/限32.0✓) → 车#1(到54.0/限96.0✓) → 车#28(到77.8/限84.0✓) → 站
[charge_scheduler-1] [INFO] [1786179024.732474402] [charge_scheduler]:   [充电车3] 趟4: 站 → 车#5(到128.3/限128.0✗超时) → 车#20(到174.3/限179.2✓) → 站
[charge_scheduler-1] [INFO] [1786179024.732481100] [charge_scheduler]:   [充电车1] 趟5: 站 → 车#18(到119.7/限102.4✗超时) → 车#0(到146.9/限168.0✓) → 车#6(到181.4/限176.0✗超时) → 站
[charge_scheduler-1] [INFO] [1786179024.732486135] [charge_scheduler]:   [充电车2] 趟6: 站 → 车#24(到119.4/限112.0✗超时) → 车#26(到148.5/限160.0✓) → 车#16(到194.9/限184.8✗超时) → 站
[charge_scheduler-1] [INFO] [1786179024.732490516] [charge_scheduler]:   [充电车3] 趟7: 站 → 车#10(到232.8/限224.0✗超时) → 车#23(到271.9/限236.8✗超时) → 站
[charge_scheduler-1] [INFO] [1786179024.732495083] [charge_scheduler]:   [充电车1] 趟8: 站 → 车#29(到240.9/限198.4✗超时) → 车#19(到289.0/限240.8✗超时) → 站
[charge_scheduler-1] [INFO] [1786179024.732499103] [charge_scheduler]:   [充电车1] 趟9: 站 → 车#17(到339.2/限339.2✗超时) → 站
[charge_scheduler-1] [INFO] [1786179024.732504607] [charge_scheduler]:   [充电车2] 趟10: 站 → 车#12(到244.7/限230.4✗超时) → 车#25(到271.4/限280.0✓) → 车#14(到306.7/限300.8✗超时) → 站
[charge_scheduler-1] [INFO] [1786179024.732509029] [charge_scheduler]:   [充电车3] 趟11: 站 → 车#2(到333.8/限288.0✗超时) → 站
[charge_scheduler-1] [INFO] [1786179024.732512243] [charge_scheduler]: ════════════════════════
[charge_scheduler-1] [WARN] [1786179024.732542264] [charge_scheduler]: ════ 耦合消融重放：DSP有向路网定序 → 同K ECD执行口径 ════
[charge_scheduler-1] [WARN] [1786179024.732546630] [charge_scheduler]:   【DSP有向路网仅生成顺序；K=3、能量、换电、分趟和并行时间线均按ECD执行一致机动距离重新解码】
[charge_scheduler-1] [WARN] [1786179024.732550570] [charge_scheduler]:   N_late=14 (按时率 16/30 = 53.3%)   T_overtime=246.6min   C_total=7029.2m   makespan=384.9min   能量违规=0   objective_order=Tover,Nlate,Ctotal
[charge_scheduler-1] [WARN] [1786179024.732556610] [charge_scheduler]:   逐辆到达时刻（ECD执行口径、同K解码）：
[charge_scheduler-1] [WARN] [1786179024.732560195] [charge_scheduler]:      车#0 到达 146.9 / 限 168.0 ✓
[charge_scheduler-1] [WARN] [1786179024.732564711] [charge_scheduler]:      车#1 到达 54.0 / 限 96.0 ✓
[charge_scheduler-1] [WARN] [1786179024.732568935] [charge_scheduler]:      车#2 到达 333.8 / 限 288.0 ✗超时
[charge_scheduler-1] [WARN] [1786179024.732573298] [charge_scheduler]:      车#3 到达 27.2 / 限 32.0 ✓
[charge_scheduler-1] [WARN] [1786179024.732578252] [charge_scheduler]:      车#4 到达 2.1 / 限 212.0 ✓
[charge_scheduler-1] [WARN] [1786179024.732582267] [charge_scheduler]:      车#5 到达 128.3 / 限 128.0 ✗超时
[charge_scheduler-1] [WARN] [1786179024.732586427] [charge_scheduler]:      车#6 到达 181.4 / 限 176.0 ✗超时
[charge_scheduler-1] [WARN] [1786179024.732590433] [charge_scheduler]:      车#7 到达 42.3 / 限 64.0 ✓
[charge_scheduler-1] [WARN] [1786179024.732594335] [charge_scheduler]:      车#8 到达 5.0 / 限 196.0 ✓
[charge_scheduler-1] [WARN] [1786179024.732598250] [charge_scheduler]:      车#9 到达 1.2 / 限 116.0 ✓
[charge_scheduler-1] [WARN] [1786179024.732602119] [charge_scheduler]:      车#10 到达 232.8 / 限 224.0 ✗超时
[charge_scheduler-1] [WARN] [1786179024.732606234] [charge_scheduler]:      车#11 到达 63.7 / 限 83.2 ✓
[charge_scheduler-1] [WARN] [1786179024.732614676] [charge_scheduler]:      车#12 到达 244.7 / 限 230.4 ✗超时
[charge_scheduler-1] [WARN] [1786179024.732618925] [charge_scheduler]:      车#13 到达 14.5 / 限 128.8 ✓
[charge_scheduler-1] [WARN] [1786179024.732623022] [charge_scheduler]:      车#14 到达 306.7 / 限 300.8 ✗超时
[charge_scheduler-1] [WARN] [1786179024.732627153] [charge_scheduler]:      车#15 到达 37.0 / 限 44.8 ✓
[charge_scheduler-1] [WARN] [1786179024.732631144] [charge_scheduler]:      车#16 到达 194.9 / 限 184.8 ✗超时
[charge_scheduler-1] [WARN] [1786179024.732635291] [charge_scheduler]:      车#17 到达 339.2 / 限 339.2 ✗超时
[charge_scheduler-1] [WARN] [1786179024.732639279] [charge_scheduler]:      车#18 到达 119.7 / 限 102.4 ✗超时
[charge_scheduler-1] [WARN] [1786179024.732643325] [charge_scheduler]:      车#19 到达 289.0 / 限 240.8 ✗超时
[charge_scheduler-1] [WARN] [1786179024.732647476] [charge_scheduler]:      车#20 到达 174.3 / 限 179.2 ✓
[charge_scheduler-1] [WARN] [1786179024.732651691] [charge_scheduler]:      车#21 到达 28.0 / 限 240.0 ✓
[charge_scheduler-1] [WARN] [1786179024.732655711] [charge_scheduler]:      车#22 到达 67.0 / 限 61.6 ✗超时
[charge_scheduler-1] [WARN] [1786179024.732659703] [charge_scheduler]:      车#23 到达 271.9 / 限 236.8 ✗超时
[charge_scheduler-1] [WARN] [1786179024.732663751] [charge_scheduler]:      车#24 到达 119.4 / 限 112.0 ✗超时
[charge_scheduler-1] [WARN] [1786179024.732667831] [charge_scheduler]:      车#25 到达 271.4 / 限 280.0 ✓
[charge_scheduler-1] [WARN] [1786179024.732671878] [charge_scheduler]:      车#26 到达 148.5 / 限 160.0 ✓
[charge_scheduler-1] [WARN] [1786179024.732675939] [charge_scheduler]:      车#27 到达 19.4 / 限 249.6 ✓
[charge_scheduler-1] [WARN] [1786179024.732680146] [charge_scheduler]:      车#28 到达 77.8 / 限 84.0 ✓
[charge_scheduler-1] [WARN] [1786179024.732684270] [charge_scheduler]:      车#29 到达 240.9 / 限 198.4 ✗超时
[charge_scheduler-1] [WARN] [1786179024.732691231] [charge_scheduler]:   DSP有向路网生成的固定访问顺序 = #9 #4 #8 #13 #27 #3 #21 #15 #7 #1 #11 #22 #28 #24 #18 #5 #0 #26 #20 #6 #16 #10 #29 #12 #23 #25 #19 #14 #2 #17 
[charge_scheduler-1] [WARN] [1786179024.732694850] [charge_scheduler]: ════════════════════════════════════════
[charge_scheduler-1] [INFO] [1786179024.732703163] [charge_scheduler]:   ⏱ 任务计时开始 (t=0)
[charge_scheduler-1] [INFO] [1786179024.733107086] [charge_scheduler]: [多车派发] 充电车1分配4趟、10辆目标车，开始独立逐任务派发
[charge_scheduler-1] [INFO] [1786179024.733184804] [charge_scheduler]:   → [充电车1] 第1/4趟 第1/4辆: 车#9 (3748.40,73767.21) | topic后缀=_1 | 承诺完成=24.86min
[charge_scheduler-1] [INFO] [1786179024.733666802] [charge_scheduler]: [多车派发] 充电车2分配3趟、10辆目标车，开始独立逐任务派发
[charge_scheduler-1] [INFO] [1786179024.733705005] [charge_scheduler]:   → [充电车2] 第1/3趟 第1/4辆: 车#4 (3705.05,73758.23) | topic后缀=_2 | 承诺完成=11.77min
[charge_scheduler-1] [INFO] [1786179024.734003118] [charge_scheduler]: [多车派发] 充电车3分配4趟、10辆目标车，开始独立逐任务派发
[charge_scheduler-1] [INFO] [1786179024.734018700] [charge_scheduler]:   → [充电车3] 第1/4趟 第1/5辆: 车#8 (3689.66,73663.13) | topic后缀=_3 | 承诺完成=17.45min
