[INFO] [launch]: All log files can be found below /root/.ros/log/2026-08-08-08-40-02-713321-YYYY-6396
[INFO] [launch]: Default logging verbosity is set to INFO
[INFO] [charge_scheduler-1]: process started with pid [6397]
[charge_scheduler-1] [INFO] [1786178402.846367978] [charge_scheduler]: [目标顺序] objective_order=Tover,Nlate,Ctotal
[charge_scheduler-1] [INFO] [1786178402.846944890] [charge_scheduler]: [Scheduler] 10辆车 | 电池800.0kWh(20%=160.0 80%=640.0) | 充电360kW效率97% | 行驶0.6kWh/km | 桩350kW
[charge_scheduler-1] [INFO] [1786178402.846976459] [charge_scheduler]: [Scheduler] 站端周转: 换电 10 min(换后满电) | 单趟可用 640 kWh
[charge_scheduler-1] [INFO] [1786178402.846989636] [charge_scheduler]:   车#0 [电动装载机282|light] 位置(3889.6,73764.7) 容量282kWh 剩余35% | α=6→6min/% τ=168min → 需130.8kWh(充21.2min)
[charge_scheduler-1] [INFO] [1786178402.847008274] [charge_scheduler]:   车#1 [重型叉车|light] 位置(3778.9,73807.0) 容量200kWh 剩余20% | α=6→6min/% τ=96min → 需123.7kWh(充20.0min)
[charge_scheduler-1] [INFO] [1786178402.847025062] [charge_scheduler]:   车#2 [电动装载机350|light] 位置(3794.9,73804.6) 容量350kWh 剩余50% | α=6→6min/% τ=288min → 需108.2kWh(充17.5min)
[charge_scheduler-1] [INFO] [1786178402.847039828] [charge_scheduler]:   车#3 [重型叉车|light] 位置(3806.9,73760.3) 容量200kWh 剩余10% | α=6→6min/% τ=32min → 需144.3kWh(充23.3min)
[charge_scheduler-1] [INFO] [1786178402.847054650] [charge_scheduler]:   车#4 [电动装载机282|heavy→降级] 位置(3705.1,73758.2) 容量282kWh 剩余60% | α=3→6min/% τ=212min → 需58.1kWh(充9.4min)
[charge_scheduler-1] [INFO] [1786178402.847069316] [charge_scheduler]:   车#5 [电动装载机350|light] 位置(3756.5,73770.2) 容量350kWh 剩余25% | α=6→6min/% τ=128min → 需198.5kWh(充32.1min)
[charge_scheduler-1] [INFO] [1786178402.847088081] [charge_scheduler]:   车#6 [电动装载机350|heavy→降级] 位置(3887.4,73809.4) 容量350kWh 剩余40% | α=4→6min/% τ=176min → 需144.3kWh(充23.3min)
[charge_scheduler-1] [INFO] [1786178402.847102440] [charge_scheduler]:   车#7 [重型叉车|light] 位置(3899.0,73786.6) 容量200kWh 剩余15% | α=6→6min/% τ=64min → 需134.0kWh(充21.7min)
[charge_scheduler-1] [INFO] [1786178402.847116434] [charge_scheduler]:   车#8 [电动装载机282|heavy→降级] 位置(3689.7,73663.1) 容量282kWh 剩余55% | α=3→6min/% τ=196min → 需72.7kWh(充11.8min)
[charge_scheduler-1] [INFO] [1786178402.847131475] [charge_scheduler]:   车#9 [电动装载机282|heavy→降级] 位置(3748.4,73767.2) 容量282kWh 剩余30% | α=3→6min/% τ=116min → 需145.4kWh(充23.5min)
[charge_scheduler-1] [INFO] [1786178402.855474738] [charge_scheduler]: [Scheduler] 闭环接口: threshold=10.0min | event_sim=off | policy=all | structured_feedback=optional (/task_planner/execution_event)
[charge_scheduler-1] [INFO] [1786178402.855527784] [charge_scheduler]: [Scheduler] 已启动, 等待地图...
[charge_scheduler-1] [INFO] [1786178402.855539378] [charge_scheduler]: [Scheduler] 充电车1接口: sequence/served/arrived_target/arrived_station/return_goal/task_complete 后缀=_1
[charge_scheduler-1] [INFO] [1786178402.948559357] [charge_scheduler]: [Scheduler] RoutingGraph 就绪
[charge_scheduler-1] [INFO] [1786178402.949020809] [charge_scheduler]: [Scheduler] 提取到 0 条虚线捷径
[charge_scheduler-1] [INFO] [1786178402.981001573] [charge_scheduler]: [Scheduler] 下层兼容增强图: 190 节点, 0 条虚线掉头边
[charge_scheduler-1] [INFO] [1786178407.898963118] [charge_scheduler]: [Scheduler] 距离矩阵完成 11x11, 4917.9 ms | 模式=dsp | ECD不可达=0 DSP不可达=0 抽象不可达=0 | 缺少对向投影节点=0 | 对向识别(ID/几何/法向)=0/0/0 | 单向驿站投影=0
[charge_scheduler-1] [INFO] [1786178407.899014796] [charge_scheduler]:   ✓ 比值自检：110 个 OD 满足 机动/直线≥1 | 均值=3.53 最大=42.54 (车#9→车#5)
[charge_scheduler-1] [INFO] [1786178407.899027223] [charge_scheduler]:   [DSP诊断] 有限OD=110 | DSP<ECD=0 | DSP/ECD均值=1.082 最大=9.984 | 最大非对称差=364.716m
[charge_scheduler-1] [INFO] [1786178407.899038015] [charge_scheduler]: [Scheduler] 地图就绪, 190 条 lanelet（与下层一致）
[charge_scheduler-1] [INFO] [1786178407.899074389] [charge_scheduler]: ======== 开始VRPTW调度 10 辆车 ========
[charge_scheduler-1] [INFO] [1786178407.899079619] [charge_scheduler]:   规模10>8 → 启发式(alns)
[charge_scheduler-1] [INFO] [1786178409.305662572] [charge_scheduler]: [ALNS] objective_order=Tover,Nlate,Ctotal seed=6 iters=8000 | N_late=6(成功率40.0%) T_overtime=253.2min C_total=3254.8m | 趟数=4 makespan=378.9min
[charge_scheduler-1] [INFO] [1786178409.305714877] [charge_scheduler]:   求解耗时 1406.6 ms
[charge_scheduler-1] [INFO] [1786178409.305754521] [charge_scheduler]: ════════ 调度结果 ════════
[charge_scheduler-1] [INFO] [1786178409.305760035] [charge_scheduler]:   ★目标(字典序): objective_order=Tover,Nlate,Ctotal | N_late=6 辆 (按时成功率 4/10 = 40.0%)  T_overtime=253.2min  C_total=3254.8m
[charge_scheduler-1] [INFO] [1786178409.305766638] [charge_scheduler]:   附: 趟数=4 | makespan=378.9min | 能量可行=是
[charge_scheduler-1] [INFO] [1786178409.305777504] [charge_scheduler]:   趟1: 站 → 车#4(到2.1/限212.0✓) → 车#8(到15.3/限196.0✓) → 车#3(到33.0/限32.0✗超时) → 车#7(到61.6/限64.0✓) → 车#1(到91.5/限96.0✓) → 站
[charge_scheduler-1] [INFO] [1786178409.305783265] [charge_scheduler]:   趟2: 站 → 车#9(到130.8/限116.0✗超时) → 车#0(到169.5/限168.0✗超时) → 站
[charge_scheduler-1] [INFO] [1786178409.305788308] [charge_scheduler]:   趟3: 站 → 车#6(到224.3/限176.0✗超时) → 车#5(到271.1/限128.0✗超时) → 站
[charge_scheduler-1] [INFO] [1786178409.305795020] [charge_scheduler]:   趟4: 站 → 车#2(到332.5/限288.0✗超时) → 站
[charge_scheduler-1] [INFO] [1786178409.305798511] [charge_scheduler]: ════════════════════════
[charge_scheduler-1] [WARN] [1786178409.305819470] [charge_scheduler]: ════ 耦合消融重放：DSP有向路网定序 → 同K ECD执行口径 ════
[charge_scheduler-1] [WARN] [1786178409.305824115] [charge_scheduler]:   【DSP有向路网仅生成顺序；K=1、能量、换电、分趟和并行时间线均按ECD执行一致机动距离重新解码】
[charge_scheduler-1] [WARN] [1786178409.305828356] [charge_scheduler]:   N_late=6 (按时率 4/10 = 40.0%)   T_overtime=253.2min   C_total=3254.8m   makespan=378.9min   能量违规=0   objective_order=Tover,Nlate,Ctotal
[charge_scheduler-1] [WARN] [1786178409.305834564] [charge_scheduler]:   逐辆到达时刻（ECD执行口径、同K解码）：
[charge_scheduler-1] [WARN] [1786178409.305838284] [charge_scheduler]:      车#0 到达 169.5 / 限 168.0 ✗超时
[charge_scheduler-1] [WARN] [1786178409.305842959] [charge_scheduler]:      车#1 到达 91.5 / 限 96.0 ✓
[charge_scheduler-1] [WARN] [1786178409.305847224] [charge_scheduler]:      车#2 到达 332.5 / 限 288.0 ✗超时
[charge_scheduler-1] [WARN] [1786178409.305851408] [charge_scheduler]:      车#3 到达 33.0 / 限 32.0 ✗超时
[charge_scheduler-1] [WARN] [1786178409.305855562] [charge_scheduler]:      车#4 到达 2.1 / 限 212.0 ✓
[charge_scheduler-1] [WARN] [1786178409.305859638] [charge_scheduler]:      车#5 到达 271.1 / 限 128.0 ✗超时
[charge_scheduler-1] [WARN] [1786178409.305863787] [charge_scheduler]:      车#6 到达 224.3 / 限 176.0 ✗超时
[charge_scheduler-1] [WARN] [1786178409.305867862] [charge_scheduler]:      车#7 到达 61.6 / 限 64.0 ✓
[charge_scheduler-1] [WARN] [1786178409.305871920] [charge_scheduler]:      车#8 到达 15.3 / 限 196.0 ✓
[charge_scheduler-1] [WARN] [1786178409.305876023] [charge_scheduler]:      车#9 到达 130.8 / 限 116.0 ✗超时
[charge_scheduler-1] [WARN] [1786178409.305881682] [charge_scheduler]:   DSP有向路网生成的固定访问顺序 = #4 #8 #3 #7 #1 #9 #0 #6 #5 #2 
[charge_scheduler-1] [WARN] [1786178409.305885141] [charge_scheduler]: ════════════════════════════════════════
[charge_scheduler-1] [INFO] [1786178409.305891710] [charge_scheduler]:   ⏱ 任务计时开始 (t=0)
[charge_scheduler-1] [INFO] [1786178409.306380364] [charge_scheduler]:   → 趟1 第1辆: 车#4 [电动装载机282] (3705.05,73758.23) 容量282.00kWh 剩余60% | 承诺完成=11.77min plan_v=0
