[INFO] [launch]: All log files can be found below /root/.ros/log/2026-08-08-08-58-03-592845-YYYY-10250
[INFO] [launch]: Default logging verbosity is set to INFO
[INFO] [charge_scheduler-1]: process started with pid [10251]
[charge_scheduler-1] [INFO] [1786179483.722346404] [charge_scheduler]: [目标顺序] objective_order=Tover,Nlate,Ctotal
[charge_scheduler-1] [INFO] [1786179483.722905282] [charge_scheduler]: [Scheduler] 30辆车 | 电池800.0kWh(20%=160.0 80%=640.0) | 充电360kW效率97% | 行驶0.6kWh/km | 桩350kW
[charge_scheduler-1] [INFO] [1786179483.722936090] [charge_scheduler]: [Scheduler] 站端周转: 换电 10 min(换后满电) | 单趟可用 640 kWh
[charge_scheduler-1] [INFO] [1786179483.722944829] [charge_scheduler]:   车#0 [电动装载机282|light] 位置(3889.6,73764.7) 容量282kWh 剩余35% | α=6→6min/% τ=168min → 需130.8kWh(充21.2min)
[charge_scheduler-1] [INFO] [1786179483.722955572] [charge_scheduler]:   车#1 [重型叉车|light] 位置(3778.9,73807.0) 容量200kWh 剩余20% | α=6→6min/% τ=96min → 需123.7kWh(充20.0min)
[charge_scheduler-1] [INFO] [1786179483.722966888] [charge_scheduler]:   车#2 [电动装载机350|light] 位置(3794.9,73804.6) 容量350kWh 剩余50% | α=6→6min/% τ=288min → 需108.2kWh(充17.5min)
[charge_scheduler-1] [INFO] [1786179483.722978075] [charge_scheduler]:   车#3 [重型叉车|light] 位置(3806.9,73760.3) 容量200kWh 剩余10% | α=6→6min/% τ=32min → 需144.3kWh(充23.3min)
[charge_scheduler-1] [INFO] [1786179483.722989046] [charge_scheduler]:   车#4 [电动装载机282|heavy→降级] 位置(3705.1,73758.2) 容量282kWh 剩余60% | α=3→6min/% τ=212min → 需58.1kWh(充9.4min)
[charge_scheduler-1] [INFO] [1786179483.723000865] [charge_scheduler]:   车#5 [电动装载机350|light] 位置(3756.5,73770.2) 容量350kWh 剩余25% | α=6→6min/% τ=128min → 需198.5kWh(充32.1min)
[charge_scheduler-1] [INFO] [1786179483.723012122] [charge_scheduler]:   车#6 [电动装载机350|heavy→降级] 位置(3887.4,73809.4) 容量350kWh 剩余40% | α=4→6min/% τ=176min → 需144.3kWh(充23.3min)
[charge_scheduler-1] [INFO] [1786179483.723023033] [charge_scheduler]:   车#7 [重型叉车|light] 位置(3899.0,73786.6) 容量200kWh 剩余15% | α=6→6min/% τ=64min → 需134.0kWh(充21.7min)
[charge_scheduler-1] [INFO] [1786179483.723034574] [charge_scheduler]:   车#8 [电动装载机282|heavy→降级] 位置(3689.7,73663.1) 容量282kWh 剩余55% | α=3→6min/% τ=196min → 需72.7kWh(充11.8min)
[charge_scheduler-1] [INFO] [1786179483.723044564] [charge_scheduler]:   车#9 [电动装载机282|heavy→降级] 位置(3748.4,73767.2) 容量282kWh 剩余30% | α=3→6min/% τ=116min → 需145.4kWh(充23.5min)
[charge_scheduler-1] [INFO] [1786179483.723058369] [charge_scheduler]:   车#10 [电动装载机282|light] 位置(3865.2,73751.0) 容量282kWh 剩余45% | α=6→6min/% τ=224min → 需101.8kWh(充16.4min)
[charge_scheduler-1] [INFO] [1786179483.723068749] [charge_scheduler]:   车#11 [电动装载机350|light] 位置(3785.0,73749.2) 容量350kWh 剩余18% | α=6→6min/% τ=83min → 需223.7kWh(充36.2min)
[charge_scheduler-1] [INFO] [1786179483.723079516] [charge_scheduler]:   车#12 [重型叉车|heavy→降级] 位置(3811.5,73799.9) 容量200kWh 剩余62% | α=3→6min/% τ=230min → 需37.1kWh(充6.0min)
[charge_scheduler-1] [INFO] [1786179483.723090099] [charge_scheduler]:   车#13 [电动装载机282|light] 位置(3810.8,73773.1) 容量282kWh 剩余28% | α=6→6min/% τ=129min → 需151.2kWh(充24.4min)
[charge_scheduler-1] [INFO] [1786179483.723100445] [charge_scheduler]:   车#14 [电动装载机350|light] 位置(3905.0,73793.5) 容量350kWh 剩余52% | α=6→6min/% τ=301min → 需101.0kWh(充16.3min)
[charge_scheduler-1] [INFO] [1786179483.723111339] [charge_scheduler]:   车#15 [重型叉车|light] 位置(3894.3,73756.9) 容量200kWh 剩余12% | α=6→6min/% τ=45min → 需140.2kWh(充22.7min)
[charge_scheduler-1] [INFO] [1786179483.723122006] [charge_scheduler]:   车#16 [电动装载机282|light] 位置(3818.5,73716.2) 容量282kWh 剩余38% | α=6→6min/% τ=185min → 需122.1kWh(充19.7min)
[charge_scheduler-1] [INFO] [1786179483.723134697] [charge_scheduler]:   车#17 [电动装载机350|light] 位置(3733.2,73772.4) 容量350kWh 剩余58% | α=6→6min/% τ=339min → 需79.4kWh(充12.8min)
[charge_scheduler-1] [INFO] [1786179483.723146082] [charge_scheduler]:   车#18 [重型叉车|heavy→降级] 位置(3764.7,73699.0) 容量200kWh 剩余22% | α=3→6min/% τ=102min → 需119.6kWh(充19.3min)
[charge_scheduler-1] [INFO] [1786179483.723157209] [charge_scheduler]:   车#19 [电动装载机282|light] 位置(3878.4,73747.9) 容量282kWh 剩余48% | α=6→6min/% τ=241min → 需93.0kWh(充15.0min)
[charge_scheduler-1] [INFO] [1786179483.723209009] [charge_scheduler]:   车#20 [电动装载机350|light] 位置(3740.3,73686.9) 容量350kWh 剩余33% | α=6→6min/% τ=179min → 需169.6kWh(充27.4min)
[charge_scheduler-1] [INFO] [1786179483.723220890] [charge_scheduler]:   车#21 [重型叉车|heavy→降级] 位置(3895.4,73811.9) 容量200kWh 剩余65% | α=3→6min/% τ=240min → 需30.9kWh(充5.0min)
[charge_scheduler-1] [INFO] [1786179483.723237282] [charge_scheduler]:   车#22 [电动装载机282|light] 位置(3876.0,73830.2) 容量282kWh 剩余16% | α=6→6min/% τ=62min → 需186.1kWh(充30.1min)
[charge_scheduler-1] [INFO] [1786179483.723247947] [charge_scheduler]:   车#23 [电动装载机350|light] 位置(3765.9,73790.3) 容量350kWh 剩余42% | α=6→6min/% τ=237min → 需137.1kWh(充22.2min)
[charge_scheduler-1] [INFO] [1786179483.723260642] [charge_scheduler]:   车#24 [重型叉车|heavy→降级] 位置(3637.1,73698.1) 容量200kWh 剩余25% | α=3→6min/% τ=112min → 需113.4kWh(充18.3min)
[charge_scheduler-1] [INFO] [1786179483.723272146] [charge_scheduler]:   车#25 [电动装载机282|light] 位置(3884.5,73833.1) 容量282kWh 剩余55% | α=6→6min/% τ=280min → 需72.7kWh(充11.8min)
[charge_scheduler-1] [INFO] [1786179483.723283040] [charge_scheduler]:   车#26 [电动装载机350|light] 位置(3699.3,73765.4) 容量350kWh 剩余30% | α=6→6min/% τ=160min → 需180.4kWh(充29.2min)
[charge_scheduler-1] [INFO] [1786179483.723294805] [charge_scheduler]:   车#27 [重型叉车|heavy→降级] 位置(3800.8,73717.7) 容量200kWh 剩余68% | α=3→6min/% τ=250min → 需24.7kWh(充4.0min)
[charge_scheduler-1] [INFO] [1786179483.723305545] [charge_scheduler]:   车#28 [电动装载机282|light] 位置(3825.0,73792.7) 容量282kWh 剩余20% | α=6→6min/% τ=84min → 需174.4kWh(充28.2min)
[charge_scheduler-1] [INFO] [1786179483.723316012] [charge_scheduler]:   车#29 [电动装载机350|light] 位置(3784.3,73759.0) 容量350kWh 剩余36% | α=6→6min/% τ=198min → 需158.8kWh(充25.7min)
[charge_scheduler-1] [INFO] [1786179483.737581434] [charge_scheduler]: [Scheduler] 闭环接口: threshold=10.0min | event_sim=off | policy=all | structured_feedback=optional (/task_planner/execution_event)
[charge_scheduler-1] [INFO] [1786179483.737613843] [charge_scheduler]: [Scheduler] 已启动, 等待地图...
[charge_scheduler-1] [INFO] [1786179483.737619212] [charge_scheduler]: [Scheduler] 充电车1接口: sequence/served/arrived_target/arrived_station/return_goal/task_complete 后缀=_1
[charge_scheduler-1] [INFO] [1786179483.737623392] [charge_scheduler]: [Scheduler] 充电车2接口: sequence/served/arrived_target/arrived_station/return_goal/task_complete 后缀=_2
[charge_scheduler-1] [INFO] [1786179483.737626650] [charge_scheduler]: [Scheduler] 充电车3接口: sequence/served/arrived_target/arrived_station/return_goal/task_complete 后缀=_3
[charge_scheduler-1] [INFO] [1786179483.833835146] [charge_scheduler]: [Scheduler] RoutingGraph 就绪
[charge_scheduler-1] [INFO] [1786179483.834285678] [charge_scheduler]: [Scheduler] 提取到 0 条虚线捷径
[charge_scheduler-1] [INFO] [1786179483.864846791] [charge_scheduler]: [Scheduler] 下层兼容增强图: 190 节点, 0 条虚线掉头边
[charge_scheduler-1] [INFO] [1786179524.723960305] [charge_scheduler]: [Scheduler] 距离矩阵完成 31x31, 40859.1 ms | 模式=dsp | ECD不可达=0 DSP不可达=0 抽象不可达=0 | 缺少对向投影节点=0 | 对向识别(ID/几何/法向)=0/0/0 | 单向驿站投影=0
[charge_scheduler-1] [INFO] [1786179524.724064515] [charge_scheduler]:   ✓ 比值自检：930 个 OD 满足 机动/直线≥1 | 均值=4.11 最大=62.63 (车#0→车#15)
[charge_scheduler-1] [INFO] [1786179524.724118214] [charge_scheduler]:   [DSP诊断] 有限OD=930 | DSP<ECD=0 | DSP/ECD均值=1.103 最大=13.873 | 最大非对称差=579.540m
[charge_scheduler-1] [INFO] [1786179524.724135202] [charge_scheduler]: [Scheduler] 地图就绪, 190 条 lanelet（与下层一致）
[charge_scheduler-1] [INFO] [1786179524.724190368] [charge_scheduler]: ======== 开始VRPTW调度 30 辆车 ========
[charge_scheduler-1] [INFO] [1786179524.724197629] [charge_scheduler]:   规模30>8 → 启发式(alns)
[charge_scheduler-1] [INFO] [1786179570.712501009] [charge_scheduler]: [ALNS] objective_order=Tover,Nlate,Ctotal seed=8 iters=15000 | N_late=11(成功率63.3%) T_overtime=211.3min C_total=6865.3m | 趟数=12 makespan=380.7min
[charge_scheduler-1] [INFO] [1786179570.712549164] [charge_scheduler]:   求解耗时 45988.4 ms
[charge_scheduler-1] [INFO] [1786179570.712557324] [charge_scheduler]: ════════ 调度结果 ════════
[charge_scheduler-1] [INFO] [1786179570.712589429] [charge_scheduler]:   ★目标(字典序): objective_order=Tover,Nlate,Ctotal | N_late=11 辆 (按时成功率 19/30 = 63.3%)  T_overtime=211.3min  C_total=6865.3m
[charge_scheduler-1] [INFO] [1786179570.712595873] [charge_scheduler]:   附: 趟数=12 | makespan=380.7min | 能量可行=是
[charge_scheduler-1] [INFO] [1786179570.712605746] [charge_scheduler]:   [充电车2] 趟1: 站 → 车#27(到1.7/限249.6✓) → 车#7(到8.0/限64.0✓) → 车#22(到30.9/限61.6✓) → 车#28(到65.4/限84.0✓) → 站
[charge_scheduler-1] [INFO] [1786179570.712613000] [charge_scheduler]:   [充电车3] 趟2: 站 → 车#4(到2.1/限212.0✓) → 车#24(到13.3/限112.0✓) → 车#8(到35.1/限196.0✓) → 车#18(到53.4/限102.4✓) → 车#9(到77.2/限116.0✓) → 站
[charge_scheduler-1] [INFO] [1786179570.712618945] [charge_scheduler]:   [充电车1] 趟3: 站 → 车#12(到2.3/限230.4✓) → 车#21(到10.6/限240.0✓) → 车#15(到17.7/限44.8✓) → 车#3(到43.1/限32.0✗超时) → 车#11(到68.6/限83.2✓) → 站
[charge_scheduler-1] [INFO] [1786179570.712623502] [charge_scheduler]:   [充电车1] 趟4: 站 → 车#13(到124.2/限128.8✓) → 车#16(到160.6/限184.8✓) → 站
[charge_scheduler-1] [INFO] [1786179570.712628932] [charge_scheduler]:   [充电车3] 趟5: 站 → 车#5(到124.7/限128.0✓) → 车#26(到170.6/限160.0✗超时) → 站
[charge_scheduler-1] [INFO] [1786179570.712634333] [charge_scheduler]:   [充电车2] 趟6: 站 → 车#1(到113.6/限96.0✗超时) → 车#0(到141.2/限168.0✓) → 车#6(到175.2/限176.0✓) → 站
[charge_scheduler-1] [INFO] [1786179570.712639059] [charge_scheduler]:   [充电车1] 趟7: 站 → 车#29(到207.4/限198.4✗超时) → 车#19(到255.5/限240.8✗超时) → 站
[charge_scheduler-1] [INFO] [1786179570.712643402] [charge_scheduler]:   [充电车3] 趟8: 站 → 车#10(到229.8/限224.0✗超时) → 车#23(到268.8/限236.8✗超时) → 站
[charge_scheduler-1] [INFO] [1786179570.712647746] [charge_scheduler]:   [充电车2] 趟9: 站 → 车#20(到235.4/限179.2✗超时) → 车#25(到283.6/限280.0✗超时) → 站
[charge_scheduler-1] [INFO] [1786179570.712652241] [charge_scheduler]:   [充电车1] 趟10: 站 → 车#14(到308.6/限300.8✗超时) → 站
[charge_scheduler-1] [INFO] [1786179570.712656656] [charge_scheduler]:   [充电车2] 趟11: 站 → 车#17(到335.4/限339.2✓) → 站
[charge_scheduler-1] [INFO] [1786179570.712660435] [charge_scheduler]:   [充电车3] 趟12: 站 → 车#2(到330.8/限288.0✗超时) → 站
[charge_scheduler-1] [INFO] [1786179570.712663608] [charge_scheduler]: ════════════════════════
[charge_scheduler-1] [WARN] [1786179570.712692414] [charge_scheduler]: ════ 耦合消融重放：DSP有向路网定序 → 同K ECD执行口径 ════
[charge_scheduler-1] [WARN] [1786179570.712696358] [charge_scheduler]:   【DSP有向路网仅生成顺序；K=3、能量、换电、分趟和并行时间线均按ECD执行一致机动距离重新解码】
[charge_scheduler-1] [WARN] [1786179570.712700212] [charge_scheduler]:   N_late=11 (按时率 19/30 = 63.3%)   T_overtime=211.3min   C_total=6865.3m   makespan=380.7min   能量违规=0   objective_order=Tover,Nlate,Ctotal
[charge_scheduler-1] [WARN] [1786179570.712706151] [charge_scheduler]:   逐辆到达时刻（ECD执行口径、同K解码）：
[charge_scheduler-1] [WARN] [1786179570.712709833] [charge_scheduler]:      车#0 到达 141.2 / 限 168.0 ✓
[charge_scheduler-1] [WARN] [1786179570.712714202] [charge_scheduler]:      车#1 到达 113.6 / 限 96.0 ✗超时
[charge_scheduler-1] [WARN] [1786179570.712718456] [charge_scheduler]:      车#2 到达 330.8 / 限 288.0 ✗超时
[charge_scheduler-1] [WARN] [1786179570.712722692] [charge_scheduler]:      车#3 到达 43.1 / 限 32.0 ✗超时
[charge_scheduler-1] [WARN] [1786179570.712727272] [charge_scheduler]:      车#4 到达 2.1 / 限 212.0 ✓
[charge_scheduler-1] [WARN] [1786179570.712731242] [charge_scheduler]:      车#5 到达 124.7 / 限 128.0 ✓
[charge_scheduler-1] [WARN] [1786179570.712735290] [charge_scheduler]:      车#6 到达 175.2 / 限 176.0 ✓
[charge_scheduler-1] [WARN] [1786179570.712739276] [charge_scheduler]:      车#7 到达 8.0 / 限 64.0 ✓
[charge_scheduler-1] [WARN] [1786179570.712743098] [charge_scheduler]:      车#8 到达 35.1 / 限 196.0 ✓
[charge_scheduler-1] [WARN] [1786179570.712747087] [charge_scheduler]:      车#9 到达 77.2 / 限 116.0 ✓
[charge_scheduler-1] [WARN] [1786179570.712751035] [charge_scheduler]:      车#10 到达 229.8 / 限 224.0 ✗超时
[charge_scheduler-1] [WARN] [1786179570.712757396] [charge_scheduler]:      车#11 到达 68.6 / 限 83.2 ✓
[charge_scheduler-1] [WARN] [1786179570.712762230] [charge_scheduler]:      车#12 到达 2.3 / 限 230.4 ✓
[charge_scheduler-1] [WARN] [1786179570.712766077] [charge_scheduler]:      车#13 到达 124.2 / 限 128.8 ✓
[charge_scheduler-1] [WARN] [1786179570.712770231] [charge_scheduler]:      车#14 到达 308.6 / 限 300.8 ✗超时
[charge_scheduler-1] [WARN] [1786179570.712774220] [charge_scheduler]:      车#15 到达 17.7 / 限 44.8 ✓
[charge_scheduler-1] [WARN] [1786179570.712778081] [charge_scheduler]:      车#16 到达 160.6 / 限 184.8 ✓
[charge_scheduler-1] [WARN] [1786179570.712782092] [charge_scheduler]:      车#17 到达 335.4 / 限 339.2 ✓
[charge_scheduler-1] [WARN] [1786179570.712786060] [charge_scheduler]:      车#18 到达 53.4 / 限 102.4 ✓
[charge_scheduler-1] [WARN] [1786179570.712790089] [charge_scheduler]:      车#19 到达 255.5 / 限 240.8 ✗超时
[charge_scheduler-1] [WARN] [1786179570.712794452] [charge_scheduler]:      车#20 到达 235.4 / 限 179.2 ✗超时
[charge_scheduler-1] [WARN] [1786179570.712798353] [charge_scheduler]:      车#21 到达 10.6 / 限 240.0 ✓
[charge_scheduler-1] [WARN] [1786179570.712802434] [charge_scheduler]:      车#22 到达 30.9 / 限 61.6 ✓
[charge_scheduler-1] [WARN] [1786179570.712806321] [charge_scheduler]:      车#23 到达 268.8 / 限 236.8 ✗超时
[charge_scheduler-1] [WARN] [1786179570.712810242] [charge_scheduler]:      车#24 到达 13.3 / 限 112.0 ✓
[charge_scheduler-1] [WARN] [1786179570.712814181] [charge_scheduler]:      车#25 到达 283.6 / 限 280.0 ✗超时
[charge_scheduler-1] [WARN] [1786179570.712818214] [charge_scheduler]:      车#26 到达 170.6 / 限 160.0 ✗超时
[charge_scheduler-1] [WARN] [1786179570.712822090] [charge_scheduler]:      车#27 到达 1.7 / 限 249.6 ✓
[charge_scheduler-1] [WARN] [1786179570.712825949] [charge_scheduler]:      车#28 到达 65.4 / 限 84.0 ✓
[charge_scheduler-1] [WARN] [1786179570.712830821] [charge_scheduler]:      车#29 到达 207.4 / 限 198.4 ✗超时
[charge_scheduler-1] [WARN] [1786179570.712837516] [charge_scheduler]:   DSP有向路网生成的固定访问顺序 = #12 #27 #4 #7 #21 #15 #24 #22 #8 #3 #18 #28 #11 #9 #1 #5 #13 #0 #16 #26 #6 #29 #10 #20 #19 #23 #25 #14 #2 #17 
[charge_scheduler-1] [WARN] [1786179570.712840996] [charge_scheduler]: ════════════════════════════════════════
[charge_scheduler-1] [INFO] [1786179570.712848420] [charge_scheduler]:   ⏱ 任务计时开始 (t=0)
[charge_scheduler-1] [INFO] [1786179570.713164910] [charge_scheduler]: [多车派发] 充电车1分配4趟、10辆目标车，开始独立逐任务派发
[charge_scheduler-1] [INFO] [1786179570.713216554] [charge_scheduler]:   → [充电车1] 第1/4趟 第1/5辆: 车#12 (3811.54,73799.88) | topic后缀=_1 | 承诺完成=8.50min
[charge_scheduler-1] [INFO] [1786179570.713519122] [charge_scheduler]: [多车派发] 充电车2分配4趟、10辆目标车，开始独立逐任务派发
[charge_scheduler-1] [INFO] [1786179570.713540034] [charge_scheduler]:   → [充电车2] 第1/4趟 第1/4辆: 车#27 (3800.80,73717.69) | topic后缀=_2 | 承诺完成=5.89min
[charge_scheduler-1] [INFO] [1786179570.713847373] [charge_scheduler]: [多车派发] 充电车3分配4趟、10辆目标车，开始独立逐任务派发
[charge_scheduler-1] [INFO] [1786179570.713862391] [charge_scheduler]:   → [充电车3] 第1/4趟 第1/5辆: 车#4 (3705.05,73758.23) | topic后缀=_3 | 承诺完成=11.77min
